----------------------------------------
Start task prologue Wed Feb 25 05:04:39 CET 2026
----------------------------------------
Step ID:         51121077.
Username:        wenlou
Group:           mpla
Asked resources: walltime=1-00:00:00,nodes=1,cpus=8,mem=2G
Queue:           gpu
Compute nodes:   dccn-c047
----------------------------------------
End task prologue Wed Feb 25 05:04:39 CET 2026
----------------------------------------
CUDA version:
nvcc: NVIDIA (R) Cuda compiler driver
Copyright (c) 2005-2024 NVIDIA Corporation
Built on Thu_Mar_28_02:18:24_PDT_2024
Cuda compilation tools, release 12.4, V12.4.131
Build cuda_12.4.r12.4/compiler.34097967_0

[WARNING] Please note the interface change for (de-)activating conda environment:

  - DO NOT use `conda activate` to enter the conda environment as it requires extra step to modify your ~/.bashrc file, which will force you to use this Anaconda version (2024.06).  Therefore keep using `source activate` instead.

  - DO use `conda deactivate` to leave your conda environment as `source deactivate` will be deprecated in future release.

Running model for expriment=percept_only4, m_id=1, method=bads
device is : cuda
['percept_only4', '1', '2', 'bads', '5']

 ------- Start Optimization for Subject 2 ---------- 

 Cross Validation fold 0/1

 -- Start Optimization: method BADS --

 Optimization Run 1/5
Initial params: [1.2349, 2.268, 6.2258, 20.4193, 1.6404, 0.6588, 23.8136, 0.5854, 0.2043, 0.1709]
bads:TooCloseBounds: For each variable, hard and plausible bounds should not be too close. Moving plausible bounds.
Variables (index) internally transformed to log coordinates: [[0 0]
 [0 3]
 [0 4]]
Beginning optimization of a STOCHASTIC objective function

 Iteration    f-count      E[f(x)]        SD[f(x)]           MeshScale          Method              Actions
     0           1         22555.4             nan               1                                  
     0          33         19628.6             nan               1          Initial mesh            Initial points
     0          46         19226.9        0.999872               1        Successful poll           Train
     1          47         19118.1        0.999906               1      Successful search (ES-wcm)        
     1          48         19068.8         0.99988               1      Successful search (ES-wcm)        
     1          54         18976.8        0.999731               1      Successful search (ES-wcm)        
     1          55         18864.2         1.01954               1      Successful search (ES-wcm)        
     1          62         18627.3         1.01884               1      Successful search (ES-wcm)        
     1          73         18607.8        0.996814               1      Successful search (ES-wcm)        
     1          75         18560.2        0.993837               1      Successful search (ES-wcm)        
     1          76           18552        0.988145               1      Successful search (ES-ell)        
     1          79         18550.1        0.988563               1      Successful search (ES-wcm)        
     1          83         18466.8        0.988557               1      Successful search (ES-wcm)        
     1          84         18322.8        0.988497               1      Successful search (ES-wcm)        
     1          86         18308.7        0.988557               1      Successful search (ES-wcm)        
     1          92         18291.1        0.988324               1      Successful search (ES-wcm)        
     1          93         18255.4        0.988072               1      Successful search (ES-wcm)        
     1          97         18150.5        0.997812               1      Successful search (ES-wcm)        
     1         104         18119.2        0.997723               1      Successful search (ES-wcm)        
     1         113           18071        0.997129               1      Successful search (ES-wcm)        
     1         116         18059.4        0.989153               1      Successful search (ES-wcm)        
     1         140         18059.4        0.989153             0.5          Refine grid             Train
     2         141           18095         37.0611             0.5      Successful search (ES-ell)        
     2         151         18057.3          32.786             0.5      Successful search (ES-ell)        
     2         158         18048.9         20.3451             0.5      Successful search (ES-wcm)        
     2         160         17995.9         25.8536             0.5      Successful search (ES-wcm)        
     2         187         17995.9         25.8536            0.25          Refine grid             Train
     3         196         17998.4         8.80107            0.25      Successful search (ES-wcm)        
     3         197           17996          9.5742            0.25      Successful search (ES-wcm)        
     3         199           17996           13.94            0.25      Incremental search (ES-wcm)        
     3         205         17995.8         11.7249            0.25      Successful search (ES-wcm)        
     3         207         17987.9         12.0229            0.25      Successful search (ES-wcm)        
     3         232           17979         8.86621             0.5        Successful poll           Train
     4         256         17972.6         14.5808               1        Successful poll           Train
     5         262         17962.2         20.9893               1      Successful search (ES-wcm)        
     5         283         17948.5         16.0663               1        Successful poll           Train
     6         288         17916.4         20.8959               1      Successful search (ES-ell)        
     6         319         17916.4         20.8959             0.5          Refine grid             
     7         322         17923.7         14.2483             0.5      Successful search (ES-wcm)        
     7         324         17916.4         13.0634             0.5      Successful search (ES-wcm)        
     7         326         17911.9         18.4739             0.5      Successful search (ES-wcm)        
     7         334         17910.1         13.6667             0.5      Successful search (ES-ell)        
     7         338         17907.8         9.68773             0.5      Successful search (ES-ell)        
     7         339         17900.2         12.1045             0.5      Successful search (ES-ell)        
     7         366         17900.2         12.1045            0.25          Refine grid             
     8         374         17895.1         5.90049            0.25      Successful search (ES-ell)        
     8         375         17894.9         6.76998            0.25      Successful search (ES-ell)        
     8         385         17874.4         3.84993            0.25      Successful search (ES-ell)        
     8         389         17874.3         6.42117            0.25      Successful search (ES-ell)        
     8         393         17857.1         6.21582            0.25      Successful search (ES-ell)        
     8         425         17857.1         6.21582           0.125          Refine grid             Train
     9         427         17861.8          6.6378           0.125      Successful search (ES-ell)        
     9         428         17859.8         7.22932           0.125      Successful search (ES-ell)        
     9         439         17856.5         4.51799           0.125      Successful search (ES-ell)        
     9         442         17856.2         4.24771           0.125      Successful search (ES-ell)        
     9         475         17856.2         4.24771          0.0625          Refine grid             
    10         476         17854.8         5.21705          0.0625      Successful search (ES-ell)        
    10         479           17853         4.75946          0.0625      Successful search (ES-ell)        
    10         515           17853         4.75946         0.03125          Refine grid             
    11         545         17856.8         1.92388        0.015625          Refine grid             Train
    12         546         17856.6         2.77359        0.015625      Successful search (ES-wcm)        
    12         547           17856         2.53688        0.015625      Successful search (ES-wcm)        
    12         551         17855.5         2.06358        0.015625      Successful search (ES-wcm)        
    12         552         17855.5         2.28719        0.015625      Successful search (ES-wcm)        
    12         555         17854.8         2.25955        0.015625      Successful search (ES-ell)        
    12         585         17854.8         2.25955       0.0078125          Refine grid             Train
    13         586         17856.3         1.76192       0.0078125      Successful search (ES-ell)        
    13         587         17856.1         1.87724       0.0078125      Successful search (ES-ell)        
    13         588         17855.4         2.56187       0.0078125      Successful search (ES-ell)        
    13         625         17855.4         2.56187      0.00390625          Refine grid             
    14         655         17858.1          1.5374      0.00195312          Refine grid             
    15         656         17858.3         1.48742      0.00195312      Successful search (ES-ell)        
    15         657         17858.1         1.51474      0.00195312      Successful search (ES-ell)        
    15         666           17858          1.3871      0.00195312      Successful search (ES-wcm)        
    15         705           17858          1.3871     0.000976562          Refine grid             
Optimization terminated: change in the function value less than options['tol_mesh']
Estimated function value at minimum: 17859.40890678768 ± 0.7433179744649735 (mean ± SEM from 100 samples)
BADS minimum at: x_min = [ 1.4755  5.9352 10.263   0.9281  0.0324  0.0941 19.7987  0.6476  0.0595
  0.3593], training NLL = 17859.4089
total f-count: 805, time: 39.76 min

 Optimization Run 2/5
Initial params: [0.9249, 5.5268, 5.6184, 5.0156, 1.5195, 0.5538, 17.5581, 0.8279, 0.6672, 0.2555]
bads:TooCloseBounds: For each variable, hard and plausible bounds should not be too close. Moving plausible bounds.
Variables (index) internally transformed to log coordinates: [[0 0]
 [0 3]
 [0 4]]
Beginning optimization of a STOCHASTIC objective function

 Iteration    f-count      E[f(x)]        SD[f(x)]           MeshScale          Method              Actions
     0           1         22526.2             nan               1                                  
     0          33         19616.6             nan               1          Initial mesh            Initial points
     0          46         19232.8        0.999917               1        Successful poll           Train
     1          47         18900.2        0.999949               1      Successful search (ES-wcm)        
     1          50           18844        0.999928               1      Successful search (ES-wcm)        
     1          57         18475.7         1.01622               1      Successful search (ES-wcm)        
     1          62         18449.9         1.01609               1      Successful search (ES-ell)        
     1          69         18353.3         1.01615               1      Successful search (ES-wcm)        
     1          71         18041.6         1.01616               1      Successful search (ES-wcm)        
     1          73         17949.3         1.01619               1      Successful search (ES-wcm)        
     1          76         17745.9         1.10177               1      Successful search (ES-wcm)        
     1          85         17726.2          1.1005               1      Successful search (ES-wcm)        
     1          86         17722.9         1.10142               1      Successful search (ES-ell)        
     1          93         17721.1         1.10084               1      Successful search (ES-wcm)        
----------------------------------------
Start job epilogue Wed Feb 25 10:07:57 CET 2026
----------------------------------------
Job ID:          51121077
Job Exit Code:   0:0
Username:        wenlou
Group:           mpla
Queue:           gpu
Compute nodes:   dccn-c047
Asked resources: walltime=1-00:00:00,nodes=1,cpus=8,mem=2G
Used resources:  cputime=1-16:22:16,walltime=05:02:47,memory=73K
----------------------------------------
End job epilogue Wed Feb 25 10:07:57 CET 2026
----------------------------------------
