device is : cuda
['base', '4', 'all', 'bads', '1']

 ------- Start Optimization for Subject 2 ---------- 

 Cross Validation fold 0/1

 -- Start Optimization: method BADS --

 Optimization Run 1/1
Initial params: [1.3737, 6.7364, 11.06, 3.9825, 2.4528, 13.1622, 0.4643, 38.9744, 1.2582, 0.7158, 0.7614, 0.9812]
bads:TooCloseBounds: For each variable, hard and plausible bounds should not be too close. Moving plausible bounds.
Variables (index) internally transformed to log coordinates: [[ 0  0]
 [ 0  3]
 [ 0  7]
 [ 0  8]
 [ 0  9]
 [ 0 10]
 [ 0 11]]
Beginning optimization of a STOCHASTIC objective function

 Iteration    f-count      E[f(x)]        SD[f(x)]           MeshScale          Method              Actions
     0           1         31806.7             nan               1                                  
     0          28         29581.7             nan               1          Initial mesh            Initial points
     0          34         28648.8        0.999916               1        Successful poll           Train
     1          36         28362.9        0.999921               1      Successful search (ES-wcm)        
     1          38         28263.1        0.999889               1      Successful search (ES-wcm)        
     1          40         27938.2         0.99979               1      Successful search (ES-wcm)        
     1          43         27537.8        0.999762               1      Successful search (ES-wcm)        
     1          51           27403        0.995905               1      Successful search (ES-wcm)        
     1          52           27270        0.994946               1      Successful search (ES-wcm)        
     1          54         27204.6         0.99931               1      Successful search (ES-wcm)        
     1          57         27093.1         0.99926               1      Successful search (ES-ell)        
     1          59         27062.3        0.999314               1      Successful search (ES-ell)        
     1          62         26886.4        0.999297               1      Successful search (ES-ell)        
     1          63         26803.3        0.999298               1      Successful search (ES-ell)        
     1          64           26579        0.999312               1      Successful search (ES-ell)        
     1          76         26574.4         0.99871               1      Successful search (ES-ell)        
     1          78         26415.7        0.996197               1      Successful search (ES-ell)        
     1          89         26389.3         1.00978               1      Successful search (ES-ell)        
     1          90         26294.6         1.01026               1      Successful search (ES-ell)        
     1          92         26227.8         1.00979               1      Successful search (ES-ell)        
     1          94           26199         1.00946               1      Successful search (ES-ell)        
     1         121         26156.2         1.08123               1        Successful poll           
     2         129         26124.2         1.28578               1      Successful search (ES-ell)        
     2         130         26033.1         1.28594               1      Successful search (ES-ell)        
     2         132         26014.4         1.28592               1      Successful search (ES-ell)        
     2         135         25950.4         1.28611               1      Successful search (ES-ell)        
     2         136         25940.7         1.28612               1      Successful search (ES-ell)        
     2         137         25873.6         1.28612               1      Successful search (ES-ell)        
     2         140         25772.2         1.28612               1      Successful search (ES-ell)        
     2         141         23884.2         1.28612               1      Successful search (ES-ell)        
     2         142         20482.6         1.28611               1      Successful search (ES-ell)        
     2         147         20452.3         1.28591               1      Successful search (ES-ell)        
     2         148         20381.2         1.28591               1      Successful search (ES-ell)        
     2         151         20297.5          1.2859               1      Successful search (ES-ell)        
     2         156         20237.5         1.45308               1      Successful search (ES-ell)        
     2         158         19851.4         1.45312               1      Successful search (ES-ell)        
     2         165           19794         1.45212               1      Successful search (ES-ell)        
     2         196           19794         1.45212             0.5          Refine grid             
     3         204         19809.1         1.61405             0.5      Successful search (ES-ell)        
     3         216         19799.8         1.53363             0.5      Successful search (ES-ell)        
     3         217         19793.6         1.65696             0.5      Successful search (ES-wcm)        
     3         251         19793.6         1.65696            0.25          Refine grid             Train
     4         258           19786          1.4854            0.25      Successful search (ES-wcm)        
     4         289           19665          1.6642             0.5        Successful poll           
     5         295         19603.4         1.70196             0.5      Successful search (ES-wcm)        
     5         296         19515.8         1.70196             0.5      Successful search (ES-wcm)        
     5         332         19474.1         1.70195               1        Successful poll           
     6         339         19292.3         1.70196               1      Successful search (ES-wcm)        
     6         345         19276.1         1.70196               1      Successful search (ES-wcm)        
     6         354         19227.6         1.70196               1      Successful search (ES-wcm)        
     6         363         19186.7         1.09588               1      Successful search (ES-wcm)        
     6         378         19167.4         1.09586               1      Successful search (ES-ell)        
     6         379           19115         1.09588               1      Successful search (ES-wcm)        
     6         406           19115         1.09588             0.5          Refine grid             Train
     7         418         19071.1         1.09999             0.5      Successful search (ES-wcm)        
     7         447         19071.1         1.09999            0.25          Refine grid             
     8         479         19071.1         1.08507           0.125          Refine grid             Train
     9         512         19072.4         1.37353          0.0625          Refine grid             Train
    10         516         19100.9         1.38546          0.0625      Successful search (ES-wcm)        
    10         527         19100.3         1.38578          0.0625      Successful search (ES-wcm)        
    10         538         19081.3         1.38563          0.0625      Successful search (ES-ell)        
    10         542         19070.7         1.38366          0.0625      Successful search (ES-ell)        
    10         582         19070.7         1.38366         0.03125          Refine grid             
    11         584         19034.3         1.09838         0.03125      Successful search (ES-ell)        
    11         629         19034.3         1.09838        0.015625          Refine grid             
    12         632           19061        0.981908        0.015625      Successful search (ES-ell)        
    12         646         19047.8         1.00058        0.015625      Successful search (ES-ell)        
    12         689         19047.8         1.00058       0.0078125          Refine grid             
    13         690         19072.4         1.09642       0.0078125      Successful search (ES-ell)        
    13         694         19068.3          1.0761       0.0078125      Successful search (ES-ell)        
    13         737         19068.3          1.0761      0.00390625          Refine grid             
    14         738           19082         1.24633      0.00390625      Successful search (ES-ell)        
    14         785           19082         1.24633      0.00195312          Refine grid             
    15         821         19125.2         1.00456     0.000976562          Refine grid             
Optimization terminated: change in the function value less than options['tol_mesh']
Estimated function value at minimum: 19132.32782398567 ± 4.984402159179462 (mean ± SEM from 100 samples)
BADS minimum at: x_min = [3.7000e-03 5.0198e+00 5.4977e+00 3.4469e+00 1.7976e+00 6.6436e+00
 5.3080e-01 3.1740e-01 4.5223e+00 1.6882e+00 1.8357e+00 2.2170e-01], training NLL = 19132.3278
total f-count: 921, time: 40.57 min

 ------- Finish Optimization for Subject 2 ---------- 

 ------- Start Optimization for Subject 3 ---------- 

 Cross Validation fold 0/1

 -- Start Optimization: method BADS --

 Optimization Run 1/1
Initial params: [1.2093, 5.7815, 13.8769, 6.8662, -3.3428, 20.673, 0.4974, 37.0372, 3.4953, 0.9627, 0.887, 0.6914]
bads:TooCloseBounds: For each variable, hard and plausible bounds should not be too close. Moving plausible bounds.
Variables (index) internally transformed to log coordinates: [[ 0  0]
 [ 0  3]
 [ 0  7]
 [ 0  8]
 [ 0  9]
 [ 0 10]
 [ 0 11]]
Beginning optimization of a STOCHASTIC objective function

 Iteration    f-count      E[f(x)]        SD[f(x)]           MeshScale          Method              Actions
     0           1         30969.8             nan               1                                  
     0          28         29622.1             nan               1          Initial mesh            Initial points
     0          37         28340.9        0.999549               1        Successful poll           Train
     1          43         28084.1        0.998411               1      Successful search (ES-wcm)        
     1          44         27912.5        0.998878               1      Successful search (ES-wcm)        
     1          49         27585.4        0.980944               1      Successful search (ES-wcm)        
     1          50         27008.1        0.999589               1      Successful search (ES-wcm)        
     1          52         25335.1         0.99848               1      Successful search (ES-wcm)        
     1          54         23194.6         1.03599               1      Successful search (ES-wcm)        
     1          55         22809.8         1.03599               1      Successful search (ES-wcm)        
     1          56         21788.5         1.03599               1      Successful search (ES-wcm)        
     1          66         21731.3          1.0358               1      Successful search (ES-wcm)        
     1          69         21583.8         1.03551               1      Successful search (ES-wcm)        
     1          70         21434.2         1.03392               1      Successful search (ES-wcm)        
     1          81           21228        0.997556               1      Successful search (ES-wcm)        
     1          82         21099.7        0.997569               1      Successful search (ES-wcm)        
     1         104         20608.5        0.972682               1        Successful poll           Train
     2         108         20405.9        0.972681               1      Successful search (ES-wcm)        
     2         109         20095.4        0.972682               1      Successful search (ES-wcm)        
     2         113         19381.2        0.972681               1      Successful search (ES-wcm)        
     2         114         19047.8        0.972682               1      Successful search (ES-wcm)        
     2         120         19033.9        0.972681               1      Successful search (ES-ell)        
     2         128         18984.6        0.972387               1      Successful search (ES-wcm)        
     2         129         18743.7         1.01728               1      Successful search (ES-wcm)        
     2         148         18727.9         1.01548               1      Successful search (ES-ell)        
     2         160         18695.5         1.05758               1      Successful search (ES-ell)        
     2         162         18692.4         1.05728               1      Successful search (ES-ell)        
     2         163         18640.5         1.05764               1      Successful search (ES-ell)        
     2         179         18634.4         1.05763               1        Successful poll           Train
     3         189         18618.8         1.41121               1      Successful search (ES-ell)        
     3         197         18548.9         1.41622               1      Successful search (ES-ell)        
     3         199         18497.5         1.41638               1      Successful search (ES-ell)        
     3         202         18485.7         1.41633               1      Successful search (ES-ell)        
     3         231         18485.7         1.41633             0.5          Refine grid             
     4         237         18448.3         1.41606             0.5      Successful search (ES-ell)        
     4         276         18448.3         1.41606            0.25          Refine grid             
     5         277         18467.8         1.41639            0.25      Successful search (ES-ell)        
     5         282         18426.4         1.41593            0.25      Successful search (ES-ell)        
     5         283         18361.6         1.41621            0.25      Successful search (ES-ell)        
     5         288         18321.9         1.41306            0.25      Successful search (ES-ell)        
     5         290         18253.7         1.41627            0.25      Successful search (ES-ell)        
     5         302         17690.5         27.2591            0.25      Successful search (ES-ell)        
     5         345         17690.5         27.2591           0.125          Refine grid             
     6         346         18163.8         15.3836           0.125      Successful search (ES-ell)        
     6         347           18033         23.9734           0.125      Successful search (ES-ell)        
     6         391           18033         23.9734          0.0625          Refine grid             
     7         392         18248.7         11.8528          0.0625      Successful search (ES-wcm)        
     7         437         18248.7         11.8528         0.03125          Refine grid             
     8         438         18357.9         7.47995         0.03125      Successful search (ES-ell)        
     8         439         18300.7         8.97169         0.03125      Successful search (ES-ell)        
     8         440         18239.3         14.4266         0.03125      Successful search (ES-ell)        
     8         441         18162.6         19.4556         0.03125      Successful search (ES-wcm)        
     8         483         18162.6         19.4556        0.015625          Refine grid             
     9         484           18397         7.14795        0.015625      Successful search (ES-wcm)        
     9         485         18376.3         7.61785        0.015625      Successful search (ES-wcm)        
     9         486         18359.5         9.33633        0.015625      Successful search (ES-wcm)        
     9         511         18351.9         7.41322         0.03125        Successful poll           
    10         512         18299.3         9.92494         0.03125      Successful search (ES-wcm)        
    10         513           18279         13.2689         0.03125      Successful search (ES-wcm)        
    10         514         18251.8         13.3354         0.03125      Successful search (ES-ell)        
    10         557         18251.8         13.3354        0.015625          Refine grid             
    11         558         18448.9         6.24731        0.015625      Successful search (ES-wcm)        
    11         559         18437.2         7.37173        0.015625      Successful search (ES-wcm)        
    11         560         18421.1         8.89933        0.015625      Successful search (ES-wcm)        
    11         561         18406.4         13.4302        0.015625      Successful search (ES-ell)        
    11         562         18379.9         17.1896        0.015625      Successful search (ES-ell)        
    11         564         18308.1         18.9443        0.015625      Successful search (ES-ell)        
    11         565         18239.1         16.5662        0.015625      Successful search (ES-ell)        
    11         566         18185.8         19.6061        0.015625      Successful search (ES-ell)        
    11         603         18185.8         19.6061       0.0078125          Refine grid             
    12         604         18457.6         9.92595       0.0078125      Successful search (ES-ell)        
    12         605         18456.1         10.7797       0.0078125      Successful search (ES-ell)        
    12         606         18442.1         9.80157       0.0078125      Successful search (ES-wcm)        
    12         607         18436.6         13.2204       0.0078125      Successful search (ES-wcm)        
    12         609         18429.9         13.0607       0.0078125      Successful search (ES-wcm)        
    12         616         18426.7         9.82639       0.0078125      Successful search (ES-wcm)        
    12         617         18419.4         11.2049       0.0078125      Successful search (ES-ell)        
    12         618         18411.6         13.5586       0.0078125      Successful search (ES-ell)        
    12         619         18398.7         15.4395       0.0078125      Successful search (ES-ell)        
    12         620         18393.9         20.4574       0.0078125      Successful search (ES-ell)        
    12         621         18393.8          25.255       0.0078125      Successful search (ES-ell)        
    12         622         18371.7         29.3109       0.0078125      Successful search (ES-ell)        
    12         625           18358         19.8072       0.0078125      Successful search (ES-ell)        
    12         626         18323.1         27.2703       0.0078125      Successful search (ES-ell)        
    12         627         18320.1          32.029       0.0078125      Successful search (ES-ell)        
    12         628         18312.7         27.8404       0.0078125      Successful search (ES-ell)        
    12         629         18295.7         25.4848       0.0078125      Successful search (ES-ell)        
    12         630           18293         24.2609       0.0078125      Successful search (ES-ell)        
    12         631         18290.1          23.677       0.0078125      Successful search (ES-ell)        
    12         652         18266.9         9.08888        0.015625        Successful poll           
    13         653           18351          9.6842        0.015625      Successful search (ES-ell)        
    13         654         18321.1         11.2574        0.015625      Successful search (ES-ell)        
    13         656         18305.4         11.7341        0.015625      Successful search (ES-ell)        
    13         699         18305.4         11.7341       0.0078125          Refine grid             Train
    14         700         18351.5         9.57531       0.0078125      Successful search (ES-ell)        
    14         701         18347.9         10.6137       0.0078125      Successful search (ES-ell)        
    14         702         18332.3          12.532       0.0078125      Successful search (ES-ell)        
    14         703         18307.8         15.4062       0.0078125      Successful search (ES-ell)        
    14         704         18264.7         20.3538       0.0078125      Successful search (ES-wcm)        
    14         747         18264.7         20.3538      0.00390625          Refine grid             
    15         748         18279.6         6.63845      0.00390625      Successful search (ES-wcm)        
    15         749         18275.5         7.09056      0.00390625      Successful search (ES-ell)        
    15         750         18264.6         7.69461      0.00390625      Successful search (ES-wcm)        
    15         751         18259.7         8.67877      0.00390625      Successful search (ES-ell)        
    15         752         18258.4         10.5617      0.00390625      Successful search (ES-ell)        
    15         795         18258.4         10.5617      0.00195312          Refine grid             
    16         796         18323.7         7.90145      0.00195312      Successful search (ES-ell)        
    16         797         18319.9         7.84849      0.00195312      Successful search (ES-wcm)        
    16         798         18319.6         8.08992      0.00195312      Successful search (ES-wcm)        
    16         799         18313.6         9.08599      0.00195312      Successful search (ES-ell)        
    16         800         18302.2         11.4144      0.00195312      Successful search (ES-ell)        
    16         801         18287.3         12.9762      0.00195312      Successful search (ES-ell)        
    16         843         18287.3         12.9762     0.000976562          Refine grid             Train
Optimization terminated: change in the function value less than options['tol_mesh']
Estimated function value at minimum: 18259.726369998418 ± 4.2203677116079685 (mean ± SEM from 100 samples)
BADS minimum at: x_min = [ 0.0227  3.7062  4.7631  9.2811  6.0091 22.6228  0.4327  0.1965  6.2264
  1.8187  1.5461  0.2146], training NLL = 18259.7264
total f-count: 943, time: 41.77 min

 ------- Finish Optimization for Subject 3 ---------- 

 ------- Start Optimization for Subject 5 ---------- 

 Cross Validation fold 0/1

 -- Start Optimization: method BADS --

 Optimization Run 1/1
Initial params: [1.734, 3.3693, 8.7509, 6.2903, -4.2706, 22.2233, 0.6549, 45.5663, 3.9648, 0.3778, 0.7977, 0.7243]
bads:TooCloseBounds: For each variable, hard and plausible bounds should not be too close. Moving plausible bounds.
Variables (index) internally transformed to log coordinates: [[ 0  0]
 [ 0  3]
 [ 0  7]
 [ 0  8]
 [ 0  9]
 [ 0 10]
 [ 0 11]]
Beginning optimization of a STOCHASTIC objective function

 Iteration    f-count      E[f(x)]        SD[f(x)]           MeshScale          Method              Actions
     0           1         31193.3             nan               1                                  
     0          28         29119.3             nan               1          Initial mesh            Initial points
     0          38         28296.8        0.999582               1        Successful poll           Train
     1          44           28151        0.999409               1      Successful search (ES-wcm)        
     1          46         27496.9        0.999257               1      Successful search (ES-wcm)        
     1          49         26931.8        0.995034               1      Successful search (ES-wcm)        
     1          50           26694        0.999389               1      Successful search (ES-ell)        
     1          51           25514        0.999569               1      Successful search (ES-ell)        
     1          53           23997        0.999556               1      Successful search (ES-ell)        
     1          55         22245.7         1.00044               1      Successful search (ES-ell)        
     1          57         21640.9         1.00043               1      Successful search (ES-ell)        
     1          63           20327         1.00039               1      Successful search (ES-ell)        
     1          68         19913.7        0.999667               1      Successful search (ES-ell)        
     1          72         19830.6         0.99512               1      Successful search (ES-ell)        
     1          73         19587.9        0.990927               1      Successful search (ES-ell)        
     1          74         19549.2        0.998084               1      Successful search (ES-ell)        
     1          75           19420         1.00011               1      Successful search (ES-ell)        
     1          77         19350.3         1.00021               1      Successful search (ES-wcm)        
     1          84         19311.2         1.11919               1      Successful search (ES-ell)        
     1          86         19082.4          1.1192               1      Successful search (ES-ell)        
     1          96         19053.6         1.06557               1      Successful search (ES-ell)        
     1          99         19022.3         1.11873               1      Successful search (ES-ell)        
     1         136         19022.3         1.11873             0.5          Refine grid             Train
     2         145         18966.6        0.906834             0.5      Successful search (ES-ell)        
     2         178         18921.7         1.10573               1        Successful poll           
     3         204         18921.7         1.10573             0.5          Refine grid             
     4         205         18898.1         0.67467             0.5      Successful search (ES-ell)        
     4         212         18767.9        0.674668             0.5      Successful search (ES-ell)        
     4         214         18766.1        0.674668             0.5      Successful search (ES-ell)        
     4         216         18746.3        0.674669             0.5      Successful search (ES-ell)        
     4         219         18533.3         0.67467             0.5      Successful search (ES-wcm)        
     4         231         18443.3         0.67467             0.5      Successful search (ES-wcm)        
     4         240         18425.8        0.811032             0.5      Successful search (ES-wcm)        
     4         249         18401.6        0.811032             0.5      Successful search (ES-wcm)        
     4         282           18400        0.811034               1        Successful poll           
     5         288         18314.3        0.811034               1      Successful search (ES-wcm)        
     5         301         18298.5         1.00226               1      Successful search (ES-ell)        
     5         304         18248.2         1.00225               1      Successful search (ES-ell)        
     5         306         18240.9         1.00223               1      Successful search (ES-ell)        
     5         313         18214.3         1.00225               1      Successful search (ES-ell)        
     5         329         18194.6         1.00154               1      Successful search (ES-ell)        
     5         356         18194.6         1.00154             0.5          Refine grid             Train
     6         386         18194.9         1.00756            0.25          Refine grid             Train
     7         418         18200.8         1.39557           0.125          Refine grid             Train
     8         453         18189.7        0.704151         0.03125          Refine grid             Train
     9         486         18233.3         8.08689          0.0625        Successful poll           Train
    10         487         18195.9         19.6747          0.0625      Successful search (ES-wcm)        
    10         489         18194.5         23.9456          0.0625      Successful search (ES-wcm)        
    10         490         18171.5         35.6637          0.0625      Successful search (ES-wcm)        
    10         533         18171.5         35.6637         0.03125          Refine grid             Train
    11         534         18199.1         8.23427         0.03125      Successful search (ES-wcm)        
    11         535         18169.4         10.5682         0.03125      Successful search (ES-ell)        
    11         536           18132         15.2448         0.03125      Successful search (ES-ell)        
    11         537           18123         23.5023         0.03125      Successful search (ES-ell)        
    11         538         18093.2         28.6296         0.03125      Successful search (ES-ell)        
    11         581         18093.2         28.6296        0.015625          Refine grid             Train
    12         582         17942.2         6.60565        0.015625      Successful search (ES-ell)        
    12         583         17677.7         7.04592        0.015625      Successful search (ES-ell)        
    12         584         17279.6         8.46794        0.015625      Successful search (ES-ell)        
    12         585         16870.3         10.5962        0.015625      Successful search (ES-ell)        
    12         586         16404.3         13.9369        0.015625      Successful search (ES-ell)        
    12         629         16404.3         13.9369       0.0078125          Refine grid             Train
    13         630         18145.8         6.60652       0.0078125      Successful search (ES-ell)        
    13         631         18136.5         7.09791       0.0078125      Successful search (ES-ell)        
    13         632         18123.3         7.80654       0.0078125      Successful search (ES-ell)        
    13         633         18104.6          9.1385       0.0078125      Successful search (ES-ell)        
    13         677         18104.6          9.1385      0.00390625          Refine grid             
    14         713         18203.8         5.35817      0.00195312          Refine grid             
    15         714         18203.2         4.46106      0.00195312      Successful search (ES-wcm)        
    15         715           18201           4.494      0.00195312      Successful search (ES-wcm)        
    15         716         18197.8         4.56495      0.00195312      Successful search (ES-wcm)        
    15         717           18193         4.75376      0.00195312      Successful search (ES-wcm)        
    15         718         18187.2         5.21059      0.00195312      Successful search (ES-wcm)        
    15         719         18155.1         7.49597      0.00195312      Successful search (ES-ell)        
    15         720           18113         11.4709      0.00195312      Successful search (ES-ell)        
    15         721         18052.6         17.9752      0.00195312      Successful search (ES-ell)        
    15         722         18022.8         22.0552      0.00195312      Successful search (ES-ell)        
    15         761         18022.8         22.0552     0.000976562          Refine grid             Train
Optimization terminated: change in the function value less than options['tol_mesh']
Estimated function value at minimum: 18159.060797246828 ± 4.218457272723763 (mean ± SEM from 100 samples)
BADS minimum at: x_min = [1.8812 5.324  4.9126 2.3673 1.6195 8.0773 0.455  0.1166 6.2732 0.1045
 1.7521 0.324 ], training NLL = 18159.0608
total f-count: 861, time: 38.15 min

 ------- Finish Optimization for Subject 5 ---------- 

 ------- Start Optimization for Subject 6 ---------- 

 Cross Validation fold 0/1

 -- Start Optimization: method BADS --

 Optimization Run 1/1
Initial params: [1.7674, 7.0464, 7.2875, 5.6351, -4.8556, 12.671, 0.5776, 10.124, 1.3106, 0.2577, 0.9557, 0.2856]
bads:TooCloseBounds: For each variable, hard and plausible bounds should not be too close. Moving plausible bounds.
Variables (index) internally transformed to log coordinates: [[ 0  0]
 [ 0  3]
 [ 0  7]
 [ 0  8]
 [ 0  9]
 [ 0 10]
 [ 0 11]]
Beginning optimization of a STOCHASTIC objective function

 Iteration    f-count      E[f(x)]        SD[f(x)]           MeshScale          Method              Actions
     0           1         30896.9             nan               1                                  
     0          28         25642.8             nan               1          Initial mesh            Initial points
     0          46           25374        0.999968               1        Successful poll           Train
     1          56         25196.3        0.771772               1      Successful search (ES-wcm)        
     1          57         25065.4         0.77177               1      Successful search (ES-wcm)        
     1          59         22549.9        0.771836               1      Successful search (ES-wcm)        
     1          65         22138.7        0.771831               1      Successful search (ES-wcm)        
     1          72         21825.8        0.771818               1      Successful search (ES-wcm)        
     1          73         21531.3        0.771827               1      Successful search (ES-ell)        
     1          78         20988.1        0.771738               1      Successful search (ES-ell)        
     1          82         20763.9        0.896754               1      Successful search (ES-ell)        
     1          88         20735.5          0.8966               1      Successful search (ES-ell)        
     1          89         20639.7        0.896755               1      Successful search (ES-ell)        
     1          91         20503.5        0.896705               1      Successful search (ES-ell)        
     1         103           20497        0.860539               1      Successful search (ES-ell)        
     1         104         20339.8         1.07173               1      Successful search (ES-wcm)        
     1         111         20168.8         1.07174               1      Successful search (ES-wcm)        
     1         116           20158         1.07157               1      Successful search (ES-ell)        
     1         122         20099.7         1.07174               1      Successful search (ES-wcm)        
     1         126         20039.6         1.07174               1      Successful search (ES-wcm)        
     1         137         19956.5         1.05039               1      Successful search (ES-wcm)        
     1         147           19877         1.05041               1      Successful search (ES-wcm)        
     1         153         19863.5         1.05038               1      Successful search (ES-wcm)        
     1         154         19839.9        0.964013               1      Successful search (ES-wcm)        
     1         163         19821.1        0.963189               1      Successful search (ES-ell)        
     1         193         18118.5         6.43477               1        Successful poll           Train
     2         199         18070.8         6.43205               1      Successful search (ES-ell)        
     2         202         18027.1         6.42848               1      Successful search (ES-ell)        
     2         203         17813.7          6.4312               1      Successful search (ES-ell)        
     2         209         17800.6         6.43281               1      Successful search (ES-ell)        
     2         213         17634.9          6.4223               1      Successful search (ES-ell)        
     2         245         17634.9          6.4223             0.5          Refine grid             Train
     3         246         17700.3           41.77             0.5      Successful search (ES-ell)        
     3         248         17510.7         41.8688             0.5      Successful search (ES-ell)        
     3         253           17457         38.1968             0.5      Successful search (ES-ell)        
     3         255         17429.5         36.3393             0.5      Successful search (ES-ell)        
     3         256           17399         39.0547             0.5      Successful search (ES-ell)        
     3         257         17380.8         41.6807             0.5      Successful search (ES-ell)        
     3         261           17329         39.6581             0.5      Successful search (ES-ell)        
     3         262         17296.9         40.2752             0.5      Successful search (ES-ell)        
     3         271         17264.2         42.0908             0.5      Successful search (ES-wcm)        
     3         273         17164.6         41.8177             0.5      Successful search (ES-wcm)        
     3         301         17154.8         42.0327               1        Successful poll           Train
     4         329           17156         40.6316             0.5          Refine grid             Train
     5         336         17217.5         22.3831             0.5      Successful search (ES-ell)        
     5         337         17197.3         31.6593             0.5      Successful search (ES-ell)        
     5         339         17157.5         28.9704             0.5      Successful search (ES-ell)        
     5         341         17140.3         32.6504             0.5      Successful search (ES-ell)        
     5         346         17116.6         34.5205             0.5      Successful search (ES-ell)        
     5         350           17109         23.4863             0.5      Successful search (ES-ell)        
     5         351         17085.4          31.103             0.5      Successful search (ES-ell)        
     5         383         17085.4          31.103            0.25          Refine grid             
     6         385         17077.6         32.3547            0.25      Successful search (ES-ell)        
     6         426         17077.6         32.3547           0.125          Refine grid             
     7         427           17090         21.8531           0.125      Successful search (ES-ell)        
     7         428         17082.3         31.3993           0.125      Successful search (ES-ell)        
     7         472         17082.3         31.3993          0.0625          Refine grid             
     8         473         17110.3         11.4539          0.0625      Successful search (ES-ell)        
     8         475         17109.1         12.6375          0.0625      Successful search (ES-ell)        
     8         476         17095.7         18.1738          0.0625      Successful search (ES-wcm)        
     8         480         17092.9         13.4919          0.0625      Successful search (ES-wcm)        
     8         482         17089.5         14.2438          0.0625      Successful search (ES-wcm)        
     8         518         17089.5         14.2438         0.03125          Refine grid             Train
     9         519         17079.2         7.09648         0.03125      Successful search (ES-wcm)        
     9         520           17046          8.9937         0.03125      Successful search (ES-ell)        
     9         521         16989.9         14.3751         0.03125      Successful search (ES-ell)        
     9         522         16936.3         22.0511         0.03125      Successful search (ES-ell)        
     9         566         16936.3         22.0511        0.015625          Refine grid             
    10         567         17085.1         7.26457        0.015625      Successful search (ES-ell)        
    10         568         17078.8         8.26893        0.015625      Successful search (ES-ell)        
    10         576         17078.2         6.75604        0.015625      Successful search (ES-wcm)        
    10         577           17078         6.60819        0.015625      Successful search (ES-wcm)        
    10         578         17077.7         6.83254        0.015625      Successful search (ES-wcm)        
    10         579         17075.9         7.85753        0.015625      Successful search (ES-wcm)        
    10         581         17075.7         8.16715        0.015625      Successful search (ES-ell)        
    10         626         17075.7         8.16715       0.0078125          Refine grid             
    11         627         17094.5         6.51567       0.0078125      Successful search (ES-wcm)        
    11         629         17091.6         6.67615       0.0078125      Successful search (ES-ell)        
    11         639         17079.9         5.10666       0.0078125      Successful search (ES-ell)        
    11         640         17055.7         5.35438       0.0078125      Successful search (ES-ell)        
    11         641         17010.9          6.2603       0.0078125      Successful search (ES-ell)        
    11         642         16952.6         7.90546       0.0078125      Successful search (ES-ell)        
    11         643         16885.4         10.2971       0.0078125      Successful search (ES-ell)        
    11         644         16857.7         13.4166       0.0078125      Successful search (ES-ell)        
    11         684         16857.7         13.4166      0.00390625          Refine grid             
    12         685         17089.3         5.52333      0.00390625      Successful search (ES-wcm)        
    12         686         17086.7         6.47866      0.00390625      Successful search (ES-wcm)        
    12         687         17084.5         7.31011      0.00390625      Successful search (ES-wcm)        
    12         688         17083.4          8.2788      0.00390625      Successful search (ES-ell)        
    12         689           17081         9.90677      0.00390625      Successful search (ES-ell)        
    12         732           17081         9.90677      0.00195312          Refine grid             
    13         733         17092.7         4.52532      0.00195312      Successful search (ES-ell)        
    13         734         17091.8         4.90789      0.00195312      Successful search (ES-ell)        
    13         735         17091.5         5.37916      0.00195312      Successful search (ES-ell)        
    13         736         17089.3         6.57745      0.00195312      Successful search (ES-ell)        
    13         737         17082.8         8.51343      0.00195312      Successful search (ES-ell)        
    13         738         17076.8         10.9872      0.00195312      Successful search (ES-ell)        
    13         740         17074.2         13.1163      0.00195312      Successful search (ES-wcm)        
    13         780         17074.2         13.1163     0.000976562          Refine grid             
Optimization terminated: change in the function value less than options['tol_mesh']
Estimated function value at minimum: 17094.326579212433 ± 3.9909096920407 (mean ± SEM from 100 samples)
BADS minimum at: x_min = [ 2.6081  2.8843  3.1101  0.1317 -0.274   4.9656  0.5717  0.8274  0.4555
  0.      1.2228  0.2335], training NLL = 17094.3266
total f-count: 880, time: 38.48 min

 ------- Finish Optimization for Subject 6 ---------- 

 ------- Start Optimization for Subject 11 ---------- 

 Cross Validation fold 0/1

 -- Start Optimization: method BADS --

 Optimization Run 1/1
Initial params: [0.741, 9.2695, 9.3733, 1.1232, -0.4988, 13.3142, 0.4771, 45.6315, 3.1149, 0.7021, 0.0306, 0.461]
bads:TooCloseBounds: For each variable, hard and plausible bounds should not be too close. Moving plausible bounds.
Variables (index) internally transformed to log coordinates: [[ 0  0]
 [ 0  3]
 [ 0  7]
 [ 0  8]
 [ 0  9]
 [ 0 10]
 [ 0 11]]
Beginning optimization of a STOCHASTIC objective function

 Iteration    f-count      E[f(x)]        SD[f(x)]           MeshScale          Method              Actions
     0           1         31341.2             nan               1                                  
     0          28           27587             nan               1          Initial mesh            Initial points
     0          43         26974.1        0.999915               1        Successful poll           Train
     1          46         24973.4        0.999943               1      Successful search (ES-wcm)        
     1          50         24397.4        0.999932               1      Successful search (ES-wcm)        
     1          53         23843.6        0.997235               1      Successful search (ES-wcm)        
     1          54         23110.6         1.00708               1      Successful search (ES-wcm)        
     1          56         22386.8         1.00708               1      Successful search (ES-wcm)        
     1          67           22080         1.00643               1      Successful search (ES-wcm)        
     1          68         21463.5         1.00707               1      Successful search (ES-wcm)        
     1          77         21070.8         1.00621               1      Successful search (ES-ell)        
     1          84         21070.8         1.00917               1      Incremental search (ES-ell)        
     1          86         21034.5         1.00921               1      Successful search (ES-wcm)        
     1          88         20980.3          1.0092               1      Successful search (ES-wcm)        
     1          91         20676.6         1.00918               1      Successful search (ES-ell)        
     1          97         20605.6         1.00908               1      Successful search (ES-ell)        
     1         103         20577.1         1.00853               1      Successful search (ES-wcm)        
     1         105           20549         1.33864               1      Successful search (ES-wcm)        
     1         110         20259.7         1.33862               1      Successful search (ES-wcm)        
     1         123         20252.5         1.33861               1      Successful search (ES-wcm)        
     1         125         20221.8         1.33856               1      Successful search (ES-wcm)        
     1         136         20197.9         1.15585               1      Successful search (ES-wcm)        
     1         139         20187.5          1.1556               1      Successful search (ES-wcm)        
     1         142         20077.6          1.1559               1      Successful search (ES-wcm)        
     1         144         20016.1          1.1559               1      Successful search (ES-wcm)        
     1         150         20007.8         1.15589               1      Successful search (ES-ell)        
     1         153         20004.7         1.15589               1      Successful search (ES-wcm)        
     1         155         19942.2         1.09692               1      Successful search (ES-wcm)        
     1         173         19891.5         1.09667               1      Successful search (ES-wcm)        
     1         186         19885.9         1.07336               1      Successful search (ES-wcm)        
     1         194         19844.1         1.07429               1      Successful search (ES-wcm)        
     1         201         19789.6         1.07433               1      Successful search (ES-ell)        
     1         203         19602.9         1.07433               1      Successful search (ES-ell)        
     1         211         19594.9         1.07428               1      Successful search (ES-wcm)        
     1         217           19574         1.07431               1      Successful search (ES-ell)        
     1         222         19504.1         1.07411               1      Successful search (ES-ell)        
     1         228         19412.8         1.07432               1      Successful search (ES-ell)        
     1         230         19379.8         1.07433               1      Successful search (ES-ell)        
     1         234         19305.7          1.0743               1      Successful search (ES-ell)        
     1         242         19236.9         1.30009               1      Successful search (ES-ell)        
     1         252           19162         1.30011               1      Successful search (ES-ell)        
     1         255         19091.2         1.30012               1      Successful search (ES-ell)        
     1         258           19075         1.30011               1      Successful search (ES-ell)        
     1         259         19011.3         1.30012               1      Successful search (ES-ell)        
     1         263         18886.1         1.30014               1      Successful search (ES-ell)        
     1         302         18886.1         1.30014             0.5          Refine grid             Train
     2         313         18887.1         1.72742             0.5      Incremental search (ES-ell)        
     2         335         18887.1         1.72742            0.25          Refine grid             
     3         338         18801.8           1.786            0.25      Successful search (ES-ell)        
     3         348         18776.1         46.3376            0.25      Successful search (ES-wcm)        
     3         350         18750.5         43.6119            0.25      Successful search (ES-wcm)        
     3         353         18719.3         38.7201            0.25      Successful search (ES-wcm)        
     3         393         18688.6         39.8317             0.5        Successful poll           
     4         397         18672.8          40.159             0.5      Successful search (ES-wcm)        
     4         400         18632.7         41.3838             0.5      Successful search (ES-ell)        
     4         401         18534.4          46.015             0.5      Successful search (ES-ell)        
     4         404         18519.2         42.4705             0.5      Successful search (ES-ell)        
     4         405         18509.5         47.8964             0.5      Successful search (ES-ell)        
     4         410         18501.8         43.1628             0.5      Successful search (ES-ell)        
     4         412         18458.9         42.0998             0.5      Successful search (ES-ell)        
     4         450         18458.9         42.0998            0.25          Refine grid             
     5         451           18511         41.3107            0.25      Successful search (ES-ell)        
     5         452         18480.5           44.29            0.25      Successful search (ES-ell)        
     5         453         18477.7         44.8509            0.25      Successful search (ES-ell)        
     5         455         18456.9         45.1186            0.25      Successful search (ES-ell)        
     5         459         18413.3         44.7809            0.25      Successful search (ES-ell)        
     5         463         18357.6         43.8126            0.25      Successful search (ES-wcm)        
     5         464         18347.3         43.4856            0.25      Successful search (ES-wcm)        
     5         466         18306.2         37.9269            0.25      Successful search (ES-wcm)        
     5         508         18306.2         37.9269           0.125          Refine grid             
     6         509           18334         18.9969           0.125      Successful search (ES-wcm)        
     6         510         18326.3         28.7507           0.125      Successful search (ES-wcm)        
     6         521         18254.4         33.1022           0.125      Successful search (ES-ell)        
     6         522         18207.3         43.4191           0.125      Successful search (ES-ell)        
     6         530         18205.7         19.6775           0.125      Successful search (ES-ell)        
     6         531         18180.3         21.4878           0.125      Successful search (ES-ell)        
     6         532           18155         25.5719           0.125      Successful search (ES-ell)        
     6         533           18144         36.7769           0.125      Successful search (ES-ell)        
     6         536         18137.8         37.3579           0.125      Successful search (ES-wcm)        
     6         545         18116.4         33.7416           0.125      Successful search (ES-ell)        
     6         591         18116.4         33.7416          0.0625          Refine grid             Train
     7         592         18123.5         12.7309          0.0625      Successful search (ES-ell)        
     7         594         18103.2         16.7081          0.0625      Successful search (ES-ell)        
     7         595         18082.6         26.8041          0.0625      Successful search (ES-ell)        
     7         596         18069.6         32.6761          0.0625      Successful search (ES-ell)        
     7         637           18063         11.9454           0.125        Successful poll           
     8         639         18049.8         18.5801           0.125      Successful search (ES-ell)        
     8         641         18030.9         28.0818           0.125      Successful search (ES-ell)        
     8         683         18030.9         28.0818          0.0625          Refine grid             
     9         684         18055.9         13.7668          0.0625      Successful search (ES-ell)        
     9         685         18045.4         22.7892          0.0625      Successful search (ES-ell)        
     9         686         18029.8         27.1831          0.0625      Successful search (ES-ell)        
     9         711         18026.8         22.0973           0.125        Successful poll           Train
    10         714         18033.1         16.0543           0.125      Successful search (ES-wcm)        
    10         716         18010.8         18.0922           0.125      Successful search (ES-ell)        
    10         719         18000.7          16.621           0.125      Successful search (ES-ell)        
    10         758         18000.7          16.621          0.0625          Refine grid             
    11         759         17995.6         14.5561          0.0625      Successful search (ES-ell)        
    11         761         17991.1         19.6666          0.0625      Successful search (ES-ell)        
    11         763         17981.6          23.473          0.0625      Successful search (ES-ell)        
    11         765         17948.8         20.9112          0.0625      Successful search (ES-ell)        
    11         772         17782.3         21.1436          0.0625      Successful search (ES-ell)        
    11         818         17782.3         21.1436         0.03125          Refine grid             
    12         819         18007.7         8.99814         0.03125      Successful search (ES-wcm)        
    12         820         17987.1         10.7236         0.03125      Successful search (ES-ell)        
    12         822         17985.7         18.2041         0.03125      Successful search (ES-ell)        
    12         825         17985.1         15.6292         0.03125      Successful search (ES-ell)        
    12         826         17983.2         19.0963         0.03125      Successful search (ES-ell)        
    12         866         17983.2         19.0963        0.015625          Refine grid             
    13         867         17982.2         6.24449        0.015625      Successful search (ES-wcm)        
    13         868         17974.4         7.01497        0.015625      Successful search (ES-wcm)        
    13         870         17973.7         8.90897        0.015625      Successful search (ES-wcm)        
    13         898         17953.1         7.09361         0.03125        Successful poll           
    14         899         17927.6         10.3753         0.03125      Successful search (ES-wcm)        
    14         946         17927.6         10.3753        0.015625          Refine grid             
    15         947         17986.3         5.28231        0.015625      Successful search (ES-wcm)        
    15         948         17983.3         7.32961        0.015625      Successful search (ES-wcm)        
    15         949         17966.8         9.85863        0.015625      Successful search (ES-wcm)        
    15         951         17963.2          13.367        0.015625      Successful search (ES-ell)        
    15         993         17963.2          13.367       0.0078125          Refine grid             
    16         994         17983.2         6.30784       0.0078125      Successful search (ES-ell)        
    16         995         17980.5         8.47425       0.0078125      Successful search (ES-ell)        
    16         996         17980.4         12.2228       0.0078125      Successful search (ES-wcm)        
    16        1041         17980.4         12.2228      0.00390625          Refine grid             
    17        1042         18003.5         5.24245      0.00390625      Successful search (ES-ell)        
    17        1043         17998.1         6.14023      0.00390625      Successful search (ES-ell)        
    17        1044         17989.4         7.69505      0.00390625      Successful search (ES-ell)        
    17        1045         17977.3         10.2749      0.00390625      Successful search (ES-ell)        
    17        1046         17974.5          12.058      0.00390625      Successful search (ES-ell)        
    17        1089         17974.5          12.058      0.00195312          Refine grid             Train
    18        1090         18011.4         5.25946      0.00195312      Successful search (ES-wcm)        
    18        1091         18008.7         4.94951      0.00195312      Successful search (ES-wcm)        
    18        1092         18005.8         4.67455      0.00195312      Successful search (ES-wcm)        
    18        1093         18001.8         4.55005      0.00195312      Successful search (ES-wcm)        
    18        1094           17999         4.88013      0.00195312      Successful search (ES-wcm)        
    18        1095         17994.7          5.1814      0.00195312      Successful search (ES-wcm)        
    18        1097         17991.8         6.36024      0.00195312      Successful search (ES-ell)        
    18        1098         17991.2         10.5573      0.00195312      Successful search (ES-ell)        
    18        1130         17984.4         5.96676      0.00390625        Successful poll           Train
    19        1131         18000.6         5.81478      0.00390625      Successful search (ES-ell)        
    19        1132         17993.4         6.21266      0.00390625      Successful search (ES-ell)        
    19        1133         17979.9         7.39384      0.00390625      Successful search (ES-ell)        
    19        1134           17961         8.56809      0.00390625      Successful search (ES-ell)        
    19        1136         17952.6         9.19449      0.00390625      Successful search (ES-ell)        
    19        1137         17943.9         11.8643      0.00390625      Successful search (ES-ell)        
    19        1178         17943.9         11.8643      0.00195312          Refine grid             
    20        1179         18012.4         4.43488      0.00195312      Successful search (ES-ell)        
    20        1180         18008.3         4.75819      0.00195312      Successful search (ES-ell)        
    20        1181         18002.2         5.54498      0.00195312      Successful search (ES-ell)        
    20        1182         17999.1         6.12759      0.00195312      Successful search (ES-wcm)        
    20        1183         17992.1          6.9594      0.00195312      Successful search (ES-wcm)        
    20        1184         17988.4          8.5961      0.00195312      Successful search (ES-wcm)        
    20        1185         17980.8         11.1964      0.00195312      Successful search (ES-wcm)        
    20        1226         17980.8         11.1964     0.000976562          Refine grid             
Optimization terminated: change in the function value less than options['tol_mesh']
Estimated function value at minimum: 18005.362452284768 ± 3.9205227014111323 (mean ± SEM from 100 samples)
BADS minimum at: x_min = [ 0.0799  3.9901  4.3904  2.5157  1.7126 10.4206  0.3862  0.283   3.6458
  1.6451  1.3561  0.2306], training NLL = 18005.3625
total f-count: 1326, time: 57.2 min

 ------- Finish Optimization for Subject 11 ---------- 

 ------- Start Optimization for Subject 15 ---------- 

 Cross Validation fold 0/1

 -- Start Optimization: method BADS --

 Optimization Run 1/1
Initial params: [0.5407, 3.4156, 6.4628, 18.517, -3.0768, 16.1092, 0.3968, 3.6267, 2.2627, 0.4869, 0.8912, 1.0]
bads:TooCloseBounds: For each variable, hard and plausible bounds should not be too close. Moving plausible bounds.
Variables (index) internally transformed to log coordinates: [[ 0  0]
 [ 0  3]
 [ 0  7]
 [ 0  8]
 [ 0  9]
 [ 0 10]
 [ 0 11]]
Beginning optimization of a STOCHASTIC objective function

 Iteration    f-count      E[f(x)]        SD[f(x)]           MeshScale          Method              Actions
     0           1         28357.7             nan               1                                  
     0          28         28184.4             nan               1          Initial mesh            Initial points
     0          29         28131.4        0.985976               1        Successful poll           Train
     1          31         25302.5        0.985975               1      Successful search (ES-ell)        
     1          33           23789        0.985971               1      Successful search (ES-ell)        
     1          41         23753.8        0.978859               1      Successful search (ES-wcm)        
     1          50         23719.5        0.943101               1      Successful search (ES-ell)        
     1          52         23685.4        0.959378               1      Successful search (ES-ell)        
     1          54         23279.8         1.00418               1      Successful search (ES-ell)        
     1          56         22608.9         1.00418               1      Successful search (ES-wcm)        
     1          57         21454.1         1.00418               1      Successful search (ES-wcm)        
     1          69         21150.1         1.00415               1      Successful search (ES-ell)        
     1          70         20532.5         1.00409               1      Successful search (ES-ell)        
     1          75         19983.5         1.00402               1      Successful search (ES-ell)        
     1          80         19789.7        0.994436               1      Successful search (ES-wcm)        
     1          81         19204.3        0.994437               1      Successful search (ES-wcm)        
     1          82         19107.1        0.994439               1      Successful search (ES-wcm)        
     1          83         18745.8        0.994444               1      Successful search (ES-wcm)        
     1          84         18288.3        0.994446               1      Successful search (ES-ell)        
     1          93         18202.8        0.994415               1      Successful search (ES-ell)        
     1         100         18195.2        0.993398               1      Successful search (ES-ell)        
     1         105         18166.6        0.996504               1      Successful search (ES-ell)        
     1         112         18107.4        0.996336               1      Successful search (ES-ell)        
     1         120         18081.8        0.996288               1      Successful search (ES-ell)        
     1         152         17818.5         1.04732               1        Successful poll           
     2         159         17658.1         1.18285               1      Successful search (ES-ell)        
     2         161         17650.4         1.18279               1      Successful search (ES-ell)        
     2         162         17643.9         1.18298               1      Successful search (ES-ell)        
     2         166         17450.7         1.18322               1      Successful search (ES-ell)        
     2         170         17404.7         1.18321               1      Successful search (ES-ell)        
     2         173         17296.3          1.1832               1      Successful search (ES-ell)        
     2         184         17279.7         1.20438               1      Successful search (ES-ell)        
     2         186         17234.6         1.20418               1      Successful search (ES-ell)        
     2         196           17233          1.2029               1      Successful search (ES-ell)        
     2         203           17223         1.20468               1      Successful search (ES-ell)        
     2         205         17172.3         1.20469               1      Successful search (ES-ell)        
     2         210         17160.4         1.20463               1      Successful search (ES-ell)        
     2         212         17096.3         1.20457               1      Successful search (ES-ell)        
     2         243         17096.3         1.20457             0.5          Refine grid             
     3         244           17181         34.8171             0.5      Successful search (ES-ell)        
     3         246         17129.6         32.9654             0.5      Successful search (ES-ell)        
     3         248         17115.9         28.8788             0.5      Successful search (ES-ell)        
     3         250         17097.3         28.6475             0.5      Successful search (ES-ell)        
     3         257         17095.8         37.0395             0.5      Successful search (ES-wcm)        
     3         260         17093.1         32.7949             0.5      Successful search (ES-ell)        
     3         297         17093.1         32.7949            0.25          Refine grid             
     4         299         17110.9         20.6982            0.25      Successful search (ES-wcm)        
     4         301         17089.8         18.5911            0.25      Successful search (ES-wcm)        
     4         304         17089.5         17.0476            0.25      Successful search (ES-ell)        
     4         341         17089.5         17.0476           0.125          Refine grid             Train
     5         342         17103.2         11.2314           0.125      Successful search (ES-wcm)        
     5         344         17102.3         20.3894           0.125      Successful search (ES-ell)        
     5         345         17087.3         26.3101           0.125      Successful search (ES-ell)        
     5         386         17087.3         26.3101          0.0625          Refine grid             
     6         387         17105.9         9.07102          0.0625      Successful search (ES-ell)        
     6         388         17098.2         14.3656          0.0625      Successful search (ES-ell)        
     6         392         16995.2         11.2009          0.0625      Successful search (ES-ell)        
     6         393         16969.1         14.8766          0.0625      Successful search (ES-wcm)        
     6         394         16943.5         18.1295          0.0625      Successful search (ES-ell)        
     6         432         16943.5         18.1295         0.03125          Refine grid             
     7         433         17082.4         6.12412         0.03125      Successful search (ES-wcm)        
     7         434         17055.9         6.68749         0.03125      Successful search (ES-ell)        
     7         435         17024.7         8.64891         0.03125      Successful search (ES-ell)        
     7         436         17000.3         14.5047         0.03125      Successful search (ES-wcm)        
     7         478         17000.3         14.5047        0.015625          Refine grid             
     8         479         17117.4          6.5653        0.015625      Successful search (ES-wcm)        
     8         480         17110.7         6.12007        0.015625      Successful search (ES-wcm)        
     8         481         17105.3          7.0319        0.015625      Successful search (ES-ell)        
     8         482           17100         9.15184        0.015625      Successful search (ES-ell)        
     8         483         17097.1         12.6695        0.015625      Successful search (ES-ell)        
     8         484           17086         18.1484        0.015625      Successful search (ES-ell)        
     8         485         17079.9         26.1748        0.015625      Successful search (ES-ell)        
     8         523         17079.9         26.1748       0.0078125          Refine grid             Train
     9         524           17108          6.0373       0.0078125      Successful search (ES-ell)        
     9         525         17102.6         6.13347       0.0078125      Successful search (ES-ell)        
     9         526         17096.2         6.48816       0.0078125      Successful search (ES-ell)        
     9         527         17089.8          7.5141       0.0078125      Successful search (ES-ell)        
     9         528         17082.2         9.04169       0.0078125      Successful search (ES-ell)        
     9         529         17076.8         11.2503       0.0078125      Successful search (ES-ell)        
     9         530         17075.4         15.6437       0.0078125      Successful search (ES-ell)        
     9         568         17075.4         15.6437      0.00390625          Refine grid             
    10         569         17121.5         7.00586      0.00390625      Successful search (ES-ell)        
    10         570         17120.1         7.01396      0.00390625      Successful search (ES-ell)        
    10         571         17118.5         7.01864      0.00390625      Successful search (ES-ell)        
    10         572         17117.7         7.44267      0.00390625      Successful search (ES-ell)        
    10         573         17111.5         7.86567      0.00390625      Successful search (ES-ell)        
    10         574         17108.9         8.66432      0.00390625      Successful search (ES-ell)        
    10         576         17083.3         5.38405      0.00390625      Successful search (ES-ell)        
    10         577         17007.6         6.09662      0.00390625      Successful search (ES-ell)        
    10         578         16900.9         8.74716      0.00390625      Successful search (ES-ell)        
    10         579         16785.7         10.8864      0.00390625      Successful search (ES-ell)        
    10         580         16736.3         14.1921      0.00390625      Successful search (ES-ell)        
    10         615         16736.3         14.1921      0.00195312          Refine grid             
    11         616         17114.3         5.89712      0.00195312      Successful search (ES-ell)        
    11         617         17110.7          5.8911      0.00195312      Successful search (ES-ell)        
    11         618         17107.2         5.83519      0.00195312      Successful search (ES-ell)        
    11         619         17102.2         5.80374      0.00195312      Successful search (ES-ell)        
    11         620         17096.2         5.75325      0.00195312      Successful search (ES-ell)        
    11         621           17085         5.83129      0.00195312      Successful search (ES-ell)        
    11         622         17080.1         5.85092      0.00195312      Successful search (ES-wcm)        
    11         623         17063.7         6.24934      0.00195312      Successful search (ES-ell)        
    11         624         17038.8         7.01516      0.00195312      Successful search (ES-ell)        
    11         625         17012.5         7.82245      0.00195312      Successful search (ES-ell)        
    11         627         17005.6         8.13131      0.00195312      Successful search (ES-ell)        
    11         660         17005.6         8.13131     0.000976562          Refine grid             
Optimization terminated: change in the function value less than options['tol_mesh']
Estimated function value at minimum: 17136.417168259384 ± 3.8451846524298245 (mean ± SEM from 100 samples)
BADS minimum at: x_min = [6.70000e-03 7.66470e+00 7.24630e+00 4.18233e+01 1.63750e+00 2.47277e+01
 4.03300e-01 2.96200e-01 5.21770e+00 1.90850e+00 1.99570e+00 4.57800e-01], training NLL = 17136.4172
total f-count: 760, time: 32.59 min

 ------- Finish Optimization for Subject 15 ---------- 

 ------- Start Optimization for Subject 20 ---------- 

 Cross Validation fold 0/1

 -- Start Optimization: method BADS --

 Optimization Run 1/1
Initial params: [0.9184, 8.537, 4.9494, 13.668, 4.9917, 29.2817, 0.463, 14.8357, 2.814, 0.1939, 0.474, 0.4553]
bads:TooCloseBounds: For each variable, hard and plausible bounds should not be too close. Moving plausible bounds.
Variables (index) internally transformed to log coordinates: [[ 0  0]
 [ 0  3]
 [ 0  7]
 [ 0  8]
 [ 0  9]
 [ 0 10]
 [ 0 11]]
Beginning optimization of a STOCHASTIC objective function

 Iteration    f-count      E[f(x)]        SD[f(x)]           MeshScale          Method              Actions
     0           1         30782.7             nan               1                                  
     0          28         29212.5             nan               1          Initial mesh            Initial points
     0          34         27674.4         1.00899               1        Successful poll           Train
     1          41         27670.9         1.00703               1      Successful search (ES-wcm)        
     1          44         27607.8         0.99723               1      Successful search (ES-wcm)        
     1          45         27493.2         1.00381               1      Successful search (ES-wcm)        
     1          52         27397.2        0.983845               1      Successful search (ES-wcm)        
     1          54         26944.3         0.97624               1      Successful search (ES-wcm)        
     1          55         26926.1        0.976212               1      Successful search (ES-ell)        
     1          56         26713.2        0.976244               1      Successful search (ES-wcm)        
     1          65         26553.6        0.976179               1      Successful search (ES-wcm)        
     1          68         26528.3        0.976086               1      Successful search (ES-wcm)        
     1          76         26480.8        0.975994               1      Successful search (ES-wcm)        
     1          77         26394.3         0.97622               1      Successful search (ES-wcm)        
     1          80         26363.9        0.983774               1      Successful search (ES-wcm)        
     1          83           26224        0.983776               1      Successful search (ES-wcm)        
     1          91           26204        0.983686               1      Successful search (ES-wcm)        
     1          92         26133.2        0.983744               1      Successful search (ES-wcm)        
     1          94         26065.6         0.98377               1      Successful search (ES-wcm)        
     1         108         23754.3         1.00848               1        Successful poll           
     2         116         23686.4         1.00774               1      Successful search (ES-wcm)        
     2         123         23130.2         1.00852               1      Successful search (ES-wcm)        
     2         126         22815.7         1.00842               1      Successful search (ES-wcm)        
     2         128         22682.1         1.00847               1      Successful search (ES-wcm)        
     2         131           21896         1.03088               1      Successful search (ES-ell)        
     2         133         21035.9         1.03088               1      Successful search (ES-ell)        
     2         138         20519.4         1.03088               1      Successful search (ES-ell)        
     2         148         20318.7         1.03086               1      Successful search (ES-ell)        
     2         153         20230.5         1.03069               1      Successful search (ES-ell)        
     2         161         20109.7         0.98069               1      Successful search (ES-wcm)        
     2         162         20005.6        0.980616               1      Successful search (ES-wcm)        
     2         168         19993.6        0.979248               1      Successful search (ES-wcm)        
     2         172           19689        0.980641               1      Successful search (ES-wcm)        
     2         173         19624.2        0.980694               1      Successful search (ES-wcm)        
     2         174         19414.9        0.980708               1      Successful search (ES-wcm)        
     2         177         19312.7        0.980683               1      Successful search (ES-ell)        
     2         178         19290.7        0.980668               1      Successful search (ES-ell)        
     2         182         19165.3         1.12061               1      Successful search (ES-ell)        
     2         183         18524.3         1.12061               1      Successful search (ES-ell)        
     2         185         18429.6         1.12061               1      Successful search (ES-ell)        
     2         187         18227.9         1.12061               1      Successful search (ES-ell)        
     2         197         18107.9          1.1206               1      Successful search (ES-wcm)        
     2         201         18105.1         1.12058               1      Successful search (ES-wcm)        
     2         202         18044.4         1.12055               1      Successful search (ES-wcm)        
     2         213         17960.2         1.12048               1      Successful search (ES-ell)        
     2         215         17910.2         1.11896               1      Successful search (ES-wcm)        
     2         216         17908.3          1.1205               1      Successful search (ES-ell)        
     2         217         17748.8         1.12061               1      Successful search (ES-ell)        
     2         222         17720.3          1.1206               1      Successful search (ES-ell)        
     2         224         17424.2          1.1206               1      Successful search (ES-ell)        
     2         233         17412.1         1.12056               1      Successful search (ES-ell)        
     2         234         17321.9         1.12059               1      Successful search (ES-ell)        
     2         246         17288.1         1.13608               1      Successful search (ES-ell)        
     2         248         17244.3         1.13617               1      Successful search (ES-ell)        
     2         280         17244.3         1.13617             0.5          Refine grid             
     3         285         17260.8         1.13269             0.5      Successful search (ES-ell)        
     3         287         17213.1         1.13238             0.5      Successful search (ES-ell)        
     3         323         17213.1         1.13238            0.25          Refine grid             
     4         328         17213.6         2.71941            0.25      Successful search (ES-ell)        
     4         366         17213.6         2.71941           0.125          Refine grid             Train
     5         368         17256.2         2.72317           0.125      Successful search (ES-ell)        
     5         375         17246.8         2.61029           0.125      Successful search (ES-ell)        
     5         378         17221.4         2.54461           0.125      Successful search (ES-ell)        
     5         385         17217.6         2.34499           0.125      Successful search (ES-ell)        
     5         386         17197.6         2.48346           0.125      Successful search (ES-ell)        
     5         423         17197.6         2.48346          0.0625          Refine grid             
     6         424           17225         14.4291          0.0625      Successful search (ES-ell)        
     6         470           17225         14.4291         0.03125          Refine grid             Train
     7         471         17203.8         8.68453         0.03125      Successful search (ES-wcm)        
     7         472         17043.4         10.9116         0.03125      Successful search (ES-ell)        
     7         473         17036.3         20.0443         0.03125      Successful search (ES-ell)        
     7         516         17036.3         20.0443        0.015625          Refine grid             Train
     8         517         17241.5         6.46942        0.015625      Successful search (ES-ell)        
     8         518         17233.7         6.76834        0.015625      Successful search (ES-ell)        
     8         519         17228.3         8.72581        0.015625      Successful search (ES-ell)        
     8         521         17221.6         10.1886        0.015625      Successful search (ES-ell)        
     8         562         17221.6         10.1886       0.0078125          Refine grid             
     9         563         17238.7         5.45495       0.0078125      Successful search (ES-wcm)        
     9         564         17236.6         6.16795       0.0078125      Successful search (ES-wcm)        
     9         565         17232.3         6.53929       0.0078125      Successful search (ES-ell)        
     9         566         17224.9         8.24976       0.0078125      Successful search (ES-ell)        
     9         568           17224         11.5575       0.0078125      Successful search (ES-ell)        
     9         608           17224         11.5575      0.00390625          Refine grid             
    10         609         17228.8         6.51194      0.00390625      Successful search (ES-ell)        
    10         610           17222         6.81822      0.00390625      Successful search (ES-ell)        
    10         611         17216.1          8.0778      0.00390625      Successful search (ES-ell)        
    10         612         17206.3          11.017      0.00390625      Successful search (ES-ell)        
    10         613         17197.9         13.2116      0.00390625      Successful search (ES-ell)        
    10         656         17197.9         13.2116      0.00195312          Refine grid             Train
    11         657         17239.2         5.50154      0.00195312      Successful search (ES-ell)        
    11         658         17237.9         5.72032      0.00195312      Successful search (ES-ell)        
    11         662         17237.7         5.71746      0.00195312      Successful search (ES-ell)        
    11         663         17237.5         6.20846      0.00195312      Successful search (ES-ell)        
    11         664         17236.6         6.77521      0.00195312      Successful search (ES-ell)        
    11         665         17234.7         7.60126      0.00195312      Successful search (ES-ell)        
    11         666         17234.6         8.65711      0.00195312      Successful search (ES-ell)        
    11         704         17234.6         8.65711     0.000976562          Refine grid             Train
Optimization terminated: change in the function value less than options['tol_mesh']
Estimated function value at minimum: 17233.68258304398 ± 4.290426283704747 (mean ± SEM from 100 samples)
BADS minimum at: x_min = [0.0437 3.0862 7.4407 5.13   2.9587 7.9986 0.564  0.1252 5.4498 1.5688
 1.0347 0.206 ], training NLL = 17233.6826
total f-count: 804, time: 34.51 min

 ------- Finish Optimization for Subject 20 ---------- 

 ------- Start Optimization for Subject 25 ---------- 

 Cross Validation fold 0/1

 -- Start Optimization: method BADS --

 Optimization Run 1/1
Initial params: [1.9973, 5.0342, 13.8578, 10.9833, 0.3964, 28.6654, 0.3827, 29.0439, 0.454, 0.8609, 0.3851, 0.5224]
bads:TooCloseBounds: For each variable, hard and plausible bounds should not be too close. Moving plausible bounds.
Variables (index) internally transformed to log coordinates: [[ 0  0]
 [ 0  3]
 [ 0  7]
 [ 0  8]
 [ 0  9]
 [ 0 10]
 [ 0 11]]
Beginning optimization of a STOCHASTIC objective function

 Iteration    f-count      E[f(x)]        SD[f(x)]           MeshScale          Method              Actions
     0           1         30894.2             nan               1                                  
     0          28         29122.3             nan               1          Initial mesh            Initial points
     0          41         27523.6        0.988406               1        Successful poll           Train
     1          42         27485.8        0.988431               1      Successful search (ES-wcm)        
     1          46         25834.8        0.988342               1      Successful search (ES-wcm)        
     1          47         24571.8         0.98842               1      Successful search (ES-ell)        
     1          50         24187.9        0.988357               1      Successful search (ES-ell)        
     1          54         23226.3        0.732471               1      Successful search (ES-ell)        
     1          57         22694.5         0.73245               1      Successful search (ES-ell)        
     1          60         21716.5        0.732415               1      Successful search (ES-ell)        
     1          63         21571.7        0.732362               1      Successful search (ES-ell)        
     1          68           21496        0.732117               1      Successful search (ES-ell)        
     1          69         21386.2        0.732205               1      Successful search (ES-wcm)        
     1          76         21312.6        0.724609               1      Successful search (ES-wcm)        
     1          88         21307.8        0.444224               1      Successful search (ES-ell)        
     1          97         21287.6        0.462581               1      Successful search (ES-ell)        
     1          98         21234.4        0.457906               1      Successful search (ES-ell)        
     1         129         21116.7        0.570259               1        Successful poll           Train
     2         131         21043.6         0.85504               1      Successful search (ES-ell)        
     2         135         20906.2        0.855039               1      Successful search (ES-ell)        
     2         137           20895         0.85504               1      Successful search (ES-ell)        
     2         139         20848.2         0.85504               1      Successful search (ES-ell)        
     2         143         20576.5        0.855041               1      Successful search (ES-ell)        
     2         144         20368.2        0.855041               1      Successful search (ES-ell)        
     2         149         20257.6         0.85504               1      Successful search (ES-ell)        
     2         160         20002.2        0.911171               1      Successful search (ES-ell)        
     2         176         19977.8         0.90549               1      Successful search (ES-ell)        
     2         188         19946.8          1.0128               1      Successful search (ES-ell)        
     2         216         19946.8          1.0128             0.5          Refine grid             Train
     3         225         19930.2         2.27033             0.5      Successful search (ES-ell)        
     3         257         19930.2         2.27033            0.25          Refine grid             Train
     4         262         19884.3         1.07047            0.25      Successful search (ES-ell)        
     4         263         19867.7         1.07051            0.25      Successful search (ES-ell)        
     4         265         19780.7         1.07035            0.25      Successful search (ES-ell)        
     4         300         19694.2          1.1345             0.5        Successful poll           
     5         329         19694.2          1.1345            0.25          Refine grid             Train
     6         330         19784.9         35.8819            0.25      Successful search (ES-ell)        
     6         331         19733.7         37.9941            0.25      Successful search (ES-ell)        
     6         372         19733.7         37.9941           0.125          Refine grid             
     7         373         19798.7         17.5105           0.125      Successful search (ES-ell)        
     7         374         19786.4         24.4515           0.125      Successful search (ES-ell)        
     7         390         19776.1         12.6572           0.125      Successful search (ES-ell)        
     7         391         19762.4         13.4676           0.125      Successful search (ES-ell)        
     7         393         19759.4         15.1472           0.125      Successful search (ES-ell)        
     7         394         19759.1         18.0884           0.125      Successful search (ES-ell)        
     7         395         19755.2         19.6188           0.125      Successful search (ES-ell)        
     7         396         19743.7         25.3111           0.125      Successful search (ES-ell)        
     7         397         19737.1         36.0921           0.125      Successful search (ES-ell)        
     7         398         19702.3         39.2976           0.125      Successful search (ES-ell)        
     7         440         19702.3         39.2976          0.0625          Refine grid             
     8         441         19774.5         13.0648          0.0625      Successful search (ES-ell)        
     8         442         19760.2          19.713          0.0625      Successful search (ES-ell)        
     8         443         19757.2          34.336          0.0625      Successful search (ES-ell)        
     8         444         19713.5         44.0128          0.0625      Successful search (ES-ell)        
     8         447         19678.9          34.575          0.0625      Successful search (ES-ell)        
     8         485         19678.9          34.575         0.03125          Refine grid             
     9         486         19694.9         10.4742         0.03125      Successful search (ES-ell)        
     9         487         19680.7         12.8461         0.03125      Successful search (ES-ell)        
     9         488         19666.4         17.7742         0.03125      Successful search (ES-ell)        
     9         530         19666.4         17.7742        0.015625          Refine grid             Train
    10         531         19677.8         8.51469        0.015625      Successful search (ES-ell)        
    10         532           19675         10.5342        0.015625      Successful search (ES-ell)        
    10         533         19666.8         15.0769        0.015625      Successful search (ES-ell)        
    10         534         19650.9         19.6093        0.015625      Successful search (ES-ell)        
    10         575         19650.9         19.6093       0.0078125          Refine grid             Train
    11         576           19676         7.85234       0.0078125      Successful search (ES-ell)        
    11         577         19668.2         9.17941       0.0078125      Successful search (ES-ell)        
    11         578         19661.3         11.4398       0.0078125      Successful search (ES-ell)        
    11         579         19651.1         15.4778       0.0078125      Successful search (ES-ell)        
    11         620         19651.1         15.4778      0.00390625          Refine grid             
    12         621         19685.4         8.27193      0.00390625      Successful search (ES-ell)        
    12         624         19683.5         8.35954      0.00390625      Successful search (ES-wcm)        
    12         625         19683.1         8.57703      0.00390625      Successful search (ES-wcm)        
    12         626         19682.4         9.05839      0.00390625      Successful search (ES-wcm)        
    12         628           19680         9.31596      0.00390625      Successful search (ES-wcm)        
    12         629         19678.7          10.042      0.00390625      Successful search (ES-wcm)        
    12         630         19676.3         10.4212      0.00390625      Successful search (ES-ell)        
    12         631         19670.7         12.3526      0.00390625      Successful search (ES-ell)        
    12         632         19663.3         14.2103      0.00390625      Successful search (ES-ell)        
    12         633         19661.1          14.376      0.00390625      Successful search (ES-ell)        
    12         634         19651.8         12.2084      0.00390625      Successful search (ES-ell)        
    12         635         19645.5         12.3579      0.00390625      Successful search (ES-ell)        
    12         636           19637         13.3679      0.00390625      Successful search (ES-ell)        
    12         637         19636.4         15.6446      0.00390625      Successful search (ES-wcm)        
    12         677         19636.4         15.6446      0.00195312          Refine grid             
    13         710         19683.8         7.01904     0.000976562          Refine grid             Train
Optimization terminated: change in the function value less than options['tol_mesh']
Estimated function value at minimum: 19692.78825542604 ± 5.674041944664721 (mean ± SEM from 100 samples)
BADS minimum at: x_min = [ 1.6084  2.9767  4.7486  0.7816 -0.0679  4.7517  0.5932  0.2418  7.0532
  0.      2.      0.426 ], training NLL = 19692.7883
total f-count: 810, time: 34.67 min

 ------- Finish Optimization for Subject 25 ---------- 
