device is : cuda
['base', '4', 'all', 'bads', '1']

 ------- Start Optimization for Subject 2 ---------- 

 Cross Validation fold 0/1

 -- Start Optimization: method BADS --

 Optimization Run 1/1
Initial params: [1.8051, 8.9749, 9.5325, 1.2471, -3.7634, 27.3824, 0.6859, 46.3543, 3.4921, 0.9318, 0.0322, 0.6897]
bads:TooCloseBounds: For each variable, hard and plausible bounds should not be too close. Moving plausible bounds.
Variables (index) internally transformed to log coordinates: [[ 0  0]
 [ 0  3]
 [ 0  7]
 [ 0  8]
 [ 0  9]
 [ 0 10]
 [ 0 11]]
Beginning optimization of a STOCHASTIC objective function

 Iteration    f-count      E[f(x)]        SD[f(x)]           MeshScale          Method              Actions
     0           1         31806.7             nan               1                                  
     0          28         29596.2             nan               1          Initial mesh            Initial points
     0          38         28611.3        0.999919               1        Successful poll           Train
     1          43         28372.4        0.999093               1      Successful search (ES-wcm)        
     1          44         28306.9        0.999459               1      Successful search (ES-wcm)        
     1          46           26760        0.999513               1      Successful search (ES-wcm)        
     1          47         22994.9        0.999772               1      Successful search (ES-wcm)        
     1          57         22733.4        0.956392               1      Successful search (ES-wcm)        
     1          58         22072.7        0.956393               1      Successful search (ES-ell)        
     1          59         21900.9        0.956384               1      Successful search (ES-ell)        
     1          67         21854.2        0.956374               1      Successful search (ES-ell)        
     1          69         21814.7        0.956317               1      Successful search (ES-ell)        
     1          73         21760.1        0.954865               1      Successful search (ES-ell)        
     1          99         21708.5          1.0137               1        Successful poll           
     2         102         21684.9          1.0137               1      Successful search (ES-ell)        
     2         104         21126.5          1.0427               1      Successful search (ES-ell)        
     2         107         21070.3          1.0427               1      Successful search (ES-ell)        
     2         108         20933.1          1.0427               1      Successful search (ES-wcm)        
     2         115         20720.9         1.04269               1      Successful search (ES-ell)        
     2         120         20564.8         1.04261               1      Successful search (ES-ell)        
     2         128         20487.5         1.04265               1      Successful search (ES-ell)        
     2         130         20285.4         1.12453               1      Successful search (ES-ell)        
     2         131         20065.8         1.12456               1      Successful search (ES-ell)        
     2         141         20063.9         1.12414               1      Successful search (ES-ell)        
     2         150           20033         1.12455               1      Successful search (ES-ell)        
     2         187           20033         1.12455             0.5          Refine grid             Train
     3         194         20023.1        0.917606             0.5      Successful search (ES-ell)        
     3         202         20001.3         0.91772             0.5      Successful search (ES-ell)        
     3         210         19963.8        0.914793             0.5      Successful search (ES-ell)        
     3         213           19945        0.917743             0.5      Successful search (ES-ell)        
     3         219         19940.8        0.917627             0.5      Successful search (ES-ell)        
     3         222         19861.9         0.91731             0.5      Successful search (ES-ell)        
     3         223         19830.7        0.917411             0.5      Successful search (ES-ell)        
     3         231         19807.3        0.917031             0.5      Successful search (ES-ell)        
     3         233         19764.5        0.917217             0.5      Successful search (ES-ell)        
     3         243         19740.7         1.11925             0.5      Successful search (ES-ell)        
     3         253         19659.2         1.11958             0.5      Successful search (ES-ell)        
     3         292         19659.2         1.11958            0.25          Refine grid             Train
     4         293         19615.7         41.2927            0.25      Successful search (ES-ell)        
     4         306         19613.1         33.4989            0.25      Successful search (ES-wcm)        
     4         349         19613.1         33.4989           0.125          Refine grid             Train
     5         351         19625.8         20.5069           0.125      Successful search (ES-ell)        
     5         353         19625.5         27.5285           0.125      Successful search (ES-ell)        
     5         354         19625.3         33.7682           0.125      Successful search (ES-ell)        
     5         395         19625.3         33.7682          0.0625          Refine grid             
     6         396           19630         12.4365          0.0625      Successful search (ES-ell)        
     6         397           19616         24.4112          0.0625      Successful search (ES-ell)        
     6         398         19583.6         32.5165          0.0625      Successful search (ES-ell)        
     6         400           19538         29.5877          0.0625      Successful search (ES-ell)        
     6         402         19504.5         39.9072          0.0625      Successful search (ES-ell)        
     6         408         19499.3         27.5355          0.0625      Successful search (ES-ell)        
     6         409         19471.1         38.8993          0.0625      Successful search (ES-ell)        
     6         410         19470.3         42.5312          0.0625      Successful search (ES-ell)        
     6         420         19459.4         21.3312          0.0625      Successful search (ES-wcm)        
     6         465         19459.4         21.3312         0.03125          Refine grid             
     7         467           19508         7.42353         0.03125      Successful search (ES-wcm)        
     7         468         19498.6         9.63441         0.03125      Successful search (ES-wcm)        
     7         469         19482.6         18.8079         0.03125      Successful search (ES-wcm)        
     7         470         19481.3         37.9393         0.03125      Successful search (ES-wcm)        
     7         471         19479.4         48.0593         0.03125      Successful search (ES-wcm)        
     7         473         19372.9         43.6588         0.03125      Successful search (ES-ell)        
     7         474         19336.9         46.9804         0.03125      Successful search (ES-ell)        
     7         483         19336.2         17.0238         0.03125      Successful search (ES-ell)        
     7         484         19332.6         16.9764         0.03125      Successful search (ES-ell)        
     7         490         19328.4         22.5667         0.03125      Successful search (ES-ell)        
     7         492           19313         29.5823         0.03125      Successful search (ES-ell)        
     7         502         19311.4         23.9064         0.03125      Successful search (ES-ell)        
     7         515         19309.3         18.2841         0.03125      Successful search (ES-ell)        
     7         516         19279.6         27.8514         0.03125      Successful search (ES-ell)        
     7         559         19279.6         27.8514        0.015625          Refine grid             
     8         560         19285.2         8.15402        0.015625      Successful search (ES-wcm)        
     8         561         19275.7         10.1193        0.015625      Successful search (ES-wcm)        
     8         563         19266.3         13.7105        0.015625      Successful search (ES-wcm)        
     8         564         19252.4         20.9735        0.015625      Successful search (ES-wcm)        
     8         605         19252.4         20.9735       0.0078125          Refine grid             Train
     9         607         19278.4          7.9129       0.0078125      Successful search (ES-ell)        
     9         608         19276.9         8.50744       0.0078125      Successful search (ES-ell)        
     9         609         19273.4         10.7447       0.0078125      Successful search (ES-ell)        
     9         610         19268.5         13.5256       0.0078125      Successful search (ES-ell)        
     9         651         19268.5         13.5256      0.00390625          Refine grid             Train
    10         652         19272.4         6.43596      0.00390625      Successful search (ES-ell)        
    10         653         19268.5         6.89128      0.00390625      Successful search (ES-ell)        
    10         654         19268.1         8.20405      0.00390625      Successful search (ES-ell)        
    10         697         19268.1         8.20405      0.00195312          Refine grid             
    11         698         19277.3         5.44986      0.00195312      Successful search (ES-ell)        
    11         700         19276.2         5.65401      0.00195312      Successful search (ES-ell)        
    11         701           19276         6.10046      0.00195312      Successful search (ES-ell)        
    11         702           19276         6.11711      0.00195312      Successful search (ES-wcm)        
    11         703         19272.8         6.16283      0.00195312      Successful search (ES-wcm)        
    11         704         19269.6         6.77726      0.00195312      Successful search (ES-wcm)        
    11         705         19266.2         9.00343      0.00195312      Successful search (ES-ell)        
    11         706         19258.5         11.6572      0.00195312      Successful search (ES-ell)        
    11         708         19257.4         13.9066      0.00195312      Successful search (ES-ell)        
    11         743         19257.4         13.9066     0.000976562          Refine grid             
Optimization terminated: change in the function value less than options['tol_mesh']
Estimated function value at minimum: 19277.330211509026 ± 4.548493972586114 (mean ± SEM from 100 samples)
BADS minimum at: x_min = [0.0532 5.4409 4.7535 2.2077 1.0541 9.6395 0.5242 0.3571 4.4741 2.
 1.9974 0.2645], training NLL = 19277.3302
total f-count: 843, time: 36.23 min

 ------- Finish Optimization for Subject 2 ---------- 

 ------- Start Optimization for Subject 3 ---------- 

 Cross Validation fold 0/1

 -- Start Optimization: method BADS --

 Optimization Run 1/1
Initial params: [0.9609, 5.1435, 7.0282, 19.6817, -2.4641, 10.4768, 0.6482, 13.7633, 1.1077, 0.3175, 0.6987, 0.8433]
bads:TooCloseBounds: For each variable, hard and plausible bounds should not be too close. Moving plausible bounds.
Variables (index) internally transformed to log coordinates: [[ 0  0]
 [ 0  3]
 [ 0  7]
 [ 0  8]
 [ 0  9]
 [ 0 10]
 [ 0 11]]
Beginning optimization of a STOCHASTIC objective function

 Iteration    f-count      E[f(x)]        SD[f(x)]           MeshScale          Method              Actions
     0           1         30969.8             nan               1                                  
     0          28         29622.7             nan               1          Initial mesh            Initial points
     0          31         28070.5        0.999786               1        Successful poll           Train
     1          39         28068.1        0.996788               1      Successful search (ES-ell)        
     1          40         27813.3        0.998098               1      Successful search (ES-ell)        
     1          42         27766.3        0.994491               1      Successful search (ES-ell)        
     1          50         27657.4        0.974065               1      Successful search (ES-ell)        
     1          52         27566.4          0.9525               1      Successful search (ES-ell)        
     1          54         27296.9        0.992569               1      Successful search (ES-ell)        
     1          55           27181        0.992584               1      Successful search (ES-ell)        
     1          56         26579.5        0.992693               1      Successful search (ES-ell)        
     1          62           26569        0.992659               1      Successful search (ES-ell)        
     1          66         26532.9        0.992281               1      Successful search (ES-ell)        
     1          67         26494.3        0.992639               1      Successful search (ES-wcm)        
     1          70         26275.6        0.992651               1      Successful search (ES-ell)        
     1          72         26184.4        0.992654               1      Successful search (ES-ell)        
     1          77         26148.4        0.992513               1      Successful search (ES-ell)        
     1          79         26087.7        0.995456               1      Successful search (ES-ell)        
     1          81         25913.3        0.995477               1      Successful search (ES-wcm)        
     1          86         25884.1        0.995472               1      Successful search (ES-wcm)        
     1          88         25823.5        0.995465               1      Successful search (ES-wcm)        
     1          97         25813.6        0.995349               1      Successful search (ES-wcm)        
     1         129           25776         1.00766               1        Successful poll           Train
     2         150         25747.7         1.12882               1        Successful poll           Train
     3         179         25747.7         1.12882             0.5          Refine grid             Train
     4         180         25706.7         26.4172             0.5      Successful search (ES-wcm)        
     4         225         25706.7         26.4172            0.25          Refine grid             Train
     5         226         25744.8         23.1497            0.25      Successful search (ES-ell)        
     5         239         25731.4         17.9102            0.25      Successful search (ES-ell)        
     5         283         25731.4         17.9102           0.125          Refine grid             Train
     6         285         25734.3         8.79522           0.125      Successful search (ES-wcm)        
     6         297         25732.1         7.82049           0.125      Successful search (ES-ell)        
     6         298         25723.8         14.1792           0.125      Successful search (ES-ell)        
     6         300         25721.4         15.1387           0.125      Successful search (ES-ell)        
     6         341         25721.4         15.1387          0.0625          Refine grid             Train
     7         343         25739.7         4.62078          0.0625      Successful search (ES-wcm)        
     7         344         25735.9         7.95207          0.0625      Successful search (ES-wcm)        
     7         388         25735.9         7.95207         0.03125          Refine grid             
     8         389         25739.2         4.85476         0.03125      Successful search (ES-ell)        
     8         392           25739         5.26171         0.03125      Successful search (ES-wcm)        
     8         393         25737.9         8.22378         0.03125      Successful search (ES-wcm)        
     8         394         25733.3         9.46944         0.03125      Successful search (ES-ell)        
     8         395         25730.8         7.62831         0.03125      Successful search (ES-ell)        
     8         397         25730.4         8.33512         0.03125      Successful search (ES-ell)        
     8         398         25728.3         9.63903         0.03125      Successful search (ES-ell)        
     8         399         25722.8         11.3094         0.03125      Successful search (ES-ell)        
     8         436         25722.8         11.3094        0.015625          Refine grid             
     9         437         25740.5         4.45792        0.015625      Successful search (ES-ell)        
     9         438         25738.2         4.98823        0.015625      Successful search (ES-ell)        
     9         461           25664         14.9143         0.03125        Successful poll           
    10         462         25734.5         4.39521         0.03125      Successful search (ES-wcm)        
    10         463         25730.3         6.44706         0.03125      Successful search (ES-wcm)        
    10         493         25702.5         14.9793          0.0625        Successful poll           Train
    11         494         25737.5         6.21962          0.0625      Successful search (ES-ell)        
    11         495         25732.7         11.0724          0.0625      Successful search (ES-ell)        
    11         540         25732.7         11.0724         0.03125          Refine grid             
    12         541         25733.3         4.45299         0.03125      Successful search (ES-ell)        
    12         542         25727.7         5.84597         0.03125      Successful search (ES-ell)        
    12         544         25727.5         9.88566         0.03125      Successful search (ES-wcm)        
    12         575         25676.9         4.81657          0.0625        Successful poll           
    13         576         25694.4         4.59555          0.0625      Successful search (ES-wcm)        
    13         577           25689         6.00127          0.0625      Successful search (ES-wcm)        
    13         622           25689         6.00127         0.03125          Refine grid             Train
    14         623         25724.3         4.70641         0.03125      Successful search (ES-ell)        
    14         624           25720         6.23373         0.03125      Successful search (ES-ell)        
    14         669           25720         6.23373        0.015625          Refine grid             
    15         670           25733         4.10357        0.015625      Successful search (ES-ell)        
    15         671         25731.1         5.07661        0.015625      Successful search (ES-ell)        
    15         672         25727.9         6.91537        0.015625      Successful search (ES-ell)        
    15         673         25725.3         10.0836        0.015625      Successful search (ES-ell)        
    15         717         25725.3         10.0836       0.0078125          Refine grid             
    16         718         25734.8         4.09298       0.0078125      Successful search (ES-wcm)        
    16         765         25734.8         4.09298      0.00390625          Refine grid             
    17         766         25734.3         4.45175      0.00390625      Successful search (ES-ell)        
    17         768         25733.1         4.57912      0.00390625      Successful search (ES-wcm)        
    17         797         25733.1         4.52891       0.0078125        Successful poll           Train
    18         798         25734.1         3.17778       0.0078125      Successful search (ES-ell)        
    18         799         25732.7         4.44842       0.0078125      Successful search (ES-ell)        
    18         800         25729.1         6.61874       0.0078125      Successful search (ES-ell)        
    18         801         25725.2         9.09532       0.0078125      Successful search (ES-ell)        
    18         802         25720.2         12.1222       0.0078125      Successful search (ES-ell)        
    18         845         25720.2         12.1222      0.00390625          Refine grid             
    19         846         25735.5         3.10096      0.00390625      Successful search (ES-ell)        
    19         847         25734.1         3.59783      0.00390625      Successful search (ES-ell)        
    19         848         25731.4         4.66882      0.00390625      Successful search (ES-ell)        
    19         849         25729.3         6.51466      0.00390625      Successful search (ES-ell)        
    19         851         25728.3         7.37944      0.00390625      Successful search (ES-wcm)        
    19         893         25728.3         7.37944      0.00195312          Refine grid             
    20         894         25735.3          8.2043      0.00195312      Successful search (ES-wcm)        
    20         899         25733.3         6.45407      0.00195312      Successful search (ES-ell)        
    20         900         25732.6         6.24435      0.00195312      Successful search (ES-ell)        
    20         902         25732.6         5.85003      0.00195312      Successful search (ES-ell)        
    20         941         25732.6         5.85003     0.000976562          Refine grid             Train
Optimization terminated: change in the function value less than options['tol_mesh']
Estimated function value at minimum: 25736.750809795194 ± 2.5850994976400132 (mean ± SEM from 100 samples)
BADS minimum at: x_min = [ 0.4862  6.8432 15.2023  3.1274  1.5724 43.6458  0.7401  3.611   1.3354
  1.7785  1.5946  0.2184], training NLL = 25736.7508
total f-count: 1041, time: 44.44 min

 ------- Finish Optimization for Subject 3 ---------- 

 ------- Start Optimization for Subject 5 ---------- 

 Cross Validation fold 0/1

 -- Start Optimization: method BADS --

 Optimization Run 1/1
Initial params: [0.9857, 5.1959, 7.4601, 6.1693, 4.9981, 15.0215, 0.681, 37.6583, 3.6547, 0.296, 0.65, 0.0424]
bads:TooCloseBounds: For each variable, hard and plausible bounds should not be too close. Moving plausible bounds.
Variables (index) internally transformed to log coordinates: [[ 0  0]
 [ 0  3]
 [ 0  7]
 [ 0  8]
 [ 0  9]
 [ 0 10]
 [ 0 11]]
Beginning optimization of a STOCHASTIC objective function

 Iteration    f-count      E[f(x)]        SD[f(x)]           MeshScale          Method              Actions
     0           1         31193.3             nan               1                                  
     0          28           29109             nan               1          Initial mesh            Initial points
     0          35         28270.8        0.999954               1        Successful poll           Train
     1          40         28250.8        0.999694               1      Successful search (ES-wcm)        
     1          41         28052.4        0.999837               1      Successful search (ES-wcm)        
     1          45         27608.4        0.998282               1      Successful search (ES-wcm)        
     1          51         27414.8        0.999605               1      Successful search (ES-wcm)        
     1          52         26900.2        0.999647               1      Successful search (ES-wcm)        
     1          54         26033.3         1.00738               1      Successful search (ES-wcm)        
     1          55         25075.8         1.00738               1      Successful search (ES-wcm)        
     1          58         24783.1         1.00736               1      Successful search (ES-ell)        
     1          59         24017.5         1.00736               1      Successful search (ES-ell)        
     1          60         23043.9         1.00736               1      Successful search (ES-ell)        
     1          63           22932         1.00735               1      Successful search (ES-ell)        
     1          64           22705         1.00736               1      Successful search (ES-ell)        
     1          65         22486.4         1.00735               1      Successful search (ES-wcm)        
     1          66         22317.5         1.00733               1      Successful search (ES-wcm)        
     1          69         21667.9         1.00718               1      Successful search (ES-wcm)        
     1          70         20405.1         1.00737               1      Successful search (ES-wcm)        
     1          74         20401.4         1.00729               1      Successful search (ES-ell)        
     1          76         20326.3         1.00735               1      Successful search (ES-wcm)        
     1          78         19930.4         1.00698               1      Successful search (ES-wcm)        
     1          79         19672.7        0.996619               1      Successful search (ES-wcm)        
     1          93         19660.3        0.989743               1      Successful search (ES-wcm)        
     1          94         19649.4         0.99484               1      Successful search (ES-wcm)        
     1          95         19587.4        0.994264               1      Successful search (ES-ell)        
     1         100         19503.5        0.995296               1      Successful search (ES-ell)        
     1         101         19417.6        0.996466               1      Successful search (ES-ell)        
     1         104         19225.4         1.12074               1      Successful search (ES-ell)        
     1         115         19113.8         1.11901               1      Successful search (ES-ell)        
     1         116         18997.4         1.11993               1      Successful search (ES-ell)        
     1         127         18969.9          1.1104               1      Successful search (ES-ell)        
     1         128         18905.2         1.11758               1      Successful search (ES-ell)        
     1         129         18848.4         1.20474               1      Successful search (ES-ell)        
     1         135         18632.5         1.20473               1      Successful search (ES-ell)        
     1         150         18612.3          1.2034               1      Successful search (ES-ell)        
     1         183         18612.3          1.2034             0.5          Refine grid             Train
     2         213         18613.4         1.03233            0.25          Refine grid             Train
     3         218         18630.1         1.02407            0.25      Successful search (ES-ell)        
     3         240         18319.2         1.03422             0.5        Successful poll           Train
     4         246         18254.9         1.02943             0.5      Successful search (ES-ell)        
     4         261         18238.2         1.02941             0.5      Successful search (ES-ell)        
     4         262         18189.3         1.02942             0.5      Successful search (ES-ell)        
     4         269         18100.1         1.02943             0.5      Successful search (ES-ell)        
     4         307         18100.1         1.02943            0.25          Refine grid             Train
     5         341         18100.3         1.11853           0.125          Refine grid             Train
     6         376         18101.8         1.13383          0.0625          Refine grid             Train
     7         411         18106.1          1.2557         0.03125          Refine grid             Train
     8         425         18136.1         6.66066          0.0625        Successful poll           Train
     9         428         18085.1         8.10997          0.0625      Successful search (ES-ell)        
     9         429         18072.9         12.0263          0.0625      Successful search (ES-ell)        
     9         472         18072.9         12.0263         0.03125          Refine grid             
    10         507         18162.7         1.08599        0.015625          Refine grid             
    11         508         18190.2         1.13168        0.015625      Successful search (ES-ell)        
    11         510         18184.1          1.1331        0.015625      Successful search (ES-ell)        
    11         511         18062.8         1.14025        0.015625      Successful search (ES-ell)        
    11         554         18062.8         1.14025       0.0078125          Refine grid             Train
    12         556         18189.2        0.739313       0.0078125      Successful search (ES-ell)        
    12         567         18186.2         6.13966       0.0078125      Successful search (ES-ell)        
    12         568         18153.7         7.66326       0.0078125      Successful search (ES-wcm)        
    12         569         18101.1         11.4385       0.0078125      Successful search (ES-wcm)        
    12         570         18059.1         14.5254       0.0078125      Successful search (ES-wcm)        
    12         571         17992.6         21.6434       0.0078125      Successful search (ES-wcm)        
    12         614         17992.6         21.6434      0.00390625          Refine grid             
    13         615         18208.5         6.75598      0.00390625      Successful search (ES-wcm)        
    13         616         18205.3         6.57526      0.00390625      Successful search (ES-wcm)        
    13         617         18200.9          6.4211      0.00390625      Successful search (ES-wcm)        
    13         662         18200.9          6.4211      0.00195312          Refine grid             
    14         663         18174.4        0.878997      0.00195312      Successful search (ES-ell)        
    14         710         18174.4        0.878997     0.000976562          Refine grid             
Optimization terminated: change in the function value less than options['tol_mesh']
Estimated function value at minimum: 18220.558532276395 ± 4.766655783281638 (mean ± SEM from 100 samples)
BADS minimum at: x_min = [2.16690e+00 5.21580e+00 4.59460e+00 1.18990e+01 8.02000e+00 3.66162e+01
 2.10200e-01 2.57900e-01 4.65230e+00 4.00000e-04 1.94800e+00 2.29000e-01], training NLL = 18220.5585
total f-count: 810, time: 34.66 min

 ------- Finish Optimization for Subject 5 ---------- 

 ------- Start Optimization for Subject 6 ---------- 

 Cross Validation fold 0/1

 -- Start Optimization: method BADS --

 Optimization Run 1/1
Initial params: [0.0464, 6.0135, 5.915, 9.5553, -3.5167, 16.8287, 0.3273, 23.5963, 3.159, 0.8573, 0.3044, 0.1254]
bads:TooCloseBounds: For each variable, hard and plausible bounds should not be too close. Moving plausible bounds.
Variables (index) internally transformed to log coordinates: [[ 0  0]
 [ 0  3]
 [ 0  7]
 [ 0  8]
 [ 0  9]
 [ 0 10]
 [ 0 11]]
Beginning optimization of a STOCHASTIC objective function

 Iteration    f-count      E[f(x)]        SD[f(x)]           MeshScale          Method              Actions
     0           1         30490.5             nan               1                                  
     0          28         25664.7             nan               1          Initial mesh            Initial points
     0          43         25174.8        0.999968               1        Successful poll           Train
     1          47         24037.2        0.999955               1      Successful search (ES-wcm)        
     1          54         23718.8        0.970687               1      Successful search (ES-wcm)        
     1          55         23560.5        0.970623               1      Successful search (ES-ell)        
     1          57         22437.1        0.970796               1      Successful search (ES-ell)        
     1          58         21814.7        0.970794               1      Successful search (ES-ell)        
     1          59           21078        0.970799               1      Successful search (ES-wcm)        
     1          73         21025.4        0.970575               1      Successful search (ES-ell)        
     1          77         20960.8        0.970509               1      Successful search (ES-wcm)        
     1          78         20919.6        0.970596               1      Successful search (ES-wcm)        
     1          79         20890.4        0.965246               1      Successful search (ES-wcm)        
     1          87         20597.8        0.965062               1      Successful search (ES-wcm)        
     1          88         20533.5        0.965229               1      Successful search (ES-wcm)        
     1          91         20508.8        0.965163               1      Successful search (ES-wcm)        
     1          93           20489        0.965207               1      Successful search (ES-wcm)        
     1          96           20413         0.96522               1      Successful search (ES-wcm)        
     1         101         20308.1        0.965216               1      Successful search (ES-wcm)        
     1         104         20072.4         1.01461               1      Successful search (ES-wcm)        
     1         107         20066.1          1.0146               1      Successful search (ES-ell)        
     1         108         20043.6          1.0146               1      Successful search (ES-ell)        
     1         112         19618.6         1.01459               1      Successful search (ES-wcm)        
     1         113         19504.1          1.0146               1      Successful search (ES-ell)        
     1         116         19473.8         1.01459               1      Successful search (ES-ell)        
     1         123         19358.2         1.01454               1      Successful search (ES-ell)        
     1         125         19342.1         1.01451               1      Successful search (ES-ell)        
     1         126         19309.1         1.01438               1      Successful search (ES-wcm)        
     1         134         19195.1         1.00985               1      Successful search (ES-wcm)        
     1         139         19190.7         1.00952               1      Successful search (ES-wcm)        
     1         142         19116.4         1.00981               1      Successful search (ES-wcm)        
     1         148         19081.4         1.00975               1      Successful search (ES-wcm)        
     1         151           18933         1.00985               1      Successful search (ES-wcm)        
     1         153         18882.6         1.00989               1      Successful search (ES-wcm)        
     1         161         18866.2         1.00186               1      Successful search (ES-wcm)        
     1         163         18843.2         1.00186               1      Successful search (ES-wcm)        
     1         164         18798.4         1.00188               1      Successful search (ES-wcm)        
     1         165         18475.4         1.00188               1      Successful search (ES-ell)        
     1         178         18262.9         1.00187               1      Successful search (ES-ell)        
     1         185         18224.6         1.00334               1      Successful search (ES-ell)        
     1         197           18143          1.0032               1      Successful search (ES-wcm)        
     1         199         18109.7         1.00296               1      Successful search (ES-wcm)        
     1         206         18055.9         1.00337               1      Successful search (ES-wcm)        
     1         208         17947.2         1.00339               1      Successful search (ES-wcm)        
     1         222         17908.3         1.00294               1      Successful search (ES-wcm)        
     1         251         17908.3         1.00294             0.5          Refine grid             Train
     2         263         17889.7        0.972792             0.5      Successful search (ES-wcm)        
     2         274         17882.9        0.803607             0.5      Successful search (ES-wcm)        
     2         305         17882.9        0.803607            0.25          Refine grid             Train
     3         337         17883.2         1.06252           0.125          Refine grid             Train
     4         339         17836.2        0.918233           0.125      Successful search (ES-wcm)        
     4         382         17836.2        0.918233          0.0625          Refine grid             Train
     5         416         17805.2        0.845696           0.125        Successful poll           Train
     6         429         17348.5         16.0155            0.25        Successful poll           Train
     7         460         17346.8         16.0171           0.125          Refine grid             Train
     8         492         17838.3        0.818165          0.0625          Refine grid             Train
     9         526         17883.4        0.916924         0.03125          Refine grid             Train
    10         561         17883.4        0.916922        0.015625          Refine grid             Train
    11         562         17891.9         7.22052        0.015625      Successful search (ES-ell)        
    11         563         17861.7         11.7625        0.015625      Successful search (ES-ell)        
    11         564         17832.3         15.7632        0.015625      Successful search (ES-wcm)        
    11         565         17797.4          22.393        0.015625      Successful search (ES-wcm)        
    11         566         17796.6         35.7924        0.015625      Successful search (ES-wcm)        
    11         567         17716.4          40.934        0.015625      Successful search (ES-wcm)        
    11         568         17687.4         40.9215        0.015625      Successful search (ES-wcm)        
    11         596         17654.1         34.0186         0.03125        Successful poll           Train
    12         597         17688.3           17.08         0.03125      Successful search (ES-wcm)        
    12         598         17679.4         18.9264         0.03125      Successful search (ES-wcm)        
    12         600         17658.5         20.1546         0.03125      Successful search (ES-wcm)        
    12         601         17654.7         25.0131         0.03125      Successful search (ES-wcm)        
    12         602         17618.3         31.6014         0.03125      Successful search (ES-wcm)        
    12         604         17618.1          21.756         0.03125      Successful search (ES-wcm)        
    12         605         17606.9         26.9428         0.03125      Successful search (ES-wcm)        
    12         606         17606.3         29.2113         0.03125      Successful search (ES-wcm)        
    12         607         17590.4         29.9913         0.03125      Successful search (ES-wcm)        
    12         642         17590.4         29.9913        0.015625          Refine grid             
    13         643         17621.5         7.74334        0.015625      Successful search (ES-wcm)        
    13         644         17606.2         8.45807        0.015625      Successful search (ES-wcm)        
    13         645         17601.3         9.69707        0.015625      Successful search (ES-wcm)        
    13         646         17592.1         9.68273        0.015625      Successful search (ES-wcm)        
    13         647         17583.8         11.3192        0.015625      Successful search (ES-wcm)        
    13         648         17569.8         17.3593        0.015625      Successful search (ES-wcm)        
    13         649         17490.8          29.702        0.015625      Successful search (ES-ell)        
    13         650         17469.8         38.4669        0.015625      Successful search (ES-ell)        
    13         690         17469.8         38.4669       0.0078125          Refine grid             
    14         691         17528.4         8.10346       0.0078125      Successful search (ES-ell)        
    14         692         17523.1         9.65275       0.0078125      Successful search (ES-ell)        
    14         693         17518.4         11.9211       0.0078125      Successful search (ES-ell)        
    14         719         17501.6         14.1936        0.015625        Successful poll           Train
    15         720         17477.4         12.0849        0.015625      Successful search (ES-ell)        
    15         721         17463.9         13.9473        0.015625      Successful search (ES-ell)        
    15         766         17463.9         13.9473       0.0078125          Refine grid             
    16         767         17496.5         10.2492       0.0078125      Successful search (ES-ell)        
    16         768         17486.5          12.287       0.0078125      Successful search (ES-ell)        
    16         769         17472.1         14.7798       0.0078125      Successful search (ES-ell)        
    16         770           17464         18.2756       0.0078125      Successful search (ES-ell)        
    16         813           17464         18.2756      0.00390625          Refine grid             
    17         814         17535.1         7.03679      0.00390625      Successful search (ES-ell)        
    17         815         17531.9         9.29084      0.00390625      Successful search (ES-ell)        
    17         816         17521.3         9.21352      0.00390625      Successful search (ES-wcm)        
    17         817         17507.7          11.451      0.00390625      Successful search (ES-wcm)        
    17         818         17497.3          15.299      0.00390625      Successful search (ES-wcm)        
    17         861         17497.3          15.299      0.00195312          Refine grid             Train
    18         862         17508.4         5.93648      0.00195312      Successful search (ES-ell)        
    18         863         17507.1         6.18791      0.00195312      Successful search (ES-ell)        
    18         864         17503.2         6.97899      0.00195312      Successful search (ES-ell)        
    18         865         17497.1         7.47701      0.00195312      Successful search (ES-wcm)        
    18         866         17488.9         8.92508      0.00195312      Successful search (ES-wcm)        
    18         867         17479.9         10.8373      0.00195312      Successful search (ES-wcm)        
    18         909         17479.9         10.8373     0.000976562          Refine grid             Train
Optimization terminated: change in the function value less than options['tol_mesh']
Estimated function value at minimum: 17498.64479087362 ± 4.0240395374283136 (mean ± SEM from 100 samples)
BADS minimum at: x_min = [0.0331 3.2256 5.2698 5.2715 3.152  7.669  0.4483 0.0108 5.1309 1.6055
 1.0435 0.2183], training NLL = 17498.6448
total f-count: 1009, time: 43.11 min

 ------- Finish Optimization for Subject 6 ---------- 

 ------- Start Optimization for Subject 11 ---------- 

 Cross Validation fold 0/1

 -- Start Optimization: method BADS --

 Optimization Run 1/1
Initial params: [0.4546, 4.2097, 7.3855, 7.8532, -1.5218, 12.1755, 0.5312, 43.7296, 4.5552, 0.2997, 0.4907, 0.3645]
bads:TooCloseBounds: For each variable, hard and plausible bounds should not be too close. Moving plausible bounds.
Variables (index) internally transformed to log coordinates: [[ 0  0]
 [ 0  3]
 [ 0  7]
 [ 0  8]
 [ 0  9]
 [ 0 10]
 [ 0 11]]
Beginning optimization of a STOCHASTIC objective function

 Iteration    f-count      E[f(x)]        SD[f(x)]           MeshScale          Method              Actions
     0           1         31341.2             nan               1                                  
     0          28         27618.6             nan               1          Initial mesh            Initial points
     0          44         26986.8        0.999901               1        Successful poll           Train
     1          48         26896.9        0.999796               1      Successful search (ES-wcm)        
     1          51           25317         0.99886               1      Successful search (ES-wcm)        
     1          54           24756         1.00079               1      Successful search (ES-wcm)        
     1          55         24621.6         1.00079               1      Successful search (ES-wcm)        
     1          59         24276.8         1.00079               1      Successful search (ES-wcm)        
     1          65         24194.4         1.00054               1      Successful search (ES-ell)        
     1          67         23574.8         1.00075               1      Successful search (ES-wcm)        
     1          68         23475.5         1.00075               1      Successful search (ES-wcm)        
     1          71         23025.3         1.00075               1      Successful search (ES-wcm)        
     1          72         22347.2         1.00077               1      Successful search (ES-wcm)        
     1          74         22096.7         1.00078               1      Successful search (ES-wcm)        
     1          77         21914.8         1.00076               1      Successful search (ES-ell)        
     1          78           21659         1.00073               1      Successful search (ES-ell)        
     1          80         21361.1        0.893849               1      Successful search (ES-ell)        
     1          84         20983.9        0.893843               1      Successful search (ES-ell)        
     1          86         20917.4        0.893844               1      Successful search (ES-ell)        
     1          87         20734.1        0.893842               1      Successful search (ES-ell)        
     1          95         20637.3        0.893812               1      Successful search (ES-ell)        
     1          96         20564.5        0.893829               1      Successful search (ES-ell)        
     1          99         20430.4        0.893843               1      Successful search (ES-ell)        
     1         100         20367.7        0.893823               1      Successful search (ES-wcm)        
     1         104         20074.9        0.954065               1      Successful search (ES-ell)        
     1         108           20008        0.954057               1      Successful search (ES-ell)        
     1         110         19803.7        0.954056               1      Successful search (ES-ell)        
     1         116           19787        0.953878               1      Successful search (ES-ell)        
     1         120         19721.9        0.954011               1      Successful search (ES-ell)        
     1         121         19636.2        0.954018               1      Successful search (ES-ell)        
     1         126         19616.8        0.953856               1      Successful search (ES-ell)        
     1         131         19415.5        0.975437               1      Successful search (ES-ell)        
     1         136         19211.3        0.975402               1      Successful search (ES-ell)        
     1         154         19175.2         1.24918               1        Successful poll           Train
     2         160         18903.8         1.24918               1      Successful search (ES-ell)        
     2         163           18703         1.24916               1      Successful search (ES-ell)        
     2         165           18663         1.24917               1      Successful search (ES-ell)        
     2         169         18629.6         1.24918               1      Successful search (ES-ell)        
     2         170         18491.6         1.24918               1      Successful search (ES-ell)        
     2         206         18491.6         1.24918             0.5          Refine grid             
     3         218         18490.9         1.28655             0.5      Successful search (ES-wcm)        
     3         228         18479.2         1.27631             0.5      Successful search (ES-wcm)        
     3         263         18479.2         1.27631            0.25          Refine grid             
     4         266         18461.8         1.26922            0.25      Successful search (ES-wcm)        
     4         310         18461.8         1.26922           0.125          Refine grid             
     5         312           18442         1.59322           0.125      Successful search (ES-ell)        
     5         335         18346.3         13.6495            0.25        Successful poll           
     6         337         18260.5         27.4985            0.25      Successful search (ES-ell)        
     6         381         18260.5         27.4985           0.125          Refine grid             
     7         416         18479.7         1.44566         0.03125          Refine grid             Train
     8         417         18369.3         1.27887         0.03125      Successful search (ES-ell)        
     8         464         18369.3         1.27887        0.015625          Refine grid             
     9         471         18450.2         1.06555        0.015625      Successful search (ES-ell)        
     9         489         18414.1         4.28507         0.03125        Successful poll           
    10         490         18002.3         7.38205         0.03125      Successful search (ES-ell)        
    10         491         17912.3         9.44046         0.03125      Successful search (ES-ell)        
    10         536         17912.3         9.44046        0.015625          Refine grid             
    11         537         18387.5         5.17426        0.015625      Successful search (ES-ell)        
    11         538         18327.4         5.69673        0.015625      Successful search (ES-ell)        
    11         539         18244.9         6.95253        0.015625      Successful search (ES-ell)        
    11         540         18141.4         10.9905        0.015625      Successful search (ES-ell)        
    11         583         18141.4         10.9905       0.0078125          Refine grid             
    12         618         18461.8         1.27631      0.00390625          Refine grid             Train
    13         619         18490.1         1.15568      0.00390625      Successful search (ES-ell)        
    13         621         18474.9         1.00439      0.00390625      Successful search (ES-ell)        
    13         666         18474.9         1.00439      0.00195312          Refine grid             Train
    14         667         18486.9        0.693401      0.00195312      Successful search (ES-ell)        
    14         669         18484.8        0.698071      0.00195312      Successful search (ES-ell)        
    14         714         18484.8        0.698071     0.000976562          Refine grid             
Optimization terminated: change in the function value less than options['tol_mesh']
Estimated function value at minimum: 18546.66100492703 ± 4.167712362674876 (mean ± SEM from 100 samples)
BADS minimum at: x_min = [ 1.8737  3.9844  4.5898  3.9899  2.6367 13.8135  0.3703  0.1002  4.7342
  0.      1.6349  0.2529], training NLL = 18546.661
total f-count: 814, time: 34.64 min

 ------- Finish Optimization for Subject 11 ---------- 

 ------- Start Optimization for Subject 15 ---------- 

 Cross Validation fold 0/1

 -- Start Optimization: method BADS --

 Optimization Run 1/1
Initial params: [1.0765, 4.356, 11.7729, 3.0499, 1.3212, 26.2772, 0.3211, 40.4693, 0.9005, 0.3065, 0.9112, 0.4824]
bads:TooCloseBounds: For each variable, hard and plausible bounds should not be too close. Moving plausible bounds.
Variables (index) internally transformed to log coordinates: [[ 0  0]
 [ 0  3]
 [ 0  7]
 [ 0  8]
 [ 0  9]
 [ 0 10]
 [ 0 11]]
Beginning optimization of a STOCHASTIC objective function

 Iteration    f-count      E[f(x)]        SD[f(x)]           MeshScale          Method              Actions
     0           1         30407.3             nan               1                                  
     0          28         28130.4             nan               1          Initial mesh            Initial points
     0          29         28100.6        0.999947               1        Successful poll           Train
     1          31           22896        0.999936               1      Successful search (ES-wcm)        
     1          33         21986.9        0.999916               1      Successful search (ES-wcm)        
     1          34         19873.2        0.999931               1      Successful search (ES-wcm)        
     1          36         19741.3        0.999937               1      Successful search (ES-wcm)        
     1          44         19290.8        0.999834               1      Successful search (ES-ell)        
     1          48         18870.3        0.999596               1      Successful search (ES-ell)        
     1          50         18425.2        0.999623               1      Successful search (ES-ell)        
     1          51         18138.7        0.998903               1      Successful search (ES-ell)        
     1          57         17896.5        0.973692               1      Successful search (ES-wcm)        
     1          64         17784.7        0.973481               1      Successful search (ES-wcm)        
     1          70         17629.1        0.973635               1      Successful search (ES-wcm)        
     1          71         17532.2         0.97358               1      Successful search (ES-wcm)        
     1          74         17373.2          0.9736               1      Successful search (ES-wcm)        
     1          81         17291.8         1.00661               1      Successful search (ES-wcm)        
     1          88           17247         1.00556               1      Successful search (ES-wcm)        
     1          89         17237.6         1.00593               1      Successful search (ES-wcm)        
     1          93         17041.4         1.00651               1      Successful search (ES-wcm)        
     1         132         17041.4         1.00651             0.5          Refine grid             Train
     2         154         17028.6         1.06434               1        Successful poll           Train
     3         159         17066.2         32.0069               1      Successful search (ES-ell)        
     3         160         17006.3         41.3428               1      Successful search (ES-wcm)        
     3         164         16989.2         34.6746               1      Successful search (ES-ell)        
     3         166         16978.8         34.5096               1      Successful search (ES-ell)        
     3         196         16978.8         34.5096             0.5          Refine grid             Train
     4         198         16962.9         40.3602             0.5      Successful search (ES-wcm)        
     4         200           16956         41.5584             0.5      Successful search (ES-wcm)        
     4         205         16945.8         35.6603             0.5      Successful search (ES-wcm)        
     4         212         16944.4         33.4155             0.5      Successful search (ES-ell)        
     4         213         16935.8         36.6144             0.5      Successful search (ES-ell)        
     4         215           16897         36.6808             0.5      Successful search (ES-wcm)        
     4         217         16861.8         37.8185             0.5      Successful search (ES-wcm)        
     4         219         16829.1         38.2275             0.5      Successful search (ES-wcm)        
     4         224         16813.2         32.1233             0.5      Successful search (ES-wcm)        
     4         262           16776         37.9288               1        Successful poll           
     5         289         16776.6         37.8755             0.5          Refine grid             
     6         292         16825.2         32.6279             0.5      Successful search (ES-ell)        
     6         296         16820.4         24.3854             0.5      Successful search (ES-ell)        
     6         297         16796.2         29.6119             0.5      Successful search (ES-ell)        
     6         300           16785         21.6178             0.5      Successful search (ES-ell)        
     6         302         16330.4         21.9395             0.5      Successful search (ES-ell)        
     6         343         16330.4         21.9395            0.25          Refine grid             
     7         345         16738.8         21.9345            0.25      Successful search (ES-ell)        
     7         387         16738.8         21.9345           0.125          Refine grid             
     8         388           16749         6.99831           0.125      Successful search (ES-ell)        
     8         389         16697.5         10.9322           0.125      Successful search (ES-ell)        
     8         390         16650.1         13.4672           0.125      Successful search (ES-ell)        
     8         431         16650.1         13.4672          0.0625          Refine grid             Train
     9         432         16813.5         5.46064          0.0625      Successful search (ES-ell)        
     9         433         16808.4         7.27619          0.0625      Successful search (ES-ell)        
     9         434         16796.4         10.6198          0.0625      Successful search (ES-ell)        
     9         435         16784.8         13.0446          0.0625      Successful search (ES-ell)        
     9         476         16784.8         13.0446         0.03125          Refine grid             
    10         477         16812.9         5.27066         0.03125      Successful search (ES-ell)        
    10         478         16809.8         5.67957         0.03125      Successful search (ES-ell)        
    10         479         16804.8         6.51302         0.03125      Successful search (ES-ell)        
    10         480         16801.8         9.25314         0.03125      Successful search (ES-ell)        
    10         485         16713.2         7.37915         0.03125      Successful search (ES-ell)        
    10         486         16685.8         7.60058         0.03125      Successful search (ES-ell)        
    10         487         16517.6            7.67         0.03125      Successful search (ES-ell)        
    10         488           16348         9.45661         0.03125      Successful search (ES-ell)        
    10         522           16348         9.45661        0.015625          Refine grid             
    11         523         16712.7         5.96098        0.015625      Successful search (ES-ell)        
    11         524         16693.5         6.24577        0.015625      Successful search (ES-ell)        
    11         527         16692.8         6.33399        0.015625      Successful search (ES-ell)        
    11         569         16692.8         6.33399       0.0078125          Refine grid             
    12         570         16813.1         5.07213       0.0078125      Successful search (ES-ell)        
    12         571         16812.6         5.08408       0.0078125      Successful search (ES-ell)        
    12         572         16811.8         4.95692       0.0078125      Successful search (ES-ell)        
    12         573         16808.1         4.83408       0.0078125      Successful search (ES-wcm)        
    12         574         16806.1         5.01694       0.0078125      Successful search (ES-wcm)        
    12         575           16802         5.41286       0.0078125      Successful search (ES-wcm)        
    12         576         16798.1         6.08242       0.0078125      Successful search (ES-wcm)        
    12         577         16794.4         7.61542       0.0078125      Successful search (ES-wcm)        
    12         578         16789.4         10.4243       0.0078125      Successful search (ES-wcm)        
    12         580         16789.3         12.3502       0.0078125      Successful search (ES-ell)        
    12         614         16789.3         12.3502      0.00390625          Refine grid             Train
    13         615         16808.2         5.09461      0.00390625      Successful search (ES-ell)        
    13         616         16806.6         5.14651      0.00390625      Successful search (ES-wcm)        
    13         659         16805.1         4.47822       0.0078125        Successful poll           
    14         660         16806.7         4.30683       0.0078125      Successful search (ES-wcm)        
    14         661         16806.3         4.53528       0.0078125      Successful search (ES-wcm)        
    14         662         16805.8         4.87803       0.0078125      Successful search (ES-wcm)        
    14         663         16802.9         5.78791       0.0078125      Successful search (ES-wcm)        
    14         672         16801.7         5.06072       0.0078125      Successful search (ES-ell)        
    14         673           16793         5.30542       0.0078125      Successful search (ES-ell)        
    14         674         16780.6         5.58117       0.0078125      Successful search (ES-ell)        
    14         675         16762.4         6.14125       0.0078125      Successful search (ES-ell)        
    14         676         16736.8         6.75148       0.0078125      Successful search (ES-ell)        
    14         677         16704.9         8.21733       0.0078125      Successful search (ES-wcm)        
    14         678         16661.8         11.7338       0.0078125      Successful search (ES-wcm)        
    14         679           16641         16.2051       0.0078125      Successful search (ES-wcm)        
    14         717           16641         16.2051      0.00390625          Refine grid             
    15         752         16807.9           3.598      0.00195312          Refine grid             
    16         787         16809.3         3.56652     0.000976562          Refine grid             
Optimization terminated: change in the function value less than options['tol_mesh']
Estimated function value at minimum: 16806.299182881565 ± 3.2438290395954406 (mean ± SEM from 100 samples)
BADS minimum at: x_min = [ 1.60230e+00  1.05365e+01  8.41060e+00  4.00000e-03 -8.01380e+00
  1.05632e+01  4.96800e-01  3.93900e-01  3.68350e+00  1.54000e-01
  2.00000e+00  4.06500e-01], training NLL = 16806.2992
total f-count: 887, time: 37.83 min

 ------- Finish Optimization for Subject 15 ---------- 

 ------- Start Optimization for Subject 20 ---------- 

 Cross Validation fold 0/1

 -- Start Optimization: method BADS --

 Optimization Run 1/1
Initial params: [1.039, 6.4351, 2.9264, 18.4302, 0.8327, 6.8331, 0.4762, 44.9421, 0.9401, 0.5909, 0.6061, 0.0019]
bads:InitialPointsTooClosePB: The starting points X0 are on or numerically too close to the hard bounds lower_bounds and upper_bounds. Moving the initial points more inside...
bads:TooCloseBounds: For each variable, hard and plausible bounds should not be too close. Moving plausible bounds.
bads:InitialPointsOutsidePB. The starting points X0 are not inside the provided plausible bounds (plausible_lower_bounds and plausible_upper_bounds). Expanding the plausible bounds...
Variables (index) internally transformed to log coordinates: [[ 0  0]
 [ 0  3]
 [ 0  7]
 [ 0  8]
 [ 0  9]
 [ 0 10]
 [ 0 11]]
Beginning optimization of a STOCHASTIC objective function

 Iteration    f-count      E[f(x)]        SD[f(x)]           MeshScale          Method              Actions
     0           1         30782.7             nan               1                                  
     0          28         29212.2             nan               1          Initial mesh            Initial points
     0          32         28218.3         0.99988               1        Successful poll           Train
     1          34         26533.8        0.999865               1      Successful search (ES-ell)        
     1          38         24669.4        0.999688               1      Successful search (ES-ell)        
     1          39         23666.8        0.999582               1      Successful search (ES-ell)        
     1          44         23463.3        0.997654               1      Successful search (ES-ell)        
     1          69         23078.8        0.971257               1        Successful poll           
     2          70         22086.2        0.971252               1      Successful search (ES-ell)        
     2          76         22029.5        0.971219               1      Successful search (ES-ell)        
     2          87         21936.9         1.01534               1      Successful search (ES-ell)        
     2          90         21868.4         1.01526               1      Successful search (ES-ell)        
     2          97           21809         1.01535               1      Successful search (ES-ell)        
     2         103         21729.1         1.01507               1      Successful search (ES-wcm)        
     2         105           21708          1.0093               1      Successful search (ES-wcm)        
     2         112         21529.1         1.00931               1      Successful search (ES-wcm)        
     2         113           21334         1.00931               1      Successful search (ES-wcm)        
     2         125         21302.2          1.0093               1      Successful search (ES-wcm)        
     2         127         21282.1          1.0093               1      Successful search (ES-wcm)        
     2         139         21221.1         1.02245               1      Successful search (ES-wcm)        
     2         149           21035         1.02248               1      Successful search (ES-wcm)        
     2         152         20902.6         1.02247               1      Successful search (ES-wcm)        
     2         165         20852.8         1.07268               1      Successful search (ES-wcm)        
     2         193         20427.4         1.83693               1        Successful poll           Train
     3         194         20218.3         1.83693               1      Successful search (ES-wcm)        
     3         205         20148.4         1.83686               1      Successful search (ES-wcm)        
     3         207         19855.5         1.83693               1      Successful search (ES-wcm)        
     3         208         19641.8         1.83693               1      Successful search (ES-wcm)        
     3         216         19579.3         23.0143               1      Successful search (ES-wcm)        
     3         220         19103.7         23.0369               1      Successful search (ES-wcm)        
     3         225         18933.5         23.0214               1      Successful search (ES-wcm)        
     3         228         18929.3          22.938               1      Successful search (ES-wcm)        
     3         231         18862.9         23.0456               1      Successful search (ES-wcm)        
     3         239         18587.2         22.9347               1      Successful search (ES-ell)        
     3         252         18574.5         20.5852               1      Successful search (ES-ell)        
     3         253         18508.4         21.8831               1      Successful search (ES-ell)        
     3         259         18327.1         22.5668               1      Successful search (ES-ell)        
     3         260         18266.3         22.7951               1      Successful search (ES-ell)        
     3         270         18064.6         28.5264               1      Successful search (ES-ell)        
     3         272           18007         28.8843               1      Successful search (ES-ell)        
     3         273         17988.1         29.2032               1      Successful search (ES-ell)        
     3         275         17890.6         29.2225               1      Successful search (ES-ell)        
     3         283         17814.4         28.4488               1      Successful search (ES-ell)        
     3         293         17708.4         28.3899               1      Successful search (ES-ell)        
     3         329         17708.4         28.3899             0.5          Refine grid             
     4         332         17785.2         39.3365             0.5      Successful search (ES-ell)        
     4         334         17760.3         35.2036             0.5      Successful search (ES-ell)        
     4         339         17752.3         27.0211             0.5      Successful search (ES-wcm)        
     4         340         17712.6         28.0355             0.5      Successful search (ES-ell)        
     4         343         17711.5          45.321             0.5      Successful search (ES-ell)        
     4         357           17689         28.4153             0.5      Successful search (ES-ell)        
     4         392         17686.7         16.1833               1        Successful poll           Train
     5         397         17641.7         22.1922               1      Successful search (ES-ell)        
     5         430         17631.2         21.2461               1        Successful poll           
     6         459         17625.3         21.1449             0.5          Refine grid             Train
     7         460         17639.9         39.8687             0.5      Successful search (ES-wcm)        
     7         463         17626.2         36.6249             0.5      Successful search (ES-wcm)        
     7         503         17626.2         36.6249            0.25          Refine grid             
     8         505         17640.1         16.5131            0.25      Successful search (ES-wcm)        
     8         511         17638.5         12.5244            0.25      Successful search (ES-wcm)        
     8         512         17631.2         14.7523            0.25      Successful search (ES-wcm)        
     8         515         17335.4         13.7055            0.25      Successful search (ES-ell)        
     8         518         17219.1         18.0429            0.25      Successful search (ES-ell)        
     8         560         17219.1         18.0429           0.125          Refine grid             
     9         595         17656.5         11.7508          0.0625          Refine grid             Train
    10         596         17657.1         13.6685          0.0625      Successful search (ES-wcm)        
    10         597         17639.3         12.1801          0.0625      Successful search (ES-wcm)        
    10         598         17638.9         15.6821          0.0625      Successful search (ES-wcm)        
    10         642         17638.9         15.6821         0.03125          Refine grid             Train
    11         643         17656.6         8.40694         0.03125      Successful search (ES-wcm)        
    11         644         17652.2         8.00918         0.03125      Successful search (ES-wcm)        
    11         645         17642.8         7.55838         0.03125      Successful search (ES-wcm)        
    11         646         17635.3         9.40496         0.03125      Successful search (ES-wcm)        
    11         690         17635.3         9.40496        0.015625          Refine grid             
    12         691         17647.3         6.03835        0.015625      Successful search (ES-wcm)        
    12         692           17647         6.42852        0.015625      Successful search (ES-wcm)        
    12         693         17644.7         7.35105        0.015625      Successful search (ES-wcm)        
    12         694         17642.6         8.11121        0.015625      Successful search (ES-wcm)        
    12         695         17641.8         9.69311        0.015625      Successful search (ES-wcm)        
    12         696         17640.4         11.9053        0.015625      Successful search (ES-wcm)        
    12         699         17566.8         12.8268        0.015625      Successful search (ES-ell)        
    12         737         17566.8         12.8268       0.0078125          Refine grid             
    13         738         17651.5         5.75639       0.0078125      Successful search (ES-ell)        
    13         739         17649.1         6.10045       0.0078125      Successful search (ES-ell)        
    13         740         17644.6         6.99015       0.0078125      Successful search (ES-ell)        
    13         742         17642.5         7.15177       0.0078125      Successful search (ES-wcm)        
    13         745         17640.1         7.58787       0.0078125      Successful search (ES-ell)        
    13         746         17638.7          9.1945       0.0078125      Successful search (ES-ell)        
    13         784         17630.9         13.8869        0.015625        Successful poll           
    14         785         17596.4         12.6093        0.015625      Successful search (ES-ell)        
    14         786         17553.9         13.0647        0.015625      Successful search (ES-ell)        
    14         832         17553.9         13.0647       0.0078125          Refine grid             Train
    15         833         17651.7         7.97585       0.0078125      Successful search (ES-ell)        
    15         834           17648         8.31623       0.0078125      Successful search (ES-ell)        
    15         835         17644.8         9.73167       0.0078125      Successful search (ES-ell)        
    15         880         17644.8         9.73167      0.00390625          Refine grid             Train
    16         881         17655.7         5.63844      0.00390625      Successful search (ES-wcm)        
    16         882         17655.4         5.57146      0.00390625      Successful search (ES-wcm)        
    16         883         17654.2         5.51393      0.00390625      Successful search (ES-wcm)        
    16         884         17652.6         5.40851      0.00390625      Successful search (ES-wcm)        
    16         885         17652.1         5.64917      0.00390625      Successful search (ES-wcm)        
    16         886         17649.8         6.13312      0.00390625      Successful search (ES-wcm)        
    16         887         17645.6         6.40325      0.00390625      Successful search (ES-wcm)        
    16         888           17645         12.1788      0.00390625      Successful search (ES-ell)        
    16         928         17644.5         6.12693       0.0078125        Successful poll           
    17         929         17614.7         15.3592       0.0078125      Successful search (ES-ell)        
    17         930         17589.9         17.7138       0.0078125      Successful search (ES-ell)        
    17         976         17589.9         17.7138      0.00390625          Refine grid             
    18         977         17645.3         6.27108      0.00390625      Successful search (ES-ell)        
    18         978         17644.9         6.54065      0.00390625      Successful search (ES-wcm)        
    18         982         17644.7         6.46746      0.00390625      Successful search (ES-wcm)        
    18         983         17643.9         6.65773      0.00390625      Successful search (ES-wcm)        
    18         984         17643.3         6.93695      0.00390625      Successful search (ES-wcm)        
    18         985         17642.4         7.71617      0.00390625      Successful search (ES-ell)        
    18         986         17640.5         8.58958      0.00390625      Successful search (ES-ell)        
    18        1002         17628.2         15.4067       0.0078125        Successful poll           Train
    19        1003         17637.7         8.44274       0.0078125      Successful search (ES-ell)        
    19        1004         17634.7         9.14336       0.0078125      Successful search (ES-ell)        
    19        1005         17632.1         10.5603       0.0078125      Successful search (ES-wcm)        
    19        1007         17630.3         11.8374       0.0078125      Successful search (ES-wcm)        
    19        1008         17617.6          13.886       0.0078125      Successful search (ES-wcm)        
    19        1050         17617.6          13.886      0.00390625          Refine grid             
    20        1051         17647.7         4.91488      0.00390625      Successful search (ES-wcm)        
    20        1053         17647.7         4.96781      0.00390625      Successful search (ES-wcm)        
    20        1054         17647.5         5.11671      0.00390625      Successful search (ES-wcm)        
    20        1055         17644.5         5.73427      0.00390625      Successful search (ES-ell)        
    20        1056         17638.6         8.03909      0.00390625      Successful search (ES-ell)        
    20        1057         17635.5         11.2582      0.00390625      Successful search (ES-ell)        
    20        1058         17631.5         15.2184      0.00390625      Successful search (ES-ell)        
    20        1059         17627.7         16.7414      0.00390625      Successful search (ES-ell)        
    20        1060         17625.1         24.1237      0.00390625      Successful search (ES-ell)        
    20        1061         17622.6         29.3285      0.00390625      Successful search (ES-wcm)        
    20        1075         17561.5         10.6983       0.0078125        Successful poll           
    21        1076         17554.4         10.3864       0.0078125      Successful search (ES-ell)        
    21        1077         17498.9         10.4468       0.0078125      Successful search (ES-ell)        
    21        1078         17444.4         11.3914       0.0078125      Successful search (ES-ell)        
    21        1079         17404.9         12.2701       0.0078125      Successful search (ES-ell)        
    21        1080         17282.1         13.8606       0.0078125      Successful search (ES-ell)        
    21        1123         17282.1         13.8606      0.00390625          Refine grid             
    22        1159         17647.4         4.66125      0.00195312          Refine grid             
    23        1195         17648.7         3.90821     0.000976562          Refine grid             Train
Optimization terminated: change in the function value less than options['tol_mesh']
Estimated function value at minimum: 17646.40775697565 ± 4.401527828234075 (mean ± SEM from 100 samples)
BADS minimum at: x_min = [1.60000e-03 2.89980e+00 4.66640e+00 1.83310e+00 8.61400e-01 3.86219e+01
 3.66900e-01 1.55600e-01 5.34700e+00 1.67050e+00 1.05090e+00 2.25700e-01], training NLL = 17646.4078
total f-count: 1295, time: 55.5 min

 ------- Finish Optimization for Subject 20 ---------- 

 ------- Start Optimization for Subject 25 ---------- 

 Cross Validation fold 0/1

 -- Start Optimization: method BADS --

 Optimization Run 1/1
Initial params: [1.1011, 9.5072, 9.958, 4.9595, -0.951, 16.6282, 0.6017, 2.9681, 1.2857, 0.3589, 0.607, 0.7255]
bads:TooCloseBounds: For each variable, hard and plausible bounds should not be too close. Moving plausible bounds.
Variables (index) internally transformed to log coordinates: [[ 0  0]
 [ 0  3]
 [ 0  7]
 [ 0  8]
 [ 0  9]
 [ 0 10]
 [ 0 11]]
Beginning optimization of a STOCHASTIC objective function

 Iteration    f-count      E[f(x)]        SD[f(x)]           MeshScale          Method              Actions
     0           1         30566.1             nan               1                                  
     0          28         29145.5             nan               1          Initial mesh            Initial points
     0          36         27478.1         1.00033               1        Successful poll           Train
     1          43         27268.6        0.998545               1      Successful search (ES-ell)        
     1          48         27155.7        0.977764               1      Successful search (ES-ell)        
     1          51         26786.1         1.00022               1      Successful search (ES-ell)        
     1          53         26274.6         1.00021               1      Successful search (ES-ell)        
     1          54         25900.7        0.904045               1      Successful search (ES-ell)        
     1          55         25596.9        0.904052               1      Successful search (ES-ell)        
     1          61         25229.4        0.904003               1      Successful search (ES-ell)        
     1          67         25192.5        0.902199               1      Successful search (ES-ell)        
     1          74         25111.2        0.899748               1      Successful search (ES-ell)        
     1          75         24767.4        0.903255               1      Successful search (ES-ell)        
     1          83           24754         1.02147               1      Successful search (ES-wcm)        
     1          84         24706.6         1.02042               1      Successful search (ES-ell)        
     1         104         24694.1          1.0212               1        Successful poll           Train
     2         105         22726.1         1.02074               1      Successful search (ES-ell)        
     2         108         22453.8         1.02073               1      Successful search (ES-ell)        
     2         109         21960.1         1.02071               1      Successful search (ES-ell)        
     2         117         21841.7         1.02072               1      Successful search (ES-ell)        
     2         119         21756.8         1.02073               1      Successful search (ES-ell)        
     2         124         21662.7         1.02065               1      Successful search (ES-ell)        
     2         129           21578        0.998625               1      Successful search (ES-ell)        
     2         134         21513.3        0.998604               1      Successful search (ES-ell)        
     2         135           21511        0.998601               1      Successful search (ES-ell)        
     2         139         21460.1        0.998516               1      Successful search (ES-ell)        
     2         143         21420.5        0.998625               1      Successful search (ES-wcm)        
     2         144         21398.3        0.998625               1      Successful search (ES-wcm)        
     2         148           21027        0.998622               1      Successful search (ES-wcm)        
     2         180           21027        0.998622             0.5          Refine grid             Train
     3         183         20906.6         1.10487             0.5      Successful search (ES-wcm)        
     3         204         20904.3        0.857273             0.5      Successful search (ES-ell)        
     3         209         20890.9        0.862491             0.5      Successful search (ES-wcm)        
     3         247         20890.9        0.862491            0.25          Refine grid             
     4         256         20859.7         1.06875            0.25      Successful search (ES-wcm)        
     4         266         20822.8         1.06854            0.25      Successful search (ES-ell)        
     4         304         20822.8         1.06854           0.125          Refine grid             
     5         338         20893.5         1.04906          0.0625          Refine grid             Train
     6         339         20983.4         9.64197          0.0625      Successful search (ES-ell)        
     6         340         20949.4         12.7706          0.0625      Successful search (ES-ell)        
     6         341         20914.8         16.0607          0.0625      Successful search (ES-ell)        
     6         342         20862.7         38.6117          0.0625      Successful search (ES-wcm)        
     6         343         20839.9         40.9161          0.0625      Successful search (ES-ell)        
     6         346         20827.4         32.5013          0.0625      Successful search (ES-ell)        
     6         349         20817.9         27.2806          0.0625      Successful search (ES-ell)        
     6         350         20813.6         34.6774          0.0625      Successful search (ES-ell)        
     6         383         20813.6         34.6774         0.03125          Refine grid             Train
     7         384         20748.8         10.6219         0.03125      Successful search (ES-ell)        
     7         385         20639.9         11.6731         0.03125      Successful search (ES-ell)        
     7         386         20506.6         13.8278         0.03125      Successful search (ES-ell)        
     7         387         20313.6         18.3509         0.03125      Successful search (ES-ell)        
     7         388           20190         25.0947         0.03125      Successful search (ES-ell)        
     7         389         20146.1         29.7385         0.03125      Successful search (ES-ell)        
     7         430         20146.1         29.7385        0.015625          Refine grid             
     8         431         20862.1         9.92734        0.015625      Successful search (ES-ell)        
     8         432         20853.5         10.0894        0.015625      Successful search (ES-ell)        
     8         433         20843.8         10.3537        0.015625      Successful search (ES-ell)        
     8         434         20831.6         11.0109        0.015625      Successful search (ES-ell)        
     8         435         20817.6         12.3528        0.015625      Successful search (ES-ell)        
     8         436         20813.9         14.8537        0.015625      Successful search (ES-ell)        
     8         476         20813.9         14.8537       0.0078125          Refine grid             
     9         477           20918         7.89516       0.0078125      Successful search (ES-ell)        
     9         478         20914.2         8.20119       0.0078125      Successful search (ES-ell)        
     9         479         20911.8         8.47875       0.0078125      Successful search (ES-ell)        
     9         480           20906         9.19745       0.0078125      Successful search (ES-ell)        
     9         481           20894         10.5383       0.0078125      Successful search (ES-wcm)        
     9         482           20885         13.3405       0.0078125      Successful search (ES-wcm)        
     9         483           20857         17.8191       0.0078125      Successful search (ES-wcm)        
     9         484         20833.5         23.1096       0.0078125      Successful search (ES-wcm)        
     9         521         20833.5         23.1096      0.00390625          Refine grid             
    10         522         20943.6         5.71671      0.00390625      Successful search (ES-wcm)        
    10         523         20934.3         5.69886      0.00390625      Successful search (ES-wcm)        
    10         524         20923.3         5.85239      0.00390625      Successful search (ES-wcm)        
    10         525         20896.4         6.57208      0.00390625      Successful search (ES-wcm)        
    10         526         20876.7         7.46182      0.00390625      Successful search (ES-wcm)        
    10         527         20853.3         8.70415      0.00390625      Successful search (ES-wcm)        
    10         528           20831         10.3345      0.00390625      Successful search (ES-ell)        
    10         529         20802.3         13.3217      0.00390625      Successful search (ES-ell)        
    10         530           20776         18.4177      0.00390625      Successful search (ES-ell)        
    10         531         20775.2         24.7135      0.00390625      Successful search (ES-ell)        
    10         532         20760.7         29.0512      0.00390625      Successful search (ES-ell)        
    10         533         20719.6         31.0423      0.00390625      Successful search (ES-ell)        
    10         567         20719.6         31.0423      0.00195312          Refine grid             
    11         568         20812.5         11.0576      0.00195312      Successful search (ES-ell)        
    11         569         20805.7          10.964      0.00195312      Successful search (ES-ell)        
    11         570           20797         10.9013      0.00195312      Successful search (ES-ell)        
    11         571         20785.2         10.9019      0.00195312      Successful search (ES-ell)        
    11         572         20763.8         11.1073      0.00195312      Successful search (ES-ell)        
    11         573         20746.3          11.723      0.00195312      Successful search (ES-ell)        
    11         574         20732.6         11.7983      0.00195312      Successful search (ES-wcm)        
    11         575         20723.7          13.234      0.00195312      Successful search (ES-wcm)        
    11         614         20723.7          13.234     0.000976562          Refine grid             Train
Optimization terminated: change in the function value less than options['tol_mesh']
Estimated function value at minimum: 20845.419073475772 ± 5.629323923846963 (mean ± SEM from 100 samples)
BADS minimum at: x_min = [ 1.7061  5.8805  4.9359  0.352  -9.9425 52.1785  0.1927  0.5083  3.6295
  0.4354  1.9988  0.5413], training NLL = 20845.4191
total f-count: 714, time: 30.39 min

 ------- Finish Optimization for Subject 25 ---------- 
