----------------------------------------
Start task prologue Fri Mar  6 22:30:19 CET 2026
----------------------------------------
Step ID:         51194420.
Username:        wenlou
Group:           mpla
Asked resources: walltime=1-00:00:00,nodes=1,cpus=8,mem=2G
Queue:           gpu
Compute nodes:   dccn-c076
----------------------------------------
End task prologue Fri Mar  6 22:30:19 CET 2026
----------------------------------------
CUDA version:
nvcc: NVIDIA (R) Cuda compiler driver
Copyright (c) 2005-2024 NVIDIA Corporation
Built on Thu_Mar_28_02:18:24_PDT_2024
Cuda compilation tools, release 12.4, V12.4.131
Build cuda_12.4.r12.4/compiler.34097967_0

[WARNING] Please note the interface change for (de-)activating conda environment:

  - DO NOT use `conda activate` to enter the conda environment as it requires extra step to modify your ~/.bashrc file, which will force you to use this Anaconda version (2024.06).  Therefore keep using `source activate` instead.

  - DO use `conda deactivate` to leave your conda environment as `source deactivate` will be deprecated in future release.

Running model for expriment=percept_only4, m_id=6, method=bads
device is : cuda
['percept_only4', '6', '2', 'bads', '5']

 ------- Start Optimization for Subject 2 ---------- 

 Cross Validation fold 0/1

 -- Start Optimization: method BADS --

 Optimization Run 1/5
Initial params: [1.9657, 9.4716, 8.3212, 29.551, 3.1121, 0.2934, 23.3666, 0.776, 0.6187]
bads:TooCloseBounds: For each variable, hard and plausible bounds should not be too close. Moving plausible bounds.
Variables (index) internally transformed to log coordinates: [[0 0]
 [0 3]
 [0 4]]
Beginning optimization of a STOCHASTIC objective function

 Iteration    f-count      E[f(x)]        SD[f(x)]           MeshScale          Method              Actions
     0           1         22555.4             nan               1                                  
     0          33           19108             nan               1          Initial mesh            Initial points
     0          34         18657.3        0.999971               1        Successful poll           Train
     1          35         16960.7        0.999975               1      Successful search (ES-wcm)        
     1          47           16879        0.999652               1      Successful search (ES-wcm)        
     1          51         16852.4        0.997504               1      Successful search (ES-wcm)        
     1          56         16847.8         0.96014               1      Successful search (ES-wcm)        
     1          57         16845.6        0.960136               1      Successful search (ES-wcm)        
     1          59         16689.3          0.9602               1      Successful search (ES-wcm)        
     1          63         16667.3        0.960163               1      Successful search (ES-wcm)        
     1          68         16630.1        0.960067               1      Successful search (ES-wcm)        
     1          75         16620.1        0.978154               1      Successful search (ES-wcm)        
     1          79         16578.8        0.978047               1      Successful search (ES-wcm)        
     1          99           16576        0.990916               1        Successful poll           Train
     2         119         16570.3          0.9537               1        Successful poll           Train
     3         122         16480.8         1.02687               1      Successful search (ES-wcm)        
     3         126         16437.7         1.02689               1      Successful search (ES-wcm)        
     3         148           16437         5.15104             0.5          Refine grid             Train
     4         150         16416.8         21.9631             0.5      Successful search (ES-wcm)        
     4         159         16412.2         21.1341             0.5      Successful search (ES-wcm)        
     4         172         16408.5         14.4387             0.5      Successful search (ES-ell)        
     4         182           16407         10.4199             0.5      Successful search (ES-wcm)        
     4         186           16404         19.4957             0.5      Successful search (ES-wcm)        
     4         194         16392.7         21.2434             0.5      Successful search (ES-wcm)        
     4         199         16387.9         18.4373             0.5      Successful search (ES-wcm)        
     4         203         16353.3         19.4344             0.5      Successful search (ES-wcm)        
     4         232         16300.5         21.3908               1        Successful poll           Train
     5         233         16153.9         25.7112               1      Successful search (ES-wcm)        
     5         241         16138.7         21.2087               1      Successful search (ES-wcm)        
     5         261         16137.4         25.5345               1        Successful poll           
     6         281           16137         25.5328             0.5          Refine grid             Train
     7         282         16126.1         23.3666             0.5      Successful search (ES-wcm)        
     7         287         16122.7         14.5978             0.5      Successful search (ES-wcm)        
     7         288         16111.9          16.578             0.5      Successful search (ES-wcm)        
     7         289         16110.1         18.8909             0.5      Successful search (ES-wcm)        
     7         296         16109.4         10.5191             0.5      Successful search (ES-wcm)        
     7         298         16102.3         9.65431             0.5      Successful search (ES-wcm)        
     7         299         16098.7         11.7064             0.5      Successful search (ES-wcm)        
     7         320           16096         13.4981               1        Successful poll           
     8         338         16095.4         15.8299               1        Successful poll           
     9         357         16087.5         12.9124               1        Successful poll           
    10         359           16085         15.5382               1      Incremental search (ES-wcm)        
    10         378           16085         15.5382             0.5          Refine grid             Train
    11         381         16091.8         7.03191             0.5      Successful search (ES-ell)        
    11         382         16087.9         8.54416             0.5      Successful search (ES-ell)        
    11         385         16086.2         6.84471             0.5      Successful search (ES-ell)        
    11         387         16082.4         6.68873             0.5      Successful search (ES-ell)        
    11         389         16081.3         6.45949             0.5      Successful search (ES-ell)        
    11         390         16080.9         7.30061             0.5      Incremental search (ES-ell)        
    11         418         16080.9         7.30061            0.25          Refine grid             Train
    12         419           16082         4.62318            0.25      Successful search (ES-ell)        
    12         421         16081.8         4.52104            0.25      Successful search (ES-ell)        
    12         423         16078.4         5.05825            0.25      Successful search (ES-ell)        
    12         424         16076.8         7.27181            0.25      Successful search (ES-ell)        
    12         451         16076.8         7.27181           0.125          Refine grid             
    13         452         16077.4         4.24722           0.125      Successful search (ES-wcm)        
    13         453         16077.3         4.88515           0.125      Successful search (ES-wcm)        
    13         454         16076.3          5.5844           0.125      Successful search (ES-wcm)        
    13         456         16072.2         5.98572           0.125      Successful search (ES-ell)        
    13         484         16072.2         5.98572          0.0625          Refine grid             
    14         485         16077.9         3.52225          0.0625      Successful search (ES-ell)        
    14         496         16076.8         3.02153          0.0625      Successful search (ES-ell)        
    14         497         16076.6         3.22371          0.0625      Successful search (ES-wcm)        
    14         498         16076.5         3.92624          0.0625      Successful search (ES-ell)        
    14         528         16076.5         3.92624         0.03125          Refine grid             
    15         529         16076.1         3.63375         0.03125      Successful search (ES-ell)        
    15         530         16074.9         3.59321         0.03125      Successful search (ES-ell)        
    15         531         16074.1         3.75985         0.03125      Successful search (ES-ell)        
    15         539         16073.9         3.44484         0.03125      Successful search (ES-ell)        
    15         540         16073.6           3.549         0.03125      Successful search (ES-ell)        
    15         558         16047.3         2.56955          0.0625        Successful poll           
    16         559         15933.9         3.27183          0.0625      Successful search (ES-ell)        
    16         560         15878.8         4.70782          0.0625      Successful search (ES-ell)        
    16         591         15878.8         4.70782         0.03125          Refine grid             
    17         592         16076.8         3.14935         0.03125      Successful search (ES-ell)        
    17         593         16075.4         3.54575         0.03125      Successful search (ES-ell)        
    17         601           16028         2.67797         0.03125      Successful search (ES-ell)        
    17         602         15947.1         2.79022         0.03125      Successful search (ES-ell)        
    17         603         15891.4         2.95688         0.03125      Successful search (ES-ell)        
    17         633         15891.4         2.95688        0.015625          Refine grid             
    18         634         15985.6         2.12259        0.015625      Successful search (ES-ell)        
    18         635         15979.5         2.10495        0.015625      Successful search (ES-ell)        
    18         636         15976.8         2.04845        0.015625      Successful search (ES-wcm)        
    18         637         15971.5         2.02809        0.015625      Successful search (ES-wcm)        
    18         638         15962.9         2.07405        0.015625      Successful search (ES-wcm)        
    18         639         15949.3         2.21611        0.015625      Successful search (ES-wcm)        
    18         640         15933.2         2.40927        0.015625      Successful search (ES-wcm)        
    18         641         15912.9         3.20292        0.015625      Successful search (ES-wcm)        
    18         668         15912.9         3.20292       0.0078125          Refine grid             
    19         669         16049.3         2.15794       0.0078125      Successful search (ES-wcm)        
    19         670         16048.4         2.14618       0.0078125      Successful search (ES-wcm)        
    19         671         16046.5         2.16452       0.0078125      Successful search (ES-wcm)        
    19         672         16043.5         2.18788       0.0078125      Successful search (ES-wcm)        
    19         673         16032.6         2.24345       0.0078125      Successful search (ES-ell)        
    19         674         16026.7          2.3332       0.0078125      Successful search (ES-wcm)        
    19         675         16008.9         2.68166       0.0078125      Successful search (ES-ell)        
    19         676         15990.9         3.14799       0.0078125      Successful search (ES-ell)        
    19         677         15972.3         3.61859       0.0078125      Successful search (ES-ell)        
    19         703         15972.3         3.61859      0.00390625          Refine grid             Train
    20         704         16076.5         2.81112      0.00390625      Successful search (ES-ell)        
    20         711         16076.5         2.66127      0.00390625      Successful search (ES-ell)        
    20         713         16076.2         2.62259      0.00390625      Successful search (ES-ell)        
    20         714         16075.8         2.61487      0.00390625      Successful search (ES-ell)        
    20         716         16075.7          2.5966      0.00390625      Successful search (ES-ell)        
    20         717         16075.5         2.60885      0.00390625      Successful search (ES-ell)        
    20         720         16075.5         2.59284      0.00390625      Successful search (ES-ell)        
    20         721         16074.8         2.60297      0.00390625      Successful search (ES-wcm)        
    20         723         16074.7         2.56645      0.00390625      Successful search (ES-wcm)        
    20         724         16074.4         2.55553      0.00390625      Successful search (ES-wcm)        
    20         731         16074.3         2.45972      0.00390625      Successful search (ES-wcm)        
    20         732         16074.1         2.44957      0.00390625      Successful search (ES-wcm)        
    20         738         16070.4         1.70149      0.00390625      Successful search (ES-ell)        
    20         751         16061.9         3.23276       0.0078125        Successful poll           
    21         752         16039.9          2.0751       0.0078125      Successful search (ES-ell)        
    21         753         16034.4         2.12095       0.0078125      Successful search (ES-ell)        
    21         754         16028.8         2.21239       0.0078125      Successful search (ES-ell)        
    21         755         16020.4         2.38705       0.0078125      Successful search (ES-ell)        
    21         756         16016.4         2.66727       0.0078125      Successful search (ES-ell)        
    21         757         16004.8         3.00284       0.0078125      Successful search (ES-ell)        
    21         758         15990.2         3.01345       0.0078125      Successful search (ES-ell)        
    21         784         15990.2         3.01345      0.00390625          Refine grid             Train
    22         808         16061.9         3.23104      0.00195312          Refine grid             Train
    23         832         16065.6         3.15346     0.000488281          Refine grid             Train
Optimization terminated: change in the function value less than options['tol_mesh']
Estimated function value at minimum: 16076.873075480953 ± 1.3175920058738713 (mean ± SEM from 100 samples)
BADS minimum at: x_min = [2.27070e+00 5.47560e+00 5.36270e+00 3.12300e-01 0.00000e+00 3.10000e-02
 4.01605e+01 1.37100e-01 2.00000e-04], training NLL = 16076.8731
total f-count: 932, time: 40.62 min

 Optimization Run 2/5
Initial params: [1.2672, 3.5561, 7.8441, 7.7595, 0.2727, 0.4714, 21.4316, 0.1939, 0.8715]
bads:TooCloseBounds: For each variable, hard and plausible bounds should not be too close. Moving plausible bounds.
Variables (index) internally transformed to log coordinates: [[0 0]
 [0 3]
 [0 4]]
Beginning optimization of a STOCHASTIC objective function

 Iteration    f-count      E[f(x)]        SD[f(x)]           MeshScale          Method              Actions
     0           1         22555.4             nan               1                                  
     0          33         19104.1             nan               1          Initial mesh            Initial points
     0          34         18655.8        0.999971               1        Successful poll           Train
     1          37         18539.3        0.999966               1      Successful search (ES-wcm)        
     1          38         18507.8        0.999962               1      Successful search (ES-wcm)        
     1          39         18462.2        0.999973               1      Successful search (ES-wcm)        
     1          43         18199.8        0.999958               1      Successful search (ES-wcm)        
     1          44         17671.7        0.999954               1      Successful search (ES-wcm)        
     1          46         17129.3        0.999964               1      Successful search (ES-wcm)        
     1          52         16677.9        0.999833               1      Successful search (ES-wcm)        
     1          53         16643.6         1.00807               1      Successful search (ES-wcm)        
     1          54         16618.9         1.00808               1      Successful search (ES-wcm)        
     1          70         16573.2        0.995529               1      Successful search (ES-wcm)        
     1          73         16473.4        0.996737               1      Successful search (ES-wcm)        
     1         101         16473.4        0.996737             0.5          Refine grid             Train
     2         125           16471         1.36024               1        Successful poll           Train
     3         147           16471         1.36024             0.5          Refine grid             Train
     4         151         16479.8         21.3696             0.5      Successful search (ES-wcm)        
     4         153         16414.8         22.7773             0.5      Successful search (ES-wcm)        
     4         155         16388.1         23.5785             0.5      Successful search (ES-wcm)        
     4         181         16388.1         23.5785            0.25          Refine grid             Train
     5         182         16369.8         23.7706            0.25      Successful search (ES-ell)        
     5         187         16363.3         17.1978            0.25      Successful search (ES-ell)        
     5         191         16359.1         17.8447            0.25      Successful search (ES-ell)        
     5         197         16358.9         11.3369            0.25      Successful search (ES-ell)        
     5         198         16358.4         14.5169            0.25      Successful search (ES-ell)        
     5         200         16349.5         22.2034            0.25      Successful search (ES-ell)        
     5         206         16340.6         17.9186            0.25      Successful search (ES-wcm)        
     5         207         16308.6         24.5166            0.25      Successful search (ES-wcm)        
     5         208         16294.8         26.1231            0.25      Successful search (ES-wcm)        
     5         211         16287.9         23.1856            0.25      Successful search (ES-ell)        
     5         214         16287.2         16.2785            0.25      Successful search (ES-wcm)        
     5         218         16283.1         20.3775            0.25      Successful search (ES-wcm)        
     5         252         16283.1         20.3775           0.125          Refine grid             
     6         253         16285.5         10.2455           0.125      Successful search (ES-ell)        
     6         254           16274         18.3713           0.125      Successful search (ES-ell)        
     6         258         16272.9          13.202           0.125      Successful search (ES-wcm)        
     6         260         16271.6         13.8931           0.125      Successful search (ES-wcm)        
     6         278         16265.4         10.8373            0.25        Successful poll           Train
     7         279         16237.5         23.9743            0.25      Successful search (ES-wcm)        
     7         281         16231.3         22.0001            0.25      Successful search (ES-wcm)        
     7         283           16215         21.5604            0.25      Successful search (ES-wcm)        
     7         285         16198.1         20.0711            0.25      Successful search (ES-wcm)        
     7         313         16198.1         20.0711           0.125          Refine grid             
     8         314         16218.8          8.4685           0.125      Successful search (ES-wcm)        
     8         348         16218.8          8.4685          0.0625          Refine grid             
     9         349         16222.7         5.58932          0.0625      Successful search (ES-wcm)        
     9         351         16222.4         5.68306          0.0625      Successful search (ES-wcm)        
     9         352         16221.6         6.39766          0.0625      Successful search (ES-wcm)        
     9         354         16218.8         5.12565          0.0625      Successful search (ES-wcm)        
     9         355         16211.6         12.1012          0.0625      Successful search (ES-ell)        
     9         357         16194.4         14.1774          0.0625      Successful search (ES-ell)        
     9         358         16184.6         15.3345          0.0625      Successful search (ES-ell)        
     9         393         16161.2         15.2966           0.125        Successful poll           
    10         396         16157.3         11.3339           0.125      Successful search (ES-ell)        
    10         397         16155.7         11.4283           0.125      Successful search (ES-ell)        
    10         398         16140.7         12.0441           0.125      Successful search (ES-ell)        
    10         399         16139.5         15.9882           0.125      Successful search (ES-wcm)        
    10         405         16136.6         8.96747           0.125      Successful search (ES-wcm)        
    10         406         16132.4         9.53381           0.125      Successful search (ES-wcm)        
    10         408         16129.6         8.05485           0.125      Successful search (ES-wcm)        
    10         436         16125.3         5.82221            0.25        Successful poll           
    11         440           16122         7.40738            0.25      Successful search (ES-wcm)        
    11         442         16116.3         8.28157            0.25      Successful search (ES-wcm)        
    11         470         16116.3         8.28157           0.125          Refine grid             Train
    12         471           16123         6.96601           0.125      Successful search (ES-ell)        
    12         481         16118.7         9.53445           0.125      Successful search (ES-wcm)        
    12         483         16118.1         11.7592           0.125      Successful search (ES-wcm)        
    12         490         16117.3         9.43595           0.125      Successful search (ES-ell)        
    12         491         16101.6         10.7497           0.125      Successful search (ES-ell)        
    12         522         16101.6         10.7497          0.0625          Refine grid             Train
    13         523         16101.8         4.35266          0.0625      Successful search (ES-ell)        
    13         524           16098         7.73763          0.0625      Successful search (ES-ell)        
    13         529         16095.6         6.90581          0.0625      Successful search (ES-wcm)        
    13         556         16095.6         6.90581         0.03125          Refine grid             Train
    14         557         16099.5         3.48489         0.03125      Successful search (ES-wcm)        
    14         559           16097         4.02693         0.03125      Successful search (ES-wcm)        
    14         561         16095.6         4.06593         0.03125      Successful search (ES-ell)        
    14         562         16092.7         4.86122         0.03125      Successful search (ES-ell)        
    14         590         16092.7         4.86122        0.015625          Refine grid             
    15         592         16102.8          2.3304        0.015625      Successful search (ES-ell)        
    15         593         16102.5         2.37979        0.015625      Successful search (ES-ell)        
    15         594         16102.3         2.71418        0.015625      Successful search (ES-ell)        
    15         595           16102         3.34088        0.015625      Successful search (ES-ell)        
    15         624           16102         3.34088       0.0078125          Refine grid             
    16         625         16102.2          2.0695       0.0078125      Successful search (ES-ell)        
    16         626         16102.2         2.19309       0.0078125      Incremental search (ES-wcm)        
    16         628         16101.7         2.37409       0.0078125      Successful search (ES-ell)        
    16         629         16100.5         2.77581       0.0078125      Successful search (ES-ell)        
    16         658         16100.5         2.77581      0.00390625          Refine grid             Train
    17         659           16106         1.78614      0.00390625      Successful search (ES-ell)        
    17         660         16105.3         1.74586      0.00390625      Successful search (ES-wcm)        
    17         691         16102.6         2.90518       0.0078125        Successful poll           Train
    18         692         16104.8          2.5865       0.0078125      Successful search (ES-wcm)        
    18         693         16104.4         3.29725       0.0078125      Successful search (ES-wcm)        
    18         694         16103.4         3.30432       0.0078125      Successful search (ES-ell)        
    18         695           16102         3.64788       0.0078125      Successful search (ES-ell)        
    18         696         16101.9         4.01296       0.0078125      Successful search (ES-ell)        
    18         726         16101.9         4.01296      0.00390625          Refine grid             
    19         727           16102         2.35183      0.00390625      Successful search (ES-wcm)        
    19         728         16101.5         2.14513      0.00390625      Successful search (ES-wcm)        
    19         729           16101         2.12309      0.00390625      Successful search (ES-wcm)        
    19         730         16100.5         2.20955      0.00390625      Successful search (ES-ell)        
    19         731         16099.7         2.49341      0.00390625      Successful search (ES-ell)        
    19         732         16098.6            3.25      0.00390625      Successful search (ES-ell)        
    19         737         16098.2         2.84996      0.00390625      Successful search (ES-ell)        
    19         754         16091.4         2.14233       0.0078125        Successful poll           
    20         755         16085.2         2.27635       0.0078125      Successful search (ES-ell)        
    20         756           16081         2.63808       0.0078125      Successful search (ES-ell)        
    20         757         16076.5         3.10457       0.0078125      Successful search (ES-ell)        
    20         758         16072.9         3.81641       0.0078125      Successful search (ES-ell)        
    20         788         16072.9         3.81641      0.00390625          Refine grid             Train
    21         813         16103.1         2.40229      0.00195312          Refine grid             Train
    22         814         16103.3         2.35637      0.00195312      Successful search (ES-ell)        
    22         847         16103.3         2.35637     0.000976562          Refine grid             
Optimization terminated: change in the function value less than options['tol_mesh']
Estimated function value at minimum: 16104.043262340616 ± 1.5339853460629793 (mean ± SEM from 100 samples)
BADS minimum at: x_min = [2.4266e+00 5.6586e+00 5.5208e+00 3.1130e-01 0.0000e+00 1.0000e-02
 3.6924e+01 8.2650e-01 6.3850e-01], training NLL = 16104.0433
total f-count: 947, time: 41.07 min

 Optimization Run 3/5
Initial params: [0.7694, 6.9543, 8.8072, 3.0282, 0.3253, 0.1974, 24.8421, 0.8928, 0.5974]
bads:TooCloseBounds: For each variable, hard and plausible bounds should not be too close. Moving plausible bounds.
Variables (index) internally transformed to log coordinates: [[0 0]
 [0 3]
 [0 4]]
Beginning optimization of a STOCHASTIC objective function

 Iteration    f-count      E[f(x)]        SD[f(x)]           MeshScale          Method              Actions
     0           1         22555.4             nan               1                                  
     0          33         19099.1             nan               1          Initial mesh            Initial points
     0          34         18662.6        0.999969               1        Successful poll           Train
     1          35         17971.7        0.999972               1      Successful search (ES-wcm)        
     1          36         17276.5        0.999973               1      Successful search (ES-ell)        
     1          42         17095.8        0.999894               1      Successful search (ES-ell)        
     1          46         16980.1         0.99983               1      Successful search (ES-ell)        
     1          47           16761        0.999313               1      Successful search (ES-ell)        
     1          51         16737.9         0.99781               1      Successful search (ES-ell)        
     1          60         16648.1        0.989205               1      Successful search (ES-ell)        
     1          65         16633.3        0.996398               1      Successful search (ES-ell)        
     1          68         16624.9        0.995829               1      Successful search (ES-ell)        
     1          87         16609.6        0.922236               1        Successful poll           
     2         103         16603.3        0.868736               1        Successful poll           
     3         106         16493.6        0.882788               1      Successful search (ES-wcm)        
     3         110           16487         23.0933               1      Successful search (ES-wcm)        
     3         115         16473.7         23.8917               1      Successful search (ES-wcm)        
     3         120         16467.2         21.2216               1      Successful search (ES-wcm)        
     3         125         16465.2         22.5551               1      Successful search (ES-wcm)        
     3         126         16441.6         24.2189               1      Successful search (ES-wcm)        
     3         129           16370           26.84               1      Successful search (ES-ell)        
     3         148         16281.2         27.1009               1        Successful poll           Train
     4         171         16281.7         27.4214             0.5          Refine grid             Train
     5         177         16292.5         14.4901             0.5      Successful search (ES-ell)        
     5         178           16276         19.6295             0.5      Successful search (ES-ell)        
     5         179         16251.1          22.409             0.5      Successful search (ES-ell)        
     5         203         16251.1          22.409            0.25          Refine grid             
     6         204         16237.2         18.2733            0.25      Successful search (ES-ell)        
     6         205         16235.5          33.156            0.25      Successful search (ES-ell)        
     6         209         16230.6         23.4061            0.25      Successful search (ES-ell)        
     6         211         16228.2         23.7688            0.25      Successful search (ES-ell)        
     6         212         16225.9         31.2777            0.25      Successful search (ES-ell)        
     6         214         16214.4         25.4587            0.25      Successful search (ES-ell)        
     6         220         16213.5         14.2115            0.25      Successful search (ES-ell)        
     6         225         16208.1         15.3142            0.25      Successful search (ES-wcm)        
     6         227         16201.7          12.267            0.25      Successful search (ES-wcm)        
     6         232         16197.4         13.3467            0.25      Successful search (ES-ell)        
     6         237         16193.3         9.57069            0.25      Successful search (ES-wcm)        
     6         238         16192.9         11.0584            0.25      Successful search (ES-wcm)        
     6         244         16192.1          7.3596            0.25      Successful search (ES-wcm)        
     6         245         16191.4         7.91301            0.25      Successful search (ES-wcm)        
     6         248         16190.1         8.04809            0.25      Successful search (ES-wcm)        
     6         251           16189         8.06088            0.25      Successful search (ES-wcm)        
     6         254         16188.7         8.07684            0.25      Successful search (ES-wcm)        
     6         256         16186.3         8.89624            0.25      Successful search (ES-wcm)        
     6         257         16184.7         11.2971            0.25      Successful search (ES-wcm)        
     6         261         16180.5            10.7            0.25      Successful search (ES-wcm)        
     6         263         16177.4         11.3057            0.25      Successful search (ES-wcm)        
     6         278         16176.2         5.17061             0.5        Successful poll           Train
     7         283         16172.9         7.93684             0.5      Successful search (ES-wcm)        
     7         285           16163         8.02743             0.5      Successful search (ES-wcm)        
     7         311           16163         8.02743            0.25          Refine grid             
     8         312         16166.5         14.0182            0.25      Successful search (ES-wcm)        
     8         315         16139.5         14.2628            0.25      Successful search (ES-ell)        
     8         345         16139.5         14.2628           0.125          Refine grid             
     9         348         16149.9         5.96771           0.125      Successful search (ES-ell)        
     9         351         16147.4         7.07902           0.125      Successful search (ES-ell)        
     9         352         16146.9         10.2099           0.125      Successful search (ES-wcm)        
     9         355         16140.3         13.6017           0.125      Successful search (ES-ell)        
     9         361         16140.1         7.94539           0.125      Successful search (ES-ell)        
     9         362         16132.7         7.89857           0.125      Successful search (ES-ell)        
     9         363         16128.5         9.33501           0.125      Successful search (ES-ell)        
     9         366         16127.3         12.4355           0.125      Successful search (ES-wcm)        
     9         367         16122.3         14.5004           0.125      Successful search (ES-ell)        
     9         368         16103.6         22.1676           0.125      Successful search (ES-wcm)        
     9         369         16082.9          23.492           0.125      Successful search (ES-wcm)        
     9         396         16079.2         17.9927            0.25        Successful poll           
    10         399           16075         14.4277            0.25      Successful search (ES-wcm)        
    10         429           16075         14.4277           0.125          Refine grid             Train
    11         432         16096.5         5.48714           0.125      Successful search (ES-wcm)        
    11         435         16094.8          5.1521           0.125      Successful search (ES-wcm)        
    11         462         16094.8          5.1521          0.0625          Refine grid             Train
    12         463         16082.2         6.42243          0.0625      Successful search (ES-ell)        
    12         495         16082.2         6.42243         0.03125          Refine grid             
    13         496         16094.2         5.92942         0.03125      Successful search (ES-ell)        
    13         497         16086.4         8.34975         0.03125      Successful search (ES-ell)        
    13         498         16075.6         10.7729         0.03125      Successful search (ES-ell)        
    13         528         16075.6         10.7729        0.015625          Refine grid             
    14         529         16095.6         2.41692        0.015625      Successful search (ES-ell)        
    14         531         16094.7         3.29369        0.015625      Successful search (ES-wcm)        
    14         532         16093.9         5.02613        0.015625      Successful search (ES-wcm)        
    14         533         16092.5         6.13197        0.015625      Successful search (ES-wcm)        
    14         534         16084.6         9.53707        0.015625      Successful search (ES-wcm)        
    14         535           16081         11.1498        0.015625      Successful search (ES-wcm)        
    14         537         16078.6         8.39177        0.015625      Successful search (ES-ell)        
    14         564         16078.6         8.39177       0.0078125          Refine grid             Train
    15         566         16087.9         2.58468       0.0078125      Successful search (ES-ell)        
    15         567         16087.4         2.61561       0.0078125      Successful search (ES-ell)        
    15         569         16086.3          2.7132       0.0078125      Successful search (ES-ell)        
    15         570         16085.4         2.88748       0.0078125      Successful search (ES-ell)        
    15         574         16084.4          3.4017       0.0078125      Successful search (ES-wcm)        
    15         575         16083.7          3.5896       0.0078125      Successful search (ES-ell)        
    15         576         16082.6         5.15733       0.0078125      Successful search (ES-wcm)        
    15         578         16080.7         5.10298       0.0078125      Successful search (ES-wcm)        
    15         579         16080.3          5.0934       0.0078125      Successful search (ES-wcm)        
    15         609         16080.3          5.0934      0.00390625          Refine grid             Train
    16         610         16086.8         2.27784      0.00390625      Successful search (ES-ell)        
    16         611         16086.3          2.2792      0.00390625      Successful search (ES-ell)        
    16         612           16085         2.26119      0.00390625      Successful search (ES-ell)        
    16         613         16083.3          2.3372      0.00390625      Successful search (ES-ell)        
    16         614         16082.2         2.68459      0.00390625      Successful search (ES-ell)        
    16         615           16081         3.30352      0.00390625      Successful search (ES-ell)        
    16         616         16079.3         4.16578      0.00390625      Successful search (ES-ell)        
    16         619         16078.9         3.68498      0.00390625      Successful search (ES-wcm)        
    16         620         16078.8         3.96349      0.00390625      Successful search (ES-wcm)        
    16         623         16078.2         3.75068      0.00390625      Successful search (ES-wcm)        
    16         626         16078.2         3.37154      0.00390625      Successful search (ES-ell)        
    16         627         16078.1         3.51554      0.00390625      Successful search (ES-wcm)        
    16         629         16077.8         3.48328      0.00390625      Successful search (ES-wcm)        
    16         630         16077.8         3.42732      0.00390625      Successful search (ES-ell)        
    16         631         16077.5         3.41816      0.00390625      Successful search (ES-ell)        
    16         632         16077.2         3.43498      0.00390625      Successful search (ES-ell)        
    16         633         16076.4         3.61299      0.00390625      Successful search (ES-ell)        
    16         663         16072.3         2.27333       0.0078125        Successful poll           Train
    17         664         16071.5         2.05636       0.0078125      Successful search (ES-wcm)        
    17         665         16069.2          2.6765       0.0078125      Successful search (ES-wcm)        
    17         666         16065.5         3.35528       0.0078125      Successful search (ES-wcm)        
    17         667         16062.4         4.66736       0.0078125      Successful search (ES-wcm)        
    17         671         16062.3         4.02666       0.0078125      Successful search (ES-wcm)        
    17         672         16061.6         4.57235       0.0078125      Successful search (ES-wcm)        
    17         698         16061.6         4.57235      0.00390625          Refine grid             Train
    18         699         16069.6         2.30053      0.00390625      Successful search (ES-ell)        
    18         700         16068.2         2.47155      0.00390625      Successful search (ES-ell)        
    18         701         16066.6         2.81298      0.00390625      Successful search (ES-ell)        
    18         702         16065.9         3.59391      0.00390625      Successful search (ES-ell)        
    18         703         16064.1         4.40788      0.00390625      Successful search (ES-ell)        
    18         704         16058.3         5.28452      0.00390625      Successful search (ES-ell)        
    18         705         16049.8         6.21101      0.00390625      Successful search (ES-ell)        
    18         706         16039.8         7.28282      0.00390625      Successful search (ES-ell)        
    18         733         16039.8         7.28282      0.00195312          Refine grid             
    19         734         16055.7         2.27099      0.00195312      Successful search (ES-ell)        
    19         735         16055.5         2.28026      0.00195312      Successful search (ES-wcm)        
    19         738         16054.9         2.38805      0.00195312      Successful search (ES-ell)        
    19         739         16053.9         2.47807      0.00195312      Successful search (ES-ell)        
    19         740         16053.7         2.70183      0.00195312      Successful search (ES-ell)        
    19         741         16053.1          3.3069      0.00195312      Successful search (ES-ell)        
    19         742         16051.5         4.57201      0.00195312      Successful search (ES-ell)        
    19         769         16051.5         4.57201     0.000976562          Refine grid             
Optimization terminated: change in the function value less than options['tol_mesh']
Estimated function value at minimum: 16054.915607154579 ± 1.3576325623064731 (mean ± SEM from 100 samples)
BADS minimum at: x_min = [2.26900e+00 5.74380e+00 5.50600e+00 3.08100e-01 3.47000e-02 1.00000e-02
 3.65744e+01 1.20500e-01 6.34000e-02], training NLL = 16054.9156
total f-count: 869, time: 37.8 min

 Optimization Run 4/5
Initial params: [0.3054, 6.7703, 6.7037, 15.3519, 3.3669, 0.33, 16.314, 0.832, 0.3792]
bads:TooCloseBounds: For each variable, hard and plausible bounds should not be too close. Moving plausible bounds.
Variables (index) internally transformed to log coordinates: [[0 0]
 [0 3]
 [0 4]]
Beginning optimization of a STOCHASTIC objective function

 Iteration    f-count      E[f(x)]        SD[f(x)]           MeshScale          Method              Actions
     0           1         22555.4             nan               1                                  
     0          33         19084.4             nan               1          Initial mesh            Initial points
     0          34         18638.7        0.999969               1        Successful poll           Train
     1          35         17697.5        0.999969               1      Successful search (ES-wcm)        
     1          38         17338.4        0.999962               1      Successful search (ES-wcm)        
     1          43         17285.3        0.999777               1      Successful search (ES-wcm)        
     1          45         17097.2        0.999925               1      Successful search (ES-wcm)        
     1          46         16894.2        0.999925               1      Successful search (ES-wcm)        
     1          51         16823.1        0.999871               1      Successful search (ES-wcm)        
     1          54         16718.3         1.01014               1      Successful search (ES-wcm)        
     1          65         16706.4         1.01011               1      Successful search (ES-ell)        
     1          67         16585.3          1.0101               1      Successful search (ES-ell)        
     1          69         16570.9         1.01005               1      Successful search (ES-ell)        
     1          71         16538.7            1.01               1      Successful search (ES-ell)        
     1          72         16500.8        0.951893               1      Successful search (ES-ell)        
     1          78         16479.5         0.95177               1      Successful search (ES-ell)        
     1         101         16478.1          1.1317               1        Successful poll           Train
     2         104         16444.2          1.1317               1      Successful search (ES-wcm)        
     2         113         16431.8         18.3052               1      Successful search (ES-wcm)        
     2         115           16404         18.2775               1      Successful search (ES-ell)        
     2         119         16397.4         17.7646               1      Successful search (ES-ell)        
     2         122           16380         18.1111               1      Successful search (ES-ell)        
     2         128         16377.9         14.8768               1      Successful search (ES-ell)        
     2         134         16377.2         15.9415               1      Incremental search (ES-wcm)        
     2         135         16336.9          19.572               1      Successful search (ES-ell)        
     2         144         16333.3         13.0707               1      Successful search (ES-ell)        
     2         148         16321.5         21.1746               1      Successful search (ES-ell)        
     2         152         16302.6         19.5159               1      Successful search (ES-ell)        
     2         161         16294.2         13.2916               1      Successful search (ES-ell)        
     2         162         16260.3         19.1175               1      Successful search (ES-ell)        
     2         163         16245.6          21.289               1      Successful search (ES-ell)        
     2         188         16245.6          21.289             0.5          Refine grid             Train
     3         191         16266.3         14.5825             0.5      Successful search (ES-wcm)        
     3         222         16266.3         14.5825            0.25          Refine grid             
     4         224         16263.7         7.41482            0.25      Successful search (ES-wcm)        
     4         225           16260         11.3818            0.25      Successful search (ES-wcm)        
     4         227         16249.6         13.5346            0.25      Successful search (ES-wcm)        
     4         230         16248.1         12.6485            0.25      Successful search (ES-wcm)        
     4         234         16233.4         10.0338            0.25      Successful search (ES-wcm)        
     4         235         16230.2         13.5973            0.25      Successful search (ES-wcm)        
     4         236         16214.6         19.0683            0.25      Successful search (ES-wcm)        
     4         238         16196.2         19.1333            0.25      Successful search (ES-wcm)        
     4         242         16170.1         19.4602            0.25      Successful search (ES-wcm)        
     4         244         16167.8         19.1582            0.25      Successful search (ES-wcm)        
     4         247         16148.8         18.4748            0.25      Successful search (ES-ell)        
     4         250         16141.7         19.4553            0.25      Successful search (ES-ell)        
     4         284         16141.7         19.4553           0.125          Refine grid             Train
     5         285         16146.4         8.18373           0.125      Successful search (ES-wcm)        
     5         288         16143.2         6.91329           0.125      Successful search (ES-wcm)        
     5         299         16142.8         4.67949           0.125      Successful search (ES-wcm)        
     5         328         16142.8         4.67949          0.0625          Refine grid             Train
     6         329         16144.7         3.22264          0.0625      Successful search (ES-wcm)        
     6         330         16144.4         4.81792          0.0625      Successful search (ES-wcm)        
     6         333           16142          5.4795          0.0625      Successful search (ES-ell)        
     6         334         16137.2         7.93449          0.0625      Successful search (ES-ell)        
     6         335         16134.7          9.8774          0.0625      Successful search (ES-wcm)        
     6         363         16134.7          9.8774         0.03125          Refine grid             
     7         364         16139.2          3.9813         0.03125      Successful search (ES-wcm)        
     7         365         16138.8         4.68499         0.03125      Successful search (ES-ell)        
     7         367         16137.2         4.66893         0.03125      Successful search (ES-ell)        
     7         368         16136.5         5.67557         0.03125      Successful search (ES-ell)        
     7         371         16134.3         4.67437         0.03125      Successful search (ES-ell)        
     7         372         16130.7         5.16227         0.03125      Successful search (ES-ell)        
     7         373         16130.4          5.2844         0.03125      Successful search (ES-ell)        
     7         377         16130.4         4.55048         0.03125      Successful search (ES-ell)        
     7         378         16129.6         4.75081         0.03125      Successful search (ES-ell)        
     7         379         16127.5         4.99593         0.03125      Successful search (ES-ell)        
     7         407         16125.6         3.41091          0.0625        Successful poll           
     8         409         16129.6         3.41098          0.0625      Successful search (ES-ell)        
     8         410         16127.7         4.08967          0.0625      Successful search (ES-ell)        
     8         424         16127.4         2.92358          0.0625      Successful search (ES-wcm)        
     8         426         16125.7         3.73841          0.0625      Successful search (ES-ell)        
     8         428         16125.2         5.67309          0.0625      Successful search (ES-ell)        
     8         429         16123.9         8.25818          0.0625      Successful search (ES-ell)        
     8         459         16123.9         8.25818         0.03125          Refine grid             
     9         460         16126.9         2.35771         0.03125      Successful search (ES-ell)        
     9         461         16124.5         3.20798         0.03125      Successful search (ES-ell)        
     9         462           16121         4.74938         0.03125      Successful search (ES-ell)        
     9         494           16121         4.74938        0.015625          Refine grid             
    10         495         16124.6         2.23417        0.015625      Successful search (ES-wcm)        
    10         496         16124.4         2.45539        0.015625      Successful search (ES-wcm)        
    10         497           16124         2.87352        0.015625      Successful search (ES-wcm)        
    10         530           16124         2.87352       0.0078125          Refine grid             
    11         531         16131.3         3.13793       0.0078125      Successful search (ES-ell)        
    11         532         16129.2         3.08295       0.0078125      Successful search (ES-ell)        
    11         533         16127.9         3.21178       0.0078125      Successful search (ES-ell)        
    11         534           16125         3.11315       0.0078125      Successful search (ES-wcm)        
    11         535           16124         3.60656       0.0078125      Successful search (ES-wcm)        
    11         537         16121.4         3.92379       0.0078125      Successful search (ES-wcm)        
    11         538         16117.1         4.80281       0.0078125      Successful search (ES-wcm)        
    11         541         16116.8         4.26542       0.0078125      Successful search (ES-ell)        
    11         542         16116.4         4.31413       0.0078125      Successful search (ES-ell)        
    11         575         16116.4         4.31413      0.00390625          Refine grid             
    12         576         16120.7         2.33861      0.00390625      Successful search (ES-ell)        
    12         577         16119.8         2.35274      0.00390625      Successful search (ES-ell)        
    12         578         16119.4         2.44092      0.00390625      Successful search (ES-ell)        
    12         579         16118.8         2.62389      0.00390625      Successful search (ES-ell)        
    12         580         16118.2         3.09024      0.00390625      Successful search (ES-wcm)        
    12         581         16117.4         3.88876      0.00390625      Successful search (ES-wcm)        
    12         582         16115.9         5.26383      0.00390625      Successful search (ES-wcm)        
    12         611         16115.9         5.26383      0.00195312          Refine grid             Train
    13         612         16124.6         1.80209      0.00195312      Successful search (ES-wcm)        
    13         613           16124         1.78105      0.00195312      Successful search (ES-wcm)        
    13         614         16123.1         1.78685      0.00195312      Successful search (ES-wcm)        
    13         615         16122.4         1.82303      0.00195312      Successful search (ES-wcm)        
    13         616         16121.7          1.8611      0.00195312      Successful search (ES-wcm)        
    13         617         16120.9         1.94539      0.00195312      Successful search (ES-wcm)        
    13         618         16120.2          2.1117      0.00195312      Successful search (ES-ell)        
    13         647         16120.2          2.1117     0.000976562          Refine grid             Train
Optimization terminated: change in the function value less than options['tol_mesh']
Estimated function value at minimum: 16123.774605395723 ± 1.3072124102701577 (mean ± SEM from 100 samples)
BADS minimum at: x_min = [2.43800e+00 6.13560e+00 5.95690e+00 2.83300e-01 4.24000e-02 1.85000e-02
 3.84941e+01 4.48000e-02 6.29900e-01], training NLL = 16123.7746
total f-count: 747, time: 32.42 min

 Optimization Run 5/5
Initial params: [0.2935, 6.4529, 4.9652, 13.3894, 3.3663, 0.698, 24.5327, 0.5684, 0.6705]
bads:TooCloseBounds: For each variable, hard and plausible bounds should not be too close. Moving plausible bounds.
Variables (index) internally transformed to log coordinates: [[0 0]
 [0 3]
 [0 4]]
Beginning optimization of a STOCHASTIC objective function

 Iteration    f-count      E[f(x)]        SD[f(x)]           MeshScale          Method              Actions
     0           1         22555.4             nan               1                                  
     0          33         19088.9             nan               1          Initial mesh            Initial points
     0          34         18647.6         0.99997               1        Successful poll           Train
     1          35         17320.2        0.999973               1      Successful search (ES-ell)        
     1          41         17296.3        0.999865               1      Successful search (ES-ell)        
     1          47           17283        0.999637               1      Successful search (ES-ell)        
     1          49         17222.9        0.999391               1      Successful search (ES-wcm)        
     1          50         17155.1        0.999621               1      Successful search (ES-ell)        
     1          58         16985.3         1.00374               1      Successful search (ES-ell)        
     1          60         16936.6         1.00369               1      Successful search (ES-ell)        
     1          82         16936.6         1.00369             0.5          Refine grid             Train
     2          89         16936.4        0.999061             0.5      Successful search (ES-ell)        
     2          98         16934.7        0.990265             0.5      Successful search (ES-ell)        
     2         107         16925.9        0.823261             0.5      Successful search (ES-ell)        
     2         129         16920.2         4.27719               1        Successful poll           Train
     3         138         16936.4         1.01413               1      Successful search (ES-ell)        
     3         142         16921.6         1.03455               1      Successful search (ES-ell)        
     3         168         16921.6         1.03455             0.5          Refine grid             Train
     4         170         16931.2         16.7878             0.5      Successful search (ES-ell)        
     4         175         16930.4         15.0908             0.5      Successful search (ES-ell)        
     4         179           16920         17.1034             0.5      Successful search (ES-ell)        
     4         181           16876         17.0651             0.5      Successful search (ES-ell)        
     4         182         16809.3         17.1994             0.5      Successful search (ES-ell)        
     4         184         16744.8         17.2233             0.5      Successful search (ES-ell)        
     4         211         16744.8         17.2233            0.25          Refine grid             
     5         212           16746         17.7554            0.25      Successful search (ES-ell)        
     5         215         16722.2         16.7165            0.25      Successful search (ES-ell)        
     5         217         16719.7         17.1183            0.25      Successful search (ES-ell)        
     5         219         16693.9         17.8076            0.25      Successful search (ES-ell)        
     5         220         16637.4         18.0781            0.25      Successful search (ES-ell)        
     5         228         16610.7         15.1045            0.25      Successful search (ES-wcm)        
     5         229         16597.8         16.7919            0.25      Successful search (ES-wcm)        
     5         230         16562.5         18.5509            0.25      Successful search (ES-wcm)        
     5         234         16546.8         21.7666            0.25      Successful search (ES-wcm)        
     5         235         16507.2         21.5075            0.25      Successful search (ES-wcm)        
     5         264         16501.2         21.5864             0.5        Successful poll           
     6         278         16495.1         8.93138               1        Successful poll           Train
     7         300         16485.6         10.6695               1        Successful poll           Train
     8         322         16485.7         10.1738             0.5          Refine grid             Train
     9         324         16461.1          19.775             0.5      Successful search (ES-ell)        
     9         356         16461.1          19.775            0.25          Refine grid             
    10         357         16471.1         13.6629            0.25      Successful search (ES-ell)        
    10         360           16463         11.2962            0.25      Successful search (ES-wcm)        
    10         363         16449.4         9.03421            0.25      Successful search (ES-ell)        
    10         365         16445.7         9.94019            0.25      Successful search (ES-wcm)        
    10         367           16431         12.9547            0.25      Successful search (ES-wcm)        
    10         401           16431         12.9547           0.125          Refine grid             
    11         402         16440.3         9.64595           0.125      Successful search (ES-ell)        
    11         403         16439.4         16.3257           0.125      Successful search (ES-ell)        
    11         406         16439.3         14.4419           0.125      Successful search (ES-ell)        
    11         413         16436.8         9.41846           0.125      Successful search (ES-ell)        
    11         414         16435.3         11.9032           0.125      Successful search (ES-ell)        
    11         415         16434.6         18.5283           0.125      Successful search (ES-ell)        
    11         417         16422.2         15.2798           0.125      Successful search (ES-ell)        
    11         446         16422.2         15.2798          0.0625          Refine grid             
    12         447         16437.8         6.41358          0.0625      Successful search (ES-ell)        
    12         448         16436.3         8.05643          0.0625      Successful search (ES-ell)        
    12         482         16433.3         4.26324           0.125        Successful poll           
    13         483         16430.8         6.98634           0.125      Successful search (ES-wcm)        
    13         484         16429.8         7.69753           0.125      Successful search (ES-wcm)        
    13         486         16412.7         16.6976           0.125      Successful search (ES-wcm)        
    13         487         16410.7         20.4015           0.125      Successful search (ES-wcm)        
    13         489         16369.5          20.018           0.125      Successful search (ES-wcm)        
    13         517         16369.5          20.018          0.0625          Refine grid             Train
    14         518         16385.5         6.20069          0.0625      Successful search (ES-wcm)        
    14         519         16381.1         12.0604          0.0625      Successful search (ES-ell)        
    14         520         16352.1         13.0494          0.0625      Successful search (ES-ell)        
    14         552         16352.1         13.0494         0.03125          Refine grid             
    15         553         16374.7         4.81484         0.03125      Successful search (ES-ell)        
    15         554         16372.1         6.46298         0.03125      Successful search (ES-ell)        
    15         555         16361.8          8.2277         0.03125      Successful search (ES-ell)        
    15         556         16355.1          10.555         0.03125      Successful search (ES-ell)        
    15         559         16344.4         8.07612         0.03125      Successful search (ES-wcm)        
    15         560         16339.6         9.79541         0.03125      Successful search (ES-wcm)        
    15         567         16339.2         5.26671         0.03125      Successful search (ES-wcm)        
    15         569         16338.6         4.82122         0.03125      Successful search (ES-wcm)        
    15         571         16337.3         5.38618         0.03125      Successful search (ES-wcm)        
    15         572         16333.9         6.92091         0.03125      Successful search (ES-ell)        
    15         573         16333.5         9.01641         0.03125      Successful search (ES-ell)        
    15         598         16318.4         13.3657          0.0625        Successful poll           
    16         599         16304.7         10.9813          0.0625      Successful search (ES-ell)        
    16         605         16301.1         5.58668          0.0625      Successful search (ES-ell)        
    16         606         16284.7         11.1236          0.0625      Successful search (ES-wcm)        
    16         608         16280.1         8.77844          0.0625      Successful search (ES-wcm)        
    16         610         16270.7          9.1994          0.0625      Successful search (ES-wcm)        
    16         611         16269.2         10.5393          0.0625      Successful search (ES-wcm)        
    16         643         16269.2         10.5393         0.03125          Refine grid             
    17         644         16290.5         3.80475         0.03125      Successful search (ES-wcm)        
    17         645         16289.2         5.75576         0.03125      Successful search (ES-wcm)        
    17         679         16289.2         5.75576        0.015625          Refine grid             
    18         689         16284.4         4.27451         0.03125        Successful poll           
    19         691         16278.6         5.10471         0.03125      Successful search (ES-wcm)        
    19         725         16278.6         5.10471        0.015625          Refine grid             
    20         727         16287.7         2.85871        0.015625      Successful search (ES-wcm)        
    20         735         16287.6         3.04503        0.015625      Successful search (ES-ell)        
    20         770         16287.6         3.04503       0.0078125          Refine grid             
    21         771         16290.9         1.87615       0.0078125      Successful search (ES-ell)        
    21         772         16289.3         2.55169       0.0078125      Successful search (ES-ell)        
    21         773         16287.2         3.66706       0.0078125      Successful search (ES-ell)        
    21         774         16283.1         5.68453       0.0078125      Successful search (ES-ell)        
    21         775         16276.4         7.63077       0.0078125      Successful search (ES-ell)        
    21         806         16276.4         7.63077      0.00390625          Refine grid             
    22         807           16285         2.81227      0.00390625      Successful search (ES-wcm)        
    22         809         16284.7          2.8738      0.00390625      Successful search (ES-wcm)        
    22         810         16284.4         3.01131      0.00390625      Successful search (ES-wcm)        
    22         811         16284.4         3.21937      0.00390625      Successful search (ES-wcm)        
    22         812         16284.1         3.50104      0.00390625      Successful search (ES-wcm)        
    22         813         16283.7          3.9072      0.00390625      Successful search (ES-wcm)        
    22         842         16283.7          3.9072      0.00195312          Refine grid             Train
    23         843         16288.8         2.23206      0.00195312      Successful search (ES-ell)        
    23         844         16288.5         2.32104      0.00195312      Successful search (ES-ell)        
    23         845         16287.7         2.52719      0.00195312      Successful search (ES-ell)        
    23         846         16287.5         2.92687      0.00195312      Successful search (ES-ell)        
    23         876         16287.4         2.79722      0.00390625        Successful poll           Train
    24         877         16287.7         2.84835      0.00390625      Successful search (ES-wcm)        
    24         879         16286.9         3.08684      0.00390625      Successful search (ES-ell)        
    24         912         16286.9         3.08684      0.00195312          Refine grid             
    25         913           16287         1.90969      0.00195312      Successful search (ES-wcm)        
    25         914         16285.6          2.0681      0.00195312      Successful search (ES-ell)        
    25         915         16284.4         2.38048      0.00195312      Successful search (ES-ell)        
    25         916           16282         2.96307      0.00195312      Successful search (ES-ell)        
    25         917         16280.1         3.24682      0.00195312      Successful search (ES-wcm)        
    25         918         16277.8         3.55942      0.00195312      Successful search (ES-wcm)        
    25         921         16277.2         3.64855      0.00195312      Successful search (ES-wcm)        
    25         927         16276.3         3.03304      0.00195312      Successful search (ES-ell)        
    25         931         16275.4         2.84116      0.00195312      Successful search (ES-wcm)        
    25         932         16275.2         2.88801      0.00195312      Successful search (ES-wcm)        
    25         952         16272.4         11.2012      0.00390625        Successful poll           
    26         953         16280.9         4.87907      0.00390625      Successful search (ES-ell)        
    26         954         16279.7         4.96387      0.00390625      Successful search (ES-wcm)        
    26         956         16279.4         4.66629      0.00390625      Successful search (ES-wcm)        
    26         988         16279.4         4.66629      0.00195312          Refine grid             
    27         989         16284.6         2.01576      0.00195312      Successful search (ES-wcm)        
    27         990         16284.1         2.00659      0.00195312      Successful search (ES-wcm)        
    27         991         16283.6          1.9718      0.00195312      Successful search (ES-wcm)        
    27         992           16283         1.96015      0.00195312      Successful search (ES-wcm)        
    27         993         16282.6         1.92226      0.00195312      Successful search (ES-wcm)        
    27         997         16282.4          1.8698      0.00195312      Successful search (ES-wcm)        
    27         998         16281.9         1.85073      0.00195312      Successful search (ES-wcm)        
    27        1000         16281.7         1.87754      0.00195312      Successful search (ES-ell)        
    27        1004         16281.5         1.82397      0.00195312      Successful search (ES-wcm)        
    27        1006         16281.3         1.84008      0.00195312      Successful search (ES-ell)        
    27        1007         16280.5         1.99959      0.00195312      Successful search (ES-ell)        
    27        1008         16279.4         2.25057      0.00195312      Successful search (ES-ell)        
    27        1009         16278.3         2.86163      0.00195312      Successful search (ES-ell)        
    27        1010         16276.7          3.7209      0.00195312      Successful search (ES-ell)        
    27        1011         16276.4         4.87787      0.00195312      Successful search (ES-ell)        
    27        1042         16276.4         4.87787     0.000976562          Refine grid             
Optimization terminated: change in the function value less than options['tol_mesh']
Estimated function value at minimum: 16287.396022656076 ± 1.183514989889503 (mean ± SEM from 100 samples)
BADS minimum at: x_min = [1.87930e+00 5.28040e+00 6.70820e+00 2.65900e-01 1.10000e-03 9.36000e-02
 2.54672e+01 2.19300e-01 1.32000e-02], training NLL = 16287.396
total f-count: 1142, time: 49.64 min

 ------- Finish Optimization for Subject 2 ---------- 
Sat Mar  7 01:52:18 2026       
+---------------------------------------------------------------------------------------+
| NVIDIA-SMI 535.113.01             Driver Version: 535.113.01   CUDA Version: 12.2     |
|-----------------------------------------+----------------------+----------------------+
| GPU  Name                 Persistence-M | Bus-Id        Disp.A | Volatile Uncorr. ECC |
| Fan  Temp   Perf          Pwr:Usage/Cap |         Memory-Usage | GPU-Util  Compute M. |
|                                         |                      |               MIG M. |
|=========================================+======================+======================|
|   0  NVIDIA A100-PCIE-40GB          On  | 00000000:E2:00.0 Off |                    0 |
| N/A   37C    P0              39W / 250W |      4MiB / 40960MiB |     27%      Default |
|                                         |                      |             Disabled |
+-----------------------------------------+----------------------+----------------------+
                                                                                         
+---------------------------------------------------------------------------------------+
| Processes:                                                                            |
|  GPU   GI   CI        PID   Type   Process name                            GPU Memory |
|        ID   ID                                                             Usage      |
|=======================================================================================|
|  No running processes found                                                           |
+---------------------------------------------------------------------------------------+
----------------------------------------
Start job epilogue Sat Mar  7 01:52:18 CET 2026
----------------------------------------
Job ID:          51194420
Job Exit Code:   0:0
Username:        wenlou
Group:           mpla
Queue:           gpu
Compute nodes:   dccn-c076
Asked resources: walltime=1-00:00:00,nodes=1,cpus=8,mem=2G
Used resources:  cputime=1-02:55:52,walltime=03:21:59,memory=0
----------------------------------------
End job epilogue Sat Mar  7 01:52:18 CET 2026
----------------------------------------
