----------------------------------------
Start task prologue Fri Mar  6 22:48:23 CET 2026
----------------------------------------
Step ID:         51194421.
Username:        wenlou
Group:           mpla
Asked resources: walltime=1-00:00:00,nodes=1,cpus=8,mem=2G
Queue:           gpu
Compute nodes:   dccn-c088
----------------------------------------
End task prologue Fri Mar  6 22:48:23 CET 2026
----------------------------------------
CUDA version:
nvcc: NVIDIA (R) Cuda compiler driver
Copyright (c) 2005-2024 NVIDIA Corporation
Built on Thu_Mar_28_02:18:24_PDT_2024
Cuda compilation tools, release 12.4, V12.4.131
Build cuda_12.4.r12.4/compiler.34097967_0

[WARNING] Please note the interface change for (de-)activating conda environment:

  - DO NOT use `conda activate` to enter the conda environment as it requires extra step to modify your ~/.bashrc file, which will force you to use this Anaconda version (2024.06).  Therefore keep using `source activate` instead.

  - DO use `conda deactivate` to leave your conda environment as `source deactivate` will be deprecated in future release.

Running model for expriment=percept_only4, m_id=6, method=bads
device is : cuda
['percept_only4', '6', '2', 'bads', '5']

 ------- Start Optimization for Subject 2 ---------- 

 Cross Validation fold 0/1

 -- Start Optimization: method BADS --

 Optimization Run 1/5
Initial params: [1.3048, 4.6291, 3.2085, 44.5838, 3.8037, 0.6408, 27.0026, 0.2571, 0.2228]
bads:TooCloseBounds: For each variable, hard and plausible bounds should not be too close. Moving plausible bounds.
Variables (index) internally transformed to log coordinates: [[0 0]
 [0 3]
 [0 4]]
Beginning optimization of a STOCHASTIC objective function

 Iteration    f-count      E[f(x)]        SD[f(x)]           MeshScale          Method              Actions
     0           1         22555.4             nan               1                                  
     0          33         19079.8             nan               1          Initial mesh            Initial points
     0          34         18675.6        0.999977               1        Successful poll           Train
     1          35         17195.5        0.999978               1      Successful search (ES-wcm)        
     1          41         17005.3        0.999902               1      Successful search (ES-wcm)        
     1          48         16919.6        0.999262               1      Successful search (ES-wcm)        
     1          58         16769.4        0.985092               1      Successful search (ES-wcm)        
     1          69         16760.6        0.984195               1      Successful search (ES-ell)        
     1          72         16722.9         1.00621               1      Successful search (ES-wcm)        
     1          75         16596.5         1.00621               1      Successful search (ES-wcm)        
     1          88         16568.1         1.00574               1      Successful search (ES-wcm)        
     1          90         16490.1         1.00619               1      Successful search (ES-wcm)        
     1          98         16465.6         1.00578               1      Successful search (ES-wcm)        
     1         101         16464.2         1.00584               1      Successful search (ES-ell)        
     1         103         16429.4          1.0058               1      Successful search (ES-wcm)        
     1         109         16425.5         1.00544               1      Successful search (ES-wcm)        
     1         120         16420.2          1.0109               1      Successful search (ES-wcm)        
     1         121         16390.1         1.01103               1      Successful search (ES-wcm)        
     1         145         16341.9         1.03694               1        Successful poll           
     2         153         16321.6        0.892331               1      Successful search (ES-ell)        
     2         176         16321.6        0.892331             0.5          Refine grid             Train
     3         200         16322.6         1.26234            0.25          Refine grid             Train
     4         203         16336.6        0.884409            0.25      Successful search (ES-ell)        
     4         236         16336.6        0.884409           0.125          Refine grid             Train
     5         263         16341.7        0.867157          0.0625          Refine grid             Train
     6         290         16340.1        0.863921         0.03125          Refine grid             Train
     7         291         16239.4         5.07205         0.03125      Successful search (ES-ell)        
     7         292         16237.2         5.62868         0.03125      Successful search (ES-ell)        
     7         293         16232.2         6.13264         0.03125      Successful search (ES-ell)        
     7         294           16226         7.50108         0.03125      Successful search (ES-ell)        
     7         326           16226         7.50108        0.015625          Refine grid             Train
     8         327         16330.3         3.25058        0.015625      Successful search (ES-ell)        
     8         328           16322         3.13548        0.015625      Successful search (ES-ell)        
     8         329         16315.4         3.31031        0.015625      Successful search (ES-ell)        
     8         330         16308.9         3.50686        0.015625      Successful search (ES-ell)        
     8         331         16301.4         4.02379        0.015625      Successful search (ES-ell)        
     8         332         16288.2         5.27917        0.015625      Successful search (ES-ell)        
     8         333         16275.3         7.48682        0.015625      Successful search (ES-ell)        
     8         334         16274.5         16.5872        0.015625      Successful search (ES-wcm)        
     8         362         16274.5         16.5872       0.0078125          Refine grid             
     9         363         16332.7         3.73512       0.0078125      Successful search (ES-wcm)        
     9         364         16327.5         3.64166       0.0078125      Successful search (ES-wcm)        
     9         365           16322          3.6228       0.0078125      Successful search (ES-wcm)        
     9         366           16315         3.71415       0.0078125      Successful search (ES-wcm)        
     9         367         16300.3          4.2638       0.0078125      Successful search (ES-ell)        
     9         368         16292.5         4.65618       0.0078125      Successful search (ES-wcm)        
     9         369         16285.5         5.79639       0.0078125      Successful search (ES-wcm)        
     9         398         16285.5         5.79639      0.00390625          Refine grid             
    10         399         16328.3         4.05055      0.00390625      Successful search (ES-wcm)        
    10         434         16328.3         4.05055      0.00195312          Refine grid             Train
    11         461         16342.2         4.10765     0.000976562          Refine grid             Train
Optimization terminated: change in the function value less than options['tol_mesh']
Estimated function value at minimum: 16334.753750072068 ± 1.2514314709659744 (mean ± SEM from 100 samples)
BADS minimum at: x_min = [1.84220e+00 5.33690e+00 6.91800e+00 2.53600e-01 1.48000e-02 1.07400e-01
 2.81882e+01 7.56200e-01 6.64700e-01], training NLL = 16334.7538
total f-count: 561, time: 24.34 min

 Optimization Run 2/5
Initial params: [0.6156, 5.5977, 3.0384, 23.7411, 2.8326, 0.4431, 26.4685, 0.7449, 0.5854]
bads:TooCloseBounds: For each variable, hard and plausible bounds should not be too close. Moving plausible bounds.
Variables (index) internally transformed to log coordinates: [[0 0]
 [0 3]
 [0 4]]
Beginning optimization of a STOCHASTIC objective function

 Iteration    f-count      E[f(x)]        SD[f(x)]           MeshScale          Method              Actions
     0           1         22555.4             nan               1                                  
     0          33         19053.8             nan               1          Initial mesh            Initial points
     0          34         18659.1         0.99996               1        Successful poll           Train
     1          35         17383.5        0.999962               1      Successful search (ES-wcm)        
     1          42         17200.5        0.999655               1      Successful search (ES-wcm)        
     1          44         16899.8        0.999806               1      Successful search (ES-wcm)        
     1          51         16728.9         0.99857               1      Successful search (ES-wcm)        
     1          57         16723.5        0.999523               1      Successful search (ES-wcm)        
     1          64         16720.3        0.997891               1      Successful search (ES-wcm)        
     1          66         16677.1        0.999356               1      Successful search (ES-ell)        
     1          70         16644.4        0.999101               1      Successful search (ES-ell)        
     1          78         16632.1        0.997475               1      Successful search (ES-ell)        
     1          82         16602.4        0.999247               1      Successful search (ES-ell)        
     1          87         16567.4        0.999368               1      Successful search (ES-ell)        
     1          88         16544.2          0.9995               1      Successful search (ES-ell)        
     1          97         16495.7         1.00344               1      Successful search (ES-ell)        
     1         101         16446.5         1.00411               1      Successful search (ES-ell)        
     1         129         16436.4        0.994077               1        Successful poll           Train
     2         152         16436.4          1.1171             0.5          Refine grid             Train
     3         153         16456.7         23.8463             0.5      Successful search (ES-ell)        
     3         161           16451         14.6432             0.5      Successful search (ES-ell)        
     3         163           16426         22.9979             0.5      Successful search (ES-ell)        
     3         194           16426         22.9979            0.25          Refine grid             Train
     4         197         16445.8         10.6505            0.25      Successful search (ES-ell)        
     4         228         16445.8         10.6505           0.125          Refine grid             
     5         229         16445.8         11.8435           0.125      Successful search (ES-wcm)        
     5         230         16424.7         19.6432           0.125      Successful search (ES-wcm)        
     5         232         16400.1         24.2963           0.125      Successful search (ES-wcm)        
     5         235         16379.7         21.0959           0.125      Successful search (ES-wcm)        
     5         238         16368.3         17.0848           0.125      Successful search (ES-wcm)        
     5         239         16365.7         24.4626           0.125      Successful search (ES-wcm)        
     5         242         16353.5         18.1194           0.125      Successful search (ES-wcm)        
     5         247         16351.6         14.9194           0.125      Successful search (ES-wcm)        
     5         251         16344.2         17.2954           0.125      Successful search (ES-ell)        
     5         252         16317.2         21.4447           0.125      Successful search (ES-ell)        
     5         278         16299.1         27.0705            0.25        Successful poll           Train
     6         280         16274.4         22.9803            0.25      Successful search (ES-wcm)        
     6         282         16266.2         17.7021            0.25      Successful search (ES-wcm)        
     6         283         16257.9         18.9669            0.25      Successful search (ES-wcm)        
     6         311         16257.9         18.9669           0.125          Refine grid             
     7         312         16281.4          9.3103           0.125      Successful search (ES-wcm)        
     7         313         16268.7         14.4552           0.125      Successful search (ES-ell)        
     7         314         16254.9          18.568           0.125      Successful search (ES-ell)        
     7         316         16230.6          21.712           0.125      Successful search (ES-ell)        
     7         323         16228.7         12.3233           0.125      Successful search (ES-ell)        
     7         354         16228.7         12.3233          0.0625          Refine grid             
     8         355         16231.6         6.69388          0.0625      Successful search (ES-wcm)        
     8         356         16216.1          12.059          0.0625      Successful search (ES-wcm)        
     8         358         16207.3         11.9973          0.0625      Successful search (ES-ell)        
     8         366         16207.3         6.29411          0.0625      Successful search (ES-ell)        
     8         367         16201.8         8.12079          0.0625      Successful search (ES-ell)        
     8         368         16190.8         10.8129          0.0625      Successful search (ES-ell)        
     8         370           16185         11.2328          0.0625      Successful search (ES-ell)        
     8         398           16185         11.2328         0.03125          Refine grid             
     9         408         16186.1         4.75064          0.0625        Successful poll           Train
    10         411           16184         4.41875          0.0625      Successful search (ES-wcm)        
    10         412         16178.4          5.7757          0.0625      Successful search (ES-wcm)        
    10         413         16169.6         8.55221          0.0625      Successful search (ES-wcm)        
    10         414         16166.9         12.7396          0.0625      Successful search (ES-wcm)        
    10         415         16165.4         12.4817          0.0625      Successful search (ES-wcm)        
    10         417         16159.2         8.43985          0.0625      Successful search (ES-wcm)        
    10         418         16146.7          8.9275          0.0625      Successful search (ES-wcm)        
    10         452         16146.7          8.9275         0.03125          Refine grid             
    11         453         16152.1         3.33172         0.03125      Successful search (ES-ell)        
    11         454         16146.1          5.3685         0.03125      Successful search (ES-ell)        
    11         455         16135.5         7.54997         0.03125      Successful search (ES-ell)        
    11         456         16111.3           9.818         0.03125      Successful search (ES-ell)        
    11         457         16109.7         11.2501         0.03125      Successful search (ES-ell)        
    11         487         16109.7         11.2501        0.015625          Refine grid             
    12         488         16122.5         2.71345        0.015625      Successful search (ES-ell)        
    12         489         16117.6         2.87507        0.015625      Successful search (ES-ell)        
    12         490         16113.9         3.20766        0.015625      Successful search (ES-wcm)        
    12         491         16105.1         3.90585        0.015625      Successful search (ES-ell)        
    12         522         16105.1         3.90585       0.0078125          Refine grid             
    13         523         16117.5         2.30889       0.0078125      Successful search (ES-ell)        
    13         524         16116.5         2.54391       0.0078125      Successful search (ES-ell)        
    13         525         16114.5         3.17128       0.0078125      Successful search (ES-ell)        
    13         557         16114.5         3.17128      0.00390625          Refine grid             Train
    14         558         16119.2         1.80799      0.00390625      Successful search (ES-wcm)        
    14         559           16119         1.83381      0.00390625      Successful search (ES-wcm)        
    14         560           16119         1.87453      0.00390625      Successful search (ES-wcm)        
    14         561         16118.8         2.00143      0.00390625      Successful search (ES-wcm)        
    14         562         16118.1         2.12497      0.00390625      Successful search (ES-wcm)        
    14         592         16118.1         2.12497      0.00195312          Refine grid             Train
    15         618         16122.1         1.99864     0.000488281          Refine grid             Train
Optimization terminated: change in the function value less than options['tol_mesh']
Estimated function value at minimum: 16113.401436445361 ± 1.2541456356424159 (mean ± SEM from 100 samples)
BADS minimum at: x_min = [2.56470e+00 6.38160e+00 6.21760e+00 2.75700e-01 2.46000e-02 1.02000e-02
 3.87442e+01 9.30200e-01 6.84700e-01], training NLL = 16113.4014
total f-count: 718, time: 31.33 min

 Optimization Run 3/5
Initial params: [0.2574, 5.4112, 8.9518, 46.2897, 2.7133, 0.2064, 24.1602, 0.2686, 0.7595]
bads:TooCloseBounds: For each variable, hard and plausible bounds should not be too close. Moving plausible bounds.
Variables (index) internally transformed to log coordinates: [[0 0]
 [0 3]
 [0 4]]
Beginning optimization of a STOCHASTIC objective function

 Iteration    f-count      E[f(x)]        SD[f(x)]           MeshScale          Method              Actions
     0           1         22555.4             nan               1                                  
     0          33         19072.6             nan               1          Initial mesh            Initial points
     0          34         18665.6        0.999977               1        Successful poll           Train
     1          35         17799.6         0.99998               1      Successful search (ES-ell)        
     1          37         17409.7        0.999979               1      Successful search (ES-ell)        
     1          41         17349.8        0.999969               1      Successful search (ES-ell)        
     1          46         16905.3        0.999928               1      Successful search (ES-ell)        
     1          58         16762.7            1.06               1      Successful search (ES-ell)        
     1          69         16731.2         1.02839               1      Successful search (ES-ell)        
     1          79         16712.8        0.994062               1      Successful search (ES-ell)        
     1          86           16690        0.996878               1      Successful search (ES-ell)        
     1          90         16644.6         1.00156               1      Successful search (ES-ell)        
     1          95         16577.3         1.06483               1      Successful search (ES-ell)        
     1         110         16570.6         1.06485               1        Successful poll           Train
     2         129         16557.5        0.928132               1        Successful poll           Train
     3         151         16557.5        0.820497             0.5          Refine grid             Train
     4         157         16547.4         5.89189             0.5      Successful search (ES-ell)        
     4         185         16547.4         5.89189            0.25          Refine grid             
     5         186         16554.3         22.3761            0.25      Successful search (ES-ell)        
     5         221         16536.1         19.6755             0.5        Successful poll           
     6         224         16536.5         25.1761             0.5      Successful search (ES-ell)        
     6         232         16530.2         20.1497             0.5      Successful search (ES-ell)        
     6         235         16529.8         18.6913             0.5      Successful search (ES-ell)        
     6         236         16481.2         26.1322             0.5      Successful search (ES-ell)        
     6         242         16446.6         21.3343             0.5      Successful search (ES-ell)        
     6         273         16446.6         21.3343            0.25          Refine grid             
     7         275         16450.6         12.1273            0.25      Successful search (ES-ell)        
     7         278         16449.2         14.9601            0.25      Successful search (ES-wcm)        
     7         280         16440.2          17.253            0.25      Successful search (ES-wcm)        
     7         283         16398.6         10.9995            0.25      Successful search (ES-wcm)        
     7         286         16371.8         11.0608            0.25      Successful search (ES-wcm)        
     7         287         16315.9         13.8991            0.25      Successful search (ES-ell)        
     7         288         16298.1         17.1849            0.25      Successful search (ES-ell)        
     7         318         16298.1         17.1849           0.125          Refine grid             
     8         319         16426.4         5.89135           0.125      Successful search (ES-ell)        
     8         320         16409.7         6.83833           0.125      Successful search (ES-ell)        
     8         321         16386.6         8.61954           0.125      Successful search (ES-ell)        
     8         322         16369.5         12.3807           0.125      Successful search (ES-ell)        
     8         323         16339.6         14.1533           0.125      Successful search (ES-ell)        
     8         354         16339.6         14.1533          0.0625          Refine grid             
     9         355         16444.7         5.53665          0.0625      Successful search (ES-ell)        
     9         356         16442.1         5.93953          0.0625      Successful search (ES-ell)        
     9         357         16434.5         8.08199          0.0625      Successful search (ES-wcm)        
     9         358         16424.3         11.6535          0.0625      Successful search (ES-wcm)        
     9         362         16422.4          9.5732          0.0625      Successful search (ES-wcm)        
     9         364         16417.8         9.48477          0.0625      Successful search (ES-wcm)        
     9         399         16417.8         9.48477         0.03125          Refine grid             
    10         400         16422.3         3.51931         0.03125      Successful search (ES-wcm)        
    10         401         16420.9         4.33939         0.03125      Successful search (ES-wcm)        
    10         403         16420.9         5.33033         0.03125      Successful search (ES-wcm)        
    10         404         16420.8          8.0656         0.03125      Successful search (ES-wcm)        
    10         405         16418.7          10.968         0.03125      Successful search (ES-wcm)        
    10         406         16414.8         14.8457         0.03125      Successful search (ES-wcm)        
    10         407         16378.6          18.083         0.03125      Successful search (ES-wcm)        
    10         409         16375.8         12.1416         0.03125      Successful search (ES-wcm)        
    10         410         16368.8         10.9345         0.03125      Successful search (ES-wcm)        
    10         411         16366.8         10.7097         0.03125      Successful search (ES-wcm)        
    10         443         16366.8         10.7097        0.015625          Refine grid             
    11         444         16374.7         3.11803        0.015625      Successful search (ES-wcm)        
    11         445         16374.4         3.34029        0.015625      Successful search (ES-wcm)        
    11         446         16374.3         4.73614        0.015625      Successful search (ES-wcm)        
    11         447         16372.1         7.94125        0.015625      Successful search (ES-wcm)        
    11         448         16364.2         11.2435        0.015625      Successful search (ES-wcm)        
    11         449         16360.5         14.7232        0.015625      Successful search (ES-wcm)        
    11         462         16341.2         12.0724         0.03125        Successful poll           Train
    12         487         16341.4         12.0721        0.015625          Refine grid             Train
    13         488         16370.1         3.24963        0.015625      Successful search (ES-ell)        
    13         489         16367.5          3.8474        0.015625      Successful search (ES-ell)        
    13         490         16363.6         3.64397        0.015625      Successful search (ES-wcm)        
    13         491         16358.8         5.64347        0.015625      Successful search (ES-ell)        
    13         492         16353.4         7.84189        0.015625      Successful search (ES-ell)        
    13         493         16350.9         9.06917        0.015625      Successful search (ES-ell)        
    13         494         16347.5         10.1165        0.015625      Successful search (ES-ell)        
    13         522         16347.5         10.1165       0.0078125          Refine grid             Train
    14         523         16363.3         2.36501       0.0078125      Successful search (ES-ell)        
    14         524         16362.6         2.39371       0.0078125      Successful search (ES-ell)        
    14         525         16362.3         2.62505       0.0078125      Successful search (ES-ell)        
    14         526           16362         2.88448       0.0078125      Successful search (ES-ell)        
    14         527         16361.2         3.68384       0.0078125      Successful search (ES-ell)        
    14         528         16357.6         4.74835       0.0078125      Successful search (ES-ell)        
    14         529         16355.6         6.41317       0.0078125      Successful search (ES-ell)        
    14         530         16351.7         7.66746       0.0078125      Successful search (ES-ell)        
    14         532         16344.8         6.05517       0.0078125      Successful search (ES-wcm)        
    14         533         16342.2         5.91794       0.0078125      Successful search (ES-wcm)        
    14         534         16338.1          5.9808       0.0078125      Successful search (ES-wcm)        
    14         535         16335.2         6.16937       0.0078125      Successful search (ES-wcm)        
    14         537         16333.3         5.70052       0.0078125      Successful search (ES-wcm)        
    14         546         16332.2         3.27384       0.0078125      Successful search (ES-ell)        
    14         547         16330.9         3.18643       0.0078125      Successful search (ES-ell)        
    14         548         16329.3         3.10495       0.0078125      Successful search (ES-ell)        
    14         549         16328.8         3.04821       0.0078125      Successful search (ES-ell)        
    14         550         16327.6         3.00734       0.0078125      Successful search (ES-ell)        
    14         551         16326.7          3.0535       0.0078125      Successful search (ES-ell)        
    14         552         16324.6         3.19758       0.0078125      Successful search (ES-ell)        
    14         553         16322.4          3.5505       0.0078125      Successful search (ES-ell)        
    14         554         16317.3         5.79342       0.0078125      Successful search (ES-ell)        
    14         584         16317.3         5.79342      0.00390625          Refine grid             
    15         585         16333.4         2.22052      0.00390625      Successful search (ES-wcm)        
    15         620         16333.2         1.84944       0.0078125        Successful poll           
    16         621           16333         1.98413       0.0078125      Successful search (ES-ell)        
    16         622         16328.4          3.2933       0.0078125      Successful search (ES-wcm)        
    16         623         16327.3         3.83722       0.0078125      Successful search (ES-ell)        
    16         624         16325.3         4.90342       0.0078125      Successful search (ES-ell)        
    16         655         16325.3         4.90342      0.00390625          Refine grid             Train
    17         656         16327.3         2.06883      0.00390625      Successful search (ES-wcm)        
    17         657         16326.6         2.28025      0.00390625      Successful search (ES-wcm)        
    17         658         16321.2         2.48089      0.00390625      Successful search (ES-ell)        
    17         659         16312.4         3.37047      0.00390625      Successful search (ES-ell)        
    17         660         16306.4         4.71185      0.00390625      Successful search (ES-ell)        
    17         691         16306.4         4.71185      0.00195312          Refine grid             
    18         718         16327.6         1.75812     0.000976562          Refine grid             
Optimization terminated: change in the function value less than options['tol_mesh']
Estimated function value at minimum: 16320.124760330174 ± 1.2807739086455947 (mean ± SEM from 100 samples)
BADS minimum at: x_min = [1.60080e+00 4.86780e+00 6.30830e+00 2.88000e-01 0.00000e+00 8.87000e-02
 1.93578e+01 1.50000e-02 7.59700e-01], training NLL = 16320.1248
total f-count: 818, time: 35.63 min

 Optimization Run 4/5
Initial params: [1.2794, 8.8385, 13.4326, 27.8808, 2.5382, 0.2214, 20.663, 0.2396, 0.8406]
bads:TooCloseBounds: For each variable, hard and plausible bounds should not be too close. Moving plausible bounds.
Variables (index) internally transformed to log coordinates: [[0 0]
 [0 3]
 [0 4]]
Beginning optimization of a STOCHASTIC objective function

 Iteration    f-count      E[f(x)]        SD[f(x)]           MeshScale          Method              Actions
     0           1         22555.4             nan               1                                  
     0          33         19097.2             nan               1          Initial mesh            Initial points
     0          34         18660.8        0.999968               1        Successful poll           Train
     1          35         18165.5        0.999971               1      Successful search (ES-wcm)        
     1          37         18068.2        0.999971               1      Successful search (ES-wcm)        
     1          40           17775        0.999956               1      Successful search (ES-wcm)        
     1          42         17377.4         0.99996               1      Successful search (ES-wcm)        
     1          50         17185.7        0.998427               1      Successful search (ES-wcm)        
     1          52         17164.9         0.99826               1      Successful search (ES-wcm)        
     1          70         17119.1        0.979062               1        Successful poll           
     2          76         16976.8        0.998888               1      Successful search (ES-wcm)        
     2         100         16976.8        0.998888             0.5          Refine grid             Train
     3         106         16927.7         1.00468             0.5      Successful search (ES-wcm)        
     3         114         16899.1         1.01813             0.5      Successful search (ES-wcm)        
     3         116         16895.6          1.0182             0.5      Successful search (ES-wcm)        
     3         129         16867.6         1.02769               1        Successful poll           Train
     4         136         16851.8          1.0276               1      Successful search (ES-ell)        
     4         159         16851.8          1.0276             0.5          Refine grid             Train
     5         185         16852.7         1.11151            0.25          Refine grid             Train
     6         186         16847.7         19.4361            0.25      Successful search (ES-ell)        
     6         187         16807.8         24.1962            0.25      Successful search (ES-ell)        
     6         190           16716         23.2465            0.25      Successful search (ES-ell)        
     6         191         16661.2         24.6702            0.25      Successful search (ES-ell)        
     6         196           16648         21.4722            0.25      Successful search (ES-ell)        
     6         197         16641.8         24.1426            0.25      Successful search (ES-ell)        
     6         198         16542.5         25.2798            0.25      Successful search (ES-ell)        
     6         199         16519.9         26.0833            0.25      Successful search (ES-ell)        
     6         201         16456.4         26.1105            0.25      Successful search (ES-ell)        
     6         207         16446.5         21.6492            0.25      Successful search (ES-ell)        
     6         211         16445.4         13.4177            0.25      Successful search (ES-ell)        
     6         215         16444.8         17.1795            0.25      Successful search (ES-ell)        
     6         217         16434.8         17.4514            0.25      Successful search (ES-ell)        
     6         218         16425.3         20.7782            0.25      Successful search (ES-ell)        
     6         220         16413.8         22.0277            0.25      Successful search (ES-ell)        
     6         221           16412         24.3668            0.25      Successful search (ES-ell)        
     6         223           16410          23.514            0.25      Successful search (ES-ell)        
     6         227         16382.3         19.8637            0.25      Successful search (ES-ell)        
     6         228         16364.8         22.3491            0.25      Successful search (ES-ell)        
     6         257         16364.8         22.3491           0.125          Refine grid             
     7         258         16354.4         10.5571           0.125      Successful search (ES-ell)        
     7         265         16353.2         8.48312           0.125      Successful search (ES-wcm)        
     7         266         16352.2         11.2298           0.125      Successful search (ES-wcm)        
     7         269         16350.4         13.6149           0.125      Successful search (ES-wcm)        
     7         278         16350.1         8.70652           0.125      Successful search (ES-wcm)        
     7         286           16350         8.13644           0.125      Successful search (ES-wcm)        
     7         287         16347.7         10.2331           0.125      Successful search (ES-ell)        
     7         319         16347.7         10.2331          0.0625          Refine grid             
     8         320         16363.4         4.54732          0.0625      Successful search (ES-ell)        
     8         321         16355.8         6.50652          0.0625      Successful search (ES-ell)        
     8         322         16347.1          10.703          0.0625      Successful search (ES-ell)        
     8         323         16340.4         13.4139          0.0625      Successful search (ES-ell)        
     8         325         16336.8         9.38259          0.0625      Successful search (ES-ell)        
     8         354         16336.8         9.38259         0.03125          Refine grid             
     9         355         16347.9         3.86394         0.03125      Successful search (ES-ell)        
     9         356         16344.8          4.0894         0.03125      Successful search (ES-ell)        
     9         357         16343.4         4.87231         0.03125      Successful search (ES-wcm)        
     9         358         16340.7         6.60671         0.03125      Successful search (ES-wcm)        
     9         359         16338.8         8.67867         0.03125      Successful search (ES-ell)        
     9         389         16334.6         8.84828          0.0625        Successful poll           
    10         390         16329.1         8.81448          0.0625      Successful search (ES-ell)        
    10         391         16319.6         10.1877          0.0625      Successful search (ES-ell)        
    10         416         16319.2         4.43542           0.125        Successful poll           Train
    11         417           16317         6.74154           0.125      Successful search (ES-ell)        
    11         430         16316.8         4.01907           0.125      Successful search (ES-ell)        
    11         460         16316.8         4.01907          0.0625          Refine grid             
    12         461         16318.2         4.10916          0.0625      Successful search (ES-wcm)        
    12         495         16318.2         4.10916         0.03125          Refine grid             Train
    13         496         16319.8         2.87379         0.03125      Successful search (ES-wcm)        
    13         497         16316.8         3.55564         0.03125      Successful search (ES-wcm)        
    13         498         16310.4         5.68497         0.03125      Successful search (ES-wcm)        
    13         499         16309.8         8.05917         0.03125      Successful search (ES-wcm)        
    13         530         16309.8         8.05917        0.015625          Refine grid             
    14         531         16309.4           2.888        0.015625      Successful search (ES-ell)        
    14         532         16308.2         3.01084        0.015625      Successful search (ES-ell)        
    14         533         16306.8         3.36077        0.015625      Successful search (ES-ell)        
    14         534           16303         3.89124        0.015625      Successful search (ES-ell)        
    14         535         16298.8         4.84982        0.015625      Successful search (ES-ell)        
    14         536           16287           6.741        0.015625      Successful search (ES-ell)        
    14         546         16286.3         4.12773        0.015625      Successful search (ES-ell)        
    14         547         16285.3         4.02525        0.015625      Successful search (ES-ell)        
    14         548         16284.6         3.97032        0.015625      Successful search (ES-ell)        
    14         549         16280.8         4.36751        0.015625      Successful search (ES-ell)        
    14         550         16276.9         5.29551        0.015625      Successful search (ES-ell)        
    14         583         16276.9         5.29551       0.0078125          Refine grid             
    15         584         16308.7         2.50531       0.0078125      Successful search (ES-ell)        
    15         585         16308.2         2.62459       0.0078125      Successful search (ES-ell)        
    15         586         16306.4         2.67318       0.0078125      Successful search (ES-ell)        
    15         587         16303.3         2.96676       0.0078125      Successful search (ES-ell)        
    15         588         16302.3         3.23374       0.0078125      Successful search (ES-ell)        
    15         589         16300.4         4.01052       0.0078125      Successful search (ES-ell)        
    15         590           16297          5.2974       0.0078125      Successful search (ES-ell)        
    15         618           16297          5.2974      0.00390625          Refine grid             
    16         619         16310.9         2.37925      0.00390625      Successful search (ES-ell)        
    16         620           16310         2.41546      0.00390625      Successful search (ES-ell)        
    16         621         16306.4         2.43622      0.00390625      Successful search (ES-ell)        
    16         622         16304.1         2.47468      0.00390625      Successful search (ES-ell)        
    16         623         16300.8         2.60714      0.00390625      Successful search (ES-ell)        
    16         624         16296.3         3.01885      0.00390625      Successful search (ES-ell)        
    16         625         16290.8          3.4944      0.00390625      Successful search (ES-ell)        
    16         626         16287.3         4.46845      0.00390625      Successful search (ES-ell)        
    16         627         16282.5         5.52578      0.00390625      Successful search (ES-ell)        
    16         654         16282.5         5.52578      0.00195312          Refine grid             
    17         655         16310.2         2.91873      0.00195312      Successful search (ES-ell)        
    17         656         16308.7         2.88205      0.00195312      Successful search (ES-ell)        
    17         657         16308.7         2.78405      0.00195312      Successful search (ES-wcm)        
    17         658         16308.3         2.70855      0.00195312      Successful search (ES-wcm)        
    17         659           16307         2.63048      0.00195312      Successful search (ES-wcm)        
    17         660         16305.9         2.58554      0.00195312      Successful search (ES-wcm)        
    17         661         16304.4         2.63282      0.00195312      Successful search (ES-wcm)        
    17         662         16302.3         2.91275      0.00195312      Successful search (ES-wcm)        
    17         663         16295.4         3.23547      0.00195312      Successful search (ES-wcm)        
    17         664         16295.2         3.18217      0.00195312      Successful search (ES-wcm)        
    17         667         16293.8         3.03284      0.00195312      Successful search (ES-wcm)        
    17         678         16292.8         2.23827      0.00195312      Successful search (ES-ell)        
    17         680         16292.7         2.19708      0.00195312      Successful search (ES-ell)        
    17         683         16292.6         2.14312      0.00195312      Successful search (ES-wcm)        
    17         684         16291.8         2.14311      0.00195312      Successful search (ES-wcm)        
    17         685         16291.2         2.17842      0.00195312      Successful search (ES-ell)        
    17         686         16290.2         2.22721      0.00195312      Successful search (ES-ell)        
    17         687         16288.8         2.38571      0.00195312      Successful search (ES-ell)        
    17         688         16286.7         2.51513      0.00195312      Successful search (ES-ell)        
    17         689         16283.5         2.82174      0.00195312      Successful search (ES-ell)        
    17         690         16280.1         3.33337      0.00195312      Successful search (ES-ell)        
    17         717         16280.1         3.33337     0.000976562          Refine grid             
Optimization terminated: change in the function value less than options['tol_mesh']
Estimated function value at minimum: 16305.106576552838 ± 1.2755489243117177 (mean ± SEM from 100 samples)
BADS minimum at: x_min = [1.81610e+00 5.57410e+00 6.68850e+00 2.62500e-01 8.70000e-03 7.76000e-02
 2.97877e+01 9.79000e-01 5.29700e-01], training NLL = 16305.1066
total f-count: 817, time: 35.61 min

 Optimization Run 5/5
Initial params: [0.7712, 4.5357, 6.1217, 33.055, 4.0218, 0.3056, 22.2777, 0.1072, 0.2681]
bads:TooCloseBounds: For each variable, hard and plausible bounds should not be too close. Moving plausible bounds.
Variables (index) internally transformed to log coordinates: [[0 0]
 [0 3]
 [0 4]]
Beginning optimization of a STOCHASTIC objective function

 Iteration    f-count      E[f(x)]        SD[f(x)]           MeshScale          Method              Actions
     0           1         22555.4             nan               1                                  
     0          33         19104.6             nan               1          Initial mesh            Initial points
     0          34         18664.4        0.999957               1        Successful poll           Train
     1          37         18222.4        0.999946               1      Successful search (ES-wcm)        
     1          38         17208.7        0.999953               1      Successful search (ES-wcm)        
     1          43         16789.5        0.999893               1      Successful search (ES-wcm)        
     1          47         16762.8        0.999805               1      Successful search (ES-wcm)        
     1          50         16703.3        0.999584               1      Successful search (ES-wcm)        
     1          56         16648.1        0.996834               1      Successful search (ES-wcm)        
     1          59         16600.4        0.996735               1      Successful search (ES-wcm)        
     1          83         16600.4        0.996735             0.5          Refine grid             Train
     2         105         16600.6        0.973702            0.25          Refine grid             Train
     3         110         16609.3         5.94245            0.25      Successful search (ES-ell)        
     3         111         16602.6         9.36645            0.25      Successful search (ES-ell)        
     3         140         16602.6         9.36645           0.125          Refine grid             Train
     4         142         16592.9         1.05729           0.125      Successful search (ES-wcm)        
     4         147         16589.7         1.03177           0.125      Successful search (ES-wcm)        
     4         153         16579.7        0.512966           0.125      Successful search (ES-wcm)        
     4         157         16574.5        0.510414           0.125      Successful search (ES-wcm)        
     4         158         16574.2        0.512953           0.125      Successful search (ES-wcm)        
     4         163         16551.2        0.511777           0.125      Successful search (ES-wcm)        
     4         164           16540        0.513018           0.125      Successful search (ES-wcm)        
     4         172         16512.5        0.607344           0.125      Successful search (ES-wcm)        
     4         175         16489.9         0.60351           0.125      Successful search (ES-wcm)        
     4         181           16471        0.605969           0.125      Successful search (ES-wcm)        
     4         212           16471        0.605969          0.0625          Refine grid             
     5         213         16500.5         8.33812          0.0625      Successful search (ES-wcm)        
     5         214         16488.5         14.5161          0.0625      Successful search (ES-wcm)        
     5         248         16488.5         14.5161         0.03125          Refine grid             Train
     6         249         16509.9         6.41711         0.03125      Successful search (ES-ell)        
     6         252         16507.2         7.14386         0.03125      Successful search (ES-ell)        
     6         260         16506.8         6.78669         0.03125      Successful search (ES-wcm)        
     6         261         16506.3         7.90045         0.03125      Successful search (ES-ell)        
     6         293         16496.9         3.48384          0.0625        Successful poll           Train
     7         295         16489.6         7.67162          0.0625      Successful search (ES-wcm)        
     7         297         16487.1         5.61644          0.0625      Successful search (ES-wcm)        
     7         329         16487.1         5.61644         0.03125          Refine grid             Train
     8         330         16489.9         3.79656         0.03125      Successful search (ES-wcm)        
     8         331         16488.5         5.15844         0.03125      Successful search (ES-wcm)        
     8         334         16485.2         3.36787         0.03125      Successful search (ES-wcm)        
     8         335         16482.9         5.20006         0.03125      Successful search (ES-wcm)        
     8         338         16482.1         5.27773         0.03125      Successful search (ES-wcm)        
     8         341         16481.3         4.30865         0.03125      Successful search (ES-wcm)        
     8         342         16481.1         5.63487         0.03125      Successful search (ES-wcm)        
     8         345         16480.3         4.90347         0.03125      Successful search (ES-wcm)        
     8         346         16480.2         6.80162         0.03125      Successful search (ES-wcm)        
     8         349         16478.6         5.82578         0.03125      Successful search (ES-ell)        
     8         350         16474.9          7.9814         0.03125      Successful search (ES-ell)        
     8         383         16474.9          7.9814        0.015625          Refine grid             Train
     9         384         16481.3         3.09016        0.015625      Successful search (ES-ell)        
     9         385           16476         3.19629        0.015625      Successful search (ES-wcm)        
     9         386         16472.5         3.74137        0.015625      Successful search (ES-wcm)        
     9         419         16472.5         3.74137       0.0078125          Refine grid             Train
    10         420         16479.3          1.8886       0.0078125      Successful search (ES-wcm)        
    10         421         16478.1         1.96266       0.0078125      Successful search (ES-wcm)        
    10         422         16476.4         2.14819       0.0078125      Successful search (ES-wcm)        
    10         423         16474.7          2.3529       0.0078125      Successful search (ES-wcm)        
    10         425         16473.7         2.55481       0.0078125      Successful search (ES-wcm)        
    10         426         16473.3          2.9432       0.0078125      Successful search (ES-wcm)        
    10         427         16471.9         4.65928       0.0078125      Successful search (ES-wcm)        
    10         455         16471.9         4.65928      0.00390625          Refine grid             
    11         456         16479.1         1.82268      0.00390625      Successful search (ES-wcm)        
    11         457         16478.8         1.81195      0.00390625      Successful search (ES-wcm)        
    11         458         16478.2          1.8728      0.00390625      Successful search (ES-wcm)        
    11         474         16472.5         1.56764       0.0078125        Successful poll           
    12         475         16478.4          1.6064       0.0078125      Successful search (ES-wcm)        
    12         476         16477.7         1.82149       0.0078125      Successful search (ES-wcm)        
    12         478         16477.5         2.14208       0.0078125      Successful search (ES-wcm)        
    12         510         16477.5         2.14208      0.00390625          Refine grid             Train
    13         511         16480.8         1.32678      0.00390625      Successful search (ES-wcm)        
    13         512         16480.2         1.30573      0.00390625      Successful search (ES-wcm)        
    13         513         16479.6         1.35524      0.00390625      Successful search (ES-wcm)        
    13         515         16479.3         1.38039      0.00390625      Successful search (ES-wcm)        
    13         516         16479.1         1.70919      0.00390625      Successful search (ES-wcm)        
    13         517           16479         2.04467      0.00390625      Successful search (ES-wcm)        
    13         519         16478.5          2.3804      0.00390625      Successful search (ES-wcm)        
    13         520         16477.6           2.423      0.00390625      Successful search (ES-wcm)        
    13         521         16477.2         2.62738      0.00390625      Successful search (ES-wcm)        
    13         523         16477.2         2.72473      0.00390625      Successful search (ES-wcm)        
    13         524         16476.6         2.97667      0.00390625      Successful search (ES-wcm)        
    13         554         16475.4         2.92502       0.0078125        Successful poll           Train
    14         555         16473.2         2.17227       0.0078125      Successful search (ES-ell)        
    14         556         16470.6         2.67481       0.0078125      Successful search (ES-ell)        
    14         557         16468.2         3.73879       0.0078125      Successful search (ES-ell)        
    14         590         16468.2         3.73879      0.00390625          Refine grid             
    15         591         16479.4         1.63569      0.00390625      Successful search (ES-ell)        
    15         592         16478.4         1.89996      0.00390625      Successful search (ES-ell)        
    15         593           16477         2.64105      0.00390625      Successful search (ES-ell)        
    15         598         16476.4         2.79869      0.00390625      Successful search (ES-ell)        
    15         599         16475.1          3.1947      0.00390625      Successful search (ES-ell)        
    15         626         16475.1          3.1947      0.00195312          Refine grid             
    16         653         16476.7          2.0956     0.000976562          Refine grid             Train
Optimization terminated: change in the function value less than options['tol_mesh']
Estimated function value at minimum: 16477.034040940278 ± 1.310733625297032 (mean ± SEM from 100 samples)
BADS minimum at: x_min = [ 2.1489  6.8313  9.6625  0.2026  0.0305  0.0838 16.5916  0.4091  0.8636], training NLL = 16477.034
total f-count: 753, time: 32.81 min

 ------- Finish Optimization for Subject 2 ---------- 
Sat Mar  7 01:28:12 2026       
+---------------------------------------------------------------------------------------+
| NVIDIA-SMI 535.113.01             Driver Version: 535.113.01   CUDA Version: 12.2     |
|-----------------------------------------+----------------------+----------------------+
| GPU  Name                 Persistence-M | Bus-Id        Disp.A | Volatile Uncorr. ECC |
| Fan  Temp   Perf          Pwr:Usage/Cap |         Memory-Usage | GPU-Util  Compute M. |
|                                         |                      |               MIG M. |
|=========================================+======================+======================|
|   0  NVIDIA L40S                    On  | 00000000:21:00.0 Off |                    0 |
| N/A   45C    P0              89W / 350W |      3MiB / 46068MiB |     16%      Default |
|                                         |                      |                  N/A |
+-----------------------------------------+----------------------+----------------------+
                                                                                         
+---------------------------------------------------------------------------------------+
| Processes:                                                                            |
|  GPU   GI   CI        PID   Type   Process name                            GPU Memory |
|        ID   ID                                                             Usage      |
|=======================================================================================|
|  No running processes found                                                           |
+---------------------------------------------------------------------------------------+
----------------------------------------
Start job epilogue Sat Mar  7 01:28:12 CET 2026
----------------------------------------
Job ID:          51194421
Job Exit Code:   0:0
Username:        wenlou
Group:           mpla
Queue:           gpu
Compute nodes:   dccn-c088
Asked resources: walltime=1-00:00:00,nodes=1,cpus=8,mem=2G
Used resources:  cputime=21:18:32,walltime=02:39:49,memory=908M
----------------------------------------
End job epilogue Sat Mar  7 01:28:12 CET 2026
----------------------------------------
