----------------------------------------
Start task prologue Mon Aug 10 17:56:16 CEST 2026
----------------------------------------
Step ID:         54715334.
Username:        wenlou
Group:           mpla
Asked resources: walltime=1-00:00:00,nodes=1,cpus=8,mem=2G
Queue:           gpu
Compute nodes:   dccn-c077
----------------------------------------
End task prologue Mon Aug 10 17:56:16 CEST 2026
----------------------------------------
CUDA version:
nvcc: NVIDIA (R) Cuda compiler driver
Copyright (c) 2005-2024 NVIDIA Corporation
Built on Thu_Mar_28_02:18:24_PDT_2024
Cuda compilation tools, release 12.4, V12.4.131
Build cuda_12.4.r12.4/compiler.34097967_0

[WARNING] Please note the interface change for (de-)activating conda environment:

  - DO NOT use `conda activate` to enter the conda environment as it requires extra step to modify your ~/.bashrc file, which will force you to use this Anaconda version (2024.06).  Therefore keep using `source activate` instead.

  - DO use `conda deactivate` to leave your conda environment as `source deactivate` will be deprecated in future release.

Running model for expriment=with_dn, m_id=1, method=bads
device is : cuda
['with_dn', '1', '6,11,15,20,25', 'bads', '2']

 ------- Start Optimization for Subject 6 ---------- 

 Cross Validation fold 0/1

 -- Start Optimization: method BADS --

 Optimization Run 1/2
Initial params: [0.5991, 8.6003, 6.6987, 38.0928, 25.7192, 2.0172, 3.1852, 0.142, 17.0747, 17.6381, 0.6142, 0.8576, 0.1558, 0.2522, 0.2941]
bads:TooCloseBounds: For each variable, hard and plausible bounds should not be too close. Moving plausible bounds.
Variables (index) internally transformed to log coordinates: [[0 0]
 [0 3]
 [0 4]
 [0 6]]
Beginning optimization of a STOCHASTIC objective function

 Iteration    f-count      E[f(x)]        SD[f(x)]           MeshScale          Method              Actions
     0           1         25329.2             nan               1                                  
     0          33         23698.4             nan               1          Initial mesh            Initial points
     0          34         23681.7         1.04144               1        Successful poll           Train
     1          38         23581.7         1.04131               1      Successful search (ES-wcm)        
     1          41         22985.4         1.04111               1      Successful search (ES-wcm)        
     1          45         22433.7         1.03866               1      Successful search (ES-wcm)        
     1          46         22397.8         1.03995               1      Successful search (ES-wcm)        
     1          47         22217.1         1.03987               1      Successful search (ES-wcm)        
     1          48         21794.8         1.04078               1      Successful search (ES-wcm)        
     1          56         21577.9         1.03057               1      Successful search (ES-wcm)        
     1          60         21413.2         1.01524               1      Successful search (ES-wcm)        
     1          74         21389.9         1.01187               1      Successful search (ES-wcm)        
     1          88         21343.4         1.01185               1      Successful search (ES-wcm)        
     1          99         21336.6           1.022               1      Successful search (ES-wcm)        
     1         101         21184.5         1.02203               1      Successful search (ES-wcm)        
     1         105         21111.5         1.02203               1      Successful search (ES-wcm)        
     1         108         20968.5         1.02202               1      Successful search (ES-wcm)        
     1         109         20931.7         1.02182               1      Successful search (ES-ell)        
     1         127         20723.2         1.02203               1        Successful poll           Train
     2         128         20643.9         1.54696               1      Successful search (ES-wcm)        
     2         135         20623.4         1.54696               1      Successful search (ES-wcm)        
     2         140         20534.2          1.5469               1      Successful search (ES-wcm)        
     2         152         20526.9         1.54686               1      Successful search (ES-wcm)        
     2         155         20511.5         1.54682               1      Successful search (ES-wcm)        
     2         156         20420.9         1.54684               1      Successful search (ES-wcm)        
     2         158         20114.3         31.1481               1      Successful search (ES-wcm)        
     2         160           19624         31.1181               1      Successful search (ES-wcm)        
----------------------------------------
Start job epilogue Tue Aug 11 17:57:11 CEST 2026
----------------------------------------
Job ID:          54715334
Job Exit Code:   0:0
Username:        wenlou
Group:           mpla
Queue:           gpu
Compute nodes:   dccn-c077
Asked resources: walltime=1-00:00:00,nodes=1,cpus=8,mem=2G
Used resources:  cputime=8-00:03:04,walltime=1-00:00:23,memory=1G
----------------------------------------
End job epilogue Tue Aug 11 17:57:11 CEST 2026
----------------------------------------
