----------------------------------------
Start task prologue Wed Jul 29 12:06:46 CEST 2026
----------------------------------------
Step ID:         54442812.
Username:        wenlou
Group:           mpla
Asked resources: walltime=1-00:00:00,nodes=1,cpus=8,mem=2G
Queue:           gpu
Compute nodes:   dccn-c083
----------------------------------------
End task prologue Wed Jul 29 12:06:46 CEST 2026
----------------------------------------
CUDA version:
nvcc: NVIDIA (R) Cuda compiler driver
Copyright (c) 2005-2024 NVIDIA Corporation
Built on Thu_Mar_28_02:18:24_PDT_2024
Cuda compilation tools, release 12.4, V12.4.131
Build cuda_12.4.r12.4/compiler.34097967_0

[WARNING] Please note the interface change for (de-)activating conda environment:

  - DO NOT use `conda activate` to enter the conda environment as it requires extra step to modify your ~/.bashrc file, which will force you to use this Anaconda version (2024.06).  Therefore keep using `source activate` instead.

  - DO use `conda deactivate` to leave your conda environment as `source deactivate` will be deprecated in future release.

Running model for expriment=with_dn, m_id=1, method=bads
device is : cuda
['with_dn', '1', 'all', 'bads', '2']

 ------- Start Optimization for Subject 2 ---------- 

 Cross Validation fold 0/1

 -- Start Optimization: method BADS --

 Optimization Run 1/2
Initial params: [0.5673, 5.107, 8.3149, 40.8431, 2.8026, -43.0426, 0.6206, 0.1493, 19.1755, 28.4001, 0.6589, 0.564, 0.1427, 0.2719, 1.1367]
bads:TooCloseBounds: For each variable, hard and plausible bounds should not be too close. Moving plausible bounds.
Variables (index) internally transformed to log coordinates: [[0 0]
 [0 3]
 [0 4]
 [0 6]]
Beginning optimization of a STOCHASTIC objective function

 Iteration    f-count      E[f(x)]        SD[f(x)]           MeshScale          Method              Actions
     0           1         25395.6             nan               1                                  
     0          33         24415.2             nan               1          Initial mesh            Initial points
     0          34         24399.8         1.01128               1        Successful poll           Train
     1          39         24156.9         1.01125               1      Successful search (ES-wcm)        
     1          41         23964.9         1.01106               1      Successful search (ES-wcm)        
     1          46         23703.6         1.00741               1      Successful search (ES-wcm)        
     1          47         23559.1         1.00743               1      Successful search (ES-wcm)        
     1          48         23098.8          1.0079               1      Successful search (ES-wcm)        
     1          90         22731.4        0.964334               1        Successful poll           Train
     2          92           22704        0.964331               1      Successful search (ES-wcm)        
     2          95         22692.5        0.964331               1      Successful search (ES-wcm)        
     2          97         22640.9          1.0126               1      Successful search (ES-ell)        
     2          98         22333.6          1.0126               1      Successful search (ES-ell)        
     2          99         22331.6         1.01261               1      Successful search (ES-ell)        
     2         102         22199.8          1.0126               1      Successful search (ES-ell)        
     2         103         21941.3         1.01261               1      Successful search (ES-ell)        
     2         108           21907          1.0126               1      Successful search (ES-ell)        
     2         111         21865.5         1.01255               1      Successful search (ES-ell)        
     2         114         21676.7         1.01249               1      Successful search (ES-ell)        
     2         115         21667.3         1.01261               1      Successful search (ES-wcm)        
     2         116         21413.6         1.01259               1      Successful search (ES-ell)        
     2         118         21107.7         1.01259               1      Successful search (ES-ell)        
     2         121         21047.9         1.01258               1      Successful search (ES-wcm)        
     2         129         21045.7         1.02011               1      Successful search (ES-ell)        
     2         130         20996.4         1.02022               1      Successful search (ES-ell)        
     2         131         20971.5         1.02082               1      Successful search (ES-ell)        
     2         135         20907.9         1.01901               1      Successful search (ES-ell)        
     2         136         20752.3         1.02101               1      Successful search (ES-ell)        
     2         147         20751.3         1.00952               1      Incremental search (ES-ell)        
     2         148         20744.9         1.01539               1      Successful search (ES-ell)        
     2         158         20703.1        0.526838               1      Successful search (ES-ell)        
     2         203         20703.1        0.526838             0.5          Refine grid             Train
     3         240           20582         1.60542               1        Successful poll           Train
     4         278         20581.8         1.60448             0.5          Refine grid             Train
     5         284         20629.7         19.1567             0.5      Successful search (ES-ell)        
     5         285         20602.3         23.7908             0.5      Successful search (ES-ell)        
     5         286         20553.1          29.618             0.5      Successful search (ES-ell)        
     5         295         20537.5         35.5983             0.5      Successful search (ES-ell)        
     5         300         20522.7           29.16             0.5      Successful search (ES-ell)        
     5         303         20489.2         20.6043             0.5      Successful search (ES-ell)        
     5         304         20450.5         37.1673             0.5      Successful search (ES-wcm)        
     5         305         20314.4         40.5153             0.5      Successful search (ES-wcm)        
     5         306           20294         38.7804             0.5      Successful search (ES-ell)        
     5         313         20208.5         36.0558             0.5      Successful search (ES-wcm)        
     5         314           20014         40.8933             0.5      Successful search (ES-wcm)        
     5         315         19948.4         41.8558             0.5      Successful search (ES-wcm)        
     5         318         19859.7         40.0924             0.5      Successful search (ES-wcm)        
     5         321           19835         37.6075             0.5      Successful search (ES-ell)        
     5         325         19767.2         39.7662             0.5      Successful search (ES-wcm)        
     5         331         19752.2         30.5706             0.5      Successful search (ES-wcm)        
     5         341         19726.9         41.0758             0.5      Successful search (ES-wcm)        
     5         344         19552.2         43.1791             0.5      Successful search (ES-wcm)        
     5         347         19509.9         41.1418             0.5      Successful search (ES-wcm)        
     5         357         19493.7         33.5173             0.5      Successful search (ES-wcm)        
     5         359         19486.2         34.6889             0.5      Successful search (ES-wcm)        
     5         360           19484         41.8899             0.5      Successful search (ES-ell)        
     5         365         19460.7         34.0155             0.5      Successful search (ES-ell)        
     5         366           19349         34.2452             0.5      Successful search (ES-ell)        
     5         369         19331.6         41.6612             0.5      Successful search (ES-ell)        
     5         372           19301         40.8856             0.5      Successful search (ES-ell)        
     5         376         19299.2         33.9851             0.5      Successful search (ES-ell)        
     5         377         19239.6         36.8613             0.5      Successful search (ES-ell)        
     5         380         19232.1         33.0329             0.5      Successful search (ES-ell)        
     5         387         19218.4          35.846             0.5      Successful search (ES-wcm)        
     5         403         19212.8         20.9719             0.5      Successful search (ES-ell)        
     5         407         19208.1         21.4426             0.5      Successful search (ES-wcm)        
     5         408         19182.6         30.1654             0.5      Successful search (ES-wcm)        
     5         456         19182.6         30.1654            0.25          Refine grid             
     6         459         19182.5          16.699            0.25      Successful search (ES-wcm)        
     6         460         19149.4         37.0654            0.25      Successful search (ES-wcm)        
     6         514         19149.4         37.0654           0.125          Refine grid             Train
     7         515         19107.6         18.0103           0.125      Successful search (ES-wcm)        
     7         521         19105.9         11.2594           0.125      Successful search (ES-wcm)        
     7         522         19098.3         15.1217           0.125      Successful search (ES-wcm)        
     7         524         19098.1         13.0459           0.125      Successful search (ES-wcm)        
     7         527           19094         11.6261           0.125      Successful search (ES-wcm)        
     7         572           19094         11.6261          0.0625          Refine grid             Train
     8         573         19097.4         18.2471          0.0625      Successful search (ES-wcm)        
     8         589         19081.5         10.9166          0.0625      Successful search (ES-wcm)        
     8         645         19081.5         10.9166         0.03125          Refine grid             Train
     9         646         19091.4         14.6155         0.03125      Successful search (ES-wcm)        
     9         648         19085.3         6.83069         0.03125      Successful search (ES-wcm)        
     9         649         19070.2         11.7878         0.03125      Successful search (ES-wcm)        
     9         674         19065.7         5.46227         0.03125      Successful search (ES-wcm)        
     9         676         19033.6         7.93591         0.03125      Successful search (ES-ell)        
     9         677         19020.7         12.0132         0.03125      Successful search (ES-ell)        
     9         679         19019.3         15.2371         0.03125      Successful search (ES-wcm)        
     9         735         19019.3         15.2371        0.015625          Refine grid             
    10         736         19078.3         7.18537        0.015625      Successful search (ES-ell)        
    10         737         19060.4         9.13795        0.015625      Successful search (ES-ell)        
    10         738         19034.5         13.1406        0.015625      Successful search (ES-ell)        
    10         739         19030.4         18.9065        0.015625      Successful search (ES-ell)        
    10         793         19030.4         18.9065       0.0078125          Refine grid             
    11         794         19085.8         6.98186       0.0078125      Successful search (ES-ell)        
    11         795         19081.1         7.41151       0.0078125      Successful search (ES-ell)        
    11         796         19079.6         9.13645       0.0078125      Successful search (ES-ell)        
    11         798         19070.9         10.3909       0.0078125      Successful search (ES-ell)        
    11         826         19063.2          13.807        0.015625        Successful poll           Train
    12         827         19099.2         8.42816        0.015625      Successful search (ES-ell)        
    12         828         19074.6         9.26477        0.015625      Successful search (ES-wcm)        
    12         832         19071.6         9.60738        0.015625      Successful search (ES-wcm)        
    12         834         19062.8          9.8101        0.015625      Successful search (ES-ell)        
    12         836         19059.9         11.4489        0.015625      Successful search (ES-wcm)        
    12         844         19058.7         9.50386        0.015625      Successful search (ES-wcm)        
    12         846         19057.2         9.91231        0.015625      Successful search (ES-ell)        
    12         851         19055.4         8.86957        0.015625      Successful search (ES-ell)        
    12         852           19052         9.38493        0.015625      Successful search (ES-ell)        
    12         854         19050.6         9.29218        0.015625      Successful search (ES-ell)        
    12         858         19047.2         10.0044        0.015625      Successful search (ES-ell)        
    12         902         19044.5         13.6942         0.03125        Successful poll           Train
    13         903         19073.1         15.4378         0.03125      Successful search (ES-wcm)        
    13         904         19044.9         16.0323         0.03125      Successful search (ES-ell)        
    13         905         19039.5         19.5441         0.03125      Successful search (ES-ell)        
    13         941         19030.4         18.4724          0.0625        Successful poll           
    14         984         19047.4         10.0511         0.03125          Refine grid             Train
    15         985         19072.4         14.2923         0.03125      Successful search (ES-ell)        
    15         991         19063.7         7.39351         0.03125      Successful search (ES-wcm)        
    15         992         19046.6         7.62667         0.03125      Successful search (ES-wcm)        
    15         993         19040.3         10.8927         0.03125      Successful search (ES-wcm)        
    15         996         19038.9         7.89116         0.03125      Successful search (ES-wcm)        
    15         997         19028.4         8.02798         0.03125      Successful search (ES-wcm)        
    15         998           19019          10.067         0.03125      Successful search (ES-wcm)        
    15        1000         19003.4         8.90827         0.03125      Successful search (ES-wcm)        
    15        1057         19003.4         8.90827        0.015625          Refine grid             
    16        1058           19039         4.86723        0.015625      Successful search (ES-wcm)        
    16        1059         19028.6         8.35959        0.015625      Successful search (ES-ell)        
    16        1117         19028.6         8.35959       0.0078125          Refine grid             
    17        1118           19051         4.61036       0.0078125      Successful search (ES-ell)        
    17        1119         19041.1         6.86373       0.0078125      Successful search (ES-ell)        
    17        1120         19032.9         10.2015       0.0078125      Successful search (ES-ell)        
    17        1121           19028         13.3848       0.0078125      Successful search (ES-ell)        
    17        1175           19028         13.3848      0.00390625          Refine grid             
    18        1176         19049.1         4.13992      0.00390625      Successful search (ES-ell)        
    18        1177         19046.8         5.14824      0.00390625      Successful search (ES-wcm)        
    18        1182         19041.9         5.13253      0.00390625      Successful search (ES-wcm)        
    18        1185         19041.5         5.17314      0.00390625      Successful search (ES-wcm)        
    18        1186         19040.6         5.49675      0.00390625      Successful search (ES-wcm)        
    18        1211         19021.2         14.2569       0.0078125        Successful poll           
    19        1212         19021.9         10.1195       0.0078125      Successful search (ES-ell)        
    19        1213         19020.4         10.7003       0.0078125      Successful search (ES-ell)        
    19        1214         19018.9         11.7078       0.0078125      Successful search (ES-ell)        
    19        1271         19018.9         11.7078      0.00390625          Refine grid             
    20        1272         19049.1         3.00424      0.00390625      Successful search (ES-ell)        
    20        1273         19046.2         4.53255      0.00390625      Successful search (ES-ell)        
    20        1274         19045.6         5.76862      0.00390625      Successful search (ES-ell)        
    20        1275         19039.7          7.1033      0.00390625      Successful search (ES-ell)        
    20        1276         19038.6         10.2842      0.00390625      Successful search (ES-ell)        
    20        1329         19038.6         10.2842      0.00195312          Refine grid             
    21        1330         19049.4         2.71529      0.00195312      Successful search (ES-ell)        
    21        1331         19047.6         3.08292      0.00195312      Successful search (ES-ell)        
    21        1332         19044.9           3.592      0.00195312      Successful search (ES-ell)        
    21        1333         19039.9         4.62281      0.00195312      Successful search (ES-ell)        
    21        1334         19035.1         6.66448      0.00195312      Successful search (ES-ell)        
    21        1335         19029.3         9.22869      0.00195312      Successful search (ES-ell)        
    21        1336         19022.1         11.8759      0.00195312      Successful search (ES-ell)        
    21        1389         19022.1         11.8759     0.000976562          Refine grid             Train
Optimization terminated: change in the function value less than options['tol_mesh']
Estimated function value at minimum: 19052.44041247594 ± 2.759237032980921 (mean ± SEM from 100 samples)
BADS minimum at: x_min = [ 0.4598  3.368   6.6821 13.8669  2.2824  9.028   0.3478  0.3112  6.824
 12.1316  0.5542  0.5301  0.1649  0.1322  1.0248], training NLL = 19052.4404
total f-count: 1489, time: 65.9 min

 Optimization Run 2/2
Initial params: [1.4783, 8.5946, 3.3084, 5.2302, 14.9552, -13.4489, 0.778, 0.6557, 19.9974, 18.6167, 0.5047, 0.1895, 0.2574, 0.1004, 0.1541]
bads:TooCloseBounds: For each variable, hard and plausible bounds should not be too close. Moving plausible bounds.
Variables (index) internally transformed to log coordinates: [[0 0]
 [0 3]
 [0 4]
 [0 6]]
Beginning optimization of a STOCHASTIC objective function

 Iteration    f-count      E[f(x)]        SD[f(x)]           MeshScale          Method              Actions
     0           1         26151.5             nan               1                                  
     0          33         24399.2             nan               1          Initial mesh            Initial points
     0          34         24396.1        0.987844               1        Successful poll           Train
     1          37         23001.7        0.987787               1      Successful search (ES-wcm)        
     1          39         22327.7        0.987762               1      Successful search (ES-wcm)        
     1          44         22042.2        0.987238               1      Successful search (ES-wcm)        
     1          49         21802.8        0.970211               1      Successful search (ES-wcm)        
     1          65         21776.6        0.977175               1        Successful poll           Train
     2          66         21633.5        0.977173               1      Successful search (ES-wcm)        
     2          67         21008.2        0.977175               1      Successful search (ES-wcm)        
     2          85         20863.3        0.977162               1      Successful search (ES-wcm)        
     2         118         20673.6        0.977234               1        Successful poll           
     3         119         20577.1        0.994819               1      Successful search (ES-wcm)        
     3         122         20447.6        0.994818               1      Successful search (ES-wcm)        
     3         132         20442.8         1.00987               1      Successful search (ES-ell)        
     3         142         20403.2         1.01071               1      Successful search (ES-ell)        
     3         148         20374.7         1.01119               1      Successful search (ES-wcm)        
     3         162         20374.2         1.01711               1      Incremental search (ES-wcm)        
     3         163         20340.4         1.01463               1      Successful search (ES-ell)        
     3         189         20321.2         1.01953               1        Successful poll           Train
     4         191         20309.4         34.3318               1      Successful search (ES-ell)        
     4         203         20285.2          33.267               1      Successful search (ES-wcm)        
     4         211         20236.3         32.3308               1      Successful search (ES-wcm)        
     4         262         20236.3         32.3308             0.5          Refine grid             
     5         267         20253.1         34.5325             0.5      Successful search (ES-ell)        
     5         268         20176.7         34.7348             0.5      Successful search (ES-ell)        
     5         321         19980.6         33.3515               1        Successful poll           
     6         324         19782.6         42.9277               1      Successful search (ES-ell)        
     6         326         19678.2         42.9703               1      Successful search (ES-ell)        
     6         332         19639.5         36.4169               1      Successful search (ES-ell)        
     6         333         19625.4         40.7484               1      Successful search (ES-wcm)        
     6         339         19582.3         39.7994               1      Successful search (ES-ell)        
     6         340         19538.4          40.287               1      Successful search (ES-ell)        
     6         346         19518.4          23.322               1      Successful search (ES-wcm)        
     6         350         19474.8         22.2187               1      Successful search (ES-ell)        
     6         384           19278         22.9674               1        Successful poll           
     7         387         19193.5         22.2763               1      Successful search (ES-ell)        
     7         392         19150.6         20.4175               1      Successful search (ES-ell)        
     7         394         19133.3           20.68               1      Successful search (ES-ell)        
     7         408           19091         21.2071               1      Successful search (ES-wcm)        
     7         410         19086.5         20.6815               1      Successful search (ES-wcm)        
     7         413         19086.2          16.979               1      Incremental search (ES-wcm)        
     7         423         19065.6         37.3701               1      Successful search (ES-wcm)        
     7         468         19065.6         37.3701             0.5          Refine grid             Train
     8         474         19082.6         25.6229             0.5      Successful search (ES-wcm)        
     8         476         19081.4         25.8148             0.5      Successful search (ES-wcm)        
     8         487         19074.2         25.5566             0.5      Successful search (ES-ell)        
     8         491         19049.3         24.4773             0.5      Successful search (ES-ell)        
     8         541         19019.5          24.885               1        Successful poll           
     9         580         19016.2         24.7841             0.5          Refine grid             
    10         590         19074.3         18.7098             0.5      Successful search (ES-ell)        
    10         591         19067.1         21.2233             0.5      Successful search (ES-ell)        
    10         592         19050.1         24.0273             0.5      Successful search (ES-ell)        
    10         595         19045.3          19.289             0.5      Successful search (ES-ell)        
    10         604           19035         14.2718             0.5      Successful search (ES-ell)        
    10         605         19018.5         19.6019             0.5      Successful search (ES-ell)        
    10         607         19004.6         22.3547             0.5      Successful search (ES-ell)        
    10         621           18990         9.54089             0.5      Successful search (ES-ell)        
    10         622         18908.5          10.008             0.5      Successful search (ES-ell)        
    10         623         18814.7         12.0426             0.5      Successful search (ES-ell)        
    10         624         18702.5         14.4482             0.5      Successful search (ES-ell)        
    10         625         18622.4         18.5005             0.5      Successful search (ES-ell)        
    10         668         18622.4         18.5005            0.25          Refine grid             
    11         669         18968.7         24.5706            0.25      Successful search (ES-ell)        
    11         673           18962         18.2917            0.25      Successful search (ES-ell)        
    11         674         18935.1         22.4031            0.25      Successful search (ES-ell)        
    11         726         18935.1         22.4031           0.125          Refine grid             
    12         727         18900.2         16.9021           0.125      Successful search (ES-ell)        
    12         728         18882.8         20.5698           0.125      Successful search (ES-ell)        
    12         784         18882.8         20.5698          0.0625          Refine grid             Train
    13         785           18947         10.8912          0.0625      Successful search (ES-ell)        
    13         786         18916.6         14.9519          0.0625      Successful search (ES-ell)        
    13         842         18916.6         14.9519         0.03125          Refine grid             Train
    14         885           19028         7.37378        0.015625          Refine grid             Train
    15         886         19050.9         15.8572        0.015625      Successful search (ES-ell)        
    15         887           19041         15.8225        0.015625      Successful search (ES-ell)        
    15         888         19036.6         18.1683        0.015625      Successful search (ES-ell)        
    15         889         19026.3         20.7169        0.015625      Successful search (ES-ell)        
    15         942           19026         7.88285         0.03125        Successful poll           
    16         943         18994.3         8.12884         0.03125      Successful search (ES-ell)        
    16         944           18915         11.0979         0.03125      Successful search (ES-ell)        
    16         945         18835.5         12.2466         0.03125      Successful search (ES-ell)        
    16         973         18740.1         10.2489          0.0625        Successful poll           Train
    17         974         19042.7         14.6343          0.0625      Successful search (ES-ell)        
    17         975         19015.9         21.9295          0.0625      Successful search (ES-ell)        
    17        1031         19015.9         21.9295         0.03125          Refine grid             
    18        1032         19019.6         7.38061         0.03125      Successful search (ES-ell)        
    18        1033         19009.4         19.8759         0.03125      Successful search (ES-wcm)        
    18        1036         19007.3          15.466         0.03125      Successful search (ES-ell)        
    18        1089         19007.3          15.466        0.015625          Refine grid             Train
    19        1090           19030          6.1853        0.015625      Successful search (ES-wcm)        
    19        1092         19028.8         9.58379        0.015625      Successful search (ES-wcm)        
    19        1093         19023.2         9.92279        0.015625      Successful search (ES-wcm)        
    19        1095         19016.3         9.46109        0.015625      Successful search (ES-ell)        
    19        1096         19011.9          12.317        0.015625      Successful search (ES-ell)        
    19        1147         19011.9          12.317       0.0078125          Refine grid             Train
    20        1148         19038.1         5.84357       0.0078125      Successful search (ES-ell)        
    20        1149         19029.1         7.58934       0.0078125      Successful search (ES-ell)        
    20        1150         19011.1         9.24472       0.0078125      Successful search (ES-wcm)        
    20        1151         18998.9          16.188       0.0078125      Successful search (ES-wcm)        
    20        1207         18998.9          16.188      0.00390625          Refine grid             Train
    21        1208         19005.7         3.77555      0.00390625      Successful search (ES-wcm)        
    21        1209         18999.1         4.25235      0.00390625      Successful search (ES-wcm)        
    21        1210         18990.2         4.50797      0.00390625      Successful search (ES-ell)        
    21        1211         18978.1         4.85887      0.00390625      Successful search (ES-ell)        
    21        1212         18968.1         7.59144      0.00390625      Successful search (ES-wcm)        
    21        1213           18957         11.7171      0.00390625      Successful search (ES-wcm)        
    21        1215         18952.2         8.19014      0.00390625      Successful search (ES-wcm)        
    21        1216         18951.6         11.3537      0.00390625      Successful search (ES-wcm)        
    21        1265         18951.6         11.3537      0.00195312          Refine grid             
    22        1266         19005.3         3.44482      0.00195312      Successful search (ES-wcm)        
    22        1267         19002.9         3.32275      0.00195312      Successful search (ES-wcm)        
    22        1268           18998         3.40639      0.00195312      Successful search (ES-wcm)        
    22        1269         18996.6         3.69578      0.00195312      Successful search (ES-ell)        
    22        1271         18993.8         4.28588      0.00195312      Successful search (ES-wcm)        
    22        1272         18989.3         6.32357      0.00195312      Successful search (ES-wcm)        
    22        1273         18985.3         6.58896      0.00195312      Successful search (ES-ell)        
    22        1274           18980         7.64247      0.00195312      Successful search (ES-ell)        
    22        1276         18979.9          8.6367      0.00195312      Successful search (ES-ell)        
    22        1323         18979.9          8.6367     0.000976562          Refine grid             
Optimization terminated: change in the function value less than options['tol_mesh']
Estimated function value at minimum: 19005.717586955718 ± 3.0700619413803247 (mean ± SEM from 100 samples)
BADS minimum at: x_min = [ 0.6733  8.9276  6.8585  8.5697  2.2202  6.0542  0.2689  0.2196  6.9688
 17.6067  0.6353  0.5127  0.1596  0.1255  0.4137], training NLL = 19005.7176
total f-count: 1423, time: 63.74 min

 ------- Finish Optimization for Subject 2 ---------- 

 ------- Start Optimization for Subject 3 ---------- 

 Cross Validation fold 0/1

 -- Start Optimization: method BADS --

 Optimization Run 1/2
Initial params: [0.3464, 7.6122, 14.3167, 31.9865, 40.0046, 46.5257, 0.2948, 0.5047, 15.4926, 22.3857, 0.4068, 0.7838, 0.2074, 0.206, 0.1574]
bads:TooCloseBounds: For each variable, hard and plausible bounds should not be too close. Moving plausible bounds.
Variables (index) internally transformed to log coordinates: [[0 0]
 [0 3]
 [0 4]
 [0 6]]
Beginning optimization of a STOCHASTIC objective function

 Iteration    f-count      E[f(x)]        SD[f(x)]           MeshScale          Method              Actions
     0           1         25411.3             nan               1                                  
     0          33         23403.4             nan               1          Initial mesh            Initial points
     0          48         22888.7        0.999803               1        Successful poll           Train
     1          54         22611.2        0.997736               1      Successful search (ES-wcm)        
     1          55         22476.3        0.997892               1      Successful search (ES-ell)        
     1          58         22467.4         0.99172               1      Successful search (ES-ell)        
     1          63         22411.6        0.966512               1      Successful search (ES-ell)        
     1          65         22289.7        0.918983               1      Successful search (ES-ell)        
     1          66         22082.2        0.918984               1      Successful search (ES-wcm)        
     1          67         21712.5         0.91899               1      Successful search (ES-ell)        
     1          68         21426.9        0.918994               1      Successful search (ES-ell)        
     1          75         21283.2        0.918827               1      Successful search (ES-ell)        
     1          76           20865        0.918918               1      Successful search (ES-ell)        
     1          87         20826.5        0.914386               1      Successful search (ES-ell)        
     1          92         20798.3        0.884646               1      Successful search (ES-wcm)        
     1         104         20790.4         1.17502               1      Successful search (ES-wcm)        
     1         114         20748.1         1.17241               1      Successful search (ES-ell)        
     1         116         20723.3         1.17708               1      Successful search (ES-wcm)        
     1         120           20662         1.17682               1      Successful search (ES-wcm)        
     1         121         20658.9         1.17707               1      Successful search (ES-wcm)        
     1         126           20589         1.17703               1      Successful search (ES-wcm)        
     1         136         20587.8         1.39396               1      Successful search (ES-ell)        
     1         137         20548.8         1.40041               1      Successful search (ES-wcm)        
     1         178         20514.2         20.7238               1        Successful poll           Train
     2         181         20221.6         22.1125               1      Successful search (ES-wcm)        
     2         182         20170.5         21.8167               1      Successful search (ES-wcm)        
     2         184         20018.8         21.8417               1      Successful search (ES-wcm)        
     2         188         19965.6         21.1629               1      Successful search (ES-wcm)        
----------------------------------------
Start job epilogue Thu Jul 30 12:07:35 CEST 2026
----------------------------------------
Job ID:          54442812
Job Exit Code:   0:0
Username:        wenlou
Group:           mpla
Queue:           gpu
Compute nodes:   dccn-c083
Asked resources: walltime=1-00:00:00,nodes=1,cpus=8,mem=2G
Used resources:  cputime=8-00:02:32,walltime=1-00:00:19,memory=1G
----------------------------------------
End job epilogue Thu Jul 30 12:07:35 CEST 2026
----------------------------------------
