----------------------------------------
Start task prologue Tue Aug  5 14:16:29 CEST 2025
----------------------------------------
Step ID:         48453006.
Username:        wenlou
Group:           mpla
Asked resources: walltime=20:00:00,nodes=1,cpus=8,mem=4G
Queue:           gpu
Compute nodes:   dccn-c083
----------------------------------------
End task prologue Tue Aug  5 14:16:29 CEST 2025
----------------------------------------
CUDA version:
nvcc: NVIDIA (R) Cuda compiler driver
Copyright (c) 2005-2024 NVIDIA Corporation
Built on Thu_Mar_28_02:18:24_PDT_2024
Cuda compilation tools, release 12.4, V12.4.131
Build cuda_12.4.r12.4/compiler.34097967_0
Running model for sub_id=20, m_id=2, method=bads
device is : cuda

 ------- Start Optimization for Subject 20 ---------- 

 -- Start Optimization: method BADS --

 Optimization Run 1/4
Initial params: [1.5116, 2.8807, 11.5869, 22.8551, 0.6083, 0.2898, 0.2394, 0.0632, 0.2186, 17.0707, 1.4981, 18.7014, -4.918]
bads:TooCloseBounds: For each variable, hard and plausible bounds should not be too close. Moving plausible bounds.
Variables (index) internally transformed to log coordinates: [[ 0  0]
 [ 0  5]
 [ 0  6]
 [ 0  7]
 [ 0  9]
 [ 0 11]]
Beginning optimization of a STOCHASTIC objective function

 Iteration    f-count      E[f(x)]        SD[f(x)]           MeshScale          Method              Actions
     0           1         24194.2             nan               1                                  
     0          30         23116.2             nan               1          Initial mesh            Initial points
     0          31         23081.1         1.00143               1        Successful poll           Train
     1          33         22526.5         1.00139               1      Successful search (ES-wcm)        
     1          34         22076.5         1.00138               1      Successful search (ES-wcm)        
     1          38         21968.6          1.0013               1      Successful search (ES-wcm)        
     1          41         21944.7         1.00078               1      Successful search (ES-wcm)        
     1          50         21866.9        0.998225               1      Successful search (ES-ell)        
     1          51         21797.5         1.00047               1      Successful search (ES-wcm)        
     1          52         21776.8        0.997258               1      Successful search (ES-wcm)        
     1          53           21722        0.999335               1      Successful search (ES-wcm)        
     1          58         21605.6        0.947769               1      Successful search (ES-wcm)        
     1          61         21585.8         0.94315               1      Successful search (ES-wcm)        
     1          62         21555.6        0.946353               1      Successful search (ES-wcm)        
     1          64         21508.3        0.947214               1      Successful search (ES-wcm)        
     1          69         21493.8         0.94574               1      Successful search (ES-wcm)        
     1          74         21488.7        0.924118               1      Successful search (ES-wcm)        
     1         105         21401.6         6.94337               1        Successful poll           
     2         110         21319.9         7.07935               1      Successful search (ES-wcm)        
     2         119         21309.7         12.8278               1      Successful search (ES-wcm)        
     2         124         21287.3         10.3458               1      Successful search (ES-wcm)        
     2         134         21284.3         9.29981               1      Successful search (ES-wcm)        
     2         166         21271.5         11.4964               1        Successful poll           Train
     3         169         21265.3         11.1244               1      Successful search (ES-wcm)        
     3         171         21242.6         10.6617               1      Successful search (ES-wcm)        
     3         173         21239.6         10.3841               1      Successful search (ES-wcm)        
     3         175         21221.1         8.85424               1      Successful search (ES-wcm)        
     3         177         21217.1         9.18829               1      Successful search (ES-wcm)        
     3         178         21207.2         11.0269               1      Successful search (ES-wcm)        
     3         180         21200.8         10.1476               1      Successful search (ES-ell)        
     3         182         21163.6         9.93865               1      Successful search (ES-ell)        
     3         183         21155.3         10.4579               1      Successful search (ES-ell)        
     3         224         21155.3         10.4579             0.5          Refine grid             
     4         225         21174.2         7.51496             0.5      Successful search (ES-ell)        
     4         227         21169.2         7.92912             0.5      Successful search (ES-ell)        
     4         271         21169.2         7.92912            0.25          Refine grid             Train
     5         272         21174.1         3.79413            0.25      Successful search (ES-ell)        
     5         273         21162.2         4.75454            0.25      Successful search (ES-ell)        
     5         274         21156.1         6.39643            0.25      Successful search (ES-ell)        
     5         319         21156.1         6.39643           0.125          Refine grid             
     6         320         21176.7         2.31543           0.125      Successful search (ES-ell)        
     6         321         21171.3         3.09856           0.125      Successful search (ES-wcm)        
     6         322         21165.6         5.30844           0.125      Successful search (ES-wcm)        
     6         325         21165.4         4.23388           0.125      Successful search (ES-wcm)        
     6         326           21164          4.9349           0.125      Successful search (ES-ell)        
     6         365         21160.5         5.84473            0.25        Successful poll           
     7         366         21157.9         10.0421            0.25      Successful search (ES-wcm)        
     7         370         21150.4         6.87073            0.25      Successful search (ES-wcm)        
     7         410         21145.5         8.56393             0.5        Successful poll           Train
     8         411         21152.7         9.73522             0.5      Successful search (ES-wcm)        
     8         415         21123.1         8.30399             0.5      Successful search (ES-wcm)        
     8         416         21096.6         9.89758             0.5      Successful search (ES-wcm)        
     8         420         21078.7          7.2471             0.5      Successful search (ES-wcm)        
     8         455         21078.7          7.2471            0.25          Refine grid             
     9         456         21098.5         5.37811            0.25      Successful search (ES-wcm)        
     9         457           21084         6.31521            0.25      Successful search (ES-wcm)        
     9         459         21082.4         9.24182            0.25      Successful search (ES-wcm)        
     9         461           21076         7.71121            0.25      Successful search (ES-wcm)        
     9         463         21069.4         6.01172            0.25      Successful search (ES-wcm)        
     9         464           21066         9.47541            0.25      Successful search (ES-wcm)        
     9         502           21066         9.47541           0.125          Refine grid             
    10         503         21080.4         2.89781           0.125      Successful search (ES-wcm)        
    10         504         21079.2         3.76592           0.125      Successful search (ES-wcm)        
    10         505         21072.1         4.74733           0.125      Successful search (ES-wcm)        
    10         507         21069.1         7.43166           0.125      Successful search (ES-wcm)        
    10         508         21063.3         8.50053           0.125      Successful search (ES-wcm)        
    10         510         21057.9         7.59175           0.125      Successful search (ES-ell)        
    10         511         21048.8         7.76292           0.125      Successful search (ES-ell)        
    10         513         21046.1         7.87875           0.125      Successful search (ES-ell)        
    10         549         21040.7         10.1679            0.25        Successful poll           
    11         551           21034         6.99847            0.25      Successful search (ES-ell)        
    11         552         21032.1         7.38477            0.25      Successful search (ES-ell)        
    11         553         21031.9         8.17511            0.25      Successful search (ES-ell)        
    11         554         21027.5         8.43175            0.25      Successful search (ES-ell)        
    11         555         21023.3         8.29188            0.25      Successful search (ES-ell)        
    11         556         20862.6          9.2058            0.25      Successful search (ES-ell)        
    11         560         20813.5         8.86125            0.25      Successful search (ES-ell)        
    11         562         20774.3         8.75325            0.25      Successful search (ES-ell)        
    11         563         20733.6          7.7044            0.25      Successful search (ES-ell)        
    11         564         20695.8         7.93496            0.25      Successful search (ES-ell)        
    11         577         20660.2          9.7152            0.25      Successful search (ES-wcm)        
    11         578         20640.2         9.24179            0.25      Successful search (ES-wcm)        
    11         580         20633.6         8.55566            0.25      Successful search (ES-wcm)        
    11         581         20632.4         8.18416            0.25      Successful search (ES-wcm)        
    11         584         20622.7         6.32095            0.25      Successful search (ES-wcm)        
    11         585         20609.1          8.1765            0.25      Successful search (ES-wcm)        
    11         586         20583.8         8.17031            0.25      Successful search (ES-wcm)        
    11         588         20568.2         8.12402            0.25      Successful search (ES-wcm)        
    11         589         20567.4          7.4769            0.25      Successful search (ES-wcm)        
    11         590         20554.8         6.80185            0.25      Successful search (ES-wcm)        
    11         593         20550.4         7.26978            0.25      Successful search (ES-wcm)        
    11         595         20536.9         4.80155            0.25      Successful search (ES-wcm)        
    11         596         20525.1          6.0676            0.25      Successful search (ES-wcm)        
    11         597         20507.6         6.99793            0.25      Successful search (ES-wcm)        
    11         599         20500.3         6.63102            0.25      Successful search (ES-ell)        
    11         600         20492.1         7.40895            0.25      Successful search (ES-wcm)        
    11         621         20476.3         4.11968             0.5        Successful poll           Train
    12         622         19418.4          17.559             0.5      Successful search (ES-wcm)        
    12         623         19294.4         17.4737             0.5      Successful search (ES-wcm)        
    12         625         18305.4         16.9822             0.5      Successful search (ES-wcm)        
    12         627           18059         16.7336             0.5      Successful search (ES-wcm)        
    12         629         18024.9         15.7112             0.5      Successful search (ES-wcm)        
    12         630           17962         16.8983             0.5      Successful search (ES-wcm)        
    12         631         17893.7         17.4127             0.5      Successful search (ES-wcm)        
    12         637         17892.1         13.2441             0.5      Successful search (ES-wcm)        
    12         638         17887.2         13.9571             0.5      Successful search (ES-wcm)        
    12         673           17856         12.8237               1        Successful poll           Train
    13         702           17856         12.8237             0.5          Refine grid             Train
    14         703         17877.1         16.6028             0.5      Successful search (ES-wcm)        
    14         704         17829.8         16.7107             0.5      Successful search (ES-wcm)        
    14         706         17798.4         16.6719             0.5      Successful search (ES-wcm)        
    14         709         17659.2         16.6689             0.5      Successful search (ES-wcm)        
    14         714         17624.1         16.6371             0.5      Successful search (ES-wcm)        
    14         718         17581.4         16.3084             0.5      Successful search (ES-wcm)        
    14         731           17572         16.0633             0.5      Successful search (ES-wcm)        
    14         736         17540.8         13.7639             0.5      Successful search (ES-wcm)        
    14         741         17537.7         7.88033             0.5      Successful search (ES-wcm)        
    14         746         17536.6         9.28107             0.5      Successful search (ES-ell)        
    14         748         17530.1         8.82851             0.5      Successful search (ES-ell)        
    14         783         17530.1         8.82851            0.25          Refine grid             
    15         784         17534.5         8.16957            0.25      Successful search (ES-ell)        
    15         785         17529.5         12.6386            0.25      Successful search (ES-ell)        
    15         786         17528.5         18.5986            0.25      Successful search (ES-ell)        
    15         787         17516.1         21.3192            0.25      Successful search (ES-ell)        
    15         788         17321.9         24.6284            0.25      Successful search (ES-wcm)        
    15         791           17167         24.2957            0.25      Successful search (ES-ell)        
    15         792         17128.6         24.4291            0.25      Successful search (ES-ell)        
    15         796         17103.2         23.2839            0.25      Successful search (ES-ell)        
    15         821         17023.7         23.6393             0.5        Successful poll           Train
    16         822         16952.1         24.0464             0.5      Successful search (ES-ell)        
    16         824         16820.6         25.2903             0.5      Successful search (ES-wcm)        
    16         829         16819.2         20.8168             0.5      Successful search (ES-ell)        
    16         830         16786.4         20.9075             0.5      Successful search (ES-ell)        
    16         832         16766.7          23.971             0.5      Successful search (ES-wcm)        
    16         864         16766.7          23.971            0.25          Refine grid             
    17         865         16785.2         18.4749            0.25      Successful search (ES-wcm)        
    17         900           16782         7.13622             0.5        Successful poll           
Optimization terminated: reached maximum number of function evaluations options['max_fun_evals'].
Estimated function value at minimum: 16769.344037364044 ± 2.309882112193999 (mean ± SEM from 100 samples)
BADS minimum at: x_min = [ 4.7999  7.1934  7.8529  7.9366  0.5367  0.      0.9999  0.2652  0.5054
 18.1395 10.      0.     -0.9222], NLL = 16769.344
total f-count: 1000, time: 49.41 min

 Optimization Run 2/4
Initial params: [0.3988, 3.5474, 11.6717, 16.4473, 0.3199, 0.1823, 0.0567, 0.4213, 0.1246, 13.8044, 1.0078, 8.1379, 3.4811]
bads:TooCloseBounds: For each variable, hard and plausible bounds should not be too close. Moving plausible bounds.
Variables (index) internally transformed to log coordinates: [[ 0  0]
 [ 0  5]
 [ 0  6]
 [ 0  7]
 [ 0  9]
 [ 0 11]]
Beginning optimization of a STOCHASTIC objective function

 Iteration    f-count      E[f(x)]        SD[f(x)]           MeshScale          Method              Actions
     0           1           24425             nan               1                                  
     0          30         23118.7             nan               1          Initial mesh            Initial points
     0          52         23010.9        0.989021               1        Successful poll           Train
     1          53         22499.8        0.989081               1      Successful search (ES-wcm)        
     1          54         22277.5        0.989057               1      Successful search (ES-wcm)        
     1          55         21897.1        0.989088               1      Successful search (ES-wcm)        
     1          58         21725.9         3.85487               1      Successful search (ES-wcm)        
     1          59         21695.7         3.85313               1      Successful search (ES-ell)        
     1          63         21662.2         3.85015               1      Successful search (ES-ell)        
     1          66         21485.4          3.8452               1      Successful search (ES-wcm)        
     1          67         21483.9         3.84981               1      Successful search (ES-wcm)        
     1          68         21276.2         3.84984               1      Successful search (ES-ell)        
     1          71         21251.4         3.84719               1      Successful search (ES-ell)        
     1          72         21107.7         3.83732               1      Successful search (ES-ell)        
     1          77         21097.9         3.81071               1      Successful search (ES-ell)        
     1          80         21077.3         3.70339               1      Successful search (ES-ell)        
     1          81         21073.7         3.60542               1      Successful search (ES-ell)        
     1          82         21069.8         3.61445               1      Successful search (ES-ell)        
     1          83         21056.2         3.74245               1      Successful search (ES-ell)        
     1         121         20874.3         8.98927               1        Successful poll           Train
     2         127         20873.4         5.80263               1      Incremental search (ES-ell)        
     2         128         20831.6         7.27873               1      Successful search (ES-ell)        
     2         130         20821.2         7.38665               1      Successful search (ES-ell)        
     2         131         20776.4         7.67496               1      Successful search (ES-ell)        
     2         132         20600.3         8.32202               1      Successful search (ES-ell)        
     2         133         20438.6         8.34601               1      Successful search (ES-ell)        
     2         136         20324.7         8.08597               1      Successful search (ES-ell)        
     2         137         20303.4         8.47886               1      Successful search (ES-ell)        
     2         145         20232.4         10.2194               1      Successful search (ES-wcm)        
     2         146         20217.7         10.1817               1      Successful search (ES-wcm)        
     2         147         20145.1         10.3972               1      Successful search (ES-wcm)        
     2         149         19996.1         10.1835               1      Successful search (ES-ell)        
     2         153         19939.7         10.1732               1      Successful search (ES-wcm)        
     2         155         19937.5          8.9184               1      Successful search (ES-ell)        
     2         156         19878.9         9.33919               1      Successful search (ES-ell)        
     2         157         19776.1          9.8651               1      Successful search (ES-ell)        
     2         159         19713.9         9.78624               1      Successful search (ES-ell)        
     2         160         19613.5          10.317               1      Successful search (ES-wcm)        
     2         161         19552.6         10.3891               1      Successful search (ES-wcm)        
     2         166         19464.2         9.24924               1      Successful search (ES-wcm)        
     2         167         19151.7         9.23785               1      Successful search (ES-wcm)        
     2         177         19009.8         8.91469               1      Successful search (ES-wcm)        
     2         180         18990.4         8.45222               1      Successful search (ES-wcm)        
     2         193         18952.7          8.7187               1      Successful search (ES-wcm)        
     2         194           18882         9.47832               1      Successful search (ES-wcm)        
     2         195         18853.3         9.53371               1      Successful search (ES-wcm)        
     2         196         18762.4         9.54486               1      Successful search (ES-wcm)        
     2         202         18750.8         9.50964               1      Successful search (ES-wcm)        
     2         210           18750         8.46277               1      Incremental search (ES-wcm)        
     2         211         18708.4         9.01334               1      Successful search (ES-wcm)        
     2         244         18708.4         9.01334             0.5          Refine grid             Train
     3         248         18731.5         16.6331             0.5      Successful search (ES-wcm)        
     3         249         18703.8         20.4652             0.5      Successful search (ES-wcm)        
     3         252         18702.2         19.6417             0.5      Successful search (ES-wcm)        
     3         255         18606.7          17.305             0.5      Successful search (ES-wcm)        
     3         256         18583.5         17.8548             0.5      Successful search (ES-wcm)        
     3         261           18523         18.0261             0.5      Successful search (ES-wcm)        
     3         262         18488.2          18.277             0.5      Successful search (ES-wcm)        
     3         264         18452.5          18.344             0.5      Successful search (ES-wcm)        
     3         268         18436.2         17.3672             0.5      Successful search (ES-wcm)        
     3         272         18423.8         17.6946             0.5      Successful search (ES-wcm)        
     3         273         18406.5         17.4209             0.5      Successful search (ES-wcm)        
     3         276         18237.4         17.5189             0.5      Successful search (ES-wcm)        
     3         280         18219.4         16.9936             0.5      Successful search (ES-wcm)        
     3         281           18197         16.8329             0.5      Successful search (ES-wcm)        
     3         288         18168.1          11.767             0.5      Successful search (ES-wcm)        
     3         329         18168.1          11.767            0.25          Refine grid             Train
     4         330         18108.9         17.6976            0.25      Successful search (ES-ell)        
     4         331           18107         24.5455            0.25      Successful search (ES-wcm)        
     4         332         18067.7         25.4835            0.25      Successful search (ES-ell)        
     4         333         18058.5         25.6027            0.25      Successful search (ES-ell)        
     4         337         17968.1         21.9945            0.25      Successful search (ES-ell)        
     4         338         17906.7         24.3559            0.25      Successful search (ES-ell)        
     4         340         17747.9          26.629            0.25      Successful search (ES-wcm)        
     4         344         17735.7         22.3881            0.25      Successful search (ES-wcm)        
     4         345         17701.2         23.1498            0.25      Successful search (ES-wcm)        
     4         346         17661.6         24.0979            0.25      Successful search (ES-wcm)        
     4         347         17650.9         26.3224            0.25      Successful search (ES-wcm)        
     4         351         17591.1         22.2163            0.25      Successful search (ES-wcm)        
     4         354         17584.8         20.2406            0.25      Successful search (ES-wcm)        
     4         355         17555.8         23.5374            0.25      Successful search (ES-wcm)        
     4         356         17519.9         21.1962            0.25      Successful search (ES-wcm)        
     4         357         17410.8         24.5923            0.25      Successful search (ES-wcm)        
     4         358         17274.7         25.8636            0.25      Successful search (ES-wcm)        
     4         359         17140.2         26.7267            0.25      Successful search (ES-wcm)        
     4         361         17083.9         26.5579            0.25      Successful search (ES-wcm)        
     4         363         17081.7          26.626            0.25      Successful search (ES-ell)        
     4         370         16960.5         24.2897            0.25      Successful search (ES-ell)        
     4         384         16960.2         23.9314            0.25      Successful search (ES-wcm)        
     4         385         16869.1         21.8672            0.25      Successful search (ES-ell)        
     4         387         16854.2         21.2815            0.25      Successful search (ES-ell)        
     4         396         16839.4         22.7527            0.25      Successful search (ES-wcm)        
     4         397         16837.8         23.1624            0.25      Successful search (ES-wcm)        
     4         398         16801.6         25.4817            0.25      Successful search (ES-ell)        
     4         401         16771.8         23.1182            0.25      Successful search (ES-ell)        
     4         407         16770.8         11.9928            0.25      Successful search (ES-ell)        
     4         410         16754.1         15.0865            0.25      Successful search (ES-ell)        
     4         414         16753.5         20.3055            0.25      Successful search (ES-wcm)        
     4         415         16736.7         23.3368            0.25      Successful search (ES-wcm)        
     4         417         16722.9         16.7143            0.25      Successful search (ES-wcm)        
     4         454         16722.9         16.7143           0.125          Refine grid             Train
     5         455         16722.5         9.12834           0.125      Successful search (ES-ell)        
     5         457         16709.3         15.3942           0.125      Successful search (ES-wcm)        
     5         458         16703.4         19.8551           0.125      Successful search (ES-wcm)        
     5         459         16692.6         23.7684           0.125      Successful search (ES-wcm)        
     5         461         16666.6         23.2301           0.125      Successful search (ES-wcm)        
     5         465         16633.8         16.0996           0.125      Successful search (ES-wcm)        
     5         501         16633.8         16.0996          0.0625          Refine grid             
     6         502         16654.5         5.76729          0.0625      Successful search (ES-ell)        
     6         503           16644         8.93391          0.0625      Successful search (ES-ell)        
     6         504         16635.7         12.7273          0.0625      Successful search (ES-ell)        
     6         515         16629.9         7.04702          0.0625      Successful search (ES-ell)        
     6         516         16628.9         9.17408          0.0625      Successful search (ES-ell)        
     6         519           16621         8.60222          0.0625      Successful search (ES-wcm)        
     6         521         16620.3         11.4413          0.0625      Successful search (ES-ell)        
     6         522           16617         13.7711          0.0625      Successful search (ES-ell)        
     6         524         16613.2         12.8739          0.0625      Successful search (ES-ell)        
     6         526         16611.9         12.5992          0.0625      Successful search (ES-ell)        
     6         561         16611.9         12.5992         0.03125          Refine grid             
     7         562         16622.1         4.92039         0.03125      Successful search (ES-ell)        
     7         563         16621.5         6.70748         0.03125      Successful search (ES-ell)        
     7         565         16621.1         6.61925         0.03125      Successful search (ES-ell)        
     7         566         16619.3         7.88001         0.03125      Successful search (ES-ell)        
     7         583         16619.1         4.53359         0.03125      Successful search (ES-wcm)        
     7         621         16619.1         4.53359        0.015625          Refine grid             
     8         622         16626.6         3.49972        0.015625      Successful search (ES-wcm)        
     8         623         16624.7         3.57637        0.015625      Successful search (ES-ell)        
     8         625         16624.4         3.81387        0.015625      Successful search (ES-ell)        
     8         629         16623.4         3.86858        0.015625      Successful search (ES-ell)        
     8         643         16623.3         3.34247        0.015625      Successful search (ES-wcm)        
     8         682         16623.3         3.34247       0.0078125          Refine grid             
     9         684         16624.4         2.64057       0.0078125      Successful search (ES-wcm)        
     9         696         16624.3         2.65714       0.0078125      Successful search (ES-wcm)        
     9         697           16624         2.85986       0.0078125      Successful search (ES-wcm)        
     9         698           16623         3.15214       0.0078125      Successful search (ES-wcm)        
     9         699         16622.5         3.76045       0.0078125      Successful search (ES-wcm)        
     9         700         16619.3          6.1837       0.0078125      Successful search (ES-ell)        
     9         701         16613.2         8.99835       0.0078125      Successful search (ES-ell)        
     9         745         16613.2         8.99835      0.00390625          Refine grid             
    10         782         16623.5         7.63157       0.0078125        Successful poll           Train
    11         783         16620.3         3.21671       0.0078125      Successful search (ES-ell)        
    11         784         16616.2          4.5447       0.0078125      Successful search (ES-ell)        
    11         785         16611.7         7.01617       0.0078125      Successful search (ES-ell)        
    11         786         16609.8         8.74011       0.0078125      Successful search (ES-ell)        
    11         791         16609.5         6.84461       0.0078125      Successful search (ES-ell)        
    11         832         16609.5         6.84461      0.00390625          Refine grid             
    12         834           16618         3.38966      0.00390625      Successful search (ES-ell)        
    12         835         16617.6         3.54181      0.00390625      Successful search (ES-ell)        
    12         836         16617.4         3.90773      0.00390625      Successful search (ES-ell)        
    12         837           16617          4.7756      0.00390625      Successful search (ES-ell)        
    12         838         16615.9         6.15674      0.00390625      Successful search (ES-ell)        
    12         839         16615.3         6.03255      0.00390625      Successful search (ES-ell)        
    12         840         16609.4         7.90215      0.00390625      Successful search (ES-ell)        
    12         882         16609.4         7.90215      0.00195312          Refine grid             
    13         900         16620.1         8.61487      0.00390625        Successful poll           
Optimization terminated: reached maximum number of function evaluations options['max_fun_evals'].
Estimated function value at minimum: 16616.39454042915 ± 2.420499155745072 (mean ± SEM from 100 samples)
BADS minimum at: x_min = [ 4.64200e+00  7.66650e+00  7.67290e+00  7.74140e+00  5.31900e-01
  2.07000e-02  1.00000e+00  2.19200e-01  5.08400e-01  1.44533e+01
  8.02970e+00  7.00000e-04 -6.60500e-01], NLL = 16616.3945
total f-count: 1000, time: 49.86 min

 Optimization Run 3/4
Initial params: [1.0548, 8.6536, 10.8688, 26.1533, 0.3286, 0.2014, 0.3728, 0.206, 0.2692, 1.4174, 2.7238, 16.4671, -0.7312]
bads:TooCloseBounds: For each variable, hard and plausible bounds should not be too close. Moving plausible bounds.
Variables (index) internally transformed to log coordinates: [[ 0  0]
 [ 0  5]
 [ 0  6]
 [ 0  7]
 [ 0  9]
 [ 0 11]]
Beginning optimization of a STOCHASTIC objective function

 Iteration    f-count      E[f(x)]        SD[f(x)]           MeshScale          Method              Actions
     0           1         22573.3             nan               1                                  
     0          30         22573.3             nan               1          Initial mesh            Initial points
     0          45         22081.7        0.999899               1        Successful poll           Train
     1          46         21797.4        0.999906               1      Successful search (ES-wcm)        
     1          48         21430.8        0.999873               1      Successful search (ES-wcm)        
     1          53         21279.8        0.999641               1      Successful search (ES-wcm)        
     1          54         21154.3        0.999717               1      Successful search (ES-ell)        
     1          56         20555.5        0.999727               1      Successful search (ES-ell)        
     1          58           20465        0.995091               1      Successful search (ES-ell)        
     1          59         20289.3        0.995113               1      Successful search (ES-ell)        
     1          64         20221.2        0.994876               1      Successful search (ES-ell)        
     1          65         20189.7        0.994961               1      Successful search (ES-ell)        
     1          66         20114.1         0.99503               1      Successful search (ES-ell)        
     1          67         19744.5        0.995092               1      Successful search (ES-ell)        
     1          69         19699.5        0.995057               1      Successful search (ES-ell)        
     1          75         19460.8        0.994879               1      Successful search (ES-wcm)        
     1          76         19331.6        0.995107               1      Successful search (ES-wcm)        
     1          81           19255        0.993284               1      Successful search (ES-wcm)        
     1          83         19246.9        0.993144               1      Successful search (ES-wcm)        
     1          84         19218.3        0.993848               1      Successful search (ES-ell)        
     1          86         19128.4        0.967825               1      Successful search (ES-wcm)        
     1          87         19092.7        0.967986               1      Successful search (ES-wcm)        
     1          89         18983.1        0.968119               1      Successful search (ES-wcm)        
     1          93         18858.9        0.968042               1      Successful search (ES-wcm)        
     1          96         18844.9        0.968054               1      Successful search (ES-wcm)        
     1         101         18734.3        0.967983               1      Successful search (ES-wcm)        
     1         102         18625.7        0.968023               1      Successful search (ES-wcm)        
     1         103         18499.1        0.968086               1      Successful search (ES-wcm)        
     1         105         18467.1        0.967954               1      Successful search (ES-wcm)        
     1         108         18462.4        0.967695               1      Successful search (ES-wcm)        
     1         111         18392.4        0.968079               1      Successful search (ES-wcm)        
     1         113         18384.3        0.862786               1      Successful search (ES-wcm)        
     1         117         18258.2        0.862661               1      Successful search (ES-ell)        
     1         118         18242.1        0.862723               1      Successful search (ES-ell)        
     1         122         18214.6        0.862512               1      Successful search (ES-ell)        
     1         124         18187.2        0.862698               1      Successful search (ES-ell)        
     1         132         18134.4        0.832052               1      Successful search (ES-ell)        
     1         140         18091.6         9.09622               1      Successful search (ES-ell)        
     1         142         18078.6         9.08086               1      Successful search (ES-ell)        
     1         145         18051.6         9.09672               1      Successful search (ES-wcm)        
     1         154         18028.3         8.76647               1      Successful search (ES-wcm)        
     1         157         18018.4         8.67283               1      Successful search (ES-ell)        
     1         160         17983.4         8.21844               1      Successful search (ES-ell)        
     1         166         17915.8         19.6072               1      Successful search (ES-wcm)        
     1         168         17864.7         20.2449               1      Successful search (ES-wcm)        
     1         180         17855.4         13.3498               1      Successful search (ES-wcm)        
     1         183           17851          13.762               1      Successful search (ES-wcm)        
     1         186         17850.1         11.3957               1      Incremental search (ES-ell)        
     1         187         17838.6         14.0856               1      Successful search (ES-wcm)        
     1         193           17820         17.1212               1      Successful search (ES-ell)        
     1         205         17801.6         15.7575               1      Successful search (ES-wcm)        
     1         207         17793.8         15.3727               1      Successful search (ES-wcm)        
     1         248         17793.8         15.3727             0.5          Refine grid             Train
     2         249         17808.5         11.9786             0.5      Successful search (ES-ell)        
     2         250         17808.3         18.3497             0.5      Incremental search (ES-ell)        
     2         296         17808.3         18.3497            0.25          Refine grid             
     3         297         17820.5         8.84188            0.25      Successful search (ES-wcm)        
     3         298           17795         14.6099            0.25      Successful search (ES-wcm)        
     3         345           17795         14.6099           0.125          Refine grid             
     4         346         17825.3         4.83544           0.125      Successful search (ES-ell)        
     4         347         17811.8         6.00911           0.125      Successful search (ES-ell)        
     4         348         17800.1         8.30322           0.125      Successful search (ES-ell)        
     4         349         17795.6         11.7517           0.125      Successful search (ES-ell)        
     4         350         17792.4         14.4868           0.125      Successful search (ES-ell)        
     4         351         17770.4         16.1274           0.125      Successful search (ES-ell)        
     4         352         17706.6         20.5837           0.125      Successful search (ES-ell)        
     4         355         17503.9         19.2796           0.125      Successful search (ES-ell)        
     4         357           17427         18.5105           0.125      Successful search (ES-ell)        
     4         379         17419.1         5.60064            0.25        Successful poll           Train
     5         380         17331.7          18.636            0.25      Successful search (ES-ell)        
     5         383         17320.1         15.1729            0.25      Successful search (ES-ell)        
     5         384         17312.4         19.2034            0.25      Successful search (ES-ell)        
     5         387         17307.4         15.8747            0.25      Successful search (ES-ell)        
     5         388         17307.3         18.5198            0.25      Successful search (ES-ell)        
     5         390         17304.9         18.1083            0.25      Successful search (ES-ell)        
     5         392         17304.8         15.5603            0.25      Incremental search (ES-ell)        
     5         393         17294.9         17.8415            0.25      Successful search (ES-ell)        
     5         395         17284.5         15.5534            0.25      Successful search (ES-ell)        
     5         442         17284.5         15.5534           0.125          Refine grid             
     6         443         17290.8          4.9382           0.125      Successful search (ES-wcm)        
     6         445         17287.5         6.26599           0.125      Successful search (ES-wcm)        
     6         446         17274.9         8.14574           0.125      Successful search (ES-wcm)        
     6         492         17274.9         8.14574          0.0625          Refine grid             
     7         493         17288.7         3.68725          0.0625      Successful search (ES-wcm)        
     7         494         17283.8         4.68985          0.0625      Successful search (ES-ell)        
     7         495         17281.1          8.0575          0.0625      Successful search (ES-ell)        
     7         496           17277         10.1605          0.0625      Successful search (ES-ell)        
     7         497         17268.9         13.7546          0.0625      Successful search (ES-ell)        
     7         499         17266.9         14.0725          0.0625      Successful search (ES-ell)        
     7         500         17252.1         17.3846          0.0625      Successful search (ES-ell)        
     7         501         17198.1         19.0967          0.0625      Successful search (ES-ell)        
     7         502         17090.5         21.9054          0.0625      Successful search (ES-ell)        
     7         504         17048.3         21.8429          0.0625      Successful search (ES-ell)        
     7         506         17028.7         16.2395          0.0625      Successful search (ES-ell)        
     7         507         17019.9         14.7005          0.0625      Successful search (ES-ell)        
     7         508         16998.1         13.8612          0.0625      Successful search (ES-ell)        
     7         509         16976.5         15.9239          0.0625      Successful search (ES-ell)        
     7         510         16962.4         19.6513          0.0625      Successful search (ES-ell)        
     7         511           16956         20.9315          0.0625      Successful search (ES-ell)        
     7         512         16920.1         21.9413          0.0625      Successful search (ES-ell)        
     7         555         16901.6          24.803           0.125        Successful poll           
     8         556         16861.3         18.2421           0.125      Successful search (ES-ell)        
     8         557         16820.4         16.2418           0.125      Successful search (ES-ell)        
     8         558         16781.2         16.2171           0.125      Successful search (ES-ell)        
     8         559         16693.5         19.9956           0.125      Successful search (ES-wcm)        
     8         560         16660.3         20.7839           0.125      Successful search (ES-ell)        
     8         562         16642.1         19.7738           0.125      Successful search (ES-ell)        
     8         601         16588.3         21.7315            0.25        Successful poll           
     9         602         16547.6         17.5514            0.25      Successful search (ES-ell)        
     9         603           16523         17.6844            0.25      Successful search (ES-ell)        
     9         615         16506.3          18.215            0.25      Successful search (ES-wcm)        
     9         662         16506.3          18.215           0.125          Refine grid             Train
    10         663         16507.6         8.79495           0.125      Successful search (ES-wcm)        
    10         664         16473.1         11.0862           0.125      Successful search (ES-ell)        
    10         711         16473.1         11.0862          0.0625          Refine grid             Train
    11         712         16488.6         5.25328          0.0625      Successful search (ES-ell)        
    11         713         16476.9         9.23992          0.0625      Successful search (ES-ell)        
    11         715         16473.5          10.261          0.0625      Successful search (ES-wcm)        
    11         761         16473.5          10.261         0.03125          Refine grid             
    12         762         16487.8         3.82068         0.03125      Successful search (ES-ell)        
    12         763         16482.2         4.81415         0.03125      Successful search (ES-ell)        
    12         764         16480.3         5.88756         0.03125      Successful search (ES-ell)        
    12         765         16478.2         7.48041         0.03125      Successful search (ES-ell)        
    12         812         16478.2         7.48041        0.015625          Refine grid             
    13         813         16494.2         3.31099        0.015625      Successful search (ES-wcm)        
    13         814         16492.1         3.66515        0.015625      Successful search (ES-wcm)        
    13         815         16488.5         4.08198        0.015625      Successful search (ES-wcm)        
    13         816           16486          5.4904        0.015625      Successful search (ES-wcm)        
    13         817         16482.3         7.51487        0.015625      Successful search (ES-wcm)        
    13         841         16479.9         6.51849         0.03125        Successful poll           Train
    14         842         16494.8         2.84487         0.03125      Successful search (ES-wcm)        
    14         843         16492.8         3.64836         0.03125      Successful search (ES-wcm)        
    14         844         16490.5         5.00425         0.03125      Successful search (ES-wcm)        
    14         846         16490.2         6.16557         0.03125      Successful search (ES-ell)        
    14         848         16490.1         6.79905         0.03125      Successful search (ES-ell)        
    14         892         16490.1         6.79905        0.015625          Refine grid             
    15         893         16496.3         2.66047        0.015625      Successful search (ES-wcm)        
    15         894         16495.4         2.96453        0.015625      Successful search (ES-wcm)        
    15         895           16494         3.38813        0.015625      Successful search (ES-wcm)        
    15         897         16493.8         4.19451        0.015625      Successful search (ES-wcm)        
Optimization terminated: reached maximum number of function evaluations options['max_fun_evals'].
Estimated function value at minimum: 16490.24567637818 ± 2.2187785056814255 (mean ± SEM from 100 samples)
BADS minimum at: x_min = [ 4.5529  7.1993  6.8487  8.1454  0.5513  0.      1.      0.2075  0.5214
  0.0855 -0.2972  0.0775 -0.6129], NLL = 16490.2457
total f-count: 1000, time: 51.1 min

 Optimization Run 4/4
Initial params: [0.1219, 4.921, 6.5079, 24.2914, 0.6173, 0.4843, 0.1724, 0.3018, 0.2196, 19.9569, -3.9044, 13.3027, 3.6805]
bads:TooCloseBounds: For each variable, hard and plausible bounds should not be too close. Moving plausible bounds.
Variables (index) internally transformed to log coordinates: [[ 0  0]
 [ 0  5]
 [ 0  6]
 [ 0  7]
 [ 0  9]
 [ 0 11]]
Beginning optimization of a STOCHASTIC objective function

 Iteration    f-count      E[f(x)]        SD[f(x)]           MeshScale          Method              Actions
     0           1         24384.6             nan               1                                  
     0          30           23114             nan               1          Initial mesh            Initial points
     0          31         23069.1         1.00134               1        Successful poll           Train
     1          32         22934.5         1.00133               1      Successful search (ES-ell)        
     1          39         22884.4         1.00031               1      Successful search (ES-ell)        
     1          40         22814.5         1.00112               1      Successful search (ES-ell)        
     1          52         22798.7        0.972113               1      Successful search (ES-ell)        
     1          59         21782.4          1.0061               1      Successful search (ES-ell)        
     1          61         21523.2         1.00607               1      Successful search (ES-ell)        
     1          66         21515.4         1.00546               1      Successful search (ES-ell)        
     1          67         21157.7         1.00587               1      Successful search (ES-ell)        
     1          74         21098.5         1.00543               1      Successful search (ES-ell)        
     1          81         21061.2        0.950329               1      Successful search (ES-ell)        
     1          83         21025.5        0.968389               1      Successful search (ES-ell)        
     1          87         20940.2         1.02229               1      Successful search (ES-ell)        
     1          90         20875.1         1.02217               1      Successful search (ES-wcm)        
     1          91         20796.2         1.02214               1      Successful search (ES-wcm)        
     1          98         20795.1         1.02207               1      Successful search (ES-wcm)        
     1         103         20638.9         1.02208               1      Successful search (ES-wcm)        
     1         104         20567.2         1.02225               1      Successful search (ES-wcm)        
     1         106         20400.5         1.02222               1      Successful search (ES-wcm)        
     1         109         20387.8         1.02198               1      Successful search (ES-wcm)        
     1         111         20385.2         1.02201               1      Successful search (ES-wcm)        
     1         116         20371.4         1.01058               1      Successful search (ES-wcm)        
     1         117           20339         1.01072               1      Successful search (ES-wcm)        
     1         126         20318.7         1.01035               1      Successful search (ES-wcm)        
     1         131         20289.4          1.0092               1      Successful search (ES-wcm)        
     1         166         20289.4          1.0092             0.5          Refine grid             Train
     2         167           20301         16.0224             0.5      Successful search (ES-wcm)        
     2         168         20274.2         19.4303             0.5      Successful search (ES-wcm)        
     2         173         20259.8         16.1097             0.5      Successful search (ES-ell)        
     2         174         20251.4         16.7958             0.5      Successful search (ES-ell)        
     2         178         20250.7         11.6218             0.5      Successful search (ES-ell)        
     2         179         20196.6         12.6791             0.5      Successful search (ES-ell)        
     2         180         19964.4         16.1197             0.5      Successful search (ES-ell)        
     2         181           19605         17.6957             0.5      Successful search (ES-ell)        
     2         182         18939.8         18.9043             0.5      Successful search (ES-ell)        
     2         183         18770.5         19.3351             0.5      Successful search (ES-ell)        
     2         187         18696.8         16.7636             0.5      Successful search (ES-ell)        
     2         189         18679.3         18.1951             0.5      Successful search (ES-ell)        
     2         192         18672.8         13.4626             0.5      Successful search (ES-ell)        
     2         193         18550.1         16.8648             0.5      Successful search (ES-ell)        
     2         194         18401.8         17.4861             0.5      Successful search (ES-ell)        
     2         196         18388.7         17.2467             0.5      Successful search (ES-ell)        
     2         200         18361.8         14.8648             0.5      Successful search (ES-ell)        
     2         203         18345.1         11.1189             0.5      Successful search (ES-ell)        
     2         204         18321.2         14.9834             0.5      Successful search (ES-ell)        
     2         205         18287.1         15.6533             0.5      Successful search (ES-ell)        
     2         206         18222.5         16.2475             0.5      Successful search (ES-ell)        
     2         207           18182         15.8926             0.5      Successful search (ES-ell)        
     2         209         18069.7         16.8612             0.5      Successful search (ES-ell)        
     2         213         18044.1         15.9042             0.5      Successful search (ES-ell)        
     2         214         17877.7         16.7503             0.5      Successful search (ES-wcm)        
     2         217         17839.6         14.9031             0.5      Successful search (ES-wcm)        
     2         218         17734.8         15.7158             0.5      Successful search (ES-wcm)        
     2         242         17724.5         12.4462               1        Successful poll           Train
     3         247         17643.1         19.6303               1      Successful search (ES-wcm)        
     3         249           17631         18.8131               1      Successful search (ES-wcm)        
     3         255         17625.1         13.6415               1      Successful search (ES-wcm)        
     3         256         17518.4         20.2377               1      Successful search (ES-wcm)        
     3         264         17464.3         16.0484               1      Successful search (ES-wcm)        
     3         265         17415.1         17.2481               1      Successful search (ES-wcm)        
     3         268         17402.4         16.2361               1      Successful search (ES-wcm)        
     3         273         17378.8         16.7266               1      Successful search (ES-ell)        
     3         277         17364.8         13.8427               1      Successful search (ES-wcm)        
     3         280         17359.7         10.5483               1      Successful search (ES-wcm)        
     3         283         17348.1         17.7365               1      Successful search (ES-ell)        
     3         286         17269.4          17.874               1      Successful search (ES-ell)        
     3         287           17229         19.0332               1      Successful search (ES-ell)        
     3         289         17167.5         19.0444               1      Successful search (ES-ell)        
     3         294           17090         18.5946               1      Successful search (ES-ell)        
     3         298         17085.7         18.5414               1      Successful search (ES-ell)        
     3         299         16987.7          18.836               1      Successful search (ES-ell)        
     3         303         16973.4         17.9128               1      Successful search (ES-ell)        
     3         305         16939.9         17.8089               1      Successful search (ES-ell)        
     3         307         16832.8         18.9474               1      Successful search (ES-wcm)        
     3         314         16793.8         17.9254               1      Successful search (ES-wcm)        
     3         315         16790.2         18.0402               1      Successful search (ES-wcm)        
     3         316         16710.4         19.0811               1      Successful search (ES-wcm)        
     3         318         16693.8          18.704               1      Successful search (ES-wcm)        
     3         319         16596.7         19.0933               1      Successful search (ES-wcm)        
     3         323           16560         18.9471               1      Successful search (ES-wcm)        
     3         327         16531.8          20.395               1      Successful search (ES-wcm)        
     3         363         16531.8          20.395             0.5          Refine grid             
     4         366           16543         13.8635             0.5      Successful search (ES-wcm)        
     4         408         16498.2         27.3156               1        Successful poll           Train
     5         411         16481.3         27.2014               1      Successful search (ES-ell)        
     5         415           16432         25.6125               1      Successful search (ES-ell)        
     5         417         16414.4         24.3093               1      Successful search (ES-ell)        
     5         418         16400.2          25.686               1      Successful search (ES-ell)        
     5         421         16381.9         25.2788               1      Successful search (ES-wcm)        
     5         423         16363.1         27.2395               1      Successful search (ES-wcm)        
     5         429         16325.8         24.6984               1      Successful search (ES-wcm)        
     5         430         16315.2         26.1503               1      Successful search (ES-wcm)        
     5         441         16305.8         16.5365               1      Successful search (ES-wcm)        
     5         442         16299.1         20.6887               1      Successful search (ES-wcm)        
     5         476         16299.1         20.6887             0.5          Refine grid             
     6         478         16318.6         18.9244             0.5      Successful search (ES-wcm)        
     6         481         16301.7         13.7226             0.5      Successful search (ES-wcm)        
     6         483         16286.2         15.9099             0.5      Successful search (ES-wcm)        
     6         485           16278         21.7639             0.5      Successful search (ES-wcm)        
     6         522           16278         21.7639            0.25          Refine grid             
     7         523         16275.5         12.4531            0.25      Successful search (ES-wcm)        
     7         569         16275.5         12.4531           0.125          Refine grid             
     8         570         16275.1         6.52984           0.125      Successful search (ES-wcm)        
     8         572         16271.8         9.64693           0.125      Successful search (ES-wcm)        
     8         615         16271.8         9.64693          0.0625          Refine grid             
     9         616         16279.4            6.68          0.0625      Successful search (ES-wcm)        
     9         619         16274.3         4.95871          0.0625      Successful search (ES-wcm)        
     9         622         16273.9         5.36361          0.0625      Successful search (ES-wcm)        
     9         625         16273.9         5.50858          0.0625      Successful search (ES-wcm)        
     9         627         16272.8         6.05954          0.0625      Successful search (ES-wcm)        
     9         632         16271.7         5.59856          0.0625      Successful search (ES-ell)        
     9         644         16271.5          6.5773          0.0625      Successful search (ES-ell)        
     9         645           16266         9.01177          0.0625      Successful search (ES-ell)        
     9         689           16266         9.01177         0.03125          Refine grid             
    10         690         16272.5         3.01374         0.03125      Successful search (ES-wcm)        
    10         691           16272         4.50824         0.03125      Successful search (ES-wcm)        
    10         692         16269.6         7.20252         0.03125      Successful search (ES-wcm)        
    10         737         16269.6         7.20252        0.015625          Refine grid             Train
    11         738         16280.5         3.18667        0.015625      Successful search (ES-ell)        
    11         739         16278.8         4.49218        0.015625      Successful search (ES-ell)        
    11         740         16278.4         6.55443        0.015625      Successful search (ES-ell)        
    11         742         16278.3         4.83908        0.015625      Successful search (ES-wcm)        
    11         743         16277.4          9.4285        0.015625      Successful search (ES-wcm)        
    11         786         16277.4          9.4285       0.0078125          Refine grid             
    12         787         16276.8         3.06736       0.0078125      Successful search (ES-wcm)        
    12         800         16270.8         2.57571       0.0078125      Successful search (ES-ell)        
    12         801         16250.2         3.12104       0.0078125      Successful search (ES-ell)        
    12         802         16229.4         4.07241       0.0078125      Successful search (ES-ell)        
    12         803         16197.6          5.6561       0.0078125      Successful search (ES-ell)        
    12         804           16174         6.85184       0.0078125      Successful search (ES-ell)        
    12         848           16174         6.85184      0.00390625          Refine grid             
    13         849         16280.9         2.73122      0.00390625      Successful search (ES-ell)        
    13         850         16279.6         2.87438      0.00390625      Successful search (ES-ell)        
    13         851         16279.4         3.08456      0.00390625      Successful search (ES-ell)        
    13         852         16278.8         3.54084      0.00390625      Successful search (ES-ell)        
    13         853         16274.9         4.19761      0.00390625      Successful search (ES-ell)        
    13         898         16274.9         4.19761      0.00195312          Refine grid             
    14         899         16285.4         4.65442      0.00195312      Successful search (ES-ell)        
    14         900         16284.7         4.52129      0.00195312      Successful search (ES-ell)        
Optimization terminated: reached maximum number of function evaluations options['max_fun_evals'].
Estimated function value at minimum: 16288.578394635928 ± 2.173419132367676 (mean ± SEM from 100 samples)
BADS minimum at: x_min = [4.2308 6.5187 6.9177 6.9241 0.5404 0.     1.     0.1854 0.5501 3.4742
 1.7212 9.4069 5.625 ], NLL = 16288.5784
total f-count: 1000, time: 53.97 min

 ------- Finish Optimization for Subject 20 ---------- 
----------------------------------------
Start job epilogue Tue Aug  5 17:41:04 CEST 2025
----------------------------------------
Job ID:          48453006
Job Exit Code:   0:0
Username:        wenlou
Group:           mpla
Queue:           gpu
Compute nodes:   dccn-c083
Asked resources: walltime=20:00:00,nodes=1,cpus=8,mem=4G
Used resources:  cputime=1-03:16:40,walltime=03:24:35,memory=3G
----------------------------------------
End job epilogue Tue Aug  5 17:41:04 CEST 2025
----------------------------------------
