----------------------------------------
Start task prologue Sun Jun 28 13:37:51 CEST 2026
----------------------------------------
Step ID:         53994197.
Username:        wenlou
Group:           mpla
Asked resources: walltime=1-00:00:00,nodes=1,cpus=8,mem=2G
Queue:           gpu
Compute nodes:   dccn-c083
----------------------------------------
End task prologue Sun Jun 28 13:37:51 CEST 2026
----------------------------------------
CUDA version:
nvcc: NVIDIA (R) Cuda compiler driver
Copyright (c) 2005-2024 NVIDIA Corporation
Built on Thu_Mar_28_02:18:24_PDT_2024
Cuda compilation tools, release 12.4, V12.4.131
Build cuda_12.4.r12.4/compiler.34097967_0

[WARNING] Please note the interface change for (de-)activating conda environment:

  - DO NOT use `conda activate` to enter the conda environment as it requires extra step to modify your ~/.bashrc file, which will force you to use this Anaconda version (2024.06).  Therefore keep using `source activate` instead.

  - DO use `conda deactivate` to leave your conda environment as `source deactivate` will be deprecated in future release.

Running model for expriment=fixed_bug_shift1, m_id=2, method=bads
device is : cuda
['fixed_bug_shift1', '2', '20,25', 'bads', '2']

 ------- Start Optimization for Subject 20 ---------- 

 Cross Validation fold 0/1

 -- Start Optimization: method BADS --

 Optimization Run 1/2
Initial params: [0.2044, 6.57, 5.1911, 17.4917, 1.9598, 13.5702, 0.8201, 0.6981, 0.1966, 0.0528, 0.1375, 17.4956, 24.795, 0.6043, 0.7192, 0.2335, 0.1987]
bads:TooCloseBounds: For each variable, hard and plausible bounds should not be too close. Moving plausible bounds.
Variables (index) internally transformed to log coordinates: [[0 0]
 [0 3]
 [0 5]
 [0 6]]
Beginning optimization of a STOCHASTIC objective function

 Iteration    f-count      E[f(x)]        SD[f(x)]           MeshScale          Method              Actions
     0           1         26609.7             nan               1                                  
     0          33         25021.5             nan               1          Initial mesh            Initial points
     0          56         24926.2         1.01372               1        Successful poll           Train
     1          61         24892.2         1.01117               1      Successful search (ES-wcm)        
     1          65         24792.6         1.00133               1      Successful search (ES-ell)        
     1          67         24741.6         1.00497               1      Successful search (ES-ell)        
     1          70         24733.3        0.966666               1      Successful search (ES-ell)        
     1          71         24700.7        0.973594               1      Successful search (ES-ell)        
     1          75         24655.4        0.984455               1      Successful search (ES-ell)        
     1          94         24608.2        0.979941               1      Successful search (ES-ell)        
     1         155         24608.2        0.979941             0.5          Refine grid             Train
     2         156         24574.7         12.3652             0.5      Successful search (ES-ell)        
     2         221         24041.1         17.0068               1        Successful poll           
     3         223         24030.7         16.4347               1      Successful search (ES-ell)        
     3         224         23773.3         16.8818               1      Successful search (ES-ell)        
     3         227         23753.9         16.4217               1      Successful search (ES-ell)        
     3         231         23727.5         15.3447               1      Successful search (ES-wcm)        
     3         233         23701.3         13.4079               1      Successful search (ES-wcm)        
     3         234         23674.9         13.0442               1      Successful search (ES-wcm)        
     3         239         23674.7         11.3938               1      Incremental search (ES-wcm)        
     3         242         23669.1         12.7122               1      Successful search (ES-wcm)        
     3         250         23663.7         8.40326               1      Successful search (ES-ell)        
     3         251         23637.2          11.914               1      Successful search (ES-ell)        
     3         254         23632.4         9.37905               1      Successful search (ES-ell)        
     3         256         23578.6         15.9735               1      Successful search (ES-ell)        
     3         260         23559.4         18.6583               1      Successful search (ES-ell)        
     3         261         23516.7         19.0395               1      Successful search (ES-ell)        
     3         262         23348.4         19.6088               1      Successful search (ES-ell)        
     3         274         23325.2         18.6113               1      Successful search (ES-ell)        
     3         275         23286.7         19.6967               1      Successful search (ES-ell)        
     3         278         23238.5         19.2608               1      Successful search (ES-ell)        
     3         283         23228.9         15.9514               1      Successful search (ES-ell)        
     3         284         23208.9          17.868               1      Successful search (ES-ell)        
     3         287           23154         15.6516               1      Successful search (ES-ell)        
     3         288         23128.6         17.2587               1      Successful search (ES-ell)        
     3         290         23120.3         19.5066               1      Successful search (ES-ell)        
     3         292           23006         19.7117               1      Successful search (ES-ell)        
     3         294         22995.4         19.6606               1      Successful search (ES-ell)        
     3         296         22842.8         19.8193               1      Successful search (ES-ell)        
     3         298         22823.8         19.6267               1      Successful search (ES-ell)        
     3         300         22717.4         19.6784               1      Successful search (ES-ell)        
     3         301         22602.8         19.9335               1      Successful search (ES-wcm)        
     3         303         22573.9         19.8969               1      Successful search (ES-wcm)        
     3         308         22568.7         19.3998               1      Successful search (ES-wcm)        
     3         310         22518.6         19.1772               1      Successful search (ES-wcm)        
     3         312         22424.9         19.7083               1      Successful search (ES-ell)        
     3         313         22376.3         19.6645               1      Successful search (ES-ell)        
     3         317         22331.9         19.0535               1      Successful search (ES-ell)        
     3         320         22276.4         17.8784               1      Successful search (ES-ell)        
     3         322         22273.1         17.4893               1      Successful search (ES-ell)        
     3         324         22238.6         18.4295               1      Successful search (ES-ell)        
     3         326         22217.4         18.8584               1      Successful search (ES-ell)        
     3         331         22192.4         16.3393               1      Successful search (ES-ell)        
     3         342         22185.7         17.3622               1      Successful search (ES-wcm)        
     3         343           22183         19.0486               1      Successful search (ES-wcm)        
     3         344         22146.4         19.1519               1      Successful search (ES-wcm)        
     3         347           22095         21.6366               1      Successful search (ES-wcm)        
     3         349         22071.5         22.5085               1      Successful search (ES-wcm)        
     3         351         22051.2         23.7889               1      Successful search (ES-wcm)        
     3         354         22005.5         23.6743               1      Successful search (ES-wcm)        
     3         358         21957.7         23.8184               1      Successful search (ES-wcm)        
     3         360         21928.8         23.3778               1      Successful search (ES-wcm)        
     3         362         21811.5         23.6486               1      Successful search (ES-wcm)        
     3         365         21768.2         23.5976               1      Successful search (ES-wcm)        
     3         368         21734.5         23.5861               1      Successful search (ES-wcm)        
     3         369         21697.8         23.7186               1      Successful search (ES-wcm)        
     3         372         21690.7         23.0053               1      Successful search (ES-wcm)        
     3         376         21609.7         23.5681               1      Successful search (ES-wcm)        
     3         378         21601.2         23.2806               1      Successful search (ES-wcm)        
     3         382         21568.2         21.6346               1      Successful search (ES-wcm)        
     3         388         21533.8         18.4909               1      Successful search (ES-wcm)        
     3         390           21484         20.9982               1      Successful search (ES-wcm)        
     3         391         21386.2         22.0416               1      Successful search (ES-wcm)        
     3         397         21281.6         21.7865               1      Successful search (ES-wcm)        
     3         399         21241.2          22.964               1      Successful search (ES-wcm)        
     3         400         21203.5         22.9147               1      Successful search (ES-wcm)        
     3         412         21185.6         18.4029               1      Successful search (ES-wcm)        
     3         414         21185.3         20.3491               1      Incremental search (ES-wcm)        
     3         416         21170.8         22.0946               1      Successful search (ES-wcm)        
     3         417         21117.2         22.3268               1      Successful search (ES-ell)        
     3         433         21094.1         11.0746               1      Successful search (ES-ell)        
     3         434         21093.8         15.2058               1      Incremental search (ES-ell)        
     3         439         21067.1         23.2256               1      Successful search (ES-wcm)        
     3         440         20996.9         23.9289               1      Successful search (ES-wcm)        
     3         443         20949.4         24.1206               1      Successful search (ES-wcm)        
     3         446         20618.8         24.3276               1      Successful search (ES-wcm)        
     3         455           20608          17.397               1      Successful search (ES-wcm)        
     3         456         20607.6         22.1366               1      Incremental search (ES-wcm)        
     3         460         20537.1         24.0917               1      Successful search (ES-wcm)        
     3         465           20534         24.4143               1      Successful search (ES-wcm)        
     3         470         20489.9         22.9712               1      Successful search (ES-wcm)        
     3         471         20477.5         21.8603               1      Successful search (ES-wcm)        
     3         474         20393.2         22.2665               1      Successful search (ES-wcm)        
     3         475         20316.2         23.9092               1      Successful search (ES-wcm)        
     3         480         20247.5         22.7868               1      Successful search (ES-wcm)        
     3         482         20214.6         23.8775               1      Successful search (ES-wcm)        
     3         483         20138.3         23.4998               1      Successful search (ES-wcm)        
     3         484         20124.4         23.9401               1      Successful search (ES-wcm)        
     3         487         20106.7         24.3621               1      Successful search (ES-wcm)        
     3         490         20077.6         22.9629               1      Successful search (ES-ell)        
     3         496         19996.7         23.4267               1      Successful search (ES-ell)        
     3         497         19891.8         23.5794               1      Successful search (ES-ell)        
     3         499         19884.8         23.8771               1      Successful search (ES-ell)        
     3         505         19882.5         18.8848               1      Successful search (ES-ell)        
     3         506         19848.2         20.8534               1      Successful search (ES-ell)        
     3         513         19794.7          20.477               1      Successful search (ES-ell)        
     3         530         19789.2         28.6709               1      Successful search (ES-ell)        
     3         584         19789.2         28.6709             0.5          Refine grid             
     4         585         19819.9         30.2967             0.5      Successful search (ES-wcm)        
     4         586           19738         38.6539             0.5      Successful search (ES-wcm)        
     4         588         19585.7         38.8059             0.5      Successful search (ES-wcm)        
     4         593         19518.2         32.6129             0.5      Successful search (ES-ell)        
     4         599         19495.9         22.9665             0.5      Successful search (ES-ell)        
     4         646         19495.9         22.9665            0.25          Refine grid             
     5         647         19499.1         22.3169            0.25      Successful search (ES-ell)        
     5         650         19493.4         19.4758            0.25      Successful search (ES-ell)        
     5         651         19491.6         26.3668            0.25      Successful search (ES-ell)        
     5         664         19489.5          22.675            0.25      Successful search (ES-ell)        
     5         665         19461.3         27.6408            0.25      Successful search (ES-ell)        
     5         729         19415.5         29.0109             0.5        Successful poll           
     6         732         19403.8         25.5744             0.5      Successful search (ES-ell)        
     6         733           19378         27.1511             0.5      Successful search (ES-ell)        
     6         735         19346.8         28.9352             0.5      Successful search (ES-ell)        
     6         737         19322.6         33.9533             0.5      Successful search (ES-wcm)        
     6         738         19320.5         33.5774             0.5      Successful search (ES-wcm)        
     6         748         19304.8         23.5082             0.5      Successful search (ES-wcm)        
     6         763         19303.1          9.1261             0.5      Successful search (ES-ell)        
     6         764         19293.4         32.2764             0.5      Successful search (ES-ell)        
     6         768         19270.5         28.1367             0.5      Successful search (ES-ell)        
     6         770         19248.8         29.8524             0.5      Successful search (ES-ell)        
     6         772         19239.9         27.0576             0.5      Successful search (ES-ell)        
     6         774         19236.7         28.3088             0.5      Successful search (ES-ell)        
     6         776         19232.3         29.6118             0.5      Successful search (ES-ell)        
     6         782         19214.2         28.5278             0.5      Successful search (ES-ell)        
     6         840         19214.2         28.5278            0.25          Refine grid             
     7         841         19249.2         19.8347            0.25      Successful search (ES-wcm)        
     7         842         19217.6         23.3947            0.25      Successful search (ES-wcm)        
     7         845         19211.5         14.9329            0.25      Successful search (ES-wcm)        
     7         848         19207.3         12.6275            0.25      Successful search (ES-wcm)        
     7         849         19200.3         14.8395            0.25      Successful search (ES-wcm)        
     7         857         19173.3         9.25712            0.25      Successful search (ES-wcm)        
     7         858         19129.1         12.0455            0.25      Successful search (ES-wcm)        
     7         915         18658.3          14.967             0.5        Successful poll           Train
     8         958         18828.9          13.816            0.25          Refine grid             Train
     9         959         19268.4         21.1259            0.25      Successful search (ES-wcm)        
     9         962           19228         17.1109            0.25      Successful search (ES-wcm)        
     9         967         19226.6         9.14011            0.25      Successful search (ES-wcm)        
     9         970         19222.5         8.06329            0.25      Successful search (ES-wcm)        
     9         973         19216.7          8.5621            0.25      Successful search (ES-wcm)        
     9         974         19213.2         9.62228            0.25      Successful search (ES-ell)        
     9         981         19149.5         7.38219            0.25      Successful search (ES-wcm)        
     9         982         19115.1         8.42641            0.25      Successful search (ES-wcm)        
     9         983         18886.9          11.494            0.25      Successful search (ES-ell)        
     9         984         18717.4         15.7014            0.25      Successful search (ES-ell)        
     9        1039         18717.4         15.7014           0.125          Refine grid             
    10        1040         19243.9         12.2901           0.125      Successful search (ES-ell)        
    10        1041         19239.4         20.9475           0.125      Successful search (ES-ell)        
    10        1043         19238.4         20.6819           0.125      Successful search (ES-wcm)        
    10        1045         19234.5         19.5377           0.125      Successful search (ES-ell)        
    10        1047         19224.3         13.3647           0.125      Successful search (ES-wcm)        
    10        1051         19219.8          8.4093           0.125      Successful search (ES-wcm)        
    10        1052         19212.4         10.4219           0.125      Successful search (ES-wcm)        
    10        1054         19201.3         17.4303           0.125      Successful search (ES-wcm)        
    10        1057         19192.2         16.8698           0.125      Successful search (ES-wcm)        
    10        1059         19182.6         19.1538           0.125      Successful search (ES-wcm)        
    10        1060         19154.1         25.4945           0.125      Successful search (ES-wcm)        
    10        1074         19141.2         27.8502           0.125      Successful search (ES-wcm)        
    10        1140         19141.2         27.8502          0.0625          Refine grid             Train
    11        1141           19180         6.69045          0.0625      Successful search (ES-wcm)        
    11        1142         19169.5          9.5924          0.0625      Successful search (ES-wcm)        
    11        1143         19149.8          13.595          0.0625      Successful search (ES-ell)        
    11        1208         19149.8          13.595         0.03125          Refine grid             
    12        1209         19216.4         6.31297         0.03125      Successful search (ES-ell)        
    12        1210         19205.8         8.52424         0.03125      Successful search (ES-ell)        
    12        1211         19205.7         12.4052         0.03125      Successful search (ES-ell)        
    12        1212         19196.6         16.1913         0.03125      Successful search (ES-ell)        
    12        1213         19182.3         19.8423         0.03125      Successful search (ES-ell)        
    12        1214           19182         23.7193         0.03125      Successful search (ES-wcm)        
    12        1216         19175.2         10.1856         0.03125      Successful search (ES-wcm)        
    12        1257           19159         8.31682          0.0625        Successful poll           Train
    13        1259         19191.9         9.83698          0.0625      Successful search (ES-wcm)        
    13        1260         19182.2         9.38819          0.0625      Successful search (ES-wcm)        
    13        1262         19177.1         6.95703          0.0625      Successful search (ES-wcm)        
    13        1264         19172.7         9.10954          0.0625      Successful search (ES-wcm)        
    13        1266         19166.2         13.6204          0.0625      Successful search (ES-wcm)        
    13        1267         19159.3         24.6432          0.0625      Successful search (ES-wcm)        
    13        1269         19153.4         22.6896          0.0625      Successful search (ES-wcm)        
    13        1270         19149.7         21.8237          0.0625      Successful search (ES-ell)        
    13        1324         19149.7         21.8237         0.03125          Refine grid             
    14        1325         19195.1         12.5157         0.03125      Successful search (ES-ell)        
    14        1326         19167.5         10.0255         0.03125      Successful search (ES-wcm)        
    14        1327         19154.5           11.04         0.03125      Successful search (ES-wcm)        
    14        1329         19142.3         11.3742         0.03125      Successful search (ES-ell)        
    14        1330         19133.1         15.0595         0.03125      Successful search (ES-wcm)        
    14        1359         19069.2         9.75774          0.0625        Successful poll           
    15        1410         19125.4         8.61551         0.03125          Refine grid             
    16        1411         19206.3         10.1342         0.03125      Successful search (ES-ell)        
    16        1412         19198.6         11.5476         0.03125      Successful search (ES-ell)        
    16        1413         19181.2         15.3207         0.03125      Successful search (ES-ell)        
    16        1414         19168.5         17.6499         0.03125      Successful search (ES-ell)        
    16        1416         19163.9         14.3947         0.03125      Successful search (ES-wcm)        
    16        1453         18902.1         9.08313          0.0625        Successful poll           
    17        1454         19168.1         7.76315          0.0625      Successful search (ES-wcm)        
    17        1455         19146.1         12.4802          0.0625      Successful search (ES-wcm)        
    17        1458         19137.1          10.919          0.0625      Successful search (ES-ell)        
    17        1489         19030.4         15.6404           0.125        Successful poll           
    18        1531         18800.6         11.6115            0.25        Successful poll           Train
    19        1580         19207.2         10.5141           0.125          Refine grid             Train
    20        1630         19198.8          12.337          0.0625          Refine grid             Train
    21        1631         19154.3         10.1789          0.0625      Successful search (ES-wcm)        
    21        1632         19131.5         14.9393          0.0625      Successful search (ES-wcm)        
    21        1698         19120.6          16.204           0.125        Successful poll           
    22        1749         19104.6         14.8067          0.0625          Refine grid             Train
    23        1750         19167.6         6.33157          0.0625      Successful search (ES-wcm)        
    23        1751         19147.9         17.6027          0.0625      Successful search (ES-wcm)        
    23        1758           19145         10.1623          0.0625      Successful search (ES-wcm)        
    23        1759         19142.4         10.1285          0.0625      Successful search (ES-wcm)        
    23        1760         19128.6          10.359          0.0625      Successful search (ES-wcm)        
    23        1761         19126.4         15.8623          0.0625      Successful search (ES-wcm)        
    23        1765         19125.8         11.4786          0.0625      Successful search (ES-wcm)        
    23        1766         19124.7         13.9714          0.0625      Successful search (ES-wcm)        
    23        1774         19109.5         8.03127          0.0625      Successful search (ES-wcm)        
    23        1775         19100.9         8.09101          0.0625      Successful search (ES-wcm)        
    23        1776         19089.5         8.24106          0.0625      Successful search (ES-wcm)        
    23        1777         19080.1         9.48678          0.0625      Successful search (ES-wcm)        
    23        1778         19043.3         11.7728          0.0625      Successful search (ES-wcm)        
    23        1834         19043.3         11.7728         0.03125          Refine grid             Train
    24        1835           19185         4.99427         0.03125      Successful search (ES-wcm)        
    24        1836         19153.3         5.71913         0.03125      Successful search (ES-wcm)        
    24        1837           19133         6.64955         0.03125      Successful search (ES-wcm)        
    24        1838         19114.7         12.4349         0.03125      Successful search (ES-ell)        
    24        1839           19100         19.6344         0.03125      Successful search (ES-ell)        
    24        1869         18964.3         11.0138          0.0625        Successful poll           
    25        1870         19192.4         8.04615          0.0625      Successful search (ES-ell)        
    25        1871         19173.7         13.8937          0.0625      Successful search (ES-ell)        
    25        1872         19116.6         18.9388          0.0625      Successful search (ES-ell)        
    25        1873         19070.6         24.8098          0.0625      Successful search (ES-ell)        
    25        1936         19070.6         24.8098         0.03125          Refine grid             Train
    26        1937         19129.9         6.82727         0.03125      Successful search (ES-ell)        
    26        1938         19117.9         13.0551         0.03125      Successful search (ES-ell)        
    26        1939         19100.3         14.1622         0.03125      Successful search (ES-wcm)        
    26        2004         19100.3         14.1622        0.015625          Refine grid             
    27        2005         19124.9         4.54946        0.015625      Successful search (ES-ell)        
    27        2006         19114.9         6.68035        0.015625      Successful search (ES-ell)        
    27        2007         19092.2         10.2734        0.015625      Successful search (ES-ell)        
    27        2008         19076.7         14.5995        0.015625      Successful search (ES-ell)        
    27        2071         19076.7         14.5995       0.0078125          Refine grid             
    28        2072           19127         4.51095       0.0078125      Successful search (ES-wcm)        
    28        2073         19123.4         4.92112       0.0078125      Successful search (ES-wcm)        
    28        2074         19118.9         5.59557       0.0078125      Successful search (ES-wcm)        
    28        2075         19113.1         7.29896       0.0078125      Successful search (ES-wcm)        
    28        2076         19111.1         9.97614       0.0078125      Successful search (ES-wcm)        
    28        2138         19111.1         9.97614      0.00390625          Refine grid             Train
    29        2188         19124.2         4.06422     0.000976562          Refine grid             Train
Optimization terminated: change in the function value less than options['tol_mesh']
Estimated function value at minimum: 19127.388117267605 ± 3.5852935068350904 (mean ± SEM from 100 samples)
BADS minimum at: x_min = [7.1390e-01 3.1161e+00 4.7784e+00 6.9185e+00 4.5225e+00 9.3240e-01
 5.0128e+00 8.9200e-02 1.4410e-01 6.0000e-03 5.4300e-02 7.4400e+00
 9.5952e+00 7.9240e-01 6.1690e-01 2.0740e-01 2.0030e-01], training NLL = 19127.3881
total f-count: 2288, time: 102.46 min

 Optimization Run 2/2
Initial params: [1.4766, 3.3363, 6.9733, 5.9099, 1.3618, 27.8824, 3.8633, 0.3087, 0.0865, 0.1507, 0.1507, 27.2275, 15.4927, 0.4316, 0.8723, 0.1608, 0.1466]
bads:TooCloseBounds: For each variable, hard and plausible bounds should not be too close. Moving plausible bounds.
Variables (index) internally transformed to log coordinates: [[0 0]
 [0 3]
 [0 5]
 [0 6]]
Beginning optimization of a STOCHASTIC objective function

 Iteration    f-count      E[f(x)]        SD[f(x)]           MeshScale          Method              Actions
     0           1         27034.5             nan               1                                  
     0          33         25092.7             nan               1          Initial mesh            Initial points
     0          56           24892         1.00873               1        Successful poll           Train
     1          57         24562.6         1.00877               1      Successful search (ES-wcm)        
     1          61         24365.4          1.0087               1      Successful search (ES-wcm)        
     1          65         24299.7         1.00804               1      Successful search (ES-wcm)        
     1          68         24253.7         1.00584               1      Successful search (ES-wcm)        
     1          69         24174.4         0.99263               1      Successful search (ES-wcm)        
     1          72         24115.9        0.990735               1      Successful search (ES-ell)        
     1          73         24075.5        0.989997               1      Successful search (ES-ell)        
     1          75         23998.6        0.992533               1      Successful search (ES-ell)        
     1          76         23945.6        0.992593               1      Successful search (ES-ell)        
     1          79         23824.4        0.992493               1      Successful search (ES-ell)        
     1          81         23775.2        0.992257               1      Successful search (ES-ell)        
     1          84           23599        0.991588               1      Successful search (ES-ell)        
     1          87         23580.5        0.990795               1      Successful search (ES-ell)        
     1          88         23371.7        0.991276               1      Successful search (ES-ell)        
     1          89         22985.5         0.99265               1      Successful search (ES-wcm)        
     1          94         22826.2        0.992016               1      Successful search (ES-wcm)        
     1          98         22811.6        0.983855               1      Successful search (ES-wcm)        
     1          99         22765.1        0.986592               1      Successful search (ES-wcm)        
     1         112         22747.1         25.0485               1      Successful search (ES-wcm)        
     1         117           22729         15.8017               1      Successful search (ES-wcm)        
     1         118         22634.5         20.5451               1      Successful search (ES-wcm)        
     1         120         22599.6         20.7954               1      Successful search (ES-wcm)        
     1         122         22577.8         17.2125               1      Successful search (ES-wcm)        
     1         124           22551         22.3725               1      Successful search (ES-wcm)        
     1         126         22380.7         26.0328               1      Successful search (ES-wcm)        
     1         127         22275.4         27.4556               1      Successful search (ES-wcm)        
     1         130         22217.1         26.7249               1      Successful search (ES-ell)        
     1         134         22209.4         22.9845               1      Successful search (ES-ell)        
     1         135         22107.3         26.2784               1      Successful search (ES-wcm)        
     1         140         22102.1         16.8117               1      Successful search (ES-wcm)        
     1         143         22054.3         16.8095               1      Successful search (ES-wcm)        
     1         144         21968.3          17.042               1      Successful search (ES-wcm)        
     1         147         21956.4         16.9546               1      Successful search (ES-wcm)        
     1         148         21809.8         17.0772               1      Successful search (ES-wcm)        
     1         151         21791.7         17.1079               1      Successful search (ES-wcm)        
     1         154         21788.8           16.04               1      Successful search (ES-wcm)        
     1         158         21725.8         16.0837               1      Successful search (ES-wcm)        
     1         160           21716         16.4018               1      Successful search (ES-wcm)        
     1         164         21508.2         17.1166               1      Successful search (ES-wcm)        
     1         165         21419.3         17.1501               1      Successful search (ES-wcm)        
     1         167           21406         16.8355               1      Successful search (ES-wcm)        
     1         168         21374.1         17.1945               1      Successful search (ES-wcm)        
     1         170         21330.6         17.0312               1      Successful search (ES-wcm)        
     1         171           21314         17.1243               1      Successful search (ES-wcm)        
     1         172         21305.9         16.3695               1      Successful search (ES-wcm)        
     1         174         21207.6         19.2593               1      Successful search (ES-wcm)        
     1         180         21142.7         19.3303               1      Successful search (ES-wcm)        
     1         182         20983.6         19.3205               1      Successful search (ES-wcm)        
     1         186         20924.9         15.5215               1      Successful search (ES-ell)        
     1         187         20868.2         16.7451               1      Successful search (ES-ell)        
     1         189         20856.8         16.0581               1      Successful search (ES-ell)        
     1         191         20823.7         15.9706               1      Successful search (ES-ell)        
     1         192         20814.1         17.3386               1      Successful search (ES-ell)        
     1         197         20785.7         16.9051               1      Successful search (ES-ell)        
     1         198         20725.8         17.4797               1      Successful search (ES-ell)        
     1         213         20716.4         15.1628               1      Successful search (ES-ell)        
     1         232         20680.9         18.5826               1      Successful search (ES-wcm)        
     1         233         20677.2         18.9326               1      Successful search (ES-wcm)        
     1         238         20667.8         15.8843               1      Successful search (ES-wcm)        
     1         239         20589.8         17.9689               1      Successful search (ES-wcm)        
     1         240         20567.3         16.6974               1      Successful search (ES-wcm)        
     1         242         20502.8         18.2236               1      Successful search (ES-wcm)        
     1         247         20479.4         17.6008               1      Successful search (ES-wcm)        
     1         248         20479.3         17.1161               1      Incremental search (ES-wcm)        
     1         249         20432.2         18.9406               1      Successful search (ES-wcm)        
     1         257         20428.1         16.6055               1      Successful search (ES-wcm)        
     1         260         20401.2         28.0287               1      Successful search (ES-wcm)        
     1         261         20393.4         28.2991               1      Successful search (ES-wcm)        
     1         262         20340.2         28.3009               1      Successful search (ES-wcm)        
     1         269         20202.4         28.4285               1      Successful search (ES-wcm)        
     1         277         20159.3         20.4729               1      Successful search (ES-wcm)        
     1         280         20043.7         27.8998               1      Successful search (ES-wcm)        
     1         285         19955.3         28.1498               1      Successful search (ES-wcm)        
     1         288         19944.8         23.4088               1      Successful search (ES-ell)        
     1         289         19890.9         23.8723               1      Successful search (ES-ell)        
     1         290           19809         25.8488               1      Successful search (ES-ell)        
     1         291         19737.2         26.7964               1      Successful search (ES-ell)        
     1         293         19686.8         26.5953               1      Successful search (ES-ell)        
     1         298         19626.6         25.6055               1      Successful search (ES-ell)        
     1         352         19626.6         25.6055             0.5          Refine grid             Train
     2         354         19657.3         24.0915             0.5      Successful search (ES-ell)        
     2         357         19649.1         20.7889             0.5      Successful search (ES-ell)        
     2         359         19634.1         23.0294             0.5      Successful search (ES-ell)        
     2         360         19614.2          29.144             0.5      Successful search (ES-ell)        
     2         362         19593.9         28.0782             0.5      Successful search (ES-ell)        
     2         364         19585.4         28.8362             0.5      Successful search (ES-ell)        
     2         366         19532.4         27.8374             0.5      Successful search (ES-ell)        
     2         369         19518.2         28.7296             0.5      Successful search (ES-ell)        
     2         416         19518.2         28.7296            0.25          Refine grid             Train
     3         417         19534.6         12.8287            0.25      Successful search (ES-ell)        
     3         418         19466.2         20.3834            0.25      Successful search (ES-ell)        
     3         423         19464.8         19.2488            0.25      Successful search (ES-wcm)        
     3         424         19434.7         25.9551            0.25      Successful search (ES-wcm)        
     3         426         19404.5         20.8745            0.25      Successful search (ES-wcm)        
     3         434         19397.8         19.6647            0.25      Successful search (ES-ell)        
     3         498         19397.8         19.6647           0.125          Refine grid             Train
     4         499         18822.9         8.17374           0.125      Successful search (ES-ell)        
     4         500         18561.9         14.2055           0.125      Successful search (ES-ell)        
     4         563         18561.9         14.2055          0.0625          Refine grid             
     5         564           19581         7.19802          0.0625      Successful search (ES-ell)        
     5         565         19560.1         7.71199          0.0625      Successful search (ES-ell)        
     5         566         19542.6         10.2583          0.0625      Successful search (ES-ell)        
     5         567         19519.3         13.6546          0.0625      Successful search (ES-ell)        
     5         569         19517.7         15.7987          0.0625      Successful search (ES-ell)        
     5         570         19496.4         19.5551          0.0625      Successful search (ES-ell)        
     5         571         19428.1         20.1523          0.0625      Successful search (ES-wcm)        
     5         573         19391.7         21.4188          0.0625      Successful search (ES-wcm)        
     5         631         19391.7         21.4188         0.03125          Refine grid             
     6         632         19411.8         4.88176         0.03125      Successful search (ES-wcm)        
     6         633         19405.1         5.54524         0.03125      Successful search (ES-ell)        
     6         634         19394.5         7.44486         0.03125      Successful search (ES-ell)        
     6         635         19379.8         10.2348         0.03125      Successful search (ES-ell)        
     6         636           19369          13.448         0.03125      Successful search (ES-ell)        
     6         637         19347.7         17.1646         0.03125      Successful search (ES-ell)        
     6         698         19347.7         17.1646        0.015625          Refine grid             Train
     7         699         19398.7         4.10342        0.015625      Successful search (ES-ell)        
     7         700         19394.5         4.34559        0.015625      Successful search (ES-ell)        
     7         701         19388.7         4.29396        0.015625      Successful search (ES-wcm)        
     7         702         19385.3         5.39758        0.015625      Successful search (ES-wcm)        
     7         705           19382         5.03862        0.015625      Successful search (ES-wcm)        
     7         706           19381         6.89983        0.015625      Successful search (ES-wcm)        
     7         707         19377.7         10.3852        0.015625      Successful search (ES-wcm)        
     7         708         19366.3         12.1784        0.015625      Successful search (ES-ell)        
     7         709         19347.6         15.0728        0.015625      Successful search (ES-ell)        
     7         710         19342.7         19.0996        0.015625      Successful search (ES-ell)        
     7         713         19335.3         14.2652        0.015625      Successful search (ES-ell)        
     7         766         19335.3         14.2652       0.0078125          Refine grid             Train
     8         767         19375.8         4.07537       0.0078125      Successful search (ES-ell)        
     8         768         19375.7         4.22431       0.0078125      Successful search (ES-ell)        
     8         769         19373.5          4.5279       0.0078125      Successful search (ES-ell)        
     8         770         19372.3         4.87708       0.0078125      Successful search (ES-wcm)        
     8         771         19367.4         6.11383       0.0078125      Successful search (ES-ell)        
     8         834         19366.5         11.3249        0.015625        Successful poll           
     9         836         19355.6         9.58061        0.015625      Successful search (ES-wcm)        
     9         843         19355.2         8.53449        0.015625      Successful search (ES-wcm)        
     9         847         19354.1         7.58211        0.015625      Successful search (ES-wcm)        
     9         861           19354         5.68237        0.015625      Successful search (ES-wcm)        
     9         862         19352.4         5.60464        0.015625      Successful search (ES-wcm)        
     9         869         19350.8         5.41265        0.015625      Successful search (ES-ell)        
     9         870         19346.1         6.18489        0.015625      Successful search (ES-ell)        
     9         871         19342.7         7.89549        0.015625      Successful search (ES-ell)        
     9         872         19341.2          11.213        0.015625      Successful search (ES-ell)        
     9         936         19341.2          11.213       0.0078125          Refine grid             Train
    10         937         19361.3         5.38172       0.0078125      Successful search (ES-ell)        
    10         938         19352.7         5.54649       0.0078125      Successful search (ES-wcm)        
    10         939         19342.2         8.49312       0.0078125      Successful search (ES-wcm)        
    10        1004         19342.2         8.49312      0.00390625          Refine grid             
    11        1005         19347.3         9.24047      0.00390625      Successful search (ES-wcm)        
    11        1063           19344         9.82445       0.0078125        Successful poll           
    12        1064         19353.1         4.89152       0.0078125      Successful search (ES-wcm)        
    12        1065         19345.4         10.0677       0.0078125      Successful search (ES-wcm)        
    12        1066         19342.4         12.0902       0.0078125      Successful search (ES-wcm)        
    12        1067         19338.6         16.7927       0.0078125      Successful search (ES-wcm)        
    12        1068         19326.2         14.9405       0.0078125      Successful search (ES-wcm)        
    12        1074         19322.1         8.78679       0.0078125      Successful search (ES-wcm)        
    12        1081         19321.6         6.89404       0.0078125      Successful search (ES-wcm)        
    12        1087         19321.2         6.03086       0.0078125      Successful search (ES-wcm)        
    12        1088         19320.8         5.92835       0.0078125      Successful search (ES-wcm)        
    12        1148         19312.4         10.3784        0.015625        Successful poll           
    13        1149         19299.6         12.4585        0.015625      Successful search (ES-wcm)        
    13        1150         19290.9         14.8521        0.015625      Successful search (ES-wcm)        
    13        1216         19290.9         14.8521       0.0078125          Refine grid             
    14        1217         19341.8         3.13247       0.0078125      Successful search (ES-wcm)        
    14        1218         19337.8         2.94844       0.0078125      Successful search (ES-wcm)        
    14        1219         19332.7         3.19742       0.0078125      Successful search (ES-wcm)        
    14        1220         19325.3         3.87671       0.0078125      Successful search (ES-wcm)        
    14        1221         19311.8         6.44668       0.0078125      Successful search (ES-wcm)        
    14        1222         19296.8          13.759       0.0078125      Successful search (ES-wcm)        
    14        1284         19296.8          13.759      0.00390625          Refine grid             Train
    15        1285         19329.9         4.34722      0.00390625      Successful search (ES-wcm)        
    15        1287         19329.5         4.73718      0.00390625      Successful search (ES-wcm)        
    15        1289         19325.6         5.04776      0.00390625      Successful search (ES-ell)        
    15        1290         19317.6         5.61886      0.00390625      Successful search (ES-ell)        
    15        1292         19317.4         6.27705      0.00390625      Successful search (ES-ell)        
    15        1293         19313.7         7.56671      0.00390625      Successful search (ES-ell)        
    15        1295         19308.9         8.54444      0.00390625      Successful search (ES-ell)        
    15        1297         19305.9         9.54159      0.00390625      Successful search (ES-ell)        
    15        1352         19305.9         9.54159      0.00195312          Refine grid             
    16        1353         19321.8         4.04305      0.00195312      Successful search (ES-wcm)        
    16        1354         19320.5         4.37442      0.00195312      Successful search (ES-wcm)        
    16        1355         19319.3         5.59015      0.00195312      Successful search (ES-ell)        
    16        1356         19314.8         7.94111      0.00195312      Successful search (ES-ell)        
    16        1357           19309         10.4155      0.00195312      Successful search (ES-ell)        
    16        1358         19300.4         13.3599      0.00195312      Successful search (ES-ell)        
    16        1420         19300.4         13.3599     0.000976562          Refine grid             
Optimization terminated: change in the function value less than options['tol_mesh']
Estimated function value at minimum: 19334.534928820674 ± 3.099708707317605 (mean ± SEM from 100 samples)
BADS minimum at: x_min = [6.78300e-01 3.26320e+00 5.07460e+00 6.46570e+00 4.08860e+00 6.55900e-01
 5.32120e+00 8.55000e-02 1.65400e-01 8.70000e-03 2.36000e-02 2.63679e+01
 1.37666e+01 5.98800e-01 5.60000e-01 2.18700e-01 1.56100e-01], training NLL = 19334.5349
total f-count: 1520, time: 67.38 min

 ------- Finish Optimization for Subject 20 ---------- 

 ------- Start Optimization for Subject 25 ---------- 

 Cross Validation fold 0/1

 -- Start Optimization: method BADS --

 Optimization Run 1/2
Initial params: [0.8325, 8.3655, 8.3414, 13.0869, -1.3998, 2.5987, 3.7952, 0.1719, 0.0867, 0.1375, 0.1959, 26.3247, 25.1867, 0.7229, 0.3903, 0.2614, 0.1183]
bads:TooCloseBounds: For each variable, hard and plausible bounds should not be too close. Moving plausible bounds.
Variables (index) internally transformed to log coordinates: [[0 0]
 [0 3]
 [0 5]
 [0 6]]
Beginning optimization of a STOCHASTIC objective function

 Iteration    f-count      E[f(x)]        SD[f(x)]           MeshScale          Method              Actions
     0           1           25400             nan               1                                  
     0          33           24668             nan               1          Initial mesh            Initial points
     0          58         24519.9         1.02151               1        Successful poll           Train
     1          66         24497.6         1.01767               1      Successful search (ES-wcm)        
     1          69         24482.2          1.0121               1      Successful search (ES-wcm)        
     1          71         24478.4         1.01191               1      Successful search (ES-wcm)        
     1          72         24458.4          1.0121               1      Successful search (ES-wcm)        
     1          77         24455.5         1.01225               1      Successful search (ES-wcm)        
     1          78           24427         1.01227               1      Successful search (ES-wcm)        
     1          84         24409.6         1.01223               1      Successful search (ES-wcm)        
     1          86         24397.2         1.01225               1      Successful search (ES-wcm)        
     1          87         24359.8         1.01224               1      Successful search (ES-wcm)        
     1          89         24330.8         1.01217               1      Successful search (ES-wcm)        
     1         102           24326         1.00065               1      Successful search (ES-wcm)        
     1         105         24322.3         1.02849               1      Successful search (ES-ell)        
     1         119         24314.9         1.01224               1      Successful search (ES-ell)        
     1         124           24311        0.835767               1      Successful search (ES-ell)        
     1         169           24311        0.835767             0.5          Refine grid             
     2         170         24337.2         1.25972             0.5      Successful search (ES-ell)        
     2         172         24316.3         1.25975             0.5      Successful search (ES-ell)        
     2         174         24290.1         15.5965             0.5      Successful search (ES-ell)        
     2         176         24220.5         17.4773             0.5      Successful search (ES-wcm)        
     2         177         24204.2         17.1302             0.5      Successful search (ES-ell)        
     2         232         24101.5         17.4668               1        Successful poll           
     3         236         24100.5         17.0841               1      Successful search (ES-wcm)        
     3         237         24039.2         17.1847               1      Successful search (ES-wcm)        
     3         238         23753.9         17.1608               1      Successful search (ES-ell)        
     3         239           23676         17.2636               1      Successful search (ES-ell)        
     3         246         23661.9          13.346               1      Successful search (ES-ell)        
     3         247         23631.6         14.2301               1      Successful search (ES-ell)        
     3         249           23613         14.3291               1      Successful search (ES-ell)        
     3         264         23612.1         6.09958               1      Incremental search (ES-ell)        
     3         291         23587.4         15.6534               1        Successful poll           
     4         296         23583.1         15.0223               1      Successful search (ES-ell)        
     4         297         23572.3         15.8832               1      Successful search (ES-ell)        
     4         346         23506.7          17.105               1        Successful poll           Train
     5         348           23476         24.9793               1      Successful search (ES-ell)        
     5         408           23476         24.9793             0.5          Refine grid             
     6         409         23517.4         18.9265             0.5      Successful search (ES-ell)        
     6         474         23517.4         18.9265            0.25          Refine grid             
     7         475           23552         19.2261            0.25      Successful search (ES-ell)        
     7         477         23533.1         14.1218            0.25      Successful search (ES-ell)        
     7         493         23521.4         13.3196            0.25      Successful search (ES-wcm)        
     7         495         23505.5         10.5622            0.25      Successful search (ES-wcm)        
     7         496         23494.2         12.7783            0.25      Successful search (ES-ell)        
     7         497         23478.5         14.7081            0.25      Successful search (ES-ell)        
     7         557         23478.5         14.7081           0.125          Refine grid             
     8         558         23545.7         12.6736           0.125      Successful search (ES-ell)        
     8         559         23539.1         13.7858           0.125      Successful search (ES-wcm)        
     8         560         23529.9          13.286           0.125      Successful search (ES-wcm)        
     8         561         23526.8         12.4939           0.125      Successful search (ES-wcm)        
     8         623         23517.6         12.3959            0.25        Successful poll           Train
     9         624         23420.6         15.9519            0.25      Successful search (ES-wcm)        
     9         690         23420.6         15.9519           0.125          Refine grid             Train
    10         692         23509.4         8.62832           0.125      Successful search (ES-wcm)        
    10         693         23505.6         10.7822           0.125      Successful search (ES-ell)        
    10         694           23483         13.4086           0.125      Successful search (ES-ell)        
    10         757         23393.3         30.4936            0.25        Successful poll           
    11         758         23385.3         24.2652            0.25      Successful search (ES-ell)        
    11         759         23360.7          24.792            0.25      Successful search (ES-ell)        
    11         824         23360.7          24.792           0.125          Refine grid             
    12         825           23435         7.28566           0.125      Successful search (ES-ell)        
    12         826         23427.7         26.2088           0.125      Successful search (ES-wcm)        
    12         827         23406.7         23.8387           0.125      Successful search (ES-wcm)        
    12         830         23381.3         26.2042           0.125      Successful search (ES-wcm)        
    12         831         23366.8         28.0413           0.125      Successful search (ES-wcm)        
    12         835         23356.8         21.8781           0.125      Successful search (ES-wcm)        
    12         862         23217.3          26.544            0.25        Successful poll           Train
    13         865         23185.1         19.3557            0.25      Successful search (ES-ell)        
    13         867         23168.2         15.7603            0.25      Successful search (ES-ell)        
    13         868         23162.6         18.5524            0.25      Successful search (ES-ell)        
    13         870         23148.9         17.2816            0.25      Successful search (ES-ell)        
    13         871         23112.6         20.9623            0.25      Successful search (ES-ell)        
    13         872         23065.2          22.514            0.25      Successful search (ES-ell)        
    13         873           23002         23.5857            0.25      Successful search (ES-ell)        
    13         874           22978         24.2617            0.25      Successful search (ES-ell)        
    13         878         22969.9         19.1679            0.25      Successful search (ES-ell)        
    13         927         22866.3         25.0661             0.5        Successful poll           
    14         930         22806.5         15.0524             0.5      Successful search (ES-ell)        
    14         931         22772.9         18.8159             0.5      Successful search (ES-ell)        
    14         932         22748.9         21.4159             0.5      Successful search (ES-ell)        
    14         933         22704.7          21.438             0.5      Successful search (ES-ell)        
    14         936         22686.3         19.9264             0.5      Successful search (ES-ell)        
    14         937         22583.9         22.4043             0.5      Successful search (ES-ell)        
    14         978         22574.3          22.093               1        Successful poll           Train
    15         980         22456.6         28.6308               1      Successful search (ES-ell)        
    15        1036         22456.6         28.6308             0.5          Refine grid             
    16        1038         22499.3         16.0051             0.5      Successful search (ES-ell)        
    16        1099         22499.3         16.0051            0.25          Refine grid             
    17        1100         22499.6         11.4042            0.25      Successful search (ES-ell)        
    17        1101         22448.3          15.988            0.25      Successful search (ES-ell)        
    17        1143         22440.3         26.5837             0.5        Successful poll           Train
    18        1147         22395.8          27.905             0.5      Successful search (ES-wcm)        
    18        1206         22395.8          27.905            0.25          Refine grid             
    19        1207           22418          17.713            0.25      Successful search (ES-ell)        
    19        1209         22385.3         21.2927            0.25      Successful search (ES-ell)        
    19        1224         22377.1         17.9646            0.25      Successful search (ES-ell)        
    19        1227         22360.8         17.4614            0.25      Successful search (ES-ell)        
    19        1242         22336.2         12.4228            0.25      Successful search (ES-ell)        
    19        1243         22322.6         20.3001            0.25      Successful search (ES-ell)        
    19        1307         22322.6         20.3001           0.125          Refine grid             
    20        1308         22360.1          12.435           0.125      Successful search (ES-wcm)        
    20        1309         22357.1         22.1321           0.125      Successful search (ES-wcm)        
    20        1311         22354.5         20.5236           0.125      Successful search (ES-wcm)        
    20        1312         22339.8         21.7119           0.125      Successful search (ES-wcm)        
    20        1317         22293.1         10.7817           0.125      Successful search (ES-wcm)        
    20        1318         22257.4         11.4554           0.125      Successful search (ES-wcm)        
    20        1374         22257.4         11.4554          0.0625          Refine grid             Train
    21        1375         22343.5         6.55999          0.0625      Successful search (ES-wcm)        
    21        1376         22321.7          9.1377          0.0625      Successful search (ES-wcm)        
    21        1377         22313.6         16.1884          0.0625      Successful search (ES-wcm)        
    21        1378         22311.5         23.3614          0.0625      Successful search (ES-wcm)        
    21        1379         22288.7         20.2978          0.0625      Successful search (ES-wcm)        
    21        1380         22262.1         23.6792          0.0625      Successful search (ES-wcm)        
    21        1386         22257.5         10.7301          0.0625      Successful search (ES-wcm)        
    21        1441         22257.5         10.7301         0.03125          Refine grid             
    22        1442         22268.7         5.14692         0.03125      Successful search (ES-wcm)        
    22        1443           22268         8.14752         0.03125      Successful search (ES-wcm)        
    22        1445         22264.5          11.818         0.03125      Successful search (ES-wcm)        
    22        1448         22261.5         10.2578         0.03125      Successful search (ES-wcm)        
    22        1450         22258.6         10.6382         0.03125      Successful search (ES-wcm)        
    22        1452         22256.9         11.2328         0.03125      Successful search (ES-wcm)        
    22        1453         22253.6         13.3222         0.03125      Successful search (ES-wcm)        
    22        1455         22252.6         12.8937         0.03125      Successful search (ES-wcm)        
    22        1458           22249         9.52233         0.03125      Successful search (ES-wcm)        
    22        1459         22245.2         8.92829         0.03125      Successful search (ES-wcm)        
    22        1460         22242.6         11.0941         0.03125      Successful search (ES-wcm)        
    22        1462         22239.4         10.9237         0.03125      Successful search (ES-wcm)        
    22        1464         22238.8         12.9812         0.03125      Successful search (ES-wcm)        
    22        1466           22232         9.81123         0.03125      Successful search (ES-wcm)        
    22        1467         22231.3         12.9591         0.03125      Successful search (ES-wcm)        
    22        1469         22223.2         11.0651         0.03125      Successful search (ES-wcm)        
    22        1471         22221.7         9.83391         0.03125      Successful search (ES-wcm)        
    22        1472         22219.1         13.0898         0.03125      Successful search (ES-wcm)        
    22        1473           22199         18.0587         0.03125      Successful search (ES-ell)        
    22        1474         22154.4         24.8046         0.03125      Successful search (ES-ell)        
    22        1475         22139.8         27.9396         0.03125      Successful search (ES-ell)        
    22        1476         22119.5         21.5738         0.03125      Successful search (ES-ell)        
    22        1477         22115.8         18.3377         0.03125      Successful search (ES-ell)        
    22        1478         22097.2         18.1373         0.03125      Successful search (ES-ell)        
    22        1479         22092.8         19.8366         0.03125      Successful search (ES-ell)        
    22        1481         22083.9         19.8432         0.03125      Successful search (ES-wcm)        
    22        1543         22083.9         19.8432        0.015625          Refine grid             Train
    23        1544           22093         3.85871        0.015625      Successful search (ES-wcm)        
    23        1545         22091.4         4.86247        0.015625      Successful search (ES-wcm)        
    23        1546         22084.3         5.39314        0.015625      Successful search (ES-ell)        
    23        1547         22075.6         6.65318        0.015625      Successful search (ES-ell)        
    23        1548           22064         8.72023        0.015625      Successful search (ES-ell)        
    23        1611           22064         8.72023       0.0078125          Refine grid             
    24        1612         22086.4         3.43764       0.0078125      Successful search (ES-ell)        
    24        1613         22084.4         4.05038       0.0078125      Successful search (ES-ell)        
    24        1614         22082.7         4.87424       0.0078125      Successful search (ES-ell)        
    24        1618         22082.1         6.22049       0.0078125      Successful search (ES-ell)        
    24        1619         22075.7         6.33525       0.0078125      Successful search (ES-ell)        
    24        1620         22072.4         6.49368       0.0078125      Successful search (ES-ell)        
    24        1621         22062.2         7.09707       0.0078125      Successful search (ES-ell)        
    24        1677         22062.2         7.09707      0.00390625          Refine grid             
    25        1678         22089.8         3.13872      0.00390625      Successful search (ES-wcm)        
    25        1679         22087.2         3.30908      0.00390625      Successful search (ES-wcm)        
    25        1680         22083.8         3.75456      0.00390625      Successful search (ES-wcm)        
    25        1681         22081.1          4.4581      0.00390625      Successful search (ES-wcm)        
    25        1682         22074.8         6.26318      0.00390625      Successful search (ES-wcm)        
    25        1683         22072.4         8.67532      0.00390625      Successful search (ES-wcm)        
    25        1745         22072.4         8.67532      0.00195312          Refine grid             
    26        1746         22089.3         4.14736      0.00195312      Successful search (ES-wcm)        
    26        1750         22088.5         3.98131      0.00195312      Successful search (ES-wcm)        
    26        1751         22088.1         3.99544      0.00195312      Successful search (ES-wcm)        
    26        1752         22086.8         3.96131      0.00195312      Successful search (ES-ell)        
    26        1753         22085.6         3.93713      0.00195312      Successful search (ES-ell)        
    26        1754         22083.9         3.90637      0.00195312      Successful search (ES-ell)        
    26        1755         22081.5         3.99359      0.00195312      Successful search (ES-ell)        
    26        1756         22079.4         4.22083      0.00195312      Successful search (ES-ell)        
    26        1757         22075.3          4.7516      0.00195312      Successful search (ES-ell)        
    26        1758         22068.7         6.06548      0.00195312      Successful search (ES-wcm)        
    26        1759         22068.6         7.60424      0.00195312      Successful search (ES-wcm)        
    26        1760         22061.6         10.2715      0.00195312      Successful search (ES-wcm)        
    26        1813         22061.6         10.2715     0.000976562          Refine grid             Train
Optimization terminated: change in the function value less than options['tol_mesh']
Estimated function value at minimum: 22094.227966024428 ± 2.7039972906880703 (mean ± SEM from 100 samples)
BADS minimum at: x_min = [8.68500e-01 2.72060e+00 4.69020e+00 6.82390e+00 2.61420e+00 4.25000e+00
 9.23100e-01 3.13400e-01 1.93000e-02 1.49100e-01 8.90000e-03 5.16660e+00
 2.72768e+01 6.61100e-01 4.49800e-01 2.24600e-01 2.09400e-01], training NLL = 22094.228
total f-count: 1913, time: 84.62 min

 Optimization Run 2/2
Initial params: [0.1645, 5.9204, 13.5839, 8.546, -2.2792, 47.687, 2.9744, 0.2033, 0.0865, 0.1429, 0.0874, 21.0506, 25.8107, 0.6084, 0.715, 0.1925, 0.26]
bads:TooCloseBounds: For each variable, hard and plausible bounds should not be too close. Moving plausible bounds.
Variables (index) internally transformed to log coordinates: [[0 0]
 [0 3]
 [0 5]
 [0 6]]
Beginning optimization of a STOCHASTIC objective function

 Iteration    f-count      E[f(x)]        SD[f(x)]           MeshScale          Method              Actions
     0           1         26875.4             nan               1                                  
     0          33         24631.2             nan               1          Initial mesh            Initial points
     0          58         24489.9        0.984592               1        Successful poll           Train
     1          62         24434.2        0.984525               1      Successful search (ES-wcm)        
     1          67         24336.6        0.983483               1      Successful search (ES-wcm)        
     1          73           24332         0.95162               1      Successful search (ES-wcm)        
     1          74         24330.4        0.950958               1      Successful search (ES-wcm)        
     1          79         24248.8        0.952394               1      Successful search (ES-wcm)        
     1          80         24243.3        0.952354               1      Successful search (ES-ell)        
     1          83         24229.9        0.952245               1      Successful search (ES-wcm)        
     1          86         24174.9        0.952342               1      Successful search (ES-wcm)        
     1          88         23902.3         0.95218               1      Successful search (ES-wcm)        
     1          89         23843.4        0.952199               1      Successful search (ES-ell)        
     1          91         23761.4        0.952276               1      Successful search (ES-wcm)        
     1          98         23725.7        0.952255               1      Successful search (ES-wcm)        
     1          99         23687.9        0.951582               1      Successful search (ES-wcm)        
     1         105           23646         0.98263               1      Successful search (ES-wcm)        
     1         106           23597        0.982982               1      Successful search (ES-wcm)        
     1         110           23557        0.983216               1      Successful search (ES-ell)        
     1         116         23523.8        0.982847               1      Successful search (ES-ell)        
     1         117         23394.2        0.982949               1      Successful search (ES-ell)        
     1         129         23374.1        0.981808               1      Successful search (ES-ell)        
     1         133         23363.6        0.976432               1      Successful search (ES-ell)        
     1         136         23346.1        0.978932               1      Successful search (ES-wcm)        
     1         174           23320         19.8652               1        Successful poll           Train
     2         219         23342.4         21.1054             0.5          Refine grid             Train
     3         222         23372.1         17.4283             0.5      Successful search (ES-wcm)        
     3         223         23334.6         18.1161             0.5      Successful search (ES-wcm)        
     3         226         23317.3         13.7162             0.5      Successful search (ES-ell)        
     3         227         23297.4         22.9178             0.5      Successful search (ES-wcm)        
     3         250         23296.9         8.12399             0.5      Successful search (ES-wcm)        
     3         251         23293.7         7.87576             0.5      Successful search (ES-ell)        
     3         254         23271.9         18.8133             0.5      Successful search (ES-ell)        
     3         256         23232.6         22.1366             0.5      Successful search (ES-ell)        
     3         257         23105.8         26.4237             0.5      Successful search (ES-ell)        
     3         258         23012.1         27.7798             0.5      Successful search (ES-ell)        
     3         262         22970.7         26.2582             0.5      Successful search (ES-ell)        
     3         263         22862.2         27.6978             0.5      Successful search (ES-ell)        
     3         264         22754.4         28.6277             0.5      Successful search (ES-wcm)        
     3         265         22710.3         29.1519             0.5      Successful search (ES-wcm)        
     3         267         22672.9          29.134             0.5      Successful search (ES-ell)        
     3         269         22608.9         29.3825             0.5      Successful search (ES-ell)        
     3         272         22579.8         25.2263             0.5      Successful search (ES-ell)        
     3         273         22562.5         27.4188             0.5      Successful search (ES-ell)        
     3         333         22513.1         28.0296               1        Successful poll           
     4         335         22471.6         25.1825               1      Successful search (ES-ell)        
     4         336         22437.2         27.0253               1      Successful search (ES-ell)        
     4         338         22391.6          27.134               1      Successful search (ES-ell)        
     4         339         22366.4         28.8899               1      Successful search (ES-ell)        
     4         344         22323.9         25.3604               1      Successful search (ES-ell)        
     4         345         22310.3         26.7576               1      Successful search (ES-ell)        
     4         354         22307.1         23.7269               1      Successful search (ES-ell)        
     4         356         22300.5         22.4466               1      Successful search (ES-ell)        
     4         358         22276.7         25.5656               1      Successful search (ES-ell)        
     4         359         22159.4         26.5506               1      Successful search (ES-ell)        
     4         361           22107         27.4913               1      Successful search (ES-ell)        
     4         371         22079.1         21.4988               1      Successful search (ES-ell)        
     4         372         22075.5         26.2429               1      Successful search (ES-ell)        
     4         374         22039.7         27.2567               1      Successful search (ES-ell)        
     4         376         21957.9         28.0334               1      Successful search (ES-ell)        
     4         378         21947.7         27.5062               1      Successful search (ES-ell)        
     4         380         21882.2         28.3584               1      Successful search (ES-ell)        
     4         383         21868.4         26.2981               1      Successful search (ES-ell)        
     4         424         21868.4         26.2981             0.5          Refine grid             
     5         425         21861.9         21.7533             0.5      Successful search (ES-ell)        
     5         428         21837.3         21.1014             0.5      Successful search (ES-ell)        
     5         429         21818.2         25.8712             0.5      Successful search (ES-ell)        
     5         432         21769.2         27.5654             0.5      Successful search (ES-ell)        
     5         433         21748.3         30.0031             0.5      Successful search (ES-ell)        
     5         436         21660.6         27.5615             0.5      Successful search (ES-ell)        
     5         443           21656         25.0979             0.5      Successful search (ES-ell)        
     5         504           21656         25.0979            0.25          Refine grid             
     6         505         21656.5         18.0337            0.25      Successful search (ES-ell)        
     6         507           21638         18.7834            0.25      Successful search (ES-ell)        
     6         508         21632.9         24.5505            0.25      Successful search (ES-ell)        
     6         509         21617.8         28.4396            0.25      Successful search (ES-ell)        
     6         518         21604.4         8.87272            0.25      Successful search (ES-wcm)        
     6         519         21598.4         10.2301            0.25      Successful search (ES-wcm)        
     6         567         21598.4         10.2301           0.125          Refine grid             
     7         568         21587.8          7.2934           0.125      Successful search (ES-ell)        
     7         569         21575.6         12.1207           0.125      Successful search (ES-ell)        
     7         632         21575.6         12.1207          0.0625          Refine grid             Train
     8         633         21615.1         5.02924          0.0625      Successful search (ES-ell)        
     8         634         21595.7         7.37392          0.0625      Successful search (ES-ell)        
     8         635         21577.8         10.0434          0.0625      Successful search (ES-ell)        
     8         698         21577.8         10.0434         0.03125          Refine grid             Train
     9         699         21617.9         4.33601         0.03125      Successful search (ES-ell)        
     9         700         21608.9         4.93423         0.03125      Successful search (ES-wcm)        
     9         701         21596.7         6.08577         0.03125      Successful search (ES-wcm)        
     9         702         21579.5         7.83033         0.03125      Successful search (ES-wcm)        
     9         703         21569.8         11.1972         0.03125      Successful search (ES-wcm)        
     9         704         21544.3         13.0806         0.03125      Successful search (ES-ell)        
     9         762         21476.2          23.534          0.0625        Successful poll           
    10         810         21473.9         21.0771         0.03125          Refine grid             
    11         811         21536.7         4.24391         0.03125      Successful search (ES-ell)        
    11         812         21525.8         5.50349         0.03125      Successful search (ES-ell)        
    11         813         21514.3         6.87432         0.03125      Successful search (ES-wcm)        
    11         859         21455.5         6.64553          0.0625        Successful poll           
    12         863           21540         10.9604          0.0625      Successful search (ES-wcm)        
    12         866         21534.5         9.14642          0.0625      Successful search (ES-wcm)        
    12         867         21524.7         6.36934          0.0625      Successful search (ES-wcm)        
    12         868         21515.6         7.34202          0.0625      Successful search (ES-wcm)        
    12         924         21505.5         11.0326           0.125        Successful poll           
    13         931         21531.2         6.77014           0.125      Successful search (ES-wcm)        
    13         932         21527.6         6.75882           0.125      Successful search (ES-ell)        
    13         933         21523.3         7.09623           0.125      Successful search (ES-ell)        
    13         943         21521.5         8.85829           0.125      Successful search (ES-ell)        
    13         945         21518.4          10.823           0.125      Successful search (ES-ell)        
    13         947         21516.1         11.6367           0.125      Successful search (ES-ell)        
    13        1006         21516.1         11.6367          0.0625          Refine grid             Train
    14        1007         21526.5         7.72092          0.0625      Successful search (ES-wcm)        
    14        1008           21506         9.18027          0.0625      Successful search (ES-ell)        
    14        1071           21506         9.18027         0.03125          Refine grid             
    15        1072         21525.7         4.71229         0.03125      Successful search (ES-ell)        
    15        1073         21524.7         6.55323         0.03125      Successful search (ES-ell)        
    15        1074           21514         9.04302         0.03125      Successful search (ES-ell)        
    15        1075         21510.9         11.8791         0.03125      Successful search (ES-ell)        
    15        1112         21477.4         17.4362          0.0625        Successful poll           
    16        1113         21531.1         7.04874          0.0625      Successful search (ES-ell)        
    16        1114         21530.9         10.4121          0.0625      Successful search (ES-ell)        
    16        1177         21530.9         10.4121         0.03125          Refine grid             Train
    17        1225         21533.4         3.73718        0.015625          Refine grid             Train
    18        1226         21525.9         5.42976        0.015625      Successful search (ES-wcm)        
    18        1230         21525.9         5.36861        0.015625      Successful search (ES-wcm)        
    18        1231         21522.9          5.5247        0.015625      Successful search (ES-ell)        
    18        1232         21519.7         5.85316        0.015625      Successful search (ES-ell)        
    18        1233         21511.5         6.41518        0.015625      Successful search (ES-ell)        
    18        1235         21506.1          6.7203        0.015625      Successful search (ES-ell)        
    18        1236           21498         8.36292        0.015625      Successful search (ES-ell)        
    18        1237         21496.9         10.8284        0.015625      Successful search (ES-wcm)        
    18        1262         21487.2         14.2885         0.03125        Successful poll           Train
    19        1309         21506.8         5.76888          0.0625        Successful poll           Train
    20        1314         21510.1         6.75649          0.0625      Successful search (ES-ell)        
    20        1315         21505.3         7.37338          0.0625      Successful search (ES-ell)        
    20        1316         21498.7         8.51777          0.0625      Successful search (ES-ell)        
    20        1374         21498.7         8.51777         0.03125          Refine grid             Train
    21        1375         21526.6         4.48235         0.03125      Successful search (ES-ell)        
    21        1377         21525.9         7.03601         0.03125      Successful search (ES-wcm)        
    21        1433         21512.9         12.8171          0.0625        Successful poll           Train
    22        1434         21516.5         7.29853          0.0625      Successful search (ES-ell)        
    22        1435         21499.3         11.6954          0.0625      Successful search (ES-ell)        
    22        1498         21499.3         11.6954         0.03125          Refine grid             
    23        1499         21523.4         6.20113         0.03125      Successful search (ES-ell)        
    23        1500         21516.1           8.799         0.03125      Successful search (ES-ell)        
    23        1502         21515.1         9.92737         0.03125      Successful search (ES-ell)        
    23        1566         21515.1         9.92737        0.015625          Refine grid             
    24        1567         21520.6         5.56703        0.015625      Successful search (ES-ell)        
    24        1568         21516.6         6.86093        0.015625      Successful search (ES-ell)        
    24        1584         21514.5         5.64698        0.015625      Successful search (ES-wcm)        
    24        1591         21509.7         4.91712        0.015625      Successful search (ES-wcm)        
    24        1635         21497.5         8.92369         0.03125        Successful poll           
    25        1636           21517         5.16935         0.03125      Successful search (ES-ell)        
    25        1637         21506.1         8.56987         0.03125      Successful search (ES-ell)        
    25        1638         21505.2         11.6487         0.03125      Successful search (ES-ell)        
    25        1691         21485.9         14.0626          0.0625        Successful poll           Train
    26        1692         21482.1         12.4311          0.0625      Successful search (ES-ell)        
    26        1693         21471.3         14.7468          0.0625      Successful search (ES-ell)        
    26        1758         21471.3         14.7468         0.03125          Refine grid             
    27        1759         21504.6         6.96074         0.03125      Successful search (ES-wcm)        
    27        1760           21500         13.1565         0.03125      Successful search (ES-wcm)        
    27        1762           21492         13.5088         0.03125      Successful search (ES-ell)        
    27        1823         21487.6         17.2615          0.0625        Successful poll           
    28        1825         21511.1         6.81338          0.0625      Successful search (ES-ell)        
    28        1826         21508.4           9.727          0.0625      Successful search (ES-ell)        
    28        1827         21498.7         12.2502          0.0625      Successful search (ES-ell)        
    28        1888         21498.7         12.2502         0.03125          Refine grid             
    29        1909         21473.3         7.72922          0.0625        Successful poll           
    30        1910         21506.4         9.12008          0.0625      Successful search (ES-wcm)        
    30        1912         21492.2          8.1918          0.0625      Successful search (ES-wcm)        
    30        1975         21492.2          8.1918         0.03125          Refine grid             
    31        1976         21505.4         5.02028         0.03125      Successful search (ES-ell)        
    31        1977         21491.8          8.7027         0.03125      Successful search (ES-ell)        
    31        1978         21476.3         11.6927         0.03125      Successful search (ES-ell)        
    31        2040         21451.2         9.23182          0.0625        Successful poll           
    32        2088         21455.4         8.65959         0.03125          Refine grid             Train
    33        2089         21505.5         4.90612         0.03125      Successful search (ES-ell)        
    33        2090         21495.9         7.22281         0.03125      Successful search (ES-ell)        
    33        2091         21479.4         10.5388         0.03125      Successful search (ES-ell)        
    33        2127         21471.7         24.6934          0.0625        Successful poll           
    34        2128         21508.2         9.86064          0.0625      Successful search (ES-wcm)        
    34        2132         21495.6         11.7336          0.0625      Successful search (ES-ell)        
    34        2133         21480.1         12.6594          0.0625      Successful search (ES-ell)        
    34        2136           21480          10.337          0.0625      Successful search (ES-ell)        
    34        2138         21478.4          9.5702          0.0625      Successful search (ES-ell)        
    34        2139         21477.2         10.4693          0.0625      Successful search (ES-ell)        
    34        2141         21474.4         10.9813          0.0625      Successful search (ES-ell)        
    34        2155         21471.2         5.67966          0.0625      Successful search (ES-wcm)        
    34        2156         21466.6          5.4955          0.0625      Successful search (ES-wcm)        
    34        2157         21464.5         5.43197          0.0625      Successful search (ES-wcm)        
    34        2158         21462.4         5.52418          0.0625      Successful search (ES-wcm)        
    34        2159         21460.3         5.46381          0.0625      Successful search (ES-ell)        
    34        2160         21458.6         5.60304          0.0625      Successful search (ES-ell)        
    34        2161         21456.1         5.74095          0.0625      Successful search (ES-wcm)        
    34        2162         21440.4         7.75729          0.0625      Successful search (ES-wcm)        
    34        2226         21440.4         7.75729         0.03125          Refine grid             Train
    35        2227         21467.8         5.12058         0.03125      Successful search (ES-ell)        
    35        2228         21460.8         8.83194         0.03125      Successful search (ES-ell)        
    35        2229         21458.2          13.695         0.03125      Successful search (ES-ell)        
    35        2230         21439.3         15.9768         0.03125      Successful search (ES-ell)        
    35        2231         21439.2         18.0937         0.03125      Successful search (ES-ell)        
    35        2292         21439.2         18.0937        0.015625          Refine grid             Train
    36        2293         21471.5         3.15353        0.015625      Successful search (ES-wcm)        
    36        2294         21469.6         4.16959        0.015625      Successful search (ES-wcm)        
    36        2295           21459         6.30854        0.015625      Successful search (ES-wcm)        
    36        2296         21457.3         9.36701        0.015625      Successful search (ES-wcm)        
    36        2357         21457.3         9.36701       0.0078125          Refine grid             
    37        2358         21473.8         2.57357       0.0078125      Successful search (ES-wcm)        
    37        2359         21472.6          2.7246       0.0078125      Successful search (ES-wcm)        
    37        2360         21471.4          3.0154       0.0078125      Successful search (ES-wcm)        
    37        2361         21468.9         3.47083       0.0078125      Successful search (ES-wcm)        
    37        2362         21466.2         4.45534       0.0078125      Successful search (ES-wcm)        
    37        2363         21462.8         7.89082       0.0078125      Successful search (ES-wcm)        
    37        2365         21456.7         8.07992       0.0078125      Successful search (ES-ell)        
    37        2423         21456.7         8.07992      0.00390625          Refine grid             
    38        2424         21466.8         3.16536      0.00390625      Successful search (ES-ell)        
    38        2425         21466.5         3.44229      0.00390625      Successful search (ES-ell)        
    38        2427         21466.5         3.71151      0.00390625      Successful search (ES-ell)        
    38        2428         21464.6         4.15911      0.00390625      Successful search (ES-ell)        
    38        2429         21462.6         4.82471      0.00390625      Successful search (ES-ell)        
    38        2433         21461.8         4.77531      0.00390625      Successful search (ES-ell)        
    38        2434         21459.9         5.19252      0.00390625      Successful search (ES-ell)        
    38        2435         21458.5         5.86129      0.00390625      Successful search (ES-ell)        
    38        2436         21454.8         7.13498      0.00390625      Successful search (ES-ell)        
    38        2437         21447.1         8.37496      0.00390625      Successful search (ES-ell)        
    38        2490         21447.1         8.37496      0.00195312          Refine grid             Train
    39        2491         21467.5         3.20459      0.00195312      Successful search (ES-ell)        
    39        2492         21466.8         3.24913      0.00195312      Successful search (ES-ell)        
    39        2493         21466.7         3.38945      0.00195312      Successful search (ES-ell)        
    39        2494         21465.8         3.56147      0.00195312      Successful search (ES-ell)        
    39        2495         21464.4         3.97001      0.00195312      Successful search (ES-ell)        
    39        2496         21463.7         5.17298      0.00195312      Successful search (ES-wcm)        
    39        2497         21461.5         6.54641      0.00195312      Successful search (ES-wcm)        
    39        2498         21452.9         8.21977      0.00195312      Successful search (ES-wcm)        
    39        2555         21452.9         8.21977     0.000976562          Refine grid             Train
Optimization terminated: change in the function value less than options['tol_mesh']
Estimated function value at minimum: 21466.383399855662 ± 2.6308392815774715 (mean ± SEM from 100 samples)
BADS minimum at: x_min = [6.06800e-01 3.65830e+00 4.74630e+00 7.76070e+00 3.16340e+00 2.27460e+00
 4.88550e+00 9.12000e-02 2.22800e-01 2.82000e-02 3.00000e-04 4.79520e+00
 1.21695e+01 6.44200e-01 5.64300e-01 2.39800e-01 2.08700e-01], training NLL = 21466.3834
total f-count: 2655, time: 118.16 min

 ------- Finish Optimization for Subject 25 ---------- 
Sun Jun 28 19:50:41 2026       
+---------------------------------------------------------------------------------------+
| NVIDIA-SMI 535.113.01             Driver Version: 535.113.01   CUDA Version: 12.2     |
|-----------------------------------------+----------------------+----------------------+
| GPU  Name                 Persistence-M | Bus-Id        Disp.A | Volatile Uncorr. ECC |
| Fan  Temp   Perf          Pwr:Usage/Cap |         Memory-Usage | GPU-Util  Compute M. |
|                                         |                      |               MIG M. |
|=========================================+======================+======================|
|   0  NVIDIA A100-SXM4-40GB          On  | 00000000:81:00.0 Off |                    0 |
| N/A   27C    P0              56W / 400W |      2MiB / 40960MiB |      0%      Default |
|                                         |                      |             Disabled |
+-----------------------------------------+----------------------+----------------------+
                                                                                         
+---------------------------------------------------------------------------------------+
| Processes:                                                                            |
|  GPU   GI   CI        PID   Type   Process name                            GPU Memory |
|        ID   ID                                                             Usage      |
|=======================================================================================|
|  No running processes found                                                           |
+---------------------------------------------------------------------------------------+
----------------------------------------
Start job epilogue Sun Jun 28 19:50:41 CEST 2026
----------------------------------------
Job ID:          53994197
Job Exit Code:   0:0
Username:        wenlou
Group:           mpla
Queue:           gpu
Compute nodes:   dccn-c083
Asked resources: walltime=1-00:00:00,nodes=1,cpus=8,mem=2G
Used resources:  cputime=2-01:42:40,walltime=06:12:50,memory=1G
----------------------------------------
End job epilogue Sun Jun 28 19:50:41 CEST 2026
----------------------------------------
