----------------------------------------
Start task prologue Thu Mar 12 22:45:55 CET 2026
----------------------------------------
Step ID:         51246998.
Username:        wenlou
Group:           mpla
Asked resources: walltime=1-00:00:00,nodes=1,cpus=8,mem=2G
Queue:           gpu
Compute nodes:   dccn-c088
----------------------------------------
End task prologue Thu Mar 12 22:45:55 CET 2026
----------------------------------------
CUDA version:
nvcc: NVIDIA (R) Cuda compiler driver
Copyright (c) 2005-2024 NVIDIA Corporation
Built on Thu_Mar_28_02:18:24_PDT_2024
Cuda compilation tools, release 12.4, V12.4.131
Build cuda_12.4.r12.4/compiler.34097967_0

[WARNING] Please note the interface change for (de-)activating conda environment:

  - DO NOT use `conda activate` to enter the conda environment as it requires extra step to modify your ~/.bashrc file, which will force you to use this Anaconda version (2024.06).  Therefore keep using `source activate` instead.

  - DO use `conda deactivate` to leave your conda environment as `source deactivate` will be deprecated in future release.

Running model for expriment=sep_ecc_percep, m_id=4, method=bads
device is : cuda
['sep_ecc_percep', '4', '2', 'bads', '5']

 ------- Start Optimization for Subject 2 ---------- 

 Cross Validation fold 0/1

 -- Start Optimization: method BADS --

 Optimization Run 1/5
Initial params: [1.0017, 3.1408, 13.3864, 43.1472, 4.4516, 0.4084, 0.279, 22.4792, 0.8361, 0.7986]
bads:TooCloseBounds: For each variable, hard and plausible bounds should not be too close. Moving plausible bounds.
Variables (index) internally transformed to log coordinates: [[0 0]
 [0 3]
 [0 4]]
Beginning optimization of a STOCHASTIC objective function

 Iteration    f-count      E[f(x)]        SD[f(x)]           MeshScale          Method              Actions
     0           1         22555.4             nan               1                                  
     0          33           20643             nan               1          Initial mesh            Initial points
     0          44         20265.5        0.998283               1        Successful poll           Train
     1          48         20158.4        0.998068               1      Successful search (ES-wcm)        
     1          51         20056.4         0.99753               1      Successful search (ES-wcm)        
     1          52         19926.8        0.997672               1      Successful search (ES-wcm)        
     1          61         19925.3         1.02589               1      Successful search (ES-wcm)        
     1          67           19831         1.02805               1      Successful search (ES-wcm)        
     1          74         19823.5         1.00158               1      Successful search (ES-ell)        
     1          79         19807.4         1.04531               1      Successful search (ES-wcm)        
     1          88         19755.3         1.04502               1      Successful search (ES-wcm)        
     1          92         19708.2         1.04271               1      Successful search (ES-ell)        
     1         100         19675.2         1.03181               1      Successful search (ES-ell)        
     1         103         19653.4         1.02843               1      Successful search (ES-ell)        
     1         109           19628         1.02918               1      Successful search (ES-ell)        
     1         114         19626.4         1.00072               1      Successful search (ES-ell)        
     1         137         19626.4         1.00072             0.5          Refine grid             
     2         140         19664.6         12.7318             0.5      Successful search (ES-ell)        
     2         160         19653.1         12.7093               1        Successful poll           Train
     3         165         19631.2         13.3395               1      Successful search (ES-ell)        
     3         170         19628.4         8.69698               1      Successful search (ES-ell)        
     3         177         19628.2         9.42859               1      Incremental search (ES-ell)        
     3         188         19622.5         7.61289               1        Successful poll           Train
     4         192         19614.4         8.77413               1      Successful search (ES-ell)        
     4         202         19613.3         7.38045               1      Successful search (ES-ell)        
     4         204         19605.4         10.9127               1      Successful search (ES-ell)        
     4         230         19595.2         13.4118               1        Successful poll           
     5         253           19595         13.4041             0.5          Refine grid             
     6         257         19598.6         9.17612             0.5      Successful search (ES-wcm)        
     6         260           19596         9.16814             0.5      Successful search (ES-ell)        
     6         269         19592.9         6.00833             0.5      Successful search (ES-wcm)        
     6         270         19588.4         6.87728             0.5      Successful search (ES-wcm)        
     6         273         19587.3         5.99648             0.5      Successful search (ES-wcm)        
     6         276         19584.5         6.67065             0.5      Successful search (ES-wcm)        
     6         283           19582         4.85921             0.5      Successful search (ES-wcm)        
     6         285         19576.4         6.22381             0.5      Successful search (ES-wcm)        
     6         318         19576.4         6.22381            0.25          Refine grid             
     7         320         19583.6         5.62654            0.25      Successful search (ES-ell)        
     7         322         19581.8         4.54684            0.25      Successful search (ES-ell)        
     7         325         19581.3         3.53598            0.25      Successful search (ES-wcm)        
     7         326         19575.6         3.00187            0.25      Successful search (ES-wcm)        
     7         327         19574.9         3.68218            0.25      Successful search (ES-wcm)        
     7         354         19574.9         3.68218           0.125          Refine grid             
     8         355         19578.7         2.85562           0.125      Successful search (ES-ell)        
     8         358         19578.3         2.57694           0.125      Successful search (ES-ell)        
     8         359         19578.2         3.25308           0.125      Successful search (ES-ell)        
     8         360           19575         3.92031           0.125      Successful search (ES-ell)        
     8         363         19574.1         2.47549           0.125      Successful search (ES-ell)        
     8         365         19571.5         3.91386           0.125      Successful search (ES-ell)        
     8         373         19571.1         1.83434           0.125      Successful search (ES-ell)        
     8         401         19571.1         1.83434          0.0625          Refine grid             
     9         403           19572         1.83792          0.0625      Successful search (ES-ell)        
     9         406         19571.9          1.8443          0.0625      Successful search (ES-wcm)        
     9         407         19571.2         1.65617          0.0625      Successful search (ES-wcm)        
     9         408         19571.1           1.548          0.0625      Successful search (ES-wcm)        
     9         412           19571          1.4905          0.0625      Successful search (ES-wcm)        
     9         448           19571          1.4905         0.03125          Refine grid             
    10         449         19571.3        0.960206         0.03125      Successful search (ES-wcm)        
    10         450         19570.8         1.10491         0.03125      Successful search (ES-ell)        
    10         453         19570.6         1.19841         0.03125      Successful search (ES-ell)        
    10         486         19570.6         1.19841        0.015625          Refine grid             
    11         488         19571.7        0.770741        0.015625      Successful search (ES-ell)        
    11         489         19571.7         1.06271        0.015625      Successful search (ES-wcm)        
    11         506         19571.7        0.793667        0.015625      Successful search (ES-wcm)        
    11         507         19571.5         1.16559        0.015625      Successful search (ES-wcm)        
    11         509         19571.3         1.58076        0.015625      Successful search (ES-wcm)        
    11         511           19571         1.81893        0.015625      Successful search (ES-wcm)        
    11         516         19570.5         1.47246        0.015625      Successful search (ES-wcm)        
    11         517         19568.9         2.00345        0.015625      Successful search (ES-wcm)        
    11         524         19568.9         1.37371        0.015625      Successful search (ES-wcm)        
    11         554         19568.2         1.75334         0.03125        Successful poll           
    12         555         19567.3         1.70956         0.03125      Successful search (ES-ell)        
    12         556           19567         1.96591         0.03125      Successful search (ES-ell)        
    12         591           19567         1.96591        0.015625          Refine grid             
    13         592           19571         0.69075        0.015625      Successful search (ES-ell)        
    13         593           19571        0.969179        0.015625      Successful search (ES-ell)        
    13         594         19570.2          1.5558        0.015625      Successful search (ES-wcm)        
    13         596         19569.9         1.53071        0.015625      Successful search (ES-wcm)        
    13         602         19569.8         1.43957        0.015625      Successful search (ES-wcm)        
    13         603         19569.7         1.74357        0.015625      Successful search (ES-wcm)        
    13         607         19568.2         1.49606        0.015625      Successful search (ES-wcm)        
    13         627         19565.1         1.51923         0.03125        Successful poll           
    14         628         19567.1         1.77297         0.03125      Successful search (ES-ell)        
    14         665         19567.1         1.77297        0.015625          Refine grid             
    15         666           19571        0.737025        0.015625      Successful search (ES-wcm)        
    15         669         19570.8          1.0132        0.015625      Successful search (ES-wcm)        
    15         672         19570.6         1.15332        0.015625      Successful search (ES-wcm)        
    15         677         19570.5         1.38082        0.015625      Successful search (ES-wcm)        
    15         682         19569.9         1.16877        0.015625      Successful search (ES-wcm)        
    15         684         19569.1         1.06822        0.015625      Successful search (ES-wcm)        
    15         686         19568.2         1.17601        0.015625      Successful search (ES-ell)        
    15         687         19568.2         1.40006        0.015625      Successful search (ES-ell)        
    15         688         19567.7         1.79135        0.015625      Successful search (ES-ell)        
    15         689         19566.2          2.1628        0.015625      Successful search (ES-ell)        
    15         691         19564.4         2.32609        0.015625      Successful search (ES-ell)        
    15         723         19564.4         2.32609       0.0078125          Refine grid             
    16         724         19571.1        0.660014       0.0078125      Successful search (ES-ell)        
    16         725         19570.7        0.673072       0.0078125      Successful search (ES-ell)        
    16         726         19570.5        0.824291       0.0078125      Successful search (ES-ell)        
    16         727         19569.7         1.09932       0.0078125      Successful search (ES-ell)        
    16         728         19569.5         1.52002       0.0078125      Successful search (ES-ell)        
    16         729         19567.1         1.91181       0.0078125      Successful search (ES-ell)        
    16         760         19567.1         1.91181      0.00390625          Refine grid             
    17         761         19571.1        0.638286      0.00390625      Successful search (ES-wcm)        
    17         762         19570.9        0.623236      0.00390625      Successful search (ES-wcm)        
    17         763         19570.6        0.613987      0.00390625      Successful search (ES-wcm)        
    17         764         19570.3        0.599832      0.00390625      Successful search (ES-ell)        
    17         765         19569.9        0.681726      0.00390625      Successful search (ES-ell)        
    17         766         19569.6         1.04031      0.00390625      Successful search (ES-ell)        
    17         767         19569.1         1.43006      0.00390625      Successful search (ES-wcm)        
    17         768         19568.8         2.17353      0.00390625      Successful search (ES-ell)        
    17         798         19568.8         2.17353      0.00195312          Refine grid             Train
    18         799         19571.1        0.654922      0.00195312      Successful search (ES-ell)        
    18         800         19570.9        0.659673      0.00195312      Successful search (ES-ell)        
    18         801         19570.9        0.669559      0.00195312      Successful search (ES-ell)        
    18         802         19570.8        0.699693      0.00195312      Successful search (ES-ell)        
    18         803         19570.6        0.750901      0.00195312      Successful search (ES-ell)        
    18         804         19570.6        0.860658      0.00195312      Successful search (ES-ell)        
    18         805         19570.2         1.07187      0.00195312      Successful search (ES-ell)        
    18         806           19570         1.38714      0.00195312      Successful search (ES-ell)        
    18         812         19569.8         1.16308      0.00195312      Successful search (ES-ell)        
    18         813         19569.7         1.15292      0.00195312      Successful search (ES-ell)        
    18         846         19569.7         1.15292     0.000976562          Refine grid             Train
Optimization terminated: change in the function value less than options['tol_mesh']
Estimated function value at minimum: 19570.72796755848 ± 0.46021778816762515 (mean ± SEM from 100 samples)
BADS minimum at: x_min = [3.09850e+00 1.62047e+01 1.63990e+01 2.18900e-01 2.00000e-04 3.46000e-01
 9.87000e-02 1.63994e+01 5.10900e-01 3.49400e-01], training NLL = 19570.728
total f-count: 946, time: 40.96 min

 Optimization Run 2/5
Initial params: [0.9396, 2.2144, 4.2077, 41.774, 0.5765, 0.2867, 0.4553, 19.5522, 0.8418, 0.875]
bads:TooCloseBounds: For each variable, hard and plausible bounds should not be too close. Moving plausible bounds.
Variables (index) internally transformed to log coordinates: [[0 0]
 [0 3]
 [0 4]]
Beginning optimization of a STOCHASTIC objective function

 Iteration    f-count      E[f(x)]        SD[f(x)]           MeshScale          Method              Actions
     0           1         22555.4             nan               1                                  
     0          33         20651.6             nan               1          Initial mesh            Initial points
     0          34         20573.9        0.999826               1        Successful poll           Train
     1          35         20243.4        0.999835               1      Successful search (ES-wcm)        
     1          44         20214.4        0.990793               1      Successful search (ES-wcm)        
     1          46         20194.3        0.999338               1      Successful search (ES-wcm)        
     1          52         20188.3        0.989366               1      Successful search (ES-wcm)        
     1          55         20170.1         1.00097               1      Successful search (ES-ell)        
     1          59         20079.1         1.00085               1      Successful search (ES-ell)        
     1          65         19983.1         1.00095               1      Successful search (ES-ell)        
     1          70         19980.6         1.00069               1      Successful search (ES-ell)        
     1          75         19938.4         1.00077               1      Successful search (ES-ell)        
     1          80         19906.4         1.02807               1      Successful search (ES-ell)        
     1          81         19871.1         1.02814               1      Successful search (ES-ell)        
     1          90         19866.8         1.02477               1      Successful search (ES-ell)        
     1          92         19852.2         1.02466               1      Successful search (ES-ell)        
     1         103           19840        0.984086               1      Successful search (ES-ell)        
     1         112         19837.8        0.960023               1      Successful search (ES-ell)        
     1         114         19837.6        0.946913               1      Incremental search (ES-ell)        
     1         123         19834.6        0.698659               1      Successful search (ES-ell)        
     1         130         19831.5        0.716894               1      Successful search (ES-ell)        
     1         133         19820.4        0.710668               1      Successful search (ES-ell)        
     1         159         19820.4        0.710668             0.5          Refine grid             
     2         160         19799.1         13.0727             0.5      Successful search (ES-ell)        
     2         161         19773.8         14.6379             0.5      Successful search (ES-wcm)        
     2         163         19762.3         14.5814             0.5      Successful search (ES-wcm)        
     2         167         19754.5          14.207             0.5      Successful search (ES-ell)        
     2         172         19750.2         13.3611             0.5      Successful search (ES-ell)        
     2         176         19743.5         10.0181             0.5      Successful search (ES-ell)        
     2         178         19720.2         10.6129             0.5      Successful search (ES-ell)        
     2         183         19711.8         11.4748             0.5      Successful search (ES-ell)        
     2         184         19710.7         13.5682             0.5      Successful search (ES-ell)        
     2         185           19698         14.9809             0.5      Successful search (ES-ell)        
     2         197         19697.3         5.96814             0.5      Successful search (ES-ell)        
     2         199         19697.2         6.00917             0.5      Incremental search (ES-ell)        
     2         206           19697         5.65535             0.5      Incremental search (ES-ell)        
     2         221         19694.2         14.6032               1        Successful poll           
     3         222         19619.7         15.6245               1      Successful search (ES-wcm)        
     3         239         19601.8         5.01462               1      Successful search (ES-ell)        
     3         241         19601.8         4.91092               1      Incremental search (ES-ell)        
     3         247         19590.5         5.38549               1      Successful search (ES-wcm)        
     3         249         19580.6         5.24122               1      Successful search (ES-ell)        
     3         274         19580.6         5.24122             0.5          Refine grid             
     4         281         19592.5         2.62836             0.5      Successful search (ES-ell)        
     4         284         19587.2         2.67029             0.5      Successful search (ES-ell)        
     4         290         19585.2         3.55847             0.5      Successful search (ES-ell)        
     4         301         19584.3         2.67972             0.5      Successful search (ES-ell)        
     4         304         19584.3         2.08061             0.5      Incremental search (ES-ell)        
     4         307         19583.5         4.89459             0.5      Successful search (ES-ell)        
     4         311         19581.5         4.40192             0.5      Successful search (ES-ell)        
     4         313         19577.9         4.69024             0.5      Successful search (ES-ell)        
     4         318         19575.1         4.45683             0.5      Successful search (ES-ell)        
     4         323           19575         3.37341             0.5      Incremental search (ES-ell)        
     4         325         19572.1         5.30153             0.5      Successful search (ES-ell)        
     4         333         19571.1         3.64974             0.5      Successful search (ES-wcm)        
     4         358         19571.1         3.64974            0.25          Refine grid             
     5         360         19578.5         3.58013            0.25      Successful search (ES-ell)        
     5         366         19578.3          2.7794            0.25      Successful search (ES-ell)        
     5         367         19578.1         3.86286            0.25      Successful search (ES-wcm)        
     5         373         19577.7         2.85154            0.25      Successful search (ES-ell)        
     5         374         19576.9         2.96048            0.25      Successful search (ES-ell)        
     5         386         19576.7         1.92062            0.25      Successful search (ES-wcm)        
     5         387           19576         2.09199            0.25      Successful search (ES-wcm)        
     5         388         19574.8         2.62483            0.25      Successful search (ES-wcm)        
     5         389         19574.8         3.36293            0.25      Incremental search (ES-ell)        
     5         391           19574         2.92942            0.25      Successful search (ES-ell)        
     5         395         19573.7         2.35944            0.25      Successful search (ES-ell)        
     5         404         19573.6         1.76192            0.25      Incremental search (ES-ell)        
     5         405         19572.5         1.92188            0.25      Successful search (ES-ell)        
     5         407         19571.8         1.94609            0.25      Successful search (ES-ell)        
     5         432         19570.4         1.85925             0.5        Successful poll           
     6         436         19569.5         2.42763             0.5      Successful search (ES-ell)        
     6         441           19569         2.08485             0.5      Successful search (ES-ell)        
     6         442         19568.2         2.36375             0.5      Successful search (ES-ell)        
     6         444         19567.7         3.12646             0.5      Successful search (ES-ell)        
     6         448         19567.6         2.89892             0.5      Incremental search (ES-ell)        
     6         458         19566.9         1.89314             0.5      Successful search (ES-ell)        
     6         459         19565.6         1.97963             0.5      Successful search (ES-ell)        
     6         468         19565.6         1.64255             0.5      Incremental search (ES-ell)        
     6         485         19565.6         1.64255            0.25          Refine grid             
     7         487         19537.3         2.62813            0.25      Successful search (ES-ell)        
     7         518         19537.3         2.62813           0.125          Refine grid             
     8         544         19568.9         1.07576         0.03125          Refine grid             Train
     9         545         19567.6          1.1543         0.03125      Successful search (ES-ell)        
     9         546         19566.9         1.36814         0.03125      Successful search (ES-ell)        
     9         548         19566.7         1.60063         0.03125      Successful search (ES-ell)        
     9         552         19566.4          1.4211         0.03125      Successful search (ES-ell)        
     9         554         19566.2          1.3744         0.03125      Successful search (ES-ell)        
     9         555         19565.4         1.31189         0.03125      Successful search (ES-ell)        
     9         560         19565.2         1.17794         0.03125      Successful search (ES-wcm)        
     9         566         19564.8         1.09923         0.03125      Successful search (ES-ell)        
     9         591           19556        0.996391          0.0625        Successful poll           Train
    10         592         19546.2         1.56694          0.0625      Successful search (ES-ell)        
    10         593           19546         1.83875          0.0625      Successful search (ES-ell)        
    10         628           19546         1.83875         0.03125          Refine grid             
    11         629         19568.3        0.947849         0.03125      Successful search (ES-ell)        
    11         630         19567.8         1.32866         0.03125      Successful search (ES-ell)        
    11         631         19567.5         1.98547         0.03125      Successful search (ES-ell)        
    11         635         19566.8         1.84142         0.03125      Successful search (ES-ell)        
    11         650         19563.2         3.33161          0.0625        Successful poll           
    12         651         19567.6        0.993192          0.0625      Successful search (ES-ell)        
    12         653         19566.8         1.26302          0.0625      Successful search (ES-ell)        
    12         657         19566.1         1.33018          0.0625      Successful search (ES-ell)        
    12         662         19564.8        0.948154          0.0625      Successful search (ES-wcm)        
    12         663         19563.8         1.11675          0.0625      Successful search (ES-wcm)        
    12         684         19562.4         1.19769           0.125        Successful poll           
    13         686         19561.7         1.07257           0.125      Successful search (ES-ell)        
    13         687         19558.6         1.13629           0.125      Successful search (ES-ell)        
    13         688         19552.5         1.43202           0.125      Successful search (ES-ell)        
    13         719         19552.5         1.43202          0.0625          Refine grid             Train
    14         720         19568.4          1.3883          0.0625      Successful search (ES-ell)        
    14         721         19568.1         2.01403          0.0625      Successful search (ES-ell)        
    14         756         19567.6         1.14597           0.125        Successful poll           
    15         764         19566.1         1.83265           0.125      Successful search (ES-wcm)        
    15         765           19562         1.79221           0.125      Successful search (ES-ell)        
    15         766         19555.7         1.81755           0.125      Successful search (ES-ell)        
    15         767         19534.8         2.60916           0.125      Successful search (ES-ell)        
    15         801         19534.8         2.60916          0.0625          Refine grid             
    16         802         19567.6         1.25091          0.0625      Successful search (ES-ell)        
    16         803         19566.7          1.6941          0.0625      Successful search (ES-ell)        
    16         804         19566.2         2.19343          0.0625      Successful search (ES-ell)        
    16         839         19566.2         2.19343         0.03125          Refine grid             
    17         840         19567.5          1.0798         0.03125      Successful search (ES-ell)        
    17         852         19567.2         1.08455         0.03125      Successful search (ES-wcm)        
    17         853         19566.8         1.04248         0.03125      Successful search (ES-wcm)        
    17         854         19566.1         1.11734         0.03125      Successful search (ES-wcm)        
    17         855         19565.6         1.24893         0.03125      Successful search (ES-wcm)        
    17         856         19565.4         1.64562         0.03125      Successful search (ES-ell)        
    17         865         19565.4         1.14276         0.03125      Successful search (ES-ell)        
    17         866         19564.5         1.13906         0.03125      Successful search (ES-ell)        
    17         867         19564.1         1.16405         0.03125      Successful search (ES-ell)        
    17         868         19563.2         1.12347         0.03125      Successful search (ES-wcm)        
    17         869         19561.4         1.60346         0.03125      Successful search (ES-wcm)        
    17         870         19560.6          1.7271         0.03125      Successful search (ES-wcm)        
    17         871         19559.7         1.75619         0.03125      Successful search (ES-wcm)        
    17         872         19558.6         1.85471         0.03125      Successful search (ES-wcm)        
    17         906         19558.6         1.85471        0.015625          Refine grid             
    18         933         19564.3         1.17725       0.0078125          Refine grid             Train
    19         934         19565.7        0.790054       0.0078125      Successful search (ES-wcm)        
    19         935           19565        0.759969       0.0078125      Successful search (ES-wcm)        
    19         936         19563.6        0.836849       0.0078125      Successful search (ES-wcm)        
    19         937         19562.3        0.971373       0.0078125      Successful search (ES-wcm)        
    19         938         19561.5         1.04938       0.0078125      Successful search (ES-wcm)        
    19         939         19560.8         1.15091       0.0078125      Successful search (ES-wcm)        
    19         940         19559.9          1.4855       0.0078125      Successful search (ES-wcm)        
    19         941         19559.5         2.30757       0.0078125      Successful search (ES-wcm)        
    19         943           19559         2.49378       0.0078125      Successful search (ES-wcm)        
    19         969           19559         2.49378      0.00390625          Refine grid             Train
    20         970         19564.2         1.13965      0.00390625      Successful search (ES-ell)        
    20         971         19562.3         1.13896      0.00390625      Successful search (ES-ell)        
    20         972         19560.7         1.14081      0.00390625      Successful search (ES-ell)        
    20         973         19558.4          1.1636      0.00390625      Successful search (ES-ell)        
    20         974         19554.4         1.22582      0.00390625      Successful search (ES-ell)        
    20         975         19549.9         1.40078      0.00390625      Successful search (ES-ell)        
    20         976         19546.4         1.66211      0.00390625      Successful search (ES-ell)        
    20         977         19539.2         2.01184      0.00390625      Successful search (ES-ell)        
    20        1008         19539.2         2.01184      0.00195312          Refine grid             
    21        1009         19565.9        0.815931      0.00195312      Successful search (ES-ell)        
    21        1010         19565.4         0.81919      0.00195312      Successful search (ES-ell)        
    21        1011         19564.6        0.860035      0.00195312      Successful search (ES-ell)        
    21        1012         19563.4        0.992113      0.00195312      Successful search (ES-ell)        
    21        1013         19561.9         1.20202      0.00195312      Successful search (ES-ell)        
    21        1014         19561.8         1.64303      0.00195312      Successful search (ES-ell)        
    21        1046         19561.8         1.64303     0.000976562          Refine grid             
Optimization terminated: change in the function value less than options['tol_mesh']
Estimated function value at minimum: 19567.36648385715 ± 0.5864078040183711 (mean ± SEM from 100 samples)
BADS minimum at: x_min = [ 2.4078 14.9691 14.5429  0.2369  0.      0.3742  0.0665 14.9711  0.0975
  0.3344], training NLL = 19567.3665
total f-count: 1146, time: 51.91 min

 Optimization Run 3/5
Initial params: [1.6955, 5.0165, 12.1709, 45.7922, 3.0131, 0.3805, 0.5753, 22.0558, 0.6425, 0.3404]
bads:TooCloseBounds: For each variable, hard and plausible bounds should not be too close. Moving plausible bounds.
Variables (index) internally transformed to log coordinates: [[0 0]
 [0 3]
 [0 4]]
Beginning optimization of a STOCHASTIC objective function

 Iteration    f-count      E[f(x)]        SD[f(x)]           MeshScale          Method              Actions
     0           1         22555.4             nan               1                                  
     0          33         20652.6             nan               1          Initial mesh            Initial points
     0          34         20592.5        0.999836               1        Successful poll           Train
     1          35         20410.7        0.999846               1      Successful search (ES-wcm)        
     1          40         20257.9        0.999315               1      Successful search (ES-wcm)        
     1          41         20251.1        0.999696               1      Successful search (ES-wcm)        
     1          43         20190.2        0.999117               1      Successful search (ES-wcm)        
     1          46           20175        0.999637               1      Successful search (ES-wcm)        
     1          48           20151        0.997577               1      Successful search (ES-wcm)        
     1          51         20142.8        0.991769               1      Successful search (ES-wcm)        
     1          53         20101.4        0.991917               1      Successful search (ES-ell)        
     1          55         20089.3        0.998954               1      Successful search (ES-ell)        
     1          57         20076.2        0.998961               1      Successful search (ES-ell)        
     1          60         19940.2        0.998941               1      Successful search (ES-ell)        
     1          62         19925.2        0.998929               1      Successful search (ES-ell)        
     1          71         19903.7        0.996632               1      Successful search (ES-ell)        
     1          72         19887.1        0.998208               1      Successful search (ES-ell)        
     1          76           19851         1.04301               1      Successful search (ES-wcm)        
     1          80         19848.7         1.04162               1      Successful search (ES-wcm)        
     1          82         19841.1         1.04286               1      Successful search (ES-wcm)        
     1          88         19789.7         1.04294               1      Successful search (ES-wcm)        
     1          89         19772.3          1.0431               1      Successful search (ES-wcm)        
     1          90         19731.2          1.0431               1      Successful search (ES-ell)        
     1          94           19712         1.04302               1      Successful search (ES-ell)        
     1          98         19709.1         1.01352               1      Successful search (ES-wcm)        
     1         102         19655.6         1.01129               1      Successful search (ES-ell)        
     1         105         19630.1         1.01349               1      Successful search (ES-ell)        
     1         108         19591.2         1.01302               1      Successful search (ES-ell)        
     1         119         19579.6         1.25738               1      Successful search (ES-ell)        
     1         122         19550.9         1.25162               1      Successful search (ES-ell)        
     1         129         19545.2         1.24233               1      Successful search (ES-ell)        
     1         156         19545.2         1.24233             0.5          Refine grid             
     2         158         19554.1         7.48667             0.5      Successful search (ES-ell)        
     2         159         19533.9         9.67288             0.5      Successful search (ES-wcm)        
     2         189         19533.7         7.28999            0.25          Refine grid             Train
     3         190         19532.5          8.7326            0.25      Successful search (ES-wcm)        
     3         222         19532.5          8.7326           0.125          Refine grid             
     4         223         19539.6         3.84611           0.125      Successful search (ES-ell)        
     4         225         19538.7         3.82813           0.125      Successful search (ES-ell)        
     4         226         19537.5         5.44887           0.125      Successful search (ES-ell)        
     4         227         19534.8         7.94446           0.125      Successful search (ES-ell)        
     4         233         19531.6         3.04198           0.125      Successful search (ES-wcm)        
     4         234         19528.6         3.65793           0.125      Successful search (ES-wcm)        
     4         235         19522.9          5.0478           0.125      Successful search (ES-wcm)        
     4         239         19522.6         3.86802           0.125      Successful search (ES-wcm)        
     4         240         19521.9         4.56697           0.125      Successful search (ES-wcm)        
     4         268         19521.6         2.78399            0.25        Successful poll           
     5         269         19517.2         3.95494            0.25      Successful search (ES-ell)        
     5         300         19517.2         3.95494           0.125          Refine grid             
     6         301         19523.3         2.38665           0.125      Successful search (ES-ell)        
     6         302         19521.4         3.22948           0.125      Successful search (ES-ell)        
     6         335         19521.4         3.22948          0.0625          Refine grid             Train
     7         336         19525.6         1.81582          0.0625      Successful search (ES-ell)        
     7         337         19524.7          2.1959          0.0625      Successful search (ES-ell)        
     7         338         19524.3         2.64632          0.0625      Successful search (ES-wcm)        
     7         339         19524.1         2.74223          0.0625      Successful search (ES-wcm)        
     7         340           19523         2.83952          0.0625      Successful search (ES-wcm)        
     7         341         19521.5         3.00118          0.0625      Successful search (ES-wcm)        
     7         343         19519.5         3.50078          0.0625      Successful search (ES-ell)        
     7         345         19518.7         3.56151          0.0625      Successful search (ES-ell)        
     7         346           19518         3.57725          0.0625      Successful search (ES-ell)        
     7         347         19517.6         3.67172          0.0625      Successful search (ES-ell)        
     7         348         19516.8         3.72258          0.0625      Successful search (ES-ell)        
     7         349         19515.1         3.97182          0.0625      Successful search (ES-ell)        
     7         350         19513.8          4.6157          0.0625      Successful search (ES-ell)        
     7         352           19513         4.99197          0.0625      Successful search (ES-ell)        
     7         364           19513         3.00354          0.0625      Successful search (ES-wcm)        
     7         365         19511.8         2.92782          0.0625      Successful search (ES-ell)        
     7         366         19510.2          3.0621          0.0625      Successful search (ES-ell)        
     7         367         19509.6         3.14365          0.0625      Successful search (ES-ell)        
     7         369           19509         3.52916          0.0625      Successful search (ES-ell)        
     7         401           19509         3.52916         0.03125          Refine grid             Train
     8         402           19509           1.336         0.03125      Successful search (ES-ell)        
     8         403         19504.9         2.79333         0.03125      Successful search (ES-ell)        
     8         404         19499.7         2.66713         0.03125      Successful search (ES-wcm)        
     8         405         19497.5         3.47849         0.03125      Successful search (ES-wcm)        
     8         438         19497.5         3.47849        0.015625          Refine grid             Train
     9         439         19512.7         1.20113        0.015625      Successful search (ES-wcm)        
     9         440         19511.2         1.78524        0.015625      Successful search (ES-wcm)        
     9         441         19508.9          2.6642        0.015625      Successful search (ES-ell)        
     9         443         19508.5         2.51585        0.015625      Successful search (ES-ell)        
     9         444         19505.5         3.25055        0.015625      Successful search (ES-wcm)        
     9         476         19504.7         2.05456         0.03125        Successful poll           
    10         478         19504.2         2.02827         0.03125      Successful search (ES-ell)        
    10         479         19503.6         2.55209         0.03125      Successful search (ES-ell)        
    10         481         19502.6         2.13758         0.03125      Successful search (ES-wcm)        
    10         485         19502.5         1.49239         0.03125      Successful search (ES-ell)        
    10         486         19501.9          1.5643         0.03125      Successful search (ES-ell)        
    10         487         19499.9         2.04283         0.03125      Successful search (ES-ell)        
    10         490         19499.3         1.83425         0.03125      Successful search (ES-wcm)        
    10         500         19499.2         1.39641         0.03125      Successful search (ES-wcm)        
    10         501         19498.4         1.52377         0.03125      Successful search (ES-wcm)        
    10         502         19498.1         1.76622         0.03125      Successful search (ES-wcm)        
    10         533         19498.1         1.76622        0.015625          Refine grid             
    11         535         19499.7        0.993312        0.015625      Successful search (ES-ell)        
    11         536         19499.5         1.16158        0.015625      Successful search (ES-ell)        
    11         537         19499.3         1.55734        0.015625      Successful search (ES-ell)        
    11         570         19499.3         1.55734       0.0078125          Refine grid             
    12         571         19500.5        0.864891       0.0078125      Successful search (ES-wcm)        
    12         573         19500.4        0.982353       0.0078125      Successful search (ES-wcm)        
    12         574         19500.3         1.13795       0.0078125      Successful search (ES-ell)        
    12         575         19500.1          1.3098       0.0078125      Successful search (ES-ell)        
    12         579         19499.9         1.42225       0.0078125      Successful search (ES-wcm)        
    12         583         19499.7         1.42726       0.0078125      Successful search (ES-wcm)        
    12         585         19499.4         1.46859       0.0078125      Successful search (ES-wcm)        
    12         589           19499         1.16063       0.0078125      Successful search (ES-ell)        
    12         592         19498.6        0.996394       0.0078125      Successful search (ES-wcm)        
    12         593         19497.4        0.870446       0.0078125      Successful search (ES-wcm)        
    12         594         19496.6        0.900321       0.0078125      Successful search (ES-ell)        
    12         595         19495.3         1.00181       0.0078125      Successful search (ES-ell)        
    12         596         19493.5         1.28808       0.0078125      Successful search (ES-ell)        
    12         597           19493         1.71806       0.0078125      Successful search (ES-ell)        
    12         598         19492.1         2.16775       0.0078125      Successful search (ES-ell)        
    12         627         19492.1         2.16775      0.00390625          Refine grid             
    13         628         19500.7        0.832887      0.00390625      Successful search (ES-wcm)        
    13         629         19500.4        0.832787      0.00390625      Successful search (ES-wcm)        
    13         630         19500.1        0.812391      0.00390625      Successful search (ES-ell)        
    13         631           19500        0.933473      0.00390625      Successful search (ES-ell)        
    13         633         19499.6        0.935755      0.00390625      Successful search (ES-wcm)        
    13         635         19499.5         1.07139      0.00390625      Successful search (ES-wcm)        
    13         659         19483.2         1.05761       0.0078125        Successful poll           
    14         686         19501.2        0.791139      0.00390625          Refine grid             
    15         687         19499.1        0.752727      0.00390625      Successful search (ES-wcm)        
    15         688         19497.9        0.846707      0.00390625      Successful search (ES-ell)        
    15         689         19497.3         1.43174      0.00390625      Successful search (ES-ell)        
    15         690         19495.4         2.25138      0.00390625      Successful search (ES-ell)        
    15         723         19495.4         2.25138      0.00195312          Refine grid             Train
    16         724         19499.2        0.778426      0.00195312      Successful search (ES-ell)        
    16         726         19499.1        0.822705      0.00195312      Successful search (ES-ell)        
    16         760         19499.1        0.822705     0.000976562          Refine grid             
Optimization terminated: change in the function value less than options['tol_mesh']
Estimated function value at minimum: 19500.215970602327 ± 0.5611246576616524 (mean ± SEM from 100 samples)
BADS minimum at: x_min = [4.99890e+00 1.52630e+01 1.44217e+01 2.37100e-01 8.00000e-03 9.78000e-02
 5.09000e-02 1.52632e+01 9.49700e-01 1.98000e-02], training NLL = 19500.216
total f-count: 860, time: 38.31 min

 Optimization Run 4/5
Initial params: [0.6315, 7.5372, 5.0201, 11.9113, 3.4159, 0.3847, 0.6483, 25.7939, 0.8108, 0.6598]
bads:TooCloseBounds: For each variable, hard and plausible bounds should not be too close. Moving plausible bounds.
Variables (index) internally transformed to log coordinates: [[0 0]
 [0 3]
 [0 4]]
Beginning optimization of a STOCHASTIC objective function

 Iteration    f-count      E[f(x)]        SD[f(x)]           MeshScale          Method              Actions
     0           1         22555.4             nan               1                                  
     0          33         20664.1             nan               1          Initial mesh            Initial points
     0          34         20577.7        0.999815               1        Successful poll           Train
     1          36         20521.1         0.99982               1      Successful search (ES-wcm)        
     1          37         20336.8        0.999826               1      Successful search (ES-wcm)        
     1          40         20330.8        0.999641               1      Successful search (ES-wcm)        
     1          41         20212.7         0.99974               1      Successful search (ES-wcm)        
     1          42         20105.8        0.999814               1      Successful search (ES-wcm)        
     1          44         20085.1        0.999817               1      Successful search (ES-ell)        
     1          45         20032.4        0.999737               1      Successful search (ES-wcm)        
     1          49         19997.7        0.999461               1      Successful search (ES-wcm)        
     1          52         19990.6         0.99929               1      Successful search (ES-ell)        
     1          56         19929.3         1.02785               1      Successful search (ES-wcm)        
     1          57         19926.8         1.02787               1      Successful search (ES-wcm)        
     1          60         19833.9         1.02787               1      Successful search (ES-wcm)        
     1          62         19806.6         1.02694               1      Successful search (ES-wcm)        
     1          70         19803.3         1.02439               1      Successful search (ES-wcm)        
     1          73         19797.6        0.994348               1      Successful search (ES-wcm)        
     1          84         19797.5        0.976457               1      Incremental search (ES-wcm)        
     1          94         19787.6         1.07121               1        Successful poll           
     2          97         19785.9         1.09424               1      Successful search (ES-ell)        
     2          98         19777.8         1.09475               1      Successful search (ES-ell)        
     2         102         19747.7         1.09413               1      Successful search (ES-ell)        
     2         104         19731.1         1.09343               1      Successful search (ES-ell)        
     2         107         19724.7         1.09397               1      Successful search (ES-ell)        
     2         110         19688.8         1.09313               1      Successful search (ES-ell)        
     2         137         19688.8         1.09313             0.5          Refine grid             
     3         140         19708.4         13.0316             0.5      Successful search (ES-wcm)        
     3         144         19706.6         7.61263             0.5      Successful search (ES-wcm)        
     3         145         19704.7         6.68073             0.5      Successful search (ES-wcm)        
     3         149         19699.3         12.6686             0.5      Successful search (ES-wcm)        
     3         154         19688.6         11.7048             0.5      Successful search (ES-ell)        
     3         156         19684.4         10.9848             0.5      Successful search (ES-ell)        
     3         160         19678.5         11.9567             0.5      Successful search (ES-ell)        
     3         192         19670.3         14.4592               1        Successful poll           Train
     4         195         19668.6         16.9039               1      Incremental search (ES-wcm)        
     4         202         19662.8         16.5006               1      Successful search (ES-wcm)        
     4         209         19653.6         16.0793               1      Successful search (ES-wcm)        
     4         212         19652.2          13.746               1      Successful search (ES-wcm)        
     4         216         19635.8         14.4252               1      Successful search (ES-wcm)        
     4         222         19631.4         11.1555               1      Successful search (ES-wcm)        
     4         227           19601          13.367               1      Successful search (ES-ell)        
     4         239         19598.5         9.67153               1      Successful search (ES-ell)        
     4         240         19588.5         13.8892               1      Successful search (ES-ell)        
     4         246         19565.6         12.3581               1      Successful search (ES-ell)        
     4         248         19558.2         12.5977               1      Successful search (ES-ell)        
     4         251           19551         13.0952               1      Successful search (ES-ell)        
     4         259           19549         7.56381               1      Successful search (ES-ell)        
     4         260         19543.3         9.16715               1      Successful search (ES-ell)        
     4         285         19543.3         9.16715             0.5          Refine grid             Train
     5         289         19538.6         5.36723             0.5      Successful search (ES-ell)        
     5         320         19538.6         5.36723            0.25          Refine grid             
     6         324         19537.7         4.21998            0.25      Successful search (ES-wcm)        
     6         335         19537.6         4.07508            0.25      Successful search (ES-wcm)        
     6         338           19535         2.98907            0.25      Successful search (ES-wcm)        
     6         340           19534          3.2597            0.25      Successful search (ES-wcm)        
     6         344         19533.5         4.20972            0.25      Successful search (ES-wcm)        
     6         345         19532.4         6.04736            0.25      Successful search (ES-wcm)        
     6         348         19532.2         6.31591            0.25      Successful search (ES-wcm)        
     6         357         19530.8         3.30258            0.25      Successful search (ES-wcm)        
     6         360         19528.1         3.03254            0.25      Successful search (ES-wcm)        
     6         364         19528.1         3.38342            0.25      Incremental search (ES-wcm)        
     6         366         19528.1         3.89755            0.25      Incremental search (ES-wcm)        
     6         369         19527.1         4.44431            0.25      Successful search (ES-wcm)        
     6         375         19523.4         3.46007            0.25      Successful search (ES-wcm)        
     6         378         19522.6         3.35196            0.25      Successful search (ES-wcm)        
     6         384         19521.9         3.08952            0.25      Successful search (ES-wcm)        
     6         386         19519.4         3.20459            0.25      Successful search (ES-ell)        
     6         392         19518.4          2.8857            0.25      Successful search (ES-ell)        
     6         393         19516.1         3.25006            0.25      Successful search (ES-ell)        
     6         395         19512.6         3.62345            0.25      Successful search (ES-ell)        
     6         396           19511         3.92573            0.25      Successful search (ES-ell)        
     6         398         19509.4         3.21104            0.25      Successful search (ES-ell)        
     6         426         19509.4         3.21104           0.125          Refine grid             
     7         428         19508.8         1.69284           0.125      Successful search (ES-ell)        
     7         462         19508.8         1.69284          0.0625          Refine grid             
     8         488         19509.3         1.25769         0.03125          Refine grid             Train
     9         489           19509         1.30735         0.03125      Successful search (ES-ell)        
     9         490         19508.9         1.64216         0.03125      Successful search (ES-ell)        
     9         492         19508.8         2.33532         0.03125      Successful search (ES-ell)        
     9         493           19508         3.87867         0.03125      Successful search (ES-ell)        
     9         494         19505.5         4.89714         0.03125      Successful search (ES-ell)        
     9         496         19504.4         5.24278         0.03125      Successful search (ES-ell)        
     9         526         19504.4         5.24278        0.015625          Refine grid             
    10         527         19506.8         1.36382        0.015625      Successful search (ES-wcm)        
    10         528         19505.5         1.61114        0.015625      Successful search (ES-wcm)        
    10         529         19504.2         1.72214        0.015625      Successful search (ES-wcm)        
    10         531         19503.8         2.07775        0.015625      Successful search (ES-ell)        
    10         563         19503.8         2.07775       0.0078125          Refine grid             
    11         564         19504.7          1.0995       0.0078125      Successful search (ES-wcm)        
    11         565         19503.5          1.2755       0.0078125      Successful search (ES-ell)        
    11         566         19503.4         1.62298       0.0078125      Successful search (ES-ell)        
    11         567         19502.5         2.34777       0.0078125      Successful search (ES-ell)        
    11         569         19501.8         2.44237       0.0078125      Successful search (ES-ell)        
    11         570         19499.3          3.1769       0.0078125      Successful search (ES-ell)        
    11         601         19499.3          3.1769      0.00390625          Refine grid             Train
    12         602         19500.6         1.12916      0.00390625      Successful search (ES-wcm)        
    12         639         19500.6         1.12916      0.00195312          Refine grid             
    13         640         19500.9        0.710325      0.00195312      Successful search (ES-ell)        
    13         641         19499.8        0.781466      0.00195312      Successful search (ES-ell)        
    13         642         19499.5        0.938642      0.00195312      Successful search (ES-wcm)        
    13         643         19499.4         1.18013      0.00195312      Successful search (ES-wcm)        
    13         677         19499.4         1.18013     0.000976562          Refine grid             
Optimization terminated: change in the function value less than options['tol_mesh']
Estimated function value at minimum: 19502.17672387741 ± 0.5005176820075559 (mean ± SEM from 100 samples)
BADS minimum at: x_min = [ 4.1646 15.2653 15.1942  0.2282  0.1143  0.196   0.0885 15.2734  0.8239
  0.5495], training NLL = 19502.1767
total f-count: 777, time: 32.41 min

 Optimization Run 5/5
Initial params: [1.9617, 8.5927, 12.7705, 12.883, 4.9012, 0.4295, 0.1574, 18.9382, 0.8836, 0.3249]
bads:TooCloseBounds: For each variable, hard and plausible bounds should not be too close. Moving plausible bounds.
Variables (index) internally transformed to log coordinates: [[0 0]
 [0 3]
 [0 4]]
Beginning optimization of a STOCHASTIC objective function

 Iteration    f-count      E[f(x)]        SD[f(x)]           MeshScale          Method              Actions
     0           1         22555.4             nan               1                                  
     0          33         20665.4             nan               1          Initial mesh            Initial points
     0          34         20586.4         0.99984               1        Successful poll           Train
     1          36         20290.5        0.999833               1      Successful search (ES-wcm)        
     1          40         20159.5        0.999589               1      Successful search (ES-wcm)        
     1          68         19983.3          1.0533               1        Successful poll           Train
     2          90         19933.4         1.16319               1        Successful poll           Train
     3         103         19860.1         10.5419               1        Successful poll           Train
     4         118         19825.9         10.6759               1        Successful poll           Train
     5         119         19798.2         10.6099               1      Successful search (ES-ell)        
     5         121         19711.8         10.5539               1      Successful search (ES-ell)        
     5         128           19679            10.2               1      Successful search (ES-wcm)        
     5         134         19675.8         9.90944               1      Successful search (ES-wcm)        
     5         138         19673.9         6.58213               1      Successful search (ES-wcm)        
     5         155           19609          24.351               1        Successful poll           
     6         162         19605.1         16.9266               1      Successful search (ES-ell)        
     6         163         19599.7         15.5799               1      Successful search (ES-ell)        
     6         164         19596.3         14.5068               1      Successful search (ES-ell)        
     6         165         19593.9         13.6359               1      Successful search (ES-ell)        
     6         188         19593.9         13.6359             0.5          Refine grid             Train
     7         189         19611.5         22.3137             0.5      Successful search (ES-wcm)        
     7         190         19602.7         29.9131             0.5      Successful search (ES-wcm)        
     7         196         19600.1         15.6278             0.5      Successful search (ES-ell)        
     7         202         19587.4         17.3063             0.5      Successful search (ES-wcm)        
     7         204         19576.1         15.6295             0.5      Successful search (ES-wcm)        
     7         205         19572.4         19.2407             0.5      Successful search (ES-wcm)        
     7         206         19567.1         20.4099             0.5      Successful search (ES-wcm)        
     7         231         19567.1         20.4099            0.25          Refine grid             Train
     8         232         19595.9         12.7987            0.25      Successful search (ES-ell)        
     8         233         19592.5         12.5763            0.25      Successful search (ES-ell)        
     8         234         19589.8         12.3269            0.25      Successful search (ES-ell)        
     8         235         19581.7         22.5025            0.25      Successful search (ES-wcm)        
     8         236           19573         24.3388            0.25      Successful search (ES-wcm)        
     8         264           19573         24.3388           0.125          Refine grid             
     9         265         19594.4         10.9847           0.125      Successful search (ES-wcm)        
     9         266         19588.8         11.0296           0.125      Successful search (ES-wcm)        
     9         267           19584         12.7931           0.125      Successful search (ES-wcm)        
     9         269         19583.1         14.8048           0.125      Successful search (ES-wcm)        
     9         277           19571           4.438           0.125      Successful search (ES-ell)        
     9         278         19548.6         6.13583           0.125      Successful search (ES-ell)        
     9         280         19546.9         5.60567           0.125      Successful search (ES-ell)        
     9         281           19539         6.88324           0.125      Successful search (ES-ell)        
     9         282         19537.7         7.59662           0.125      Successful search (ES-ell)        
     9         284         19534.5         8.04418           0.125      Successful search (ES-ell)        
     9         285         19528.4         7.49206           0.125      Successful search (ES-ell)        
     9         296         19526.7         4.83231           0.125      Successful search (ES-ell)        
     9         305         19522.2         5.12194           0.125      Successful search (ES-ell)        
     9         309         19521.7         4.22653           0.125      Successful search (ES-ell)        
     9         312         19520.5          3.9221           0.125      Successful search (ES-ell)        
     9         328         19520.4         3.98079            0.25        Successful poll           Train
    10         353         19521.2         4.07963           0.125          Refine grid             Train
    11         354         19522.4         4.62571           0.125      Successful search (ES-wcm)        
    11         356         19521.8         4.09674           0.125      Successful search (ES-wcm)        
    11         359         19521.5         3.60011           0.125      Successful search (ES-ell)        
    11         366         19520.3         2.67295           0.125      Successful search (ES-ell)        
    11         369           19520         2.76485           0.125      Successful search (ES-ell)        
    11         372           19520            2.45           0.125      Incremental search (ES-ell)        
    11         376         19519.7         2.24613           0.125      Successful search (ES-ell)        
    11         380         19451.5         2.25203           0.125      Successful search (ES-ell)        
    11         381         19448.1         2.23464           0.125      Successful search (ES-ell)        
    11         409         19448.1         2.23464          0.0625          Refine grid             
    12         410           19496         1.47498          0.0625      Successful search (ES-ell)        
    12         411         19488.9          2.1312          0.0625      Successful search (ES-ell)        
    12         412         19483.4         3.49735          0.0625      Successful search (ES-ell)        
    12         445         19483.4         3.49735         0.03125          Refine grid             Train
    13         446         19502.2         2.16103         0.03125      Successful search (ES-wcm)        
    13         481         19502.2         2.16103        0.015625          Refine grid             Train
    14         482         19517.1         1.44372        0.015625      Successful search (ES-wcm)        
    14         483         19514.3         1.77711        0.015625      Successful search (ES-wcm)        
    14         484         19512.1         2.65722        0.015625      Successful search (ES-wcm)        
    14         517         19512.1         2.65722       0.0078125          Refine grid             
    15         518         19522.1         1.20676       0.0078125      Successful search (ES-wcm)        
    15         519         19521.6         1.23286       0.0078125      Successful search (ES-wcm)        
    15         520         19520.6         1.30371       0.0078125      Successful search (ES-wcm)        
    15         521         19519.9         1.46221       0.0078125      Successful search (ES-wcm)        
    15         524         19519.8         1.48034       0.0078125      Successful search (ES-ell)        
    15         525         19519.1         1.65526       0.0078125      Successful search (ES-ell)        
    15         526         19517.8         2.00196       0.0078125      Successful search (ES-ell)        
    15         527           19517         2.49563       0.0078125      Successful search (ES-ell)        
    15         528           19516          2.4804       0.0078125      Successful search (ES-ell)        
    15         564           19516          2.4804      0.00390625          Refine grid             
    16         565           19521        0.877652      0.00390625      Successful search (ES-ell)        
    16         566         19520.1         1.15268      0.00390625      Successful search (ES-wcm)        
    16         567         19519.1         1.67641      0.00390625      Successful search (ES-wcm)        
    16         568         19517.8         2.19892      0.00390625      Successful search (ES-wcm)        
    16         575           19517         1.60252      0.00390625      Successful search (ES-wcm)        
    16         576         19516.4         1.57553      0.00390625      Successful search (ES-ell)        
    16         577           19516         1.59887      0.00390625      Successful search (ES-ell)        
    16         578         19515.9         1.75832      0.00390625      Successful search (ES-ell)        
    16         612         19515.9         1.75832      0.00195312          Refine grid             
    17         613         19518.7         0.78474      0.00195312      Successful search (ES-ell)        
    17         614         19518.5        0.795538      0.00195312      Successful search (ES-ell)        
    17         616         19518.4        0.795944      0.00195312      Successful search (ES-ell)        
    17         617         19518.3        0.833141      0.00195312      Successful search (ES-ell)        
    17         634         19510.9         3.63843      0.00390625        Successful poll           Train
    18         635         19519.1        0.645998      0.00390625      Successful search (ES-ell)        
    18         636         19518.8        0.636918      0.00390625      Successful search (ES-ell)        
    18         637         19517.3        0.825718      0.00390625      Successful search (ES-wcm)        
    18         638           19517        0.833043      0.00390625      Successful search (ES-ell)        
    18         639         19515.3         1.59542      0.00390625      Successful search (ES-wcm)        
    18         672         19515.3         1.59542      0.00195312          Refine grid             
    19         673           19520        0.592025      0.00195312      Successful search (ES-wcm)        
    19         674         19519.7        0.650086      0.00195312      Successful search (ES-ell)        
    19         675         19519.5        0.871376      0.00195312      Successful search (ES-ell)        
    19         676         19519.1         1.26423      0.00195312      Successful search (ES-ell)        
    19         679         19518.8         1.38614      0.00195312      Successful search (ES-ell)        
    19         682         19518.8         1.37559      0.00195312      Successful search (ES-wcm)        
    19         686         19518.7        0.710824      0.00195312      Successful search (ES-wcm)        
    19         687         19518.7        0.716712      0.00195312      Successful search (ES-wcm)        
    19         688         19517.3        0.819767      0.00195312      Successful search (ES-wcm)        
    19         689         19516.6        0.860021      0.00195312      Successful search (ES-ell)        
    19         690         19515.5        0.869109      0.00195312      Successful search (ES-ell)        
    19         691         19514.5        0.870733      0.00195312      Successful search (ES-ell)        
    19         692           19513        0.831344      0.00195312      Successful search (ES-ell)        
    19         693         19512.5        0.826832      0.00195312      Successful search (ES-ell)        
    19         694         19511.6         0.81272      0.00195312      Successful search (ES-ell)        
    19         695         19511.1        0.956771      0.00195312      Successful search (ES-ell)        
    19         696           19510         1.07467      0.00195312      Successful search (ES-ell)        
    19         697         19507.8         1.17866      0.00195312      Successful search (ES-ell)        
    19         698         19505.9         1.41444      0.00195312      Successful search (ES-ell)        
    19         699           19503         1.55015      0.00195312      Successful search (ES-ell)        
    19         700         19499.7         1.62079      0.00195312      Successful search (ES-ell)        
    19         701         19497.5         1.95505      0.00195312      Successful search (ES-ell)        
    19         730         19497.5         1.95505     0.000976562          Refine grid             
Optimization terminated: change in the function value less than options['tol_mesh']
Estimated function value at minimum: 19521.367126161065 ± 0.5210345160686443 (mean ± SEM from 100 samples)
BADS minimum at: x_min = [ 4.8359 14.6679 15.2275  0.2311  0.0521  0.1455  0.1027 15.2327  0.3617
  0.0206], training NLL = 19521.3671
total f-count: 830, time: 34.62 min

 ------- Finish Optimization for Subject 2 ---------- 
Fri Mar 13 02:04:24 2026       
+---------------------------------------------------------------------------------------+
| NVIDIA-SMI 535.113.01             Driver Version: 535.113.01   CUDA Version: 12.2     |
|-----------------------------------------+----------------------+----------------------+
| GPU  Name                 Persistence-M | Bus-Id        Disp.A | Volatile Uncorr. ECC |
| Fan  Temp   Perf          Pwr:Usage/Cap |         Memory-Usage | GPU-Util  Compute M. |
|                                         |                      |               MIG M. |
|=========================================+======================+======================|
|   0  NVIDIA L40S                    On  | 00000000:21:00.0 Off |                    0 |
| N/A   43C    P0              87W / 350W |      3MiB / 46068MiB |      7%      Default |
|                                         |                      |                  N/A |
+-----------------------------------------+----------------------+----------------------+
                                                                                         
+---------------------------------------------------------------------------------------+
| Processes:                                                                            |
|  GPU   GI   CI        PID   Type   Process name                            GPU Memory |
|        ID   ID                                                             Usage      |
|=======================================================================================|
|  No running processes found                                                           |
+---------------------------------------------------------------------------------------+
----------------------------------------
Start job epilogue Fri Mar 13 02:04:24 CET 2026
----------------------------------------
Job ID:          51246998
Job Exit Code:   0:0
Username:        wenlou
Group:           mpla
Queue:           gpu
Compute nodes:   dccn-c088
Asked resources: walltime=1-00:00:00,nodes=1,cpus=8,mem=2G
Used resources:  cputime=1-02:28:00,walltime=03:18:30,memory=0
----------------------------------------
End job epilogue Fri Mar 13 02:04:24 CET 2026
----------------------------------------
