----------------------------------------
Start task prologue Fri Mar  6 20:36:31 CET 2026
----------------------------------------
Step ID:         51194418.
Username:        wenlou
Group:           mpla
Asked resources: walltime=1-00:00:00,nodes=1,cpus=8,mem=2G
Queue:           gpu
Compute nodes:   dccn-c078
----------------------------------------
End task prologue Fri Mar  6 20:36:31 CET 2026
----------------------------------------
CUDA version:
nvcc: NVIDIA (R) Cuda compiler driver
Copyright (c) 2005-2024 NVIDIA Corporation
Built on Thu_Mar_28_02:18:24_PDT_2024
Cuda compilation tools, release 12.4, V12.4.131
Build cuda_12.4.r12.4/compiler.34097967_0

[WARNING] Please note the interface change for (de-)activating conda environment:

  - DO NOT use `conda activate` to enter the conda environment as it requires extra step to modify your ~/.bashrc file, which will force you to use this Anaconda version (2024.06).  Therefore keep using `source activate` instead.

  - DO use `conda deactivate` to leave your conda environment as `source deactivate` will be deprecated in future release.

Running model for expriment=percept_only4, m_id=4, method=bads
device is : cpu
['percept_only4', '4', '2', 'bads', '5']

 ------- Start Optimization for Subject 2 ---------- 

 Cross Validation fold 0/1

 -- Start Optimization: method BADS --

 Optimization Run 1/5
Initial params: [0.4015, 7.3646, 8.5369, 5.3414, 3.185, 0.6578, 24.5983, 0.5653, 0.4704]
bads:TooCloseBounds: For each variable, hard and plausible bounds should not be too close. Moving plausible bounds.
Variables (index) internally transformed to log coordinates: [[0 0]
 [0 3]
 [0 4]]
Beginning optimization of a STOCHASTIC objective function

 Iteration    f-count      E[f(x)]        SD[f(x)]           MeshScale          Method              Actions
     0           1         22534.4             nan               1                                  
     0          33         21172.7             nan               1          Initial mesh            Initial points
     0          45         20875.5        0.999689               1        Successful poll           Train
     1          49           20535        0.999462               1      Successful search (ES-wcm)        
     1          53         20492.7         1.03216               1      Successful search (ES-wcm)        
     1          62           20448         1.03123               1      Successful search (ES-wcm)        
     1          63         20447.7         1.03078               1      Incremental search (ES-wcm)        
     1          68         20437.4         1.03051               1      Successful search (ES-wcm)        
     1          79         20404.4        0.983923               1      Successful search (ES-wcm)        
     1          83         20380.3        0.984295               1      Successful search (ES-ell)        
     1          87           20354        0.984251               1      Successful search (ES-ell)        
     1          95         20345.6        0.940926               1      Successful search (ES-ell)        
     1          97         20296.4        0.940974               1      Successful search (ES-ell)        
     1          99         20284.6        0.940884               1      Successful search (ES-ell)        
     1         104         20264.9         0.94058               1      Successful search (ES-ell)        
     1         123         20258.9         1.15292               1        Successful poll           
     2         143         20258.8         1.15291             0.5          Refine grid             
     3         149         20241.8         1.73596             0.5      Successful search (ES-ell)        
     3         157         20226.5          1.7354             0.5      Successful search (ES-ell)        
     3         170         20173.5         1.66528             0.5      Successful search (ES-ell)        
     3         193         20173.5         1.66528            0.25          Refine grid             Train
     4         201         20148.7          1.6259            0.25      Successful search (ES-ell)        
     4         228         20148.7          1.6259           0.125          Refine grid             
     5         255         20172.7        0.615023          0.0625          Refine grid             
     6         256         20155.4         1.68766          0.0625      Successful search (ES-ell)        
     6         267         20151.2          1.4273          0.0625      Successful search (ES-wcm)        
     6         268         20147.4         1.04092          0.0625      Successful search (ES-wcm)        
     6         281         20143.1           3.046          0.0625      Successful search (ES-wcm)        
     6         288         20140.3         3.38051          0.0625      Successful search (ES-wcm)        
     6         289           20134         3.37222          0.0625      Successful search (ES-ell)        
     6         318           20134         3.37222         0.03125          Refine grid             
     7         320           20139         3.05504         0.03125      Successful search (ES-ell)        
     7         326         20138.9         2.19602         0.03125      Successful search (ES-ell)        
     7         327         20135.4         2.80822         0.03125      Successful search (ES-ell)        
     7         354         20135.4         2.80822        0.015625          Refine grid             
     8         355         20139.3         2.26748        0.015625      Successful search (ES-ell)        
     8         357         20137.4         2.12122        0.015625      Successful search (ES-wcm)        
     8         358           20134         2.55772        0.015625      Successful search (ES-wcm)        
     8         361         20133.9         2.76401        0.015625      Successful search (ES-wcm)        
     8         363         20132.1         3.08355        0.015625      Successful search (ES-wcm)        
     8         364         20124.3         3.18169        0.015625      Successful search (ES-wcm)        
     8         398         20113.4         3.76069         0.03125        Successful poll           
     9         425         20115.7          3.5331        0.015625          Refine grid             Train
    10         426         20118.5         2.89091        0.015625      Successful search (ES-ell)        
    10         461         20118.5         2.89091       0.0078125          Refine grid             
    11         462           20121         2.87668       0.0078125      Successful search (ES-ell)        
    11         471           20120         2.01823       0.0078125      Successful search (ES-wcm)        
    11         506           20120         2.01823      0.00390625          Refine grid             
    12         507         20120.2          1.3494      0.00390625      Successful search (ES-wcm)        
    12         518         20120.1         1.12052      0.00390625      Successful search (ES-ell)        
    12         519         20119.9         1.60405      0.00390625      Successful search (ES-ell)        
    12         551         20119.9         1.60405      0.00195312          Refine grid             
    13         552           20120        0.628564      0.00195312      Successful search (ES-wcm)        
    13         564         20119.9        0.541111      0.00195312      Successful search (ES-ell)        
    13         566         20119.9        0.557921      0.00195312      Successful search (ES-ell)        
    13         567         20119.9        0.610026      0.00195312      Successful search (ES-ell)        
    13         568         20119.7        0.712971      0.00195312      Successful search (ES-ell)        
    13         572         20119.7        0.735357      0.00195312      Successful search (ES-wcm)        
    13         605         20119.7        0.735357     0.000976562          Refine grid             Train
Optimization terminated: change in the function value less than options['tol_mesh']
Estimated function value at minimum: 20121.384528449842 ± 0.4424077345139401 (mean ± SEM from 100 samples)
BADS minimum at: x_min = [ 1.4537  6.6346 11.4203  0.2258  2.6415  0.206  13.2626  0.4735  0.7851], training NLL = 20121.3845
total f-count: 705, time: 31.04 min

 Optimization Run 2/5
Initial params: [0.0477, 2.4176, 2.6331, 44.8386, 3.7271, 0.2498, 24.5531, 0.6662, 0.1938]
bads:TooCloseBounds: For each variable, hard and plausible bounds should not be too close. Moving plausible bounds.
Variables (index) internally transformed to log coordinates: [[0 0]
 [0 3]
 [0 4]]
Beginning optimization of a STOCHASTIC objective function

 Iteration    f-count      E[f(x)]        SD[f(x)]           MeshScale          Method              Actions
     0           1         22551.2             nan               1                                  
     0          33         21168.7             nan               1          Initial mesh            Initial points
     0          45         20875.7        0.999735               1        Successful poll           Train
     1          47           20589        0.999699               1      Successful search (ES-ell)        
     1          54         20497.7        0.689615               1      Successful search (ES-ell)        
     1          57         20454.2        0.690088               1      Successful search (ES-ell)        
     1          59         20359.1        0.690104               1      Successful search (ES-ell)        
     1          67           20356        0.690026               1      Successful search (ES-ell)        
     1          71         20315.8        0.688763               1      Successful search (ES-wcm)        
     1          80         20311.5        0.817522               1      Successful search (ES-wcm)        
     1          87         20293.9        0.816178               1      Successful search (ES-wcm)        
     1          92         20293.6         1.05812               1      Incremental search (ES-wcm)        
     1         109         20285.9          1.0557               1        Successful poll           Train
     2         111           20217         1.08244               1      Successful search (ES-wcm)        
     2         121         20194.8         1.08244               1      Successful search (ES-wcm)        
     2         124           20183         1.08244               1      Successful search (ES-wcm)        
     2         144         20178.1         1.07021               1        Successful poll           
     3         151         20172.1         1.11626               1      Successful search (ES-ell)        
     3         153         20158.4         1.11609               1      Successful search (ES-ell)        
     3         165         20154.5         1.04919               1        Successful poll           
     4         173         20113.6         1.35391               1      Successful search (ES-ell)        
     4         194         20113.6         1.35391             0.5          Refine grid             Train
     5         197           20111         1.19805             0.5      Successful search (ES-ell)        
     5         203         20033.9         1.19662             0.5      Successful search (ES-ell)        
     5         226         20033.9         1.19662            0.25          Refine grid             Train
     6         251         20037.8        0.738274           0.125          Refine grid             Train
     7         253         20039.7         1.34311           0.125      Successful search (ES-ell)        
     7         267         20039.3         3.17882           0.125      Successful search (ES-ell)        
     7         269         20033.8         3.74957           0.125      Successful search (ES-wcm)        
     7         294         20033.8         3.74957          0.0625          Refine grid             
     8         300         20030.3         4.21305          0.0625      Successful search (ES-wcm)        
     8         303         20030.1         4.34379          0.0625      Successful search (ES-wcm)        
     8         310         20027.4         3.96879          0.0625      Successful search (ES-wcm)        
     8         311         20024.1          3.6681          0.0625      Successful search (ES-wcm)        
     8         312           20024         4.24299          0.0625      Successful search (ES-ell)        
     8         319         20023.5         3.52335          0.0625      Successful search (ES-ell)        
     8         328         20020.1         2.58206          0.0625      Successful search (ES-wcm)        
     8         337         20019.5         3.05512          0.0625      Successful search (ES-wcm)        
     8         338         20019.4         4.31933          0.0625      Successful search (ES-wcm)        
     8         364         20019.4         4.31933         0.03125          Refine grid             
     9         367         20015.3         3.98393         0.03125      Successful search (ES-wcm)        
     9         373         20015.2          2.6295         0.03125      Successful search (ES-wcm)        
     9         378         20013.8         2.75673         0.03125      Successful search (ES-ell)        
     9         386         20011.3         3.02771         0.03125      Successful search (ES-ell)        
     9         416         20011.3         3.02771        0.015625          Refine grid             
    10         419         20012.9         2.01146        0.015625      Successful search (ES-wcm)        
    10         420         20012.1         2.92626        0.015625      Successful search (ES-wcm)        
    10         421           20011         3.69102        0.015625      Successful search (ES-wcm)        
    10         450           20011         3.69102       0.0078125          Refine grid             Train
    11         451         20012.5         2.93283       0.0078125      Successful search (ES-ell)        
    11         486         20012.5         2.93283      0.00390625          Refine grid             Train
    12         487         20012.4         2.43665      0.00390625      Successful search (ES-wcm)        
    12         489         20012.3         1.68933      0.00390625      Successful search (ES-wcm)        
    12         490         20008.7         2.66929      0.00390625      Successful search (ES-ell)        
    12         491           20008         3.75107      0.00390625      Successful search (ES-ell)        
    12         522           20008         3.75107      0.00195312          Refine grid             
    13         523         20008.9         1.45398      0.00195312      Successful search (ES-wcm)        
    13         524         20008.6          2.0271      0.00195312      Successful search (ES-wcm)        
    13         526         20007.5         1.43034      0.00195312      Successful search (ES-wcm)        
    13         527         20006.9         1.37537      0.00195312      Successful search (ES-wcm)        
    13         529         20006.7          1.6138      0.00195312      Successful search (ES-wcm)        
    13         535         20006.5         1.24646      0.00195312      Successful search (ES-wcm)        
    13         567         20006.5         1.24646     0.000976562          Refine grid             
Optimization terminated: change in the function value less than options['tol_mesh']
Estimated function value at minimum: 20008.180856309893 ± 0.44161446012332056 (mean ± SEM from 100 samples)
BADS minimum at: x_min = [ 2.168   7.4935 11.9945  0.2832  1.5356  0.1857 12.0572  0.2623  0.1788], training NLL = 20008.1809
total f-count: 667, time: 29.29 min

 Optimization Run 3/5
Initial params: [1.587, 4.4213, 14.9153, 30.3929, 0.1116, 0.6723, 26.6588, 0.5762, 0.3557]
bads:TooCloseBounds: For each variable, hard and plausible bounds should not be too close. Moving plausible bounds.
Variables (index) internally transformed to log coordinates: [[0 0]
 [0 3]
 [0 4]]
Beginning optimization of a STOCHASTIC objective function

 Iteration    f-count      E[f(x)]        SD[f(x)]           MeshScale          Method              Actions
     0           1         22555.4             nan               1                                  
     0          33         21172.6             nan               1          Initial mesh            Initial points
     0          45         20878.8        0.999743               1        Successful poll           Train
     1          52         20660.8        0.990209               1      Successful search (ES-wcm)        
     1          55         20533.4         0.70529               1      Successful search (ES-wcm)        
     1          56         20525.5        0.705288               1      Successful search (ES-wcm)        
     1          57         20508.4        0.705288               1      Successful search (ES-wcm)        
     1          59         20408.7         0.70529               1      Successful search (ES-wcm)        
     1          85         20321.4        0.709455               1        Successful poll           Train
     2         108         20320.5        0.899093             0.5          Refine grid             Train
     3         134         20320.5        0.899093            0.25          Refine grid             Train
     4         142         20274.5        0.844543            0.25      Successful search (ES-wcm)        
     4         148         20270.2        0.741457            0.25      Successful search (ES-wcm)        
     4         160         20268.5        0.740426            0.25      Successful search (ES-wcm)        
     4         168         20248.8        0.774366            0.25      Successful search (ES-ell)        
     4         173         20237.9        0.777776            0.25      Successful search (ES-ell)        
     4         178         20229.7        0.771943            0.25      Successful search (ES-ell)        
     4         187         20226.6         2.64631            0.25      Successful search (ES-ell)        
     4         195         20225.2          2.7524            0.25      Successful search (ES-ell)        
     4         197         20219.6          2.6831            0.25      Successful search (ES-ell)        
     4         202         20211.3          2.9792            0.25      Successful search (ES-ell)        
     4         233         20211.3          2.9792           0.125          Refine grid             Train
     5         239         20211.9         2.87941           0.125      Successful search (ES-ell)        
     5         240         20210.9         3.66392           0.125      Successful search (ES-ell)        
     5         269         20210.9         3.66392          0.0625          Refine grid             
     6         272         20212.1         1.95311          0.0625      Successful search (ES-wcm)        
     6         305         20212.1         1.95311         0.03125          Refine grid             
     7         306         20212.4         3.33709         0.03125      Successful search (ES-ell)        
     7         309         20210.8          3.9201         0.03125      Successful search (ES-wcm)        
     7         311         20209.2         4.03616         0.03125      Successful search (ES-ell)        
     7         313         20206.8         4.39238         0.03125      Successful search (ES-ell)        
     7         318         20206.5         3.61636         0.03125      Successful search (ES-wcm)        
     7         320         20205.4         2.59762         0.03125      Successful search (ES-wcm)        
     7         323         20205.3         2.11271         0.03125      Successful search (ES-wcm)        
     7         327         20203.4         2.36203         0.03125      Successful search (ES-wcm)        
     7         332         20202.7         1.88738         0.03125      Successful search (ES-wcm)        
     7         359         20202.1         1.28651          0.0625        Successful poll           
     8         365         20200.6         1.60438          0.0625      Successful search (ES-ell)        
     8         375         20200.5         1.69558          0.0625      Successful search (ES-ell)        
     8         383         20200.4         1.64865          0.0625      Successful search (ES-ell)        
     8         386         20200.2         2.04899          0.0625      Successful search (ES-ell)        
     8         388         20195.8          4.6863          0.0625      Successful search (ES-wcm)        
     8         392         20194.8         4.87202          0.0625      Successful search (ES-wcm)        
     8         400         20194.3         4.12914          0.0625      Successful search (ES-wcm)        
     8         402         20187.6         3.87455          0.0625      Successful search (ES-wcm)        
     8         431         20187.6         3.87455         0.03125          Refine grid             Train
     9         435         20191.3         2.53135         0.03125      Successful search (ES-wcm)        
     9         438         20190.1         2.38145         0.03125      Successful search (ES-wcm)        
     9         444         20189.5         3.33032         0.03125      Successful search (ES-ell)        
     9         476         20189.5         3.33032        0.015625          Refine grid             Train
    10         477           20191         3.09126        0.015625      Successful search (ES-ell)        
    10         485           20191         1.60341        0.015625      Successful search (ES-wcm)        
    10         488         20190.7         1.79972        0.015625      Successful search (ES-wcm)        
    10         491         20190.6          1.9222        0.015625      Successful search (ES-wcm)        
    10         521         20190.6          1.9222       0.0078125          Refine grid             Train
    11         526         20190.7        0.933628       0.0078125      Successful search (ES-ell)        
    11         529         20190.6        0.974586       0.0078125      Successful search (ES-ell)        
    11         557         20190.6        0.974586      0.00390625          Refine grid             Train
    12         558         20190.8          1.4613      0.00390625      Successful search (ES-ell)        
    12         561         20190.6         1.47486      0.00390625      Successful search (ES-ell)        
    12         564         20190.5         1.31971      0.00390625      Successful search (ES-ell)        
    12         565           20190         1.29315      0.00390625      Successful search (ES-ell)        
    12         567         20189.9         1.41849      0.00390625      Successful search (ES-wcm)        
    12         570         20189.8         1.28856      0.00390625      Successful search (ES-wcm)        
    12         571         20189.1         1.56809      0.00390625      Successful search (ES-wcm)        
    12         572           20189         2.00211      0.00390625      Successful search (ES-wcm)        
    12         573         20187.6         2.48729      0.00390625      Successful search (ES-ell)        
    12         602         20187.6         2.48729      0.00195312          Refine grid             Train
    13         603         20190.2        0.901048      0.00195312      Successful search (ES-ell)        
    13         605         20189.8        0.948191      0.00195312      Successful search (ES-wcm)        
    13         606         20189.6         1.12729      0.00195312      Successful search (ES-wcm)        
    13         607         20189.3         1.71974      0.00195312      Successful search (ES-wcm)        
    13         608         20188.5         2.69642      0.00195312      Successful search (ES-wcm)        
    13         609         20186.8         3.60839      0.00195312      Successful search (ES-wcm)        
    13         638         20186.8         3.60839     0.000976562          Refine grid             
Optimization terminated: change in the function value less than options['tol_mesh']
Estimated function value at minimum: 20189.63170072178 ± 0.3592325741001606 (mean ± SEM from 100 samples)
BADS minimum at: x_min = [ 1.0499  6.2912  7.9851  0.2689  2.6662  0.1633 17.6038  0.5661  0.3476], training NLL = 20189.6317
total f-count: 738, time: 32.41 min

 Optimization Run 4/5
Initial params: [1.0626, 4.7676, 8.5321, 19.2436, 2.5471, 0.6558, 29.0504, 0.6261, 0.478]
bads:TooCloseBounds: For each variable, hard and plausible bounds should not be too close. Moving plausible bounds.
Variables (index) internally transformed to log coordinates: [[0 0]
 [0 3]
 [0 4]]
Beginning optimization of a STOCHASTIC objective function

 Iteration    f-count      E[f(x)]        SD[f(x)]           MeshScale          Method              Actions
     0           1         22555.4             nan               1                                  
     0          33         21173.5             nan               1          Initial mesh            Initial points
     0          45         20878.1         0.99971               1        Successful poll           Train
     1          47         20816.7        0.999768               1      Successful search (ES-wcm)        
     1          54         20719.2        0.588193               1      Successful search (ES-wcm)        
     1          60         20678.4        0.588175               1      Successful search (ES-wcm)        
     1          61         20618.8        0.588191               1      Successful search (ES-wcm)        
     1          62           20607        0.588196               1      Successful search (ES-ell)        
     1          64         20537.1        0.588207               1      Successful search (ES-wcm)        
     1          65         20412.3        0.588206               1      Successful search (ES-ell)        
     1          70         20318.9        0.588198               1      Successful search (ES-ell)        
     1          91         20314.8        0.422393               1        Successful poll           Train
     2         112           20315        0.351324             0.5          Refine grid             Train
     3         129           20213         2.75242               1        Successful poll           Train
     4         142         20209.9         2.15338               1        Successful poll           Train
     5         151         20203.1         3.17868               1      Successful search (ES-ell)        
     5         154         20135.6         3.26027               1      Successful search (ES-ell)        
     5         179         20135.6         3.26027             0.5          Refine grid             
     6         180         20105.5         3.32737             0.5      Successful search (ES-ell)        
     6         210         20105.5         3.32737            0.25          Refine grid             
     7         215         20109.7         2.94679            0.25      Successful search (ES-ell)        
     7         217         20109.6         3.01837            0.25      Successful search (ES-ell)        
     7         219         20104.3         2.89355            0.25      Successful search (ES-ell)        
     7         224           20067          2.8794            0.25      Successful search (ES-ell)        
     7         251           20067          2.8794           0.125          Refine grid             
     8         253         20104.1         2.43348           0.125      Successful search (ES-ell)        
     8         255         20098.8         2.07299           0.125      Successful search (ES-ell)        
     8         256         20064.3         3.18101           0.125      Successful search (ES-ell)        
     8         285         20064.3         3.18101          0.0625          Refine grid             Train
     9         286         20067.1         3.88097          0.0625      Successful search (ES-ell)        
     9         296           20064         3.69495          0.0625      Successful search (ES-ell)        
     9         301         20056.6         3.76208          0.0625      Successful search (ES-wcm)        
     9         310         20049.9         3.01598          0.0625      Successful search (ES-wcm)        
     9         337         20049.9         3.01598         0.03125          Refine grid             Train
    10         338         20053.4         4.53012         0.03125      Successful search (ES-wcm)        
    10         344         20044.8         4.17372         0.03125      Successful search (ES-wcm)        
    10         370         20044.6         4.01578          0.0625        Successful poll           Train
    11         395         20045.1         1.99572           0.125        Successful poll           Train
    12         399         20045.4         5.10363           0.125      Successful search (ES-ell)        
    12         407         20038.6         5.26831           0.125      Successful search (ES-wcm)        
    12         412         20037.6         5.25317           0.125      Successful search (ES-wcm)        
    12         438         20027.9         4.92865            0.25        Successful poll           
    13         447         20017.3         4.56949            0.25      Successful search (ES-ell)        
    13         451         20012.2         4.80779            0.25      Successful search (ES-ell)        
    13         453         20009.4         4.82221            0.25      Successful search (ES-ell)        
    13         460         19996.4         4.61685            0.25      Successful search (ES-ell)        
    13         490         19996.4         4.61685           0.125          Refine grid             
    14         493         19995.4         4.66595           0.125      Successful search (ES-ell)        
    14         498         19991.4         4.10705           0.125      Successful search (ES-ell)        
    14         501         19988.1         4.34219           0.125      Successful search (ES-ell)        
    14         533         19988.1         4.34219          0.0625          Refine grid             
    15         538         19988.7         4.39176          0.0625      Successful search (ES-wcm)        
    15         567         19988.7         4.39176         0.03125          Refine grid             
    16         574         19989.9         2.45188         0.03125      Successful search (ES-wcm)        
    16         575         19986.9         2.28718         0.03125      Successful search (ES-wcm)        
    16         601         19986.9         2.28718        0.015625          Refine grid             Train
    17         606           19988         1.66621        0.015625      Successful search (ES-wcm)        
    17         635           19988         1.66621       0.0078125          Refine grid             Train
    18         638         19987.8         1.53495       0.0078125      Successful search (ES-ell)        
    18         669         19987.8         1.53495      0.00390625          Refine grid             
    19         670         19987.7         1.02245      0.00390625      Successful search (ES-wcm)        
    19         703         19987.7         1.02245      0.00195312          Refine grid             
    20         725         19987.5        0.581463      0.00390625        Successful poll           Train
    21         726         19987.8        0.742202      0.00390625      Successful search (ES-wcm)        
    21         728         19987.5        0.897287      0.00390625      Successful search (ES-wcm)        
    21         759         19987.5        0.897287      0.00195312          Refine grid             
    22         760         19987.9        0.884253      0.00195312      Successful search (ES-wcm)        
    22         761         19987.6        0.927736      0.00195312      Successful search (ES-wcm)        
    22         762         19987.2         1.20319      0.00195312      Successful search (ES-wcm)        
    22         764         19986.9         1.45948      0.00195312      Successful search (ES-wcm)        
    22         767         19986.3         1.52381      0.00195312      Successful search (ES-ell)        
    22         768         19985.5         2.35841      0.00195312      Successful search (ES-ell)        
    22         795         19985.5         2.35841     0.000976562          Refine grid             
Optimization terminated: change in the function value less than options['tol_mesh']
Estimated function value at minimum: 19988.24753306404 ± 0.45245497658124867 (mean ± SEM from 100 samples)
BADS minimum at: x_min = [ 1.5446  8.3965 10.1671  0.3243  1.6892  0.1314 10.1859  0.9169  0.1535], training NLL = 19988.2475
total f-count: 895, time: 39.36 min

 Optimization Run 5/5
Initial params: [1.714, 9.0096, 8.216, 9.2434, 1.953, 0.4868, 16.8747, 0.3785, 0.7158]
bads:TooCloseBounds: For each variable, hard and plausible bounds should not be too close. Moving plausible bounds.
Variables (index) internally transformed to log coordinates: [[0 0]
 [0 3]
 [0 4]]
Beginning optimization of a STOCHASTIC objective function

 Iteration    f-count      E[f(x)]        SD[f(x)]           MeshScale          Method              Actions
     0           1         22555.4             nan               1                                  
     0          33         21174.1             nan               1          Initial mesh            Initial points
     0          45         20876.4        0.999725               1        Successful poll           Train
     1          50           20822        0.998236               1      Successful search (ES-ell)        
     1          52         20615.6        0.997206               1      Successful search (ES-ell)        
     1          55         20583.4         1.02918               1      Successful search (ES-ell)        
     1          57         20582.6         1.02917               1      Incremental search (ES-ell)        
     1          62         20543.1         1.02907               1      Successful search (ES-ell)        
     1          69         20526.5         1.02786               1      Successful search (ES-ell)        
     1          70         20468.6         1.02784               1      Successful search (ES-ell)        
     1          71           20417         1.02911               1      Successful search (ES-wcm)        
     1          91           20412        0.945385               1        Successful poll           Train
     2          97           20375         1.30578               1      Successful search (ES-wcm)        
     2         100         20358.5         1.30319               1      Successful search (ES-ell)        
     2         101         20354.9         1.30636               1      Successful search (ES-ell)        
     2         131         20354.9         1.30636             0.5          Refine grid             Train
     3         155         20355.1         1.07709            0.25          Refine grid             Train
     4         164         20340.5         1.12267            0.25      Successful search (ES-ell)        
     4         189         20340.5         1.12267           0.125          Refine grid             Train
     5         214         20342.1        0.927782          0.0625          Refine grid             Train
     6         217           20344         1.18852          0.0625      Successful search (ES-ell)        
     6         229         20342.1         2.34795          0.0625      Successful search (ES-ell)        
     6         231         20338.5         2.48492          0.0625      Successful search (ES-ell)        
     6         257         20338.5         2.48492         0.03125          Refine grid             
     7         261         20347.7          1.7488         0.03125      Successful search (ES-ell)        
     7         265         20347.4         1.14164         0.03125      Successful search (ES-ell)        
     7         272         20346.8         2.10648         0.03125      Successful search (ES-ell)        
     7         273         20346.8         2.71681         0.03125      Successful search (ES-ell)        
     7         279         20345.9         2.35761         0.03125      Successful search (ES-ell)        
     7         290         20345.5         2.49262         0.03125      Successful search (ES-wcm)        
     7         319         20345.5         2.49262        0.015625          Refine grid             Train
     8         321         20348.4         1.48604        0.015625      Successful search (ES-wcm)        
     8         322         20347.3         2.78231        0.015625      Successful search (ES-wcm)        
     8         324         20337.6         2.68352        0.015625      Successful search (ES-ell)        
     8         355         20337.6         2.68352       0.0078125          Refine grid             
     9         356         20341.1         1.63621       0.0078125      Successful search (ES-wcm)        
     9         358         20340.7         1.67279       0.0078125      Successful search (ES-wcm)        
     9         364         20340.4         1.54346       0.0078125      Successful search (ES-wcm)        
     9         365         20339.9         1.97389       0.0078125      Successful search (ES-wcm)        
     9         400         20339.9         1.97389      0.00390625          Refine grid             
    10         403         20341.6        0.831784      0.00390625      Successful search (ES-wcm)        
    10         405         20341.3        0.999227      0.00390625      Successful search (ES-ell)        
    10         406         20340.7         1.34922      0.00390625      Successful search (ES-ell)        
    10         436         20340.7         1.34922      0.00195312          Refine grid             
    11         437         20342.1        0.804311      0.00195312      Successful search (ES-wcm)        
    11         439         20341.9        0.906108      0.00195312      Successful search (ES-wcm)        
    11         441         20341.8         1.05647      0.00195312      Successful search (ES-wcm)        
    11         472         20341.8         1.05647     0.000976562          Refine grid             Train
Optimization terminated: change in the function value less than options['tol_mesh']
Estimated function value at minimum: 20343.115714389438 ± 0.4985520306715695 (mean ± SEM from 100 samples)
BADS minimum at: x_min = [2.21680e+00 9.22730e+00 1.22651e+01 2.54800e-01 5.07900e-01 3.98700e-01
 1.91316e+01 1.27000e-02 9.73700e-01], training NLL = 20343.1157
total f-count: 572, time: 25.06 min

 ------- Finish Optimization for Subject 2 ---------- 
Fri Mar  6 23:13:56 2026       
+---------------------------------------------------------------------------------------+
| NVIDIA-SMI 535.113.01             Driver Version: 535.113.01   CUDA Version: 12.2     |
|-----------------------------------------+----------------------+----------------------+
| GPU  Name                 Persistence-M | Bus-Id        Disp.A | Volatile Uncorr. ECC |
| Fan  Temp   Perf          Pwr:Usage/Cap |         Memory-Usage | GPU-Util  Compute M. |
|                                         |                      |               MIG M. |
|=========================================+======================+======================|
|   0  NVIDIA A100-PCIE-40GB          On  | 00000000:81:00.0 Off |                 ERR! |
|ERR!  ERR! ERR!              ERR! / ERR! |      4MiB / 40960MiB |    ERR!      Default |
|                                         |                      |                 ERR! |
+-----------------------------------------+----------------------+----------------------+
                                                                                         
+---------------------------------------------------------------------------------------+
| Processes:                                                                            |
|  GPU   GI   CI        PID   Type   Process name                            GPU Memory |
|        ID   ID                                                             Usage      |
|=======================================================================================|
|  No running processes found                                                           |
+---------------------------------------------------------------------------------------+
----------------------------------------
Start job epilogue Fri Mar  6 23:14:16 CET 2026
----------------------------------------
Job ID:          51194418
Job Exit Code:   0:0
Username:        wenlou
Group:           mpla
Queue:           gpu
Compute nodes:   dccn-c078
Asked resources: walltime=1-00:00:00,nodes=1,cpus=8,mem=2G
Used resources:  cputime=21:02:00,walltime=02:37:45,memory=0
----------------------------------------
End job epilogue Fri Mar  6 23:14:16 CET 2026
----------------------------------------
