device is : cuda
['base', '1', 'all', 'bads', '1']

 ------- Start Optimization for Subject 2 ---------- 

 Cross Validation fold 0/1

 -- Start Optimization: method BADS --

 Optimization Run 1/1
Initial params: [1.6681, 8.7029, 7.3132, 7.6958, 2.3627, 14.8299, 0.3374, 0.1315, 0.9475, 0.1193, 0.7364]
bads:TooCloseBounds: For each variable, hard and plausible bounds should not be too close. Moving plausible bounds.
Variables (index) internally transformed to log coordinates: [[ 0  0]
 [ 0  3]
 [ 0  8]
 [ 0  9]
 [ 0 10]]
Beginning optimization of a STOCHASTIC objective function

 Iteration    f-count      E[f(x)]        SD[f(x)]           MeshScale          Method              Actions
     0           1         30257.3             nan               1                                  
     0          27         25910.7             nan               1          Initial mesh            Initial points
     0          42         25718.9        0.995589               1        Successful poll           Train
     1          43         25205.7        0.995588               1      Successful search (ES-wcm)        
     1          46         25005.3        0.995583               1      Successful search (ES-ell)        
     1          47         24335.1        0.995587               1      Successful search (ES-ell)        
     1          52         23731.1         1.03073               1      Successful search (ES-ell)        
     1          54         22414.1         1.03076               1      Successful search (ES-ell)        
     1          56         21617.2         1.03075               1      Successful search (ES-ell)        
     1          57         21437.7         1.03076               1      Successful search (ES-ell)        
     1          58         21049.1         1.03075               1      Successful search (ES-ell)        
     1          63         20925.3         1.03074               1      Successful search (ES-ell)        
     1          64         20904.6         1.03067               1      Successful search (ES-wcm)        
     1          66         20749.8         1.03069               1      Successful search (ES-ell)        
     1          67         20702.3         1.03054               1      Successful search (ES-ell)        
     1          70           20360         1.03068               1      Successful search (ES-ell)        
     1          73         19978.6         1.03054               1      Successful search (ES-ell)        
     1          77         19908.3        0.998746               1      Successful search (ES-ell)        
     1          79         19647.1         0.99875               1      Successful search (ES-wcm)        
     1          92         19586.7         0.99726               1      Successful search (ES-wcm)        
     1          94         19480.6        0.997278               1      Successful search (ES-ell)        
     1          95         19426.3        0.996802               1      Successful search (ES-ell)        
     1          97         19384.1        0.892053               1      Successful search (ES-ell)        
     1          98         19343.4        0.892089               1      Successful search (ES-ell)        
     1         102         19298.7        0.892087               1      Successful search (ES-ell)        
     1         106         19286.4        0.891966               1      Successful search (ES-ell)        
     1         107         19223.9        0.891931               1      Successful search (ES-ell)        
     1         113         19177.7        0.892038               1      Successful search (ES-ell)        
     1         118         19101.9        0.890062               1      Successful search (ES-ell)        
     1         146         19101.9        0.890062             0.5          Refine grid             Train
     2         153         18996.3        0.884938             0.5      Successful search (ES-ell)        
     2         185         18996.3        0.884938            0.25          Refine grid             
     3         214         18999.9         1.20864           0.125          Refine grid             
     4         222         19036.2        0.957075           0.125      Successful search (ES-ell)        
     4         254         19036.2        0.957075          0.0625          Refine grid             Train
     5         263           19032        0.946744          0.0625      Successful search (ES-wcm)        
     5         295           19032        0.946744         0.03125          Refine grid             Train
     6         302         19008.6        0.952121         0.03125      Successful search (ES-wcm)        
     6         336         19008.6        0.952121        0.015625          Refine grid             Train
     7         366         19012.8         1.11235       0.0078125          Refine grid             Train
     8         397         19029.3        0.947838      0.00195312          Refine grid             Train
     9         398         19101.3        0.946315      0.00195312      Successful search (ES-ell)        
     9         403         19078.1        0.923986      0.00195312      Successful search (ES-ell)        
     9         412         19076.5        0.726079      0.00195312      Successful search (ES-ell)        
     9         452         19076.5        0.726079     0.000976562          Refine grid             Train
Optimization terminated: change in the function value less than options['tol_mesh']
Estimated function value at minimum: 19173.309245139073 ± 5.05908965180439 (mean ± SEM from 100 samples)
BADS minimum at: x_min = [ 2.0459  9.3359  8.8174  0.2603 -0.3955  9.4312  0.4693  0.3826  0.0716
  1.9377  0.2821], training NLL = 19173.3092
total f-count: 552, time: 24.08 min

 ------- Finish Optimization for Subject 2 ---------- 

 ------- Start Optimization for Subject 3 ---------- 

 Cross Validation fold 0/1

 -- Start Optimization: method BADS --

 Optimization Run 1/1
Initial params: [0.7499, 9.5483, 6.2436, 18.4155, -4.8762, 17.2725, 0.3595, 0.1485, 0.1774, 0.6904, 0.9381]
bads:TooCloseBounds: For each variable, hard and plausible bounds should not be too close. Moving plausible bounds.
Variables (index) internally transformed to log coordinates: [[ 0  0]
 [ 0  3]
 [ 0  8]
 [ 0  9]
 [ 0 10]]
Beginning optimization of a STOCHASTIC objective function

 Iteration    f-count      E[f(x)]        SD[f(x)]           MeshScale          Method              Actions
     0           1         29016.5             nan               1                                  
     0          27         25886.7             nan               1          Initial mesh            Initial points
     0          43         25716.1        0.999129               1        Successful poll           Train
     1          44         24402.3        0.999125               1      Successful search (ES-wcm)        
     1          47         24214.1        0.999106               1      Successful search (ES-wcm)        
     1          48         23816.2        0.999119               1      Successful search (ES-wcm)        
     1          51         23761.6        0.982858               1      Successful search (ES-ell)        
     1          52           23494        0.982863               1      Successful search (ES-wcm)        
     1          53         22687.5        0.982857               1      Successful search (ES-wcm)        
     1          54         22560.2        0.982854               1      Successful search (ES-wcm)        
     1          55         22469.2        0.982855               1      Successful search (ES-wcm)        
     1          56         22372.5        0.982824               1      Successful search (ES-wcm)        
     1          62         22293.4        0.982103               1      Successful search (ES-wcm)        
     1          65         22261.8        0.980782               1      Successful search (ES-wcm)        
     1          74         22228.7         1.00511               1      Successful search (ES-wcm)        
     1          97           21828         1.00531               1        Successful poll           Train
     2          98         21813.9        0.979588               1      Successful search (ES-wcm)        
     2          99         20816.9        0.979588               1      Successful search (ES-wcm)        
     2         100         20475.9        0.979587               1      Successful search (ES-wcm)        
     2         101         20242.9        0.979587               1      Successful search (ES-wcm)        
     2         107         20033.8        0.979587               1      Successful search (ES-wcm)        
     2         119         19990.9        0.979168               1      Successful search (ES-wcm)        
     2         126         19922.2         1.01931               1      Successful search (ES-wcm)        
     2         155         19922.2         1.01931             0.5          Refine grid             Train
     3         180         19922.2        0.920664            0.25          Refine grid             Train
     4         204         19907.6         1.03314             0.5        Successful poll           Train
     5         211         19845.4         1.03314             0.5      Successful search (ES-wcm)        
     5         219         19757.2          53.342             0.5      Successful search (ES-wcm)        
     5         223         19753.2         39.0406             0.5      Successful search (ES-wcm)        
     5         251         19753.2         39.0406            0.25          Refine grid             
     6         252         19737.1         40.7123            0.25      Successful search (ES-wcm)        
     6         255         19719.7         32.6267            0.25      Successful search (ES-wcm)        
     6         256         19689.7          39.702            0.25      Successful search (ES-ell)        
     6         257           19676          46.891            0.25      Successful search (ES-ell)        
     6         288           19676          46.891           0.125          Refine grid             
     7         289         19719.4         14.2915           0.125      Successful search (ES-ell)        
     7         290         19713.5          18.724           0.125      Successful search (ES-ell)        
     7         291         19687.9         24.7197           0.125      Successful search (ES-ell)        
     7         326         19687.9         24.7197          0.0625          Refine grid             Train
     8         327         19727.1          10.819          0.0625      Successful search (ES-ell)        
     8         328         19719.1         12.9445          0.0625      Successful search (ES-ell)        
     8         330           19717         15.2098          0.0625      Successful search (ES-ell)        
     8         331         19709.9         18.3298          0.0625      Successful search (ES-ell)        
     8         332         19702.2          23.627          0.0625      Successful search (ES-ell)        
     8         336         19696.9          21.304          0.0625      Successful search (ES-ell)        
     8         337           19616         41.0118          0.0625      Successful search (ES-wcm)        
     8         338         19604.3         45.0187          0.0625      Successful search (ES-wcm)        
     8         349         19602.6         22.9385          0.0625      Successful search (ES-wcm)        
     8         359         19599.4         14.7056          0.0625      Successful search (ES-ell)        
     8         360         19598.8         16.9753          0.0625      Successful search (ES-ell)        
     8         362         19596.2          18.383          0.0625      Successful search (ES-ell)        
     8         365           19594         17.4242          0.0625      Successful search (ES-ell)        
     8         366         19585.6         28.5066          0.0625      Successful search (ES-wcm)        
     8         368         19582.6         27.4134          0.0625      Successful search (ES-wcm)        
     8         370         19582.3         19.9918          0.0625      Successful search (ES-wcm)        
     8         371         19581.1         25.3577          0.0625      Successful search (ES-wcm)        
     8         372         19570.1         28.3121          0.0625      Successful search (ES-ell)        
     8         373         19541.3         33.3251          0.0625      Successful search (ES-ell)        
     8         411         19541.3         33.3251         0.03125          Refine grid             
     9         412         19570.5         10.4757         0.03125      Successful search (ES-wcm)        
     9         413         19566.9         13.2226         0.03125      Successful search (ES-wcm)        
     9         414         19564.6         18.1138         0.03125      Successful search (ES-wcm)        
     9         415         19559.3         25.9385         0.03125      Successful search (ES-wcm)        
     9         417         19534.7         26.3741         0.03125      Successful search (ES-wcm)        
     9         418         19530.4         37.3759         0.03125      Successful search (ES-wcm)        
     9         420         19523.6         20.7316         0.03125      Successful search (ES-wcm)        
     9         421         19522.9         30.3369         0.03125      Successful search (ES-ell)        
     9         422         19494.7         39.0098         0.03125      Successful search (ES-ell)        
     9         423         19484.1         34.7078         0.03125      Successful search (ES-ell)        
     9         424         19460.9         36.2672         0.03125      Successful search (ES-wcm)        
     9         463         19460.9         36.2672        0.015625          Refine grid             
    10         464         19493.6         9.03628        0.015625      Successful search (ES-ell)        
    10         493         19463.8          16.474         0.03125        Successful poll           Train
    11         494         19464.3         18.5411         0.03125      Successful search (ES-ell)        
    11         495         19463.8           21.25         0.03125      Successful search (ES-ell)        
    11         496         19457.5         24.4826         0.03125      Successful search (ES-ell)        
    11         535         19457.5         24.4826        0.015625          Refine grid             
    12         536         19497.5         13.4352        0.015625      Successful search (ES-wcm)        
    12         537         19488.5         15.7507        0.015625      Successful search (ES-ell)        
    12         578         19488.5         15.7507       0.0078125          Refine grid             
    13         579         19507.4          7.1675       0.0078125      Successful search (ES-ell)        
    13         580         19507.1          7.6769       0.0078125      Successful search (ES-ell)        
    13         581         19502.8         8.51774       0.0078125      Successful search (ES-ell)        
    13         582         19499.6         9.97142       0.0078125      Successful search (ES-ell)        
    13         583         19498.1         12.6251       0.0078125      Successful search (ES-ell)        
    13         585           19495         14.8786       0.0078125      Successful search (ES-ell)        
    13         586           19491         18.1807       0.0078125      Successful search (ES-ell)        
    13         587         19485.4         23.7792       0.0078125      Successful search (ES-ell)        
    13         588         19484.3         27.8938       0.0078125      Successful search (ES-ell)        
    13         621         19484.3         27.8938      0.00390625          Refine grid             Train
    14         622         19507.5         6.40763      0.00390625      Successful search (ES-ell)        
    14         623         19506.4         7.03865      0.00390625      Successful search (ES-wcm)        
    14         624         19505.6         7.43404      0.00390625      Successful search (ES-ell)        
    14         661         19503.6         13.5668       0.0078125        Successful poll           Train
    15         692         19496.8         25.3123        0.015625        Successful poll           Train
    16         693         19508.7         5.87239        0.015625      Successful search (ES-ell)        
    16         694         19502.6         10.0637        0.015625      Successful search (ES-wcm)        
    16         696         19492.4         16.1634        0.015625      Successful search (ES-wcm)        
    16         717           19464         40.7551         0.03125        Successful poll           Train
    17         718         19467.9         21.0982         0.03125      Successful search (ES-ell)        
    17         759         19467.9         21.0982        0.015625          Refine grid             
    18         761         19499.6         9.27665        0.015625      Successful search (ES-ell)        
    18         762           19493         12.3429        0.015625      Successful search (ES-ell)        
    18         763         19476.6          16.679        0.015625      Successful search (ES-ell)        
    18         764         19445.3         23.0915        0.015625      Successful search (ES-ell)        
    18         773         19442.3         16.2175        0.015625      Successful search (ES-ell)        
    18         774         19428.4         17.9776        0.015625      Successful search (ES-ell)        
    18         775         19407.1         22.6472        0.015625      Successful search (ES-wcm)        
    18         813         19407.1         22.6472       0.0078125          Refine grid             
    19         814           19457         8.97898       0.0078125      Successful search (ES-wcm)        
    19         815         19451.1         11.1998       0.0078125      Successful search (ES-wcm)        
    19         857         19451.1         11.1998      0.00390625          Refine grid             
    20         858         19467.6         5.77399      0.00390625      Successful search (ES-ell)        
    20         859         19462.1         7.87831      0.00390625      Successful search (ES-ell)        
    20         860         19447.5         12.2944      0.00390625      Successful search (ES-ell)        
    20         861         19433.7         16.9363      0.00390625      Successful search (ES-ell)        
    20         862         19392.4          21.951      0.00390625      Successful search (ES-ell)        
    20         900         19392.4          21.951      0.00195312          Refine grid             Train
    21         901         19449.3         8.90593      0.00195312      Successful search (ES-ell)        
    21         902         19447.4         9.22689      0.00195312      Successful search (ES-ell)        
    21         903         19444.9         10.0076      0.00195312      Successful search (ES-ell)        
    21         904         19443.7         11.7315      0.00195312      Successful search (ES-ell)        
    21         905         19437.9         14.7311      0.00195312      Successful search (ES-ell)        
    21         906         19430.8         19.9182      0.00195312      Successful search (ES-ell)        
    21         944         19430.8         19.9182     0.000976562          Refine grid             Train
Optimization terminated: change in the function value less than options['tol_mesh']
Estimated function value at minimum: 19454.12938349807 ± 5.665438783407002 (mean ± SEM from 100 samples)
BADS minimum at: x_min = [ 4.1446 10.6929 10.534  27.6281 -4.8825 10.7107  0.5269  0.3817  0.8138
  1.5684  0.443 ], training NLL = 19454.1294
total f-count: 1044, time: 45.66 min

 ------- Finish Optimization for Subject 3 ---------- 

 ------- Start Optimization for Subject 5 ---------- 

 Cross Validation fold 0/1

 -- Start Optimization: method BADS --

 Optimization Run 1/1
Initial params: [0.3487, 4.8544, 10.2546, 0.1614, -0.5439, 16.0441, 0.5171, 0.1993, 0.1945, 0.4102, 0.9351]
bads:TooCloseBounds: For each variable, hard and plausible bounds should not be too close. Moving plausible bounds.
Variables (index) internally transformed to log coordinates: [[ 0  0]
 [ 0  3]
 [ 0  8]
 [ 0  9]
 [ 0 10]]
Beginning optimization of a STOCHASTIC objective function

 Iteration    f-count      E[f(x)]        SD[f(x)]           MeshScale          Method              Actions
     0           1         26797.6             nan               1                                  
     0          27         26091.9             nan               1          Initial mesh            Initial points
     0          43           25485        0.999985               1        Successful poll           Train
     1          44         24674.4        0.999985               1      Successful search (ES-ell)        
     1          46         24115.6        0.999979               1      Successful search (ES-ell)        
     1          48         22439.6        0.999973               1      Successful search (ES-ell)        
     1          52         21891.7        0.954979               1      Successful search (ES-ell)        
     1          53         20892.4        0.954983               1      Successful search (ES-ell)        
     1          59         20810.6        0.954965               1      Successful search (ES-ell)        
     1          62         20428.3        0.954871               1      Successful search (ES-ell)        
     1          66         20198.1        0.954951               1      Successful search (ES-wcm)        
     1          68         20167.8        0.954881               1      Successful search (ES-wcm)        
     1          69           19961        0.954962               1      Successful search (ES-wcm)        
     1          73         19938.4        0.954901               1      Successful search (ES-wcm)        
     1          74         19747.4        0.975917               1      Successful search (ES-wcm)        
     1          79         19729.7         0.97589               1      Successful search (ES-wcm)        
     1          80         19709.8        0.975871               1      Successful search (ES-wcm)        
     1          81         19657.6         0.97591               1      Successful search (ES-wcm)        
     1          84         19644.7        0.975867               1      Successful search (ES-wcm)        
     1          87         19510.8        0.975768               1      Successful search (ES-wcm)        
     1          94         19474.2        0.973801               1      Successful search (ES-wcm)        
     1         126         19474.2        0.973801             0.5          Refine grid             Train
     2         156         19474.6         0.90643            0.25          Refine grid             Train
     3         160         19464.4         1.12163            0.25      Successful search (ES-wcm)        
     3         198         19464.4         1.12163           0.125          Refine grid             Train
     4         224           19434         1.10413            0.25        Successful poll           Train
     5         255         19434.1         1.10413           0.125          Refine grid             Train
     6         261         19513.1         1.11435           0.125      Successful search (ES-wcm)        
     6         265         19470.8         1.10661           0.125      Successful search (ES-wcm)        
     6         271         19466.1           1.101           0.125      Successful search (ES-ell)        
     6         308         19466.1           1.101          0.0625          Refine grid             
     7         335         19507.9         12.8371           0.125        Successful poll           
     8         336         19454.2         40.6372           0.125      Successful search (ES-wcm)        
     8         337         19427.3         60.9942           0.125      Successful search (ES-wcm)        
     8         339           19357         44.0495           0.125      Successful search (ES-wcm)        
     8         342         19351.4         37.8297           0.125      Successful search (ES-wcm)        
     8         344         19347.3         35.4028           0.125      Successful search (ES-wcm)        
     8         345         19286.8         41.9051           0.125      Successful search (ES-wcm)        
     8         377         19286.8         41.9051          0.0625          Refine grid             Train
     9         378         19285.4         13.7984          0.0625      Successful search (ES-ell)        
     9         379           19273         20.4474          0.0625      Successful search (ES-ell)        
     9         380         19248.5         23.7751          0.0625      Successful search (ES-wcm)        
     9         419         19248.5         23.7751         0.03125          Refine grid             Train
    10         420         19279.2          9.8776         0.03125      Successful search (ES-ell)        
    10         421         19266.1         13.4821         0.03125      Successful search (ES-ell)        
    10         422         19241.2         15.2196         0.03125      Successful search (ES-wcm)        
    10         423         19210.7         20.5801         0.03125      Successful search (ES-wcm)        
    10         461         19210.7         20.5801        0.015625          Refine grid             
    11         462         19284.2         8.46397        0.015625      Successful search (ES-wcm)        
    11         463         19282.9         8.90911        0.015625      Successful search (ES-ell)        
    11         465         19280.3         9.60059        0.015625      Successful search (ES-ell)        
    11         466           19274         12.6518        0.015625      Successful search (ES-ell)        
    11         467         19262.3         16.1573        0.015625      Successful search (ES-ell)        
    11         468         19258.3         22.8283        0.015625      Successful search (ES-ell)        
    11         469         19230.2         32.1571        0.015625      Successful search (ES-ell)        
    11         470         19201.6         37.3152        0.015625      Successful search (ES-ell)        
    11         504         19201.6         37.3152       0.0078125          Refine grid             
    12         530         19227.6         8.97318        0.015625        Successful poll           Train
    13         531         19227.2         8.23114        0.015625      Successful search (ES-wcm)        
    13         536         19226.3         8.07624        0.015625      Successful search (ES-wcm)        
    13         537         19222.7         8.24595        0.015625      Successful search (ES-ell)        
    13         538         19220.3         8.66344        0.015625      Successful search (ES-ell)        
    13         539         19218.5         9.89277        0.015625      Successful search (ES-ell)        
    13         540         19209.3         12.8389        0.015625      Successful search (ES-ell)        
    13         541         19198.4         16.9933        0.015625      Successful search (ES-ell)        
    13         573         19198.4         16.9933       0.0078125          Refine grid             
    14         574         19225.3         8.52475       0.0078125      Successful search (ES-ell)        
    14         575         19222.7         9.20138       0.0078125      Successful search (ES-ell)        
    14         576         19222.1         10.2694       0.0078125      Successful search (ES-wcm)        
    14         616         19222.1         10.2694      0.00390625          Refine grid             
    15         648         19226.3         8.28799     0.000976562          Refine grid             Train
Optimization terminated: change in the function value less than options['tol_mesh']
Estimated function value at minimum: 19233.600580127964 ± 5.830791756484329 (mean ± SEM from 100 samples)
BADS minimum at: x_min = [4.90860e+00 9.33100e+00 1.01313e+01 2.00000e-03 1.60400e-01 1.25281e+01
 4.51200e-01 3.29200e-01 1.21000e-02 1.82800e+00 3.84200e-01], training NLL = 19233.6006
total f-count: 748, time: 32.73 min

 ------- Finish Optimization for Subject 5 ---------- 

 ------- Start Optimization for Subject 6 ---------- 

 Cross Validation fold 0/1

 -- Start Optimization: method BADS --

 Optimization Run 1/1
Initial params: [0.8597, 7.0197, 8.3479, 5.6502, -4.2621, 8.4209, 0.4344, 0.2904, 0.3919, 0.6554, 0.6359]
bads:TooCloseBounds: For each variable, hard and plausible bounds should not be too close. Moving plausible bounds.
Variables (index) internally transformed to log coordinates: [[ 0  0]
 [ 0  3]
 [ 0  8]
 [ 0  9]
 [ 0 10]]
Beginning optimization of a STOCHASTIC objective function

 Iteration    f-count      E[f(x)]        SD[f(x)]           MeshScale          Method              Actions
     0           1         21988.6             nan               1                                  
     0          27         21988.6             nan               1          Initial mesh            Initial points
     0          40           21731        0.989531               1        Successful poll           Train
     1          43         21021.9        0.989528               1      Successful search (ES-ell)        
     1          48         19692.8        0.989456               1      Successful search (ES-ell)        
     1          49         19623.4        0.989469               1      Successful search (ES-ell)        
     1          57         19484.1        0.999431               1      Successful search (ES-ell)        
     1          60         19470.6        0.998783               1      Successful search (ES-ell)        
     1          65         19410.5        0.999485               1      Successful search (ES-ell)        
     1          68         19276.3        0.999281               1      Successful search (ES-ell)        
     1          69         19221.8        0.999375               1      Successful search (ES-ell)        
     1          71         19165.5        0.999306               1      Successful search (ES-wcm)        
     1          84         19066.4        0.933673               1      Successful search (ES-ell)        
     1          97         19032.7         0.93701               1        Successful poll           Train
     2         104         19012.7         1.04749               1      Successful search (ES-ell)        
     2         113         19010.6         1.04694               1      Successful search (ES-ell)        
     2         118         18977.3         1.04461               1      Successful search (ES-ell)        
     2         144         18977.3         1.04461             0.5          Refine grid             Train
     3         166         18932.2         1.05986               1        Successful poll           Train
     4         176         18859.7          1.2711               1      Successful search (ES-wcm)        
     4         181           18837          1.2711               1      Successful search (ES-wcm)        
     4         187         18728.9          1.2711               1      Successful search (ES-wcm)        
     4         196         18721.3         1.24667               1      Successful search (ES-wcm)        
     4         197         18654.2         1.24667               1      Successful search (ES-wcm)        
     4         223         18654.2         1.24667             0.5          Refine grid             
     5         232         18650.7         1.24666             0.5      Successful search (ES-wcm)        
     5         241         18641.8         1.24666             0.5      Successful search (ES-wcm)        
     5         244         18606.9         1.24667             0.5      Successful search (ES-wcm)        
     5         245           18464         1.21298             0.5      Successful search (ES-wcm)        
     5         254         18448.8         1.21297             0.5      Successful search (ES-wcm)        
     5         259         18408.5         1.21298             0.5      Successful search (ES-wcm)        
     5         272         18404.4         1.21298             0.5      Successful search (ES-wcm)        
     5         274         18370.7         1.21298             0.5      Successful search (ES-wcm)        
     5         275         18291.2         1.21298             0.5      Successful search (ES-wcm)        
     5         276         18212.7         1.21298             0.5      Successful search (ES-ell)        
     5         277         18187.5         1.21298             0.5      Successful search (ES-wcm)        
     5         279           18142         1.21298             0.5      Successful search (ES-wcm)        
     5         280         18131.2         1.21298             0.5      Successful search (ES-wcm)        
     5         288         18035.4         1.21298             0.5      Successful search (ES-wcm)        
     5         290         18022.5         1.21298             0.5      Successful search (ES-wcm)        
     5         294         17863.9         1.21298             0.5      Successful search (ES-wcm)        
     5         301           17812         1.20597             0.5      Successful search (ES-wcm)        
     5         304         17759.8         1.20597             0.5      Successful search (ES-wcm)        
     5         307         17649.6         1.20597             0.5      Successful search (ES-wcm)        
     5         309         17644.1         1.20596             0.5      Successful search (ES-wcm)        
     5         311         17639.4         1.20596             0.5      Successful search (ES-wcm)        
     5         321         17614.3          1.2059             0.5      Successful search (ES-wcm)        
     5         330         17608.4         1.20592             0.5      Successful search (ES-wcm)        
     5         339         17555.4         1.20595             0.5      Successful search (ES-wcm)        
     5         352         17527.3         1.20591             0.5      Successful search (ES-wcm)        
     5         357         17423.9          1.1969             0.5      Successful search (ES-wcm)        
     5         372         17364.9         1.19682             0.5      Successful search (ES-ell)        
     5         387         17354.9         1.19523             0.5      Successful search (ES-wcm)        
     5         415         17354.9         1.19523            0.25          Refine grid             Train
     6         444         17355.7         1.25544           0.125          Refine grid             Train
     7         453         17378.9         1.21643           0.125      Successful search (ES-ell)        
     7         456         17357.2         15.5205           0.125      Successful search (ES-ell)        
     7         496         17357.2         15.5205          0.0625          Refine grid             
     8         527         17396.3         0.90256        0.015625          Refine grid             
     9         559         17355.2         1.04187       0.0078125          Refine grid             Train
    10         592         17397.8        0.892688      0.00390625          Refine grid             Train
    11         625         17402.5        0.879314      0.00195312          Refine grid             Train
    12         626         17471.1         6.85105      0.00195312      Successful search (ES-ell)        
    12         627         17467.2         6.78252      0.00195312      Successful search (ES-ell)        
    12         628         17463.9         6.74002      0.00195312      Successful search (ES-ell)        
    12         629         17462.1          6.8104      0.00195312      Successful search (ES-wcm)        
    12         630         17456.8         7.75902      0.00195312      Successful search (ES-wcm)        
    12         631         17451.6          8.2639      0.00195312      Successful search (ES-wcm)        
    12         632         17449.1         10.3106      0.00195312      Successful search (ES-wcm)        
    12         633         17434.7           11.68      0.00195312      Successful search (ES-ell)        
    12         634         17419.2          13.471      0.00195312      Successful search (ES-ell)        
    12         635         17418.9         18.4308      0.00195312      Successful search (ES-ell)        
    12         636         17415.8         22.8487      0.00195312      Successful search (ES-ell)        
    12         637         17411.4         20.7244      0.00195312      Successful search (ES-ell)        
    12         680         17411.4         20.7244     0.000976562          Refine grid             
Optimization terminated: change in the function value less than options['tol_mesh']
Estimated function value at minimum: 17461.92406672781 ± 4.322224195307733 (mean ± SEM from 100 samples)
BADS minimum at: x_min = [2.9572 3.4313 4.6534 2.5194 1.5071 6.4437 0.5301 0.3702 0.3012 1.3231
 0.201 ], training NLL = 17461.9241
total f-count: 780, time: 34.34 min

 ------- Finish Optimization for Subject 6 ---------- 

 ------- Start Optimization for Subject 11 ---------- 

 Cross Validation fold 0/1

 -- Start Optimization: method BADS --

 Optimization Run 1/1
Initial params: [1.9587, 3.7564, 13.6481, 2.9931, -3.4407, 15.2539, 0.5042, 0.1715, 0.2464, 0.8717, 0.8453]
bads:TooCloseBounds: For each variable, hard and plausible bounds should not be too close. Moving plausible bounds.
Variables (index) internally transformed to log coordinates: [[ 0  0]
 [ 0  3]
 [ 0  8]
 [ 0  9]
 [ 0 10]]
Beginning optimization of a STOCHASTIC objective function

 Iteration    f-count      E[f(x)]        SD[f(x)]           MeshScale          Method              Actions
     0           1         23679.7             nan               1                                  
     0          27         23679.7             nan               1          Initial mesh            Initial points
     0          41         23266.1        0.999984               1        Successful poll           Train
     1          42         22885.2        0.999979               1      Successful search (ES-wcm)        
     1          45         22625.1        0.999967               1      Successful search (ES-ell)        
     1          46         21521.3        0.999955               1      Successful search (ES-ell)        
     1          48         20149.7        0.999982               1      Successful search (ES-ell)        
     1          60           19924         1.02078               1      Successful search (ES-ell)        
     1          61         19903.4         1.02136               1      Successful search (ES-ell)        
     1          69         19757.8         1.02065               1      Successful search (ES-ell)        
     1          97         19453.1        0.993539               1        Successful poll           Train
     2          98         19206.4        0.988576               1      Successful search (ES-ell)        
     2         106         19060.8        0.988528               1      Successful search (ES-ell)        
     2         133         19060.8        0.988528             0.5          Refine grid             Train
     3         142         19058.3          1.0392             0.5      Successful search (ES-ell)        
     3         153         19031.9         1.04664             0.5      Successful search (ES-ell)        
     3         160         18964.1         1.04806             0.5      Successful search (ES-ell)        
     3         164         18928.8         1.04801             0.5      Successful search (ES-ell)        
     3         189         18714.8         1.01916               1        Successful poll           Train
     4         214         18714.8         1.14992             0.5          Refine grid             Train
     5         215         18730.8         49.9792             0.5      Successful search (ES-ell)        
     5         219         18704.2         44.9924             0.5      Successful search (ES-ell)        
     5         227         18671.4         35.3731             0.5      Successful search (ES-ell)        
     5         230         18653.5          38.957             0.5      Successful search (ES-ell)        
     5         234         18595.7         46.2502             0.5      Successful search (ES-wcm)        
     5         236         18570.5         42.3408             0.5      Successful search (ES-wcm)        
     5         264         18570.5         42.3408            0.25          Refine grid             
     6         265         18596.9         37.3214            0.25      Successful search (ES-ell)        
     6         270         18592.4         25.7352            0.25      Successful search (ES-ell)        
     6         273         18588.9         19.2607            0.25      Successful search (ES-ell)        
     6         274         18567.1         27.7151            0.25      Successful search (ES-ell)        
     6         275         18531.3          33.615            0.25      Successful search (ES-ell)        
     6         277         18466.9          35.572            0.25      Successful search (ES-ell)        
     6         278         18400.4         46.2268            0.25      Successful search (ES-ell)        
     6         280         18363.4         45.8467            0.25      Successful search (ES-ell)        
     6         316         18363.4         45.8467           0.125          Refine grid             
     7         317           18392         20.0723           0.125      Successful search (ES-ell)        
     7         318           18309         27.1552           0.125      Successful search (ES-ell)        
     7         320         18294.5         34.0609           0.125      Successful search (ES-ell)        
     7         321         18285.8         39.2396           0.125      Successful search (ES-ell)        
     7         324         18268.6          40.325           0.125      Successful search (ES-ell)        
     7         325         18203.8         42.7861           0.125      Successful search (ES-ell)        
     7         359         18203.8         42.7861          0.0625          Refine grid             
     8         360         18269.5         13.5081          0.0625      Successful search (ES-wcm)        
     8         361         18246.6         14.5018          0.0625      Successful search (ES-wcm)        
     8         362         18227.4         20.0459          0.0625      Successful search (ES-wcm)        
     8         364         18219.6         22.2839          0.0625      Successful search (ES-wcm)        
     8         372         18218.6         14.3891          0.0625      Successful search (ES-wcm)        
     8         374         18214.4         13.9945          0.0625      Successful search (ES-wcm)        
     8         375         18210.8         15.8724          0.0625      Successful search (ES-wcm)        
     8         414         18210.8         15.8724         0.03125          Refine grid             
     9         415         18221.5         7.34825         0.03125      Successful search (ES-wcm)        
     9         416         18210.3         8.51633         0.03125      Successful search (ES-wcm)        
     9         417         18207.1         12.8354         0.03125      Successful search (ES-wcm)        
     9         418         18204.7         23.3061         0.03125      Successful search (ES-wcm)        
     9         421         18194.9         15.8986         0.03125      Successful search (ES-ell)        
     9         422         18170.2         22.1795         0.03125      Successful search (ES-ell)        
     9         423         18158.5         30.1729         0.03125      Successful search (ES-ell)        
     9         426         18156.4         16.9227         0.03125      Successful search (ES-wcm)        
     9         469         18156.4         16.9227        0.015625          Refine grid             
    10         470         18185.9          6.3372        0.015625      Successful search (ES-wcm)        
    10         471         18175.3         7.80823        0.015625      Successful search (ES-ell)        
    10         472         18161.9         11.6473        0.015625      Successful search (ES-ell)        
    10         473           18149         15.3399        0.015625      Successful search (ES-ell)        
    10         474         18126.2         23.3709        0.015625      Successful search (ES-ell)        
    10         513         18126.2         23.3709       0.0078125          Refine grid             Train
    11         514         18128.6         7.06331       0.0078125      Successful search (ES-ell)        
    11         515         18126.9         7.65578       0.0078125      Successful search (ES-ell)        
    11         516         18124.7         8.95797       0.0078125      Successful search (ES-ell)        
    11         517         18119.5         11.6635       0.0078125      Successful search (ES-ell)        
    11         557         18119.5         11.6635      0.00390625          Refine grid             Train
    12         558         18136.9         6.23231      0.00390625      Successful search (ES-ell)        
    12         559         18136.1         6.56638      0.00390625      Successful search (ES-ell)        
    12         562         18135.9         6.71039      0.00390625      Successful search (ES-ell)        
    12         563         18134.7         7.16078      0.00390625      Successful search (ES-ell)        
    12         564           18134         7.90182      0.00390625      Successful search (ES-ell)        
    12         566         18133.7         8.97051      0.00390625      Successful search (ES-wcm)        
    12         601         18131.8         7.16658       0.0078125        Successful poll           
    13         602         18129.3         5.90934       0.0078125      Successful search (ES-ell)        
    13         603         18125.4         7.86419       0.0078125      Successful search (ES-ell)        
    13         604         18119.4         11.4296       0.0078125      Successful search (ES-ell)        
    13         645         18119.4         11.4296      0.00390625          Refine grid             
    14         646         18127.1         5.86735      0.00390625      Successful search (ES-wcm)        
    14         647         18122.8         7.03716      0.00390625      Successful search (ES-wcm)        
    14         648         18121.1         9.27919      0.00390625      Successful search (ES-wcm)        
    14         649         18113.7         13.4389      0.00390625      Successful search (ES-wcm)        
    14         689         18113.7         13.4389      0.00195312          Refine grid             
    15         690           18136         5.32822      0.00195312      Successful search (ES-ell)        
    15         691         18134.4         6.07725      0.00195312      Successful search (ES-ell)        
    15         692         18132.6         7.06332      0.00195312      Successful search (ES-ell)        
    15         693         18130.4          8.7395      0.00195312      Successful search (ES-ell)        
    15         694         18126.4         11.2616      0.00195312      Successful search (ES-ell)        
    15         695         18121.3         15.0923      0.00195312      Successful search (ES-ell)        
    15         696         18113.5         18.9042      0.00195312      Successful search (ES-ell)        
    15         697           18091         24.1577      0.00195312      Successful search (ES-ell)        
    15         698         18043.9         27.8334      0.00195312      Successful search (ES-ell)        
    15         733         18043.9         27.8334     0.000976562          Refine grid             Train
Optimization terminated: change in the function value less than options['tol_mesh']
Estimated function value at minimum: 18095.617690708703 ± 4.972688112211714 (mean ± SEM from 100 samples)
BADS minimum at: x_min = [ 2.5608  8.2565  7.3692  8.7697  5.2673 10.526   0.4469  0.3366  0.
  1.1672  0.2195], training NLL = 18095.6177
total f-count: 833, time: 36.69 min

 ------- Finish Optimization for Subject 11 ---------- 

 ------- Start Optimization for Subject 15 ---------- 

 Cross Validation fold 0/1

 -- Start Optimization: method BADS --

 Optimization Run 1/1
Initial params: [1.3512, 8.5593, 12.767, 10.7182, -0.6383, 19.3482, 0.5073, 0.1355, 0.9297, 0.4962, 0.0193]
bads:TooCloseBounds: For each variable, hard and plausible bounds should not be too close. Moving plausible bounds.
Variables (index) internally transformed to log coordinates: [[ 0  0]
 [ 0  3]
 [ 0  8]
 [ 0  9]
 [ 0 10]]
Beginning optimization of a STOCHASTIC objective function

 Iteration    f-count      E[f(x)]        SD[f(x)]           MeshScale          Method              Actions
     0           1           26576             nan               1                                  
     0          27         25336.3             nan               1          Initial mesh            Initial points
     0          28         24719.5        0.999986               1        Successful poll           Train
     1          29         24025.2        0.999986               1      Successful search (ES-ell)        
     1          30         23162.7        0.999987               1      Successful search (ES-ell)        
     1          33           21232        0.999986               1      Successful search (ES-ell)        
     1          36         20922.4        0.999985               1      Successful search (ES-ell)        
     1          37         20384.9        0.999985               1      Successful search (ES-ell)        
     1          38         19562.5        0.999985               1      Successful search (ES-ell)        
     1          41           19325        0.999983               1      Successful search (ES-ell)        
     1          42         19026.4        0.999984               1      Successful search (ES-ell)        
     1          45         18177.6        0.999981               1      Successful search (ES-ell)        
     1          47         17956.7        0.999981               1      Successful search (ES-ell)        
     1          49         17828.4        0.999961               1      Successful search (ES-ell)        
     1          57         17815.1         1.03172               1      Successful search (ES-ell)        
     1          58         17633.1         1.03201               1      Successful search (ES-ell)        
     1          61         17555.7         1.02729               1      Successful search (ES-ell)        
     1          65         17416.2         1.03204               1      Successful search (ES-ell)        
     1          66         17354.2           1.033               1      Successful search (ES-ell)        
     1          81         17204.7        0.962292               1      Successful search (ES-ell)        
     1          87         17136.4        0.970347               1      Successful search (ES-ell)        
     1          99         17128.5         1.01944               1      Successful search (ES-ell)        
     1         109         17124.5         1.01836               1      Successful search (ES-ell)        
     1         111         17075.6          1.0186               1      Successful search (ES-ell)        
     1         121         17074.4        0.942498               1      Successful search (ES-ell)        
     1         126         17062.5         0.94123               1      Successful search (ES-ell)        
     1         130           17039        0.942504               1      Successful search (ES-ell)        
     1         164           17039        0.942504             0.5          Refine grid             
     2         165         17044.6         48.2566             0.5      Successful search (ES-wcm)        
     2         170         16999.6          31.841             0.5      Successful search (ES-wcm)        
     2         171         16939.8         42.4886             0.5      Successful search (ES-wcm)        
     2         174         16919.1         33.4666             0.5      Successful search (ES-wcm)        
     2         189         16904.2         42.0749               1        Successful poll           Train
     3         213         16902.5         42.4143             0.5          Refine grid             Train
     4         214           16908         31.3094             0.5      Successful search (ES-ell)        
     4         219         16886.9         20.3355             0.5      Successful search (ES-wcm)        
     4         220         16884.3         28.5048             0.5      Successful search (ES-wcm)        
     4         224         16881.6         20.3158             0.5      Successful search (ES-ell)        
     4         226         16870.8          27.668             0.5      Successful search (ES-ell)        
     4         227         16866.1         40.8139             0.5      Successful search (ES-ell)        
     4         230         16847.6         33.2375             0.5      Successful search (ES-ell)        
     4         232         16836.7         28.4836             0.5      Successful search (ES-wcm)        
     4         233         16833.4         38.4707             0.5      Successful search (ES-wcm)        
     4         235         16824.2         34.2292             0.5      Successful search (ES-wcm)        
     4         237         16812.5          28.469             0.5      Successful search (ES-wcm)        
     4         238         16809.1         31.4893             0.5      Successful search (ES-wcm)        
     4         274         16809.1         31.4893            0.25          Refine grid             
     5         275         16831.9           7.646            0.25      Successful search (ES-wcm)        
     5         276         16824.5         11.0191            0.25      Successful search (ES-wcm)        
     5         286         16814.9         12.0782            0.25      Successful search (ES-ell)        
     5         302         16814.1          6.6885            0.25      Successful search (ES-wcm)        
     5         304           16811         6.44928            0.25      Successful search (ES-wcm)        
     5         305         16808.5         6.41958            0.25      Successful search (ES-wcm)        
     5         307         16802.9         6.61686            0.25      Successful search (ES-wcm)        
     5         309         16796.4         8.16481            0.25      Successful search (ES-wcm)        
     5         310         16795.1         11.0053            0.25      Successful search (ES-wcm)        
     5         348         16795.1         11.0053           0.125          Refine grid             
     6         350           16832         5.31817           0.125      Successful search (ES-wcm)        
     6         352         16824.3         5.41723           0.125      Successful search (ES-ell)        
     6         353         16815.3         6.67119           0.125      Successful search (ES-ell)        
     6         354         16806.6         7.94004           0.125      Successful search (ES-wcm)        
     6         355         16791.4         11.9253           0.125      Successful search (ES-wcm)        
     6         390         16791.4         11.9253          0.0625          Refine grid             
     7         391           16834         6.99936          0.0625      Successful search (ES-wcm)        
     7         392         16833.4         6.73945          0.0625      Successful search (ES-wcm)        
     7         393         16831.3         7.64639          0.0625      Successful search (ES-wcm)        
     7         394         16830.1          8.7644          0.0625      Successful search (ES-wcm)        
     7         396         16828.8         12.0756          0.0625      Successful search (ES-wcm)        
     7         404         16826.8         9.57599          0.0625      Successful search (ES-wcm)        
     7         441         16805.9         12.7288           0.125        Successful poll           
     8         442         16818.9         14.3245           0.125      Successful search (ES-wcm)        
     8         443         16812.7         17.8723           0.125      Successful search (ES-wcm)        
     8         444         16808.4         21.9544           0.125      Successful search (ES-wcm)        
     8         473         16719.2         33.2755            0.25        Successful poll           Train
     9         474         16767.5         26.1679            0.25      Successful search (ES-wcm)        
     9         476         16724.8         17.6289            0.25      Successful search (ES-wcm)        
     9         477         16718.1         17.2534            0.25      Successful search (ES-wcm)        
     9         512         16718.1         17.2534           0.125          Refine grid             
    10         513         16786.2          7.6155           0.125      Successful search (ES-ell)        
    10         549         16710.2         10.3514            0.25        Successful poll           
    11         577         16708.4         9.92876           0.125          Refine grid             
    12         578         16813.7         7.84551           0.125      Successful search (ES-ell)        
    12         579         16800.9         11.0851           0.125      Successful search (ES-ell)        
    12         580         16794.4         14.4591           0.125      Successful search (ES-ell)        
    12         619         16794.4         14.4591          0.0625          Refine grid             
    13         620         16838.7         7.36222          0.0625      Successful search (ES-wcm)        
    13         621         16830.1         7.38055          0.0625      Successful search (ES-wcm)        
    13         622         16823.8         10.1451          0.0625      Successful search (ES-wcm)        
    13         623         16802.7          16.275          0.0625      Successful search (ES-ell)        
    13         624         16770.9         22.9734          0.0625      Successful search (ES-ell)        
    13         645         16675.6         8.11323           0.125        Successful poll           
    14         646         16496.7          9.8822           0.125      Successful search (ES-ell)        
    14         647         16364.8         12.7504           0.125      Successful search (ES-ell)        
    14         648         16136.2         17.1577           0.125      Successful search (ES-ell)        
    14         687         16136.2         17.1577          0.0625          Refine grid             
    15         688         16799.1         16.0814          0.0625      Successful search (ES-ell)        
    15         689         16771.7         15.4722          0.0625      Successful search (ES-ell)        
    15         690         16744.7         15.9531          0.0625      Successful search (ES-ell)        
    15         691         16723.5         16.2732          0.0625      Successful search (ES-ell)        
    15         729         16723.5         16.2732         0.03125          Refine grid             
    16         730         16842.9         5.59476         0.03125      Successful search (ES-ell)        
    16         731         16841.3         6.74606         0.03125      Successful search (ES-wcm)        
    16         732         16823.3         12.2503         0.03125      Successful search (ES-ell)        
    16         733           16800         19.3148         0.03125      Successful search (ES-ell)        
    16         772           16800         19.3148        0.015625          Refine grid             
    17         773         16841.7         4.41681        0.015625      Successful search (ES-ell)        
    17         774         16837.2         4.31634        0.015625      Successful search (ES-ell)        
    17         775         16831.2          4.3422        0.015625      Successful search (ES-ell)        
    17         776         16826.1         4.60729        0.015625      Successful search (ES-wcm)        
    17         777         16818.4         5.26655        0.015625      Successful search (ES-wcm)        
    17         778         16808.4         6.49596        0.015625      Successful search (ES-wcm)        
    17         779         16794.2         9.08349        0.015625      Successful search (ES-wcm)        
    17         780           16763         12.8916        0.015625      Successful search (ES-wcm)        
    17         813           16763         12.8916       0.0078125          Refine grid             Train
    18         814         16837.4         4.77624       0.0078125      Successful search (ES-wcm)        
    18         815         16834.9         4.96904       0.0078125      Successful search (ES-wcm)        
    18         816         16831.5         5.26259       0.0078125      Successful search (ES-wcm)        
    18         819         16828.5         5.19226       0.0078125      Successful search (ES-wcm)        
    18         820         16824.4         5.41154       0.0078125      Successful search (ES-ell)        
    18         822         16821.1         5.59255       0.0078125      Successful search (ES-ell)        
    18         823         16816.9         5.79452       0.0078125      Successful search (ES-ell)        
    18         825         16814.7         5.78806       0.0078125      Successful search (ES-ell)        
    18         826         16813.3         5.87909       0.0078125      Successful search (ES-ell)        
    18         829         16811.9         6.00864       0.0078125      Successful search (ES-wcm)        
    18         833         16811.3         5.78542       0.0078125      Successful search (ES-ell)        
    18         834         16810.2         5.82376       0.0078125      Successful search (ES-ell)        
    18         836         16807.6         5.79768       0.0078125      Successful search (ES-ell)        
    18         845         16807.5         5.30171       0.0078125      Successful search (ES-ell)        
    18         846         16806.4         5.26564       0.0078125      Successful search (ES-ell)        
    18         849         16806.4         5.16617       0.0078125      Successful search (ES-ell)        
    18         851         16804.6          5.1358       0.0078125      Successful search (ES-ell)        
    18         852         16803.5         5.16545       0.0078125      Successful search (ES-ell)        
    18         856         16803.1         5.10875       0.0078125      Successful search (ES-wcm)        
    18         859         16800.5         5.22617       0.0078125      Successful search (ES-wcm)        
    18         888         16782.9         26.7116        0.015625        Successful poll           
    19         889         16781.3         24.0464        0.015625      Successful search (ES-wcm)        
    19         931         16781.3         24.0464       0.0078125          Refine grid             Train
    20         932         16813.6         6.20841       0.0078125      Successful search (ES-wcm)        
    20         933         16812.5         7.58376       0.0078125      Successful search (ES-wcm)        
    20         934           16810         9.09947       0.0078125      Successful search (ES-wcm)        
    20         938         16809.4         8.68802       0.0078125      Successful search (ES-wcm)        
    20         939         16804.5         8.86301       0.0078125      Successful search (ES-ell)        
    20         940         16797.6         9.13048       0.0078125      Successful search (ES-ell)        
    20         941         16794.5          9.6059       0.0078125      Successful search (ES-ell)        
    20         942         16790.5         11.0803       0.0078125      Successful search (ES-ell)        
    20         943         16790.5          11.105       0.0078125      Successful search (ES-ell)        
    20         945         16789.7         10.7506       0.0078125      Successful search (ES-ell)        
    20         973         16781.1         14.0699        0.015625        Successful poll           Train
    21         974         16803.6         11.9833        0.015625      Successful search (ES-wcm)        
    21        1016         16775.3         21.9368         0.03125        Successful poll           
    22        1029         16784.3         26.8948          0.0625        Successful poll           Train
    23        1030         16760.5         22.5811          0.0625      Successful search (ES-ell)        
    23        1070         16759.4          26.547           0.125        Successful poll           
    24        1085         16704.6         24.1733            0.25        Successful poll           Train
    25        1087         16731.3         12.2625            0.25      Successful search (ES-ell)        
    25        1088         16381.2         14.9187            0.25      Successful search (ES-ell)        
    25        1124         16381.2         14.9187           0.125          Refine grid             
    26        1153         16791.4         7.65697          0.0625          Refine grid             Train
    27        1184         16798.8         13.4659        0.015625          Refine grid             Train
    28        1185         16773.9         12.6299        0.015625      Successful search (ES-ell)        
    28        1186         16763.6         12.7362        0.015625      Successful search (ES-ell)        
    28        1187         16751.3         12.6648        0.015625      Successful search (ES-ell)        
    28        1188           16730         13.2994        0.015625      Successful search (ES-ell)        
    28        1189           16716         13.8692        0.015625      Successful search (ES-ell)        
    28        1225           16716         13.8692       0.0078125          Refine grid             
    29        1226         16796.1         9.32842       0.0078125      Successful search (ES-ell)        
    29        1227         16791.4         9.52543       0.0078125      Successful search (ES-ell)        
    29        1228         16786.1         9.99248       0.0078125      Successful search (ES-ell)        
    29        1229         16778.7         11.2347       0.0078125      Successful search (ES-ell)        
    29        1230         16770.3          12.567       0.0078125      Successful search (ES-ell)        
    29        1231           16759         14.9393       0.0078125      Successful search (ES-ell)        
    29        1232         16748.5         17.5432       0.0078125      Successful search (ES-ell)        
    29        1266         16748.5         17.5432      0.00390625          Refine grid             Train
    30        1267         16805.6         6.94707      0.00390625      Successful search (ES-wcm)        
    30        1308         16802.1         5.05235       0.0078125        Successful poll           
    31        1309         16795.2         5.18461       0.0078125      Successful search (ES-ell)        
    31        1310         16786.5         5.17958       0.0078125      Successful search (ES-ell)        
    31        1311         16782.8         5.45736       0.0078125      Successful search (ES-wcm)        
    31        1312         16780.6         5.60894       0.0078125      Successful search (ES-wcm)        
    31        1313         16776.8         6.32886       0.0078125      Successful search (ES-wcm)        
    31        1314           16770         7.84771       0.0078125      Successful search (ES-wcm)        
    31        1315           16768          10.308       0.0078125      Successful search (ES-wcm)        
    31        1316         16765.4         15.5137       0.0078125      Successful search (ES-wcm)        
    31        1350         16765.4         15.5137      0.00390625          Refine grid             
    32        1351         16797.8         4.84593      0.00390625      Successful search (ES-wcm)        
    32        1352         16796.6         5.01571      0.00390625      Successful search (ES-wcm)        
    32        1353         16795.6         5.18168      0.00390625      Successful search (ES-wcm)        
    32        1354         16789.8         5.41136      0.00390625      Successful search (ES-wcm)        
    32        1355         16787.4         5.82504      0.00390625      Successful search (ES-wcm)        
    32        1356         16780.7         6.81046      0.00390625      Successful search (ES-wcm)        
    32        1357         16775.4         8.49696      0.00390625      Successful search (ES-wcm)        
    32        1358         16768.7         11.0608      0.00390625      Successful search (ES-wcm)        
    32        1390         16768.7         11.0608      0.00195312          Refine grid             
    33        1420         16790.6         6.29075     0.000976562          Refine grid             
Optimization terminated: change in the function value less than options['tol_mesh']
Estimated function value at minimum: 16789.31652779305 ± 3.546087032397722 (mean ± SEM from 100 samples)
BADS minimum at: x_min = [ 2.20160e+00  1.24300e+01  1.08035e+01  5.00000e+01 -6.51230e+00
  1.24430e+01  4.73900e-01  3.97700e-01  1.00000e-04  1.99920e+00
  3.73500e-01], training NLL = 16789.3165
total f-count: 1520, time: 66.76 min

 ------- Finish Optimization for Subject 15 ---------- 

 ------- Start Optimization for Subject 20 ---------- 

 Cross Validation fold 0/1

 -- Start Optimization: method BADS --

 Optimization Run 1/1
Initial params: [1.8375, 3.9373, 3.1943, 12.7498, -0.7774, 8.0752, 0.5863, 0.1006, 0.4747, 0.7126, 0.8971]
bads:TooCloseBounds: For each variable, hard and plausible bounds should not be too close. Moving plausible bounds.
Variables (index) internally transformed to log coordinates: [[ 0  0]
 [ 0  3]
 [ 0  8]
 [ 0  9]
 [ 0 10]]
Beginning optimization of a STOCHASTIC objective function

 Iteration    f-count      E[f(x)]        SD[f(x)]           MeshScale          Method              Actions
     0           1         30501.9             nan               1                                  
     0          27         25635.1             nan               1          Initial mesh            Initial points
     0          42         25432.9         1.00481               1        Successful poll           Train
     1          44         23895.3          1.0048               1      Successful search (ES-wcm)        
     1          45           22999         1.00481               1      Successful search (ES-wcm)        
     1          48         21371.5          1.0048               1      Successful search (ES-wcm)        
     1          49         20940.9         1.00481               1      Successful search (ES-wcm)        
     1          52         20621.5         1.00879               1      Successful search (ES-wcm)        
     1          56         19700.8         1.00879               1      Successful search (ES-wcm)        
     1          59         19636.9         1.00874               1      Successful search (ES-wcm)        
     1          67         19520.9         1.00859               1      Successful search (ES-wcm)        
     1          69         19495.2         1.00846               1      Successful search (ES-wcm)        
     1          70         19425.5         1.00862               1      Successful search (ES-ell)        
     1          73         19309.3         1.00875               1      Successful search (ES-wcm)        
     1          75         19094.1         1.20453               1      Successful search (ES-wcm)        
     1          78         18934.7         1.20451               1      Successful search (ES-wcm)        
     1          82         18726.4         1.20445               1      Successful search (ES-wcm)        
     1          85         18718.1         1.20428               1      Successful search (ES-wcm)        
     1          88         18605.3         1.20387               1      Successful search (ES-wcm)        
     1          90           18596         1.20417               1      Successful search (ES-wcm)        
     1          94         18557.7          1.2032               1      Successful search (ES-wcm)        
     1          97         18387.9         1.05902               1      Successful search (ES-wcm)        
     1         104         18369.5         1.05768               1      Successful search (ES-wcm)        
     1         112         18353.5         1.05841               1      Successful search (ES-wcm)        
     1         119         18337.8         1.05333               1      Successful search (ES-wcm)        
     1         124         18329.4         1.45222               1      Successful search (ES-ell)        
     1         126         18316.5         1.45047               1      Successful search (ES-wcm)        
     1         140         18278.9         1.42722               1      Successful search (ES-wcm)        
     1         167         18278.9         1.42722             0.5          Refine grid             Train
     2         178         18273.1         1.56562             0.5      Successful search (ES-wcm)        
     2         207         18273.1         1.56562            0.25          Refine grid             Train
     3         212         18279.2         1.09469            0.25      Successful search (ES-wcm)        
     3         247         18279.2         1.09469           0.125          Refine grid             Train
     4         250         18233.6        0.779976           0.125      Successful search (ES-ell)        
     4         288         18233.6        0.779976          0.0625          Refine grid             Train
     5         310         18221.5        0.780004           0.125        Successful poll           Train
     6         327           18199         25.7529            0.25        Successful poll           Train
     7         329         18197.7         45.4496            0.25      Successful search (ES-wcm)        
     7         332         18144.9         29.4451            0.25      Successful search (ES-wcm)        
     7         333         18131.9         45.2393            0.25      Successful search (ES-wcm)        
     7         366         18131.9         45.2393           0.125          Refine grid             Train
     8         368         18206.2         17.5525           0.125      Successful search (ES-wcm)        
     8         370         18167.4          20.928           0.125      Successful search (ES-ell)        
     8         372         18163.3         20.3738           0.125      Successful search (ES-ell)        
     8         406         18163.3         20.3738          0.0625          Refine grid             
     9         407         18159.7         20.5801          0.0625      Successful search (ES-ell)        
     9         409         18145.7         19.9603          0.0625      Successful search (ES-ell)        
     9         449         18145.7         19.9603         0.03125          Refine grid             
    10         450         18231.6         12.8725         0.03125      Successful search (ES-ell)        
    10         451         18216.7         15.0289         0.03125      Successful search (ES-wcm)        
    10         452           18199         16.7594         0.03125      Successful search (ES-wcm)        
    10         453         18174.5          27.409         0.03125      Successful search (ES-wcm)        
    10         456         18167.9         17.7938         0.03125      Successful search (ES-wcm)        
    10         460         18165.3           14.59         0.03125      Successful search (ES-ell)        
    10         461           18156         15.3442         0.03125      Successful search (ES-wcm)        
    10         503           18152         19.1454          0.0625        Successful poll           
    11         504         18139.2         25.4818          0.0625      Successful search (ES-ell)        
    11         507         18123.4         21.8473          0.0625      Successful search (ES-ell)        
    11         508         18119.4         26.9273          0.0625      Successful search (ES-ell)        
    11         510         18114.6         26.4165          0.0625      Successful search (ES-ell)        
    11         511         18078.8          31.727          0.0625      Successful search (ES-ell)        
    11         547         18078.8          31.727         0.03125          Refine grid             
    12         549         18087.5         9.31719         0.03125      Successful search (ES-wcm)        
    12         550         18086.4         11.0064         0.03125      Successful search (ES-wcm)        
    12         555         18086.3          10.065         0.03125      Successful search (ES-wcm)        
    12         559           18086         12.3829         0.03125      Successful search (ES-ell)        
    12         560         18075.6          16.323         0.03125      Successful search (ES-ell)        
    12         602         18075.6          16.323        0.015625          Refine grid             
    13         603         18070.2         8.73154        0.015625      Successful search (ES-ell)        
    13         604         18048.4          14.873        0.015625      Successful search (ES-ell)        
    13         646         18048.4          14.873       0.0078125          Refine grid             Train
    14         647         18089.9         7.41301       0.0078125      Successful search (ES-ell)        
    14         648         18086.7         8.95116       0.0078125      Successful search (ES-ell)        
    14         649         18083.7         12.3696       0.0078125      Successful search (ES-ell)        
    14         690         18083.7         12.3696      0.00390625          Refine grid             
    15         691           18096         7.98662      0.00390625      Successful search (ES-wcm)        
    15         692         18091.5         8.14117      0.00390625      Successful search (ES-wcm)        
    15         693         18089.3         8.41847      0.00390625      Successful search (ES-wcm)        
    15         694         18088.2         9.35981      0.00390625      Successful search (ES-wcm)        
    15         695         18079.3         10.4762      0.00390625      Successful search (ES-ell)        
    15         696         18071.2         14.5955      0.00390625      Successful search (ES-ell)        
    15         734         18071.2         14.5955      0.00195312          Refine grid             
    16         735         18093.8         6.52952      0.00195312      Successful search (ES-ell)        
    16         736           18093         6.73094      0.00195312      Successful search (ES-ell)        
    16         737         18090.4         6.98714      0.00195312      Successful search (ES-ell)        
    16         738         18087.4         7.63523      0.00195312      Successful search (ES-ell)        
    16         739         18082.6         9.01258      0.00195312      Successful search (ES-ell)        
    16         740         18079.9          11.062      0.00195312      Successful search (ES-ell)        
    16         741         18075.3         14.9455      0.00195312      Successful search (ES-ell)        
    16         778         18075.3         14.9455     0.000976562          Refine grid             
Optimization terminated: change in the function value less than options['tol_mesh']
Estimated function value at minimum: 18103.15879978033 ± 4.605419234887483 (mean ± SEM from 100 samples)
BADS minimum at: x_min = [ 4.0204  7.5229  8.8781  0.3273 -0.2232 10.1385  0.511   0.335   0.0988
  1.0451  0.2314], training NLL = 18103.1588
total f-count: 878, time: 38.29 min

 ------- Finish Optimization for Subject 20 ---------- 

 ------- Start Optimization for Subject 25 ---------- 

 Cross Validation fold 0/1

 -- Start Optimization: method BADS --

 Optimization Run 1/1
Initial params: [1.1496, 6.117, 5.2709, 4.9, 2.1759, 16.4848, 0.3661, 0.2001, 0.2874, 0.8533, 0.0287]
bads:TooCloseBounds: For each variable, hard and plausible bounds should not be too close. Moving plausible bounds.
Variables (index) internally transformed to log coordinates: [[ 0  0]
 [ 0  3]
 [ 0  8]
 [ 0  9]
 [ 0 10]]
Beginning optimization of a STOCHASTIC objective function

 Iteration    f-count      E[f(x)]        SD[f(x)]           MeshScale          Method              Actions
     0           1         29751.5             nan               1                                  
     0          27         26304.7             nan               1          Initial mesh            Initial points
     0          41         25841.3        0.999991               1        Successful poll           Train
     1          42         24124.6        0.999988               1      Successful search (ES-wcm)        
     1          44         23599.3        0.999991               1      Successful search (ES-wcm)        
     1          45         23416.7        0.999986               1      Successful search (ES-wcm)        
     1          47         23124.6        0.999989               1      Successful search (ES-wcm)        
     1          50         22763.2        0.999987               1      Successful search (ES-wcm)        
     1          56         22619.4        0.999915               1      Successful search (ES-wcm)        
     1          57         22158.8        0.999927               1      Successful search (ES-wcm)        
     1          58         22103.8        0.999877               1      Successful search (ES-wcm)        
     1          59         21790.3        0.999963               1      Successful search (ES-wcm)        
     1          61         21720.6        0.999942               1      Successful search (ES-wcm)        
     1          63         21313.2        0.999949               1      Successful search (ES-wcm)        
     1          67         21110.3        0.999821               1      Successful search (ES-wcm)        
     1          70         21065.9        0.999703               1      Successful search (ES-wcm)        
     1          78         20970.9        0.991395               1      Successful search (ES-wcm)        
     1          79           20897        0.991456               1      Successful search (ES-wcm)        
     1          84           20893        0.990558               1      Successful search (ES-wcm)        
     1          86         20392.9        0.991541               1      Successful search (ES-ell)        
     1          94         20278.7        0.989799               1      Successful search (ES-ell)        
     1         120         20162.6         1.17361               1        Successful poll           Train
     2         126         20076.1         1.00918               1      Successful search (ES-ell)        
     2         156         20076.1         1.00918             0.5          Refine grid             Train
     3         182         20076.2         0.95797            0.25          Refine grid             Train
     4         191         20132.8          1.1529            0.25      Successful search (ES-ell)        
     4         194         20051.2          1.1915            0.25      Successful search (ES-wcm)        
     4         212         20033.7         1.18805            0.25      Successful search (ES-wcm)        
     4         243         19994.8          1.0192             0.5        Successful poll           
     5         269         19994.8          1.0192            0.25          Refine grid             
     6         297         19994.7         1.01753           0.125          Refine grid             Train
     7         326           20003        0.984937         0.03125          Refine grid             Train
     8         327         20131.7         6.58838         0.03125      Successful search (ES-wcm)        
     8         328         20120.3         7.88128         0.03125      Successful search (ES-wcm)        
     8         329         20105.9         10.2513         0.03125      Successful search (ES-wcm)        
     8         330         20094.9         16.4601         0.03125      Successful search (ES-wcm)        
     8         331         20085.5         19.6012         0.03125      Successful search (ES-ell)        
     8         333           20084         21.1059         0.03125      Successful search (ES-ell)        
     8         334         20074.6         24.7612         0.03125      Successful search (ES-ell)        
     8         335         20067.9         30.4249         0.03125      Successful search (ES-ell)        
     8         337         20056.5         31.2791         0.03125      Successful search (ES-ell)        
     8         339         20052.7         25.3252         0.03125      Successful search (ES-ell)        
     8         340         20048.2         23.9339         0.03125      Successful search (ES-ell)        
     8         348           20047         15.4644         0.03125      Successful search (ES-ell)        
     8         377           20047         15.4644        0.015625          Refine grid             Train
     9         378         20053.1         8.08692        0.015625      Successful search (ES-ell)        
     9         381         20051.2         7.82605        0.015625      Successful search (ES-wcm)        
     9         382         20049.7         7.77705        0.015625      Successful search (ES-wcm)        
     9         383         20047.3         7.73489        0.015625      Successful search (ES-ell)        
     9         386         20045.2          7.6846        0.015625      Successful search (ES-ell)        
     9         387         20043.7         7.63377        0.015625      Successful search (ES-wcm)        
     9         388         20041.2         7.60671        0.015625      Successful search (ES-wcm)        
     9         389         20041.1         7.55605        0.015625      Successful search (ES-wcm)        
     9         390         20040.6         7.48514        0.015625      Successful search (ES-wcm)        
     9         391         20039.7         7.44444        0.015625      Successful search (ES-wcm)        
     9         393         20038.2          7.3265        0.015625      Successful search (ES-wcm)        
     9         394           20038         7.26097        0.015625      Successful search (ES-wcm)        
     9         395         20036.4         7.47756        0.015625      Successful search (ES-wcm)        
     9         396         20034.3         8.06891        0.015625      Successful search (ES-wcm)        
     9         398         20033.4         8.98052        0.015625      Successful search (ES-wcm)        
     9         428         20033.4         8.98052       0.0078125          Refine grid             
    10         429         20048.7         6.73957       0.0078125      Successful search (ES-ell)        
    10         430         20047.4         6.98872       0.0078125      Successful search (ES-wcm)        
    10         431         20047.1         7.12079       0.0078125      Successful search (ES-wcm)        
    10         432         20041.8         7.02011       0.0078125      Successful search (ES-wcm)        
    10         433         20041.3         7.21476       0.0078125      Successful search (ES-wcm)        
    10         434         20039.2         7.98737       0.0078125      Successful search (ES-wcm)        
    10         435         20036.3         8.80012       0.0078125      Successful search (ES-wcm)        
    10         436         20033.9         9.81474       0.0078125      Successful search (ES-wcm)        
    10         437         20028.1         13.4962       0.0078125      Successful search (ES-wcm)        
    10         469         20028.1         13.4962      0.00390625          Refine grid             
    11         499         20041.2         7.16898      0.00195312          Refine grid             Train
    12         529         20049.2         7.47035     0.000488281          Refine grid             Train
Optimization terminated: change in the function value less than options['tol_mesh']
Estimated function value at minimum: 20060.561314813163 ± 6.075922317815991 (mean ± SEM from 100 samples)
BADS minimum at: x_min = [ 2.0023e+00  8.8927e+00  8.8398e+00  7.0000e-04 -8.2322e+00  8.8988e+00
  5.1220e-01  5.1510e-01  8.6700e-02  2.0000e+00  5.6610e-01], training NLL = 20060.5613
total f-count: 629, time: 27.28 min

 ------- Finish Optimization for Subject 25 ---------- 
