device is : cuda
['base', '1', 'all', 'bads', '1']

 ------- Start Optimization for Subject 2 ---------- 

 Cross Validation fold 0/1

 -- Start Optimization: method BADS --

 Optimization Run 1/1
Initial params: [0.976, 5.8163, 10.006, 12.9777, 3.8647, 26.2976, 0.6266, 0.1898, 0.8601, 0.772, 0.7241]
bads:TooCloseBounds: For each variable, hard and plausible bounds should not be too close. Moving plausible bounds.
Variables (index) internally transformed to log coordinates: [[ 0  0]
 [ 0  3]
 [ 0  8]
 [ 0  9]
 [ 0 10]]
Beginning optimization of a STOCHASTIC objective function

 Iteration    f-count      E[f(x)]        SD[f(x)]           MeshScale          Method              Actions
     0           1           26348             nan               1                                  
     0          27         25948.9             nan               1          Initial mesh            Initial points
     0          42         25653.3        0.999991               1        Successful poll           Train
     1          43         24102.1        0.999988               1      Successful search (ES-wcm)        
     1          45         23769.6        0.999987               1      Successful search (ES-wcm)        
     1          47         23074.3         0.99999               1      Successful search (ES-wcm)        
     1          49         22313.3        0.999986               1      Successful search (ES-wcm)        
     1          50         22027.8        0.999989               1      Successful search (ES-ell)        
     1          56         21209.8        0.951316               1      Successful search (ES-wcm)        
     1          62         21031.7        0.950852               1      Successful search (ES-wcm)        
     1          69         21011.2        0.950897               1      Successful search (ES-wcm)        
     1          70         20897.5        0.951134               1      Successful search (ES-wcm)        
     1          72         20759.7         0.95121               1      Successful search (ES-wcm)        
     1          81         20680.4         1.08933               1      Successful search (ES-wcm)        
     1          84         20596.8         1.08873               1      Successful search (ES-wcm)        
     1          89         20544.7         1.08864               1      Successful search (ES-wcm)        
     1          97         20501.5          1.1369               1      Successful search (ES-wcm)        
     1          99         20454.1         1.13865               1      Successful search (ES-ell)        
     1         100         20255.2         1.13866               1      Successful search (ES-ell)        
     1         104         20044.5         1.13867               1      Successful search (ES-wcm)        
     1         106         19877.2         1.13866               1      Successful search (ES-wcm)        
     1         110         19857.6         1.13866               1      Successful search (ES-wcm)        
     1         116           19754          1.1385               1      Successful search (ES-wcm)        
     1         117         19689.5         1.13864               1      Successful search (ES-wcm)        
     1         146         19689.5         1.13864             0.5          Refine grid             Train
     2         174         19689.7         1.06016            0.25          Refine grid             Train
     3         175         19746.5         27.3603            0.25      Successful search (ES-ell)        
     3         176           19700         44.4787            0.25      Successful search (ES-ell)        
     3         177           19562         49.8104            0.25      Successful search (ES-ell)        
     3         179         19504.6          49.262            0.25      Successful search (ES-wcm)        
     3         214         19504.6          49.262           0.125          Refine grid             
     4         215         19545.3         15.2374           0.125      Successful search (ES-wcm)        
     4         216         19499.2         28.5212           0.125      Successful search (ES-ell)        
     4         217         19486.3         41.5141           0.125      Successful search (ES-wcm)        
     4         218         19416.2         47.3671           0.125      Successful search (ES-ell)        
     4         221           19411         44.3438           0.125      Successful search (ES-ell)        
     4         224         19410.9         38.2501           0.125      Successful search (ES-ell)        
     4         225         19304.7         46.6527           0.125      Successful search (ES-ell)        
     4         226         19301.3         41.1308           0.125      Successful search (ES-ell)        
     4         228         19298.6         35.5126           0.125      Successful search (ES-ell)        
     4         229         19261.6         42.4971           0.125      Successful search (ES-ell)        
     4         265         19261.6         42.4971          0.0625          Refine grid             
     5         266         19278.1          13.851          0.0625      Successful search (ES-ell)        
     5         267         19265.4         21.3277          0.0625      Successful search (ES-ell)        
     5         268           19250         27.0659          0.0625      Successful search (ES-ell)        
     5         306           19250         27.0659         0.03125          Refine grid             Train
     6         307         19275.8         10.0454         0.03125      Successful search (ES-wcm)        
     6         308         19269.6         10.5808         0.03125      Successful search (ES-wcm)        
     6         309         19260.6         12.0915         0.03125      Successful search (ES-wcm)        
     6         310         19256.1         16.3773         0.03125      Successful search (ES-wcm)        
     6         311         19245.1         24.3751         0.03125      Successful search (ES-wcm)        
     6         312         19241.9          33.808         0.03125      Successful search (ES-wcm)        
     6         314         19235.3          33.066         0.03125      Successful search (ES-wcm)        
     6         316         19225.8         26.1663         0.03125      Successful search (ES-wcm)        
     6         318         19222.8         22.1196         0.03125      Successful search (ES-wcm)        
     6         319         19206.9         21.1918         0.03125      Successful search (ES-ell)        
     6         320         19192.1         22.8889         0.03125      Successful search (ES-ell)        
     6         321         19180.1         25.8597         0.03125      Successful search (ES-ell)        
     6         357         19180.1         25.8597        0.015625          Refine grid             Train
     7         358         19217.5         8.54471        0.015625      Successful search (ES-ell)        
     7         359         19212.5         8.55847        0.015625      Successful search (ES-wcm)        
     7         360         19209.1         10.2468        0.015625      Successful search (ES-wcm)        
     7         364         19208.9         9.96782        0.015625      Successful search (ES-ell)        
     7         365         19206.9         10.6571        0.015625      Successful search (ES-ell)        
     7         366         19203.7         11.5792        0.015625      Successful search (ES-ell)        
     7         367         19197.8         13.3422        0.015625      Successful search (ES-ell)        
     7         368         19191.7         15.3755        0.015625      Successful search (ES-ell)        
     7         369         19185.5         15.6479        0.015625      Successful search (ES-ell)        
     7         370         19178.3         16.4768        0.015625      Successful search (ES-ell)        
     7         408         19178.3         16.4768       0.0078125          Refine grid             
     8         409         19213.1         8.05865       0.0078125      Successful search (ES-ell)        
     8         410         19209.2         8.16269       0.0078125      Successful search (ES-ell)        
     8         413         19208.9         7.47562       0.0078125      Successful search (ES-ell)        
     8         415         19208.9          7.3722       0.0078125      Successful search (ES-ell)        
     8         420         19208.5         7.12955       0.0078125      Successful search (ES-ell)        
     8         421         19207.7         7.28164       0.0078125      Successful search (ES-ell)        
     8         425         19207.7         7.15422       0.0078125      Successful search (ES-ell)        
     8         426         19207.1         7.31538       0.0078125      Successful search (ES-ell)        
     8         427         19206.6         7.53457       0.0078125      Successful search (ES-wcm)        
     8         460         19206.6         7.53457      0.00390625          Refine grid             
     9         490         19220.5          6.0408      0.00195312          Refine grid             
bads:es_search: Something went wrong with the acquisition function, random search is performed
