----------------------------------------
Start task prologue Tue Aug  4 18:19:35 CEST 2026
----------------------------------------
Step ID:         54566268.
Username:        wenlou
Group:           mpla
Asked resources: walltime=1-00:00:00,nodes=1,cpus=8,mem=2G
Queue:           gpu
Compute nodes:   dccn-c077
----------------------------------------
End task prologue Tue Aug  4 18:19:35 CEST 2026
----------------------------------------
CUDA version:
nvcc: NVIDIA (R) Cuda compiler driver
Copyright (c) 2005-2024 NVIDIA Corporation
Built on Thu_Mar_28_02:18:24_PDT_2024
Cuda compilation tools, release 12.4, V12.4.131
Build cuda_12.4.r12.4/compiler.34097967_0

[WARNING] Please note the interface change for (de-)activating conda environment:

  - DO NOT use `conda activate` to enter the conda environment as it requires extra step to modify your ~/.bashrc file, which will force you to use this Anaconda version (2024.06).  Therefore keep using `source activate` instead.

  - DO use `conda deactivate` to leave your conda environment as `source deactivate` will be deprecated in future release.

Running model for expriment=with_dn, m_id=2, method=bads
device is : cuda
['with_dn', '2', '3,5,6,11,15', 'bads', '1']

 ------- Start Optimization for Subject 3 ---------- 

 Cross Validation fold 0/1

 -- Start Optimization: method BADS --

 Optimization Run 1/1
Initial params: [0.7875, 9.5224, 14.4475, 22.9639, 33.7218, -24.3556, 3.5325, 0.2219, 25.6326, 15.3361, 0.7046, 0.3785, 0.1518, 0.1608, 0.0771]
bads:TooCloseBounds: For each variable, hard and plausible bounds should not be too close. Moving plausible bounds.
Variables (index) internally transformed to log coordinates: [[0 0]
 [0 3]
 [0 4]
 [0 6]]
Beginning optimization of a STOCHASTIC objective function

 Iteration    f-count      E[f(x)]        SD[f(x)]           MeshScale          Method              Actions
     0           1         25411.3             nan               1                                  
     0          33           24551             nan               1          Initial mesh            Initial points
     0          39         24131.9         1.00067               1        Successful poll           Train
     1          44           23951         1.00001               1      Successful search (ES-wcm)        
     1          46         23944.3        0.999259               1      Successful search (ES-wcm)        
     1          50         23747.2        0.992222               1      Successful search (ES-wcm)        
     1          53         23632.3        0.968316               1      Successful search (ES-wcm)        
     1          60         23626.1        0.993641               1      Successful search (ES-wcm)        
     1          65         23612.3         1.04469               1      Successful search (ES-wcm)        
     1          67         23602.7          1.0442               1      Successful search (ES-wcm)        
     1          69         23520.7         1.04468               1      Successful search (ES-wcm)        
     1          72         23452.6         1.04498               1      Successful search (ES-ell)        
     1          76         23435.9         1.04481               1      Successful search (ES-ell)        
     1          77         23396.6         1.04497               1      Successful search (ES-wcm)        
     1          78         23369.2         1.04497               1      Successful search (ES-wcm)        
     1          85         23332.2         1.04498               1      Successful search (ES-ell)        
     1          86         23323.2         1.04501               1      Successful search (ES-ell)        
     1          88           23238         1.04498               1      Successful search (ES-ell)        
     1          97         23232.1        0.983085               1      Successful search (ES-ell)        
     1          99         23226.5        0.971933               1      Successful search (ES-ell)        
     1         101         23220.5        0.988846               1      Successful search (ES-ell)        
     1         104         23192.4        0.988013               1      Successful search (ES-ell)        
     1         108         23173.4        0.983653               1      Successful search (ES-ell)        
     1         114         23169.1        0.870215               1      Successful search (ES-ell)        
     1         152         23142.6         4.68926               1        Successful poll           
     2         156         23135.7         4.36805               1      Successful search (ES-ell)        
     2         159         23123.2         5.97687               1      Successful search (ES-ell)        
     2         160         23113.9         6.29575               1      Successful search (ES-wcm)        
     2         165         23094.7         6.23907               1      Successful search (ES-wcm)        
     2         173         23078.6         5.84652               1      Successful search (ES-ell)        
     2         177         23063.9         6.01207               1      Successful search (ES-wcm)        
     2         188         23049.9         6.12906               1      Successful search (ES-wcm)        
     2         191           23039         7.64407               1      Successful search (ES-wcm)        
     2         202         23037.8         7.97289               1      Successful search (ES-wcm)        
     2         203         23032.3         8.14108               1      Successful search (ES-wcm)        
     2         208         23017.6         8.12931               1      Successful search (ES-wcm)        
     2         210         23012.9         7.94997               1      Successful search (ES-wcm)        
     2         219         22977.5         7.87067               1      Successful search (ES-wcm)        
     2         220         22953.1          7.8992               1      Successful search (ES-wcm)        
     2         236         22950.1         4.82499               1      Successful search (ES-wcm)        
     2         237         22927.9         5.89087               1      Successful search (ES-wcm)        
     2         281         22927.9         5.89087             0.5          Refine grid             Train
     3         282         23001.8         9.11699             0.5      Successful search (ES-wcm)        
     3         284         22921.7         8.87249             0.5      Successful search (ES-wcm)        
     3         286         22863.9         8.78129             0.5      Successful search (ES-wcm)        
     3         290         22748.3         6.53421             0.5      Successful search (ES-ell)        
     3         291         22662.7         6.86053             0.5      Successful search (ES-ell)        
     3         337         22662.7         6.86053            0.25          Refine grid             
     4         338         22784.8         3.46959            0.25      Successful search (ES-ell)        
     4         339         22667.9         5.95724            0.25      Successful search (ES-ell)        
     4         341           22632         5.11907            0.25      Successful search (ES-ell)        
     4         394           22632         5.11907           0.125          Refine grid             Train
     5         395         22945.2         5.42623           0.125      Successful search (ES-wcm)        
     5         396         22938.2         8.12903           0.125      Successful search (ES-wcm)        
     5         397         22925.3         8.72657           0.125      Successful search (ES-wcm)        
     5         399         22916.2         8.78869           0.125      Successful search (ES-wcm)        
     5         401         22916.1         8.82045           0.125      Successful search (ES-wcm)        
     5         403         22892.7         7.88191           0.125      Successful search (ES-ell)        
     5         404         22880.4          8.3209           0.125      Successful search (ES-ell)        
     5         451         22880.4          8.3209          0.0625          Refine grid             Train
     6         452         22883.3         2.27052          0.0625      Successful search (ES-ell)        
     6         453         22864.1         3.99691          0.0625      Successful search (ES-wcm)        
     6         508         22864.1         3.99691         0.03125          Refine grid             
     7         509         22889.1         1.51577         0.03125      Successful search (ES-ell)        
     7         510         22886.3         2.27593         0.03125      Successful search (ES-ell)        
     7         511         22883.3         3.43668         0.03125      Successful search (ES-ell)        
     7         512         22873.1         5.23238         0.03125      Successful search (ES-wcm)        
     7         565         22873.1         5.23238        0.015625          Refine grid             
     8         566         22886.2          1.3529        0.015625      Successful search (ES-wcm)        
     8         567         22885.5         1.78208        0.015625      Successful search (ES-wcm)        
     8         569         22885.1         2.20715        0.015625      Successful search (ES-wcm)        
     8         572           22885         2.37116        0.015625      Successful search (ES-wcm)        
     8         573         22884.5         2.69605        0.015625      Successful search (ES-wcm)        
     8         578         22883.6          2.3986        0.015625      Successful search (ES-wcm)        
     8         581         22883.4         2.38494        0.015625      Successful search (ES-wcm)        
     8         585         22883.1         2.22414        0.015625      Successful search (ES-wcm)        
     8         586           22883         2.29289        0.015625      Successful search (ES-wcm)        
     8         588         22882.9         2.24624        0.015625      Successful search (ES-wcm)        
     8         589         22881.7         2.35144        0.015625      Successful search (ES-wcm)        
     8         637         22881.7         2.35144       0.0078125          Refine grid             
     9         638         22883.3         1.04082       0.0078125      Successful search (ES-wcm)        
     9         640         22883.2         1.13857       0.0078125      Successful search (ES-wcm)        
     9         641         22883.1         1.37767       0.0078125      Successful search (ES-wcm)        
     9         642         22882.4         1.53591       0.0078125      Successful search (ES-ell)        
     9         643         22881.7          1.9343       0.0078125      Successful search (ES-ell)        
     9         644         22881.4         2.61829       0.0078125      Successful search (ES-ell)        
     9         646           22880         2.80793       0.0078125      Successful search (ES-ell)        
     9         647         22879.9         3.28235       0.0078125      Successful search (ES-ell)        
     9         649         22879.8         3.62918       0.0078125      Successful search (ES-wcm)        
     9         650         22877.1         4.10874       0.0078125      Successful search (ES-wcm)        
     9         653         22876.9         2.82192       0.0078125      Successful search (ES-ell)        
     9         654         22875.5          2.6852       0.0078125      Successful search (ES-ell)        
     9         655         22875.3         2.60728       0.0078125      Successful search (ES-ell)        
     9         656         22874.3         2.60649       0.0078125      Successful search (ES-ell)        
     9         657         22872.2         2.80662       0.0078125      Successful search (ES-ell)        
     9         658         22870.9         3.26062       0.0078125      Successful search (ES-ell)        
     9         710         22870.9         3.26062      0.00390625          Refine grid             
    10         711         22877.4         1.02988      0.00390625      Successful search (ES-ell)        
    10         712         22876.7         1.07033      0.00390625      Successful search (ES-ell)        
    10         713         22875.6          1.1335      0.00390625      Successful search (ES-ell)        
    10         714         22874.2         1.30253      0.00390625      Successful search (ES-ell)        
    10         716         22873.9         1.46116      0.00390625      Successful search (ES-ell)        
    10         717         22872.9         1.70483      0.00390625      Successful search (ES-ell)        
    10         718           22872         1.87424      0.00390625      Successful search (ES-wcm)        
    10         719         22870.1         2.15765      0.00390625      Successful search (ES-wcm)        
    10         720         22869.4         2.47844      0.00390625      Successful search (ES-wcm)        
    10         721           22867         3.09899      0.00390625      Successful search (ES-wcm)        
    10         722           22864         3.49684      0.00390625      Successful search (ES-wcm)        
    10         768           22864         3.49684      0.00195312          Refine grid             Train
    11         769         22877.4         0.92333      0.00195312      Successful search (ES-wcm)        
    11         770         22877.2        0.925746      0.00195312      Successful search (ES-wcm)        
    11         771         22877.1        0.928796      0.00195312      Successful search (ES-wcm)        
    11         772         22876.6        0.979997      0.00195312      Successful search (ES-ell)        
    11         773         22876.5         0.99285      0.00195312      Successful search (ES-wcm)        
    11         774         22876.5         1.02342      0.00195312      Successful search (ES-wcm)        
    11         775         22876.3         1.06524      0.00195312      Successful search (ES-wcm)        
    11         776         22875.8         1.13865      0.00195312      Successful search (ES-wcm)        
    11         777         22875.4         1.30752      0.00195312      Successful search (ES-wcm)        
    11         778         22874.8         1.55979      0.00195312      Successful search (ES-wcm)        
    11         779         22874.3         2.05164      0.00195312      Successful search (ES-wcm)        
    11         780         22873.2         2.81655      0.00195312      Successful search (ES-wcm)        
    11         828         22873.2         2.81655     0.000976562          Refine grid             Train
Optimization terminated: change in the function value less than options['tol_mesh']
Estimated function value at minimum: 22877.508095694844 ± 0.9910512081195249 (mean ± SEM from 100 samples)
BADS minimum at: x_min = [ 3.95000e-01  1.00802e+01  7.45770e+00  2.29000e-02  7.59300e-01
 -9.82285e+01  5.11780e+00  6.95400e-01  7.47460e+00  2.25300e+01
  6.48400e-01  6.64900e-01  2.52700e-01  2.47600e-01 -1.39570e+00], training NLL = 22877.5081
total f-count: 928, time: 42.38 min

 ------- Finish Optimization for Subject 3 ---------- 

 ------- Start Optimization for Subject 5 ---------- 

 Cross Validation fold 0/1

 -- Start Optimization: method BADS --

 Optimization Run 1/1
Initial params: [1.0526, 3.7164, 9.2171, 5.8535, 39.395, -21.1737, 1.1745, 0.2367, 29.526, 21.9999, 0.7706, 0.5824, 0.1064, 0.2784, 1.4275]
bads:TooCloseBounds: For each variable, hard and plausible bounds should not be too close. Moving plausible bounds.
Variables (index) internally transformed to log coordinates: [[0 0]
 [0 3]
 [0 4]
 [0 6]]
Beginning optimization of a STOCHASTIC objective function

 Iteration    f-count      E[f(x)]        SD[f(x)]           MeshScale          Method              Actions
     0           1           25623             nan               1                                  
     0          33         24858.1             nan               1          Initial mesh            Initial points
     0          34         24849.9        0.989605               1        Successful poll           Train
     1          36         24506.9        0.989556               1      Successful search (ES-wcm)        
     1          42         24475.7        0.988282               1      Successful search (ES-wcm)        
     1          44           24429        0.987625               1      Successful search (ES-wcm)        
     1          46         24357.8        0.987282               1      Successful search (ES-wcm)        
     1          48         24332.2        0.984506               1      Successful search (ES-wcm)        
     1          59         24312.9         0.95281               1      Successful search (ES-wcm)        
     1          60         24296.7        0.969295               1      Successful search (ES-wcm)        
     1          61         24292.3        0.941133               1      Successful search (ES-wcm)        
     1          64         24290.7        0.946227               1      Successful search (ES-wcm)        
     1          70         24275.9         0.94696               1      Successful search (ES-wcm)        
     1          75         24272.7        0.934752               1      Successful search (ES-wcm)        
     1          84         24244.9        0.946115               1      Successful search (ES-wcm)        
     1          97         24241.4         5.29586               1      Successful search (ES-wcm)        
     1          98         24221.1         5.33184               1      Successful search (ES-wcm)        
     1          99         24155.7         5.33055               1      Successful search (ES-wcm)        
     1         101           24152         5.30513               1      Successful search (ES-wcm)        
     1         106         24150.1          5.3161               1      Successful search (ES-wcm)        
     1         117         24140.1         4.61185               1      Successful search (ES-wcm)        
     1         129         24138.3         7.10686               1      Successful search (ES-ell)        
     1         142         24120.4         7.34305               1      Successful search (ES-ell)        
     1         144         24100.7         7.79545               1      Successful search (ES-ell)        
     1         146         24053.1         8.10936               1      Successful search (ES-wcm)        
     1         152           24038         7.10394               1      Successful search (ES-wcm)        
     1         160         24036.9         7.25966               1      Successful search (ES-wcm)        
     1         163         24035.2         6.82173               1      Successful search (ES-wcm)        
     1         166         24034.5         5.77249               1      Incremental search (ES-wcm)        
     1         167         24033.4         7.33194               1      Successful search (ES-wcm)        
     1         169           24028         7.91183               1      Successful search (ES-wcm)        
     1         189         23997.2         10.8662               1        Successful poll           Train
     2         190           23900         9.31245               1      Successful search (ES-ell)        
     2         205         23856.8         8.15072               1      Successful search (ES-ell)        
     2         257         23856.8         8.15072             0.5          Refine grid             Train
     3         258         23760.9         5.42508             0.5      Successful search (ES-ell)        
     3         259         23722.4          5.1008             0.5      Successful search (ES-ell)        
     3         310         23722.4          5.1008            0.25          Refine grid             
     4         311         23887.6         9.21641            0.25      Successful search (ES-wcm)        
     4         312         23873.8         7.91804            0.25      Successful search (ES-ell)        
     4         313         23866.7          8.5017            0.25      Successful search (ES-ell)        
     4         316         23860.9         8.20799            0.25      Successful search (ES-ell)        
     4         324           23856         8.17716            0.25      Successful search (ES-wcm)        
     4         326         23847.7         8.78525            0.25      Successful search (ES-wcm)        
     4         327         23843.4         7.80106            0.25      Successful search (ES-ell)        
     4         328         23840.7         7.98415            0.25      Successful search (ES-ell)        
     4         342         23837.1         4.50935            0.25      Successful search (ES-ell)        
     4         388         23830.1         8.61722             0.5        Successful poll           Train
     5         389         23703.2         6.47462             0.5      Successful search (ES-ell)        
     5         390         23661.2         6.50955             0.5      Successful search (ES-ell)        
     5         442         23661.2         6.50955            0.25          Refine grid             
     6         443         23809.8         2.22613            0.25      Successful search (ES-ell)        
     6         444         23783.2         6.24557            0.25      Successful search (ES-wcm)        
     6         445         23743.5         5.13729            0.25      Successful search (ES-wcm)        
     6         497         23743.5         5.13729           0.125          Refine grid             Train
     7         498         23814.7         1.80807           0.125      Successful search (ES-wcm)        
     7         499         23783.4         2.87538           0.125      Successful search (ES-wcm)        
     7         500         23771.3         5.80766           0.125      Successful search (ES-wcm)        
     7         554         23771.3         5.80766          0.0625          Refine grid             Train
     8         597         23822.1         5.42872         0.03125          Refine grid             Train
     9         598         23825.1         3.85888         0.03125      Successful search (ES-wcm)        
     9         656         23825.1         3.85888        0.015625          Refine grid             
    10         657         23829.6         1.18784        0.015625      Successful search (ES-wcm)        
    10         658           23829         1.21188        0.015625      Successful search (ES-wcm)        
    10         659         23828.1          1.2739        0.015625      Successful search (ES-wcm)        
    10         660         23826.8         1.38436        0.015625      Successful search (ES-wcm)        
    10         661         23825.6         1.75049        0.015625      Successful search (ES-ell)        
    10         662         23824.1         2.51301        0.015625      Successful search (ES-ell)        
    10         715           23821         1.99054         0.03125        Successful poll           
    11         716         23831.2         1.30343         0.03125      Successful search (ES-ell)        
    11         717         23829.3         1.71331         0.03125      Successful search (ES-ell)        
    11         718         23826.6         2.29059         0.03125      Successful search (ES-ell)        
    11         719         23822.2         3.18548         0.03125      Successful search (ES-ell)        
    11         720         23818.2         4.24072         0.03125      Successful search (ES-ell)        
    11         774         23818.2         4.24072        0.015625          Refine grid             Train
    12         775         23828.9         1.81036        0.015625      Successful search (ES-wcm)        
    12         776         23828.4         2.04537        0.015625      Successful search (ES-ell)        
    12         777         23826.7         2.42212        0.015625      Successful search (ES-ell)        
    12         778         23824.5         2.84594        0.015625      Successful search (ES-ell)        
    12         779           23822         3.48458        0.015625      Successful search (ES-ell)        
    12         833           23822         3.48458       0.0078125          Refine grid             Train
    13         834         23829.7         1.39482       0.0078125      Successful search (ES-ell)        
    13         835         23828.8         1.56416       0.0078125      Successful search (ES-ell)        
    13         836         23828.3         1.71419       0.0078125      Successful search (ES-ell)        
    13         837         23826.3         2.07115       0.0078125      Successful search (ES-ell)        
    13         838         23824.1         2.56196       0.0078125      Successful search (ES-ell)        
    13         840         23823.3         2.71456       0.0078125      Successful search (ES-ell)        
    13         841         23819.5         3.02228       0.0078125      Successful search (ES-ell)        
    13         842         23818.8         3.93437       0.0078125      Successful search (ES-ell)        
    13         892         23814.3         5.59798        0.015625        Successful poll           
    14         923         23813.2         6.49424         0.03125        Successful poll           
    15         967         23819.3         3.48274        0.015625          Refine grid             
    16         968         23822.8         1.67493        0.015625      Successful search (ES-ell)        
    16         969         23821.4         2.84672        0.015625      Successful search (ES-ell)        
    16        1026         23821.4         2.84672       0.0078125          Refine grid             
    17        1027           23824         1.47288       0.0078125      Successful search (ES-wcm)        
    17        1029           23824         2.01317       0.0078125      Successful search (ES-wcm)        
    17        1030         23821.9          3.1863       0.0078125      Successful search (ES-wcm)        
    17        1085         23821.9          3.1863      0.00390625          Refine grid             
    18        1086         23824.7         1.55101      0.00390625      Successful search (ES-wcm)        
    18        1087         23824.6         1.95243      0.00390625      Successful search (ES-wcm)        
    18        1088         23823.6         2.60767      0.00390625      Successful search (ES-wcm)        
    18        1089         23822.3         3.44356      0.00390625      Successful search (ES-wcm)        
    18        1130         23821.5          4.6836       0.0078125        Successful poll           Train
    19        1133         23820.9         3.49377       0.0078125      Successful search (ES-ell)        
    19        1185         23813.4         7.49636        0.015625        Successful poll           
    20        1206         23818.4         4.39735         0.03125        Successful poll           Train
    21        1207         23814.3          6.0849         0.03125      Successful search (ES-ell)        
    21        1265         23814.3          6.0849        0.015625          Refine grid             
    22        1266         23822.7         2.09004        0.015625      Successful search (ES-ell)        
    22        1267         23820.4         2.99624        0.015625      Successful search (ES-ell)        
    22        1268         23819.3         4.08473        0.015625      Successful search (ES-ell)        
    22        1324         23819.3         4.08473       0.0078125          Refine grid             
    23        1325         23823.8         1.94848       0.0078125      Successful search (ES-ell)        
    23        1328         23823.6         2.06921       0.0078125      Successful search (ES-ell)        
    23        1329         23823.1         2.32915       0.0078125      Successful search (ES-ell)        
    23        1330         23821.8         2.74091       0.0078125      Successful search (ES-ell)        
    23        1358         23817.4         7.74128        0.015625        Successful poll           Train
    24        1359         23823.2         3.04545        0.015625      Successful search (ES-wcm)        
    24        1360         23822.2         4.74747        0.015625      Successful search (ES-ell)        
    24        1417         23818.1         8.25405         0.03125        Successful poll           
    25        1418         23823.1         5.39296         0.03125      Successful search (ES-ell)        
    25        1419         23821.6         6.34868         0.03125      Successful search (ES-ell)        
    25        1422         23820.8          4.4434         0.03125      Successful search (ES-wcm)        
    25        1423         23815.8         4.44865         0.03125      Successful search (ES-wcm)        
    25        1425         23807.1         4.27682         0.03125      Successful search (ES-wcm)        
    25        1476         23807.1         4.27682        0.015625          Refine grid             
    26        1477         23817.2          2.5479        0.015625      Successful search (ES-ell)        
    26        1499           23817         1.62468        0.015625      Successful search (ES-wcm)        
    26        1500         23816.7         1.68515        0.015625      Successful search (ES-wcm)        
    26        1501         23816.6          1.7535        0.015625      Successful search (ES-ell)        
    26        1507         23814.7         2.67744        0.015625      Successful search (ES-ell)        
    26        1509         23814.6         3.44313        0.015625      Successful search (ES-ell)        
    26        1510         23812.1         5.11604        0.015625      Successful search (ES-ell)        
    26        1511         23807.9         5.25004        0.015625      Successful search (ES-ell)        
    26        1566         23807.9         5.25004       0.0078125          Refine grid             
    27        1567           23814         1.57374       0.0078125      Successful search (ES-ell)        
    27        1568         23812.8         2.32627       0.0078125      Successful search (ES-ell)        
    27        1626         23812.8         2.32627      0.00390625          Refine grid             
    28        1627         23814.9         1.26559      0.00390625      Successful search (ES-ell)        
    28        1628         23814.3         1.51427      0.00390625      Successful search (ES-ell)        
    28        1629           23813         2.10398      0.00390625      Successful search (ES-ell)        
    28        1630         23812.1         2.87305      0.00390625      Successful search (ES-ell)        
    28        1631         23810.3         3.80863      0.00390625      Successful search (ES-ell)        
    28        1686         23810.3         3.80863      0.00195312          Refine grid             Train
    29        1687         23812.4         1.14861      0.00195312      Successful search (ES-ell)        
    29        1688         23812.3         1.21096      0.00195312      Successful search (ES-ell)        
    29        1689         23811.8         1.36496      0.00195312      Successful search (ES-ell)        
    29        1690         23811.3         1.62011      0.00195312      Successful search (ES-ell)        
    29        1691         23810.8         2.08686      0.00195312      Successful search (ES-ell)        
    29        1692         23810.5         2.70235      0.00195312      Successful search (ES-ell)        
    29        1693         23810.5          3.4853      0.00195312      Successful search (ES-ell)        
    29        1694         23810.3         4.34873      0.00195312      Successful search (ES-ell)        
    29        1711         23809.8         1.83305      0.00195312      Successful search (ES-wcm)        
    29        1761         23809.8         1.83305     0.000976562          Refine grid             Train
Optimization terminated: change in the function value less than options['tol_mesh']
Estimated function value at minimum: 23811.46310398757 ± 1.1448129155163935 (mean ± SEM from 100 samples)
BADS minimum at: x_min = [ 1.57720e+00  2.21850e+00  2.96730e+00  7.57101e+01  3.36540e+00
 -4.58519e+01  5.00000e-04  2.10000e-02  2.17215e+01  1.29327e+01
  1.34800e-01  2.07500e-01  3.04900e-01  4.01600e-01  3.82000e-01], training NLL = 23811.4631
total f-count: 1861, time: 84.46 min

 ------- Finish Optimization for Subject 5 ---------- 

 ------- Start Optimization for Subject 6 ---------- 

 Cross Validation fold 0/1

 -- Start Optimization: method BADS --

 Optimization Run 1/1
Initial params: [1.8837, 8.4796, 2.732, 2.5576, 33.8546, 4.7416, 1.1422, 0.5486, 28.7249, 24.3655, 0.5049, 0.1181, 0.2641, 0.1853, -0.3046]
bads:TooCloseBounds: For each variable, hard and plausible bounds should not be too close. Moving plausible bounds.
Variables (index) internally transformed to log coordinates: [[0 0]
 [0 3]
 [0 4]
 [0 6]]
Beginning optimization of a STOCHASTIC objective function

 Iteration    f-count      E[f(x)]        SD[f(x)]           MeshScale          Method              Actions
     0           1         25329.2             nan               1                                  
     0          33         24545.4             nan               1          Initial mesh            Initial points
     0          50         23826.3        0.998788               1        Successful poll           Train
     1          59         23677.9        0.910832               1      Successful search (ES-wcm)        
     1          60         23619.1        0.958495               1      Successful search (ES-wcm)        
     1          63         23213.6        0.912096               1      Successful search (ES-wcm)        
     1          65         22958.6        0.987003               1      Successful search (ES-wcm)        
     1          67         22891.6        0.987015               1      Successful search (ES-wcm)        
     1          77         22855.7        0.986911               1      Successful search (ES-wcm)        
     1          81         22845.8        0.987043               1      Successful search (ES-wcm)        
     1          90         22685.6         0.98697               1      Successful search (ES-wcm)        
     1          93         22683.9        0.986527               1      Successful search (ES-wcm)        
     1          94         22594.1        0.986909               1      Successful search (ES-wcm)        
     1         100         22562.3         1.00137               1      Successful search (ES-wcm)        
     1         104         22556.2         1.00137               1      Successful search (ES-wcm)        
     1         107         22446.3         1.00137               1      Successful search (ES-wcm)        
     1         116         22048.7         1.00105               1      Successful search (ES-ell)        
     1         117         21885.4         1.00036               1      Successful search (ES-ell)        
     1         120         21857.3         1.00055               1      Successful search (ES-ell)        
     1         123         21814.1        0.999806               1      Successful search (ES-ell)        
     1         124         21712.5        0.999583               1      Successful search (ES-ell)        
     1         129         21650.3         1.01901               1      Successful search (ES-ell)        
     1         130         21587.1          1.0192               1      Successful search (ES-ell)        
     1         131         21358.3         1.01925               1      Successful search (ES-ell)        
     1         133         21260.1         1.01923               1      Successful search (ES-ell)        
     1         134         21150.8         1.01928               1      Successful search (ES-ell)        
     1         138         21050.5         1.01909               1      Successful search (ES-ell)        
     1         141           21017         1.01922               1      Successful search (ES-ell)        
     1         142         19892.9         1.01919               1      Successful search (ES-ell)        
     1         147         19660.6         1.01906               1      Successful search (ES-ell)        
     1         148         19479.8         1.01922               1      Successful search (ES-wcm)        
     1         150         19352.5         1.01916               1      Successful search (ES-ell)        
     1         151         19325.4         1.01911               1      Successful search (ES-wcm)        
     1         159         19072.7         1.02421               1      Successful search (ES-ell)        
     1         163         18976.1         1.02411               1      Successful search (ES-ell)        
     1         166         18876.9         1.02396               1      Successful search (ES-ell)        
     1         175         18716.4         1.02406               1      Successful search (ES-wcm)        
     1         176         18690.5         1.02414               1      Successful search (ES-ell)        
     1         177         18398.9         1.02417               1      Successful search (ES-wcm)        
     1         182           18338         1.02398               1      Successful search (ES-wcm)        
     1         191         18250.2         1.06386               1      Successful search (ES-ell)        
     1         193         18143.9         1.06386               1      Successful search (ES-ell)        
     1         199         18110.6         1.06115               1      Successful search (ES-ell)        
     1         200         18088.8         1.06295               1      Successful search (ES-ell)        
     1         203         17982.3         1.06372               1      Successful search (ES-ell)        
     1         227         17958.3         1.03944               1      Successful search (ES-wcm)        
     1         240         17947.8        0.984911               1      Successful search (ES-ell)        
     1         280         17947.8        0.984911             0.5          Refine grid             
     2         281         17965.3         21.9778             0.5      Successful search (ES-ell)        
     2         285         17954.1         17.6286             0.5      Successful search (ES-ell)        
     2         288         17952.2         19.2904             0.5      Successful search (ES-wcm)        
     2         292         17942.7         12.9801             0.5      Successful search (ES-wcm)        
     2         295         17939.9         11.7362             0.5      Successful search (ES-wcm)        
     2         303         17939.4         9.56134             0.5      Successful search (ES-ell)        
     2         305         17934.8         10.0066             0.5      Successful search (ES-ell)        
     2         306         17924.5         10.4887             0.5      Successful search (ES-ell)        
     2         308         17920.6         11.6472             0.5      Successful search (ES-ell)        
     2         309           17913         15.6109             0.5      Successful search (ES-ell)        
     2         310         17902.4         17.5172             0.5      Successful search (ES-ell)        
     2         322         17900.9         16.8223             0.5      Successful search (ES-wcm)        
     2         323         17846.4           19.44             0.5      Successful search (ES-wcm)        
     2         365         17846.4           19.44            0.25          Refine grid             
     3         369         17857.5          13.423            0.25      Successful search (ES-ell)        
     3         370         17847.2         23.9021            0.25      Successful search (ES-wcm)        
     3         374         17840.1         19.5667            0.25      Successful search (ES-wcm)        
     3         378         17837.1         16.5136            0.25      Successful search (ES-wcm)        
     3         399         17646.7         18.9311             0.5        Successful poll           Train
     4         439         17646.7         18.9311            0.25          Refine grid             Train
     5         457         17849.9         7.50226             0.5        Successful poll           Train
     6         465         17835.8         15.4723             0.5      Successful search (ES-wcm)        
     6         467         17823.7         18.0919             0.5      Successful search (ES-wcm)        
     6         469         17806.3         25.3045             0.5      Successful search (ES-wcm)        
     6         472         17781.9         26.0075             0.5      Successful search (ES-wcm)        
     6         481         17773.6           22.35             0.5      Successful search (ES-wcm)        
     6         483         17772.5         19.6694             0.5      Successful search (ES-ell)        
     6         495         17764.9         15.3277             0.5      Successful search (ES-ell)        
     6         496         17738.7         20.8033             0.5      Successful search (ES-ell)        
     6         542         17738.7         20.8033            0.25          Refine grid             Train
     7         543         17736.7          24.098            0.25      Successful search (ES-ell)        
     7         562           17722         12.8335            0.25      Successful search (ES-ell)        
     7         568         17695.5         22.0043            0.25      Successful search (ES-wcm)        
     7         612         17695.5         22.0043           0.125          Refine grid             Train
     8         614         17720.5         14.3938           0.125      Successful search (ES-ell)        
     8         669         17720.5         14.3938          0.0625          Refine grid             
     9         670         17726.1         10.5625          0.0625      Successful search (ES-ell)        
     9         673         17720.1         11.1681          0.0625      Successful search (ES-ell)        
     9         676         17716.8         12.0704          0.0625      Successful search (ES-ell)        
     9         727         17716.8         12.0704         0.03125          Refine grid             
    10         728         17739.9         8.24607         0.03125      Successful search (ES-ell)        
    10         729         17738.9         14.0257         0.03125      Successful search (ES-ell)        
    10         731         17738.6         16.1074         0.03125      Successful search (ES-ell)        
    10         735           17731         9.29942         0.03125      Successful search (ES-wcm)        
    10         758         17623.7         6.45391          0.0625        Successful poll           
    11         762         17734.1         12.6307          0.0625      Successful search (ES-wcm)        
    11         764         17732.3         12.1513          0.0625      Successful search (ES-wcm)        
    11         768         17730.2         10.9849          0.0625      Successful search (ES-wcm)        
    11         769           17715         9.84929          0.0625      Successful search (ES-wcm)        
    11         770         17714.6          12.301          0.0625      Successful search (ES-ell)        
    11         775         17709.5         23.3037          0.0625      Successful search (ES-wcm)        
    11         776           17677         23.2993          0.0625      Successful search (ES-ell)        
    11         779         17676.2         18.6752          0.0625      Successful search (ES-ell)        
    11         782         17489.1         16.9218          0.0625      Successful search (ES-ell)        
    11         831         17489.1         16.9218         0.03125          Refine grid             
    12         832         17667.3         7.84976         0.03125      Successful search (ES-ell)        
    12         833           17648         12.3691         0.03125      Successful search (ES-ell)        
    12         834         17627.7         14.4208         0.03125      Successful search (ES-ell)        
    12         889         17627.7         14.4208        0.015625          Refine grid             
    13         890         17681.1         5.47723        0.015625      Successful search (ES-ell)        
    13         891         17661.6         7.42296        0.015625      Successful search (ES-ell)        
    13         892         17652.8         10.4552        0.015625      Successful search (ES-ell)        
    13         948         17652.8         10.4552       0.0078125          Refine grid             Train
    14         949         17572.6         9.23454       0.0078125      Successful search (ES-ell)        
    14        1007         17572.6         9.23454      0.00390625          Refine grid             
    15        1008         17692.8         3.49645      0.00390625      Successful search (ES-ell)        
    15        1009         17690.5         3.77584      0.00390625      Successful search (ES-ell)        
    15        1010         17687.7         4.69611      0.00390625      Successful search (ES-ell)        
    15        1011         17684.6         6.17832      0.00390625      Successful search (ES-ell)        
    15        1012         17679.8         8.48644      0.00390625      Successful search (ES-ell)        
    15        1013         17667.6         10.4702      0.00390625      Successful search (ES-ell)        
    15        1014           17656         12.2814      0.00390625      Successful search (ES-ell)        
    15        1065           17656         12.2814      0.00195312          Refine grid             
    16        1066         17668.9         3.46321      0.00195312      Successful search (ES-ell)        
    16        1067         17667.9          3.5633      0.00195312      Successful search (ES-ell)        
    16        1068           17667          3.7617      0.00195312      Successful search (ES-ell)        
    16        1069         17666.5         4.27081      0.00195312      Successful search (ES-ell)        
    16        1070         17663.8         4.55369      0.00195312      Successful search (ES-wcm)        
    16        1123         17663.8         4.55369     0.000976562          Refine grid             
Optimization terminated: change in the function value less than options['tol_mesh']
Estimated function value at minimum: 17674.193154591998 ± 2.594845541208907 (mean ± SEM from 100 samples)
BADS minimum at: x_min = [ 3.6244  3.6284  6.071  14.3633  1.3819  8.7914  0.6132  0.2471  7.1357
  7.2907  0.5371  0.4956  0.3107  0.2746  1.4169], training NLL = 17674.1932
total f-count: 1223, time: 55.57 min

 ------- Finish Optimization for Subject 6 ---------- 

 ------- Start Optimization for Subject 11 ---------- 

 Cross Validation fold 0/1

 -- Start Optimization: method BADS --

 Optimization Run 1/1
Initial params: [0.6576, 9.9936, 12.0819, 35.2419, 16.8511, 32.8479, 3.8595, 0.5911, 25.6484, 22.9286, 0.4349, 0.8535, 0.2381, 0.1402, 1.3921]
bads:TooCloseBounds: For each variable, hard and plausible bounds should not be too close. Moving plausible bounds.
Variables (index) internally transformed to log coordinates: [[0 0]
 [0 3]
 [0 4]
 [0 6]]
Beginning optimization of a STOCHASTIC objective function

 Iteration    f-count      E[f(x)]        SD[f(x)]           MeshScale          Method              Actions
     0           1         25766.6             nan               1                                  
     0          33           24778             nan               1          Initial mesh            Initial points
     0          54         24612.1        0.969096               1        Successful poll           Train
     1          57         24601.5        0.968754               1      Successful search (ES-wcm)        
     1          66         24595.4        0.872699               1      Successful search (ES-wcm)        
     1          68         24593.9        0.871282               1      Successful search (ES-wcm)        
     1          71         24526.7        0.894535               1      Successful search (ES-wcm)        
     1          74         24524.7        0.893951               1      Successful search (ES-ell)        
     1          76           24513        0.893719               1      Successful search (ES-ell)        
     1          77         24432.8        0.894127               1      Successful search (ES-ell)        
     1          80         24417.6        0.892975               1      Successful search (ES-ell)        
     1          82         24413.8        0.893383               1      Successful search (ES-ell)        
     1          83         24384.5        0.894144               1      Successful search (ES-ell)        
     1          89           24369        0.885804               1      Successful search (ES-ell)        
     1         105         24364.9         3.53593               1      Successful search (ES-ell)        
     1         118         22325.5         4.30932               1      Successful search (ES-wcm)        
     1         120         21281.6         4.31997               1      Successful search (ES-wcm)        
     1         125         20682.1         3.93777               1      Successful search (ES-wcm)        
     1         158         20490.9         6.84543               1        Successful poll           Train
     2         161         20231.4        0.997283               1      Successful search (ES-wcm)        
     2         163         19785.2        0.997289               1      Successful search (ES-wcm)        
     2         165         19654.2        0.997286               1      Successful search (ES-wcm)        
     2         169         19639.7        0.997049               1      Successful search (ES-ell)        
     2         172         19548.8        0.997255               1      Successful search (ES-wcm)        
     2         177         19545.7        0.996816               1      Successful search (ES-wcm)        
     2         181         19486.5        0.997085               1      Successful search (ES-wcm)        
     2         183         19465.2        0.997246               1      Successful search (ES-wcm)        
     2         185         19431.1        0.997027               1      Successful search (ES-wcm)        
     2         190         19272.9          1.0162               1      Successful search (ES-wcm)        
     2         199         19173.8         1.01619               1      Successful search (ES-wcm)        
     2         200         19159.5         1.01618               1      Successful search (ES-wcm)        
     2         201         19095.8         1.01617               1      Successful search (ES-wcm)        
     2         208         19093.9         1.01614               1      Successful search (ES-ell)        
     2         209         18948.7          1.0162               1      Successful search (ES-wcm)        
     2         210         18898.1          1.0162               1      Successful search (ES-ell)        
     2         218         18883.9         1.01535               1      Successful search (ES-ell)        
     2         224         18813.2         1.01593               1      Successful search (ES-ell)        
     2         229           18780         1.00922               1      Successful search (ES-ell)        
     2         231         18768.8         1.01045               1      Successful search (ES-ell)        
     2         239         18742.2        0.976725               1      Successful search (ES-ell)        
     2         243         18733.9        0.968003               1      Successful search (ES-ell)        
     2         245         18711.6        0.967767               1      Successful search (ES-ell)        
     2         247           18711        0.972105               1      Incremental search (ES-ell)        
     2         254         18708.2        0.975521               1      Successful search (ES-ell)        
     2         257         18678.9        0.966713               1      Successful search (ES-ell)        
     2         260         18611.5        0.965974               1      Successful search (ES-ell)        
     2         275         18607.9          2.0007               1      Successful search (ES-ell)        
     2         316         18607.9          2.0007             0.5          Refine grid             Train
     3         317         18634.4         37.4151             0.5      Successful search (ES-ell)        
     3         319         18628.5         38.6855             0.5      Successful search (ES-ell)        
     3         323         18605.1         34.9299             0.5      Successful search (ES-ell)        
     3         328         18590.8         20.1047             0.5      Successful search (ES-ell)        
     3         335           18583         25.4804             0.5      Successful search (ES-ell)        
     3         349         18530.3         31.5043             0.5      Successful search (ES-ell)        
     3         350         18528.9         37.2296             0.5      Successful search (ES-ell)        
     3         352         18510.2         37.9271             0.5      Successful search (ES-ell)        
     3         403         18510.2         37.9271            0.25          Refine grid             Train
     4         404           18494         22.2977            0.25      Successful search (ES-ell)        
     4         463           18494         22.2977           0.125          Refine grid             Train
     5         464         18506.2         11.3341           0.125      Successful search (ES-ell)        
     5         465         18493.9          20.391           0.125      Successful search (ES-ell)        
     5         467         18490.2         19.8794           0.125      Successful search (ES-ell)        
     5         479         18487.6          12.367           0.125      Successful search (ES-ell)        
     5         480         18466.1         16.5803           0.125      Successful search (ES-ell)        
     5         538         18466.1         16.5803          0.0625          Refine grid             Train
     6         539         18519.5         6.82154          0.0625      Successful search (ES-ell)        
     6         540         18494.7         8.19179          0.0625      Successful search (ES-ell)        
     6         542         18494.3         11.2211          0.0625      Successful search (ES-ell)        
     6         543         18477.9         10.8395          0.0625      Successful search (ES-ell)        
     6         598         18477.9         10.8395         0.03125          Refine grid             Train
     7         599           18483         3.95392         0.03125      Successful search (ES-ell)        
     7         600         18454.3         4.97652         0.03125      Successful search (ES-ell)        
     7         658         18454.3         4.97652        0.015625          Refine grid             Train
     8         659         18537.4         6.21253        0.015625      Successful search (ES-ell)        
     8         660         18518.6         5.34346        0.015625      Successful search (ES-wcm)        
     8         661         18499.3         5.26322        0.015625      Successful search (ES-wcm)        
     8         662         18491.6         6.29261        0.015625      Successful search (ES-ell)        
     8         663         18478.7         8.01568        0.015625      Successful search (ES-wcm)        
     8         665           18473         8.72469        0.015625      Successful search (ES-ell)        
     8         667         18470.9         10.3894        0.015625      Successful search (ES-ell)        
     8         668         18465.5         13.8399        0.015625      Successful search (ES-ell)        
     8         718         18465.5         13.8399       0.0078125          Refine grid             
     9         719         18474.3         4.49736       0.0078125      Successful search (ES-ell)        
     9         720         18472.5         4.70315       0.0078125      Successful search (ES-wcm)        
     9         722           18472         4.75562       0.0078125      Successful search (ES-wcm)        
     9         723         18470.8         5.29729       0.0078125      Successful search (ES-wcm)        
     9         725         18469.8         5.96182       0.0078125      Successful search (ES-wcm)        
     9         750         18448.4         4.48848        0.015625        Successful poll           
    10         751         18456.6         5.37059        0.015625      Successful search (ES-wcm)        
    10         810         18456.6         5.37059       0.0078125          Refine grid             Train
    11         811         18478.4         4.05197       0.0078125      Successful search (ES-wcm)        
    11         812         18478.4         4.36868       0.0078125      Successful search (ES-wcm)        
    11         813         18476.4         5.23015       0.0078125      Successful search (ES-ell)        
    11         814         18475.2         6.97935       0.0078125      Successful search (ES-ell)        
    11         815         18467.4         9.42816       0.0078125      Successful search (ES-wcm)        
    11         816         18462.3         14.1001       0.0078125      Successful search (ES-wcm)        
    11         817           18457         20.2461       0.0078125      Successful search (ES-wcm)        
    11         870           18457         20.2461      0.00390625          Refine grid             Train
    12         871         18478.1         3.67311      0.00390625      Successful search (ES-wcm)        
    12         872         18477.2         3.64049      0.00390625      Successful search (ES-wcm)        
    12         873           18476         3.59388      0.00390625      Successful search (ES-wcm)        
    12         874         18475.5         3.73798      0.00390625      Successful search (ES-wcm)        
    12         875         18474.1         3.92301      0.00390625      Successful search (ES-wcm)        
    12         876         18471.6         4.54429      0.00390625      Successful search (ES-wcm)        
    12         877         18469.5         5.35506      0.00390625      Successful search (ES-wcm)        
    12         930         18460.4           18.23       0.0078125        Successful poll           
    13         931         18463.5         10.4234       0.0078125      Successful search (ES-wcm)        
    13         986         18459.4         7.83415        0.015625        Successful poll           
    14        1012         18452.4         10.0459         0.03125        Successful poll           
    15        1057         18465.9         3.85549       0.0078125          Refine grid             Train
    16        1058         18455.5         9.02786       0.0078125      Successful search (ES-wcm)        
    16        1115         18450.8         14.3508        0.015625        Successful poll           
    17        1160         18450.1         11.8376         0.03125        Successful poll           
    18        1164         18449.8         11.3545         0.03125      Successful search (ES-ell)        
    18        1220         18449.8         11.3545        0.015625          Refine grid             Train
    19        1221         18460.8         3.88725        0.015625      Successful search (ES-ell)        
    19        1222         18456.9         6.07746        0.015625      Successful search (ES-ell)        
    19        1223         18447.9         9.81194        0.015625      Successful search (ES-ell)        
    19        1224         18445.4         13.9588        0.015625      Successful search (ES-ell)        
    19        1280         18445.4         13.9588       0.0078125          Refine grid             Train
    20        1281         18464.9         3.43372       0.0078125      Successful search (ES-ell)        
    20        1282         18463.3         4.10666       0.0078125      Successful search (ES-ell)        
    20        1283         18462.5          5.9096       0.0078125      Successful search (ES-ell)        
    20        1340         18454.2         22.8767        0.015625        Successful poll           
    21        1344         18465.8         6.81853        0.015625      Successful search (ES-ell)        
    21        1345         18464.7         7.09315        0.015625      Successful search (ES-ell)        
    21        1356         18458.8         6.17115        0.015625      Successful search (ES-wcm)        
    21        1359         18454.1         7.04841        0.015625      Successful search (ES-ell)        
    21        1360           18440         8.59321        0.015625      Successful search (ES-ell)        
    21        1361         18428.5         12.5865        0.015625      Successful search (ES-ell)        
    21        1362         18425.6         16.1429        0.015625      Successful search (ES-ell)        
    21        1415         18425.6         16.1429       0.0078125          Refine grid             Train
    22        1416         18464.9         5.51258       0.0078125      Successful search (ES-ell)        
    22        1417         18463.1         6.68106       0.0078125      Successful search (ES-ell)        
    22        1418         18458.9         8.62737       0.0078125      Successful search (ES-ell)        
    22        1419         18453.7         10.8201       0.0078125      Successful search (ES-ell)        
    22        1420           18447         12.9695       0.0078125      Successful search (ES-ell)        
    22        1475           18447         12.9695      0.00390625          Refine grid             Train
    23        1476         18462.1         4.31595      0.00390625      Successful search (ES-ell)        
    23        1477         18458.4         6.40659      0.00390625      Successful search (ES-ell)        
    23        1478         18457.1         9.32091      0.00390625      Successful search (ES-ell)        
    23        1479         18446.6         12.0254      0.00390625      Successful search (ES-wcm)        
    23        1512         18410.2         15.5673       0.0078125        Successful poll           
    24        1513         18463.6         5.68461       0.0078125      Successful search (ES-wcm)        
    24        1516         18462.5          5.6046       0.0078125      Successful search (ES-wcm)        
    24        1518         18462.2         6.22405       0.0078125      Successful search (ES-wcm)        
    24        1519         18458.4         7.60099       0.0078125      Successful search (ES-wcm)        
    24        1523           18458         6.46537       0.0078125      Successful search (ES-ell)        
    24        1528         18456.5         5.78675       0.0078125      Successful search (ES-ell)        
    24        1564         18452.2         14.5073        0.015625        Successful poll           
    25        1565         18461.7         4.69047        0.015625      Successful search (ES-ell)        
    25        1566         18457.6         7.10375        0.015625      Successful search (ES-ell)        
    25        1568         18454.8         9.37285        0.015625      Successful search (ES-ell)        
    25        1569         18453.6          11.036        0.015625      Successful search (ES-ell)        
    25        1624         18453.6          11.036       0.0078125          Refine grid             Train
    26        1625         18458.8         4.22455       0.0078125      Successful search (ES-ell)        
    26        1626         18453.2         6.51587       0.0078125      Successful search (ES-ell)        
    26        1629         18451.6         7.21097       0.0078125      Successful search (ES-wcm)        
    26        1666         18446.1         7.44588        0.015625        Successful poll           
    27        1667         18445.2         8.51485        0.015625      Successful search (ES-ell)        
    27        1726         18445.2         8.51485       0.0078125          Refine grid             
    28        1727           18461          4.9068       0.0078125      Successful search (ES-ell)        
    28        1753         18460.9         3.44824       0.0078125      Successful search (ES-ell)        
    28        1754         18460.8         3.42314       0.0078125      Successful search (ES-ell)        
    28        1755         18460.6         3.39453       0.0078125      Successful search (ES-ell)        
    28        1756         18460.6         3.39954       0.0078125      Successful search (ES-ell)        
    28        1757         18458.9          3.9899       0.0078125      Successful search (ES-ell)        
    28        1758         18455.5         4.99471       0.0078125      Successful search (ES-ell)        
    28        1759         18453.4         6.50502       0.0078125      Successful search (ES-ell)        
    28        1760         18447.7         8.17781       0.0078125      Successful search (ES-ell)        
    28        1761         18445.3         11.1197       0.0078125      Successful search (ES-ell)        
    28        1816         18445.3         11.1197      0.00390625          Refine grid             
    29        1817           18457         3.64264      0.00390625      Successful search (ES-ell)        
    29        1818           18456         4.64882      0.00390625      Successful search (ES-ell)        
    29        1819         18455.6         6.36848      0.00390625      Successful search (ES-ell)        
    29        1876         18455.6         6.36848      0.00195312          Refine grid             
    30        1877         18457.8         3.18107      0.00195312      Successful search (ES-ell)        
    30        1878         18456.6         3.27869      0.00195312      Successful search (ES-ell)        
    30        1920         18452.8         10.8906      0.00390625        Successful poll           Train
    31        1923         18462.3         11.1111      0.00390625      Successful search (ES-wcm)        
    31        1980         18438.6         23.3107       0.0078125        Successful poll           
    32        1981         18460.8         3.70641       0.0078125      Successful search (ES-wcm)        
    32        1982         18454.4         5.04996       0.0078125      Successful search (ES-wcm)        
    32        2040         18454.4         5.04996      0.00390625          Refine grid             
    33        2060         18431.4         17.1228       0.0078125        Successful poll           
    34        2093         18447.6         13.0053        0.015625        Successful poll           
    35        2138         18465.8         1.93069       0.0078125          Refine grid             
    36        2139         18463.9         6.10316       0.0078125      Successful search (ES-wcm)        
    36        2140         18454.9         9.34671       0.0078125      Successful search (ES-wcm)        
    36        2143         18454.1         8.19689       0.0078125      Successful search (ES-ell)        
    36        2198         18454.1         8.19689      0.00390625          Refine grid             Train
    37        2199         18456.9         3.32073      0.00390625      Successful search (ES-wcm)        
    37        2200         18455.7         5.16666      0.00390625      Successful search (ES-wcm)        
    37        2255         18435.1         15.4056       0.0078125        Successful poll           Train
    38        2256         18440.7         11.0086       0.0078125      Successful search (ES-ell)        
    38        2315         18440.7         11.0086      0.00390625          Refine grid             
    39        2316           18449          3.4386      0.00390625      Successful search (ES-wcm)        
    39        2317         18443.9         6.15041      0.00390625      Successful search (ES-ell)        
    39        2318         18430.1         11.1927      0.00390625      Successful search (ES-wcm)        
    39        2375         18430.1         11.1927      0.00195312          Refine grid             
    40        2376           18452         3.37847      0.00195312      Successful search (ES-wcm)        
    40        2377         18449.9         3.92226      0.00195312      Successful search (ES-wcm)        
    40        2378         18449.7         5.45041      0.00195312      Successful search (ES-wcm)        
    40        2435         18449.7         5.45041     0.000976562          Refine grid             Train
Optimization terminated: change in the function value less than options['tol_mesh']
Estimated function value at minimum: 18452.680966799784 ± 2.4775728948710407 (mean ± SEM from 100 samples)
BADS minimum at: x_min = [ 0.3382  1.6241  5.5079  8.8871  1.0202  6.3698  2.9679  0.534  31.8721
 26.1226  0.335   0.2211  0.2548  0.2092  0.8444], training NLL = 18452.681
total f-count: 2535, time: 113.17 min

 ------- Finish Optimization for Subject 11 ---------- 

 ------- Start Optimization for Subject 15 ---------- 

 Cross Validation fold 0/1

 -- Start Optimization: method BADS --

 Optimization Run 1/1
Initial params: [1.2088, 8.0351, 5.9216, 18.5402, 10.0034, 8.5999, 2.3481, 0.5505, 16.7775, 29.3489, 0.2747, 0.6286, 0.2779, 0.1413, 0.307]
bads:TooCloseBounds: For each variable, hard and plausible bounds should not be too close. Moving plausible bounds.
Variables (index) internally transformed to log coordinates: [[0 0]
 [0 3]
 [0 4]
 [0 6]]
Beginning optimization of a STOCHASTIC objective function

 Iteration    f-count      E[f(x)]        SD[f(x)]           MeshScale          Method              Actions
     0           1         24615.8             nan               1                                  
     0          33         22423.7             nan               1          Initial mesh            Initial points
     0          34         22386.2               1               1        Successful poll           Train
     1          35         22258.7        0.999993               1      Successful search (ES-wcm)        
     1          37         22036.1        0.999998               1      Successful search (ES-wcm)        
     1          40           21293        0.999981               1      Successful search (ES-wcm)        
     1          46         21176.3        0.999283               1      Successful search (ES-wcm)        
     1          53         20995.1        0.999663               1      Successful search (ES-wcm)        
     1          60         20973.1         0.97464               1      Successful search (ES-wcm)        
     1          61         20912.8        0.993623               1      Successful search (ES-wcm)        
     1          65         20823.9        0.990026               1      Successful search (ES-wcm)        
     1          71         20775.9        0.990007               1      Successful search (ES-wcm)        
     1          90           20767        0.955982               1      Successful search (ES-ell)        
     1          92         20755.6        0.974026               1      Successful search (ES-wcm)        
     1         127         20712.3          2.0368               1        Successful poll           Train
     2         130         20715.4         12.0429               1      Successful search (ES-wcm)        
     2         133         20679.5         11.5144               1      Successful search (ES-wcm)        
     2         136         20672.6         10.7449               1      Successful search (ES-wcm)        
     2         140         20671.3         8.83572               1      Successful search (ES-wcm)        
     2         142         20667.1         7.31429               1      Successful search (ES-wcm)        
     2         146         20658.6         9.87081               1      Successful search (ES-wcm)        
     2         147         20654.5         12.2669               1      Successful search (ES-wcm)        
     2         163         20652.7         10.4312               1      Successful search (ES-ell)        
     2         174         20640.1         13.4504               1      Successful search (ES-ell)        
     2         177         20633.3         12.3079               1      Successful search (ES-ell)        
     2         191         20619.6          13.181               1      Successful search (ES-wcm)        
     2         195         20617.5         9.35278               1      Successful search (ES-ell)        
     2         196         20606.6         10.2883               1      Successful search (ES-ell)        
     2         198         20604.4         9.86508               1      Successful search (ES-ell)        
     2         199         20575.1         11.9001               1      Successful search (ES-ell)        
     2         200         20573.1         13.6311               1      Successful search (ES-ell)        
     2         223         20559.4         14.4239               1        Successful poll           Train
     3         224         20525.5         15.1098               1      Successful search (ES-ell)        
     3         226         20519.7         15.4889               1      Successful search (ES-ell)        
     3         228         20494.9         16.2008               1      Successful search (ES-wcm)        
     3         235         20493.2         13.0778               1      Successful search (ES-ell)        
     3         236         20479.2         14.0195               1      Successful search (ES-ell)        
     3         238         20472.3         13.7064               1      Successful search (ES-ell)        
     3         240         20462.5         15.5519               1      Successful search (ES-ell)        
     3         243         20446.2         15.1511               1      Successful search (ES-ell)        
     3         246         20436.3         14.9578               1      Successful search (ES-ell)        
     3         249         20426.6         13.2507               1      Successful search (ES-ell)        
     3         250         20413.9         13.5859               1      Successful search (ES-ell)        
     3         252         20397.1         13.2669               1      Successful search (ES-ell)        
     3         278         20350.6         15.9087               1        Successful poll           Train
     4         279         20315.3         12.6253               1      Successful search (ES-ell)        
     4         281         20278.1         12.5974               1      Successful search (ES-ell)        
     4         286         20207.6         12.0888               1      Successful search (ES-ell)        
     4         288         20159.1         12.5286               1      Successful search (ES-wcm)        
     4         290         20106.5         12.4526               1      Successful search (ES-wcm)        
     4         292         20106.1         11.8617               1      Incremental search (ES-wcm)        
     4         307         20103.2         4.44775               1      Successful search (ES-wcm)        
     4         308         20102.2         4.27934               1      Incremental search (ES-wcm)        
     4         312         20036.5         11.6688               1      Successful search (ES-wcm)        
     4         314         19998.7         12.1612               1      Successful search (ES-wcm)        
     4         329         19997.3         8.12244               1      Successful search (ES-wcm)        
     4         333         19995.6         7.31369               1      Successful search (ES-wcm)        
     4         334         19986.8          9.1593               1      Successful search (ES-wcm)        
     4         335         19938.4         11.2111               1      Successful search (ES-wcm)        
     4         337         19924.6         9.63841               1      Successful search (ES-ell)        
     4         338         19908.6         11.0775               1      Successful search (ES-ell)        
     4         339           19865         12.5363               1      Successful search (ES-ell)        
     4         345           19851         10.7442               1      Successful search (ES-ell)        
     4         348           19833         10.0665               1      Successful search (ES-ell)        
     4         353         19831.3         6.13951               1      Successful search (ES-wcm)        
     4         354         19827.7         11.6246               1      Successful search (ES-wcm)        
     4         356         19796.6         11.3274               1      Successful search (ES-wcm)        
     4         406         19796.6         11.3274             0.5          Refine grid             
     5         407         19774.6         6.94468             0.5      Successful search (ES-wcm)        
     5         408         19772.1         8.70664             0.5      Successful search (ES-wcm)        
     5         462         19772.1         8.70664            0.25          Refine grid             
     6         463           19778         5.79722            0.25      Successful search (ES-wcm)        
     6         466         19776.1         5.82854            0.25      Successful search (ES-ell)        
     6         467         19770.6         7.81885            0.25      Successful search (ES-ell)        
     6         519         19770.6         7.81885           0.125          Refine grid             Train
     7         520         19777.2         3.74014           0.125      Successful search (ES-wcm)        
     7         522         19769.6         5.13071           0.125      Successful search (ES-wcm)        
     7         524         19760.1         6.74228           0.125      Successful search (ES-wcm)        
     7         526           19756         6.88622           0.125      Successful search (ES-wcm)        
     7         529         19753.1         6.28408           0.125      Successful search (ES-wcm)        
     7         577         19747.3         8.43605            0.25        Successful poll           
     8         620         19751.9         7.27826           0.125          Refine grid             
     9         621         19754.2         3.29037           0.125      Successful search (ES-ell)        
     9         658         19752.8         13.0516            0.25        Successful poll           Train
    10         659         19755.5          6.0734            0.25      Successful search (ES-ell)        
    10         716         19755.5          6.0734           0.125          Refine grid             
    11         717         19756.8         3.62969           0.125      Successful search (ES-ell)        
    11         718         19753.9         6.06046           0.125      Successful search (ES-ell)        
    11         732         19752.6         4.46064           0.125      Successful search (ES-ell)        
    11         734         19699.9         3.78017           0.125      Successful search (ES-ell)        
    11         735         19633.1         6.30552           0.125      Successful search (ES-ell)        
    11         789         19633.1         6.30552          0.0625          Refine grid             Train
    12         790         19759.3         2.53677          0.0625      Successful search (ES-ell)        
    12         791         19758.6         6.61868          0.0625      Successful search (ES-wcm)        
    12         792         19756.4         12.9436          0.0625      Successful search (ES-wcm)        
    12         796         19755.4         8.58283          0.0625      Successful search (ES-wcm)        
    12         798         19751.7         6.54941          0.0625      Successful search (ES-wcm)        
    12         800           19749         7.51468          0.0625      Successful search (ES-wcm)        
    12         802           19749         6.71171          0.0625      Successful search (ES-wcm)        
    12         847         19745.8         9.99197           0.125        Successful poll           
    13         850         19752.9         6.23913           0.125      Successful search (ES-wcm)        
    13         853         19746.3         4.33276           0.125      Successful search (ES-wcm)        
    13         855         19745.6         3.80786           0.125      Successful search (ES-wcm)        
    13         857         19743.2         4.67124           0.125      Successful search (ES-wcm)        
    13         860         19739.8         3.86574           0.125      Successful search (ES-ell)        
    13         905         19739.8         3.86574          0.0625          Refine grid             
    14         906         19748.3         3.79669          0.0625      Successful search (ES-wcm)        
    14         908         19745.1         3.23542          0.0625      Successful search (ES-wcm)        
    14         909         19743.5         4.88382          0.0625      Successful search (ES-wcm)        
    14         915         19743.1          3.6875          0.0625      Successful search (ES-ell)        
    14         916         19743.1         3.93628          0.0625      Incremental search (ES-ell)        
    14         918         19742.9         4.26302          0.0625      Successful search (ES-ell)        
    14         963         19742.9         4.26302         0.03125          Refine grid             Train
    15         964         19747.3         2.27493         0.03125      Successful search (ES-ell)        
    15         965         19744.2         2.93375         0.03125      Successful search (ES-wcm)        
    15        1021         19744.2         2.93375        0.015625          Refine grid             
    16        1022         19750.3         3.26725        0.015625      Successful search (ES-wcm)        
    16        1023         19748.6         3.38712        0.015625      Successful search (ES-wcm)        
    16        1024         19745.8         3.68029        0.015625      Successful search (ES-wcm)        
    16        1031         19745.4         2.98709        0.015625      Successful search (ES-wcm)        
    16        1032         19743.7         3.12132        0.015625      Successful search (ES-wcm)        
    16        1033         19743.2         2.92244        0.015625      Successful search (ES-wcm)        
    16        1034         19742.6         3.03025        0.015625      Successful search (ES-ell)        
    16        1035           19740         3.48845        0.015625      Successful search (ES-ell)        
    16        1059         19727.5         2.51783         0.03125        Successful poll           
    17        1060           19749         3.00921         0.03125      Successful search (ES-ell)        
    17        1061         19746.1          3.8502         0.03125      Successful search (ES-ell)        
    17        1062           19745         5.83695         0.03125      Successful search (ES-ell)        
    17        1063         19740.5         6.92117         0.03125      Successful search (ES-ell)        
    17        1065         19740.2         5.60124         0.03125      Successful search (ES-ell)        
    17        1090           19724         8.69696          0.0625        Successful poll           
    18        1133         19741.2         2.77575         0.03125          Refine grid             Train
    19        1134         19744.7         3.55434         0.03125      Successful search (ES-ell)        
    19        1149         19744.6         3.13397         0.03125      Successful search (ES-ell)        
    19        1151         19743.7         4.10006         0.03125      Successful search (ES-ell)        
    19        1206         19743.7         4.10006        0.015625          Refine grid             Train
    20        1207         19746.8         2.91796        0.015625      Successful search (ES-wcm)        
    20        1208         19746.2         3.48024        0.015625      Successful search (ES-wcm)        
    20        1261         19741.2         3.88424         0.03125        Successful poll           Train
    21        1262         19737.6         6.51187         0.03125      Successful search (ES-wcm)        
    21        1278         19737.4         2.63908         0.03125      Successful search (ES-ell)        
    21        1279           19735         3.49411         0.03125      Successful search (ES-wcm)        
    21        1281         19733.7         4.15049         0.03125      Successful search (ES-wcm)        
    21        1334         19733.7         4.15049        0.015625          Refine grid             
    22        1338         19745.6         1.60805        0.015625      Successful search (ES-wcm)        
    22        1339         19743.8         1.64731        0.015625      Successful search (ES-wcm)        
    22        1340         19743.3         1.82366        0.015625      Successful search (ES-wcm)        
    22        1341         19742.3         1.87991        0.015625      Successful search (ES-wcm)        
    22        1342         19738.7         1.92856        0.015625      Successful search (ES-wcm)        
    22        1343         19737.4          2.1631        0.015625      Successful search (ES-wcm)        
    22        1348           19737         2.17334        0.015625      Successful search (ES-ell)        
    22        1350         19736.5           2.536        0.015625      Successful search (ES-ell)        
    22        1351         19735.9         3.24903        0.015625      Successful search (ES-ell)        
    22        1352         19734.3         4.14825        0.015625      Successful search (ES-ell)        
    22        1354         19733.8         4.31027        0.015625      Successful search (ES-ell)        
    22        1407         19733.8         4.31027       0.0078125          Refine grid             
    23        1408         19743.4          2.6229       0.0078125      Successful search (ES-wcm)        
    23        1410         19741.4         2.74291       0.0078125      Successful search (ES-wcm)        
    23        1465         19741.4         2.74291      0.00390625          Refine grid             
    24        1466         19746.9         1.40934      0.00390625      Successful search (ES-wcm)        
    24        1467           19746         1.44732      0.00390625      Successful search (ES-wcm)        
    24        1468         19744.8         1.48595      0.00390625      Successful search (ES-wcm)        
    24        1469         19744.1          1.8509      0.00390625      Successful search (ES-ell)        
    24        1470         19743.4         2.60587      0.00390625      Successful search (ES-ell)        
    24        1523         19743.4         2.60587      0.00195312          Refine grid             
    25        1524         19746.5         1.32329      0.00195312      Successful search (ES-ell)        
    25        1525         19745.8         1.38632      0.00195312      Successful search (ES-ell)        
    25        1526         19745.6         1.55279      0.00195312      Successful search (ES-ell)        
    25        1527         19744.9         1.86835      0.00195312      Successful search (ES-ell)        
    25        1528         19744.5         2.36897      0.00195312      Successful search (ES-ell)        
    25        1529         19743.6         2.79731      0.00195312      Successful search (ES-ell)        
    25        1530           19743         3.38807      0.00195312      Successful search (ES-ell)        
    25        1531         19742.5         4.28415      0.00195312      Successful search (ES-ell)        
    25        1581         19742.5         4.28415     0.000976562          Refine grid             Train
Optimization terminated: change in the function value less than options['tol_mesh']
Estimated function value at minimum: 19747.9967762707 ± 1.242370978958456 (mean ± SEM from 100 samples)
BADS minimum at: x_min = [ 1.62150e+00  6.27320e+00  7.85430e+00  2.00000e-03  1.83110e+00
 -4.63459e+01  1.50190e+00  9.10000e-02  7.86940e+00  1.77871e+01
  6.59600e-01  4.04500e-01  3.10800e-01  3.21800e-01  4.25900e-01], training NLL = 19747.9968
total f-count: 1681, time: 76.04 min

 ------- Finish Optimization for Subject 15 ---------- 
Wed Aug  5 00:31:19 2026       
+---------------------------------------------------------------------------------------+
| NVIDIA-SMI 535.113.01             Driver Version: 535.113.01   CUDA Version: 12.2     |
|-----------------------------------------+----------------------+----------------------+
| GPU  Name                 Persistence-M | Bus-Id        Disp.A | Volatile Uncorr. ECC |
| Fan  Temp   Perf          Pwr:Usage/Cap |         Memory-Usage | GPU-Util  Compute M. |
|                                         |                      |               MIG M. |
|=========================================+======================+======================|
|   0  NVIDIA A100-PCIE-40GB          On  | 00000000:21:00.0 Off |                    0 |
| N/A   37C    P0              38W / 250W |      4MiB / 40960MiB |      0%      Default |
|                                         |                      |             Disabled |
+-----------------------------------------+----------------------+----------------------+
                                                                                         
+---------------------------------------------------------------------------------------+
| Processes:                                                                            |
|  GPU   GI   CI        PID   Type   Process name                            GPU Memory |
|        ID   ID                                                             Usage      |
|=======================================================================================|
|  No running processes found                                                           |
+---------------------------------------------------------------------------------------+
----------------------------------------
Start job epilogue Wed Aug  5 00:31:20 CEST 2026
----------------------------------------
Job ID:          54566268
Job Exit Code:   0:0
Username:        wenlou
Group:           mpla
Queue:           gpu
Compute nodes:   dccn-c077
Asked resources: walltime=1-00:00:00,nodes=1,cpus=8,mem=2G
Used resources:  cputime=2-01:34:00,walltime=06:11:45,memory=0
----------------------------------------
End job epilogue Wed Aug  5 00:31:20 CEST 2026
----------------------------------------
