----------------------------------------
Start task prologue Thu Jul 30 07:25:47 CEST 2026
----------------------------------------
Step ID:         54448179.
Username:        wenlou
Group:           mpla
Asked resources: walltime=1-00:00:00,nodes=1,cpus=8,mem=2G
Queue:           gpu
Compute nodes:   dccn-c083
----------------------------------------
End task prologue Thu Jul 30 07:25:47 CEST 2026
----------------------------------------
CUDA version:
nvcc: NVIDIA (R) Cuda compiler driver
Copyright (c) 2005-2024 NVIDIA Corporation
Built on Thu_Mar_28_02:18:24_PDT_2024
Cuda compilation tools, release 12.4, V12.4.131
Build cuda_12.4.r12.4/compiler.34097967_0

[WARNING] Please note the interface change for (de-)activating conda environment:

  - DO NOT use `conda activate` to enter the conda environment as it requires extra step to modify your ~/.bashrc file, which will force you to use this Anaconda version (2024.06).  Therefore keep using `source activate` instead.

  - DO use `conda deactivate` to leave your conda environment as `source deactivate` will be deprecated in future release.

Running model for expriment=with_dn, m_id=2, method=bads
device is : cuda
['with_dn', '2', '20,25', 'bads', '2']

 ------- Start Optimization for Subject 20 ---------- 

 Cross Validation fold 0/1

 -- Start Optimization: method BADS --

 Optimization Run 1/2
Initial params: [0.8107, 8.3201, 10.4557, 15.0767, 27.6696, -36.2582, 2.2715, 0.2311, 16.1731, 19.9622, 0.6202, 0.6869, 0.2785, 0.2234, 0.4621]
bads:TooCloseBounds: For each variable, hard and plausible bounds should not be too close. Moving plausible bounds.
Variables (index) internally transformed to log coordinates: [[0 0]
 [0 3]
 [0 4]
 [0 6]]
Beginning optimization of a STOCHASTIC objective function

 Iteration    f-count      E[f(x)]        SD[f(x)]           MeshScale          Method              Actions
     0           1         25256.5             nan               1                                  
     0          33         24690.4             nan               1          Initial mesh            Initial points
     0          34         24687.9        0.989439               1        Successful poll           Train
     1          37         24467.2        0.989134               1      Successful search (ES-wcm)        
     1          43         24314.6        0.983108               1      Successful search (ES-wcm)        
     1          46         24286.5        0.944575               1      Successful search (ES-wcm)        
     1          48           24286        0.971943               1      Incremental search (ES-ell)        
     1          52         24217.1        0.988846               1      Successful search (ES-wcm)        
     1          55           24073        0.988219               1      Successful search (ES-ell)        
     1          69           24063        0.862161               1      Successful search (ES-ell)        
     1          70         24058.4        0.862407               1      Successful search (ES-ell)        
     1          73         24045.6        0.861813               1      Successful search (ES-ell)        
     1          74         24043.6         0.86238               1      Successful search (ES-ell)        
     1          76         24023.4        0.861756               1      Successful search (ES-ell)        
     1          78         24006.3        0.860988               1      Successful search (ES-ell)        
     1          79         23999.7        0.862861               1      Successful search (ES-wcm)        
     1          84         23987.1         0.86089               1      Successful search (ES-ell)        
     1          85         23970.2        0.862169               1      Successful search (ES-ell)        
     1          86           23891        0.862878               1      Successful search (ES-wcm)        
     1          91         23881.8        0.862023               1      Successful search (ES-wcm)        
     1          93         23864.2        0.861045               1      Successful search (ES-wcm)        
     1          96         23861.6         2.96065               1      Successful search (ES-wcm)        
     1          98         23854.6         2.93209               1      Successful search (ES-wcm)        
     1          99         23851.3         3.00792               1      Successful search (ES-ell)        
     1         103           23851          2.7273               1      Incremental search (ES-wcm)        
     1         107         23846.5         2.33704               1      Successful search (ES-wcm)        
     1         113         23844.4         2.18686               1      Successful search (ES-wcm)        
     1         117         23841.1         1.89895               1      Successful search (ES-wcm)        
     1         118         23839.4         2.61009               1      Successful search (ES-wcm)        
     1         119         23838.8         2.86777               1      Incremental search (ES-wcm)        
     1         121         23821.4         2.94256               1      Successful search (ES-ell)        
     1         125         23819.9         2.97325               1      Successful search (ES-ell)        
     1         141         23798.8         4.16181               1      Successful search (ES-ell)        
     1         142         23794.8         4.74937               1      Successful search (ES-ell)        
     1         143         23780.1         5.05239               1      Successful search (ES-wcm)        
     1         145         23756.7         5.02346               1      Successful search (ES-wcm)        
     1         150         23754.8         4.18992               1      Successful search (ES-wcm)        
     1         175         23517.6         3.38761               1        Successful poll           
     2         215         23517.3          3.3849             0.5          Refine grid             
     3         216           23624         3.44447             0.5      Successful search (ES-ell)        
     3         217         23444.9         3.64828             0.5      Successful search (ES-ell)        
     3         270         23444.9         3.64828            0.25          Refine grid             Train
     4         271           23788         4.84192            0.25      Successful search (ES-ell)        
     4         272         23786.8         4.84416            0.25      Successful search (ES-ell)        
     4         273         23764.2         6.50386            0.25      Successful search (ES-wcm)        
     4         274         23763.8         6.48157            0.25      Successful search (ES-ell)        
     4         275         23744.5         10.4149            0.25      Successful search (ES-wcm)        
     4         276         23731.8         11.0599            0.25      Successful search (ES-wcm)        
     4         324         23731.8         11.0599           0.125          Refine grid             Train
     5         325         23807.3         4.10099           0.125      Successful search (ES-wcm)        
     5         326         23799.7         4.69653           0.125      Successful search (ES-wcm)        
     5         328         23791.7         6.77148           0.125      Successful search (ES-wcm)        
     5         332         23791.7         6.92077           0.125      Incremental search (ES-wcm)        
     5         333         23789.6         6.77826           0.125      Successful search (ES-ell)        
     5         334         23775.3         8.90085           0.125      Successful search (ES-wcm)        
     5         335           23762         13.2408           0.125      Successful search (ES-wcm)        
     5         336           23756         16.2219           0.125      Successful search (ES-wcm)        
     5         383           23756         16.2219          0.0625          Refine grid             
     6         399         23775.2         11.5475           0.125        Successful poll           
     7         443         23774.2         11.5528          0.0625          Refine grid             Train
     8         444         23790.5        0.923693          0.0625      Successful search (ES-ell)        
     8         445         23764.2         1.94487          0.0625      Successful search (ES-wcm)        
     8         446         23751.2         2.69798          0.0625      Successful search (ES-wcm)        
     8         447         23744.5         2.77675          0.0625      Successful search (ES-wcm)        
     8         448         23736.4         3.55973          0.0625      Successful search (ES-wcm)        
     8         450         23717.5         3.45053          0.0625      Successful search (ES-wcm)        
     8         451         23662.2         2.50511          0.0625      Successful search (ES-wcm)        
     8         452           23659         2.93197          0.0625      Successful search (ES-ell)        
     8         503           23659         2.93197         0.03125          Refine grid             Train
     9         504         23735.7         1.19108         0.03125      Successful search (ES-wcm)        
     9         505         23733.9         2.29157         0.03125      Successful search (ES-wcm)        
     9         506         23729.6          2.9252         0.03125      Successful search (ES-wcm)        
     9         549         23729.6         2.72477          0.0625        Successful poll           Train
    10         550         23726.9         1.39347          0.0625      Successful search (ES-ell)        
    10         551         23714.4         1.93517          0.0625      Successful search (ES-wcm)        
    10         586         23708.7         2.13789           0.125        Successful poll           
    11         587         23700.8         1.76772           0.125      Successful search (ES-ell)        
    11         588         23680.6         1.82189           0.125      Successful search (ES-ell)        
    11         589         23660.3         1.93531           0.125      Successful search (ES-ell)        
    11         590         23636.7         2.40832           0.125      Successful search (ES-ell)        
    11         591         23636.7         2.32617           0.125      Incremental search (ES-ell)        
    11         645         23636.7         2.32617          0.0625          Refine grid             Train
    12         646         23711.4         1.19605          0.0625      Successful search (ES-wcm)        
    12         647         23699.8         1.03928          0.0625      Successful search (ES-wcm)        
    12         648           23678         1.45893          0.0625      Successful search (ES-wcm)        
    12         649         23671.3          2.0442          0.0625      Successful search (ES-wcm)        
    12         651           23664         1.98126          0.0625      Successful search (ES-ell)        
    12         704           23664         1.98126         0.03125          Refine grid             Train
    13         705         23729.4        0.953159         0.03125      Successful search (ES-wcm)        
    13         706         23728.6         1.08843         0.03125      Successful search (ES-wcm)        
    13         707         23728.4         1.44772         0.03125      Successful search (ES-wcm)        
    13         709         23727.1         1.64497         0.03125      Successful search (ES-wcm)        
    13         710         23726.9         1.97926         0.03125      Successful search (ES-wcm)        
    13         755         23725.1         1.18631          0.0625        Successful poll           
    14         756         23723.8          1.3885          0.0625      Successful search (ES-ell)        
    14         757         23721.6         1.95156          0.0625      Successful search (ES-ell)        
    14         771         23721.1         1.03408          0.0625      Successful search (ES-ell)        
    14         803         23719.3         1.73904           0.125        Successful poll           Train
    15         804         23720.7         1.87895           0.125      Successful search (ES-ell)        
    15         863         23720.7         1.87895          0.0625          Refine grid             
    16         908         23724.3         2.20205           0.125        Successful poll           Train
    17         909         23718.8         2.17616           0.125      Successful search (ES-ell)        
    17         968         23718.8         2.17616          0.0625          Refine grid             Train
    18         969           23725         1.23862          0.0625      Successful search (ES-ell)        
    18         970         23724.3         2.27254          0.0625      Successful search (ES-ell)        
    18         971         23721.5         3.12804          0.0625      Successful search (ES-ell)        
    18        1028         23721.5         3.12804         0.03125          Refine grid             
    19        1029         23725.8         0.93343         0.03125      Successful search (ES-ell)        
    19        1030         23724.9         1.26505         0.03125      Successful search (ES-ell)        
    19        1088         23719.3         5.42636          0.0625        Successful poll           
    20        1091         23724.1          2.9453          0.0625      Successful search (ES-wcm)        
    20        1092         23721.2         3.69171          0.0625      Successful search (ES-wcm)        
    20        1094         23720.8         3.14287          0.0625      Successful search (ES-wcm)        
    20        1148         23720.8         3.14287         0.03125          Refine grid             
    21        1149         23725.5         2.01298         0.03125      Successful search (ES-ell)        
    21        1150         23724.4         1.90431         0.03125      Successful search (ES-ell)        
    21        1151         23723.8         2.17611         0.03125      Successful search (ES-ell)        
    21        1181         23721.9         1.39915          0.0625        Successful poll           Train
    22        1182         23722.9         1.87707          0.0625      Successful search (ES-ell)        
    22        1183         23722.7         2.52225          0.0625      Successful search (ES-ell)        
    22        1186         23721.6         2.08134          0.0625      Successful search (ES-wcm)        
    22        1241         23714.7         4.38989           0.125        Successful poll           
    23        1243         23720.1         1.45342           0.125      Successful search (ES-wcm)        
    23        1250         23719.4         1.26873           0.125      Successful search (ES-wcm)        
    23        1258         23716.8         2.50207           0.125      Successful search (ES-wcm)        
    23        1260         23713.5         2.54383           0.125      Successful search (ES-ell)        
    23        1315         23712.7         2.50139            0.25        Successful poll           
    24        1317         23714.4         3.02212            0.25      Successful search (ES-ell)        
    24        1318         23658.7         3.68894            0.25      Successful search (ES-ell)        
    24        1320         23602.1         4.81931            0.25      Successful search (ES-ell)        
    24        1322         23601.1         4.66098            0.25      Successful search (ES-ell)        
    24        1325         23585.5         4.01728            0.25      Successful search (ES-ell)        
    24        1327         23514.2         3.99152            0.25      Successful search (ES-ell)        
    24        1328         23412.5         4.37007            0.25      Successful search (ES-ell)        
    24        1329         23387.2         4.56685            0.25      Successful search (ES-ell)        
    24        1353         23322.8         4.96533             0.5        Successful poll           
    25        1354         23311.1         4.80999             0.5      Successful search (ES-ell)        
    25        1356         23265.3         4.41655             0.5      Successful search (ES-ell)        
    25        1386         23260.3         5.07921               1        Successful poll           
    26        1408         23172.5         4.93039               1        Successful poll           
    27        1434         23076.5         4.86341               1        Successful poll           
    28        1452         23003.1         4.92964               1        Successful poll           
    29        1472           22968         4.78548               1        Successful poll           Train
    30        1510         22979.3         4.98984               1        Successful poll           Train
    31        1550         22982.5         4.77996             0.5          Refine grid             Train
    32        1551         22942.4         5.02092             0.5      Successful search (ES-ell)        
    32        1553         22935.3         5.02701             0.5      Successful search (ES-ell)        
    32        1607         22900.3         4.90667               1        Successful poll           
    33        1646         22899.7          4.8826             0.5          Refine grid             Train
    34        1647         22893.5         5.22921             0.5      Successful search (ES-ell)        
    34        1703         22893.5         5.22921            0.25          Refine grid             Train
    35        1704         22899.3         5.83357            0.25      Successful search (ES-ell)        
    35        1705         22892.9         5.29124            0.25      Successful search (ES-ell)        
    35        1761         22892.9         5.29124           0.125          Refine grid             
    36        1762           22948          1.4025           0.125      Successful search (ES-ell)        
    36        1764         22939.1         1.83085           0.125      Successful search (ES-ell)        
    36        1765         22931.9         2.89022           0.125      Successful search (ES-ell)        
    36        1777           22919         2.19396           0.125      Successful search (ES-ell)        
    36        1778         22881.1         2.50898           0.125      Successful search (ES-ell)        
    36        1779         22858.3         3.47639           0.125      Successful search (ES-ell)        
    36        1836         22858.3         3.47639          0.0625          Refine grid             
    37        1837         22920.7         1.16181          0.0625      Successful search (ES-ell)        
    37        1838         22915.5         1.34498          0.0625      Successful search (ES-ell)        
    37        1839         22911.1         4.03067          0.0625      Successful search (ES-wcm)        
    37        1841         22908.6         2.85754          0.0625      Successful search (ES-wcm)        
    37        1896         22908.6         2.85754         0.03125          Refine grid             
    38        1897         22921.5          1.0342         0.03125      Successful search (ES-ell)        
    38        1898         22918.4         1.45034         0.03125      Successful search (ES-ell)        
    38        1899         22915.4         1.89343         0.03125      Successful search (ES-ell)        
    38        1900         22911.3         2.70747         0.03125      Successful search (ES-ell)        
    38        1901         22909.7         3.41612         0.03125      Successful search (ES-ell)        
    38        1902         22908.7         3.81371         0.03125      Successful search (ES-ell)        
    38        1956         22908.7         3.81371        0.015625          Refine grid             Train
    39        1957           22924        0.964983        0.015625      Successful search (ES-ell)        
    39        1958         22923.3         1.05636        0.015625      Successful search (ES-ell)        
    39        1959         22921.2         1.18364        0.015625      Successful search (ES-ell)        
    39        1960         22918.3         1.43193        0.015625      Successful search (ES-ell)        
    39        1961           22914         1.81988        0.015625      Successful search (ES-ell)        
    39        1962         22908.2         2.44545        0.015625      Successful search (ES-ell)        
    39        1963         22902.2         3.16425        0.015625      Successful search (ES-ell)        
    39        2016         22902.2         3.16425       0.0078125          Refine grid             Train
    40        2017         22910.9        0.908095       0.0078125      Successful search (ES-ell)        
    40        2018           22910        0.919951       0.0078125      Successful search (ES-ell)        
    40        2019         22908.7        0.957534       0.0078125      Successful search (ES-ell)        
    40        2020         22907.3         1.04753       0.0078125      Successful search (ES-ell)        
    40        2021         22904.1         1.22103       0.0078125      Successful search (ES-ell)        
    40        2022         22901.9         1.51031       0.0078125      Successful search (ES-ell)        
    40        2023           22897         1.97539       0.0078125      Successful search (ES-ell)        
    40        2024           22890         2.67574       0.0078125      Successful search (ES-ell)        
    40        2025         22886.1         3.51286       0.0078125      Successful search (ES-ell)        
    40        2076         22886.1         3.51286      0.00390625          Refine grid             
    41        2077         22894.2        0.881115      0.00390625      Successful search (ES-ell)        
    41        2078         22893.7         0.88182      0.00390625      Successful search (ES-ell)        
    41        2079         22893.1        0.888354      0.00390625      Successful search (ES-ell)        
    41        2083           22892         1.83266      0.00390625      Successful search (ES-wcm)        
    41        2084         22891.9         3.41458      0.00390625      Successful search (ES-wcm)        
    41        2085         22890.3         3.06672      0.00390625      Successful search (ES-ell)        
    41        2136         22890.3         3.06672      0.00195312          Refine grid             
    42        2137           22894        0.760286      0.00195312      Successful search (ES-ell)        
    42        2138         22893.7         0.76158      0.00195312      Successful search (ES-ell)        
    42        2139         22893.3        0.772602      0.00195312      Successful search (ES-ell)        
    42        2140         22892.9        0.799563      0.00195312      Successful search (ES-ell)        
    42        2141         22892.9        0.893118      0.00195312      Successful search (ES-ell)        
    42        2142         22891.9         1.79683      0.00195312      Successful search (ES-wcm)        
    42        2196         22891.9         1.79683     0.000976562          Refine grid             
Optimization terminated: change in the function value less than options['tol_mesh']
Estimated function value at minimum: 22893.329971423096 ± 0.6831794848262625 (mean ± SEM from 100 samples)
BADS minimum at: x_min = [ 0.334   2.1864  5.6323  0.      0.4039 -1.1803  5.2962  0.4029 25.9896
  9.8747  0.8243  0.514   0.3058  0.113   1.8312], training NLL = 22893.33
total f-count: 2296, time: 104.14 min

 Optimization Run 2/2
Initial params: [0.6245, 8.3199, 9.5003, 43.8242, 46.0835, -24.8153, 3.8789, 0.6375, 15.7151, 17.9667, 0.5964, 0.1247, 0.2499, 0.2572, 0.518]
bads:TooCloseBounds: For each variable, hard and plausible bounds should not be too close. Moving plausible bounds.
Variables (index) internally transformed to log coordinates: [[0 0]
 [0 3]
 [0 4]
 [0 6]]
Beginning optimization of a STOCHASTIC objective function

 Iteration    f-count      E[f(x)]        SD[f(x)]           MeshScale          Method              Actions
     0           1         25256.5             nan               1                                  
     0          33         24693.6             nan               1          Initial mesh            Initial points
     0          34           24691        0.972832               1        Successful poll           Train
     1          37         24561.5        0.972531               1      Successful search (ES-ell)        
     1          41         24469.5        0.970817               1      Successful search (ES-ell)        
     1          45           24452        0.965581               1      Successful search (ES-ell)        
     1          48         24426.3        0.962081               1      Successful search (ES-ell)        
     1          49         24310.8        0.965851               1      Successful search (ES-ell)        
     1          54           24250        0.970198               1      Successful search (ES-ell)        
     1          55         24235.3        0.969829               1      Successful search (ES-ell)        
     1          60         24222.6        0.920186               1      Successful search (ES-ell)        
     1          64         24217.1        0.829601               1      Successful search (ES-ell)        
     1          66         24208.9         1.00568               1      Successful search (ES-ell)        
     1          69         24207.9         1.00526               1      Successful search (ES-ell)        
     1          73         24155.6         1.00573               1      Successful search (ES-wcm)        
     1          75         24154.9         1.00559               1      Incremental search (ES-wcm)        
     1          78         24150.6          1.0048               1      Successful search (ES-wcm)        
     1          79         24145.6         1.00496               1      Successful search (ES-wcm)        
     1          82         24143.3          1.0041               1      Successful search (ES-wcm)        
     1          85         24130.3         1.00383               1      Successful search (ES-wcm)        
     1          88         24113.8        0.999432               1      Successful search (ES-wcm)        
     1          89         24103.1         1.00427               1      Successful search (ES-wcm)        
     1          90         24070.7         1.00576               1      Successful search (ES-wcm)        
     1          98         24058.2        0.897228               1      Successful search (ES-ell)        
     1         100         24049.1         0.89634               1      Successful search (ES-ell)        
     1         103           24027        0.894765               1      Successful search (ES-ell)        
     1         110           24019        0.898033               1      Successful search (ES-wcm)        
     1         117         24014.9        0.894561               1      Successful search (ES-wcm)        
     1         118         24012.2        0.895203               1      Successful search (ES-wcm)        
     1         123         24007.8        0.867149               1      Successful search (ES-wcm)        
     1         158         23978.2         5.97321               1        Successful poll           Train
     2         160         23946.3         5.23907               1      Successful search (ES-ell)        
     2         161         23915.1         5.58811               1      Successful search (ES-ell)        
     2         163         23904.6         5.49413               1      Successful search (ES-ell)        
     2         164         23861.5         5.70817               1      Successful search (ES-ell)        
     2         174         23846.2         5.39534               1      Successful search (ES-ell)        
     2         175         23835.9         5.56649               1      Successful search (ES-ell)        
     2         179         23832.7         5.02448               1      Successful search (ES-ell)        
     2         181         23813.2         5.07549               1      Successful search (ES-ell)        
     2         182         23809.2         5.50822               1      Successful search (ES-ell)        
     2         183         23783.4         5.61425               1      Successful search (ES-ell)        
     2         187         23781.1         5.43091               1      Successful search (ES-ell)        
     2         190         23767.7         5.69471               1      Successful search (ES-ell)        
     2         194         23765.7         4.44626               1      Successful search (ES-ell)        
     2         197         23756.4         4.18641               1      Successful search (ES-ell)        
     2         198         23750.4         4.97565               1      Successful search (ES-ell)        
     2         202         23750.2         3.29688               1      Incremental search (ES-ell)        
     2         203         23747.2         4.79442               1      Successful search (ES-ell)        
     2         206         23746.4         5.34961               1      Incremental search (ES-wcm)        
     2         208           23745         5.61784               1      Successful search (ES-wcm)        
     2         213         23742.4         3.54675               1      Successful search (ES-wcm)        
     2         215         23740.5         3.09673               1      Successful search (ES-wcm)        
     2         216         23738.5          4.4666               1      Successful search (ES-ell)        
     2         218           23737         4.09886               1      Successful search (ES-ell)        
     2         221         23735.7         4.46767               1      Successful search (ES-ell)        
     2         222         23729.5         5.39401               1      Successful search (ES-ell)        
     2         234         23729.2         5.23642               1      Incremental search (ES-ell)        
     2         271         23729.2         5.23642             0.5          Refine grid             Train
     3         272         23712.5         3.14867             0.5      Successful search (ES-ell)        
     3         326         23712.5         3.14867            0.25          Refine grid             
     4         327         23724.4         1.39346            0.25      Successful search (ES-ell)        
     4         328         23718.9         2.49155            0.25      Successful search (ES-ell)        
     4         331         23717.1         2.31418            0.25      Successful search (ES-ell)        
     4         332         23714.3         3.31047            0.25      Successful search (ES-ell)        
     4         333         23711.5         3.88969            0.25      Successful search (ES-ell)        
     4         338         23710.8         2.33172            0.25      Successful search (ES-ell)        
     4         339         23708.8         2.85361            0.25      Successful search (ES-ell)        
     4         340         23707.9         3.68525            0.25      Successful search (ES-ell)        
     4         342         23702.2         4.10142            0.25      Successful search (ES-wcm)        
     4         344         23699.9         3.69111            0.25      Successful search (ES-wcm)        
     4         345         23689.6         4.54003            0.25      Successful search (ES-wcm)        
     4         348         23687.6         3.58064            0.25      Successful search (ES-wcm)        
     4         350         23683.7         3.78828            0.25      Successful search (ES-wcm)        
     4         398         23683.6         4.96298           0.125          Refine grid             
     5         414         23682.9         3.24695            0.25        Successful poll           Train
     6         415         23669.3          3.0394            0.25      Successful search (ES-ell)        
     6         417         23668.9         2.89979            0.25      Successful search (ES-ell)        
     6         418         23665.5         3.46113            0.25      Successful search (ES-ell)        
     6         471         23660.8          3.7503             0.5        Successful poll           
     7         472         23661.6         3.44436             0.5      Successful search (ES-ell)        
     7         473         23659.1         3.87031             0.5      Successful search (ES-ell)        
     7         476         23655.3         3.47422             0.5      Successful search (ES-ell)        
     7         477         23641.2         3.81212             0.5      Successful search (ES-ell)        
     7         479         23635.4         4.11706             0.5      Successful search (ES-ell)        
     7         524         23635.4         4.11706            0.25          Refine grid             
     8         525           23633         1.95706            0.25      Successful search (ES-ell)        
     8         579           23633         1.95706           0.125          Refine grid             Train
     9         580         23636.8         0.94033           0.125      Successful search (ES-ell)        
     9         581         23635.5         1.52644           0.125      Successful search (ES-ell)        
     9         583         23634.8         1.71439           0.125      Successful search (ES-ell)        
     9         584         23629.4          2.0184           0.125      Successful search (ES-ell)        
     9         586         23628.9         2.13004           0.125      Successful search (ES-ell)        
     9         588         23628.6         2.14247           0.125      Successful search (ES-ell)        
     9         589         23625.5         2.41665           0.125      Successful search (ES-ell)        
     9         637         23625.5         2.41665          0.0625          Refine grid             
    10         638         23633.4        0.704097          0.0625      Successful search (ES-ell)        
    10         639         23632.8        0.883966          0.0625      Successful search (ES-ell)        
    10         640         23632.7         1.34143          0.0625      Successful search (ES-ell)        
    10         695         23632.7         1.34143         0.03125          Refine grid             
    11         696         23634.1        0.625747         0.03125      Successful search (ES-ell)        
    11         697         23633.3        0.616999         0.03125      Successful search (ES-wcm)        
    11         698         23632.9        0.740961         0.03125      Successful search (ES-wcm)        
    11         726         23588.5         2.16411          0.0625        Successful poll           
    12         727         23606.5         1.93918          0.0625      Successful search (ES-wcm)        
    12         784         23606.5         1.93918         0.03125          Refine grid             Train
    13         785         23627.3         1.00045         0.03125      Successful search (ES-wcm)        
    13         786         23622.3         1.72664         0.03125      Successful search (ES-wcm)        
    13         787         23622.3         2.88584         0.03125      Successful search (ES-wcm)        
    13         789         23620.7         2.09518         0.03125      Successful search (ES-wcm)        
    13         842         23620.7         2.09518        0.015625          Refine grid             Train
    14         843           23632        0.795272        0.015625      Successful search (ES-wcm)        
    14         844         23631.1         1.12998        0.015625      Successful search (ES-wcm)        
    14         852         23630.6         0.93717        0.015625      Successful search (ES-wcm)        
    14         853         23630.5        0.990733        0.015625      Successful search (ES-wcm)        
    14         898         23628.2           2.937         0.03125        Successful poll           Train
    15         899         23631.4        0.561663         0.03125      Successful search (ES-ell)        
    15         900         23631.1        0.698854         0.03125      Successful search (ES-ell)        
    15         901         23630.6         1.01497         0.03125      Successful search (ES-ell)        
    15         902         23630.1         1.34341         0.03125      Successful search (ES-ell)        
    15         956         23630.1         1.34341        0.015625          Refine grid             
    16         957         23630.8        0.603784        0.015625      Successful search (ES-ell)        
    16         958         23630.4        0.919585        0.015625      Successful search (ES-ell)        
    16        1016         23630.4        0.919585       0.0078125          Refine grid             
    17        1018         23631.8        0.431685       0.0078125      Successful search (ES-ell)        
    17        1019         23631.4        0.439052       0.0078125      Successful search (ES-ell)        
    17        1020         23630.8        0.520133       0.0078125      Successful search (ES-ell)        
    17        1021         23630.3        0.663885       0.0078125      Successful search (ES-ell)        
    17        1022         23629.8         0.92411       0.0078125      Successful search (ES-wcm)        
    17        1076         23629.8         0.92411      0.00390625          Refine grid             Train
    18        1077         23631.5        0.692001      0.00390625      Successful search (ES-wcm)        
    18        1078         23631.1        0.815233      0.00390625      Successful search (ES-wcm)        
    18        1082         23631.1        0.791237      0.00390625      Successful search (ES-wcm)        
    18        1083         23630.8        0.855371      0.00390625      Successful search (ES-wcm)        
    18        1084         23630.5        0.986236      0.00390625      Successful search (ES-wcm)        
    18        1092         23630.3        0.811299      0.00390625      Successful search (ES-wcm)        
    18        1093         23629.7         0.96335      0.00390625      Successful search (ES-wcm)        
    18        1095         23629.5         1.04075      0.00390625      Successful search (ES-wcm)        
    18        1096         23628.6         1.23114      0.00390625      Successful search (ES-wcm)        
    18        1097         23628.3         1.46592      0.00390625      Successful search (ES-wcm)        
    18        1098         23627.9         1.76712      0.00390625      Successful search (ES-wcm)        
    18        1099         23625.7         1.83695      0.00390625      Successful search (ES-wcm)        
    18        1151         23625.7         1.83695      0.00195312          Refine grid             Train
    19        1152           23632        0.400564      0.00195312      Successful search (ES-wcm)        
    19        1153         23631.8        0.398725      0.00195312      Successful search (ES-ell)        
    19        1154         23631.6        0.413533      0.00195312      Successful search (ES-ell)        
    19        1155         23631.4        0.481425      0.00195312      Successful search (ES-ell)        
    19        1156         23630.9        0.595084      0.00195312      Successful search (ES-ell)        
    19        1157         23630.3        0.780906      0.00195312      Successful search (ES-ell)        
    19        1158           23630         1.05904      0.00195312      Successful search (ES-ell)        
    19        1159         23628.8         1.41215      0.00195312      Successful search (ES-ell)        
    19        1203         23627.3         3.37136      0.00390625        Successful poll           Train
    20        1204         23630.7        0.548231      0.00390625      Successful search (ES-wcm)        
    20        1205         23628.7          1.2269      0.00390625      Successful search (ES-wcm)        
    20        1206         23628.2         1.19269      0.00390625      Successful search (ES-ell)        
    20        1207         23627.4         1.26597      0.00390625      Successful search (ES-ell)        
    20        1208         23626.6         1.39831      0.00390625      Successful search (ES-ell)        
    20        1209         23626.5         1.53845      0.00390625      Successful search (ES-ell)        
    20        1263         23626.5         1.53845      0.00195312          Refine grid             
    21        1264           23630         1.49767      0.00195312      Successful search (ES-ell)        
    21        1266         23629.6         1.34221      0.00195312      Successful search (ES-ell)        
    21        1269         23629.4         1.20692      0.00195312      Successful search (ES-wcm)        
    21        1321         23629.4         1.20692     0.000976562          Refine grid             
Optimization terminated: change in the function value less than options['tol_mesh']
Estimated function value at minimum: 23631.141988660995 ± 0.44835325889420163 (mean ± SEM from 100 samples)
BADS minimum at: x_min = [ 2.25500e-01  9.62400e-01  4.69510e+00  1.61000e-02  6.08600e-01
 -5.84794e+01  4.74270e+00  7.05400e-01  4.80720e+00  1.08381e+01
  9.30700e-01  4.42900e-01  3.44900e-01  1.66900e-01  2.61380e+00], training NLL = 23631.142
total f-count: 1421, time: 63.01 min

 ------- Finish Optimization for Subject 20 ---------- 

 ------- Start Optimization for Subject 25 ---------- 

 Cross Validation fold 0/1

 -- Start Optimization: method BADS --

 Optimization Run 1/2
Initial params: [1.6579, 4.6109, 5.743, 13.7713, 38.8886, -27.8466, 2.2331, 0.5569, 22.5885, 25.1992, 0.8903, 0.118, 0.2638, 0.2749, 0.2306]
bads:TooCloseBounds: For each variable, hard and plausible bounds should not be too close. Moving plausible bounds.
Variables (index) internally transformed to log coordinates: [[0 0]
 [0 3]
 [0 4]
 [0 6]]
Beginning optimization of a STOCHASTIC objective function

 Iteration    f-count      E[f(x)]        SD[f(x)]           MeshScale          Method              Actions
     0           1           25262             nan               1                                  
     0          33         23663.5             nan               1          Initial mesh            Initial points
     0          54         23321.2          1.0019               1        Successful poll           Train
     1          56         23320.9         1.00185               1      Incremental search (ES-wcm)        
     1          64         23284.4        0.996706               1      Successful search (ES-ell)        
     1          73         23215.8        0.868836               1      Successful search (ES-ell)        
     1          74         23105.6        0.869446               1      Successful search (ES-ell)        
     1          75         23082.3        0.869805               1      Successful search (ES-ell)        
     1          77         22993.9        0.869647               1      Successful search (ES-ell)        
     1          78         22955.8        0.869901               1      Successful search (ES-ell)        
     1          83         22860.3        0.867339               1      Successful search (ES-ell)        
     1          84         21658.4         0.87001               1      Successful search (ES-wcm)        
     1          94         21572.3        0.825271               1      Successful search (ES-wcm)        
     1          97           21559         1.00694               1      Successful search (ES-wcm)        
     1         120         21492.6         1.00686               1        Successful poll           
     2         128         21471.2         1.03661               1      Successful search (ES-ell)        
     2         129         21395.1         1.04055               1      Successful search (ES-wcm)        
     2         134         21372.1         1.04052               1      Successful search (ES-wcm)        
     2         135         21136.5         1.04052               1      Successful search (ES-wcm)        
     2         137         20906.4         1.04054               1      Successful search (ES-wcm)        
     2         141         20819.2         1.04054               1      Successful search (ES-wcm)        
     2         144         20684.2          1.0405               1      Successful search (ES-wcm)        
     2         149         20659.2         1.04005               1      Successful search (ES-wcm)        
     2         160         20629.1         2.30867               1      Successful search (ES-ell)        
     2         162         20602.5         2.26576               1      Successful search (ES-ell)        
     2         164         20598.7         2.36132               1      Successful search (ES-ell)        
     2         165         20528.8           2.376               1      Successful search (ES-ell)        
     2         170         20516.1         2.42611               1      Successful search (ES-ell)        
     2         171         20336.4         2.46555               1      Successful search (ES-ell)        
     2         172         20070.6         2.49539               1      Successful search (ES-wcm)        
     2         175         19832.1         2.49515               1      Successful search (ES-wcm)        
     2         176         19669.4         2.49574               1      Successful search (ES-wcm)        
     2         179         19595.5          2.4932               1      Successful search (ES-wcm)        
     2         181         19367.9          2.4959               1      Successful search (ES-wcm)        
     2         193         19339.9          9.0635               1      Successful search (ES-wcm)        
     2         194         19324.8         9.35362               1      Successful search (ES-wcm)        
     2         195         19249.3         9.97275               1      Successful search (ES-wcm)        
     2         205         19244.1         9.62247               1      Successful search (ES-wcm)        
     2         207         19241.2         8.92661               1      Successful search (ES-wcm)        
     2         219         19217.3         8.78487               1      Successful search (ES-wcm)        
     2         220           19211         9.66172               1      Successful search (ES-wcm)        
     2         223         19197.5         8.47088               1      Successful search (ES-wcm)        
     2         229         19189.6         9.78565               1      Successful search (ES-wcm)        
     2         233         19140.1         9.65062               1      Successful search (ES-ell)        
     2         235         19109.9         9.37868               1      Successful search (ES-ell)        
     2         246         19087.2         8.90549               1      Successful search (ES-ell)        
     2         248         19080.5         9.07437               1      Successful search (ES-ell)        
     2         259         18867.6         21.4734               1      Successful search (ES-ell)        
     2         306         18867.6         21.4734             0.5          Refine grid             Train
     3         308           19057         24.0264             0.5      Successful search (ES-ell)        
     3         362           19057         24.0264            0.25          Refine grid             Train
     4         364         19032.3         15.3442            0.25      Successful search (ES-ell)        
     4         368         19031.1         14.8054            0.25      Successful search (ES-ell)        
     4         370         19023.9         14.9488            0.25      Successful search (ES-ell)        
     4         418         19023.9         14.9488           0.125          Refine grid             Train
     5         419         19006.4         13.5999           0.125      Successful search (ES-ell)        
     5         476         19006.4         13.5999          0.0625          Refine grid             
     6         478         19029.2         7.93753          0.0625      Successful search (ES-wcm)        
     6         482         19028.8         5.89052          0.0625      Successful search (ES-wcm)        
     6         483         19021.2         7.36197          0.0625      Successful search (ES-ell)        
     6         484         19018.4         9.01238          0.0625      Successful search (ES-ell)        
     6         492         18922.8         9.99976          0.0625      Successful search (ES-ell)        
     6         549         18922.8         9.99976         0.03125          Refine grid             
     7         550         19034.1         5.69819         0.03125      Successful search (ES-ell)        
     7         551         19030.4         8.95804         0.03125      Successful search (ES-ell)        
     7         552         19029.6         13.5226         0.03125      Successful search (ES-ell)        
     7         581         18885.1         7.15136          0.0625        Successful poll           
     8         582         18935.6         10.0531          0.0625      Successful search (ES-wcm)        
     8         623         18703.4         13.5965           0.125        Successful poll           
     9         624           18987         21.3787           0.125      Successful search (ES-wcm)        
     9         628         18965.3         14.5154           0.125      Successful search (ES-wcm)        
     9         641           18935         10.9431           0.125      Successful search (ES-wcm)        
     9         671         18917.5         9.08475            0.25        Successful poll           Train
    10         675         18907.9         12.1488            0.25      Successful search (ES-wcm)        
    10         677         18847.7           9.424            0.25      Successful search (ES-wcm)        
    10         727         18847.7           9.424           0.125          Refine grid             
    11         731           19020         19.8338           0.125      Successful search (ES-wcm)        
    11         747         18975.1         7.64343           0.125      Successful search (ES-ell)        
    11         800         18975.1         7.64343          0.0625          Refine grid             
    12         801         19034.2         11.9032          0.0625      Successful search (ES-ell)        
    12         804         19032.1         10.3795          0.0625      Successful search (ES-wcm)        
    12         806         19027.1         9.65999          0.0625      Successful search (ES-ell)        
    12         807           19027         13.4822          0.0625      Successful search (ES-ell)        
    12         858         18981.5         5.46492           0.125        Successful poll           
    13         859         18889.9         7.09764           0.125      Successful search (ES-ell)        
    13         860         18832.4         10.3205           0.125      Successful search (ES-ell)        
    13         916         18832.4         10.3205          0.0625          Refine grid             Train
    14         917         19033.1         9.67103          0.0625      Successful search (ES-ell)        
    14         919         19031.4         14.3674          0.0625      Successful search (ES-ell)        
    14         974         19031.4         14.3674         0.03125          Refine grid             
    15         975         19029.7         6.51891         0.03125      Successful search (ES-wcm)        
    15         977         19029.3         5.86756         0.03125      Successful search (ES-wcm)        
    15         990         18988.7         9.99757         0.03125      Successful search (ES-wcm)        
    15         991         18984.1         10.8731         0.03125      Successful search (ES-wcm)        
    15        1024         18979.4          9.4705          0.0625        Successful poll           
    16        1067         19047.4          4.3292         0.03125          Refine grid             
    17        1068         19045.5         7.49929         0.03125      Successful search (ES-wcm)        
    17        1070         19037.5         11.3987         0.03125      Successful search (ES-wcm)        
    17        1072         19020.7         5.64724         0.03125      Successful search (ES-wcm)        
    17        1075         19008.6         6.31815         0.03125      Successful search (ES-ell)        
    17        1077         18998.2         7.22975         0.03125      Successful search (ES-ell)        
    17        1125         18998.2         7.22975        0.015625          Refine grid             Train
    18        1126         19039.9         4.41649        0.015625      Successful search (ES-ell)        
    18        1127         19026.8         5.53929        0.015625      Successful search (ES-ell)        
    18        1128           19019         7.25869        0.015625      Successful search (ES-ell)        
    18        1129         19009.4         9.19767        0.015625      Successful search (ES-ell)        
    18        1183         19009.4         9.19767       0.0078125          Refine grid             
    19        1184           19053         5.48253       0.0078125      Successful search (ES-ell)        
    19        1185         19051.4         5.89463       0.0078125      Successful search (ES-ell)        
    19        1215         19000.8         12.4987        0.015625        Successful poll           
    20        1216         19049.6         4.59168        0.015625      Successful search (ES-ell)        
    20        1217         19041.8         6.01735        0.015625      Successful search (ES-ell)        
    20        1219         19040.2         6.98947        0.015625      Successful search (ES-wcm)        
    20        1220         19039.1          8.0874        0.015625      Successful search (ES-wcm)        
    20        1222         19038.7         9.77535        0.015625      Successful search (ES-ell)        
    20        1225         19036.4         8.41112        0.015625      Successful search (ES-ell)        
    20        1230         19036.3         6.48587        0.015625      Successful search (ES-ell)        
    20        1231         19032.3         7.42601        0.015625      Successful search (ES-ell)        
    20        1234         19025.8         7.32818        0.015625      Successful search (ES-ell)        
    20        1238         19024.9         6.53941        0.015625      Successful search (ES-ell)        
    20        1239         19023.2         6.68107        0.015625      Successful search (ES-wcm)        
    20        1240         19023.1         7.89006        0.015625      Successful search (ES-wcm)        
    20        1241         19016.8         8.54056        0.015625      Successful search (ES-ell)        
    20        1288         19016.8         8.54056       0.0078125          Refine grid             Train
    21        1289         19033.4         3.28763       0.0078125      Successful search (ES-ell)        
    21        1290         19022.1          3.4278       0.0078125      Successful search (ES-ell)        
    21        1293         19015.6          3.5045       0.0078125      Successful search (ES-ell)        
    21        1296         19011.9          3.5276       0.0078125      Successful search (ES-ell)        
    21        1346         19011.9          3.5276      0.00390625          Refine grid             Train
    22        1347         19037.1         2.71603      0.00390625      Successful search (ES-ell)        
    22        1348         19033.2         2.83413      0.00390625      Successful search (ES-ell)        
    22        1349         19031.4         3.26123      0.00390625      Successful search (ES-wcm)        
    22        1350         19028.1          3.9722      0.00390625      Successful search (ES-wcm)        
    22        1351         19026.1         3.96105      0.00390625      Successful search (ES-wcm)        
    22        1404         19026.1         3.96105      0.00195312          Refine grid             
    23        1405         19041.9         2.21407      0.00195312      Successful search (ES-wcm)        
    23        1406         19040.8          2.2913      0.00195312      Successful search (ES-wcm)        
    23        1407         19039.3         2.40078      0.00195312      Successful search (ES-wcm)        
    23        1408         19037.4         2.63428      0.00195312      Successful search (ES-wcm)        
    23        1409         19034.9         2.89504      0.00195312      Successful search (ES-wcm)        
    23        1410         19031.9         4.07474      0.00195312      Successful search (ES-wcm)        
    23        1412         19031.8          5.0735      0.00195312      Successful search (ES-wcm)        
    23        1464         19031.8          5.0735     0.000976562          Refine grid             
Optimization terminated: change in the function value less than options['tol_mesh']
Estimated function value at minimum: 19039.9038022195 ± 2.9437584128920053 (mean ± SEM from 100 samples)
BADS minimum at: x_min = [ 2.4906  4.7425  4.6113 13.4192  3.5128  8.9274  0.0937  0.0643  4.6815
 37.8146  0.699   0.2362  0.2968  0.2603  0.5006], training NLL = 19039.9038
total f-count: 1564, time: 71.19 min

 Optimization Run 2/2
Initial params: [1.8611, 4.4376, 8.1176, 3.9595, 14.4121, -32.9074, 2.8499, 0.3446, 24.629, 15.5199, 0.3256, 0.1123, 0.2331, 0.1375, -0.0541]
bads:TooCloseBounds: For each variable, hard and plausible bounds should not be too close. Moving plausible bounds.
Variables (index) internally transformed to log coordinates: [[0 0]
 [0 3]
 [0 4]
 [0 6]]
Beginning optimization of a STOCHASTIC objective function

 Iteration    f-count      E[f(x)]        SD[f(x)]           MeshScale          Method              Actions
     0           1           25262             nan               1                                  
     0          33         23671.5             nan               1          Initial mesh            Initial points
     0          34         23656.3        0.999958               1        Successful poll           Train
     1          45         23649.6        0.924307               1      Successful search (ES-wcm)        
     1          46         23631.7        0.946141               1      Successful search (ES-wcm)        
     1          58         23606.1         0.94538               1      Successful search (ES-ell)        
     1          59         23596.5        0.961018               1      Successful search (ES-ell)        
     1          60         23586.3        0.981525               1      Successful search (ES-ell)        
     1          61         23519.5        0.979976               1      Successful search (ES-ell)        
     1          68           23516        0.543898               1      Successful search (ES-ell)        
     1          74         23503.5        0.541076               1      Successful search (ES-ell)        
     1          76         23499.2        0.540167               1      Successful search (ES-ell)        
     1          77         23498.9        0.541482               1      Incremental search (ES-ell)        
     1          78         23481.3        0.542031               1      Successful search (ES-ell)        
     1          81         23478.9        0.543607               1      Successful search (ES-ell)        
     1          85         23444.8         0.54102               1      Successful search (ES-ell)        
     1          86         23420.6        0.544039               1      Successful search (ES-wcm)        
     1          91         23361.2        0.543972               1      Successful search (ES-wcm)        
     1          94         23352.3        0.543877               1      Successful search (ES-wcm)        
     1          97         23274.8        0.940845               1      Successful search (ES-wcm)        
     1         105         23258.3        0.927363               1      Successful search (ES-wcm)        
     1         108         23255.8        0.916686               1      Successful search (ES-wcm)        
     1         116         23230.3        0.931034               1      Successful search (ES-wcm)        
     1         153         22924.7         6.85136               1        Successful poll           
     2         159         22888.3         8.45876               1      Successful search (ES-wcm)        
     2         161         22777.4         8.38673               1      Successful search (ES-wcm)        
     2         165         22769.5         8.01598               1      Successful search (ES-wcm)        
     2         166         22735.9         7.98319               1      Successful search (ES-wcm)        
     2         168           22683         7.94516               1      Successful search (ES-wcm)        
     2         170           22652         8.31054               1      Successful search (ES-ell)        
     2         174         22642.3           7.828               1      Successful search (ES-ell)        
     2         221         22630.2         10.0765               1        Successful poll           
     3         223         22605.2         10.2048               1      Successful search (ES-wcm)        
     3         224         22581.5         10.0202               1      Successful search (ES-ell)        
     3         227         22548.6         9.82759               1      Successful search (ES-ell)        
     3         231         22544.8         9.07394               1      Successful search (ES-ell)        
     3         265         22543.7           6.246               1        Successful poll           Train
     4         266           22507         10.3469               1      Successful search (ES-ell)        
     4         269         22493.1         10.3876               1      Successful search (ES-ell)        
     4         274           22486         9.03993               1      Successful search (ES-ell)        
     4         282           22479         9.80246               1      Successful search (ES-ell)        
     4         284           22422         9.93629               1      Successful search (ES-ell)        
     4         286         22420.1         10.1329               1      Successful search (ES-ell)        
     4         288         22313.6         9.76192               1      Successful search (ES-ell)        
     4         290         22290.6         10.0647               1      Successful search (ES-ell)        
     4         295         22288.7         7.92694               1      Successful search (ES-ell)        
     4         297         22270.7         9.95808               1      Successful search (ES-wcm)        
     4         347         22255.9          12.209               1        Successful poll           Train
     5         384         22256.2         10.7732             0.5          Refine grid             Train
     6         388         22249.3         9.54105             0.5      Successful search (ES-ell)        
     6         389         22214.9          10.818             0.5      Successful search (ES-ell)        
     6         391         22207.2         10.1438             0.5      Successful search (ES-ell)        
     6         438         22207.2         10.1438            0.25          Refine grid             
     7         439         22214.6           6.901            0.25      Successful search (ES-ell)        
     7         440         22188.2         10.5392            0.25      Successful search (ES-ell)        
     7         442         22087.1         9.74114            0.25      Successful search (ES-ell)        
     7         494         22087.1         9.74114           0.125          Refine grid             
     8         495         22225.8         4.58786           0.125      Successful search (ES-ell)        
     8         496         22215.5         6.73856           0.125      Successful search (ES-ell)        
     8         497         22201.8         9.45582           0.125      Successful search (ES-ell)        
     8         498         22196.2          10.525           0.125      Successful search (ES-ell)        
     8         538         22141.2         2.22049            0.25        Successful poll           
     9         539         22010.2         4.14731            0.25      Successful search (ES-ell)        
     9         540         21984.5         6.06018            0.25      Successful search (ES-ell)        
     9         541         21983.5         7.35762            0.25      Successful search (ES-ell)        
     9         593         21983.5         7.35762           0.125          Refine grid             Train
    10         594         22164.1         3.27297           0.125      Successful search (ES-ell)        
    10         595         22138.1         5.14737           0.125      Successful search (ES-ell)        
    10         625         22135.2          3.8711            0.25        Successful poll           Train
    11         626         22122.8         6.48154            0.25      Successful search (ES-ell)        
    11         681         22122.8         6.48154           0.125          Refine grid             
    12         682         22205.2         2.83194           0.125      Successful search (ES-ell)        
    12         683         22204.5         4.74199           0.125      Successful search (ES-ell)        
    12         739         22204.5         4.74199          0.0625          Refine grid             
    13         782         22216.2         1.63176         0.03125          Refine grid             Train
    14         783         22211.4         1.66169         0.03125      Successful search (ES-wcm)        
    14         784         22206.8         2.74525         0.03125      Successful search (ES-wcm)        
    14         785         22199.7         3.68374         0.03125      Successful search (ES-wcm)        
    14         787         22197.1         3.96786         0.03125      Successful search (ES-wcm)        
    14         789         22192.8         3.46549         0.03125      Successful search (ES-ell)        
    14         840         22183.7         2.32846          0.0625        Successful poll           
    15         841         22186.2         2.85049          0.0625      Successful search (ES-ell)        
    15         843         22185.5         3.28877          0.0625      Successful search (ES-ell)        
    15         859         22179.9         2.11773          0.0625      Successful search (ES-ell)        
    15         861         22162.7         2.22585          0.0625      Successful search (ES-wcm)        
    15         862         22142.5         2.83045          0.0625      Successful search (ES-wcm)        
    15         863         22124.6         3.82828          0.0625      Successful search (ES-wcm)        
    15         913         22124.6         3.82828         0.03125          Refine grid             Train
    16         914         22195.2         2.14127         0.03125      Successful search (ES-wcm)        
    16         915         22186.9         2.85061         0.03125      Successful search (ES-wcm)        
    16         971         22180.2         1.92943          0.0625        Successful poll           
    17         972         22169.9          2.0585          0.0625      Successful search (ES-ell)        
    17         973         22158.4         2.95675          0.0625      Successful search (ES-ell)        
    17         974         22137.6         3.95829          0.0625      Successful search (ES-ell)        
    17         975         22124.6         5.51771          0.0625      Successful search (ES-ell)        
    17        1029         22124.6         5.51771         0.03125          Refine grid             
    18        1030         22197.4         1.23463         0.03125      Successful search (ES-ell)        
    18        1031         22192.9         1.59946         0.03125      Successful search (ES-ell)        
    18        1032         22188.5         2.27739         0.03125      Successful search (ES-ell)        
    18        1033         22186.5         4.00065         0.03125      Successful search (ES-ell)        
    18        1034         22183.2         4.70652         0.03125      Successful search (ES-ell)        
    18        1071         22152.3         4.25465          0.0625        Successful poll           Train
    19        1072         22194.7         2.00948          0.0625      Successful search (ES-ell)        
    19        1073         22192.9          2.9278          0.0625      Successful search (ES-ell)        
    19        1075         22189.2         3.67838          0.0625      Successful search (ES-ell)        
    19        1076           22185         4.72328          0.0625      Successful search (ES-ell)        
    19        1129           22185         4.72328         0.03125          Refine grid             
    20        1130         22193.2         2.59957         0.03125      Successful search (ES-wcm)        
    20        1131         22190.2         4.07243         0.03125      Successful search (ES-wcm)        
    20        1132         22181.4         6.20333         0.03125      Successful search (ES-wcm)        
    20        1133         22180.2         7.76573         0.03125      Successful search (ES-wcm)        
    20        1136         22167.5         4.20442         0.03125      Successful search (ES-ell)        
    20        1137         22164.4         4.32235         0.03125      Successful search (ES-ell)        
    20        1187         22158.6          3.4015          0.0625        Successful poll           
    21        1188         22161.9            4.64          0.0625      Successful search (ES-ell)        
    21        1245         22161.9            4.64         0.03125          Refine grid             Train
    22        1246         22178.5         2.16772         0.03125      Successful search (ES-ell)        
    22        1247         22175.8         3.43733         0.03125      Successful search (ES-ell)        
    22        1248         22173.9         5.57336         0.03125      Successful search (ES-wcm)        
    22        1252         22173.3         3.41474         0.03125      Successful search (ES-ell)        
    22        1253         22171.8         4.40844         0.03125      Successful search (ES-wcm)        
    22        1298         22169.6         2.56698          0.0625        Successful poll           Train
    23        1301         22169.4         2.66064          0.0625      Successful search (ES-ell)        
    23        1302         22165.5         3.28822          0.0625      Successful search (ES-ell)        
    23        1303         22160.6         4.28869          0.0625      Successful search (ES-ell)        
    23        1304         22156.3         5.52337          0.0625      Successful search (ES-ell)        
    23        1356         22156.3         5.52337         0.03125          Refine grid             
    24        1357         22173.7         2.61221         0.03125      Successful search (ES-wcm)        
    24        1358         22172.3         3.48852         0.03125      Successful search (ES-wcm)        
    24        1359         22170.3          4.3401         0.03125      Successful search (ES-wcm)        
    24        1361         22168.2         4.70774         0.03125      Successful search (ES-wcm)        
    24        1414         22168.2         4.70774        0.015625          Refine grid             
    25        1415         22175.2         2.14314        0.015625      Successful search (ES-wcm)        
    25        1416         22174.4         2.46508        0.015625      Successful search (ES-wcm)        
    25        1430           22173         1.95259        0.015625      Successful search (ES-ell)        
    25        1431         22172.5         2.83088        0.015625      Successful search (ES-ell)        
    25        1432         22171.2         3.61089        0.015625      Successful search (ES-ell)        
    25        1484         22165.4         6.95895         0.03125        Successful poll           
    26        1485         22172.9         3.02164         0.03125      Successful search (ES-wcm)        
    26        1486         22169.8          4.3904         0.03125      Successful search (ES-ell)        
    26        1488         22164.6         5.24231         0.03125      Successful search (ES-wcm)        
    26        1542         22164.6         5.24231        0.015625          Refine grid             
    27        1543         22169.2         1.73923        0.015625      Successful search (ES-wcm)        
    27        1544         22168.4         2.18724        0.015625      Successful search (ES-wcm)        
    27        1545           22167         2.85084        0.015625      Successful search (ES-wcm)        
    27        1549         22166.8         2.79136        0.015625      Successful search (ES-wcm)        
    27        1550         22164.7          3.1961        0.015625      Successful search (ES-wcm)        
    27        1551         22161.4         3.33718        0.015625      Successful search (ES-ell)        
    27        1602         22161.4         3.33718       0.0078125          Refine grid             
    28        1603         22166.6         1.33355       0.0078125      Successful search (ES-ell)        
    28        1604         22166.2          1.4938       0.0078125      Successful search (ES-ell)        
    28        1605         22165.2         1.72696       0.0078125      Successful search (ES-ell)        
    28        1606         22164.7           2.275       0.0078125      Successful search (ES-ell)        
    28        1607         22162.8         2.99117       0.0078125      Successful search (ES-ell)        
    28        1608         22159.8         4.05757       0.0078125      Successful search (ES-ell)        
    28        1661         22159.8         4.05757      0.00390625          Refine grid             Train
    29        1662         22165.2         1.32785      0.00390625      Successful search (ES-ell)        
    29        1663         22164.5         1.38074      0.00390625      Successful search (ES-wcm)        
    29        1664         22164.3         1.46408      0.00390625      Successful search (ES-wcm)        
    29        1665           22164         1.60141      0.00390625      Successful search (ES-wcm)        
    29        1666         22163.1         1.78903      0.00390625      Successful search (ES-wcm)        
    29        1667         22162.4         2.06628      0.00390625      Successful search (ES-wcm)        
    29        1668         22161.6         2.19423      0.00390625      Successful search (ES-wcm)        
    29        1669         22158.8         2.74445      0.00390625      Successful search (ES-ell)        
    29        1721         22158.8         2.74445      0.00195312          Refine grid             Train
    30        1722         22166.6         1.08669      0.00195312      Successful search (ES-ell)        
    30        1723         22166.4          1.1345      0.00195312      Successful search (ES-ell)        
    30        1724           22166         1.17631      0.00195312      Successful search (ES-ell)        
    30        1725         22165.5         1.26985      0.00195312      Successful search (ES-ell)        
    30        1726         22165.4         1.40399      0.00195312      Successful search (ES-ell)        
    30        1727         22164.9         1.65024      0.00195312      Successful search (ES-ell)        
    30        1728         22164.1         2.01552      0.00195312      Successful search (ES-ell)        
    30        1729         22163.7         2.52054      0.00195312      Successful search (ES-wcm)        
    30        1730         22162.1         3.23525      0.00195312      Successful search (ES-wcm)        
    30        1779         22162.1         3.23525     0.000976562          Refine grid             
Optimization terminated: change in the function value less than options['tol_mesh']
Estimated function value at minimum: 22165.056941268234 ± 1.209864255235658 (mean ± SEM from 100 samples)
BADS minimum at: x_min = [ 1.89200e+00  3.82520e+00  4.20360e+00  1.20000e-03  4.23860e+00
 -4.24168e+01  2.76000e-01  6.91000e-02  4.25580e+00  4.30360e+01
  7.13400e-01  2.49800e-01  2.72300e-01  2.59900e-01  1.86400e-01], training NLL = 22165.0569
total f-count: 1879, time: 84.94 min

 ------- Finish Optimization for Subject 25 ---------- 
Thu Jul 30 12:49:53 2026       
+---------------------------------------------------------------------------------------+
| NVIDIA-SMI 535.113.01             Driver Version: 535.113.01   CUDA Version: 12.2     |
|-----------------------------------------+----------------------+----------------------+
| GPU  Name                 Persistence-M | Bus-Id        Disp.A | Volatile Uncorr. ECC |
| Fan  Temp   Perf          Pwr:Usage/Cap |         Memory-Usage | GPU-Util  Compute M. |
|                                         |                      |               MIG M. |
|=========================================+======================+======================|
|   0  NVIDIA A100-SXM4-40GB          On  | 00000000:81:00.0 Off |                    0 |
| N/A   28C    P0              57W / 400W |      2MiB / 40960MiB |     13%      Default |
|                                         |                      |             Disabled |
+-----------------------------------------+----------------------+----------------------+
                                                                                         
+---------------------------------------------------------------------------------------+
| Processes:                                                                            |
|  GPU   GI   CI        PID   Type   Process name                            GPU Memory |
|        ID   ID                                                             Usage      |
|=======================================================================================|
|  No running processes found                                                           |
+---------------------------------------------------------------------------------------+
----------------------------------------
Start job epilogue Thu Jul 30 12:49:53 CEST 2026
----------------------------------------
Job ID:          54448179
Job Exit Code:   0:0
Username:        wenlou
Group:           mpla
Queue:           gpu
Compute nodes:   dccn-c083
Asked resources: walltime=1-00:00:00,nodes=1,cpus=8,mem=2G
Used resources:  cputime=1-19:12:48,walltime=05:24:06,memory=0
----------------------------------------
End job epilogue Thu Jul 30 12:49:53 CEST 2026
----------------------------------------
