----------------------------------------
Start task prologue Sun Aug  2 07:19:00 CEST 2026
----------------------------------------
Step ID:         54468017.
Username:        wenlou
Group:           mpla
Asked resources: walltime=1-00:00:00,nodes=1,cpus=8,mem=2G
Queue:           gpu
Compute nodes:   dccn-c043
----------------------------------------
End task prologue Sun Aug  2 07:19:00 CEST 2026
----------------------------------------
CUDA version:
nvcc: NVIDIA (R) Cuda compiler driver
Copyright (c) 2005-2024 NVIDIA Corporation
Built on Thu_Mar_28_02:18:24_PDT_2024
Cuda compilation tools, release 12.4, V12.4.131
Build cuda_12.4.r12.4/compiler.34097967_0

[WARNING] Please note the interface change for (de-)activating conda environment:

  - DO NOT use `conda activate` to enter the conda environment as it requires extra step to modify your ~/.bashrc file, which will force you to use this Anaconda version (2024.06).  Therefore keep using `source activate` instead.

  - DO use `conda deactivate` to leave your conda environment as `source deactivate` will be deprecated in future release.

Running model for expriment=with_dn, m_id=2, method=bads
device is : cuda
['with_dn', '2', 'all', 'bads', '2']

 ------- Start Optimization for Subject 2 ---------- 

 Cross Validation fold 0/1

 -- Start Optimization: method BADS --

 Optimization Run 1/2
Initial params: [1.1944, 7.3259, 5.0186, 45.5088, 21.0271, -17.366, 0.0273, 0.4335, 24.8445, 28.2454, 0.234, 0.4198, 0.1863, 0.1392, -0.4701]
bads:TooCloseBounds: For each variable, hard and plausible bounds should not be too close. Moving plausible bounds.
Variables (index) internally transformed to log coordinates: [[0 0]
 [0 3]
 [0 4]
 [0 6]]
Beginning optimization of a STOCHASTIC objective function

 Iteration    f-count      E[f(x)]        SD[f(x)]           MeshScale          Method              Actions
     0           1         26151.5             nan               1                                  
     0          33           25429             nan               1          Initial mesh            Initial points
     0          51         25245.7        0.989025               1        Successful poll           Train
     1          58         25236.8        0.976447               1      Successful search (ES-wcm)        
     1          60         25203.9        0.976352               1      Successful search (ES-wcm)        
     1          61         25126.6         0.97849               1      Successful search (ES-wcm)        
     1          74         25117.9        0.930031               1      Successful search (ES-ell)        
     1          76         25116.9        0.909752               1      Incremental search (ES-ell)        
     1          77         25110.1        0.942586               1      Successful search (ES-ell)        
     1          80           25108        0.929748               1      Successful search (ES-ell)        
     1          81         25094.2        0.946263               1      Successful search (ES-ell)        
     1          87         25058.5        0.923251               1      Successful search (ES-ell)        
     1          89         25053.9        0.914904               1      Successful search (ES-ell)        
     1          90         25035.8        0.936665               1      Successful search (ES-ell)        
     1          91           24982        0.957155               1      Successful search (ES-wcm)        
     1          92         24904.1        0.957493               1      Successful search (ES-wcm)        
     1          93         24806.3         0.95843               1      Successful search (ES-wcm)        
     1          95         24779.3        0.957145               1      Successful search (ES-wcm)        
     1         102         24772.2         7.83552               1      Successful search (ES-wcm)        
     1         103         24771.1         8.40438               1      Successful search (ES-wcm)        
     1         105         24763.3         7.80527               1      Successful search (ES-wcm)        
     1         107         24758.3         6.95002               1      Successful search (ES-wcm)        
     1         127         24751.8         8.10107               1        Successful poll           Train
     2         131         24747.9          7.9819               1      Successful search (ES-wcm)        
     2         132           24726         8.16482               1      Successful search (ES-wcm)        
     2         135         24718.5         7.11604               1      Successful search (ES-ell)        
     2         137         24709.4          7.1209               1      Successful search (ES-ell)        
     2         146         24709.2         6.18848               1      Incremental search (ES-ell)        
     2         148         24704.2          6.9787               1      Successful search (ES-ell)        
     2         152         24702.4          5.4283               1      Successful search (ES-ell)        
     2         156         24701.9         3.75656               1      Incremental search (ES-ell)        
     2         159         24683.9         4.78255               1      Successful search (ES-ell)        
     2         161         24627.9         6.06791               1      Successful search (ES-ell)        
     2         162         24251.9         6.48861               1      Successful search (ES-ell)        
     2         203         24116.3         1.07572               1        Successful poll           Train
     3         209         23939.7         1.07406               1      Successful search (ES-ell)        
     3         213         23906.1         1.05641               1      Successful search (ES-ell)        
     3         216           23719         1.06503               1      Successful search (ES-ell)        
     3         220         23238.1         28.2244               1      Successful search (ES-ell)        
     3         222         22299.2         27.9325               1      Successful search (ES-ell)        
     3         226         22237.6         23.5338               1      Successful search (ES-ell)        
     3         227         22200.4         26.3648               1      Successful search (ES-ell)        
     3         237         22127.6          19.281               1      Successful search (ES-ell)        
     3         238         21744.9         23.6111               1      Successful search (ES-ell)        
     3         246         21724.7         15.4591               1      Successful search (ES-wcm)        
     3         247         21602.4         15.8794               1      Successful search (ES-ell)        
     3         248         21480.1         17.2905               1      Successful search (ES-ell)        
     3         250         21362.7         24.9405               1      Successful search (ES-ell)        
     3         251         21323.2         26.3546               1      Successful search (ES-ell)        
     3         254         21210.4         19.7826               1      Successful search (ES-ell)        
     3         255         21150.7          21.238               1      Successful search (ES-ell)        
     3         260         21120.7         16.5174               1      Successful search (ES-wcm)        
     3         261         21098.5         19.3723               1      Successful search (ES-ell)        
     3         262         21019.8          18.518               1      Successful search (ES-ell)        
     3         267         21008.2         15.3309               1      Successful search (ES-ell)        
     3         268         20830.7         18.3059               1      Successful search (ES-ell)        
     3         269         20726.8         21.2876               1      Successful search (ES-ell)        
     3         270         20701.6         23.6514               1      Successful search (ES-ell)        
     3         307         20591.8         17.2969               1        Successful poll           Train
     4         312         20581.3         16.6868               1      Successful search (ES-ell)        
     4         313         20537.4         16.8663               1      Successful search (ES-ell)        
     4         316           20483         15.9324               1      Successful search (ES-ell)        
     4         324         20456.4         16.3415               1      Successful search (ES-ell)        
     4         327         20407.9         13.9951               1      Successful search (ES-wcm)        
     4         331         20377.3         14.2712               1      Successful search (ES-wcm)        
     4         333         20363.9         14.0295               1      Successful search (ES-wcm)        
     4         334         20360.5          15.491               1      Successful search (ES-wcm)        
     4         372         20360.5          15.491             0.5          Refine grid             Train
     5         373         20310.9         22.3431             0.5      Successful search (ES-ell)        
     5         374         20266.8         22.9179             0.5      Successful search (ES-ell)        
     5         379         20249.1         21.2036             0.5      Successful search (ES-ell)        
     5         383         20188.8         18.0527             0.5      Successful search (ES-ell)        
     5         385         20172.1          17.957             0.5      Successful search (ES-ell)        
     5         386         20120.5         22.9605             0.5      Successful search (ES-wcm)        
     5         387           20118         23.3121             0.5      Successful search (ES-wcm)        
     5         393         20019.9         21.7127             0.5      Successful search (ES-wcm)        
     5         407         19989.2         18.2149             0.5      Successful search (ES-wcm)        
     5         418         19983.3         23.2967             0.5      Successful search (ES-ell)        
     5         423         19972.2         21.2896             0.5      Successful search (ES-ell)        
     5         425         19921.4         19.4959             0.5      Successful search (ES-ell)        
     5         471         19921.4         19.4959            0.25          Refine grid             Train
     6         473         19905.4         15.1912            0.25      Successful search (ES-ell)        
     6         474         19883.1         20.8917            0.25      Successful search (ES-ell)        
     6         477         19879.6         18.1889            0.25      Successful search (ES-ell)        
     6         527         19879.6         18.1889           0.125          Refine grid             Train
     7         528         19898.3         11.6568           0.125      Successful search (ES-wcm)        
     7         529         19862.8         17.7611           0.125      Successful search (ES-wcm)        
     7         583         19862.8         17.7611          0.0625          Refine grid             
     8         585         19893.3          7.5521          0.0625      Successful search (ES-wcm)        
     8         586         19883.4         9.16976          0.0625      Successful search (ES-wcm)        
     8         587         19879.9         12.9294          0.0625      Successful search (ES-wcm)        
     8         639         19879.9         12.9294         0.03125          Refine grid             Train
     9         640         19889.4          5.2613         0.03125      Successful search (ES-wcm)        
     9         641         19881.6         8.47384         0.03125      Successful search (ES-wcm)        
     9         643         19880.4         11.5125         0.03125      Successful search (ES-wcm)        
     9         662         19870.5         5.76664         0.03125      Successful search (ES-wcm)        
     9         663         19865.9         5.82996         0.03125      Successful search (ES-wcm)        
     9         664         19862.9         6.05912         0.03125      Successful search (ES-wcm)        
     9         665         19851.3         6.01007         0.03125      Successful search (ES-ell)        
     9         666         19841.1         5.93019         0.03125      Successful search (ES-ell)        
     9         667         19829.5         6.02468         0.03125      Successful search (ES-ell)        
     9         668         19812.8          6.3272         0.03125      Successful search (ES-ell)        
     9         686         19756.9         7.56713          0.0625        Successful poll           
    10         687         19894.6         7.60672          0.0625      Successful search (ES-ell)        
    10         688         19892.9         12.0625          0.0625      Successful search (ES-ell)        
    10         689         19885.2         13.1386          0.0625      Successful search (ES-ell)        
    10         744         19885.2         13.1386         0.03125          Refine grid             Train
    11         776         19889.2         6.11697          0.0625        Successful poll           Train
    12         819         19866.3           5.923         0.03125          Refine grid             Train
    13         862         19907.3          4.2858        0.015625          Refine grid             Train
    14         863         19892.3         5.31582        0.015625      Successful search (ES-wcm)        
    14         864         19887.3         6.46594        0.015625      Successful search (ES-wcm)        
    14         865         19885.6         9.59204        0.015625      Successful search (ES-wcm)        
    14         867         19879.6          12.056        0.015625      Successful search (ES-wcm)        
    14         869         19877.4         13.2459        0.015625      Successful search (ES-wcm)        
    14         871           19870         11.0034        0.015625      Successful search (ES-wcm)        
    14         920           19870         11.0034       0.0078125          Refine grid             
    15         921           19885         4.59029       0.0078125      Successful search (ES-ell)        
    15         922         19882.9         5.10479       0.0078125      Successful search (ES-ell)        
    15         923         19881.6         5.63431       0.0078125      Successful search (ES-ell)        
    15         924           19879         7.01936       0.0078125      Successful search (ES-ell)        
    15         925         19877.1         9.27869       0.0078125      Successful search (ES-wcm)        
    15         927         19872.6         9.98543       0.0078125      Successful search (ES-wcm)        
    15         936         19870.8         5.36234       0.0078125      Successful search (ES-ell)        
    15         937           19847         5.07887       0.0078125      Successful search (ES-ell)        
    15         938         19816.8         5.32186       0.0078125      Successful search (ES-ell)        
    15         939         19780.2         5.93254       0.0078125      Successful search (ES-ell)        
    15         940         19737.9         7.84129       0.0078125      Successful search (ES-ell)        
    15         941         19671.4         10.2922       0.0078125      Successful search (ES-ell)        
    15         995         19671.4         10.2922      0.00390625          Refine grid             
    16         996         19887.8          3.6287      0.00390625      Successful search (ES-ell)        
    16         997         19885.8         4.18912      0.00390625      Successful search (ES-ell)        
    16         998         19883.6         4.65118      0.00390625      Successful search (ES-ell)        
    16         999         19882.3         4.83297      0.00390625      Successful search (ES-ell)        
    16        1000         19880.5         5.30824      0.00390625      Successful search (ES-ell)        
    16        1001         19876.8         6.91152      0.00390625      Successful search (ES-ell)        
    16        1027         19859.6         5.26371       0.0078125        Successful poll           
    17        1028         19855.5         5.75314       0.0078125      Successful search (ES-wcm)        
    17        1029         19855.4         6.23736       0.0078125      Successful search (ES-ell)        
    17        1030         19852.1         7.13281       0.0078125      Successful search (ES-ell)        
    17        1084         19852.1         7.13281      0.00390625          Refine grid             
    18        1085         19886.8         3.32351      0.00390625      Successful search (ES-wcm)        
    18        1086         19884.7         3.60002      0.00390625      Successful search (ES-ell)        
    18        1087         19881.9         4.75781      0.00390625      Successful search (ES-ell)        
    18        1100         19880.1         4.81929      0.00390625      Successful search (ES-wcm)        
    18        1115         19879.8         4.05154      0.00390625      Successful search (ES-ell)        
    18        1116         19877.8         4.17568      0.00390625      Successful search (ES-ell)        
    18        1117         19874.1         4.40028      0.00390625      Successful search (ES-ell)        
    18        1118         19869.7         4.83235      0.00390625      Successful search (ES-wcm)        
    18        1119         19864.2         5.10495      0.00390625      Successful search (ES-ell)        
    18        1120           19860         7.22904      0.00390625      Successful search (ES-ell)        
    18        1172           19860         7.22904      0.00195312          Refine grid             Train
    19        1173         19887.4         3.35185      0.00195312      Successful search (ES-ell)        
    19        1174         19885.6         3.61165      0.00195312      Successful search (ES-ell)        
    19        1175         19883.8          4.1734      0.00195312      Successful search (ES-ell)        
    19        1176         19879.5         4.89662      0.00195312      Successful search (ES-ell)        
    19        1177         19877.3         6.89003      0.00195312      Successful search (ES-ell)        
    19        1178           19868         8.96309      0.00195312      Successful search (ES-ell)        
    19        1179         19862.2         12.0189      0.00195312      Successful search (ES-ell)        
    19        1180         19844.2         15.2602      0.00195312      Successful search (ES-ell)        
    19        1232         19844.2         15.2602     0.000976562          Refine grid             
Optimization terminated: change in the function value less than options['tol_mesh']
Estimated function value at minimum: 19883.66643935559 ± 2.716998397846157 (mean ± SEM from 100 samples)
BADS minimum at: x_min = [ 2.3428 17.2003  6.2154  8.5754  1.4417  6.1452  1.9354  0.102   6.3164
 17.7791  0.5611  0.4021  0.2821  0.1389  0.4299], training NLL = 19883.6664
total f-count: 1332, time: 70.18 min

 Optimization Run 2/2
Initial params: [1.5935, 5.8462, 5.5503, 18.3176, 2.4997, 10.6459, 3.3621, 0.273, 22.0919, 19.1072, 0.3911, 0.8997, 0.1565, 0.1026, 0.0864]
bads:TooCloseBounds: For each variable, hard and plausible bounds should not be too close. Moving plausible bounds.
Variables (index) internally transformed to log coordinates: [[0 0]
 [0 3]
 [0 4]
 [0 6]]
Beginning optimization of a STOCHASTIC objective function

 Iteration    f-count      E[f(x)]        SD[f(x)]           MeshScale          Method              Actions
     0           1         23288.8             nan               1                                  
     0          33         23288.8             nan               1          Initial mesh            Initial points
     0          34         23149.8         1.00138               1        Successful poll           Train
     1          38         22354.3         1.00132               1      Successful search (ES-wcm)        
     1          44         22273.6         0.99639               1      Successful search (ES-wcm)        
     1          46         22240.3        0.998216               1      Successful search (ES-wcm)        
     1          58         22211.3        0.891253               1      Successful search (ES-wcm)        
     1          59         22196.5        0.896455               1      Successful search (ES-wcm)        
     1          60         22029.4        0.995122               1      Successful search (ES-wcm)        
     1          67         21732.7        0.988309               1      Successful search (ES-wcm)        
     1          73         21589.3        0.988243               1      Successful search (ES-ell)        
     1          76         21550.8        0.988114               1      Successful search (ES-ell)        
     1          77         21397.1        0.988306               1      Successful search (ES-wcm)        
     1          79         21233.3        0.988229               1      Successful search (ES-ell)        
     1          83         21053.7        0.988282               1      Successful search (ES-ell)        
     1          87         21031.3        0.988211               1      Successful search (ES-ell)        
     1          90         21031.2        0.988023               1      Incremental search (ES-ell)        
     1          93         20959.7        0.988043               1      Successful search (ES-ell)        
     1         100         20886.5        0.963344               1      Successful search (ES-ell)        
     1         101         20877.4        0.963699               1      Successful search (ES-ell)        
     1         103         20682.1        0.963848               1      Successful search (ES-ell)        
     1         104         20570.6        0.963805               1      Successful search (ES-ell)        
     1         109         20564.2        0.962426               1      Successful search (ES-ell)        
     1         115         20530.1        0.962775               1      Successful search (ES-ell)        
     1         116         20491.8        0.963548               1      Successful search (ES-ell)        
     1         117         20426.6        0.963772               1      Successful search (ES-ell)        
     1         118         20335.8        0.963917               1      Successful search (ES-ell)        
     1         123         20271.8        0.962858               1      Successful search (ES-ell)        
     1         134         20271.4         1.00114               1      Incremental search (ES-ell)        
     1         158         20180.6         12.8144               1        Successful poll           Train
     2         164         20128.7         12.7526               1      Successful search (ES-ell)        
     2         167         20115.9          12.708               1      Successful search (ES-ell)        
     2         212         20115.9          12.708             0.5          Refine grid             Train
     3         213         20100.6         22.2684             0.5      Successful search (ES-ell)        
     3         214         19857.3         24.8545             0.5      Successful search (ES-ell)        
     3         218         19824.1         24.3419             0.5      Successful search (ES-ell)        
     3         221         19792.2         23.7834             0.5      Successful search (ES-ell)        
     3         224           19782         21.7574             0.5      Successful search (ES-ell)        
     3         226         19740.3         21.0058             0.5      Successful search (ES-ell)        
     3         267         19740.3         21.0058            0.25          Refine grid             Train
     4         272         19760.5         8.02511            0.25      Successful search (ES-wcm)        
     4         273         19747.6           10.89            0.25      Successful search (ES-wcm)        
     4         274         19745.6         16.8934            0.25      Successful search (ES-wcm)        
     4         284         19737.4         12.1116            0.25      Successful search (ES-wcm)        
     4         285         19710.7         17.1756            0.25      Successful search (ES-wcm)        
     4         289         19704.3         14.4842            0.25      Successful search (ES-wcm)        
     4         338         19703.5         19.4606             0.5        Successful poll           
     5         343         19647.2         26.3167             0.5      Successful search (ES-wcm)        
     5         393           19622         20.7825               1        Successful poll           
     6         399         19595.5         22.0155               1      Successful search (ES-ell)        
     6         412         19568.9         24.4824               1      Successful search (ES-ell)        
     6         414           19562         25.2939               1      Successful search (ES-ell)        
     6         416           19527         25.1291               1      Successful search (ES-ell)        
     6         462           19527         25.1291             0.5          Refine grid             Train
     7         503         19505.2         14.4076               1        Successful poll           Train
     8         509         19494.5         19.0677               1      Successful search (ES-ell)        
     8         523         19486.5         21.0739               1      Successful search (ES-ell)        
     8         529         19474.8         15.9429               1      Successful search (ES-ell)        
     8         530           19451         21.1587               1      Successful search (ES-ell)        
     8         572           19451         21.1587             0.5          Refine grid             
     9         576         19430.9         16.7882             0.5      Successful search (ES-ell)        
     9         628         19430.9         16.7882            0.25          Refine grid             Train
    10         631         19452.8         15.5789            0.25      Successful search (ES-ell)        
    10         633         19445.5         19.9606            0.25      Successful search (ES-ell)        
    10         686         19445.5         19.9606           0.125          Refine grid             Train
    11         691         19442.9         6.46894           0.125      Successful search (ES-ell)        
    11         692         19433.9         11.3556           0.125      Successful search (ES-ell)        
    11         694         19432.5         12.4481           0.125      Successful search (ES-ell)        
    11         698         19431.2         10.5025           0.125      Successful search (ES-wcm)        
    11         744         19431.2         10.5025          0.0625          Refine grid             
    12         746         19434.7         7.27302          0.0625      Successful search (ES-wcm)        
    12         761         19432.5         7.70271          0.0625      Successful search (ES-ell)        
    12         817         19432.5         7.70271         0.03125          Refine grid             
    13         859           19437         3.09503          0.0625        Successful poll           Train
    14         865         19420.9           6.596          0.0625      Successful search (ES-wcm)        
    14         866         19403.6         11.3205          0.0625      Successful search (ES-wcm)        
    14         917         19403.6         11.3205         0.03125          Refine grid             Train
    15         918         19405.5         7.22558         0.03125      Successful search (ES-wcm)        
    15         975         19405.5         7.22558        0.015625          Refine grid             Train
    16        1018         19450.5         3.02996      0.00390625          Refine grid             Train
    17        1019           19450         5.08358      0.00390625      Successful search (ES-wcm)        
    17        1020         19446.8         4.69327      0.00390625      Successful search (ES-wcm)        
    17        1021         19443.1         4.77824      0.00390625      Successful search (ES-wcm)        
    17        1022         19432.3          5.0282      0.00390625      Successful search (ES-ell)        
    17        1023         19429.2         5.69126      0.00390625      Successful search (ES-ell)        
    17        1024         19428.5         7.42073      0.00390625      Successful search (ES-ell)        
    17        1025         19419.2         9.19154      0.00390625      Successful search (ES-ell)        
    17        1027           19412          10.612      0.00390625      Successful search (ES-ell)        
    17        1032         19411.7          6.7366      0.00390625      Successful search (ES-ell)        
    17        1051         19397.6         11.6476       0.0078125        Successful poll           
    18        1052         19413.7         12.8859       0.0078125      Successful search (ES-wcm)        
    18        1109         19413.7         12.8859      0.00390625          Refine grid             Train
    19        1111           19429         3.37093      0.00390625      Successful search (ES-wcm)        
    19        1112         19425.8         3.83948      0.00390625      Successful search (ES-wcm)        
    19        1113         19422.7         5.35761      0.00390625      Successful search (ES-wcm)        
    19        1118         19422.7         5.14867      0.00390625      Successful search (ES-wcm)        
    19        1119         19420.8          5.8364      0.00390625      Successful search (ES-wcm)        
    19        1120         19417.6         5.66597      0.00390625      Successful search (ES-ell)        
    19        1121         19415.7         5.55532      0.00390625      Successful search (ES-ell)        
    19        1122         19409.3         5.65478      0.00390625      Successful search (ES-ell)        
    19        1123         19399.1         5.94968      0.00390625      Successful search (ES-ell)        
    19        1124         19384.9         6.40845      0.00390625      Successful search (ES-ell)        
    19        1125         19383.8         6.35576      0.00390625      Successful search (ES-ell)        
    19        1126         19382.1         6.40196      0.00390625      Successful search (ES-ell)        
    19        1182         19382.1         6.40196      0.00195312          Refine grid             
    20        1225         19419.5         2.93722     0.000976562          Refine grid             
Optimization terminated: change in the function value less than options['tol_mesh']
Estimated function value at minimum: 19430.68423270644 ± 2.6604062727513433 (mean ± SEM from 100 samples)
BADS minimum at: x_min = [ 2.0142  7.196   6.851  12.3317  2.2571  7.8873  1.6864  0.0928  6.8516
 16.1122  0.5499  0.4019  0.1907  0.1509  0.8725], training NLL = 19430.6842
total f-count: 1325, time: 70.38 min

 ------- Finish Optimization for Subject 2 ---------- 

 ------- Start Optimization for Subject 3 ---------- 

 Cross Validation fold 0/1

 -- Start Optimization: method BADS --

 Optimization Run 1/2
Initial params: [1.4948, 2.0016, 3.5795, 43.6621, 46.3012, -36.8061, 4.7155, 0.2104, 24.7541, 22.8416, 0.7986, 0.7325, 0.2371, 0.1217, 1.0202]
bads:TooCloseBounds: For each variable, hard and plausible bounds should not be too close. Moving plausible bounds.
Variables (index) internally transformed to log coordinates: [[0 0]
 [0 3]
 [0 4]
 [0 6]]
Beginning optimization of a STOCHASTIC objective function

 Iteration    f-count      E[f(x)]        SD[f(x)]           MeshScale          Method              Actions
     0           1         25411.3             nan               1                                  
     0          33         24574.7             nan               1          Initial mesh            Initial points
     0          39         24120.1         1.00333               1        Successful poll           Train
     1          44           23718         1.00225               1      Successful search (ES-wcm)        
     1          48           23703        0.997046               1      Successful search (ES-wcm)        
     1          50         23494.9         0.99274               1      Successful search (ES-wcm)        
     1          61           23435        0.972274               1      Successful search (ES-wcm)        
     1          65           23428        0.990955               1      Successful search (ES-wcm)        
     1          66         23378.1         0.99056               1      Successful search (ES-wcm)        
     1          73         23370.4        0.990977               1      Successful search (ES-wcm)        
     1          75         23368.6        0.991031               1      Successful search (ES-wcm)        
     1          76         23364.8        0.990887               1      Successful search (ES-wcm)        
     1          79         23322.3        0.990661               1      Successful search (ES-wcm)        
     1          81           23292        0.990969               1      Successful search (ES-wcm)        
     1          85         23278.5        0.991067               1      Successful search (ES-wcm)        
     1          89         23233.8         0.99104               1      Successful search (ES-wcm)        
     1          91         23218.9        0.990951               1      Successful search (ES-ell)        
     1          92         23177.6        0.991059               1      Successful search (ES-wcm)        
     1          94         23174.9        0.991039               1      Successful search (ES-wcm)        
     1         104           23164         1.01685               1      Successful search (ES-wcm)        
     1         105         23143.9         1.01669               1      Successful search (ES-wcm)        
     1         110         23132.1          1.0088               1      Successful search (ES-wcm)        
     1         111         23128.1          1.0112               1      Successful search (ES-wcm)        
     1         113         23106.7         1.00721               1      Successful search (ES-ell)        
     1         120         23098.9        0.996545               1      Successful search (ES-ell)        
     1         148         23064.8         8.36895               1        Successful poll           
     2         149         22817.2         8.25496               1      Successful search (ES-ell)        
     2         150         22379.3         8.59572               1      Successful search (ES-ell)        
     2         154         22243.1         8.24059               1      Successful search (ES-ell)        
     2         158         22045.5         8.74021               1      Successful search (ES-ell)        
     2         159         21829.3         8.75038               1      Successful search (ES-ell)        
     2         160         21708.2         8.90949               1      Successful search (ES-ell)        
     2         162         21642.1         8.85181               1      Successful search (ES-ell)        
     2         163         21640.4         9.05437               1      Successful search (ES-ell)        
     2         166         21604.3         8.55355               1      Successful search (ES-ell)        
     2         168         21532.7         8.09561               1      Successful search (ES-ell)        
     2         170         21496.1         8.43895               1      Successful search (ES-ell)        
     2         172         21480.2         8.21004               1      Successful search (ES-ell)        
     2         174         21401.3         8.50944               1      Successful search (ES-ell)        
     2         215         21388.9         22.3767               1        Successful poll           
     3         220         21238.9         19.2346               1      Successful search (ES-ell)        
     3         222         21100.2         18.9918               1      Successful search (ES-ell)        
     3         223           21023         19.9923               1      Successful search (ES-ell)        
     3         224         20982.8         20.8977               1      Successful search (ES-ell)        
     3         234         20795.1         18.3393               1      Successful search (ES-ell)        
     3         235         20631.6         20.6653               1      Successful search (ES-ell)        
     3         236         20615.9         20.7999               1      Successful search (ES-ell)        
     3         238           20503         18.2596               1      Successful search (ES-ell)        
     3         243         20493.5          16.089               1      Successful search (ES-ell)        
     3         244         20423.1         17.2925               1      Successful search (ES-ell)        
     3         245           20420         17.9089               1      Successful search (ES-wcm)        
     3         247         20419.9         19.5716               1      Incremental search (ES-ell)        
     3         249         20401.1         16.6954               1      Successful search (ES-ell)        
     3         253         20392.2         18.9049               1      Successful search (ES-ell)        
     3         254         20337.3         15.9492               1      Successful search (ES-ell)        
     3         256         20262.8         16.5439               1      Successful search (ES-wcm)        
     3         267         20248.6         18.3286               1      Successful search (ES-wcm)        
     3         270         20223.6         14.9986               1      Successful search (ES-wcm)        
     3         271         20140.1         22.6595               1      Successful search (ES-wcm)        
     3         273         20112.1           19.83               1      Successful search (ES-wcm)        
     3         276           20047          26.872               1      Successful search (ES-wcm)        
     3         280         20045.8         19.7753               1      Successful search (ES-wcm)        
     3         282         20041.7         24.6661               1      Successful search (ES-wcm)        
     3         286         20007.9         22.6948               1      Successful search (ES-wcm)        
     3         287         19995.1         24.5573               1      Successful search (ES-wcm)        
     3         288         19973.3         26.8608               1      Successful search (ES-wcm)        
     3         289           19963         27.2106               1      Successful search (ES-wcm)        
     3         290         19918.7         28.6079               1      Successful search (ES-ell)        
     3         296         19913.5         21.1368               1      Successful search (ES-ell)        
     3         339         19860.6         18.0374               1        Successful poll           
     4         344         19849.7         22.2591               1      Successful search (ES-ell)        
     4         345         19838.5          24.511               1      Successful search (ES-wcm)        
     4         351           19812         15.9456               1      Successful search (ES-ell)        
     4         352         19792.1         17.0473               1      Successful search (ES-ell)        
     4         357         19780.8         22.6094               1      Successful search (ES-ell)        
     4         361         19769.6         19.2937               1      Successful search (ES-ell)        
     4         366         19769.5          12.781               1      Incremental search (ES-ell)        
     4         368         19759.9         13.4212               1      Successful search (ES-ell)        
     4         369         19741.4         18.2232               1      Successful search (ES-ell)        
     4         377         19733.1         11.2706               1      Successful search (ES-ell)        
     4         379         19724.4         11.5903               1      Successful search (ES-ell)        
     4         380         19716.1         13.8848               1      Successful search (ES-ell)        
     4         381         19702.6         16.1537               1      Successful search (ES-ell)        
     4         420         19702.6         16.1537             0.5          Refine grid             Train
     5         422           19756         17.9177             0.5      Successful search (ES-ell)        
     5         424         19728.4          19.488             0.5      Successful search (ES-ell)        
     5         426           19683         21.6338             0.5      Successful search (ES-ell)        
     5         473         19672.2         22.3605               1        Successful poll           
     6         509         19674.9         21.5119             0.5          Refine grid             Train
     7         512         19670.6         15.7906             0.5      Successful search (ES-ell)        
     7         515         19663.2          16.403             0.5      Successful search (ES-ell)        
     7         562         19663.2          16.403            0.25          Refine grid             
     8         564         19663.1         12.0502            0.25      Successful search (ES-wcm)        
     8         616         19663.1         12.0502           0.125          Refine grid             Train
     9         617         19681.4         10.4899           0.125      Successful search (ES-ell)        
     9         618           19664         10.8037           0.125      Successful search (ES-ell)        
     9         633         19659.5         7.59703           0.125      Successful search (ES-wcm)        
     9         635           19655          8.1513           0.125      Successful search (ES-ell)        
     9         637         19647.8         8.00915           0.125      Successful search (ES-wcm)        
     9         687         19647.8         8.00915          0.0625          Refine grid             Train
    10         688         19651.4         5.46446          0.0625      Successful search (ES-wcm)        
    10         743         19651.4         5.46446         0.03125          Refine grid             
    11         744           19661         4.95456         0.03125      Successful search (ES-ell)        
    11         746         19660.2         5.68366         0.03125      Successful search (ES-ell)        
    11         747         19659.7         7.63665         0.03125      Successful search (ES-wcm)        
    11         757         19658.4         5.68898         0.03125      Successful search (ES-wcm)        
    11         760         19657.8          6.5716         0.03125      Successful search (ES-wcm)        
    11         790         19546.7         8.24031          0.0625        Successful poll           
    12         791         19658.8         7.71695          0.0625      Successful search (ES-ell)        
    12         793           19657         11.7035          0.0625      Successful search (ES-wcm)        
    12         796         19650.6         11.2176          0.0625      Successful search (ES-ell)        
    12         797         19646.9         13.4405          0.0625      Successful search (ES-ell)        
    12         799         19641.5          13.602          0.0625      Successful search (ES-ell)        
    12         800         19640.7         15.2886          0.0625      Successful search (ES-ell)        
    12         845         19640.7         15.2886         0.03125          Refine grid             Train
    13         846         19659.4         8.25896         0.03125      Successful search (ES-ell)        
    13         848         19658.5         10.1171         0.03125      Successful search (ES-ell)        
    13         901         19658.5         10.1171        0.015625          Refine grid             Train
    14         902         19660.6         4.89774        0.015625      Successful search (ES-ell)        
    14         903           19656         6.06945        0.015625      Successful search (ES-ell)        
    14         904         19645.7          7.5312        0.015625      Successful search (ES-ell)        
    14         905         19645.5         11.3576        0.015625      Successful search (ES-ell)        
    14         908         19638.4         11.7575        0.015625      Successful search (ES-wcm)        
    14         914         19637.5         8.07347        0.015625      Successful search (ES-wcm)        
    14         960         19637.5         8.07347       0.0078125          Refine grid             Train
    15         961           19665         4.03833       0.0078125      Successful search (ES-wcm)        
    15         962         19664.5         4.46869       0.0078125      Successful search (ES-wcm)        
    15         964         19664.4         4.78868       0.0078125      Successful search (ES-wcm)        
    15         965         19663.2         5.48596       0.0078125      Successful search (ES-wcm)        
    15         972         19662.8         4.96486       0.0078125      Successful search (ES-wcm)        
    15         973         19662.4         5.04202       0.0078125      Successful search (ES-wcm)        
    15         975         19661.8         5.03662       0.0078125      Successful search (ES-wcm)        
    15         976         19661.1           5.146       0.0078125      Successful search (ES-ell)        
    15         980         19660.7         5.03494       0.0078125      Successful search (ES-wcm)        
    15        1034         19660.7         5.03494      0.00390625          Refine grid             Train
    16        1035         19665.4         2.34073      0.00390625      Successful search (ES-wcm)        
    16        1036         19665.2         2.34553      0.00390625      Successful search (ES-wcm)        
    16        1037         19664.9         2.31999      0.00390625      Successful search (ES-wcm)        
    16        1038         19664.5         2.31714      0.00390625      Successful search (ES-wcm)        
    16        1039         19663.6         2.48946      0.00390625      Successful search (ES-wcm)        
    16        1040         19662.6         2.98938      0.00390625      Successful search (ES-wcm)        
    16        1063         19662.3         2.73268      0.00390625      Successful search (ES-ell)        
    16        1073           19662         2.67081      0.00390625      Successful search (ES-ell)        
    16        1077           19662         2.62789      0.00390625      Successful search (ES-ell)        
    16        1078         19661.9         2.62006      0.00390625      Successful search (ES-wcm)        
    16        1080         19661.4         2.85534      0.00390625      Successful search (ES-ell)        
    16        1081           19661         3.30917      0.00390625      Successful search (ES-ell)        
    16        1082         19660.4         3.90047      0.00390625      Successful search (ES-ell)        
    16        1083         19659.2         4.68252      0.00390625      Successful search (ES-wcm)        
    16        1138         19659.2         4.68252      0.00195312          Refine grid             Train
    17        1140         19664.2         2.98917      0.00195312      Successful search (ES-wcm)        
    17        1141         19663.9         3.08496      0.00195312      Successful search (ES-wcm)        
    17        1142         19663.4         3.21755      0.00195312      Successful search (ES-wcm)        
    17        1143         19662.3         3.55026      0.00195312      Successful search (ES-wcm)        
    17        1155         19661.9         3.29758      0.00195312      Successful search (ES-wcm)        
    17        1156         19661.7         3.44077      0.00195312      Successful search (ES-wcm)        
    17        1161         19661.4         3.34615      0.00195312      Successful search (ES-wcm)        
    17        1163         19661.1         3.32997      0.00195312      Successful search (ES-wcm)        
    17        1164           19661         3.38023      0.00195312      Successful search (ES-ell)        
    17        1165         19660.5          3.4636      0.00195312      Successful search (ES-wcm)        
    17        1166         19659.8         3.47856      0.00195312      Successful search (ES-ell)        
    17        1186         19651.9         5.37308      0.00390625        Successful poll           Train
    18        1187         19654.9         5.79084      0.00390625      Successful search (ES-ell)        
    18        1188           19649         6.58561      0.00390625      Successful search (ES-ell)        
    18        1189         19644.8         8.93107      0.00390625      Successful search (ES-ell)        
    18        1190         19639.5          11.052      0.00390625      Successful search (ES-ell)        
    18        1245         19639.5          11.052      0.00195312          Refine grid             
    19        1246           19658         5.64231      0.00195312      Successful search (ES-ell)        
    19        1247         19656.4         6.31151      0.00195312      Successful search (ES-ell)        
    19        1304         19656.4         6.31151     0.000976562          Refine grid             
Optimization terminated: change in the function value less than options['tol_mesh']
Estimated function value at minimum: 19661.346326774943 ± 2.9354696789990324 (mean ± SEM from 100 samples)
BADS minimum at: x_min = [ 0.312   9.4796  9.1065 99.9612  0.5831 51.8613  5.1434  0.9913  9.1933
 11.1072  0.4581  0.5046  0.2842  0.2518  2.6318], training NLL = 19661.3463
total f-count: 1404, time: 78.29 min

 Optimization Run 2/2
Initial params: [1.6802, 6.6921, 13.4424, 2.2872, 38.4039, -49.348, 0.8737, 0.6322, 28.7295, 23.7428, 0.3556, 0.7506, 0.2916, 0.1638, 0.0369]
bads:TooCloseBounds: For each variable, hard and plausible bounds should not be too close. Moving plausible bounds.
Variables (index) internally transformed to log coordinates: [[0 0]
 [0 3]
 [0 4]
 [0 6]]
Beginning optimization of a STOCHASTIC objective function

 Iteration    f-count      E[f(x)]        SD[f(x)]           MeshScale          Method              Actions
     0           1         25411.3             nan               1                                  
     0          33         24565.9             nan               1          Initial mesh            Initial points
     0          45         24138.1        0.997935               1        Successful poll           Train
     1          47         23859.9         0.99773               1      Successful search (ES-wcm)        
     1          50         23607.5        0.997776               1      Successful search (ES-wcm)        
     1          52         23580.6        0.996628               1      Successful search (ES-wcm)        
     1          54         23515.6        0.997296               1      Successful search (ES-wcm)        
     1          57         23434.4        0.996955               1      Successful search (ES-wcm)        
     1          65         23388.1         1.00104               1      Successful search (ES-wcm)        
     1          67         23313.1           1.001               1      Successful search (ES-wcm)        
     1          68         23300.1         1.00096               1      Successful search (ES-wcm)        
     1          73         23283.9        0.998563               1      Successful search (ES-ell)        
     1          81           23268         1.00026               1      Successful search (ES-wcm)        
     1          83         23207.4        0.999588               1      Successful search (ES-wcm)        
     1          87         23206.2        0.998113               1      Successful search (ES-wcm)        
     1          88         23194.7        0.994327               1      Successful search (ES-wcm)        
     1          91           22586         1.00088               1      Successful search (ES-ell)        
     1          98         20343.1        0.979141               1      Successful search (ES-ell)        
     1         101         20305.6        0.977024               1      Successful search (ES-ell)        
     1         104         20238.1        0.976598               1      Successful search (ES-ell)        
     1         122         20077.6        0.959829               1        Successful poll           
     2         129         20028.3         1.05565               1      Successful search (ES-ell)        
     2         130         20004.8         1.05573               1      Successful search (ES-ell)        
     2         132         19973.4          1.0557               1      Successful search (ES-ell)        
     2         133         19911.9         1.05578               1      Successful search (ES-ell)        
     2         134         19875.9          1.0558               1      Successful search (ES-ell)        
     2         141           19860         1.05569               1      Successful search (ES-ell)        
     2         142         19748.9         1.05572               1      Successful search (ES-ell)        
     2         147         19701.2         1.05537               1      Successful search (ES-ell)        
     2         159         19623.8         27.3312               1      Successful search (ES-ell)        
     2         160         19590.5         31.7024               1      Successful search (ES-ell)        
     2         161         19476.3         32.9695               1      Successful search (ES-ell)        
     2         203         19476.3         32.9695             0.5          Refine grid             Train
     3         204         19399.2         32.9242             0.5      Successful search (ES-ell)        
     3         205         19321.8         33.0851             0.5      Successful search (ES-ell)        
     3         219         19291.6         31.8536             0.5      Successful search (ES-ell)        
     3         221         19186.1         33.1037             0.5      Successful search (ES-ell)        
     3         239         19185.1         26.6063             0.5      Successful search (ES-wcm)        
     3         241         19173.1         26.5529             0.5      Successful search (ES-wcm)        
     3         242         19128.1         24.1216             0.5      Successful search (ES-wcm)        
     3         245         19105.2         22.9453             0.5      Successful search (ES-wcm)        
     3         247         19082.5         22.5282             0.5      Successful search (ES-wcm)        
     3         249         18960.3         32.4783             0.5      Successful search (ES-wcm)        
     3         252         18914.5         32.7535             0.5      Successful search (ES-wcm)        
     3         254         18879.5         33.3676             0.5      Successful search (ES-ell)        
     3         258         18825.6         31.0496             0.5      Successful search (ES-ell)        
     3         260         18771.7         29.9592             0.5      Successful search (ES-ell)        
     3         261         18753.1          33.062             0.5      Successful search (ES-wcm)        
     3         262         18747.5         34.0785             0.5      Successful search (ES-wcm)        
     3         265         18739.9         31.0782             0.5      Successful search (ES-wcm)        
     3         284         18737.5          17.139             0.5      Successful search (ES-wcm)        
     3         285         18700.5         21.4931             0.5      Successful search (ES-wcm)        
     3         286         18667.1          26.514             0.5      Successful search (ES-wcm)        
     3         290         18657.1         19.2646             0.5      Successful search (ES-wcm)        
     3         291         18619.8         26.7143             0.5      Successful search (ES-wcm)        
     3         300         18614.6         18.6295             0.5      Successful search (ES-ell)        
     3         302         18611.3         21.5066             0.5      Successful search (ES-ell)        
     3         348         18611.3         21.5066            0.25          Refine grid             Train
     4         350         18614.9         19.4689            0.25      Successful search (ES-wcm)        
     4         353         18573.9         17.3296            0.25      Successful search (ES-ell)        
     4         355         18565.3         17.9257            0.25      Successful search (ES-ell)        
     4         364         18550.8         20.6246            0.25      Successful search (ES-ell)        
     4         370         18548.4          14.658            0.25      Successful search (ES-ell)        
     4         372         18543.8         16.5819            0.25      Successful search (ES-ell)        
     4         376         18536.4         11.6997            0.25      Successful search (ES-ell)        
     4         382         18518.7          13.736            0.25      Successful search (ES-ell)        
     4         398         18497.1         10.8273            0.25      Successful search (ES-ell)        
     4         412         18494.1         9.94912            0.25      Successful search (ES-ell)        
     4         463         18494.1         9.94912           0.125          Refine grid             Train
     5         464           18507         10.5553           0.125      Successful search (ES-wcm)        
     5         466         18497.9         12.6874           0.125      Successful search (ES-ell)        
     5         469         18487.4         10.7256           0.125      Successful search (ES-wcm)        
     5         474         18486.4         7.42365           0.125      Successful search (ES-wcm)        
     5         475           18482         9.11722           0.125      Successful search (ES-wcm)        
     5         480         18479.6         7.33841           0.125      Successful search (ES-wcm)        
     5         535         18479.6         7.33841          0.0625          Refine grid             
     6         536         18485.4         8.49596          0.0625      Successful search (ES-wcm)        
     6         540         18465.3         7.45922          0.0625      Successful search (ES-wcm)        
     6         541         18455.5         16.7835          0.0625      Successful search (ES-wcm)        
     6         544         18447.1         9.56468          0.0625      Successful search (ES-wcm)        
     6         546         18438.8          10.626          0.0625      Successful search (ES-wcm)        
     6         547         18428.9         13.0606          0.0625      Successful search (ES-wcm)        
     6         550         18427.8         10.0453          0.0625      Successful search (ES-wcm)        
     6         551         18383.2         11.5243          0.0625      Successful search (ES-wcm)        
     6         607         18383.2         11.5243         0.03125          Refine grid             
     7         608         18480.9         5.51065         0.03125      Successful search (ES-wcm)        
     7         610         18480.2         7.07101         0.03125      Successful search (ES-wcm)        
     7         623         18429.8         5.85585         0.03125      Successful search (ES-wcm)        
     7         624         18335.3         10.9917         0.03125      Successful search (ES-wcm)        
     7         657         17623.1         9.01177          0.0625        Successful poll           Train
     8         659         18492.6         8.10284          0.0625      Successful search (ES-wcm)        
     8         661         18482.7         5.98702          0.0625      Successful search (ES-wcm)        
     8         663         18468.8         6.75473          0.0625      Successful search (ES-ell)        
     8         715         18468.8         6.75473         0.03125          Refine grid             Train
     9         716         18497.7         6.17216         0.03125      Successful search (ES-ell)        
     9         717         18480.1         8.64849         0.03125      Successful search (ES-wcm)        
     9         752         18459.1         5.83129          0.0625        Successful poll           
    10         757         18454.3         8.04877          0.0625      Successful search (ES-wcm)        
    10         809         18454.3         8.04877         0.03125          Refine grid             Train
    11         810         18480.1         5.26457         0.03125      Successful search (ES-wcm)        
    11         827         18478.2         4.46294         0.03125      Successful search (ES-wcm)        
    11         828         18473.7         6.64753         0.03125      Successful search (ES-wcm)        
    11         840         18472.8          6.9259         0.03125      Successful search (ES-wcm)        
    11         871         18379.4         18.0905          0.0625        Successful poll           
    12         873         18497.9         14.8185          0.0625      Successful search (ES-wcm)        
    12         877         18486.6         6.53408          0.0625      Successful search (ES-wcm)        
    12         882           18481          6.1811          0.0625      Successful search (ES-wcm)        
    12         883         18476.1         8.06674          0.0625      Successful search (ES-wcm)        
    12         892         18466.5         7.64879          0.0625      Successful search (ES-ell)        
    12         893         18448.9         9.37084          0.0625      Successful search (ES-ell)        
    12         894         18437.3         11.3744          0.0625      Successful search (ES-ell)        
    12         895         18429.9         14.0211          0.0625      Successful search (ES-ell)        
    12         945         18429.9         14.0211         0.03125          Refine grid             Train
    13         946         18489.7          6.7416         0.03125      Successful search (ES-ell)        
    13         961         18487.8         6.43666         0.03125      Successful search (ES-wcm)        
    13         966         18486.7         8.00409         0.03125      Successful search (ES-wcm)        
    13         972         18486.4         6.74058         0.03125      Successful search (ES-wcm)        
    13         973         18482.5         6.68833         0.03125      Successful search (ES-ell)        
    13         974         18479.4         6.72371         0.03125      Successful search (ES-ell)        
    13         975         18476.5         7.14855         0.03125      Successful search (ES-ell)        
    13         976         18469.2         10.5236         0.03125      Successful search (ES-ell)        
    13         993         18444.2         5.93502         0.03125      Successful search (ES-wcm)        
    13         995         18438.6         7.57579         0.03125      Successful search (ES-wcm)        
    13         996         18413.3         8.75635         0.03125      Successful search (ES-wcm)        
    13        1050         18413.3         8.75635        0.015625          Refine grid             Train
    14        1051         18480.1         3.32124        0.015625      Successful search (ES-wcm)        
    14        1052         18469.5         5.19697        0.015625      Successful search (ES-wcm)        
    14        1056         18465.2         5.69461        0.015625      Successful search (ES-wcm)        
    14        1066         18464.2           7.008        0.015625      Successful search (ES-wcm)        
    14        1102         18447.7         21.1103         0.03125        Successful poll           Train
    15        1103         18500.1         6.95294         0.03125      Successful search (ES-ell)        
    15        1104         18464.6         10.8217         0.03125      Successful search (ES-ell)        
    15        1160         18464.6         10.8217        0.015625          Refine grid             
    16        1161         18484.2         4.43435        0.015625      Successful search (ES-ell)        
    16        1162         18472.8           6.201        0.015625      Successful search (ES-ell)        
    16        1163         18460.7         9.79089        0.015625      Successful search (ES-ell)        
    16        1167           18460         8.24209        0.015625      Successful search (ES-ell)        
    16        1168           18457         9.82193        0.015625      Successful search (ES-ell)        
    16        1191         18361.5         10.8823         0.03125        Successful poll           
    17        1207         18255.7         10.2549          0.0625        Successful poll           
    18        1250         18433.8         9.37058         0.03125          Refine grid             Train
    19        1293         18468.7         17.0325        0.015625          Refine grid             Train
    20        1294         18479.8          4.6084        0.015625      Successful search (ES-ell)        
    20        1295         18471.8         6.76453        0.015625      Successful search (ES-ell)        
    20        1296         18464.3         10.5711        0.015625      Successful search (ES-ell)        
    20        1300         18464.2         8.36664        0.015625      Successful search (ES-ell)        
    20        1301         18459.6         11.4794        0.015625      Successful search (ES-wcm)        
    20        1351         18459.6         11.4794       0.0078125          Refine grid             Train
    21        1352         18477.5          2.8547       0.0078125      Successful search (ES-wcm)        
    21        1353         18469.7         3.07345       0.0078125      Successful search (ES-wcm)        
    21        1355         18468.9         4.05327       0.0078125      Successful search (ES-wcm)        
    21        1357         18465.1         5.37304       0.0078125      Successful search (ES-wcm)        
    21        1361         18463.3         5.14137       0.0078125      Successful search (ES-ell)        
    21        1362         18462.2         6.04698       0.0078125      Successful search (ES-ell)        
    21        1388         18449.7         14.4514        0.015625        Successful poll           
    22        1389         18470.6         10.0434        0.015625      Successful search (ES-ell)        
    22        1390         18461.3         11.0099        0.015625      Successful search (ES-ell)        
    22        1448         18461.3         11.0099       0.0078125          Refine grid             Train
    23        1449         18475.2         4.25614       0.0078125      Successful search (ES-ell)        
    23        1451         18474.3         5.08219       0.0078125      Successful search (ES-ell)        
    23        1456         18473.8         4.91971       0.0078125      Successful search (ES-ell)        
    23        1457           18473         5.42671       0.0078125      Successful search (ES-ell)        
    23        1462         18472.5         5.18625       0.0078125      Successful search (ES-wcm)        
    23        1471         18471.5         4.55453       0.0078125      Successful search (ES-ell)        
    23        1472         18471.2         4.57218       0.0078125      Successful search (ES-ell)        
    23        1484           18471         4.18449       0.0078125      Successful search (ES-wcm)        
    23        1494         18467.5         4.64768       0.0078125      Successful search (ES-ell)        
    23        1495         18465.9         6.51041       0.0078125      Successful search (ES-ell)        
    23        1553         18465.9         6.51041      0.00390625          Refine grid             
    24        1574         18471.6         4.92803       0.0078125        Successful poll           Train
    25        1575         18462.5         10.9946       0.0078125      Successful search (ES-wcm)        
    25        1579           18460         9.25086       0.0078125      Successful search (ES-wcm)        
    25        1634           18460         9.25086      0.00390625          Refine grid             
    26        1679         18473.8         4.28634       0.0078125        Successful poll           Train
    27        1724           18471         6.49276        0.015625        Successful poll           Train
    28        1769         18465.4         6.21422       0.0078125          Refine grid             Train
    29        1770           18468         10.3202       0.0078125      Successful search (ES-ell)        
    29        1802         18431.3         14.9369        0.015625        Successful poll           Train
    30        1847         18462.6         10.2948       0.0078125          Refine grid             Train
    31        1848           18474         5.40819       0.0078125      Successful search (ES-wcm)        
    31        1851         18473.4         3.25562       0.0078125      Successful search (ES-wcm)        
    31        1854         18468.7         6.56777       0.0078125      Successful search (ES-wcm)        
    31        1855         18468.3         6.69318       0.0078125      Successful search (ES-wcm)        
    31        1867         18466.9          5.1212       0.0078125      Successful search (ES-wcm)        
    31        1879         18464.8         7.35029       0.0078125      Successful search (ES-ell)        
    31        1880         18463.5         10.8837       0.0078125      Successful search (ES-ell)        
    31        1881         18458.8         14.0585       0.0078125      Successful search (ES-ell)        
    31        1882         18453.3         17.1054       0.0078125      Successful search (ES-ell)        
    31        1937         18453.3         17.1054      0.00390625          Refine grid             
    32        1938         18470.3          4.6855      0.00390625      Successful search (ES-ell)        
    32        1939         18467.3         5.90349      0.00390625      Successful search (ES-ell)        
    32        1943         18462.5         6.19974      0.00390625      Successful search (ES-ell)        
    32        1955         18462.5         5.87259      0.00390625      Successful search (ES-ell)        
    32        1956           18462         6.65884      0.00390625      Successful search (ES-ell)        
    32        1957         18460.2         7.99804      0.00390625      Successful search (ES-ell)        
    32        1985         18437.1         26.6174       0.0078125        Successful poll           
    33        2030         18460.1         11.6573      0.00390625          Refine grid             Train
    34        2031         18471.5         4.34672      0.00390625      Successful search (ES-wcm)        
    34        2032         18471.1         6.31432      0.00390625      Successful search (ES-wcm)        
    34        2033         18463.5         8.60826      0.00390625      Successful search (ES-ell)        
    34        2034         18447.5         11.4587      0.00390625      Successful search (ES-ell)        
    34        2090         18447.5         11.4587      0.00195312          Refine grid             
    35        2091         18477.9         3.01421      0.00195312      Successful search (ES-ell)        
    35        2092         18476.3         3.27395      0.00195312      Successful search (ES-ell)        
    35        2093         18473.3         3.88583      0.00195312      Successful search (ES-ell)        
    35        2094         18472.3         4.91881      0.00195312      Successful search (ES-ell)        
    35        2095         18468.9         6.67357      0.00195312      Successful search (ES-ell)        
    35        2096         18462.1         9.23693      0.00195312      Successful search (ES-ell)        
    35        2097         18459.7         11.8764      0.00195312      Successful search (ES-ell)        
bads:es_search: Something went wrong with the acquisition function, random search is performed
bads:es_search: Something went wrong with the acquisition function, random search is performed
Sun Aug  2 12:54:42 2026       
+---------------------------------------------------------------------------------------+
| NVIDIA-SMI 535.113.01             Driver Version: 535.113.01   CUDA Version: 12.2     |
|-----------------------------------------+----------------------+----------------------+
| GPU  Name                 Persistence-M | Bus-Id        Disp.A | Volatile Uncorr. ECC |
| Fan  Temp   Perf          Pwr:Usage/Cap |         Memory-Usage | GPU-Util  Compute M. |
|                                         |                      |               MIG M. |
|=========================================+======================+======================|
|   0  Tesla P100-PCIE-16GB           On  | 00000000:03:00.0 Off |                    0 |
| N/A   30C    P0              30W / 250W |      0MiB / 16384MiB |      0%      Default |
|                                         |                      |                  N/A |
+-----------------------------------------+----------------------+----------------------+
                                                                                         
+---------------------------------------------------------------------------------------+
| Processes:                                                                            |
|  GPU   GI   CI        PID   Type   Process name                            GPU Memory |
|        ID   ID                                                             Usage      |
|=======================================================================================|
|  No running processes found                                                           |
+---------------------------------------------------------------------------------------+
----------------------------------------
Start job epilogue Sun Aug  2 12:54:42 CEST 2026
----------------------------------------
Job ID:          54468017
Job Exit Code:   0:0
Username:        wenlou
Group:           mpla
Queue:           gpu
Compute nodes:   dccn-c043
Asked resources: walltime=1-00:00:00,nodes=1,cpus=8,mem=2G
Used resources:  cputime=1-20:45:36,walltime=05:35:42,memory=0
----------------------------------------
End job epilogue Sun Aug  2 12:54:42 CEST 2026
----------------------------------------
