----------------------------------------
Start task prologue Tue Aug  4 17:07:24 CEST 2026
----------------------------------------
Step ID:         54566238.
Username:        wenlou
Group:           mpla
Asked resources: walltime=1-00:00:00,nodes=1,cpus=8,mem=2G
Queue:           gpu
Compute nodes:   dccn-c077
----------------------------------------
End task prologue Tue Aug  4 17:07:24 CEST 2026
----------------------------------------
CUDA version:
nvcc: NVIDIA (R) Cuda compiler driver
Copyright (c) 2005-2024 NVIDIA Corporation
Built on Thu_Mar_28_02:18:24_PDT_2024
Cuda compilation tools, release 12.4, V12.4.131
Build cuda_12.4.r12.4/compiler.34097967_0

[WARNING] Please note the interface change for (de-)activating conda environment:

  - DO NOT use `conda activate` to enter the conda environment as it requires extra step to modify your ~/.bashrc file, which will force you to use this Anaconda version (2024.06).  Therefore keep using `source activate` instead.

  - DO use `conda deactivate` to leave your conda environment as `source deactivate` will be deprecated in future release.

Running model for expriment=with_dn, m_id=2, method=bads
device is : cuda
['with_dn', '2', '3,5,6,11,15,20', 'bads', '1']

 ------- Start Optimization for Subject 3 ---------- 

 Cross Validation fold 0/1

 -- Start Optimization: method BADS --

 Optimization Run 1/1
Initial params: [1.643, 5.5743, 5.445, 43.1798, 29.5782, 41.2718, 4.9894, 0.2988, 15.1192, 19.6814, 0.5276, 0.4141, 0.1101, 0.2168, 0.7431]
bads:TooCloseBounds: For each variable, hard and plausible bounds should not be too close. Moving plausible bounds.
Variables (index) internally transformed to log coordinates: [[0 0]
 [0 3]
 [0 4]
 [0 6]]
Beginning optimization of a STOCHASTIC objective function

 Iteration    f-count      E[f(x)]        SD[f(x)]           MeshScale          Method              Actions
     0           1         25411.3             nan               1                                  
     0          33         24568.4             nan               1          Initial mesh            Initial points
     0          44         24111.5         1.06334               1        Successful poll           Train
     1          46         24045.5         1.06295               1      Successful search (ES-wcm)        
     1          47         23742.6         1.06336               1      Successful search (ES-wcm)        
     1          58         23674.3         1.03066               1      Successful search (ES-ell)        
     1          59         23584.4         1.02971               1      Successful search (ES-ell)        
     1          86         23486.3        0.965518               1        Successful poll           
     2         123         23444.8         9.49786               1        Successful poll           
     3         125         23418.4         9.29585               1      Successful search (ES-ell)        
     3         128         23414.6         9.00638               1      Successful search (ES-ell)        
     3         130         23364.5         8.75475               1      Successful search (ES-ell)        
     3         131         23219.8         9.27115               1      Successful search (ES-ell)        
     3         134         23142.7         8.88833               1      Successful search (ES-ell)        
     3         136         23112.4         8.86285               1      Successful search (ES-ell)        
     3         137         23107.2         9.27691               1      Successful search (ES-ell)        
     3         141         23075.5          9.0087               1      Successful search (ES-ell)        
     3         144         23067.5          8.5893               1      Successful search (ES-ell)        
     3         145         23046.5         8.76106               1      Successful search (ES-ell)        
     3         191         23046.5         8.76106             0.5          Refine grid             Train
     4         192         23062.5          7.6935             0.5      Successful search (ES-ell)        
     4         193         23015.6         8.86479             0.5      Successful search (ES-ell)        
     4         195         22978.7         8.58259             0.5      Successful search (ES-ell)        
     4         197         22941.2         8.84636             0.5      Successful search (ES-ell)        
     4         202         22940.9         7.87144             0.5      Incremental search (ES-ell)        
     4         204         22900.1         8.58414             0.5      Successful search (ES-ell)        
     4         208         22897.6         8.43079             0.5      Successful search (ES-ell)        
     4         223         22888.6         6.16342             0.5      Successful search (ES-ell)        
     4         239         22885.8         5.52639             0.5      Successful search (ES-ell)        
     4         247         22885.5         2.88107             0.5      Incremental search (ES-ell)        
     4         248         22882.2         3.28492             0.5      Successful search (ES-ell)        
     4         249         22880.9         4.25429             0.5      Successful search (ES-ell)        
     4         251         22879.5         5.01312             0.5      Successful search (ES-wcm)        
     4         292         22873.8         8.89969               1        Successful poll           
     5         302         22874.3         8.55534               1      Incremental search (ES-wcm)        
     5         303         22873.4         7.50084               1      Incremental search (ES-ell)        
     5         304         22872.9         8.17485               1      Incremental search (ES-ell)        
     5         329           22868         5.58525               1        Successful poll           
     6         368         22868.9         5.44677             0.5          Refine grid             
     7         371         22870.2         5.33247             0.5      Successful search (ES-ell)        
     7         372         22867.1         8.89332             0.5      Successful search (ES-wcm)        
     7         379         22855.6         6.98506             0.5      Successful search (ES-wcm)        
     7         424         22855.6         6.98506            0.25          Refine grid             Train
     8         427         22812.6         3.72293            0.25      Successful search (ES-wcm)        
     8         428         22801.8         5.73457            0.25      Successful search (ES-wcm)        
     8         482         22801.8         5.73457           0.125          Refine grid             
     9         483         22872.7         6.97108           0.125      Successful search (ES-wcm)        
     9         485         22866.8         7.03704           0.125      Successful search (ES-wcm)        
     9         486         22861.4         6.61683           0.125      Successful search (ES-wcm)        
     9         520         22798.6         9.56889            0.25        Successful poll           
    10         561         22790.6         9.54279             0.5        Successful poll           
    11         602           22790         9.06833            0.25          Refine grid             
    12         605           22819         3.16923            0.25      Successful search (ES-wcm)        
    12         660           22819         3.16923           0.125          Refine grid             Train
    13         661         22832.1         3.09547           0.125      Successful search (ES-wcm)        
    13         718         22832.1         3.09547          0.0625          Refine grid             
    14         761         22849.7         4.72634        0.015625          Refine grid             
    15         762         22783.5         4.88061        0.015625      Successful search (ES-wcm)        
    15         763         22778.4         5.19506        0.015625      Successful search (ES-wcm)        
    15         764           22776           5.415        0.015625      Successful search (ES-wcm)        
    15         765         22774.8         5.13255        0.015625      Successful search (ES-wcm)        
    15         819         22774.8         5.13255       0.0078125          Refine grid             Train
    16         820         22785.4         1.49792       0.0078125      Successful search (ES-wcm)        
    16         821         22783.8         1.50483       0.0078125      Successful search (ES-wcm)        
    16         822         22782.3          1.7324       0.0078125      Successful search (ES-wcm)        
    16         823         22780.6         2.25532       0.0078125      Successful search (ES-wcm)        
    16         824         22778.2         2.95915       0.0078125      Successful search (ES-wcm)        
    16         877         22778.2         2.95915      0.00390625          Refine grid             Train
    17         878         22786.8         1.36833      0.00390625      Successful search (ES-wcm)        
    17         879         22786.5         1.37796      0.00390625      Successful search (ES-wcm)        
    17         880           22785         1.54407      0.00390625      Successful search (ES-wcm)        
    17         881         22783.8         1.85673      0.00390625      Successful search (ES-wcm)        
    17         882         22781.4         2.52016      0.00390625      Successful search (ES-wcm)        
    17         886         22780.2         2.25745      0.00390625      Successful search (ES-ell)        
    17         937         22780.2         2.25745      0.00195312          Refine grid             
    18         938         22786.1         1.24717      0.00195312      Successful search (ES-wcm)        
    18         939         22785.5         1.28854      0.00195312      Successful search (ES-ell)        
    18         940         22784.5         1.42392      0.00195312      Successful search (ES-ell)        
    18         941         22783.3         1.64403      0.00195312      Successful search (ES-ell)        
    18         942         22781.8         2.04147      0.00195312      Successful search (ES-ell)        
    18         943         22780.5         2.72045      0.00195312      Successful search (ES-ell)        
    18         944         22779.2         3.86174      0.00195312      Successful search (ES-ell)        
    18         945         22776.6         4.52658      0.00195312      Successful search (ES-ell)        
    18         946         22773.3         6.02263      0.00195312      Successful search (ES-ell)        
    18         997         22773.3         6.02263     0.000976562          Refine grid             
Optimization terminated: change in the function value less than options['tol_mesh']
Estimated function value at minimum: 22784.20460046429 ± 0.8810748384332368 (mean ± SEM from 100 samples)
BADS minimum at: x_min = [ 1.4741  6.6621  8.1359  0.0911  0.9156 -4.1382  2.9907  0.5003  8.2748
 13.4793  0.569   0.3854  0.346   0.1931 -0.2634], training NLL = 22784.2046
total f-count: 1097, time: 47.26 min

 ------- Finish Optimization for Subject 3 ---------- 

 ------- Start Optimization for Subject 5 ---------- 

 Cross Validation fold 0/1

 -- Start Optimization: method BADS --

 Optimization Run 1/1
Initial params: [1.0386, 7.4105, 13.9238, 5.4378, 7.9444, 12.5429, 0.394, 0.2428, 21.5146, 23.4093, 0.7806, 0.6524, 0.231, 0.1601, 1.4066]
bads:TooCloseBounds: For each variable, hard and plausible bounds should not be too close. Moving plausible bounds.
Variables (index) internally transformed to log coordinates: [[0 0]
 [0 3]
 [0 4]
 [0 6]]
Beginning optimization of a STOCHASTIC objective function

 Iteration    f-count      E[f(x)]        SD[f(x)]           MeshScale          Method              Actions
     0           1         25625.7             nan               1                                  
     0          33           24861             nan               1          Initial mesh            Initial points
     0          48         24659.8         1.00175               1        Successful poll           Train
     1          50         24436.4         1.00159               1      Successful search (ES-wcm)        
     1          52         24341.8         1.00138               1      Successful search (ES-wcm)        
     1          56         24315.1         1.00098               1      Successful search (ES-wcm)        
     1          60         24156.2        0.998223               1      Successful search (ES-wcm)        
     1          61         24071.4        0.998333               1      Successful search (ES-wcm)        
     1          65         24037.1        0.964852               1      Successful search (ES-wcm)        
     1          68         24007.8        0.964655               1      Successful search (ES-wcm)        
     1          70           23998        0.964609               1      Successful search (ES-wcm)        
     1          77         23989.1        0.942242               1      Successful search (ES-wcm)        
     1          87         23975.7        0.885288               1      Successful search (ES-wcm)        
     1          91           23975         0.58275               1      Incremental search (ES-wcm)        
     1         125         23938.5         9.18412               1        Successful poll           
     2         127         23929.6         7.78407               1      Successful search (ES-ell)        
     2         129         23887.6         7.55186               1      Successful search (ES-ell)        
     2         133         23887.6         6.11735               1      Incremental search (ES-ell)        
     2         134         23876.2         8.16551               1      Successful search (ES-ell)        
     2         136         23853.8         7.95493               1      Successful search (ES-ell)        
     2         139         23843.1         7.46327               1      Successful search (ES-ell)        
     2         145         23827.8         5.97832               1      Successful search (ES-ell)        
     2         146         23750.2         8.93315               1      Successful search (ES-wcm)        
     2         150         23742.2         8.19926               1      Successful search (ES-wcm)        
     2         192         23742.2         8.19926             0.5          Refine grid             Train
     3         193         23762.6          7.9525             0.5      Successful search (ES-ell)        
     3         210         23758.7         4.68823             0.5      Successful search (ES-wcm)        
     3         213         23756.4         5.49414             0.5      Successful search (ES-wcm)        
     3         215         23754.5         5.78677             0.5      Successful search (ES-wcm)        
     3         217         23751.2         7.33018             0.5      Successful search (ES-wcm)        
     3         264         23751.2         7.33018            0.25          Refine grid             
     4         265         23750.7         6.13419            0.25      Successful search (ES-wcm)        
     4         267         23749.6          6.0954            0.25      Successful search (ES-wcm)        
     4         269           23741           5.549            0.25      Successful search (ES-ell)        
     4         270         23738.7         6.69581            0.25      Successful search (ES-ell)        
     4         271         23731.6         7.80156            0.25      Successful search (ES-ell)        
     4         321         23731.6         7.80156           0.125          Refine grid             
     5         322         23734.8         2.13367           0.125      Successful search (ES-ell)        
     5         323         23730.4         3.32688           0.125      Successful search (ES-ell)        
     5         378         23730.4         3.32688          0.0625          Refine grid             
     6         379         23735.5         1.53153          0.0625      Successful search (ES-ell)        
     6         380         23732.2         2.29365          0.0625      Successful search (ES-ell)        
     6         381         23726.3         3.64444          0.0625      Successful search (ES-ell)        
     6         382           23724         4.75954          0.0625      Successful search (ES-ell)        
     6         383         23723.9         5.72375          0.0625      Successful search (ES-ell)        
     6         437         23723.9         5.72375         0.03125          Refine grid             Train
     7         438         23735.6         1.20285         0.03125      Successful search (ES-ell)        
     7         439         23734.4         1.26998         0.03125      Successful search (ES-ell)        
     7         440           23733         1.28689         0.03125      Successful search (ES-wcm)        
     7         441         23731.5          1.5184         0.03125      Successful search (ES-wcm)        
     7         442         23729.4         1.98586         0.03125      Successful search (ES-wcm)        
     7         496         23729.4         1.98586        0.015625          Refine grid             Train
     8         497         23734.8         1.01832        0.015625      Successful search (ES-wcm)        
     8         498         23733.3         1.07486        0.015625      Successful search (ES-wcm)        
     8         499         23731.1         1.20525        0.015625      Successful search (ES-wcm)        
     8         502           23731         1.29674        0.015625      Successful search (ES-wcm)        
     8         503         23728.7         1.55897        0.015625      Successful search (ES-wcm)        
     8         504         23726.3         1.99471        0.015625      Successful search (ES-wcm)        
     8         505         23724.9         2.16261        0.015625      Successful search (ES-ell)        
     8         506         23721.2           2.567        0.015625      Successful search (ES-ell)        
     8         507         23717.8         3.21073        0.015625      Successful search (ES-ell)        
     8         545         23715.4         4.13985         0.03125        Successful poll           
     9         546         23733.2         1.00977         0.03125      Successful search (ES-ell)        
     9         547         23728.8         1.38268         0.03125      Successful search (ES-ell)        
     9         549         23726.2         1.78707         0.03125      Successful search (ES-ell)        
     9         550         23722.6         2.45355         0.03125      Successful search (ES-ell)        
     9         551         23717.8         3.34001         0.03125      Successful search (ES-ell)        
     9         605         23717.8         3.34001        0.015625          Refine grid             
    10         606         23732.5         1.02878        0.015625      Successful search (ES-wcm)        
    10         607         23731.4         1.11402        0.015625      Successful search (ES-wcm)        
    10         608         23729.7         1.28605        0.015625      Successful search (ES-wcm)        
    10         609         23727.2         1.61969        0.015625      Successful search (ES-wcm)        
    10         610         23726.4         2.11732        0.015625      Successful search (ES-wcm)        
    10         611         23721.9         2.80021        0.015625      Successful search (ES-wcm)        
    10         664         23721.9         2.80021       0.0078125          Refine grid             Train
    11         665         23729.9         1.14405       0.0078125      Successful search (ES-wcm)        
    11         666           23728         1.09805       0.0078125      Successful search (ES-wcm)        
    11         667         23725.9         1.12264       0.0078125      Successful search (ES-wcm)        
    11         668         23720.8         1.18757       0.0078125      Successful search (ES-ell)        
    11         669         23715.4         1.31357       0.0078125      Successful search (ES-ell)        
    11         670         23707.4         1.69816       0.0078125      Successful search (ES-ell)        
    11         671         23701.9         2.25467       0.0078125      Successful search (ES-ell)        
    11         722         23701.9         2.25467      0.00390625          Refine grid             Train
    12         723         23733.6        0.927554      0.00390625      Successful search (ES-ell)        
    12         724         23733.3        0.951726      0.00390625      Successful search (ES-ell)        
    12         725         23733.1        0.984157      0.00390625      Successful search (ES-ell)        
    12         726         23732.6         1.06606      0.00390625      Successful search (ES-ell)        
    12         727         23731.4         1.18557      0.00390625      Successful search (ES-ell)        
    12         728         23730.1         1.52482      0.00390625      Successful search (ES-ell)        
    12         729           23729         2.10726      0.00390625      Successful search (ES-ell)        
    12         730         23727.7         2.79021      0.00390625      Successful search (ES-ell)        
    12         732         23727.3         2.97007      0.00390625      Successful search (ES-ell)        
    12         733         23724.5         3.47243      0.00390625      Successful search (ES-ell)        
    12         734         23723.3         3.98748      0.00390625      Successful search (ES-ell)        
    12         782         23723.3         3.98748      0.00195312          Refine grid             
    13         783           23725         1.22863      0.00195312      Successful search (ES-ell)        
    13         784         23724.8         1.22767      0.00195312      Successful search (ES-ell)        
    13         842         23724.6         1.75211      0.00390625        Successful poll           
    14         887         23724.3         1.68478      0.00195312          Refine grid             Train
    15         888           23725         1.06426      0.00195312      Successful search (ES-wcm)        
    15         889         23724.8         1.13806      0.00195312      Successful search (ES-wcm)        
    15         890         23724.5          1.2564      0.00195312      Successful search (ES-wcm)        
    15         891           23724         1.31768      0.00195312      Successful search (ES-ell)        
    15         892         23723.6         1.41651      0.00195312      Successful search (ES-ell)        
    15         893         23723.3         1.63844      0.00195312      Successful search (ES-ell)        
    15         894         23721.7         2.53385      0.00195312      Successful search (ES-wcm)        
    15         895         23720.1         3.81604      0.00195312      Successful search (ES-wcm)        
    15         947         23720.1         3.81604     0.000976562          Refine grid             
Optimization terminated: change in the function value less than options['tol_mesh']
Estimated function value at minimum: 23725.374391037738 ± 1.0150719273627957 (mean ± SEM from 100 samples)
BADS minimum at: x_min = [ 2.79280e+00  3.13450e+00  4.18790e+00  4.02000e-02  3.12310e+00
 -9.92674e+01  1.00000e-04  1.93000e-01  7.51740e+00  1.21094e+01
  4.85900e-01  3.85000e-01  2.77600e-01  1.61800e-01  2.50000e-02], training NLL = 23725.3744
total f-count: 1047, time: 45.04 min

 ------- Finish Optimization for Subject 5 ---------- 

 ------- Start Optimization for Subject 6 ---------- 

 Cross Validation fold 0/1

 -- Start Optimization: method BADS --

 Optimization Run 1/1
Initial params: [0.8375, 3.8491, 2.0094, 8.5581, 16.8693, -7.8455, 3.6078, 0.5746, 20.5657, 22.4098, 0.4868, 0.2127, 0.1437, 0.2393, 0.9696]
bads:TooCloseBounds: For each variable, hard and plausible bounds should not be too close. Moving plausible bounds.
Variables (index) internally transformed to log coordinates: [[0 0]
 [0 3]
 [0 4]
 [0 6]]
Beginning optimization of a STOCHASTIC objective function

 Iteration    f-count      E[f(x)]        SD[f(x)]           MeshScale          Method              Actions
     0           1         25327.5             nan               1                                  
     0          33           24557             nan               1          Initial mesh            Initial points
     0          50           23753         1.00159               1        Successful poll           Train
     1          55           23219        0.998378               1      Successful search (ES-wcm)        
     1          59         22680.8        0.989273               1      Successful search (ES-wcm)        
     1          60         22292.4        0.984209               1      Successful search (ES-wcm)        
     1          63         22173.8        0.971574               1      Successful search (ES-wcm)        
     1          71         22019.9        0.927819               1      Successful search (ES-wcm)        
     1          76         22009.2        0.927568               1      Successful search (ES-wcm)        
     1          77         22006.6        0.920869               1      Successful search (ES-ell)        
     1          78         21809.6        0.927905               1      Successful search (ES-wcm)        
     1          82         21583.6        0.928057               1      Successful search (ES-wcm)        
     1          90         21577.8         0.92295               1      Successful search (ES-ell)        
     1          96         21539.2        0.946101               1      Successful search (ES-wcm)        
     1          97         21396.9        0.946106               1      Successful search (ES-wcm)        
     1          99         21135.2        0.946105               1      Successful search (ES-wcm)        
     1         103         21000.7        0.946095               1      Successful search (ES-wcm)        
     1         105         20658.4          0.9461               1      Successful search (ES-wcm)        
     1         106         20418.3        0.946096               1      Successful search (ES-wcm)        
     1         116         20333.9        0.945882               1      Successful search (ES-wcm)        
     1         122           20219        0.945005               1      Successful search (ES-wcm)        
     1         128         20145.7         24.2024               1      Successful search (ES-wcm)        
     1         129         20087.7         27.0338               1      Successful search (ES-wcm)        
     1         133         20076.3         26.5359               1      Successful search (ES-wcm)        
     1         136         19994.7         23.0131               1      Successful search (ES-wcm)        
     1         143         19947.9         26.5679               1      Successful search (ES-wcm)        
     1         159         19896.1         1.00357               1      Successful search (ES-wcm)        
     1         166         19804.9         1.00349               1      Successful search (ES-wcm)        
     1         168         19791.4         1.00356               1      Successful search (ES-wcm)        
     1         172         19688.7         1.00357               1      Successful search (ES-wcm)        
     1         173         19654.3         1.00357               1      Successful search (ES-wcm)        
     1         189         19620.9         1.14969               1      Successful search (ES-wcm)        
     1         196         19495.1         1.14971               1      Successful search (ES-wcm)        
     1         200         19412.2         1.14961               1      Successful search (ES-wcm)        
     1         211           19371         1.14962               1      Successful search (ES-wcm)        
     1         212         19306.8         1.14942               1      Successful search (ES-wcm)        
     1         222         19281.5         1.14963               1      Successful search (ES-wcm)        
     1         230         19275.5         1.14522               1      Successful search (ES-wcm)        
     1         241         19268.9         1.14636               1      Successful search (ES-wcm)        
     1         242         19259.6           1.148               1      Successful search (ES-wcm)        
     1         283         19259.6           1.148             0.5          Refine grid             Train
     2         285         19252.4         39.2229             0.5      Successful search (ES-wcm)        
     2         292         19203.4          29.669             0.5      Successful search (ES-ell)        
     2         293         19182.7         29.5836             0.5      Successful search (ES-ell)        
     2         342         19182.7         29.5836            0.25          Refine grid             
     3         345         19198.7         18.5956            0.25      Successful search (ES-ell)        
     3         346         19185.1         29.1516            0.25      Successful search (ES-ell)        
     3         347         19175.1         32.3056            0.25      Successful search (ES-ell)        
     3         356         19165.6         20.8747            0.25      Successful search (ES-wcm)        
     3         357         19149.8         27.2519            0.25      Successful search (ES-wcm)        
     3         364         19142.1         20.0472            0.25      Successful search (ES-wcm)        
     3         365         19054.7         27.5263            0.25      Successful search (ES-wcm)        
     3         376         19043.2         22.2069            0.25      Successful search (ES-ell)        
     3         377         18994.9         26.9694            0.25      Successful search (ES-ell)        
     3         431         18994.9         26.9694           0.125          Refine grid             Train
     4         432         18979.1         18.8357           0.125      Successful search (ES-ell)        
     4         448         18962.2         13.3375           0.125      Successful search (ES-ell)        
     4         451         18948.9         14.8102           0.125      Successful search (ES-ell)        
     4         452         18935.2         20.2834           0.125      Successful search (ES-ell)        
     4         456         18931.2         19.6282           0.125      Successful search (ES-wcm)        
     4         457         18927.3         20.4915           0.125      Successful search (ES-ell)        
     4         458         18895.4         23.8745           0.125      Successful search (ES-ell)        
     4         506         18895.4         23.8745          0.0625          Refine grid             Train
     5         507         18873.9         14.7477          0.0625      Successful search (ES-ell)        
     5         508         18839.7         22.9916          0.0625      Successful search (ES-ell)        
     5         566         18839.7         22.9916         0.03125          Refine grid             
     6         567         18843.9         7.79076         0.03125      Successful search (ES-ell)        
     6         568           18834         12.4131         0.03125      Successful search (ES-ell)        
     6         583         18831.4          11.301         0.03125      Successful search (ES-wcm)        
     6         585         18822.3         13.7004         0.03125      Successful search (ES-wcm)        
     6         597         18812.2         19.0725         0.03125      Successful search (ES-wcm)        
     6         600         18805.9         16.5399         0.03125      Successful search (ES-wcm)        
     6         601         18770.8         23.4564         0.03125      Successful search (ES-wcm)        
     6         656         18756.3         24.0108          0.0625        Successful poll           
     7         701         18730.9         16.5478           0.125        Successful poll           
     8         746         18735.3         14.3675          0.0625          Refine grid             Train
     9         747         18773.8         9.55284          0.0625      Successful search (ES-ell)        
     9         762         18769.7         7.74883          0.0625      Successful search (ES-ell)        
     9         763         18768.9         13.8381          0.0625      Successful search (ES-ell)        
     9         821         18768.9         13.8381         0.03125          Refine grid             
    10         822         18765.7         4.76432         0.03125      Successful search (ES-ell)        
    10         823         18750.7         7.38455         0.03125      Successful search (ES-ell)        
    10         881         18750.7         7.38455        0.015625          Refine grid             Train
    11         882         18744.1          7.2137        0.015625      Successful search (ES-wcm)        
    11         883         18713.8         10.9967        0.015625      Successful search (ES-wcm)        
    11         884           18702         14.4496        0.015625      Successful search (ES-wcm)        
    11         885         18691.3         14.2899        0.015625      Successful search (ES-wcm)        
    11         941         18691.3         14.2899       0.0078125          Refine grid             Train
    12         942         18763.7         5.32071       0.0078125      Successful search (ES-wcm)        
    12         943           18748         6.47337       0.0078125      Successful search (ES-wcm)        
    12         944         18737.4         7.26498       0.0078125      Successful search (ES-wcm)        
    12         945         18697.7         11.3836       0.0078125      Successful search (ES-wcm)        
    12         973         18676.7         6.70639        0.015625        Successful poll           Train
    13         974         18780.6         12.6107        0.015625      Successful search (ES-wcm)        
    13         976         18776.1         9.93071        0.015625      Successful search (ES-wcm)        
    13         984         18769.2         7.43829        0.015625      Successful search (ES-wcm)        
    13         992         18768.3         5.87466        0.015625      Successful search (ES-ell)        
    13         993         18763.1         5.95616        0.015625      Successful search (ES-ell)        
    13         994         18756.3         6.57192        0.015625      Successful search (ES-ell)        
    13         995         18748.2         7.09071        0.015625      Successful search (ES-ell)        
    13         996         18740.2          8.7186        0.015625      Successful search (ES-ell)        
    13         997         18727.3         10.7589        0.015625      Successful search (ES-ell)        
    13         998         18725.5         9.87805        0.015625      Successful search (ES-ell)        
    13         999         18717.6         11.7834        0.015625      Successful search (ES-ell)        
    13        1048         18717.6         11.7834       0.0078125          Refine grid             
    14        1049         18771.9         4.06343       0.0078125      Successful search (ES-ell)        
    14        1050         18759.1         5.00549       0.0078125      Successful search (ES-ell)        
    14        1051         18747.8          6.1573       0.0078125      Successful search (ES-ell)        
    14        1052         18729.8         6.67819       0.0078125      Successful search (ES-ell)        
    14        1053           18708         9.30592       0.0078125      Successful search (ES-ell)        
    14        1108           18708         9.30592      0.00390625          Refine grid             
    15        1109         18785.9         3.45438      0.00390625      Successful search (ES-ell)        
    15        1110         18781.8         3.92957      0.00390625      Successful search (ES-ell)        
    15        1111         18777.8         5.00791      0.00390625      Successful search (ES-ell)        
    15        1112         18775.1         6.85197      0.00390625      Successful search (ES-ell)        
    15        1113         18770.4         8.66381      0.00390625      Successful search (ES-ell)        
    15        1168         18770.4         8.66381      0.00195312          Refine grid             
    16        1169         18777.3         5.50452      0.00195312      Successful search (ES-ell)        
    16        1170         18774.3         5.51421      0.00195312      Successful search (ES-ell)        
    16        1171         18772.9         5.72422      0.00195312      Successful search (ES-ell)        
    16        1201           18767         19.0682      0.00390625        Successful poll           Train
    17        1202         18772.8         7.60295      0.00390625      Successful search (ES-wcm)        
    17        1203         18768.9         8.81925      0.00390625      Successful search (ES-wcm)        
    17        1204         18759.8         8.65529      0.00390625      Successful search (ES-ell)        
    17        1205         18752.3         8.72254      0.00390625      Successful search (ES-ell)        
    17        1206         18736.8         8.73534      0.00390625      Successful search (ES-ell)        
    17        1207         18715.7         9.38513      0.00390625      Successful search (ES-ell)        
    17        1208         18703.6         11.2267      0.00390625      Successful search (ES-ell)        
    17        1261         18703.6         11.2267      0.00195312          Refine grid             
    18        1262           18776          3.4647      0.00195312      Successful search (ES-ell)        
    18        1263         18774.5         3.44366      0.00195312      Successful search (ES-ell)        
    18        1264         18773.4         3.66076      0.00195312      Successful search (ES-ell)        
    18        1265         18771.4         4.12546      0.00195312      Successful search (ES-ell)        
    18        1266         18768.7         5.07831      0.00195312      Successful search (ES-ell)        
    18        1267         18763.7          6.8244      0.00195312      Successful search (ES-ell)        
    18        1268         18761.6         9.04164      0.00195312      Successful search (ES-ell)        
    18        1269         18761.5         11.2802      0.00195312      Successful search (ES-ell)        
    18        1293         18761.4         5.84047      0.00390625        Successful poll           
    19        1294         18756.5         5.86456      0.00390625      Successful search (ES-ell)        
    19        1295         18756.3         6.13363      0.00390625      Successful search (ES-wcm)        
    19        1296         18754.4         7.81264      0.00390625      Successful search (ES-wcm)        
    19        1325         18740.5         6.31793       0.0078125        Successful poll           
    20        1370         18740.5         6.31795      0.00390625          Refine grid             Train
    21        1371         18776.1         3.79795      0.00390625      Successful search (ES-wcm)        
    21        1430         18776.1         3.79795      0.00195312          Refine grid             Train
    22        1431         18761.3         5.72518      0.00195312      Successful search (ES-wcm)        
    22        1432         18758.9         5.89071      0.00195312      Successful search (ES-ell)        
    22        1433         18757.6         6.08547      0.00195312      Successful search (ES-ell)        
    22        1434         18752.4         6.51927      0.00195312      Successful search (ES-ell)        
    22        1436         18750.3          6.6149      0.00195312      Successful search (ES-ell)        
    22        1438         18749.4         7.22353      0.00195312      Successful search (ES-wcm)        
    22        1439         18747.4         7.73788      0.00195312      Successful search (ES-ell)        
    22        1440         18745.8          8.3186      0.00195312      Successful search (ES-ell)        
    22        1441         18740.6         9.63746      0.00195312      Successful search (ES-ell)        
    22        1490         18740.6         9.63746     0.000976562          Refine grid             
Optimization terminated: change in the function value less than options['tol_mesh']
Estimated function value at minimum: 18765.279444263877 ± 2.6802418575062315 (mean ± SEM from 100 samples)
BADS minimum at: x_min = [ 0.1174  5.5113  6.5199  7.3297  1.3613  5.4429  0.32    0.1101  9.5055
 12.0101  0.244   0.4072  0.2718  0.2339  0.3776], training NLL = 18765.2794
total f-count: 1590, time: 69.02 min

 ------- Finish Optimization for Subject 6 ---------- 

 ------- Start Optimization for Subject 11 ---------- 

 Cross Validation fold 0/1

 -- Start Optimization: method BADS --

 Optimization Run 1/1
Initial params: [0.2937, 8.4509, 4.562, 25.6719, 10.8066, -30.1956, 0.5004, 0.2134, 23.044, 17.4867, 0.694, 0.3616, 0.2844, 0.1851, -0.4016]
bads:TooCloseBounds: For each variable, hard and plausible bounds should not be too close. Moving plausible bounds.
Variables (index) internally transformed to log coordinates: [[0 0]
 [0 3]
 [0 4]
 [0 6]]
Beginning optimization of a STOCHASTIC objective function

 Iteration    f-count      E[f(x)]        SD[f(x)]           MeshScale          Method              Actions
     0           1         25397.7             nan               1                                  
     0          33         24777.9             nan               1          Initial mesh            Initial points
     0          56         24618.4        0.998248               1        Successful poll           Train
     1          63           24607        0.993622               1      Successful search (ES-wcm)        
     1          65         24565.8        0.873496               1      Successful search (ES-wcm)        
     1          67         24565.4        0.873659               1      Incremental search (ES-wcm)        
     1          68         24554.5         0.86971               1      Successful search (ES-ell)        
     1          69           24544        0.870545               1      Successful search (ES-ell)        
     1          72         24524.1        0.874041               1      Successful search (ES-ell)        
     1          73         24506.5        0.874334               1      Successful search (ES-ell)        
     1          76         24499.3        0.874005               1      Successful search (ES-ell)        
     1          83         24478.3        0.848448               1      Successful search (ES-ell)        
     1          90         24453.8        0.872643               1      Successful search (ES-wcm)        
     1          95         24451.1        0.771426               1      Successful search (ES-wcm)        
     1         106         24450.4         8.28797               1      Incremental search (ES-wcm)        
     1         110         24450.2         7.45553               1      Incremental search (ES-ell)        
     1         114         24444.7         5.96083               1      Successful search (ES-wcm)        
     1         118         24440.9         8.11874               1      Successful search (ES-wcm)        
     1         158         24423.6         9.25549               1        Successful poll           Train
     2         163         24417.6         6.30381               1      Successful search (ES-ell)        
     2         164         24402.1         6.70506               1      Successful search (ES-ell)        
     2         176         24397.5         6.94008               1      Successful search (ES-ell)        
     2         192         24391.3         6.34052               1      Successful search (ES-ell)        
     2         242         24391.3         6.34052             0.5          Refine grid             
     3         243         24398.2         6.56662             0.5      Successful search (ES-ell)        
     3         247           24390         3.53819             0.5      Successful search (ES-wcm)        
     3         299           24390         3.53819            0.25          Refine grid             
     4         300         24394.1         4.07508            0.25      Successful search (ES-ell)        
     4         341         24391.4         8.11018             0.5        Successful poll           Train
     5         342         24390.1         5.21745             0.5      Successful search (ES-ell)        
     5         343         24390.1         6.49476             0.5      Incremental search (ES-ell)        
     5         347         24387.1         5.74438             0.5      Successful search (ES-ell)        
     5         350           24387          5.9424             0.5      Incremental search (ES-ell)        
     5         400           24387          5.9424            0.25          Refine grid             
     6         402         24367.1         3.35605            0.25      Successful search (ES-wcm)        
     6         460         24367.1         3.35605           0.125          Refine grid             Train
     7         480         24364.4         5.03634            0.25        Successful poll           Train
     8         481         24362.6         4.57952            0.25      Successful search (ES-ell)        
     8         482         24361.4         4.98246            0.25      Successful search (ES-ell)        
     8         540         24361.4         4.98246           0.125          Refine grid             
     9         541         24365.4         3.55523           0.125      Successful search (ES-ell)        
     9         542         24358.3         3.72814           0.125      Successful search (ES-ell)        
     9         600         24358.3         3.72814          0.0625          Refine grid             
    10         601         24372.1         1.31065          0.0625      Successful search (ES-ell)        
    10         602         24367.4         1.81484          0.0625      Successful search (ES-ell)        
    10         603         24362.5         2.63995          0.0625      Successful search (ES-ell)        
    10         604         24358.8         3.09897          0.0625      Successful search (ES-ell)        
    10         660         24358.8         3.09897         0.03125          Refine grid             Train
    11         661         24368.3         1.04347         0.03125      Successful search (ES-ell)        
    11         662         24365.5         1.22192         0.03125      Successful search (ES-ell)        
    11         663         24361.3         1.58925         0.03125      Successful search (ES-ell)        
    11         664         24354.9          2.0482         0.03125      Successful search (ES-ell)        
    11         665         24350.1         2.77925         0.03125      Successful search (ES-ell)        
    11         720         24350.1         2.77925        0.015625          Refine grid             Train
    12         721           24359        0.962423        0.015625      Successful search (ES-ell)        
    12         722         24357.8          1.0314        0.015625      Successful search (ES-ell)        
    12         723         24355.5         1.21754        0.015625      Successful search (ES-ell)        
    12         724         24353.2         1.55983        0.015625      Successful search (ES-ell)        
    12         725         24347.4         2.29988        0.015625      Successful search (ES-ell)        
    12         726         24346.3         3.02166        0.015625      Successful search (ES-ell)        
    12         727           24346          3.4106        0.015625      Successful search (ES-ell)        
    12         780           24346          3.4106       0.0078125          Refine grid             
    13         781         24360.3        0.934021       0.0078125      Successful search (ES-ell)        
    13         782         24359.4        0.981722       0.0078125      Successful search (ES-ell)        
    13         783         24357.9         1.10122       0.0078125      Successful search (ES-ell)        
    13         840         24356.5         1.04468        0.015625        Successful poll           
    14         841           24359        0.965791        0.015625      Successful search (ES-ell)        
    14         842         24357.8         1.44917        0.015625      Successful search (ES-ell)        
    14         843         24355.5          2.0586        0.015625      Successful search (ES-wcm)        
    14         900         24355.5          2.0586       0.0078125          Refine grid             
    15         901           24360        0.812058       0.0078125      Successful search (ES-wcm)        
    15         902         24359.3         1.18181       0.0078125      Successful search (ES-wcm)        
    15         903           24359         1.94855       0.0078125      Successful search (ES-wcm)        
    15         933         24354.5         5.25381        0.015625        Successful poll           
    16         934           24358         3.56001        0.015625      Successful search (ES-ell)        
    16         935         24354.2         3.25245        0.015625      Successful search (ES-ell)        
    16         937         24353.5         2.42274        0.015625      Successful search (ES-wcm)        
    16         938         24347.8         2.69224        0.015625      Successful search (ES-ell)        
    16         939           24347         3.33334        0.015625      Successful search (ES-ell)        
    16         967         24345.6          2.3988         0.03125        Successful poll           
    17         968         24355.2         2.82872         0.03125      Successful search (ES-ell)        
    17         969         24352.5         3.59339         0.03125      Successful search (ES-ell)        
    17         970         24350.9         4.52309         0.03125      Successful search (ES-ell)        
    17        1027         24350.9         4.52309        0.015625          Refine grid             Train
    18        1028           24353        0.981406        0.015625      Successful search (ES-ell)        
    18        1029         24350.4          1.2086        0.015625      Successful search (ES-ell)        
    18        1030         24346.2         1.56533        0.015625      Successful search (ES-ell)        
    18        1031         24341.4         1.91293        0.015625      Successful search (ES-ell)        
    18        1032         24338.8         2.60807        0.015625      Successful search (ES-ell)        
    18        1033         24335.2         3.19778        0.015625      Successful search (ES-ell)        
    18        1087         24335.2         3.19778       0.0078125          Refine grid             
    19        1088         24343.6        0.939561       0.0078125      Successful search (ES-wcm)        
    19        1089         24342.9         1.01279       0.0078125      Successful search (ES-wcm)        
    19        1090           24342         1.17878       0.0078125      Successful search (ES-wcm)        
    19        1091         24341.2         1.40492       0.0078125      Successful search (ES-wcm)        
    19        1122         24340.3         1.22891        0.015625        Successful poll           
    20        1167         24340.3         1.22395       0.0078125          Refine grid             Train
    21        1168         24348.5        0.619759       0.0078125      Successful search (ES-wcm)        
    21        1169         24348.1        0.624519       0.0078125      Successful search (ES-wcm)        
    21        1170         24347.5        0.650506       0.0078125      Successful search (ES-wcm)        
    21        1171         24345.4        0.949538       0.0078125      Successful search (ES-ell)        
    21        1172         24343.2         1.65261       0.0078125      Successful search (ES-ell)        
    21        1173         24339.5         2.56011       0.0078125      Successful search (ES-wcm)        
    21        1174         24338.6         3.88782       0.0078125      Successful search (ES-wcm)        
    21        1227         24338.6         3.88782      0.00390625          Refine grid             
    22        1228           24345        0.758333      0.00390625      Successful search (ES-wcm)        
    22        1229         24344.6        0.800213      0.00390625      Successful search (ES-wcm)        
    22        1230         24344.2        0.876802      0.00390625      Successful search (ES-wcm)        
    22        1231         24343.3           1.008      0.00390625      Successful search (ES-wcm)        
    22        1232         24342.9         1.20174      0.00390625      Successful search (ES-wcm)        
    22        1287         24342.9         1.20174      0.00195312          Refine grid             
    23        1288         24346.3         0.51983      0.00195312      Successful search (ES-ell)        
    23        1289         24346.1        0.528358      0.00195312      Successful search (ES-ell)        
    23        1290           24346         0.56977      0.00195312      Successful search (ES-ell)        
    23        1291         24345.8        0.636011      0.00195312      Successful search (ES-ell)        
    23        1292         24345.4        0.753612      0.00195312      Successful search (ES-ell)        
    23        1293         24345.4        0.942572      0.00195312      Successful search (ES-ell)        
    23        1294         24344.7         1.23156      0.00195312      Successful search (ES-ell)        
    23        1295         24343.3         1.61624      0.00195312      Successful search (ES-ell)        
    23        1296         24341.3         2.30344      0.00195312      Successful search (ES-ell)        
    23        1297         24340.4         2.95824      0.00195312      Successful search (ES-ell)        
    23        1298         24339.4          3.7126      0.00195312      Successful search (ES-ell)        
    23        1347         24338.4         2.12787      0.00390625        Successful poll           
    24        1348         24337.9          1.6463      0.00390625      Successful search (ES-ell)        
    24        1349         24337.1         1.65742      0.00390625      Successful search (ES-ell)        
    24        1350           24337         1.75434      0.00390625      Successful search (ES-ell)        
    24        1351         24335.7         2.03377      0.00390625      Successful search (ES-wcm)        
    24        1352         24334.2         2.29362      0.00390625      Successful search (ES-ell)        
    24        1353         24333.3         2.74646      0.00390625      Successful search (ES-ell)        
    24        1407         24333.3         2.74646      0.00195312          Refine grid             Train
    25        1408           24341        0.832204      0.00195312      Successful search (ES-wcm)        
    25        1409         24340.8        0.840552      0.00195312      Successful search (ES-ell)        
    25        1410         24340.5        0.862816      0.00195312      Successful search (ES-ell)        
    25        1411         24340.1        0.925294      0.00195312      Successful search (ES-ell)        
    25        1412         24339.5         1.09147      0.00195312      Successful search (ES-ell)        
    25        1413         24338.8         1.37215      0.00195312      Successful search (ES-ell)        
    25        1414         24337.7         1.68548      0.00195312      Successful search (ES-ell)        
    25        1415         24337.2         2.08549      0.00195312      Successful search (ES-ell)        
    25        1467         24337.2         2.08549     0.000976562          Refine grid             
Optimization terminated: change in the function value less than options['tol_mesh']
Estimated function value at minimum: 24339.729265944305 ± 0.5766605778610717 (mean ± SEM from 100 samples)
BADS minimum at: x_min = [  1.0216   6.4066   9.6927   0.3588   1.0189 -63.8796   2.513    0.3302
  22.8341  24.5403   0.3198   0.3626   0.1795   0.1425  -1.8542], training NLL = 24339.7293
total f-count: 1567, time: 67.19 min

 ------- Finish Optimization for Subject 11 ---------- 

 ------- Start Optimization for Subject 15 ---------- 

 Cross Validation fold 0/1

 -- Start Optimization: method BADS --

 Optimization Run 1/1
Initial params: [0.2127, 5.759, 10.3766, 38.3784, 24.2072, 33.2273, 4.3377, 0.2388, 25.9026, 22.623, 0.6332, 0.8675, 0.2075, 0.1326, -0.1501]
bads:TooCloseBounds: For each variable, hard and plausible bounds should not be too close. Moving plausible bounds.
Variables (index) internally transformed to log coordinates: [[0 0]
 [0 3]
 [0 4]
 [0 6]]
Beginning optimization of a STOCHASTIC objective function

 Iteration    f-count      E[f(x)]        SD[f(x)]           MeshScale          Method              Actions
     0           1         23830.8             nan               1                                  
     0          33         22428.1             nan               1          Initial mesh            Initial points
     0          36         21066.3         1.00001               1        Successful poll           Train
     1          39         21012.5        0.999977               1      Successful search (ES-wcm)        
     1          43         20945.4        0.999677               1      Successful search (ES-wcm)        
     1          47         20860.8         0.99838               1      Successful search (ES-wcm)        
     1          49         20845.8        0.997419               1      Successful search (ES-wcm)        
     1          65         20838.1         4.90859               1      Successful search (ES-wcm)        
     1          66           20826         5.98206               1      Successful search (ES-wcm)        
     1          96         20796.7         7.54274               1        Successful poll           Train
     2          99         20628.2         12.6474               1      Successful search (ES-wcm)        
     2         102           20615         12.6881               1      Successful search (ES-wcm)        
     2         103         20560.1         12.4972               1      Successful search (ES-ell)        
     2         104         20546.6         12.5903               1      Successful search (ES-ell)        
     2         110         20513.5         11.0268               1      Successful search (ES-ell)        
     2         111         20493.6         11.5258               1      Successful search (ES-ell)        
     2         114         20294.2          11.857               1      Successful search (ES-ell)        
     2         116         20293.3         12.1225               1      Incremental search (ES-ell)        
     2         120         20282.2          11.431               1      Successful search (ES-ell)        
     2         130         20181.5          11.387               1      Successful search (ES-ell)        
     2         134         20139.5         10.1045               1      Successful search (ES-ell)        
     2         137         20131.3         8.52657               1      Successful search (ES-ell)        
     2         138         20112.8         9.76531               1      Successful search (ES-ell)        
     2         145           20102         12.0914               1      Successful search (ES-wcm)        
     2         148         20000.9         12.1423               1      Successful search (ES-wcm)        
     2         160         20000.8         12.4014               1      Incremental search (ES-wcm)        
     2         164           19985          11.557               1      Successful search (ES-wcm)        
     2         166         19946.7         12.8937               1      Successful search (ES-wcm)        
     2         170         19924.3         11.1949               1      Successful search (ES-wcm)        
     2         178           19916         10.5569               1      Successful search (ES-ell)        
     2         190         19901.6         13.6322               1      Successful search (ES-ell)        
     2         191         19901.5         15.2659               1      Incremental search (ES-ell)        
     2         194         19881.1         14.5971               1      Successful search (ES-ell)        
     2         198         19871.7         10.7701               1      Successful search (ES-ell)        
     2         199         19867.6         14.3151               1      Successful search (ES-ell)        
     2         206           19865         11.2476               1      Successful search (ES-ell)        
     2         209         19859.3         9.52736               1      Successful search (ES-ell)        
     2         212         19856.9         6.35445               1      Successful search (ES-ell)        
     2         253         19842.1         14.5792               1        Successful poll           Train
     3         260         19830.6         14.4438               1      Successful search (ES-wcm)        
     3         267         19745.5         8.44841               1      Successful search (ES-wcm)        
     3         268         19706.9         8.61575               1      Successful search (ES-wcm)        
     3         273         19666.5         10.4397               1      Successful search (ES-wcm)        
     3         276         19650.7         9.44618               1      Successful search (ES-wcm)        
     3         288         19578.7         8.62556               1      Successful search (ES-wcm)        
     3         289         19322.1         10.0598               1      Successful search (ES-ell)        
     3         291         19155.7         10.2074               1      Successful search (ES-ell)        
     3         334         19155.7         10.2074             0.5          Refine grid             
     4         335         19667.3         10.4185             0.5      Successful search (ES-ell)        
     4         338         19644.6         8.62521             0.5      Successful search (ES-ell)        
     4         340         19587.1         8.43014             0.5      Successful search (ES-wcm)        
     4         389         19587.1         8.43014            0.25          Refine grid             Train
     5         390         19736.6         8.16411            0.25      Successful search (ES-wcm)        
     5         391         19688.5         10.6028            0.25      Successful search (ES-wcm)        
     5         446         19688.5         10.6028           0.125          Refine grid             
     6         447           19798         6.75312           0.125      Successful search (ES-wcm)        
     6         448         19794.5         10.0724           0.125      Successful search (ES-wcm)        
     6         449         19785.6         10.3848           0.125      Successful search (ES-wcm)        
     6         451         19761.8         7.99769           0.125      Successful search (ES-wcm)        
     6         452         19757.8         11.1799           0.125      Successful search (ES-ell)        
     6         503         19757.8         11.1799          0.0625          Refine grid             
     7         504         19848.7         11.5525          0.0625      Successful search (ES-ell)        
     7         505         19837.5         12.1499          0.0625      Successful search (ES-ell)        
     7         540         19807.2         9.35279           0.125        Successful poll           
     8         542         19799.1         7.69227           0.125      Successful search (ES-ell)        
     8         544         19790.1         5.74359           0.125      Successful search (ES-wcm)        
     8         545         19761.4         7.01387           0.125      Successful search (ES-wcm)        
     8         546         19747.3         9.42344           0.125      Successful search (ES-wcm)        
     8         598         19747.3         9.42344          0.0625          Refine grid             
     9         599         19776.3         3.40662          0.0625      Successful search (ES-ell)        
     9         600         19685.6         4.45304          0.0625      Successful search (ES-ell)        
     9         655         19685.6         4.45304         0.03125          Refine grid             Train
    10         656         19818.8         3.48979         0.03125      Successful search (ES-ell)        
    10         657         19759.9         3.67197         0.03125      Successful search (ES-ell)        
    10         658         19689.3         4.38784         0.03125      Successful search (ES-ell)        
    10         659         19665.2         4.30401         0.03125      Successful search (ES-wcm)        
    10         660         19580.5         5.66868         0.03125      Successful search (ES-ell)        
    10         712         19580.5         5.66868        0.015625          Refine grid             
    11         713         19807.8         1.98591        0.015625      Successful search (ES-ell)        
    11         714         19787.3         2.09705        0.015625      Successful search (ES-ell)        
    11         715         19762.7         2.55449        0.015625      Successful search (ES-ell)        
    11         716         19728.4         3.05436        0.015625      Successful search (ES-ell)        
    11         769         19728.4         3.05436       0.0078125          Refine grid             
    12         770         19846.4         1.52758       0.0078125      Successful search (ES-ell)        
    12         771         19841.9          1.6041       0.0078125      Successful search (ES-ell)        
    12         772         19836.1         1.71307       0.0078125      Successful search (ES-ell)        
    12         773         19828.9         1.99726       0.0078125      Successful search (ES-wcm)        
    12         774         19819.8         2.26227       0.0078125      Successful search (ES-wcm)        
    12         775         19806.8         2.97609       0.0078125      Successful search (ES-wcm)        
    12         776         19800.4           4.274       0.0078125      Successful search (ES-wcm)        
    12         777         19792.1         5.60157       0.0078125      Successful search (ES-wcm)        
    12         778         19789.1          7.1354       0.0078125      Successful search (ES-wcm)        
    12         826         19789.1          7.1354      0.00390625          Refine grid             
    13         827           19838          2.0559      0.00390625      Successful search (ES-wcm)        
    13         828         19837.4         2.03455      0.00390625      Successful search (ES-wcm)        
    13         829         19836.3         2.03216      0.00390625      Successful search (ES-wcm)        
    13         830         19836.3         2.10367      0.00390625      Successful search (ES-wcm)        
    13         831         19835.4         2.23156      0.00390625      Successful search (ES-wcm)        
    13         832         19834.1         2.34294      0.00390625      Successful search (ES-wcm)        
    13         833         19832.4         2.98327      0.00390625      Successful search (ES-ell)        
    13         834         19829.6         5.00377      0.00390625      Successful search (ES-ell)        
    13         835         19824.9         6.49769      0.00390625      Successful search (ES-ell)        
    13         836         19824.2         7.87773      0.00390625      Successful search (ES-ell)        
    13         885         19824.2         7.87773      0.00195312          Refine grid             Train
    14         886         19836.8         1.80766      0.00195312      Successful search (ES-ell)        
    14         910         19836.8         1.53071      0.00195312      Successful search (ES-ell)        
    14         911         19836.8         1.52183      0.00195312      Successful search (ES-ell)        
    14         912         19836.6         1.51261      0.00195312      Successful search (ES-ell)        
    14         913         19836.4         1.50368      0.00195312      Successful search (ES-wcm)        
    14         914         19836.3         1.49745      0.00195312      Successful search (ES-wcm)        
    14         926         19836.3         1.40071      0.00195312      Successful search (ES-ell)        
    14         929         19836.2         1.37943      0.00195312      Successful search (ES-wcm)        
    14         930         19836.2         1.37263      0.00195312      Successful search (ES-ell)        
    14         931         19836.1         1.37577      0.00195312      Successful search (ES-ell)        
    14         932         19835.9         1.37962      0.00195312      Successful search (ES-ell)        
    14         933         19835.6         1.39292      0.00195312      Successful search (ES-ell)        
    14         934         19835.4         1.44337      0.00195312      Successful search (ES-ell)        
    14         935         19834.6         1.50729      0.00195312      Successful search (ES-ell)        
    14         936           19834         1.70468      0.00195312      Successful search (ES-ell)        
    14         937         19833.3         1.98428      0.00195312      Successful search (ES-ell)        
    14         940         19833.2         2.14343      0.00195312      Successful search (ES-ell)        
    14         941         19831.9         2.55157      0.00195312      Successful search (ES-ell)        
    14         942         19830.5          3.1159      0.00195312      Successful search (ES-ell)        
    14         943         19829.6          4.0179      0.00195312      Successful search (ES-ell)        
    14         990         19828.2         1.99318      0.00390625        Successful poll           
    15         991         19828.8         1.91934      0.00390625      Successful search (ES-ell)        
    15         992         19828.4         1.99104      0.00390625      Successful search (ES-ell)        
    15         993         19828.1         2.10806      0.00390625      Successful search (ES-ell)        
    15         994         19827.7         2.29198      0.00390625      Successful search (ES-ell)        
    15         995         19827.3         2.57549      0.00390625      Successful search (ES-ell)        
    15         996         19826.7         3.16462      0.00390625      Successful search (ES-ell)        
    15         998         19826.7         3.81971      0.00390625      Successful search (ES-ell)        
    15        1050         19826.7         3.81971      0.00195312          Refine grid             Train
    16        1051         19830.2         1.59463      0.00195312      Successful search (ES-ell)        
    16        1053         19830.2         1.62251      0.00195312      Successful search (ES-wcm)        
    16        1055         19830.2         1.66023      0.00195312      Successful search (ES-wcm)        
    16        1056         19829.9         1.72229      0.00195312      Successful search (ES-wcm)        
    16        1057         19829.2         1.84681      0.00195312      Successful search (ES-wcm)        
    16        1058         19828.3         2.00034      0.00195312      Successful search (ES-wcm)        
    16        1059         19827.9         2.21512      0.00195312      Successful search (ES-wcm)        
    16        1060         19826.8         2.58917      0.00195312      Successful search (ES-wcm)        
    16        1061           19826         3.08442      0.00195312      Successful search (ES-wcm)        
    16        1062         19822.7         3.89187      0.00195312      Successful search (ES-wcm)        
    16        1063         19822.3         4.83132      0.00195312      Successful search (ES-wcm)        
    16        1108         19822.3         4.83132     0.000976562          Refine grid             Train
Optimization terminated: change in the function value less than options['tol_mesh']
Estimated function value at minimum: 19828.8999514519 ± 1.3577925420750483 (mean ± SEM from 100 samples)
BADS minimum at: x_min = [ 1.48020e+00  4.04270e+00  5.15720e+00  9.32000e-02  3.68090e+00
 -9.97209e+01  2.76000e-02  1.25900e-01  5.23450e+00  1.89273e+01
  7.38500e-01  3.25500e-01  2.64400e-01  2.52600e-01  4.47100e-01], training NLL = 19828.9
total f-count: 1208, time: 52.44 min

 ------- Finish Optimization for Subject 15 ---------- 

 ------- Start Optimization for Subject 20 ---------- 

 Cross Validation fold 0/1

 -- Start Optimization: method BADS --

 Optimization Run 1/1
Initial params: [0.8702, 4.0688, 3.5407, 24.7759, 11.667, -5.3342, 0.2635, 0.2388, 23.3719, 26.9444, 0.8939, 0.6261, 0.2056, 0.1743, -0.1204]
bads:TooCloseBounds: For each variable, hard and plausible bounds should not be too close. Moving plausible bounds.
Variables (index) internally transformed to log coordinates: [[0 0]
 [0 3]
 [0 4]
 [0 6]]
Beginning optimization of a STOCHASTIC objective function

 Iteration    f-count      E[f(x)]        SD[f(x)]           MeshScale          Method              Actions
     0           1           25017             nan               1                                  
     0          33         24696.8             nan               1          Initial mesh            Initial points
     0          34         24684.5        0.981993               1        Successful poll           Train
     1          35         24329.4        0.981983               1      Successful search (ES-wcm)        
     1          41         24286.5        0.979017               1      Successful search (ES-wcm)        
     1          42         24244.1         0.98087               1      Successful search (ES-wcm)        
     1          49         24225.5        0.911402               1      Successful search (ES-wcm)        
     1          57         24212.9        0.918551               1      Successful search (ES-wcm)        
     1          58         24198.3        0.954294               1      Successful search (ES-wcm)        
     1          60         24195.9        0.865631               1      Successful search (ES-wcm)        
     1          68         24157.3        0.949688               1      Successful search (ES-wcm)        
     1          71         24142.6        0.949771               1      Successful search (ES-wcm)        
     1          75         24117.5         0.94977               1      Successful search (ES-wcm)        
     1          77         24103.7        0.949712               1      Successful search (ES-wcm)        
     1          78         24099.6        0.949709               1      Successful search (ES-wcm)        
     1          81         24071.8        0.949713               1      Successful search (ES-wcm)        
     1          82         24047.4        0.949826               1      Successful search (ES-ell)        
     1          84           24040        0.949822               1      Successful search (ES-ell)        
     1          85         24032.9        0.949834               1      Successful search (ES-ell)        
     1          86         23969.8        0.949788               1      Successful search (ES-ell)        
     1          95         23962.8        0.949728               1      Successful search (ES-ell)        
     1          98         23952.5         5.00312               1      Successful search (ES-ell)        
     1         101         23941.8         5.05535               1      Successful search (ES-wcm)        
     1         102         23917.1         5.04091               1      Successful search (ES-wcm)        
     1         108         23889.4         4.99997               1      Successful search (ES-wcm)        
     1         111           23852         5.03245               1      Successful search (ES-ell)        
     1         113         23847.8         5.06394               1      Successful search (ES-ell)        
     1         120           23844         4.13518               1      Successful search (ES-ell)        
     1         121         23843.8         4.35756               1      Incremental search (ES-ell)        
     1         122         23843.4         4.89027               1      Incremental search (ES-ell)        
     1         127         23841.1         9.31536               1      Successful search (ES-ell)        
     1         145         23837.3         5.38447               1      Successful search (ES-wcm)        
     1         147         23833.3         5.57262               1      Successful search (ES-ell)        
     1         159         23832.9         3.60331               1      Incremental search (ES-ell)        
     1         161         23827.3         5.12723               1      Successful search (ES-ell)        
     1         162         23819.9         6.10252               1      Successful search (ES-ell)        
     1         163         23635.2         8.01061               1      Successful search (ES-wcm)        
     1         172           23159         6.66486               1      Successful search (ES-ell)        
     1         185         22577.7         7.57714               1      Successful search (ES-ell)        
     1         191         22346.6         1.02355               1      Successful search (ES-ell)        
     1         196         22294.5         1.00203               1      Successful search (ES-ell)        
     1         197         22267.5          1.0191               1      Successful search (ES-ell)        
     1         201         22227.2         1.02498               1      Successful search (ES-wcm)        
     1         204         22219.5         1.02466               1      Successful search (ES-ell)        
     1         207         21982.1         1.02304               1      Successful search (ES-ell)        
     1         214         21970.9        0.968771               1      Successful search (ES-ell)        
     1         223         21964.9         1.02363               1      Successful search (ES-wcm)        
     1         230         21812.5         1.02174               1      Successful search (ES-ell)        
     1         249         21748.4         1.01679               1      Successful search (ES-ell)        
     1         250         21741.2         1.00768               1      Successful search (ES-wcm)        
     1         253         21665.6        0.996051               1      Successful search (ES-ell)        
     1         256         21578.1        0.987266               1      Successful search (ES-ell)        
     1         265         21540.2         33.7776               1      Successful search (ES-ell)        
     1         266         21257.3          57.141               1      Successful search (ES-wcm)        
     1         269           21225          48.821               1      Successful search (ES-wcm)        
     1         271         21213.1         41.2954               1      Successful search (ES-wcm)        
     1         273         21112.2          49.572               1      Successful search (ES-wcm)        
     1         274         21087.8          49.946               1      Successful search (ES-ell)        
     1         276         20991.3          46.399               1      Successful search (ES-wcm)        
     1         277         20773.3         57.5263               1      Successful search (ES-wcm)        
     1         278         20687.4         53.6984               1      Successful search (ES-wcm)        
     1         280         20682.5         53.7626               1      Successful search (ES-wcm)        
     1         284         20600.5         51.0225               1      Successful search (ES-wcm)        
     1         288         20472.6         45.6281               1      Successful search (ES-wcm)        
     1         290           20379         54.7731               1      Successful search (ES-wcm)        
     1         294         20347.9          33.954               1      Successful search (ES-wcm)        
     1         295           20187         47.6392               1      Successful search (ES-wcm)        
     1         296         20001.7         53.6681               1      Successful search (ES-wcm)        
     1         299         19961.5         53.8216               1      Successful search (ES-wcm)        
     1         301         19681.3         53.4061               1      Successful search (ES-wcm)        
     1         302           19620         55.1893               1      Successful search (ES-wcm)        
     1         310         19369.6         52.1919               1      Successful search (ES-wcm)        
     1         312         19345.6         40.5878               1      Successful search (ES-wcm)        
     1         313         19306.4         43.0518               1      Successful search (ES-wcm)        
     1         314         19273.8         41.7185               1      Successful search (ES-wcm)        
     1         318         19250.2          31.252               1      Successful search (ES-wcm)        
     1         319         19203.8         37.2233               1      Successful search (ES-wcm)        
     1         322         19114.4         47.7368               1      Successful search (ES-ell)        
     1         326         19106.5         35.8661               1      Successful search (ES-ell)        
     1         327         19059.9          37.859               1      Successful search (ES-ell)        
     1         328         19029.3         41.7857               1      Successful search (ES-ell)        
     1         330         19013.1          40.071               1      Successful search (ES-ell)        
     1         341         18985.6         32.3719               1      Successful search (ES-ell)        
     1         343         18982.2         30.3097               1      Successful search (ES-ell)        
     1         344         18977.8         39.2996               1      Successful search (ES-ell)        
     1         352         18896.2         46.1546               1      Successful search (ES-ell)        
     1         403         18896.2         46.1546             0.5          Refine grid             
     2         404         18830.2         33.4947             0.5      Successful search (ES-ell)        
     2         419         18745.5         36.6402             0.5      Successful search (ES-ell)        
     2         435         18704.9         36.4362             0.5      Successful search (ES-ell)        
     2         437         18701.6         34.1191             0.5      Successful search (ES-ell)        
     2         441         18692.3         25.7794             0.5      Successful search (ES-ell)        
     2         443           18649         26.6034             0.5      Successful search (ES-ell)        
     2         444         18570.4         33.6567             0.5      Successful search (ES-ell)        
     2         483         18565.3         15.4112               1        Successful poll           Train
     3         486         18487.2         25.4342               1      Successful search (ES-ell)        
     3         489         18436.1         24.8529               1      Successful search (ES-ell)        
     3         490         18321.6         25.7966               1      Successful search (ES-ell)        
     3         496         18183.8         26.0539               1      Successful search (ES-wcm)        
     3         502         18087.7         26.0991               1      Successful search (ES-wcm)        
     3         505         18050.3         25.7634               1      Successful search (ES-ell)        
     3         511           18046         23.8017               1      Successful search (ES-wcm)        
     3         513         17964.1         25.1132               1      Successful search (ES-wcm)        
     3         518         17833.9         26.0534               1      Successful search (ES-wcm)        
     3         519         17699.5         26.1784               1      Successful search (ES-wcm)        
     3         565         17699.5         26.1784             0.5          Refine grid             Train
     4         571         17726.8         23.6153             0.5      Successful search (ES-wcm)        
     4         573         17706.6         23.0293             0.5      Successful search (ES-ell)        
     4         574         17693.4         26.1242             0.5      Successful search (ES-ell)        
     4         578         17690.4         17.9039             0.5      Successful search (ES-ell)        
     4         579         17657.5         22.4094             0.5      Successful search (ES-ell)        
     4         585         17655.7          18.753             0.5      Successful search (ES-ell)        
     4         586         17646.5         27.7542             0.5      Successful search (ES-ell)        
     4         600         17578.2         32.6856             0.5      Successful search (ES-wcm)        
     4         654         17578.2         32.6856            0.25          Refine grid             Train
     5         657         17592.5         25.6121            0.25      Successful search (ES-wcm)        
     5         660         17542.9         25.6446            0.25      Successful search (ES-wcm)        
     5         663           17534          26.343            0.25      Successful search (ES-wcm)        
     5         676         17531.6         17.2445            0.25      Successful search (ES-wcm)        
     5         677         17513.9         21.3569            0.25      Successful search (ES-wcm)        
     5         678         17474.8         24.1715            0.25      Successful search (ES-wcm)        
     5         681         17459.5         21.6409            0.25      Successful search (ES-wcm)        
     5         728         17459.5         21.6409           0.125          Refine grid             Train
     6         732         17497.7         10.7521           0.125      Successful search (ES-wcm)        
     6         736         17493.9         7.58181           0.125      Successful search (ES-wcm)        
     6         739         17493.4         9.75509           0.125      Successful search (ES-wcm)        
     6         742         17492.3         7.66559           0.125      Successful search (ES-wcm)        
     6         743         17491.5         9.02006           0.125      Successful search (ES-wcm)        
     6         788         17491.5         9.02006          0.0625          Refine grid             Train
     7         791         17502.5         7.52888          0.0625      Successful search (ES-wcm)        
     7         804         17497.7         9.36948          0.0625      Successful search (ES-wcm)        
     7         863         17497.7         9.36948         0.03125          Refine grid             Train
     8         864         17506.2         5.14741         0.03125      Successful search (ES-ell)        
     8         865         17498.7         8.92815         0.03125      Successful search (ES-ell)        
     8         866         17494.8         17.6418         0.03125      Successful search (ES-wcm)        
     8         867         17484.6         17.9346         0.03125      Successful search (ES-ell)        
     8         923         17484.6         17.9346        0.015625          Refine grid             
     9         924         17501.8         3.60977        0.015625      Successful search (ES-ell)        
     9         925         17500.1         4.16446        0.015625      Successful search (ES-wcm)        
     9         926         17496.9         6.01217        0.015625      Successful search (ES-wcm)        
     9         927         17496.6         11.6543        0.015625      Successful search (ES-wcm)        
     9         928         17486.7         12.4869        0.015625      Successful search (ES-ell)        
     9         929         17475.4         14.3835        0.015625      Successful search (ES-ell)        
     9         954         17468.4         12.1796         0.03125        Successful poll           
    10         955         17504.7         4.04497         0.03125      Successful search (ES-ell)        
    10         956         17498.1         5.67456         0.03125      Successful search (ES-ell)        
    10         957         17491.6          9.1701         0.03125      Successful search (ES-ell)        
    10         958         17484.2         13.6214         0.03125      Successful search (ES-ell)        
    10        1014         17484.2         13.6214        0.015625          Refine grid             
    11        1059         17497.5         3.64179       0.0078125          Refine grid             
    12        1060         17499.5         6.54986       0.0078125      Successful search (ES-ell)        
    12        1061         17493.9         7.59438       0.0078125      Successful search (ES-ell)        
    12        1062         17491.6         9.34023       0.0078125      Successful search (ES-ell)        
    12        1119         17491.6         9.34023      0.00390625          Refine grid             
    13        1164         17402.7         13.2014      0.00195312          Refine grid             Train
    14        1165         17500.7         5.83535      0.00195312      Successful search (ES-ell)        
    14        1166         17500.3         5.94451      0.00195312      Successful search (ES-ell)        
    14        1167         17497.2         6.44445      0.00195312      Successful search (ES-ell)        
    14        1224         17497.2         6.44445     0.000976562          Refine grid             
Optimization terminated: change in the function value less than options['tol_mesh']
Estimated function value at minimum: 17500.891470017028 ± 2.790216188016175 (mean ± SEM from 100 samples)
BADS minimum at: x_min = [ 0.656   3.0603  5.3984  8.1039  1.1377  5.5356  4.7344  0.2405 39.9896
 10.4024  0.5131  0.4977  0.1771  0.1071  1.0003], training NLL = 17500.8915
total f-count: 1324, time: 57.56 min

 ------- Finish Optimization for Subject 20 ---------- 
Tue Aug  4 22:46:04 2026       
+---------------------------------------------------------------------------------------+
| NVIDIA-SMI 535.113.01             Driver Version: 535.113.01   CUDA Version: 12.2     |
|-----------------------------------------+----------------------+----------------------+
| GPU  Name                 Persistence-M | Bus-Id        Disp.A | Volatile Uncorr. ECC |
| Fan  Temp   Perf          Pwr:Usage/Cap |         Memory-Usage | GPU-Util  Compute M. |
|                                         |                      |               MIG M. |
|=========================================+======================+======================|
|   0  NVIDIA A100-PCIE-40GB          On  | 00000000:E2:00.0 Off |                    0 |
| N/A   37C    P0              35W / 250W |      4MiB / 40960MiB |      0%      Default |
|                                         |                      |             Disabled |
+-----------------------------------------+----------------------+----------------------+
                                                                                         
+---------------------------------------------------------------------------------------+
| Processes:                                                                            |
|  GPU   GI   CI        PID   Type   Process name                            GPU Memory |
|        ID   ID                                                             Usage      |
|=======================================================================================|
|  No running processes found                                                           |
+---------------------------------------------------------------------------------------+
----------------------------------------
Start job epilogue Tue Aug  4 22:46:05 CEST 2026
----------------------------------------
Job ID:          54566238
Job Exit Code:   0:0
Username:        wenlou
Group:           mpla
Queue:           gpu
Compute nodes:   dccn-c077
Asked resources: walltime=1-00:00:00,nodes=1,cpus=8,mem=2G
Used resources:  cputime=1-21:09:28,walltime=05:38:41,memory=0
----------------------------------------
End job epilogue Tue Aug  4 22:46:05 CEST 2026
----------------------------------------
