----------------------------------------
Start task prologue Thu Jul  2 11:01:58 CEST 2026
----------------------------------------
Step ID:         54054777.
Username:        wenlou
Group:           mpla
Asked resources: walltime=1-00:00:00,nodes=1,cpus=8,mem=2G
Queue:           gpu
Compute nodes:   dccn-c083
----------------------------------------
End task prologue Thu Jul  2 11:01:58 CEST 2026
----------------------------------------
CUDA version:
nvcc: NVIDIA (R) Cuda compiler driver
Copyright (c) 2005-2024 NVIDIA Corporation
Built on Thu_Mar_28_02:18:24_PDT_2024
Cuda compilation tools, release 12.4, V12.4.131
Build cuda_12.4.r12.4/compiler.34097967_0

[WARNING] Please note the interface change for (de-)activating conda environment:

  - DO NOT use `conda activate` to enter the conda environment as it requires extra step to modify your ~/.bashrc file, which will force you to use this Anaconda version (2024.06).  Therefore keep using `source activate` instead.

  - DO use `conda deactivate` to leave your conda environment as `source deactivate` will be deprecated in future release.

Running model for expriment=with_dn, m_id=2, method=bads
device is : cuda
['with_dn', '2', 'all', 'bads', '2']

 ------- Start Optimization for Subject 2 ---------- 

 Cross Validation fold 0/1

 -- Start Optimization: method BADS --

 Optimization Run 1/2
Initial params: [0.699, 7.6073, 6.7772, 16.2475, 4.7472, 19.5567, 0.6994, 0.133, 19.7303, 20.0004, 0.5762, 0.1375, 0.2201, 0.2385, 0.9954]
bads:TooCloseBounds: For each variable, hard and plausible bounds should not be too close. Moving plausible bounds.
Variables (index) internally transformed to log coordinates: [[0 0]
 [0 3]
 [0 5]
 [0 6]]
Beginning optimization of a STOCHASTIC objective function

 Iteration    f-count      E[f(x)]        SD[f(x)]           MeshScale          Method              Actions
     0           1         26131.6             nan               1                                  
     0          33         24531.5             nan               1          Initial mesh            Initial points
     0          34         24527.8        0.988204               1        Successful poll           Train
     1          38         24379.9        0.988178               1      Successful search (ES-wcm)        
     1          41         24200.5        0.988001               1      Successful search (ES-wcm)        
     1          44           24157        0.987484               1      Successful search (ES-wcm)        
     1          47         24145.5        0.986618               1      Successful search (ES-wcm)        
     1          48         24007.5        0.987745               1      Successful search (ES-ell)        
     1          49         23804.8         0.98785               1      Successful search (ES-ell)        
     1          54         23370.2         0.98798               1      Successful search (ES-ell)        
     1          62           23365        0.818016               1      Successful search (ES-ell)        
     1          64         23308.2        0.878907               1      Successful search (ES-ell)        
     1          93         23279.5         1.01892               1        Successful poll           
     2          96           23180         9.11628               1      Successful search (ES-ell)        
     2          97         22973.5          9.2666               1      Successful search (ES-ell)        
     2          98         22887.3         9.31735               1      Successful search (ES-ell)        
     2         100         22638.9         9.33456               1      Successful search (ES-ell)        
     2         101         22491.6         9.35293               1      Successful search (ES-ell)        
     2         102         22302.5         9.35408               1      Successful search (ES-ell)        
     2         106         22221.8         9.31638               1      Successful search (ES-ell)        
     2         107         22218.3         9.24056               1      Successful search (ES-ell)        
     2         108         22186.3         9.33133               1      Successful search (ES-wcm)        
     2         144         22078.4         21.1725               1        Successful poll           Train
     3         151         22068.2         13.6789               1      Successful search (ES-ell)        
     3         152         22051.1         20.9999               1      Successful search (ES-wcm)        
     3         153         21962.9          20.791               1      Successful search (ES-wcm)        
     3         156         21873.5         20.8171               1      Successful search (ES-wcm)        
     3         158         21806.3         22.7972               1      Successful search (ES-wcm)        
     3         163           21788         22.3325               1      Successful search (ES-wcm)        
     3         166         21742.4         20.5406               1      Successful search (ES-ell)        
     3         169         21735.7         16.4595               1      Successful search (ES-ell)        
     3         209         21734.6         18.3456               1        Successful poll           Train
     4         211         21687.1         22.4697               1      Successful search (ES-ell)        
     4         213         21624.3         20.1677               1      Successful search (ES-ell)        
     4         214         21422.8         23.6211               1      Successful search (ES-ell)        
     4         217         21262.3         23.7617               1      Successful search (ES-ell)        
     4         219         21149.5         24.3123               1      Successful search (ES-ell)        
     4         221         21059.9         25.4117               1      Successful search (ES-wcm)        
     4         222         20854.4         25.2245               1      Successful search (ES-wcm)        
     4         223         20739.8         25.0144               1      Successful search (ES-wcm)        
     4         224         20668.5         25.3226               1      Successful search (ES-wcm)        
     4         227           20496          25.191               1      Successful search (ES-wcm)        
     4         229         20456.4         24.2305               1      Successful search (ES-ell)        
     4         234         20432.9          17.511               1      Successful search (ES-ell)        
     4         237         20405.1         15.3487               1      Successful search (ES-ell)        
     4         238         20350.8         18.2149               1      Successful search (ES-ell)        
     4         239         20310.5         21.2475               1      Successful search (ES-ell)        
     4         272         20306.8         17.9168               1        Successful poll           Train
Thu Jul  2 11:13:54 2026       
+---------------------------------------------------------------------------------------+
| NVIDIA-SMI 535.113.01             Driver Version: 535.113.01   CUDA Version: 12.2     |
|-----------------------------------------+----------------------+----------------------+
| GPU  Name                 Persistence-M | Bus-Id        Disp.A | Volatile Uncorr. ECC |
| Fan  Temp   Perf          Pwr:Usage/Cap |         Memory-Usage | GPU-Util  Compute M. |
|                                         |                      |               MIG M. |
|=========================================+======================+======================|
|   0  NVIDIA A100-SXM4-40GB          On  | 00000000:81:00.0 Off |                    0 |
| N/A   28C    P0              57W / 400W |      2MiB / 40960MiB |      0%      Default |
|                                         |                      |             Disabled |
+-----------------------------------------+----------------------+----------------------+
                                                                                         
+---------------------------------------------------------------------------------------+
| Processes:                                                                            |
|  GPU   GI   CI        PID   Type   Process name                            GPU Memory |
|        ID   ID                                                             Usage      |
|=======================================================================================|
|  No running processes found                                                           |
+---------------------------------------------------------------------------------------+
----------------------------------------
Start job epilogue Thu Jul  2 11:13:55 CEST 2026
----------------------------------------
Job ID:          54054777
Job Exit Code:   0:0
Username:        wenlou
Group:           mpla
Queue:           gpu
Compute nodes:   dccn-c083
Asked resources: walltime=1-00:00:00,nodes=1,cpus=8,mem=2G
Used resources:  cputime=01:35:44,walltime=00:11:58,memory=0
----------------------------------------
End job epilogue Thu Jul  2 11:13:55 CEST 2026
----------------------------------------
