----------------------------------------
Start task prologue Mon Aug  4 09:49:00 CEST 2025
----------------------------------------
Step ID:         48446696.
Username:        wenlou
Group:           mpla
Asked resources: walltime=20:00:00,nodes=1,cpus=12,mem=4G
Queue:           batch
Compute nodes:   dccn-c085
----------------------------------------
End task prologue Mon Aug  4 09:49:00 CEST 2025
----------------------------------------
CUDA version:
nvcc: NVIDIA (R) Cuda compiler driver
Copyright (c) 2005-2024 NVIDIA Corporation
Built on Thu_Mar_28_02:18:24_PDT_2024
Cuda compilation tools, release 12.4, V12.4.131
Build cuda_12.4.r12.4/compiler.34097967_0
Running model for sub_id=6, m_id=9, method=bads
device is : cpu

 ------- Start Optimization for Subject 6 ---------- 

 -- Start Optimization: method BADS --

 Optimization Run 1/5
Initial params: [0.3054, 2.5272, 5.9703, 0.1772, 0.3783, 0.0889, 15.1909, 4.7525, 19.8413]
bads:TooCloseBounds: For each variable, hard and plausible bounds should not be too close. Moving plausible bounds.
Variables (index) internally transformed to log coordinates: [[0 0]
 [0 3]
 [0 4]
 [0 5]
 [0 6]
 [0 7]
 [0 8]]
Beginning optimization of a STOCHASTIC objective function

 Iteration    f-count      E[f(x)]        SD[f(x)]           MeshScale          Method              Actions
     0           1         24581.1             nan               1                                  
     0          33           22636             nan               1          Initial mesh            Initial points
     0          45           22383        0.999688               1        Successful poll           Train
     1          48         22373.2        0.999682               1      Successful search (ES-wcm)        
     1          49         22353.3        0.999429               1      Successful search (ES-wcm)        
     1          50         22225.3        0.999706               1      Successful search (ES-wcm)        
     1          54         22206.9        0.984309               1      Successful search (ES-ell)        
     1          59         21979.3        0.983758               1      Successful search (ES-ell)        
     1          65           21807        0.984221               1      Successful search (ES-ell)        
     1          66         21784.7        0.984284               1      Successful search (ES-ell)        
     1          68         21352.1        0.984329               1      Successful search (ES-ell)        
     1          69           20965        0.984331               1      Successful search (ES-ell)        
     1          74         20759.7        0.974297               1      Successful search (ES-ell)        
     1          77         20651.4        0.974296               1      Successful search (ES-ell)        
     1          78         20525.5        0.974306               1      Successful search (ES-ell)        
     1          82         20141.7        0.974305               1      Successful search (ES-ell)        
     1          83           19908        0.974302               1      Successful search (ES-ell)        
     1          84         19692.4        0.974304               1      Successful search (ES-ell)        
     1          86         19607.8          0.9743               1      Successful search (ES-wcm)        
     1          88         19414.4        0.974292               1      Successful search (ES-ell)        
     1          89         19315.9        0.974293               1      Successful search (ES-ell)        
     1          95           19292        0.993504               1      Successful search (ES-ell)        
     1          97         19115.8        0.993266               1      Successful search (ES-ell)        
     1          98         18936.4        0.993352               1      Successful search (ES-ell)        
     1         100           18609        0.994022               1      Successful search (ES-ell)        
     1         105         18518.1        0.993706               1      Successful search (ES-ell)        
     1         106         18504.7        0.993491               1      Successful search (ES-ell)        
     1         107         18450.9        0.993324               1      Successful search (ES-ell)        
     1         108           18314        0.993816               1      Successful search (ES-ell)        
     1         112         18260.4         1.00199               1      Successful search (ES-ell)        
     1         113         18252.5          1.0021               1      Successful search (ES-ell)        
     1         114         18114.9         1.00211               1      Successful search (ES-ell)        
     1         119         18114.3         1.00152               1      Incremental search (ES-wcm)        
     1         122         18051.7         1.00206               1      Successful search (ES-ell)        
     1         131         18026.2         1.01128               1      Successful search (ES-ell)        
     1         134         17986.4          1.0115               1      Successful search (ES-ell)        
     1         138         17953.6         1.01105               1      Successful search (ES-ell)        
     1         142         17938.3         1.01111               1      Successful search (ES-ell)        
     1         143         17883.7         1.01179               1      Successful search (ES-ell)        
     1         145         17807.9         1.01185               1      Successful search (ES-ell)        
     1         148         17739.2         1.02168               1      Successful search (ES-ell)        
     1         154         17642.8         1.02168               1      Successful search (ES-ell)        
     1         155           17594         1.02167               1      Successful search (ES-ell)        
     1         156         17444.7         1.02165               1      Successful search (ES-ell)        
     1         160         17442.4         1.02163               1      Successful search (ES-ell)        
     1         162         17328.3         1.02165               1      Successful search (ES-ell)        
     1         163         17283.6         1.02166               1      Successful search (ES-ell)        
     1         171         17280.6         1.02681               1      Successful search (ES-ell)        
     1         174         17184.9         1.02723               1      Successful search (ES-ell)        
     1         175         17125.7         1.02727               1      Successful search (ES-ell)        
     1         186         17110.9         1.03586               1      Successful search (ES-ell)        
     1         187           17101         1.03577               1      Successful search (ES-ell)        
     1         188         17069.2         1.03615               1      Successful search (ES-ell)        
     1         195         17029.1         1.03595               1      Successful search (ES-ell)        
     1         198         17024.8         1.03541               1      Successful search (ES-ell)        
     1         200         17009.4         1.03629               1      Successful search (ES-wcm)        
     1         205         16996.1         1.03599               1      Successful search (ES-wcm)        
     1         207         16895.9         1.03627               1      Successful search (ES-wcm)        
     1         209         16882.9          1.0362               1      Successful search (ES-wcm)        
     1         211         16704.9          1.0363               1      Successful search (ES-wcm)        
     1         216         16688.1         1.03628               1      Successful search (ES-wcm)        
     1         225         16672.2         1.03591               1      Successful search (ES-wcm)        
     1         229         16656.9         1.03603               1      Successful search (ES-wcm)        
     1         232         16542.8         22.9132               1      Successful search (ES-wcm)        
     1         241         16521.5         16.9162               1      Successful search (ES-wcm)        
     1         246           16502         23.5211               1      Successful search (ES-wcm)        
     1         248         16492.2         23.7737               1      Successful search (ES-wcm)        
     1         258         16398.4         21.5807               1      Successful search (ES-ell)        
     1         260         16384.2         21.0958               1      Successful search (ES-ell)        
     1         263         16334.1         23.7262               1      Successful search (ES-ell)        
     1         267         16319.4         23.3204               1      Successful search (ES-ell)        
     1         277         16318.5         15.0675               1      Incremental search (ES-ell)        
     1         278         16284.4         17.7662               1      Successful search (ES-ell)        
     1         283         16253.8         16.4359               1      Successful search (ES-ell)        
     1         288         16249.4         13.7381               1      Successful search (ES-wcm)        
     1         290         16235.6         23.0617               1      Successful search (ES-wcm)        
     1         294         16212.5         22.2575               1      Successful search (ES-wcm)        
     1         295         16185.4         23.6643               1      Successful search (ES-wcm)        
     1         300           16058         23.6746               1      Successful search (ES-wcm)        
     1         309         16053.5         23.1689               1      Successful search (ES-wcm)        
     1         315           16022         20.1091               1      Successful search (ES-wcm)        
     1         318           16011         23.5401               1      Successful search (ES-wcm)        
     1         322         15990.4         22.3325               1      Successful search (ES-wcm)        
     1         324         15976.3         20.3408               1      Successful search (ES-wcm)        
     1         331         15958.1         11.4687               1      Successful search (ES-wcm)        
     1         332         15928.1          12.735               1      Successful search (ES-wcm)        
     1         339         15921.1         8.58734               1      Successful search (ES-wcm)        
     1         340         15911.9         16.4897               1      Successful search (ES-wcm)        
     1         342         15902.8         15.3526               1      Successful search (ES-wcm)        
     1         348         15901.2         7.74964               1      Successful search (ES-wcm)        
     1         354         15900.7         6.14224               1      Incremental search (ES-wcm)        
     1         359         15895.3         5.73184               1      Successful search (ES-wcm)        
     1         360         15891.1         6.50071               1      Successful search (ES-wcm)        
     1         362         15890.7         7.08741               1      Incremental search (ES-wcm)        
     1         368         15890.5         5.44804               1      Incremental search (ES-wcm)        
     1         379         15890.5         5.44804             0.5          Refine grid             Train
     2         383         15884.4         10.7366             0.5      Successful search (ES-wcm)        
     2         384         15882.9         14.8101             0.5      Successful search (ES-wcm)        
     2         410         15882.9         14.8101            0.25          Refine grid             
     3         434         15883.9         5.70265           0.125          Refine grid             
     4         435         15873.3         6.84167           0.125      Successful search (ES-wcm)        
     4         439         15871.9         5.39314           0.125      Successful search (ES-ell)        
     4         446         15871.9         5.25573           0.125      Incremental search (ES-wcm)        
     4         468         15871.9         5.25573          0.0625          Refine grid             Train
     5         469         15872.1         5.30919          0.0625      Successful search (ES-ell)        
     5         471         15870.6         6.02308          0.0625      Successful search (ES-ell)        
     5         472         15869.9         6.90066          0.0625      Successful search (ES-ell)        
     5         502         15869.9         6.90066         0.03125          Refine grid             
     6         503         15875.3         3.65048         0.03125      Successful search (ES-wcm)        
     6         504         15873.1         3.70762         0.03125      Successful search (ES-wcm)        
     6         507         15872.9         3.90585         0.03125      Successful search (ES-wcm)        
     6         508         15870.5         4.32062         0.03125      Successful search (ES-ell)        
     6         536         15870.5         4.32062        0.015625          Refine grid             
     7         537         15871.8         3.14232        0.015625      Successful search (ES-ell)        
     7         538         15871.7         3.36449        0.015625      Successful search (ES-ell)        
     7         544         15871.6          3.1772        0.015625      Successful search (ES-wcm)        
     7         545           15871         3.21095        0.015625      Successful search (ES-wcm)        
     7         547         15870.9         3.41463        0.015625      Successful search (ES-wcm)        
     7         554         15869.8         2.78855        0.015625      Successful search (ES-wcm)        
     7         555         15868.9         2.87958        0.015625      Successful search (ES-wcm)        
     7         556         15868.5         3.20956        0.015625      Successful search (ES-wcm)        
     7         563         15868.2          3.0007        0.015625      Successful search (ES-ell)        
     7         564           15868         3.74283        0.015625      Successful search (ES-ell)        
     7         598           15868         3.74283       0.0078125          Refine grid             
     8         599         15869.6         2.51553       0.0078125      Successful search (ES-wcm)        
     8         600         15868.1          2.3388       0.0078125      Successful search (ES-wcm)        
     8         601         15867.4          2.6264       0.0078125      Successful search (ES-ell)        
     8         602         15865.7         2.98892       0.0078125      Successful search (ES-ell)        
     8         603         15863.7         4.19703       0.0078125      Successful search (ES-ell)        
     8         633         15863.7         4.19703      0.00390625          Refine grid             
     9         634         15871.6         3.64741      0.00390625      Successful search (ES-ell)        
     9         635         15869.8         3.74181      0.00390625      Successful search (ES-ell)        
     9         636         15868.7         3.89199      0.00390625      Successful search (ES-ell)        
     9         637         15867.4         4.57498      0.00390625      Successful search (ES-ell)        
     9         668         15867.4         4.57498      0.00195312          Refine grid             
    10         670         15870.4         3.20886      0.00195312      Successful search (ES-wcm)        
    10         673         15870.2         3.13609      0.00195312      Successful search (ES-wcm)        
    10         675           15870         3.13413      0.00195312      Successful search (ES-wcm)        
    10         680           15870         3.04001      0.00195312      Successful search (ES-wcm)        
    10         681         15869.1         3.06093      0.00195312      Successful search (ES-ell)        
    10         682           15869         3.09353      0.00195312      Successful search (ES-ell)        
    10         683         15868.3         3.15538      0.00195312      Successful search (ES-ell)        
    10         684         15867.1          3.4381      0.00195312      Successful search (ES-ell)        
    10         685         15866.6         3.90457      0.00195312      Successful search (ES-ell)        
    10         686         15864.6         4.37849      0.00195312      Successful search (ES-ell)        
    10         687         15864.3          4.5256      0.00195312      Successful search (ES-ell)        
    10         689         15863.5         4.57719      0.00195312      Successful search (ES-ell)        
    10         721         15863.5         4.57719     0.000976562          Refine grid             
    11         722         15870.8         2.27232     0.000976562      Successful search (ES-ell)        
    11         723         15870.5         2.34834     0.000976562      Successful search (ES-ell)        
    11         724         15869.9         2.47819     0.000976562      Successful search (ES-ell)        
    11         725         15869.4         2.68918     0.000976562      Successful search (ES-ell)        
    11         726         15868.3         3.01866     0.000976562      Successful search (ES-ell)        
    11         727         15866.9         3.50426     0.000976562      Successful search (ES-ell)        
    11         730         15865.8         3.70451     0.000976562      Successful search (ES-ell)        
    11         738         15862.7         2.48735     0.000976562      Successful search (ES-ell)        
    11         739         15862.2         2.46964     0.000976562      Successful search (ES-ell)        
    11         740         15861.2         2.48402     0.000976562      Successful search (ES-ell)        
    11         741           15859         2.50935     0.000976562      Successful search (ES-ell)        
    11         742         15856.5         2.53662     0.000976562      Successful search (ES-ell)        
    11         743         15851.5         2.88096     0.000976562      Successful search (ES-wcm)        
    11         744         15842.7         3.20705     0.000976562      Successful search (ES-wcm)        
    11         745         15830.7         3.97253     0.000976562      Successful search (ES-wcm)        
    11         746         15819.9         4.82847     0.000976562      Successful search (ES-wcm)        
    11         747         15811.2         6.08138     0.000976562      Successful search (ES-wcm)        
    11         748         15806.8         6.34197     0.000976562      Successful search (ES-ell)        
    11         774         15806.8         6.34197     0.000488281          Refine grid             
    12         775         15869.8         1.93597     0.000488281      Successful search (ES-wcm)        
    12         776         15869.8         1.99398     0.000488281      Successful search (ES-wcm)        
    12         777         15869.6         2.06181     0.000488281      Successful search (ES-wcm)        
    12         809         15869.3         1.84287     0.000976562        Successful poll           
    13         810         15870.3         1.70742     0.000976562      Successful search (ES-wcm)        
    13         811         15869.9         1.86849     0.000976562      Successful search (ES-wcm)        
    13         812         15869.7         2.21358     0.000976562      Successful search (ES-wcm)        
    13         813         15869.4         2.73477     0.000976562      Successful search (ES-wcm)        
    13         830           15869         2.36073      0.00195312        Successful poll           Train
    14         831         15865.2         3.30183      0.00195312      Successful search (ES-ell)        
    14         832         15863.4         4.05721      0.00195312      Successful search (ES-ell)        
    14         833           15860          5.4463      0.00195312      Successful search (ES-ell)        
    14         834         15858.4         7.16369      0.00195312      Successful search (ES-ell)        
    14         865         15858.4         7.16369     0.000976562          Refine grid             
    15         891         15870.6          1.4731     0.000488281          Refine grid             Train
    16         900         15870.1         1.84448     0.000244141          Refine grid             Train
Optimization terminated: reached maximum number of function evaluations options['max_fun_evals'].
Estimated function value at minimum: 15872.454415247177 ± 1.9917005403192358 (mean ± SEM from 100 samples)
BADS minimum at: x_min = [1.2152e+00 1.1725e+00 3.2011e+00 1.0000e+00 9.5610e-01 2.5580e-01
 8.0000e-04 5.1890e+00 7.2914e+00], NLL = 15872.4544
total f-count: 1000, time: 43.27 min

 Optimization Run 2/5
Initial params: [0.2852, 2.3541, 13.0176, 0.0655, 0.1389, 0.1105, 18.9351, 2.2083, 9.0274]
bads:TooCloseBounds: For each variable, hard and plausible bounds should not be too close. Moving plausible bounds.
Variables (index) internally transformed to log coordinates: [[0 0]
 [0 3]
 [0 4]
 [0 5]
 [0 6]
 [0 7]
 [0 8]]
Beginning optimization of a STOCHASTIC objective function

 Iteration    f-count      E[f(x)]        SD[f(x)]           MeshScale          Method              Actions
     0           1         24581.1             nan               1                                  
     0          33         22656.5             nan               1          Initial mesh            Initial points
     0          34         22642.3         0.99973               1        Successful poll           Train
     1          40         22516.1         0.99961               1      Successful search (ES-wcm)        
     1          41         22488.2        0.999306               1      Successful search (ES-wcm)        
     1          42         22292.3        0.999587               1      Successful search (ES-wcm)        
     1          46         22132.1         0.99966               1      Successful search (ES-wcm)        
     1          48         22094.6         0.99943               1      Successful search (ES-wcm)        
     1          50           21917        0.999473               1      Successful search (ES-wcm)        
     1          52         21703.1        0.999644               1      Successful search (ES-wcm)        
     1          55         21437.9        0.916752               1      Successful search (ES-wcm)        
     1          57         20194.6        0.916754               1      Successful search (ES-wcm)        
     1          58         19281.8        0.916774               1      Successful search (ES-wcm)        
     1          60         18424.3        0.916774               1      Successful search (ES-wcm)        
     1          62         18037.7        0.916762               1      Successful search (ES-wcm)        
     1          69         17735.8        0.916117               1      Successful search (ES-wcm)        
     1          88           17654         1.01135               1        Successful poll           
     2          92         17312.3        0.940042               1      Successful search (ES-wcm)        
     2          95         17287.8        0.940041               1      Successful search (ES-wcm)        
     2          96         17166.3        0.940043               1      Successful search (ES-wcm)        
     2         101         17109.4        0.940038               1      Successful search (ES-wcm)        
     2         104         17030.3        0.940026               1      Successful search (ES-ell)        
     2         106         16985.1         0.94002               1      Successful search (ES-ell)        
     2         107         16946.9        0.940035               1      Successful search (ES-ell)        
     2         117         16920.6        0.965742               1      Successful search (ES-ell)        
     2         118         16914.1        0.965773               1      Successful search (ES-ell)        
     2         121         16884.8        0.965778               1      Successful search (ES-ell)        
     2         128         16674.7        0.965766               1      Successful search (ES-ell)        
     2         132         16670.1        0.981377               1      Successful search (ES-ell)        
     2         139         16641.4        0.981463               1      Successful search (ES-wcm)        
     2         141         16584.9        0.981495               1      Successful search (ES-wcm)        
     2         142         16500.6        0.981519               1      Successful search (ES-wcm)        
     2         148           16478        0.991263               1      Successful search (ES-wcm)        
     2         149         16435.6        0.991272               1      Successful search (ES-wcm)        
     2         158         16371.3        0.991252               1      Successful search (ES-wcm)        
     2         167         16272.7        0.992596               1      Successful search (ES-wcm)        
     2         190         16272.7        0.992596             0.5          Refine grid             Train
     3         213           16273         1.08537            0.25          Refine grid             Train
     4         215           16263         1.08901            0.25      Successful search (ES-wcm)        
     4         220         16246.4         1.08924            0.25      Successful search (ES-wcm)        
     4         224         16243.4         1.08947            0.25      Successful search (ES-wcm)        
     4         227         16235.6         1.08933            0.25      Successful search (ES-wcm)        
     4         232           16214         24.0546            0.25      Successful search (ES-ell)        
     4         235           16201          24.562            0.25      Successful search (ES-ell)        
     4         238         16192.7         21.7181            0.25      Successful search (ES-ell)        
     4         239         16137.6         25.9775            0.25      Successful search (ES-wcm)        
     4         244         16115.6         23.5724            0.25      Successful search (ES-wcm)        
     4         245         16096.8         23.0631            0.25      Successful search (ES-wcm)        
     4         248         16091.1         18.9795            0.25      Successful search (ES-wcm)        
     4         249         16074.1         23.7642            0.25      Successful search (ES-wcm)        
     4         253         16026.5         20.2203            0.25      Successful search (ES-wcm)        
     4         255         16015.5         23.6565            0.25      Successful search (ES-ell)        
     4         258         16010.9          17.758            0.25      Successful search (ES-ell)        
     4         262         16001.3         19.1256            0.25      Successful search (ES-wcm)        
     4         274         15999.9         8.25317            0.25      Successful search (ES-ell)        
     4         276         15994.4         9.20011            0.25      Successful search (ES-ell)        
     4         280         15991.6         12.2121            0.25      Successful search (ES-ell)        
     4         283         15988.7         11.9733            0.25      Successful search (ES-ell)        
     4         285         15981.3         14.3491            0.25      Successful search (ES-ell)        
     4         287         15966.9          19.139            0.25      Successful search (ES-ell)        
     4         298         15959.2         9.26536            0.25      Successful search (ES-ell)        
     4         307         15958.5         11.5532            0.25      Successful search (ES-ell)        
     4         312         15954.3          7.5795            0.25      Successful search (ES-ell)        
     4         319         15951.2         9.47452            0.25      Successful search (ES-wcm)        
     4         321         15944.8          8.4485            0.25      Successful search (ES-ell)        
     4         326         15942.8          6.5898            0.25      Successful search (ES-wcm)        
     4         332         15932.8         9.31897            0.25      Successful search (ES-ell)        
     4         335         15930.4         9.73342            0.25      Successful search (ES-ell)        
     4         337         15928.5         8.76719            0.25      Successful search (ES-ell)        
     4         338         15926.5         10.4144            0.25      Successful search (ES-ell)        
     4         339         15919.9         11.2756            0.25      Successful search (ES-ell)        
     4         342         15918.4         8.21096            0.25      Successful search (ES-ell)        
     4         373         15918.4         8.21096           0.125          Refine grid             Train
     5         374         15928.4          8.4359           0.125      Successful search (ES-ell)        
     5         377         15928.1         5.89957           0.125      Successful search (ES-ell)        
     5         408         15928.1         5.89957          0.0625          Refine grid             
     6         409           15933         3.98464          0.0625      Successful search (ES-wcm)        
     6         410         15932.1         4.96188          0.0625      Successful search (ES-wcm)        
     6         443         15932.1         4.96188         0.03125          Refine grid             
     7         444         15934.6         3.27194         0.03125      Successful search (ES-wcm)        
     7         445         15931.3         4.56515         0.03125      Successful search (ES-ell)        
     7         447         15931.1         5.78378         0.03125      Successful search (ES-ell)        
     7         448         15930.2         8.09464         0.03125      Successful search (ES-ell)        
     7         450           15927         8.26755         0.03125      Successful search (ES-ell)        
     7         458         15924.9         5.04447         0.03125      Successful search (ES-ell)        
     7         459         15923.6         4.95678         0.03125      Successful search (ES-wcm)        
     7         461         15922.8         4.73023         0.03125      Successful search (ES-ell)        
     7         462         15922.4          4.8602         0.03125      Successful search (ES-ell)        
     7         496         15922.4          4.8602        0.015625          Refine grid             
     8         497         15929.5         2.97141        0.015625      Successful search (ES-wcm)        
     8         498         15928.8         2.89635        0.015625      Successful search (ES-wcm)        
     8         499         15928.1         2.95447        0.015625      Successful search (ES-wcm)        
     8         500         15926.9         3.05014        0.015625      Successful search (ES-wcm)        
     8         501         15924.6         3.60912        0.015625      Successful search (ES-wcm)        
     8         502         15921.9         4.79457        0.015625      Successful search (ES-wcm)        
     8         503         15921.5         7.90512        0.015625      Successful search (ES-ell)        
     8         505         15918.6         6.83768        0.015625      Successful search (ES-ell)        
     8         507         15913.2         6.23135        0.015625      Successful search (ES-wcm)        
     8         540         15913.2         6.23135       0.0078125          Refine grid             
     9         541         15918.2         3.15136       0.0078125      Successful search (ES-ell)        
     9         542         15917.9         3.23781       0.0078125      Successful search (ES-ell)        
     9         543         15915.6         3.81505       0.0078125      Successful search (ES-ell)        
     9         544           15914         4.87774       0.0078125      Successful search (ES-ell)        
     9         545         15909.6         6.60444       0.0078125      Successful search (ES-ell)        
     9         546         15904.5         8.93189       0.0078125      Successful search (ES-ell)        
     9         575         15904.5         8.93189      0.00390625          Refine grid             
    10         576         15904.6         3.27488      0.00390625      Successful search (ES-ell)        
    10         577         15897.5         3.26381      0.00390625      Successful search (ES-ell)        
    10         578         15896.5         3.27989      0.00390625      Successful search (ES-ell)        
    10         610         15896.5         3.27989      0.00195312          Refine grid             Train
    11         611           15905         2.51809      0.00195312      Successful search (ES-ell)        
    11         612         15903.9         2.51889      0.00195312      Successful search (ES-wcm)        
    11         613         15899.5         2.53671      0.00195312      Successful search (ES-ell)        
    11         614         15894.1         2.59626      0.00195312      Successful search (ES-ell)        
    11         615         15885.1         2.70335      0.00195312      Successful search (ES-ell)        
    11         616         15874.2         2.88028      0.00195312      Successful search (ES-ell)        
    11         617         15859.1          3.2136      0.00195312      Successful search (ES-ell)        
    11         618         15839.7          3.5303      0.00195312      Successful search (ES-ell)        
    11         619         15812.3          4.0223      0.00195312      Successful search (ES-ell)        
    11         645         15812.3          4.0223     0.000976562          Refine grid             
    12         671         15895.6         2.97835     0.000488281          Refine grid             
    13         697           15916         2.40387     0.000244141          Refine grid             Train
    14         698         15920.1         2.99279     0.000244141      Successful search (ES-ell)        
    14         699         15919.6         2.95992     0.000244141      Successful search (ES-ell)        
    14         700         15918.9         2.92746     0.000244141      Successful search (ES-ell)        
    14         701         15918.7         2.89451     0.000244141      Successful search (ES-ell)        
    14         702         15917.9         2.84774     0.000244141      Successful search (ES-wcm)        
    14         703         15917.6         2.82264     0.000244141      Successful search (ES-ell)        
    14         704         15917.3         2.79208     0.000244141      Successful search (ES-ell)        
    14         705         15916.6         2.77469     0.000244141      Successful search (ES-ell)        
    14         706           15915         2.84692     0.000244141      Successful search (ES-ell)        
    14         707         15914.3         2.82343     0.000244141      Successful search (ES-ell)        
    14         708         15914.1          2.8097     0.000244141      Successful search (ES-ell)        
    14         709           15914         2.78609     0.000244141      Successful search (ES-wcm)        
    14         710         15913.6         2.76453     0.000244141      Successful search (ES-wcm)        
    14         718         15913.4         2.58449     0.000244141      Successful search (ES-wcm)        
    14         720         15913.2         2.54586     0.000244141      Successful search (ES-wcm)        
    14         725         15912.8         2.44415     0.000244141      Successful search (ES-wcm)        
    14         726         15912.5         2.42689     0.000244141      Successful search (ES-wcm)        
    14         734           15912         2.30197     0.000244141      Successful search (ES-wcm)        
    14         735         15911.8         2.28547     0.000244141      Successful search (ES-wcm)        
    14         736         15911.1          2.2836     0.000244141      Successful search (ES-ell)        
    14         737         15911.1          2.2757     0.000244141      Successful search (ES-ell)        
    14         738         15907.7         3.11821     0.000244141      Successful search (ES-ell)        
    14         768         15907.7         3.11821      0.00012207          Refine grid             
    15         769         15913.3         2.35995      0.00012207      Successful search (ES-wcm)        
    15         770         15913.2         2.36437      0.00012207      Successful search (ES-wcm)        
    15         771         15912.9         2.37387      0.00012207      Successful search (ES-wcm)        
    15         772         15912.7          2.4084      0.00012207      Successful search (ES-wcm)        
    15         773         15912.4         2.45549      0.00012207      Successful search (ES-wcm)        
    15         774         15911.5         2.54705      0.00012207      Successful search (ES-wcm)        
    15         775         15910.9         2.67877      0.00012207      Successful search (ES-wcm)        
    15         776         15909.4         2.88065      0.00012207      Successful search (ES-wcm)        
    15         777         15908.3         3.26127      0.00012207      Successful search (ES-wcm)        
    15         778           15908         3.24197      0.00012207      Successful search (ES-wcm)        
    15         783         15907.3          3.0493      0.00012207      Successful search (ES-ell)        
    15         812         15907.3          3.0493     6.10352e-05          Refine grid             
    16         813           15915         1.71133     6.10352e-05      Successful search (ES-ell)        
    16         818         15914.8         1.68607     6.10352e-05      Successful search (ES-ell)        
    16         820         15914.7         1.68219     6.10352e-05      Successful search (ES-ell)        
    16         821         15914.7         1.67899     6.10352e-05      Successful search (ES-ell)        
    16         822         15914.5         1.67867     6.10352e-05      Successful search (ES-ell)        
    16         823           15914         1.68409     6.10352e-05      Successful search (ES-ell)        
    16         828         15913.9         1.66206     6.10352e-05      Successful search (ES-ell)        
    16         829         15913.7          1.6616     6.10352e-05      Successful search (ES-ell)        
    16         830         15912.4         1.84125     6.10352e-05      Successful search (ES-ell)        
    16         831         15912.1         1.84664     6.10352e-05      Successful search (ES-ell)        
    16         832         15912.1         1.85467     6.10352e-05      Successful search (ES-ell)        
    16         833         15911.9         1.86864     6.10352e-05      Successful search (ES-ell)        
    16         834         15911.9         1.89638     6.10352e-05      Successful search (ES-ell)        
    16         835         15911.5         1.94792     6.10352e-05      Successful search (ES-ell)        
    16         836         15911.5         2.04246     6.10352e-05      Successful search (ES-ell)        
    16         837         15910.9         2.15336     6.10352e-05      Successful search (ES-ell)        
    16         838         15910.1         2.31424     6.10352e-05      Successful search (ES-ell)        
    16         839         15908.7         2.60668     6.10352e-05      Successful search (ES-ell)        
    16         866         15908.7         2.60668     3.05176e-05          Refine grid             
    17         893         15910.7         2.31403     1.52588e-05          Refine grid             Train
Optimization terminated: reached maximum number of function evaluations options['max_fun_evals'].
Estimated function value at minimum: 15916.047694777057 ± 1.923427828721452 (mean ± SEM from 100 samples)
BADS minimum at: x_min = [1.2789 1.2637 3.2593 0.     1.     0.2414 0.0807 5.0549 6.2584], NLL = 15916.0477
total f-count: 1000, time: 44.92 min

 Optimization Run 3/5
Initial params: [0.3084, 4.778, 7.3626, 0.1451, 0.2267, 0.3783, 35.4697, 2.2878, 8.6056]
bads:TooCloseBounds: For each variable, hard and plausible bounds should not be too close. Moving plausible bounds.
Variables (index) internally transformed to log coordinates: [[0 0]
 [0 3]
 [0 4]
 [0 5]
 [0 6]
 [0 7]
 [0 8]]
Beginning optimization of a STOCHASTIC objective function

 Iteration    f-count      E[f(x)]        SD[f(x)]           MeshScale          Method              Actions
     0           1         24581.1             nan               1                                  
     0          33         22670.5             nan               1          Initial mesh            Initial points
     0          34         22647.3        0.999712               1        Successful poll           Train
     1          35         22537.7        0.999708               1      Successful search (ES-wcm)        
     1          38         22314.7        0.999673               1      Successful search (ES-ell)        
     1          43           22197        0.999175               1      Successful search (ES-ell)        
     1          48         22082.5        0.998922               1      Successful search (ES-ell)        
     1          49         22004.1        0.998203               1      Successful search (ES-ell)        
     1          60         21999.6        0.993238               1      Successful search (ES-ell)        
     1          67         21968.6        0.994629               1      Successful search (ES-ell)        
     1          69         21949.2        0.996702               1      Successful search (ES-ell)        
     1          72         21609.9         1.03404               1      Successful search (ES-ell)        
     1          76         21531.9         1.03378               1      Successful search (ES-ell)        
     1          77         21458.4         1.03409               1      Successful search (ES-wcm)        
     1          82         21308.3         1.03373               1      Successful search (ES-wcm)        
     1          84         21211.6         1.03385               1      Successful search (ES-ell)        
     1          88         21196.9          1.0328               1      Successful search (ES-ell)        
     1         108         21075.9         1.59938               1        Successful poll           
     2         111         20509.5         1.39152               1      Successful search (ES-ell)        
     2         112         19792.3         1.39222               1      Successful search (ES-ell)        
     2         113         18667.4         1.39237               1      Successful search (ES-ell)        
     2         114         18643.5         1.39229               1      Successful search (ES-ell)        
     2         119         18389.3         1.39216               1      Successful search (ES-ell)        
     2         132         18381.4         1.75869               1      Successful search (ES-ell)        
     2         134         18367.5         1.76292               1      Successful search (ES-ell)        
     2         139         18356.1         1.76421               1      Successful search (ES-ell)        
     2         144         18351.8         1.72601               1      Successful search (ES-ell)        
     2         166         18351.8         1.72601             0.5          Refine grid             
     3         169         18373.9          18.932             0.5      Successful search (ES-wcm)        
     3         173         18361.7         15.0717             0.5      Successful search (ES-wcm)        
     3         174         18356.9         20.0714             0.5      Successful search (ES-wcm)        
     3         199         18356.9         20.0714            0.25          Refine grid             Train
     4         202         18363.4         11.4667            0.25      Successful search (ES-wcm)        
     4         206         18362.8         8.58669            0.25      Successful search (ES-wcm)        
     4         210         18358.9         11.2252            0.25      Successful search (ES-ell)        
     4         242         18358.9         11.2252           0.125          Refine grid             Train
     5         243         18361.1           9.066           0.125      Successful search (ES-wcm)        
     5         248         18359.8         7.66731           0.125      Successful search (ES-ell)        
     5         251         18359.7         7.51666           0.125      Successful search (ES-wcm)        
     5         276         18359.7         7.51666          0.0625          Refine grid             
     6         301         18354.3         7.19872        0.015625          Refine grid             
     7         302         18357.5         4.46889        0.015625      Successful search (ES-wcm)        
     7         303         18354.3         4.80957        0.015625      Successful search (ES-ell)        
     7         304         18353.5          4.9329        0.015625      Successful search (ES-ell)        
     7         305         18352.5          5.2218        0.015625      Successful search (ES-ell)        
     7         306         18349.8         5.34015        0.015625      Successful search (ES-ell)        
     7         335         18349.8         5.34015       0.0078125          Refine grid             Train
     8         336           18362         3.84997       0.0078125      Successful search (ES-wcm)        
     8         337         18360.7         3.65311       0.0078125      Successful search (ES-wcm)        
     8         338         18359.8            3.55       0.0078125      Successful search (ES-wcm)        
     8         339         18358.4         3.69681       0.0078125      Successful search (ES-wcm)        
     8         340         18356.9         3.71509       0.0078125      Successful search (ES-wcm)        
     8         341         18354.9         4.06722       0.0078125      Successful search (ES-wcm)        
     8         342         18352.2         5.33021       0.0078125      Successful search (ES-wcm)        
     8         370         18352.2         5.33021      0.00390625          Refine grid             Train
     9         372         18361.1         4.33449      0.00390625      Successful search (ES-wcm)        
     9         373         18360.5         4.29965      0.00390625      Successful search (ES-wcm)        
     9         374         18359.9         4.28095      0.00390625      Successful search (ES-wcm)        
     9         380         18359.8         4.12727      0.00390625      Successful search (ES-wcm)        
     9         381         18359.7         4.21174      0.00390625      Successful search (ES-wcm)        
     9         382         18359.1          4.2418      0.00390625      Successful search (ES-wcm)        
     9         386         18359.1         4.18051      0.00390625      Successful search (ES-wcm)        
     9         388           18359          4.1949      0.00390625      Successful search (ES-ell)        
     9         390         18358.3         4.18623      0.00390625      Successful search (ES-wcm)        
     9         423         18358.3         4.18623      0.00195312          Refine grid             Train
    10         424         18356.9          7.5015      0.00195312      Successful search (ES-wcm)        
    10         458         18356.9          7.5015     0.000976562          Refine grid             
    11         460         18360.5         4.95465     0.000976562      Successful search (ES-ell)        
    11         461         18360.5          4.9481     0.000976562      Successful search (ES-ell)        
    11         493         18360.5          4.9481     0.000488281          Refine grid             
    12         519         18363.2         5.50042     0.000244141          Refine grid             Train
    13         545         18365.1          3.2275      0.00012207          Refine grid             Train
    14         546         18363.4         4.86141      0.00012207      Successful search (ES-wcm)        
    14         547         18362.5         4.81812      0.00012207      Successful search (ES-wcm)        
    14         580         18362.5         4.81812     6.10352e-05          Refine grid             
    15         581           18365         3.02416     6.10352e-05      Successful search (ES-ell)        
    15         583         18364.8         2.99524     6.10352e-05      Successful search (ES-ell)        
    15         584         18364.5         2.98107     6.10352e-05      Successful search (ES-ell)        
    15         585         18364.2         2.96792     6.10352e-05      Successful search (ES-ell)        
    15         586         18363.9         2.95509     6.10352e-05      Successful search (ES-ell)        
    15         587         18363.6          2.9419     6.10352e-05      Successful search (ES-ell)        
    15         588         18363.4         2.93139     6.10352e-05      Successful search (ES-ell)        
    15         589         18362.9         2.92763     6.10352e-05      Successful search (ES-wcm)        
    15         590         18362.8         2.91552     6.10352e-05      Successful search (ES-wcm)        
    15         594         18362.7         2.86482     6.10352e-05      Successful search (ES-wcm)        
    15         596         18362.4         2.84086     6.10352e-05      Successful search (ES-ell)        
    15         597         18361.9         2.85607     6.10352e-05      Successful search (ES-ell)        
    15         598         18361.9         2.84348     6.10352e-05      Successful search (ES-ell)        
    15         599         18361.7         2.83147     6.10352e-05      Successful search (ES-ell)        
    15         600         18359.8         2.92525     6.10352e-05      Successful search (ES-ell)        
    15         609         18359.6         2.80246     6.10352e-05      Successful search (ES-ell)        
    15         610         18359.5         2.79013     6.10352e-05      Successful search (ES-ell)        
    15         611         18358.7         2.77773     6.10352e-05      Successful search (ES-ell)        
    15         612         18358.5         2.76618     6.10352e-05      Successful search (ES-ell)        
    15         617         18358.3         2.70697     6.10352e-05      Successful search (ES-ell)        
    15         619         18358.3         2.68648     6.10352e-05      Successful search (ES-wcm)        
    15         620         18358.2         2.67744     6.10352e-05      Successful search (ES-wcm)        
    15         628         18357.9         2.59243     6.10352e-05      Successful search (ES-ell)        
    15         629         18357.7         2.58241     6.10352e-05      Successful search (ES-ell)        
    15         660         18357.7         2.58241     3.05176e-05          Refine grid             Train
    16         661         18356.6         2.95574     3.05176e-05      Successful search (ES-ell)        
    16         662         18356.4         2.95234     3.05176e-05      Successful search (ES-ell)        
    16         663         18356.3          2.9654     3.05176e-05      Successful search (ES-ell)        
    16         696         18356.3          2.9654     1.52588e-05          Refine grid             Train
    17         723           18358         2.63807     3.05176e-05        Successful poll           Train
    18         724         18355.5         2.21555     3.05176e-05      Successful search (ES-ell)        
    18         726         18355.4         2.20584     3.05176e-05      Successful search (ES-ell)        
    18         738         18355.1          2.3961     3.05176e-05      Successful search (ES-wcm)        
    18         740         18354.8         2.37729     3.05176e-05      Successful search (ES-wcm)        
    18         741         18354.8         2.36883     3.05176e-05      Successful search (ES-wcm)        
    18         743         18354.5         2.35311     3.05176e-05      Successful search (ES-wcm)        
    18         744         18354.3         2.34787     3.05176e-05      Successful search (ES-wcm)        
    18         749           18354         2.30381     3.05176e-05      Successful search (ES-wcm)        
    18         752         18353.9         2.28038     3.05176e-05      Successful search (ES-wcm)        
    18         753         18353.8         2.27564     3.05176e-05      Successful search (ES-wcm)        
    18         754         18353.7         2.27817     3.05176e-05      Successful search (ES-ell)        
    18         755         18353.5         2.28096     3.05176e-05      Successful search (ES-wcm)        
    18         785         18353.5         2.28096     1.52588e-05          Refine grid             Train
    19         793         18355.2         2.07288     1.52588e-05      Successful search (ES-wcm)        
    19         794         18355.1         2.06781     1.52588e-05      Successful search (ES-wcm)        
    19         820         18354.9          2.0099     3.05176e-05        Successful poll           
    20         822           18355         2.16542     3.05176e-05      Successful search (ES-wcm)        
    20         823           18355         2.16536     3.05176e-05      Successful search (ES-wcm)        
    20         855           18355         2.16536     1.52588e-05          Refine grid             
    21         860         18354.4         2.16529     1.52588e-05      Successful search (ES-ell)        
    21         876         18346.5         10.4687     3.05176e-05        Successful poll           Train
    22         880         18354.8         2.16636     3.05176e-05      Successful search (ES-ell)        
    22         881         18354.8         2.16639     3.05176e-05      Successful search (ES-ell)        
    22         885         18354.7         2.16635     3.05176e-05      Successful search (ES-ell)        
    22         900         18354.7         2.16635     1.52588e-05          Refine grid             
Optimization terminated: reached maximum number of function evaluations options['max_fun_evals'].
Estimated function value at minimum: 18357.81883857125 ± 2.858654700631388 (mean ± SEM from 100 samples)
BADS minimum at: x_min = [4.8568e+00 4.8999e+00 3.2178e+00 0.0000e+00 1.0000e+00 2.2740e-01
 2.3331e+00 5.0000e-04 6.1500e-01], NLL = 18357.8188
total f-count: 1000, time: 44.86 min

 Optimization Run 4/5
Initial params: [1.8927, 7.044, 14.658, 0.0034, 0.416, 0.4099, 40.7467, 1.5741, 10.5766]
bads:TooCloseBounds: For each variable, hard and plausible bounds should not be too close. Moving plausible bounds.
Variables (index) internally transformed to log coordinates: [[0 0]
 [0 3]
 [0 4]
 [0 5]
 [0 6]
 [0 7]
 [0 8]]
Beginning optimization of a STOCHASTIC objective function

 Iteration    f-count      E[f(x)]        SD[f(x)]           MeshScale          Method              Actions
     0           1         24581.1             nan               1                                  
     0          33         22629.9             nan               1          Initial mesh            Initial points
     0          34         22628.6        0.999691               1        Successful poll           Train
     1          35         21869.7        0.999693               1      Successful search (ES-ell)        
     1          41         21580.4        0.998319               1      Successful search (ES-ell)        
     1          43         21569.4        0.999437               1      Successful search (ES-wcm)        
     1          44         21535.3        0.999632               1      Successful search (ES-ell)        
     1          46         21386.5        0.999654               1      Successful search (ES-ell)        
     1          50           20945        0.999521               1      Successful search (ES-ell)        
     1          52           20614        0.999519               1      Successful search (ES-ell)        
     1          53         20588.7         1.00104               1      Successful search (ES-ell)        
     1          60         20530.8         1.00019               1      Successful search (ES-ell)        
     1          63         20420.4         1.00071               1      Successful search (ES-ell)        
     1          64         20389.1         1.00091               1      Successful search (ES-ell)        
     1          65         20343.7         1.00094               1      Successful search (ES-ell)        
     1          66         20260.4         1.00091               1      Successful search (ES-ell)        
     1          69         20134.8         1.00095               1      Successful search (ES-ell)        
     1          93         20134.8         1.00095             0.5          Refine grid             Train
     2          96         20152.1         7.49943             0.5      Successful search (ES-ell)        
     2          98         20141.2         8.26316             0.5      Successful search (ES-ell)        
     2          99         20124.1         13.4708             0.5      Successful search (ES-ell)        
     2         125         20124.1         13.4708            0.25          Refine grid             
     3         126         20128.7         6.14797            0.25      Successful search (ES-ell)        
     3         130         20121.1         11.6434            0.25      Successful search (ES-wcm)        
     3         131         20094.7         20.1588            0.25      Successful search (ES-wcm)        
     3         132         20068.4         18.3724            0.25      Successful search (ES-ell)        
     3         134         20057.5         15.2096            0.25      Successful search (ES-ell)        
     3         135         20042.2         16.4697            0.25      Successful search (ES-ell)        
     3         136           20002         17.5285            0.25      Successful search (ES-ell)        
     3         137         19887.8         20.4953            0.25      Successful search (ES-ell)        
     3         139         19003.5         18.2927            0.25      Successful search (ES-ell)        
     3         142         18951.9         17.5483            0.25      Successful search (ES-ell)        
     3         143         18931.8         21.4626            0.25      Successful search (ES-ell)        
     3         168         18931.8         21.4626           0.125          Refine grid             Train
     4         169         19644.5         15.5498           0.125      Successful search (ES-ell)        
     4         170         19581.3         20.6013           0.125      Successful search (ES-ell)        
     4         171         19491.6         20.1602           0.125      Successful search (ES-ell)        
     4         172         19112.7         23.5622           0.125      Successful search (ES-wcm)        
     4         173         18197.3         23.4092           0.125      Successful search (ES-wcm)        
     4         177         18136.1         20.8854           0.125      Successful search (ES-wcm)        
     4         178         18047.3         16.9933           0.125      Successful search (ES-wcm)        
     4         179         17956.1         17.9745           0.125      Successful search (ES-wcm)        
     4         181         17854.1         17.8931           0.125      Successful search (ES-wcm)        
     4         182         17764.1         18.8297           0.125      Successful search (ES-wcm)        
     4         183         17684.1         21.5325           0.125      Successful search (ES-wcm)        
     4         185         17547.4         22.4308           0.125      Successful search (ES-wcm)        
     4         186         17504.4         11.3332           0.125      Successful search (ES-wcm)        
     4         189         17163.2         11.3136           0.125      Successful search (ES-wcm)        
     4         190         17051.2         11.2485           0.125      Successful search (ES-wcm)        
     4         191         16886.6         11.2975           0.125      Successful search (ES-ell)        
     4         197         16853.7         10.8086           0.125      Successful search (ES-ell)        
     4         199           16838         10.7442           0.125      Successful search (ES-ell)        
     4         202         16836.7          10.193           0.125      Successful search (ES-ell)        
     4         203         16814.9         9.70208           0.125      Successful search (ES-ell)        
     4         204         16801.9         10.5871           0.125      Successful search (ES-ell)        
     4         227         16769.6         15.3681            0.25        Successful poll           Train
     5         252         16767.4         15.0436           0.125          Refine grid             Train
     6         253         16747.1         5.45222           0.125      Successful search (ES-ell)        
     6         254         16742.3         11.3365           0.125      Successful search (ES-ell)        
     6         255         16723.8          14.555           0.125      Successful search (ES-ell)        
     6         256         16670.3         16.2737           0.125      Successful search (ES-ell)        
     6         286         16670.3         16.2737          0.0625          Refine grid             
     7         287         16663.2         18.3839          0.0625      Successful search (ES-wcm)        
     7         289           16653         16.4561          0.0625      Successful search (ES-wcm)        
     7         320           16653         16.4561         0.03125          Refine grid             Train
     8         321         16656.2         5.29559         0.03125      Successful search (ES-wcm)        
     8         322         16640.4         7.38332         0.03125      Successful search (ES-ell)        
     8         323         16634.9         11.9775         0.03125      Successful search (ES-ell)        
     8         324         16632.1         15.7908         0.03125      Successful search (ES-ell)        
     8         325         16600.8         18.6774         0.03125      Successful search (ES-ell)        
     8         327         16569.7         21.3642         0.03125      Successful search (ES-ell)        
     8         355         16569.7         21.3642        0.015625          Refine grid             Train
     9         356         16586.1         4.96742        0.015625      Successful search (ES-ell)        
     9         357         16583.7         6.62326        0.015625      Successful search (ES-ell)        
     9         391         16583.7         6.62326       0.0078125          Refine grid             
    10         392         16583.6         3.56983       0.0078125      Successful search (ES-ell)        
    10         393         16577.2         5.38948       0.0078125      Successful search (ES-wcm)        
    10         427         16576.3         3.81271        0.015625        Successful poll           
    11         428         16571.7         5.76241        0.015625      Successful search (ES-wcm)        
    11         429         16560.5         12.0518        0.015625      Successful search (ES-wcm)        
    11         431         16554.6         12.1481        0.015625      Successful search (ES-wcm)        
    11         436         16552.5         7.52532        0.015625      Successful search (ES-wcm)        
    11         437         16552.3         9.87741        0.015625      Successful search (ES-wcm)        
    11         440         16549.3         7.14507        0.015625      Successful search (ES-wcm)        
    11         442         16549.2          6.6389        0.015625      Successful search (ES-wcm)        
    11         443           16545         6.04769        0.015625      Successful search (ES-wcm)        
    11         444         16539.2         6.35566        0.015625      Successful search (ES-wcm)        
    11         471           16535         11.7746         0.03125        Successful poll           
    12         472         16525.2         19.8076         0.03125      Successful search (ES-wcm)        
    12         473           16499         22.4519         0.03125      Successful search (ES-wcm)        
    12         475         16493.7         13.7511         0.03125      Successful search (ES-wcm)        
    12         506         16493.7         13.7511        0.015625          Refine grid             Train
    13         507         16510.3          4.1204        0.015625      Successful search (ES-wcm)        
    13         508           16503         4.37385        0.015625      Successful search (ES-wcm)        
    13         509         16495.1         5.09631        0.015625      Successful search (ES-wcm)        
    13         510         16489.3         9.91541        0.015625      Successful search (ES-wcm)        
    13         513         16483.7         7.46639        0.015625      Successful search (ES-wcm)        
    13         514         16479.4         12.2946        0.015625      Successful search (ES-wcm)        
    13         516           16478         8.86454        0.015625      Successful search (ES-wcm)        
    13         517         16470.7         8.69313        0.015625      Successful search (ES-wcm)        
    13         518         16462.1         10.2879        0.015625      Successful search (ES-ell)        
    13         519           16457          14.934        0.015625      Successful search (ES-ell)        
    13         535         16450.1          7.6457         0.03125        Successful poll           Train
    14         536         16442.4         8.11475         0.03125      Successful search (ES-wcm)        
    14         537         16431.8         9.82355         0.03125      Successful search (ES-wcm)        
    14         539         16425.6          10.304         0.03125      Successful search (ES-wcm)        
    14         570         16425.6          10.304        0.015625          Refine grid             
    15         571         16452.7         5.18049        0.015625      Successful search (ES-ell)        
    15         572         16441.9         8.20179        0.015625      Successful search (ES-ell)        
    15         573           16422         11.3541        0.015625      Successful search (ES-ell)        
    15         605           16422         11.3541       0.0078125          Refine grid             
    16         606         16424.8         4.39351       0.0078125      Successful search (ES-ell)        
    16         607         16421.9         4.67655       0.0078125      Successful search (ES-wcm)        
    16         610         16421.4         4.71776       0.0078125      Successful search (ES-wcm)        
    16         611         16418.6         5.50003       0.0078125      Successful search (ES-wcm)        
    16         613         16415.7         7.24983       0.0078125      Successful search (ES-wcm)        
    16         640         16415.7         7.24983      0.00390625          Refine grid             Train
    17         641         16418.5          3.9499      0.00390625      Successful search (ES-wcm)        
    17         644         16418.5         4.05644      0.00390625      Successful search (ES-wcm)        
    17         645         16418.1         4.56421      0.00390625      Successful search (ES-wcm)        
    17         675         16418.1         4.56421      0.00195312          Refine grid             Train
    18         676         16421.2         2.55714      0.00195312      Successful search (ES-wcm)        
    18         677         16419.9          2.8471      0.00195312      Successful search (ES-wcm)        
    18         678         16417.8         3.28818      0.00195312      Successful search (ES-wcm)        
    18         679         16416.4         3.91496      0.00195312      Successful search (ES-wcm)        
    18         680         16413.1         4.98362      0.00195312      Successful search (ES-wcm)        
    18         681         16409.7         6.66709      0.00195312      Successful search (ES-wcm)        
    18         710         16409.7         6.66709     0.000976562          Refine grid             
    19         711         16421.1          3.6006     0.000976562      Successful search (ES-wcm)        
    19         724           16421         2.94902     0.000976562      Successful search (ES-ell)        
    19         726         16420.9         2.90075     0.000976562      Successful search (ES-ell)        
    19         727         16420.5          2.8764     0.000976562      Successful search (ES-ell)        
    19         754         16419.6         2.69722      0.00195312        Successful poll           
    20         755         16421.3         2.83513      0.00195312      Successful search (ES-ell)        
    20         756           16421         3.16743      0.00195312      Successful search (ES-ell)        
    20         769         16420.5         2.73531      0.00195312      Successful search (ES-ell)        
    20         770         16420.2         2.77943      0.00195312      Successful search (ES-ell)        
    20         771         16419.7         2.92826      0.00195312      Successful search (ES-ell)        
    20         772         16419.1          3.0279      0.00195312      Successful search (ES-wcm)        
    20         773         16417.8          3.1669      0.00195312      Successful search (ES-wcm)        
    20         774         16416.3         3.55458      0.00195312      Successful search (ES-wcm)        
    20         775         16416.2         4.76093      0.00195312      Successful search (ES-wcm)        
    20         781           16415         4.23988      0.00195312      Successful search (ES-wcm)        
    20         788         16414.8         3.74937      0.00195312      Successful search (ES-ell)        
    20         792         16414.7         3.92277      0.00195312      Successful search (ES-wcm)        
    20         793         16414.5         4.46102      0.00195312      Successful search (ES-wcm)        
    20         794         16413.1         4.81809      0.00195312      Successful search (ES-ell)        
    20         795         16409.8         5.25448      0.00195312      Successful search (ES-ell)        
    20         796         16405.2         6.12001      0.00195312      Successful search (ES-ell)        
    20         797         16403.6         7.13214      0.00195312      Successful search (ES-ell)        
    20         798         16399.3         8.70794      0.00195312      Successful search (ES-ell)        
    20         826         16399.3         8.70794     0.000976562          Refine grid             Train
    21         827         16421.1          2.1094     0.000976562      Successful search (ES-wcm)        
    21         828         16419.7         2.09075     0.000976562      Successful search (ES-wcm)        
    21         829           16418         2.26209     0.000976562      Successful search (ES-wcm)        
    21         830         16416.7         2.80239     0.000976562      Successful search (ES-wcm)        
    21         831         16415.5         3.02714     0.000976562      Successful search (ES-wcm)        
    21         832         16415.2         4.64907     0.000976562      Successful search (ES-wcm)        
    21         833         16414.2         7.00992     0.000976562      Successful search (ES-wcm)        
    21         835         16413.4         7.02557     0.000976562      Successful search (ES-ell)        
    21         861         16413.4         7.02557     0.000488281          Refine grid             Train
    22         887         16422.2          2.2871     0.000244141          Refine grid             Train
    23         888         16421.2         2.70113     0.000244141      Successful search (ES-ell)        
Optimization terminated: reached maximum number of function evaluations options['max_fun_evals'].
Estimated function value at minimum: 16423.13071780469 ± 2.366041587344953 (mean ± SEM from 100 samples)
BADS minimum at: x_min = [3.2066 3.5167 3.153  0.2172 1.     0.2457 0.0307 5.0533 0.7572], NLL = 16423.1307
total f-count: 1000, time: 49.04 min

 Optimization Run 5/5
Initial params: [0.5586, 8.0421, 12.4861, 0.1713, 0.3953, 0.0284, 27.6288, 0.8281, 17.3891]
bads:TooCloseBounds: For each variable, hard and plausible bounds should not be too close. Moving plausible bounds.
Variables (index) internally transformed to log coordinates: [[0 0]
 [0 3]
 [0 4]
 [0 5]
 [0 6]
 [0 7]
 [0 8]]
Beginning optimization of a STOCHASTIC objective function

 Iteration    f-count      E[f(x)]        SD[f(x)]           MeshScale          Method              Actions
     0           1         24581.1             nan               1                                  
     0          33         22631.3             nan               1          Initial mesh            Initial points
     0          34         22628.9        0.999731               1        Successful poll           Train
     1          35         22308.2         0.99973               1      Successful search (ES-ell)        
     1          37           21883        0.999725               1      Successful search (ES-ell)        
     1          40         21691.7        0.999699               1      Successful search (ES-ell)        
     1          43         21215.2        0.999648               1      Successful search (ES-ell)        
     1          47         20736.7        0.999481               1      Successful search (ES-ell)        
     1          50         20674.3         0.99809               1      Successful search (ES-ell)        
     1          57         20644.3        0.997022               1      Successful search (ES-ell)        
     1          59         20624.3        0.998548               1      Successful search (ES-ell)        
     1          61         20616.1        0.974404               1      Successful search (ES-ell)        
     1          66         20577.7        0.871671               1      Successful search (ES-ell)        
     1          72         20407.8         1.16689               1      Successful search (ES-ell)        
     1          73         20226.4         1.16691               1      Successful search (ES-ell)        
     1          74           19867         1.16691               1      Successful search (ES-ell)        
     1          75         19729.5         1.16691               1      Successful search (ES-ell)        
     1          76         19558.5         1.16691               1      Successful search (ES-ell)        
     1          77         19339.6         1.16691               1      Successful search (ES-ell)        
     1          78         18761.9         1.16691               1      Successful search (ES-ell)        
     1          84         18650.7         1.16663               1      Successful search (ES-ell)        
     1          87         18568.8         1.16592               1      Successful search (ES-ell)        
     1         109         18568.8         1.16592             0.5          Refine grid             
     2         132         18575.7        0.998146            0.25          Refine grid             Train
     3         133         18599.2          13.336            0.25      Successful search (ES-wcm)        
     3         134         18564.8         16.6096            0.25      Successful search (ES-wcm)        
     3         137         18543.8         15.2579            0.25      Successful search (ES-wcm)        
     3         138         18541.4         15.7885            0.25      Successful search (ES-wcm)        
     3         139         18497.1         18.4812            0.25      Successful search (ES-wcm)        
     3         141         18472.6         20.4186            0.25      Successful search (ES-wcm)        
     3         143         18472.3         16.9452            0.25      Successful search (ES-wcm)        
     3         175         18472.3         16.9452           0.125          Refine grid             Train
     4         176         18485.7         15.8139           0.125      Successful search (ES-wcm)        
     4         177         18458.1         19.5218           0.125      Successful search (ES-wcm)        
     4         178         18437.3         24.8759           0.125      Successful search (ES-wcm)        
     4         181         18406.3         17.0463           0.125      Successful search (ES-wcm)        
     4         185           18401         12.1112           0.125      Successful search (ES-ell)        
     4         186           18392         22.1506           0.125      Successful search (ES-wcm)        
     4         189         18381.8         16.2283           0.125      Successful search (ES-wcm)        
     4         192         18380.5         12.0959           0.125      Successful search (ES-wcm)        
     4         217         18380.5         12.0959          0.0625          Refine grid             
     5         219         18378.1         6.34691          0.0625      Successful search (ES-ell)        
     5         221           18376         6.83093          0.0625      Successful search (ES-ell)        
     5         222         18370.7         8.06954          0.0625      Successful search (ES-ell)        
     5         223         18363.7          10.544          0.0625      Successful search (ES-ell)        
     5         224         18359.1         12.2991          0.0625      Successful search (ES-ell)        
     5         251         18359.1         12.2991         0.03125          Refine grid             
     6         252         18359.7         5.10558         0.03125      Successful search (ES-ell)        
     6         253         18359.5         5.57355         0.03125      Successful search (ES-ell)        
     6         254         18357.1         6.43229         0.03125      Successful search (ES-ell)        
     6         255           18351         7.38868         0.03125      Successful search (ES-ell)        
     6         256         18343.7         8.89147         0.03125      Successful search (ES-ell)        
     6         257         18334.3         11.6184         0.03125      Successful search (ES-ell)        
     6         258         18333.7         14.0199         0.03125      Successful search (ES-ell)        
     6         260         18331.2         11.8094         0.03125      Successful search (ES-wcm)        
     6         284         18331.2         11.8094        0.015625          Refine grid             Train
     7         285         18348.2         5.17219        0.015625      Successful search (ES-wcm)        
     7         317         18348.2         5.17219       0.0078125          Refine grid             
     8         318         18362.3          3.6066       0.0078125      Successful search (ES-wcm)        
     8         319         18361.8         3.57026       0.0078125      Successful search (ES-wcm)        
     8         320         18361.7         3.54253       0.0078125      Successful search (ES-wcm)        
     8         321           18361         3.46815       0.0078125      Successful search (ES-wcm)        
     8         322         18360.6         3.50701       0.0078125      Successful search (ES-wcm)        
     8         323         18358.9         3.83824       0.0078125      Successful search (ES-ell)        
     8         324         18352.8         4.11698       0.0078125      Successful search (ES-ell)        
     8         325         18350.9         5.52435       0.0078125      Successful search (ES-ell)        
     8         327         18350.5         5.38715       0.0078125      Successful search (ES-ell)        
     8         359         18350.5         5.38715      0.00390625          Refine grid             
     9         384         18361.3         3.77013      0.00195312          Refine grid             Train
    10         385         18362.6         3.13157      0.00195312      Successful search (ES-wcm)        
    10         386           18362          3.1209      0.00195312      Successful search (ES-wcm)        
    10         417           18362          3.1209     0.000976562          Refine grid             Train
    11         418         18362.6         2.82423     0.000976562      Successful search (ES-wcm)        
    11         451         18362.6         2.82423     0.000488281          Refine grid             
    12         452         18362.4          4.9505     0.000488281      Successful search (ES-wcm)        
    12         454         18361.4         4.79633     0.000488281      Successful search (ES-wcm)        
    12         485         18361.4         4.79633     0.000244141          Refine grid             
    13         487         18362.3         3.46736     0.000244141      Successful search (ES-wcm)        
    13         488         18362.2         3.46896     0.000244141      Successful search (ES-wcm)        
    13         489         18361.7          3.4688     0.000244141      Successful search (ES-ell)        
    13         490         18361.3          3.4413     0.000244141      Successful search (ES-ell)        
    13         491         18361.3         3.41644     0.000244141      Successful search (ES-ell)        
    13         492         18360.7          3.4148     0.000244141      Successful search (ES-ell)        
    13         493         18360.3         3.41365     0.000244141      Successful search (ES-ell)        
    13         494           18359         3.43494     0.000244141      Successful search (ES-ell)        
    13         501         18358.9         3.27389     0.000244141      Successful search (ES-ell)        
    13         502         18358.7         3.25144     0.000244141      Successful search (ES-ell)        
    13         528         18358.7         3.25144      0.00012207          Refine grid             
    14         531           18360         2.60662      0.00012207      Successful search (ES-wcm)        
    14         532         18359.6          2.5947      0.00012207      Successful search (ES-wcm)        
    14         533         18359.5         2.58318      0.00012207      Successful search (ES-wcm)        
    14         554         18359.2         2.38628     0.000244141        Successful poll           Train
    15         555         18358.9         2.38221     0.000244141      Successful search (ES-ell)        
    15         556         18358.8         2.37878     0.000244141      Successful search (ES-ell)        
    15         557         18358.6         2.37212     0.000244141      Successful search (ES-wcm)        
    15         558         18358.3         2.36645     0.000244141      Successful search (ES-wcm)        
    15         559         18358.2         2.36122     0.000244141      Successful search (ES-wcm)        
    15         560         18358.1         2.36013     0.000244141      Successful search (ES-wcm)        
    15         561         18357.9         2.36073     0.000244141      Successful search (ES-wcm)        
    15         588         18357.6         2.29867     0.000488281        Successful poll           
    16         589         18359.1         2.18487     0.000488281      Successful search (ES-wcm)        
    16         590           18359         2.19381     0.000488281      Successful search (ES-ell)        
    16         591         18358.8         2.19198     0.000488281      Successful search (ES-wcm)        
    16         592         18358.7         2.22621     0.000488281      Successful search (ES-ell)        
    16         593         18358.3         2.28786     0.000488281      Successful search (ES-ell)        
    16         594         18357.9         2.40819     0.000488281      Successful search (ES-ell)        
    16         595           18357         2.66469     0.000488281      Successful search (ES-ell)        
    16         596         18355.9          3.1049     0.000488281      Successful search (ES-ell)        
    16         597         18354.2          3.7878     0.000488281      Successful search (ES-ell)        
    16         598         18353.9         3.80852     0.000488281      Successful search (ES-ell)        
    16         602         18353.2         5.29517     0.000488281      Successful search (ES-ell)        
    16         603         18352.3         5.24498     0.000488281      Successful search (ES-ell)        
    16         604         18352.3         5.22005     0.000488281      Successful search (ES-ell)        
    16         631         18351.7         8.11257     0.000976562        Successful poll           
    17         646         18357.6         6.68299      0.00195312        Successful poll           Train
    18         647         18359.1         2.75634      0.00195312      Successful search (ES-ell)        
    18         648         18358.6         3.51902      0.00195312      Successful search (ES-wcm)        
    18         652         18358.6         3.90319      0.00195312      Successful search (ES-wcm)        
    18         655         18358.5         3.93575      0.00195312      Successful search (ES-ell)        
    18         656         18357.7         4.20617      0.00195312      Successful search (ES-ell)        
    18         657         18357.5         4.73069      0.00195312      Successful search (ES-ell)        
    18         658         18356.8         5.44062      0.00195312      Successful search (ES-ell)        
    18         659         18354.7         7.04244      0.00195312      Successful search (ES-ell)        
    18         660         18353.9         8.55065      0.00195312      Successful search (ES-ell)        
    18         690         18353.9         8.55065     0.000976562          Refine grid             
    19         691         18358.2         1.83168     0.000976562      Successful search (ES-wcm)        
    19         692         18357.5         2.57353     0.000976562      Successful search (ES-wcm)        
    19         693           18356         3.46265     0.000976562      Successful search (ES-wcm)        
    19         694         18353.3         5.63607     0.000976562      Successful search (ES-wcm)        
    19         695         18347.5         6.66985     0.000976562      Successful search (ES-wcm)        
    19         724         18347.5         6.66985     0.000488281          Refine grid             
    20         725         18357.3         2.17995     0.000488281      Successful search (ES-ell)        
    20         726         18357.1         2.26539     0.000488281      Successful search (ES-ell)        
    20         727         18356.5         2.41975     0.000488281      Successful search (ES-ell)        
    20         728           18356         2.63725     0.000488281      Successful search (ES-ell)        
    20         729         18355.5         3.41051     0.000488281      Successful search (ES-wcm)        
    20         734         18354.5         3.50737     0.000488281      Successful search (ES-wcm)        
    20         737         18352.9         3.54838     0.000488281      Successful search (ES-wcm)        
    20         738         18348.3         6.12671     0.000488281      Successful search (ES-wcm)        
    20         739         18347.2          6.6694     0.000488281      Successful search (ES-wcm)        
    20         768         18347.2          6.6694     0.000244141          Refine grid             
    21         769         18357.1         2.12008     0.000244141      Successful search (ES-wcm)        
    21         770         18356.8         2.19564     0.000244141      Successful search (ES-wcm)        
    21         771         18356.8         2.25017     0.000244141      Successful search (ES-wcm)        
    21         773         18356.3         2.28635     0.000244141      Successful search (ES-ell)        
    21         803         18351.5         6.12182     0.000488281        Successful poll           
    22         804         18345.1         6.06865     0.000488281      Successful search (ES-ell)        
    22         837         18345.1         6.06865     0.000244141          Refine grid             Train
    23         838         18359.3         1.91564     0.000244141      Successful search (ES-ell)        
    23         839         18358.9         1.92068     0.000244141      Successful search (ES-ell)        
    23         847         18358.9         1.91948     0.000244141      Successful search (ES-wcm)        
    23         849         18358.4         1.92557     0.000244141      Successful search (ES-wcm)        
    23         880         18358.4         1.92557      0.00012207          Refine grid             Train
    24         900         18358.7         1.89011     6.10352e-05          Refine grid             Train
Optimization terminated: reached maximum number of function evaluations options['max_fun_evals'].
Estimated function value at minimum: 18357.57871331986 ± 2.7101282098577992 (mean ± SEM from 100 samples)
BADS minimum at: x_min = [4.9971 4.9553 3.4298 0.     1.     0.2197 2.3097 0.     0.5886], NLL = 18357.5787
total f-count: 1000, time: 44.98 min

 ------- Finish Optimization for Subject 6 ---------- 
----------------------------------------
Start job epilogue Mon Aug  4 13:36:12 CEST 2025
----------------------------------------
Job ID:          48446696
Job Exit Code:   0:0
Username:        wenlou
Group:           mpla
Queue:           batch
Compute nodes:   dccn-c085
Asked resources: walltime=20:00:00,nodes=1,cpus=12,mem=4G
Used resources:  cputime=1-21:26:24,walltime=03:47:12,memory=0
----------------------------------------
End job epilogue Mon Aug  4 13:36:12 CEST 2025
----------------------------------------
