----------------------------------------
Start task prologue Mon Aug  4 09:50:15 CEST 2025
----------------------------------------
Step ID:         48446697.
Username:        wenlou
Group:           mpla
Asked resources: walltime=20:00:00,nodes=1,cpus=12,mem=4G
Queue:           batch
Compute nodes:   dccn-c085
----------------------------------------
End task prologue Mon Aug  4 09:50:15 CEST 2025
----------------------------------------
CUDA version:
nvcc: NVIDIA (R) Cuda compiler driver
Copyright (c) 2005-2024 NVIDIA Corporation
Built on Thu_Mar_28_02:18:24_PDT_2024
Cuda compilation tools, release 12.4, V12.4.131
Build cuda_12.4.r12.4/compiler.34097967_0
Running model for sub_id=15, m_id=9, method=bads
device is : cpu

 ------- Start Optimization for Subject 15 ---------- 

 -- Start Optimization: method BADS --

 Optimization Run 1/2
Initial params: [0.5987, 7.6336, 5.8064, 0.3702, 0.185, 0.0501, 13.5491, 4.1714, 2.7406]
bads:TooCloseBounds: For each variable, hard and plausible bounds should not be too close. Moving plausible bounds.
Variables (index) internally transformed to log coordinates: [[0 0]
 [0 3]
 [0 4]
 [0 5]
 [0 6]
 [0 7]
 [0 8]]
Beginning optimization of a STOCHASTIC objective function

 Iteration    f-count      E[f(x)]        SD[f(x)]           MeshScale          Method              Actions
     0           1         23706.6             nan               1                                  
     0          33         22301.2             nan               1          Initial mesh            Initial points
     0          49         21998.1        0.999956               1        Successful poll           Train
     1          50         20954.2        0.999966               1      Successful search (ES-wcm)        
     1          52         20605.6        0.999949               1      Successful search (ES-wcm)        
     1          55         20352.8        0.990781               1      Successful search (ES-ell)        
     1          57           20011        0.990767               1      Successful search (ES-ell)        
     1          58         19294.8        0.990777               1      Successful search (ES-ell)        
     1          62         19254.2        0.990664               1      Successful search (ES-ell)        
     1          64         19238.7        0.990603               1      Successful search (ES-wcm)        
     1          66         19021.4        0.990477               1      Successful search (ES-ell)        
     1          67         18960.9        0.990687               1      Successful search (ES-ell)        
     1          73         18949.1        0.961126               1      Successful search (ES-ell)        
     1          74         18868.2        0.961207               1      Successful search (ES-ell)        
     1          81         18864.7         0.95919               1      Successful search (ES-ell)        
     1          85         18815.6         0.93843               1      Successful search (ES-ell)        
     1         107         18815.6         0.93843             0.5          Refine grid             
     2         131           18827        0.847425            0.25          Refine grid             Train
     3         132           18844         7.39651            0.25      Successful search (ES-ell)        
     3         134         18826.3         14.1883            0.25      Successful search (ES-ell)        
     3         135         18816.5         16.6307            0.25      Successful search (ES-ell)        
     3         140         18811.1          15.179            0.25      Successful search (ES-wcm)        
     3         142           18811         17.0011            0.25      Incremental search (ES-wcm)        
     3         144         18799.4         16.6945            0.25      Successful search (ES-wcm)        
     3         146         18768.4         12.5663            0.25      Successful search (ES-wcm)        
     3         173         18768.4         12.5663           0.125          Refine grid             Train
     4         174         18792.2         8.02389           0.125      Successful search (ES-wcm)        
     4         175         18790.9         17.2512           0.125      Successful search (ES-wcm)        
     4         176         18760.9          16.881           0.125      Successful search (ES-wcm)        
     4         177         18746.4         17.7615           0.125      Successful search (ES-wcm)        
     4         178         18745.4         23.3348           0.125      Successful search (ES-ell)        
     4         206         18732.5         18.0207            0.25        Successful poll           
     5         207         18732.2         17.0434            0.25      Successful search (ES-ell)        
     5         209         18721.7         15.8582            0.25      Successful search (ES-ell)        
     5         210         18709.6         20.3254            0.25      Successful search (ES-ell)        
     5         216         18708.8         10.8137            0.25      Successful search (ES-ell)        
     5         219           18707         9.46651            0.25      Successful search (ES-ell)        
     5         249           18707         9.46651           0.125          Refine grid             
     6         250         18712.4         4.35158           0.125      Successful search (ES-ell)        
     6         252         18706.4          12.015           0.125      Successful search (ES-wcm)        
     6         253         18704.6         15.3911           0.125      Successful search (ES-wcm)        
     6         255         18702.3         7.23956           0.125      Successful search (ES-wcm)        
     6         260           18701         6.12977           0.125      Successful search (ES-wcm)        
     6         262         18699.7         5.61324           0.125      Successful search (ES-wcm)        
     6         292         18699.7         5.61324          0.0625          Refine grid             Train
     7         293         18696.2         3.70397          0.0625      Successful search (ES-ell)        
     7         294         18694.4          4.5005          0.0625      Successful search (ES-wcm)        
     7         295         18692.4         7.76431          0.0625      Successful search (ES-wcm)        
     7         298         18691.4         6.84025          0.0625      Successful search (ES-wcm)        
     7         304         18689.1         4.92411          0.0625      Successful search (ES-wcm)        
     7         306         18688.1         4.95026          0.0625      Successful search (ES-wcm)        
     7         314         18687.3         4.23938          0.0625      Successful search (ES-ell)        
     7         320         18687.1         3.43476          0.0625      Successful search (ES-wcm)        
     7         322         18686.9         3.68629          0.0625      Successful search (ES-wcm)        
     7         324         18686.4         4.23246          0.0625      Successful search (ES-wcm)        
     7         326         18686.1         4.62703          0.0625      Successful search (ES-wcm)        
     7         327         18682.1         5.48981          0.0625      Successful search (ES-wcm)        
     7         328         18680.2         10.8431          0.0625      Successful search (ES-wcm)        
     7         329         18670.2         14.6709          0.0625      Successful search (ES-wcm)        
     7         331         18670.2          9.0782          0.0625      Successful search (ES-wcm)        
     7         332         18668.7         12.2479          0.0625      Successful search (ES-wcm)        
     7         335           18668         8.46239          0.0625      Successful search (ES-wcm)        
     7         337         18664.4         8.21818          0.0625      Successful search (ES-wcm)        
     7         340         18663.1         7.79148          0.0625      Successful search (ES-ell)        
     7         371         18663.1         7.79148         0.03125          Refine grid             Train
     8         372         18670.5         3.57741         0.03125      Successful search (ES-wcm)        
     8         373         18667.3         3.75328         0.03125      Successful search (ES-wcm)        
     8         374         18662.2         5.47508         0.03125      Successful search (ES-wcm)        
     8         376         18660.6         7.39531         0.03125      Successful search (ES-ell)        
     8         377         18658.2         9.48714         0.03125      Successful search (ES-ell)        
     8         378         18644.5         12.9881         0.03125      Successful search (ES-ell)        
     8         402         18644.3         5.90214          0.0625        Successful poll           
     9         403         18642.1         7.57098          0.0625      Successful search (ES-ell)        
     9         405         18634.9          8.6737          0.0625      Successful search (ES-ell)        
     9         408         18628.6         7.14917          0.0625      Successful search (ES-ell)        
     9         409         18626.3         8.53101          0.0625      Successful search (ES-ell)        
     9         411         18625.4         8.66078          0.0625      Successful search (ES-ell)        
     9         412         18622.2         9.54275          0.0625      Successful search (ES-ell)        
     9         414           18618         9.85624          0.0625      Successful search (ES-ell)        
     9         415         18601.8         10.3117          0.0625      Successful search (ES-ell)        
     9         416         18584.9         12.5904          0.0625      Successful search (ES-ell)        
     9         445         18584.9         12.5904         0.03125          Refine grid             
    10         446         18596.6         4.14412         0.03125      Successful search (ES-ell)        
    10         447         18588.8         4.30146         0.03125      Successful search (ES-ell)        
    10         448         18584.4         6.02302         0.03125      Successful search (ES-ell)        
    10         449         18578.1         8.53431         0.03125      Successful search (ES-ell)        
    10         450         18568.1         12.5004         0.03125      Successful search (ES-ell)        
    10         479         18568.1         12.5004        0.015625          Refine grid             
    11         480         18573.3          3.8513        0.015625      Successful search (ES-wcm)        
    11         481           18568         6.79042        0.015625      Successful search (ES-wcm)        
    11         482         18552.2         11.2584        0.015625      Successful search (ES-wcm)        
    11         508         18544.5         6.74561         0.03125        Successful poll           Train
    12         509         18543.8         9.57106         0.03125      Successful search (ES-wcm)        
    12         511         18540.4         7.44247         0.03125      Successful search (ES-ell)        
    12         512         18532.9         9.45673         0.03125      Successful search (ES-ell)        
    12         542         18532.9         9.45673        0.015625          Refine grid             
    13         543         18535.4         3.44866        0.015625      Successful search (ES-ell)        
    13         544         18532.4         4.15524        0.015625      Successful search (ES-ell)        
    13         545         18530.9           6.261        0.015625      Successful search (ES-ell)        
    13         546           18529         8.91822        0.015625      Successful search (ES-ell)        
    13         550         18527.9         10.0655        0.015625      Successful search (ES-wcm)        
    13         551         18527.7         15.1105        0.015625      Successful search (ES-wcm)        
    13         553         18522.6         10.6464        0.015625      Successful search (ES-wcm)        
    13         554           18522         11.2248        0.015625      Successful search (ES-wcm)        
    13         556         18520.9         6.44481        0.015625      Successful search (ES-wcm)        
    13         557         18515.7         5.64305        0.015625      Successful search (ES-wcm)        
    13         558         18514.1         6.08332        0.015625      Successful search (ES-wcm)        
    13         562         18512.8          5.2403        0.015625      Successful search (ES-ell)        
    13         594         18512.8          5.2403       0.0078125          Refine grid             
    14         595         18520.7         2.65548       0.0078125      Successful search (ES-wcm)        
    14         596         18519.8         2.78325       0.0078125      Successful search (ES-wcm)        
    14         597         18518.7         3.48043       0.0078125      Successful search (ES-wcm)        
    14         606         18518.4         2.97541       0.0078125      Successful search (ES-wcm)        
    14         610         18518.3         2.87582       0.0078125      Successful search (ES-ell)        
    14         611         18517.3         2.91457       0.0078125      Successful search (ES-ell)        
    14         612           18517         3.05984       0.0078125      Successful search (ES-ell)        
    14         613         18515.7          3.4589       0.0078125      Successful search (ES-ell)        
    14         614         18514.3         3.98705       0.0078125      Successful search (ES-ell)        
    14         615         18512.8         4.92242       0.0078125      Successful search (ES-ell)        
    14         616         18510.7         6.80561       0.0078125      Successful search (ES-ell)        
    14         617         18510.6         8.65248       0.0078125      Successful search (ES-ell)        
    14         619         18508.2         7.95542       0.0078125      Successful search (ES-ell)        
    14         620         18498.2         9.89255       0.0078125      Successful search (ES-ell)        
    14         646         18498.2         9.89255      0.00390625          Refine grid             Train
    15         647         18507.3          3.2721      0.00390625      Successful search (ES-ell)        
    15         648         18506.4         3.44671      0.00390625      Successful search (ES-ell)        
    15         649         18506.3         3.76032      0.00390625      Successful search (ES-ell)        
    15         650         18503.9         4.71553      0.00390625      Successful search (ES-ell)        
    15         651           18501         5.77741      0.00390625      Successful search (ES-ell)        
    15         680           18501         5.77741      0.00195312          Refine grid             
    16         681         18505.6         2.93789      0.00195312      Successful search (ES-wcm)        
    16         682         18505.5         2.94997      0.00195312      Successful search (ES-wcm)        
    16         690         18504.9         2.82808      0.00195312      Successful search (ES-wcm)        
    16         691         18504.9         2.96809      0.00195312      Successful search (ES-wcm)        
    16         693         18504.7         2.56206      0.00195312      Successful search (ES-wcm)        
    16         694         18502.6         2.68659      0.00195312      Successful search (ES-ell)        
    16         695         18499.5         3.05634      0.00195312      Successful search (ES-ell)        
    16         696         18494.7          4.1057      0.00195312      Successful search (ES-ell)        
    16         697         18493.1         6.04509      0.00195312      Successful search (ES-ell)        
    16         698         18488.5         8.46345      0.00195312      Successful search (ES-ell)        
    16         723         18488.5         8.46345     0.000976562          Refine grid             
    17         730         18503.4         3.16502     0.000976562      Successful search (ES-ell)        
    17         738         18503.4         2.39767     0.000976562      Successful search (ES-ell)        
    17         740         18503.2         2.35691     0.000976562      Successful search (ES-ell)        
    17         766         18503.2         2.35691     0.000488281          Refine grid             
    18         791         18504.6           2.326      0.00012207          Refine grid             Train
    19         816         18506.4         2.18073     6.10352e-05          Refine grid             Train
    20         817         18506.3         2.15399     6.10352e-05      Successful search (ES-ell)        
    20         818         18506.2         2.14282     6.10352e-05      Successful search (ES-ell)        
    20         830         18505.8         2.03751     6.10352e-05      Successful search (ES-ell)        
    20         833         18505.5         2.00827     6.10352e-05      Successful search (ES-wcm)        
    20         834         18505.5         2.00056     6.10352e-05      Successful search (ES-wcm)        
    20         859         18504.2           1.962      0.00012207        Successful poll           
    21         860         18504.2         1.94155      0.00012207      Successful search (ES-ell)        
    21         864           18504         1.90484      0.00012207      Successful search (ES-wcm)        
    21         866         18503.8         1.88501      0.00012207      Successful search (ES-ell)        
    21         867         18503.7         1.87662      0.00012207      Successful search (ES-ell)        
    21         868         18503.5         1.87844      0.00012207      Successful search (ES-wcm)        
    21         893         18503.5         1.87844     6.10352e-05          Refine grid             
    22         895         18505.1         1.65126     6.10352e-05      Successful search (ES-ell)        
    22         896           18505         1.64952     6.10352e-05      Successful search (ES-wcm)        
Optimization terminated: reached maximum number of function evaluations options['max_fun_evals'].
Estimated function value at minimum: 18507.68861713748 ± 2.020313376241563 (mean ± SEM from 100 samples)
BADS minimum at: x_min = [4.999  4.8506 6.8466 0.     1.     0.3766 1.784  3.8079 0.54  ], NLL = 18507.6886
total f-count: 1000, time: 43.19 min

 Optimization Run 2/2
Initial params: [0.3686, 3.9959, 11.5872, 0.0238, 0.1256, 0.3048, 45.3216, 4.6358, 9.5544]
bads:TooCloseBounds: For each variable, hard and plausible bounds should not be too close. Moving plausible bounds.
Variables (index) internally transformed to log coordinates: [[0 0]
 [0 3]
 [0 4]
 [0 5]
 [0 6]
 [0 7]
 [0 8]]
Beginning optimization of a STOCHASTIC objective function

 Iteration    f-count      E[f(x)]        SD[f(x)]           MeshScale          Method              Actions
     0           1         24211.9             nan               1                                  
     0          33         22334.3             nan               1          Initial mesh            Initial points
     0          49         22009.3        0.999965               1        Successful poll           Train
     1          50         20381.7        0.999971               1      Successful search (ES-wcm)        
     1          56         19939.1           1.061               1      Successful search (ES-wcm)        
     1          57         19881.4         1.06095               1      Successful search (ES-wcm)        
     1          60         19849.8         1.06098               1      Successful search (ES-wcm)        
     1          61           19759          1.0609               1      Successful search (ES-wcm)        
     1          64         19681.4         1.06078               1      Successful search (ES-wcm)        
     1          70         19676.8         1.05967               1      Successful search (ES-wcm)        
     1          72         19374.4         1.02851               1      Successful search (ES-ell)        
     1          74         19063.1         1.02851               1      Successful search (ES-ell)        
     1          75         18988.3         1.02854               1      Successful search (ES-wcm)        
     1          76         18831.7         1.02854               1      Successful search (ES-ell)        
     1          77         18787.3         1.02852               1      Successful search (ES-ell)        
     1          84         18774.6         1.02653               1      Successful search (ES-ell)        
     1         107         18774.6         1.02653             0.5          Refine grid             
     2         108         18724.5         1.08787             0.5      Successful search (ES-ell)        
     2         140         18724.5         1.08787            0.25          Refine grid             Train
     3         141         18732.9         13.6784            0.25      Successful search (ES-ell)        
     3         144         18709.2         13.1637            0.25      Successful search (ES-wcm)        
     3         150         18698.9         15.6183            0.25      Successful search (ES-ell)        
     3         153         18691.2         13.7143            0.25      Successful search (ES-ell)        
     3         159         18672.9          18.955            0.25      Successful search (ES-wcm)        
     3         162         18666.2         19.1658            0.25      Successful search (ES-wcm)        
     3         164         18661.1         13.1329            0.25      Successful search (ES-wcm)        
     3         165         18659.4         14.9925            0.25      Successful search (ES-ell)        
     3         170         18638.5         14.0707            0.25      Successful search (ES-wcm)        
     3         171         18622.4          17.913            0.25      Successful search (ES-wcm)        
     3         174         18599.8         17.2015            0.25      Successful search (ES-wcm)        
     3         178         18574.5          17.287            0.25      Successful search (ES-wcm)        
     3         180         18541.4          17.303            0.25      Successful search (ES-wcm)        
     3         208         18540.2         5.97159             0.5        Successful poll           
     4         211           18508         15.8485             0.5      Successful search (ES-wcm)        
     4         213         18426.3         17.7309             0.5      Successful search (ES-wcm)        
     4         221           18417         13.7264             0.5      Successful search (ES-wcm)        
     4         223         18409.4         15.1616             0.5      Successful search (ES-ell)        
     4         228         18397.4          14.951             0.5      Successful search (ES-ell)        
     4         230         18378.1         15.9649             0.5      Successful search (ES-ell)        
     4         233         18350.1         15.8156             0.5      Successful search (ES-ell)        
     4         235           18347         15.2135             0.5      Successful search (ES-ell)        
     4         239         18346.1         14.2802             0.5      Successful search (ES-ell)        
     4         240         18324.9         14.5764             0.5      Successful search (ES-ell)        
     4         248         18324.9         11.2185             0.5      Incremental search (ES-ell)        
     4         251         18312.6         12.1952             0.5      Successful search (ES-ell)        
     4         257         18310.1         12.0777             0.5      Successful search (ES-wcm)        
     4         258         18302.5         15.7067             0.5      Successful search (ES-wcm)        
     4         262         18291.8         8.42707             0.5      Successful search (ES-wcm)        
     4         284         18291.8         8.42707            0.25          Refine grid             Train
     5         307         18300.4          5.0332           0.125          Refine grid             Train
     6         308         18300.7          5.8045           0.125      Successful search (ES-wcm)        
     6         310         18297.2         11.7068           0.125      Successful search (ES-wcm)        
     6         314           18296         5.37282           0.125      Successful search (ES-wcm)        
     6         339           18296         5.37282          0.0625          Refine grid             
     7         340         18297.8         4.00374          0.0625      Successful search (ES-wcm)        
     7         344         18297.6         3.89438          0.0625      Successful search (ES-ell)        
     7         347         18296.7         3.90609          0.0625      Successful search (ES-ell)        
     7         352         18296.2         3.56715          0.0625      Successful search (ES-ell)        
     7         356         18295.5         3.33292          0.0625      Successful search (ES-ell)        
     7         361         18294.7          3.3159          0.0625      Successful search (ES-ell)        
     7         364         18292.9         3.32676          0.0625      Successful search (ES-ell)        
     7         390         18292.9         3.32676         0.03125          Refine grid             
     8         391           18293         2.78062         0.03125      Successful search (ES-ell)        
     8         392         18290.2          3.3687         0.03125      Successful search (ES-ell)        
     8         394         18288.9         4.03593         0.03125      Successful search (ES-ell)        
     8         396         18288.9         4.33744         0.03125      Successful search (ES-ell)        
     8         401         18288.6         4.08523         0.03125      Successful search (ES-ell)        
     8         433         18288.6         4.08523        0.015625          Refine grid             
     9         434         18291.2         3.02163        0.015625      Successful search (ES-wcm)        
     9         443         18290.1         2.66598        0.015625      Successful search (ES-ell)        
     9         444         18288.3         2.96012        0.015625      Successful search (ES-ell)        
     9         445         18288.3         3.59552        0.015625      Successful search (ES-ell)        
     9         446         18287.7         5.01788        0.015625      Successful search (ES-ell)        
     9         449         18286.9         3.97273        0.015625      Successful search (ES-wcm)        
     9         450         18283.4         5.14925        0.015625      Successful search (ES-ell)        
     9         452         18280.3         5.08157        0.015625      Successful search (ES-ell)        
     9         454         18280.2          5.0844        0.015625      Successful search (ES-ell)        
     9         486         18280.2          5.0844       0.0078125          Refine grid             
    10         487         18278.9          2.9578       0.0078125      Successful search (ES-wcm)        
    10         488         18278.7         3.89154       0.0078125      Successful search (ES-wcm)        
    10         521         18278.7         3.89154      0.00390625          Refine grid             Train
    11         547         18280.4         2.18436      0.00195312          Refine grid             Train
    12         548           18282         2.19593      0.00195312      Successful search (ES-ell)        
    12         549         18281.6         2.25128      0.00195312      Successful search (ES-ell)        
    12         550         18281.1         2.42323      0.00195312      Successful search (ES-ell)        
    12         551           18280         2.69988      0.00195312      Successful search (ES-ell)        
    12         552         18278.7         3.22773      0.00195312      Successful search (ES-wcm)        
    12         582         18278.7         3.22773     0.000976562          Refine grid             
    13         583         18280.7         2.04245     0.000976562      Successful search (ES-ell)        
    13         584         18280.5         2.13136     0.000976562      Successful search (ES-ell)        
    13         585         18279.2         2.30823     0.000976562      Successful search (ES-ell)        
    13         586         18278.3         2.60067     0.000976562      Successful search (ES-ell)        
    13         587         18277.6         3.07226     0.000976562      Successful search (ES-ell)        
    13         588           18276         3.88987     0.000976562      Successful search (ES-ell)        
    13         589           18273         4.70709     0.000976562      Successful search (ES-ell)        
    13         590         18268.5         6.38965     0.000976562      Successful search (ES-ell)        
    13         617         18268.5         6.38965     0.000488281          Refine grid             Train
    14         618         18280.8         1.85649     0.000488281      Incremental search (ES-ell)        
    14         619         18280.1         1.90028     0.000488281      Successful search (ES-wcm)        
    14         620         18279.6         1.95834     0.000488281      Successful search (ES-wcm)        
    14         621         18279.2         2.07794     0.000488281      Successful search (ES-wcm)        
    14         622         18278.6         2.23392     0.000488281      Successful search (ES-wcm)        
    14         623         18278.1         2.57238     0.000488281      Successful search (ES-wcm)        
    14         624         18277.5         2.86215     0.000488281      Successful search (ES-ell)        
    14         625         18276.7          3.5566     0.000488281      Successful search (ES-ell)        
    14         626         18276.1         4.93617     0.000488281      Successful search (ES-ell)        
    14         627         18274.4         4.85342     0.000488281      Successful search (ES-ell)        
    14         628         18273.3          4.8562     0.000488281      Successful search (ES-ell)        
    14         661         18273.3          4.8562     0.000244141          Refine grid             Train
    15         662         18275.6         2.49193     0.000244141      Successful search (ES-wcm)        
    15         663         18275.4         2.52556     0.000244141      Successful search (ES-wcm)        
    15         696         18275.4         2.52556      0.00012207          Refine grid             Train
    16         722         18278.8         1.96887     6.10352e-05          Refine grid             Train
    17         724         18278.9         1.56123     6.10352e-05      Successful search (ES-ell)        
    17         725         18278.8         1.56019     6.10352e-05      Successful search (ES-wcm)        
    17         726         18277.2           1.574     6.10352e-05      Successful search (ES-ell)        
    17         727           18277         1.56931     6.10352e-05      Successful search (ES-ell)        
    17         728         18276.8          1.5658     6.10352e-05      Successful search (ES-ell)        
    17         729         18276.7         1.60188     6.10352e-05      Successful search (ES-wcm)        
    17         757         18276.7         1.60188     3.05176e-05          Refine grid             
    18         783         18278.4         1.36362     6.10352e-05        Successful poll           
    19         785         18278.3         1.47898     6.10352e-05      Successful search (ES-ell)        
    19         787         18278.2          1.4791     6.10352e-05      Successful search (ES-wcm)        
    19         793           18278         1.47616     6.10352e-05      Successful search (ES-wcm)        
    19         795           18278         1.47575     6.10352e-05      Successful search (ES-ell)        
    19         796           18278         1.49954     6.10352e-05      Successful search (ES-wcm)        
    19         827         18277.8         1.40478      0.00012207        Successful poll           
    20         830         18276.9         2.39763      0.00012207      Successful search (ES-ell)        
    20         831         18274.9         3.28106      0.00012207      Successful search (ES-ell)        
    20         832         18271.2         5.07951      0.00012207      Successful search (ES-ell)        
    20         833         18261.2         7.16093      0.00012207      Successful search (ES-ell)        
    20         862         18261.2         7.16093     6.10352e-05          Refine grid             
    21         863         18275.8         3.19864     6.10352e-05      Successful search (ES-ell)        
    21         864         18274.4          4.2211     6.10352e-05      Successful search (ES-ell)        
    21         865           18266         6.25968     6.10352e-05      Successful search (ES-ell)        
    21         898           18266         6.25968     3.05176e-05          Refine grid             
    22         899         18277.7         1.94002     3.05176e-05      Successful search (ES-ell)        
    22         900         18277.2         1.93532     3.05176e-05      Successful search (ES-ell)        
Optimization terminated: reached maximum number of function evaluations options['max_fun_evals'].
Estimated function value at minimum: 18279.256197695235 ± 1.797349458393197 (mean ± SEM from 100 samples)
BADS minimum at: x_min = [4.6157 3.8725 6.2567 0.     1.     0.3359 0.3426 7.0271 0.5329], NLL = 18279.2562
total f-count: 1000, time: 44.73 min

 ------- Finish Optimization for Subject 15 ---------- 
----------------------------------------
Start job epilogue Mon Aug  4 11:18:17 CEST 2025
----------------------------------------
Job ID:          48446697
Job Exit Code:   0:0
Username:        wenlou
Group:           mpla
Queue:           batch
Compute nodes:   dccn-c085
Asked resources: walltime=20:00:00,nodes=1,cpus=12,mem=4G
Used resources:  cputime=17:36:24,walltime=01:28:02,memory=0
----------------------------------------
End job epilogue Mon Aug  4 11:18:17 CEST 2025
----------------------------------------
