----------------------------------------
Start task prologue Sun Oct  5 17:21:59 CEST 2025
----------------------------------------
Step ID:         49170167.
Username:        wenlou
Group:           mpla
Asked resources: walltime=1-00:00:00,nodes=1,cpus=4,mem=2G
Queue:           gpu
Compute nodes:   dccn-c052
----------------------------------------
End task prologue Sun Oct  5 17:21:59 CEST 2025
----------------------------------------
CUDA version:
nvcc: NVIDIA (R) Cuda compiler driver
Copyright (c) 2005-2024 NVIDIA Corporation
Built on Thu_Mar_28_02:18:24_PDT_2024
Cuda compilation tools, release 12.4, V12.4.131
Build cuda_12.4.r12.4/compiler.34097967_0

[WARNING] Please note the interface change for (de-)activating conda environment:

  - DO NOT use `conda activate` to enter the conda environment as it requires extra step to modify your ~/.bashrc file, which will force you to use this Anaconda version (2024.06).  Therefore keep using `source activate` instead.

  - DO use `conda deactivate` to leave your conda environment as `source deactivate` will be deprecated in future release.

Running model for expriment=eccent_alp, m_id=1, method=bads
device is : cuda
['eccent_alp', '1', '15,20,25', 'bads', '3']

 ------- Start Optimization for Subject 15 ---------- 

 Cross Validation fold 0/1

 -- Start Optimization: method BADS --

 Optimization Run 1/3
Initial params: [0.9026, 4.5804, 5.7415, 9.1593, 0.4963, 0.0403, 10.0137, 0.6785, 0.1603, 0.2206, 0.0047, 0.2341, 0.0034]
bads:TooCloseBounds: For each variable, hard and plausible bounds should not be too close. Moving plausible bounds.
Variables (index) internally transformed to log coordinates: [[ 0  0]
 [ 0  3]
 [ 0  5]
 [ 0 10]
 [ 0 11]
 [ 0 12]]
Beginning optimization of a STOCHASTIC objective function

 Iteration    f-count      E[f(x)]        SD[f(x)]           MeshScale          Method              Actions
     0           1         28106.8             nan               1                                  
     0          27         24864.2             nan               1          Initial mesh            Initial points
     0          28         23497.7        0.999994               1        Successful poll           Train
     1          29         21062.8        0.999995               1      Successful search (ES-wcm)        
     1          30         20388.5        0.999994               1      Successful search (ES-wcm)        
     1          33         19680.7        0.999993               1      Successful search (ES-wcm)        
     1          34         19501.4        0.999993               1      Successful search (ES-wcm)        
     1          37         18966.7        0.999992               1      Successful search (ES-wcm)        
     1          38           18245        0.999993               1      Successful search (ES-wcm)        
     1          45           18053        0.999933               1      Successful search (ES-wcm)        
     1          47         17988.5        0.999899               1      Successful search (ES-wcm)        
     1          48         17770.7        0.999961               1      Successful search (ES-wcm)        
     1          50         17740.9        0.999893               1      Successful search (ES-wcm)        
     1          51         17508.4        0.999968               1      Successful search (ES-wcm)        
     1          52         17401.9         0.99979               1      Successful search (ES-wcm)        
     1          54         17328.9         0.99986               1      Successful search (ES-wcm)        
     1          59         17260.7               1               1      Successful search (ES-wcm)        
     1          71         17182.5         1.00007               1      Successful search (ES-wcm)        
     1          74         17158.2        0.999986               1      Successful search (ES-wcm)        
     1          77         17014.7        0.999493               1      Successful search (ES-wcm)        
     1         109         16775.5         24.4746               1        Successful poll           Train
     2         114         16987.1          50.397               1      Successful search (ES-wcm)        
     2         117         16933.5         36.9484               1      Successful search (ES-ell)        
     2         118           16890         41.3697               1      Successful search (ES-ell)        
     2         119         16868.9          45.042               1      Successful search (ES-ell)        
     2         121         16820.9         43.7083               1      Successful search (ES-ell)        
     2         124         16819.2         43.9888               1      Successful search (ES-ell)        
     2         136         16761.9         39.6971               1      Successful search (ES-ell)        
     2         179         16761.9         39.6971             0.5          Refine grid             Train
     3         180         16790.1         20.7485             0.5      Successful search (ES-wcm)        
     3         183         16785.2         16.4694             0.5      Successful search (ES-wcm)        
     3         184         16781.9         21.4307             0.5      Successful search (ES-wcm)        
     3         187         16775.1         16.5233             0.5      Successful search (ES-wcm)        
     3         226         16775.1         16.5233            0.25          Refine grid             
     4         227         16782.9         8.61058            0.25      Successful search (ES-ell)        
     4         228         16780.7         12.9906            0.25      Successful search (ES-ell)        
     4         274         16780.7         12.9906           0.125          Refine grid             Train
     5         275         16814.9         6.80738           0.125      Successful search (ES-ell)        
     5         276         16803.3         8.24191           0.125      Successful search (ES-ell)        
     5         277         16794.1         10.7628           0.125      Successful search (ES-ell)        
     5         280         16789.6         11.5868           0.125      Successful search (ES-wcm)        
     5         282         16782.6         12.5054           0.125      Successful search (ES-wcm)        
     5         283         16778.8         14.1692           0.125      Successful search (ES-wcm)        
     5         287         16777.5         12.1577           0.125      Successful search (ES-wcm)        
     5         288         16773.5         13.9645           0.125      Successful search (ES-wcm)        
     5         295         16772.7         10.2316           0.125      Successful search (ES-ell)        
     5         296         16769.1         10.1732           0.125      Successful search (ES-ell)        
     5         298         16767.5         9.90379           0.125      Successful search (ES-ell)        
     5         301         16764.2         10.7022           0.125      Successful search (ES-ell)        
     5         302         16759.4         14.0217           0.125      Successful search (ES-ell)        
     5         303         16756.8         18.9589           0.125      Successful search (ES-ell)        
     5         328         16404.4         7.42823            0.25        Successful poll           
     6         329         16049.1         10.6412            0.25      Successful search (ES-ell)        
     6         330         15833.1         16.1709            0.25      Successful search (ES-ell)        
     6         374         15833.1         16.1709           0.125          Refine grid             
     7         408         16807.7         6.69992          0.0625          Refine grid             
     8         409         16763.6         5.74508          0.0625      Successful search (ES-ell)        
     8         410           16751         5.82616          0.0625      Successful search (ES-wcm)        
     8         411         16735.4         6.39654          0.0625      Successful search (ES-wcm)        
     8         412         16714.9         7.92828          0.0625      Successful search (ES-wcm)        
     8         413         16693.5         12.5018          0.0625      Successful search (ES-wcm)        
     8         414           16583           13.87          0.0625      Successful search (ES-ell)        
     8         415         16552.6         13.7379          0.0625      Successful search (ES-ell)        
     8         456         16552.6         13.7379         0.03125          Refine grid             Train
     9         457         16719.9         7.19266         0.03125      Successful search (ES-ell)        
     9         458         16667.9         7.92606         0.03125      Successful search (ES-ell)        
     9         459         16597.8         9.43033         0.03125      Successful search (ES-ell)        
     9         460           16513          11.331         0.03125      Successful search (ES-ell)        
     9         506           16513          11.331        0.015625          Refine grid             Train
    10         507         16837.7         5.03277        0.015625      Successful search (ES-ell)        
    10         508         16831.5         5.15641        0.015625      Successful search (ES-ell)        
    10         509         16821.6         5.86624        0.015625      Successful search (ES-ell)        
    10         510         16808.1         6.72091        0.015625      Successful search (ES-ell)        
    10         511         16772.1         7.98256        0.015625      Successful search (ES-ell)        
    10         512         16754.8         10.9984        0.015625      Successful search (ES-ell)        
    10         513           16751         12.8879        0.015625      Successful search (ES-ell)        
    10         514         16744.6         15.5654        0.015625      Successful search (ES-ell)        
    10         515         16740.7         19.0139        0.015625      Successful search (ES-ell)        
    10         554         16740.7         19.0139       0.0078125          Refine grid             
    11         555         16806.4         6.12075       0.0078125      Successful search (ES-ell)        
    11         601         16805.3         4.88528        0.015625        Successful poll           
    12         602           16801          4.5613        0.015625      Successful search (ES-ell)        
    12         603         16794.8         4.73277        0.015625      Successful search (ES-ell)        
    12         604         16787.6         4.98745        0.015625      Successful search (ES-ell)        
    12         605         16777.4         5.42862        0.015625      Successful search (ES-ell)        
    12         606         16762.5         5.51955        0.015625      Successful search (ES-ell)        
    12         607         16742.3         7.05649        0.015625      Successful search (ES-ell)        
    12         608         16737.5         9.89494        0.015625      Successful search (ES-wcm)        
    12         649         16737.5         9.89494       0.0078125          Refine grid             
    13         650         16813.2         4.22181       0.0078125      Successful search (ES-ell)        
    13         651         16809.8         4.23208       0.0078125      Successful search (ES-ell)        
    13         652         16807.1         4.34794       0.0078125      Successful search (ES-ell)        
    13         653         16802.4         4.74985       0.0078125      Successful search (ES-ell)        
    13         654         16801.4         5.54742       0.0078125      Successful search (ES-ell)        
    13         655         16791.8         7.99396       0.0078125      Successful search (ES-ell)        
    13         656         16786.5         10.4763       0.0078125      Successful search (ES-ell)        
    13         657         16778.6         13.0635       0.0078125      Successful search (ES-ell)        
    13         658         16776.8         15.2287       0.0078125      Successful search (ES-ell)        
    13         699         16776.8         15.2287      0.00390625          Refine grid             Train
    14         700           16811         5.02737      0.00390625      Successful search (ES-wcm)        
    14         750           16811         5.02737      0.00195312          Refine grid             
    15         751         16810.7         3.72829      0.00195312      Successful search (ES-ell)        
    15         752         16809.9         3.81383      0.00195312      Successful search (ES-ell)        
    15         753         16809.7         3.94563      0.00195312      Successful search (ES-ell)        
    15         754         16806.7         5.84071      0.00195312      Successful search (ES-ell)        
    15         755         16803.7          6.7556      0.00195312      Successful search (ES-ell)        
    15         756         16800.6         8.24198      0.00195312      Successful search (ES-ell)        
    15         757         16794.5         9.64257      0.00195312      Successful search (ES-ell)        
    15         758         16779.6         11.2787      0.00195312      Successful search (ES-ell)        
    15         759         16775.6         14.0735      0.00195312      Successful search (ES-ell)        
    15         760         16767.7         21.8238      0.00195312      Successful search (ES-wcm)        
    15         761         16747.8         22.5884      0.00195312      Successful search (ES-ell)        
    15         798         16747.8         22.5884     0.000976562          Refine grid             
Optimization terminated: change in the function value less than options['tol_mesh']
Estimated function value at minimum: 16812.14575891902 ± 3.8736875777016957 (mean ± SEM from 100 samples)
BADS minimum at: x_min = [ 2.54040e+00  1.13025e+01  1.32608e+01  1.04000e+00 -9.57270e+00
  1.00000e-04  1.33074e+01  4.74700e-01  3.75500e-01  4.30700e-01
  1.00000e-02  2.00000e+00  4.27500e-01], training NLL = 16812.1458
total f-count: 898, time: 45.14 min

 Optimization Run 2/3
Initial params: [0.6058, 8.9176, 12.6122, 5.4504, 0.1817, 0.0102, 26.4232, 0.37, 0.2383, 0.1879, 0.3886, 0.089, 0.8508]
bads:TooCloseBounds: For each variable, hard and plausible bounds should not be too close. Moving plausible bounds.
Variables (index) internally transformed to log coordinates: [[ 0  0]
 [ 0  3]
 [ 0  5]
 [ 0 10]
 [ 0 11]
 [ 0 12]]
Beginning optimization of a STOCHASTIC objective function

 Iteration    f-count      E[f(x)]        SD[f(x)]           MeshScale          Method              Actions
     0           1         24775.8             nan               1                                  
     0          27         24775.8             nan               1          Initial mesh            Initial points
     0          34         20204.5        0.999988               1        Successful poll           Train
     1          35         19916.5        0.999989               1      Successful search (ES-ell)        
     1          38         19841.6        0.999988               1      Successful search (ES-wcm)        
     1          40         18826.8        0.999987               1      Successful search (ES-ell)        
     1          43         18760.7        0.999976               1      Successful search (ES-wcm)        
     1          44         18407.3        0.999984               1      Successful search (ES-ell)        
     1          45         18201.1        0.999988               1      Successful search (ES-ell)        
     1          53         18071.7         0.99991               1      Successful search (ES-ell)        
     1          56         17959.3        0.998944               1      Successful search (ES-ell)        
     1          63         17922.9        0.999094               1      Successful search (ES-ell)        
     1          68         17866.3        0.997505               1      Successful search (ES-ell)        
     1          69           17833        0.998427               1      Successful search (ES-ell)        
     1          75         17790.7        0.999058               1      Successful search (ES-ell)        
     1          89         17784.5         1.01797               1      Successful search (ES-ell)        
     1          96         17746.9         1.00922               1      Successful search (ES-ell)        
     1         130         17714.6         1.00399               1        Successful poll           
----------------------------------------
Start job epilogue Sun Oct  5 22:50:31 CEST 2025
----------------------------------------
Job ID:          49170167
Job Exit Code:   0:0
Username:        wenlou
Group:           mpla
Queue:           gpu
Compute nodes:   dccn-c052
Asked resources: walltime=1-00:00:00,nodes=1,cpus=4,mem=2G
Used resources:  cputime=21:52:00,walltime=05:28:00,memory=1G
----------------------------------------
End job epilogue Sun Oct  5 22:50:31 CEST 2025
----------------------------------------
