----------------------------------------
Start task prologue Sun Oct  5 10:24:23 CEST 2025
----------------------------------------
Step ID:         49169828.
Username:        wenlou
Group:           mpla
Asked resources: walltime=1-00:00:00,nodes=1,cpus=4,mem=2G
Queue:           gpu
Compute nodes:   dccn-c054
----------------------------------------
End task prologue Sun Oct  5 10:24:23 CEST 2025
----------------------------------------
CUDA version:
nvcc: NVIDIA (R) Cuda compiler driver
Copyright (c) 2005-2024 NVIDIA Corporation
Built on Thu_Mar_28_02:18:24_PDT_2024
Cuda compilation tools, release 12.4, V12.4.131
Build cuda_12.4.r12.4/compiler.34097967_0

[WARNING] Please note the interface change for (de-)activating conda environment:

  - DO NOT use `conda activate` to enter the conda environment as it requires extra step to modify your ~/.bashrc file, which will force you to use this Anaconda version (2024.06).  Therefore keep using `source activate` instead.

  - DO use `conda deactivate` to leave your conda environment as `source deactivate` will be deprecated in future release.

Running model for expriment=eccent_alp, m_id=1, method=bads
device is : cuda
['eccent_alp', '1', 'all', 'bads', '2']

 ------- Start Optimization for Subject 2 ---------- 

 Cross Validation fold 0/1

 -- Start Optimization: method BADS --

 Optimization Run 1/2
Initial params: [1.3073, 9.0324, 14.7563, 9.0761, -4.3515, 0.079, 16.7813, 0.3238, 0.1394, 0.1924, 0.9559, 0.4423, 0.7086]
bads:TooCloseBounds: For each variable, hard and plausible bounds should not be too close. Moving plausible bounds.
Variables (index) internally transformed to log coordinates: [[ 0  0]
 [ 0  3]
 [ 0  5]
 [ 0 10]
 [ 0 11]
 [ 0 12]]
Beginning optimization of a STOCHASTIC objective function

 Iteration    f-count      E[f(x)]        SD[f(x)]           MeshScale          Method              Actions
     0           1         28982.7             nan               1                                  
     0          27         26130.1             nan               1          Initial mesh            Initial points
     0          28         25661.5        0.999964               1        Successful poll           Train
     1          30           24864        0.999963               1      Successful search (ES-wcm)        
     1          33         24082.2        0.999915               1      Successful search (ES-wcm)        
     1          38         23990.3        0.999739               1      Successful search (ES-wcm)        
     1          40         23933.4        0.999864               1      Successful search (ES-ell)        
     1          42         23603.2        0.999948               1      Successful search (ES-wcm)        
     1          44           23178        0.999927               1      Successful search (ES-wcm)        
     1          47         22853.7        0.999919               1      Successful search (ES-wcm)        
     1          51         22528.8        0.999768               1      Successful search (ES-wcm)        
     1          54         22313.8        0.998899               1      Successful search (ES-wcm)        
     1          55         22041.2         1.00891               1      Successful search (ES-ell)        
     1          56         21651.3         1.00891               1      Successful search (ES-ell)        
     1          58         21248.5          1.0089               1      Successful search (ES-ell)        
     1          61         21164.9          1.0089               1      Successful search (ES-wcm)        
     1          67         21043.9         1.00886               1      Successful search (ES-ell)        
     1          68         20977.8          1.0089               1      Successful search (ES-ell)        
     1          70         20947.4          1.0089               1      Successful search (ES-ell)        
     1          74         20867.4         1.00889               1      Successful search (ES-ell)        
     1          75         20620.6          1.0089               1      Successful search (ES-ell)        
     1          76         20074.9         1.00889               1      Successful search (ES-ell)        
     1          77         19939.5          1.0089               1      Successful search (ES-ell)        
     1          80         19687.7          1.0089               1      Successful search (ES-ell)        
     1          89         19685.3        0.999729               1      Successful search (ES-ell)        
     1          91         19623.6        0.996043               1      Successful search (ES-ell)        
     1          95           19623         1.00271               1      Incremental search (ES-ell)        
     1          99         19524.7         1.00266               1      Successful search (ES-ell)        
     1         100         19425.6         1.00256               1      Successful search (ES-ell)        
     1         106         19372.7         1.00092               1      Successful search (ES-ell)        
     1         139         19372.7         1.00092             0.5          Refine grid             Train
     2         174         19373.4         1.10407            0.25          Refine grid             Train
     3         175         19467.4         24.5921            0.25      Successful search (ES-ell)        
     3         176         19436.1         51.6354            0.25      Successful search (ES-ell)        
     3         178           19387         44.8952            0.25      Successful search (ES-ell)        
     3         180         19371.1         47.2566            0.25      Successful search (ES-wcm)        
     3         181         19331.3         66.4552            0.25      Successful search (ES-wcm)        
     3         182         19294.8         68.9022            0.25      Successful search (ES-ell)        
     3         187         19285.5         47.2661            0.25      Successful search (ES-wcm)        
     3         223         19285.5         47.2661           0.125          Refine grid             
     4         224           19282         16.5018           0.125      Successful search (ES-ell)        
     4         225         19244.6         25.3931           0.125      Successful search (ES-ell)        
     4         226         19209.4          26.746           0.125      Successful search (ES-wcm)        
     4         227         19171.9         41.4602           0.125      Successful search (ES-wcm)        
     4         228         19130.8         58.6714           0.125      Successful search (ES-wcm)        
     4         231         19123.9         49.3341           0.125      Successful search (ES-wcm)        
     4         233         19118.5         32.4182           0.125      Successful search (ES-wcm)        
     4         239         19116.9         22.2639           0.125      Successful search (ES-wcm)        
     4         241         19112.7         20.0758           0.125      Successful search (ES-wcm)        
     4         242         19105.8         24.2996           0.125      Successful search (ES-ell)        
     4         245         19104.2         24.6847           0.125      Successful search (ES-ell)        
     4         246         19102.1         29.3032           0.125      Successful search (ES-ell)        
     4         247         19095.2         34.7199           0.125      Successful search (ES-ell)        
     4         284         19095.2         34.7199          0.0625          Refine grid             
     5         285         19124.8         11.4989          0.0625      Successful search (ES-ell)        
     5         286         19105.7         17.8244          0.0625      Successful search (ES-ell)        
     5         287         19089.2         26.8836          0.0625      Successful search (ES-ell)        
     5         322           19084         9.43758           0.125        Successful poll           Train
     6         323         19074.4         14.3765           0.125      Successful search (ES-ell)        
     6         324           19048         21.9968           0.125      Successful search (ES-ell)        
     6         370           19048         21.9968          0.0625          Refine grid             
     7         371         19084.3         9.22488          0.0625      Successful search (ES-ell)        
     7         372         19074.6         13.0672          0.0625      Successful search (ES-ell)        
     7         373         19062.9         18.1948          0.0625      Successful search (ES-ell)        
     7         374         19050.5         22.9925          0.0625      Successful search (ES-ell)        
     7         418         19050.5         22.9925         0.03125          Refine grid             
     8         419         19072.2         6.82094         0.03125      Successful search (ES-ell)        
     8         420         19069.7         9.20595         0.03125      Successful search (ES-ell)        
     8         421         19067.7         13.8156         0.03125      Successful search (ES-ell)        
     8         424         19067.2         13.5948         0.03125      Successful search (ES-wcm)        
     8         425           19065          15.791         0.03125      Successful search (ES-wcm)        
     8         426         19059.2         20.2623         0.03125      Successful search (ES-wcm)        
     8         467         19059.2         20.2623        0.015625          Refine grid             Train
     9         468         19074.2         6.91962        0.015625      Successful search (ES-wcm)        
     9         469           19070         6.89494        0.015625      Successful search (ES-wcm)        
     9         470         19064.7         7.24874        0.015625      Successful search (ES-wcm)        
     9         471         19058.3         8.28766        0.015625      Successful search (ES-wcm)        
     9         472         19049.2         11.8711        0.015625      Successful search (ES-ell)        
     9         473         19043.9         13.7093        0.015625      Successful search (ES-ell)        
     9         474         19043.8         19.4198        0.015625      Successful search (ES-ell)        
     9         518         19043.8         19.4198       0.0078125          Refine grid             
    10         519         19071.6         6.90895       0.0078125      Successful search (ES-ell)        
    10         569         19054.2          15.977        0.015625        Successful poll           
    11         572           19044         15.2573        0.015625      Successful search (ES-wcm)        
    11         573         19039.9         15.3626        0.015625      Successful search (ES-ell)        
    11         574         19026.7         14.9543        0.015625      Successful search (ES-ell)        
    11         575           19023         17.4441        0.015625      Successful search (ES-wcm)        
    11         576         19019.9         18.1997        0.015625      Successful search (ES-ell)        
    11         577         19002.4         21.5472        0.015625      Successful search (ES-wcm)        
    11         601         18985.2         21.2882         0.03125        Successful poll           
    12         637         19027.3         18.3001          0.0625        Successful poll           
    13         638         19041.1         11.5934          0.0625      Successful search (ES-wcm)        
    13         644         19033.7         9.70626          0.0625      Successful search (ES-ell)        
    13         645         19026.3          10.346          0.0625      Successful search (ES-ell)        
    13         646           19009          12.312          0.0625      Successful search (ES-ell)        
    13         647         18999.1         15.7569          0.0625      Successful search (ES-ell)        
    13         648         18995.3         19.7331          0.0625      Successful search (ES-ell)        
    13         686         18995.3         19.7331         0.03125          Refine grid             
    14         723           19007          16.581        0.015625          Refine grid             Train
    15         724         19043.5          7.1241        0.015625      Successful search (ES-ell)        
    15         725         19032.2         8.10557        0.015625      Successful search (ES-ell)        
    15         726         19023.2         10.2831        0.015625      Successful search (ES-ell)        
    15         727         19008.5         14.2593        0.015625      Successful search (ES-ell)        
    15         728         18994.7           18.58        0.015625      Successful search (ES-ell)        
    15         729         18983.6          23.389        0.015625      Successful search (ES-ell)        
    15         774         18983.6          23.389       0.0078125          Refine grid             
    16         775         19052.6         6.68537       0.0078125      Successful search (ES-ell)        
    16         776         19049.4         7.04589       0.0078125      Successful search (ES-ell)        
    16         777         19044.9         7.91031       0.0078125      Successful search (ES-ell)        
    16         778         19042.8         9.43126       0.0078125      Successful search (ES-ell)        
    16         779         19036.4         11.1046       0.0078125      Successful search (ES-ell)        
    16         780         19025.8         13.3433       0.0078125      Successful search (ES-ell)        
    16         781           19011          18.518       0.0078125      Successful search (ES-ell)        
    16         823           19011          18.518      0.00390625          Refine grid             
    17         824         19052.1         6.81353      0.00390625      Successful search (ES-wcm)        
    17         825         19050.3         7.00702      0.00390625      Successful search (ES-wcm)        
    17         826         19049.1         8.12092      0.00390625      Successful search (ES-wcm)        
    17         827         19045.8          8.7217      0.00390625      Successful search (ES-wcm)        
    17         828         19040.3         10.1588      0.00390625      Successful search (ES-wcm)        
    17         829           19024         13.1207      0.00390625      Successful search (ES-wcm)        
    17         875           19024         13.1207      0.00195312          Refine grid             Train
    18         876         19027.8         6.90701      0.00195312      Successful search (ES-ell)        
    18         927         19027.8         6.90701     0.000976562          Refine grid             Train
Optimization terminated: change in the function value less than options['tol_mesh']
Estimated function value at minimum: 19034.63928971385 ± 5.669197574021147 (mean ± SEM from 100 samples)
BADS minimum at: x_min = [ 1.4469e+00  8.8778e+00  8.2941e+00  8.5000e-03 -5.5740e-01  5.5000e-03
  8.9374e+00  4.8250e-01  4.0140e-01  4.7150e-01  0.0000e+00  1.9614e+00
  2.7630e-01], training NLL = 19034.6393
total f-count: 1027, time: 51.54 min

 Optimization Run 2/2
Initial params: [1.574, 9.0881, 11.539, 2.6744, 4.3756, 0.0839, 28.7683, 0.6562, 0.2199, 0.2786, 0.2965, 0.0076, 0.8548]
bads:TooCloseBounds: For each variable, hard and plausible bounds should not be too close. Moving plausible bounds.
Variables (index) internally transformed to log coordinates: [[ 0  0]
 [ 0  3]
 [ 0  5]
 [ 0 10]
 [ 0 11]
 [ 0 12]]
Beginning optimization of a STOCHASTIC objective function

 Iteration    f-count      E[f(x)]        SD[f(x)]           MeshScale          Method              Actions
     0           1         27640.1             nan               1                                  
     0          27         26098.9             nan               1          Initial mesh            Initial points
     0          28         25637.6        0.999972               1        Successful poll           Train
     1          30         25011.2        0.999972               1      Successful search (ES-wcm)        
     1          31         24206.4        0.999972               1      Successful search (ES-ell)        
     1          32         23922.6        0.999973               1      Successful search (ES-ell)        
     1          34         21842.2        0.999972               1      Successful search (ES-ell)        
     1          38         21737.6        0.999969               1      Successful search (ES-ell)        
     1          41         21669.4        0.999955               1      Successful search (ES-ell)        
     1          44         21328.2        0.999945               1      Successful search (ES-ell)        
     1          47         21307.7        0.999917               1      Successful search (ES-ell)        
     1          50           20634         0.99968               1      Successful search (ES-ell)        
     1          51         20542.8        0.999787               1      Successful search (ES-ell)        
     1          53         20391.5         0.99985               1      Successful search (ES-ell)        
     1          55         20314.5        0.941187               1      Successful search (ES-ell)        
     1          56           20164        0.941185               1      Successful search (ES-wcm)        
     1          59         20016.7        0.941186               1      Successful search (ES-ell)        
     1          60         19888.2        0.941187               1      Successful search (ES-wcm)        
     1          69         19515.2        0.941185               1      Successful search (ES-wcm)        
     1          71         19506.5        0.941182               1      Successful search (ES-wcm)        
     1          77         19431.8         0.94114               1      Successful search (ES-wcm)        
     1          79         19385.9        0.941098               1      Successful search (ES-ell)        
     1          92         19332.5        0.979307               1      Successful search (ES-ell)        
     1          98         19309.6        0.997833               1      Successful search (ES-ell)        
     1         138         19309.6        0.997833             0.5          Refine grid             Train
     2         172         19310.3        0.917571            0.25          Refine grid             Train
     3         173         19417.9         38.3373            0.25      Successful search (ES-ell)        
     3         174         19400.7         49.9858            0.25      Successful search (ES-ell)        
     3         176         19350.6         54.5942            0.25      Successful search (ES-wcm)        
     3         177         19292.1         65.7156            0.25      Successful search (ES-wcm)        
     3         180         19279.2          59.274            0.25      Successful search (ES-wcm)        
     3         183           19265         49.3408            0.25      Successful search (ES-wcm)        
     3         184         19183.1         60.0208            0.25      Successful search (ES-wcm)        
     3         186         19160.1         58.3024            0.25      Successful search (ES-ell)        
     3         234         19160.1         58.3024           0.125          Refine grid             
     4         235         19202.8         23.5488           0.125      Successful search (ES-ell)        
     4         236         19185.6         39.2499           0.125      Successful search (ES-ell)        
     4         283         19185.6         39.2499          0.0625          Refine grid             
     5         284           19208         15.5941          0.0625      Successful search (ES-ell)        
     5         285         19157.9          23.757          0.0625      Successful search (ES-ell)        
     5         286         19089.7         37.5673          0.0625      Successful search (ES-ell)        
     5         332         19089.7         37.5673         0.03125          Refine grid             Train
     6         333         19222.3         10.3279         0.03125      Successful search (ES-ell)        
     6         334           19212         13.2996         0.03125      Successful search (ES-ell)        
     6         335         19195.7         18.4271         0.03125      Successful search (ES-ell)        
     6         336         19161.1         26.1618         0.03125      Successful search (ES-ell)        
     6         337         19121.4         35.4653         0.03125      Successful search (ES-ell)        
     6         340         19119.7         28.4438         0.03125      Successful search (ES-ell)        
     6         341         19088.5         32.6722         0.03125      Successful search (ES-ell)        
     6         381         19088.5         32.6722        0.015625          Refine grid             
     7         382         19146.4         9.38575        0.015625      Successful search (ES-ell)        
     7         383         19144.9         9.74724        0.015625      Successful search (ES-wcm)        
     7         384         19143.8         10.6306        0.015625      Successful search (ES-wcm)        
     7         385         19139.6         12.8708        0.015625      Successful search (ES-wcm)        
     7         431         19139.6         12.8708       0.0078125          Refine grid             
     8         432         19175.6         7.44269       0.0078125      Successful search (ES-wcm)        
     8         433         19172.7         7.74714       0.0078125      Successful search (ES-wcm)        
     8         434         19169.3         8.09148       0.0078125      Successful search (ES-wcm)        
     8         435         19160.6         9.09285       0.0078125      Successful search (ES-ell)        
     8         436         19153.8         10.1264       0.0078125      Successful search (ES-wcm)        
     8         437         19148.1          11.108       0.0078125      Successful search (ES-wcm)        
     8         438         19140.2          13.463       0.0078125      Successful search (ES-wcm)        
     8         439         19126.4         15.3428       0.0078125      Successful search (ES-wcm)        
     8         440         19115.5         17.7433       0.0078125      Successful search (ES-wcm)        
     8         441         19088.3         22.3079       0.0078125      Successful search (ES-wcm)        
     8         442         19086.5         31.4168       0.0078125      Successful search (ES-wcm)        
     8         443         19052.9         39.4428       0.0078125      Successful search (ES-wcm)        
     8         444         19028.8         49.7662       0.0078125      Successful search (ES-wcm)        
     8         481         19028.8         49.7662      0.00390625          Refine grid             
     9         493         19109.6         7.52938      0.00390625      Successful search (ES-ell)        
     9         494         19109.2         7.45706      0.00390625      Successful search (ES-wcm)        
     9         495         19104.7         7.41243      0.00390625      Successful search (ES-ell)        
     9         496           19100         7.43889      0.00390625      Successful search (ES-ell)        
     9         497         19091.1         7.50742      0.00390625      Successful search (ES-ell)        
     9         498         19081.5         7.70851      0.00390625      Successful search (ES-ell)        
     9         499           19067         8.46505      0.00390625      Successful search (ES-ell)        
     9         500         19046.5         8.93837      0.00390625      Successful search (ES-ell)        
     9         501         19015.9         10.7175      0.00390625      Successful search (ES-ell)        
     9         502         18975.4         13.1407      0.00390625      Successful search (ES-ell)        
     9         503         18952.9         18.1328      0.00390625      Successful search (ES-ell)        
     9         504         18936.2         22.1921      0.00390625      Successful search (ES-ell)        
     9         546         18936.2         22.1921      0.00195312          Refine grid             Train
    10         547         19124.4         6.97733      0.00195312      Successful search (ES-ell)        
    10         548         19121.1         6.98893      0.00195312      Successful search (ES-ell)        
    10         549         19116.5         7.02776      0.00195312      Successful search (ES-ell)        
    10         550         19113.4         7.04565      0.00195312      Successful search (ES-ell)        
    10         551         19109.2         7.15358      0.00195312      Successful search (ES-ell)        
    10         552         19103.5         7.56533      0.00195312      Successful search (ES-ell)        
    10         553         19092.6         8.54524      0.00195312      Successful search (ES-ell)        
    10         554         19086.1         9.46108      0.00195312      Successful search (ES-ell)        
    10         555         19067.7          12.088      0.00195312      Successful search (ES-ell)        
    10         556           19040         14.5655      0.00195312      Successful search (ES-ell)        
    10         557         19016.5          19.341      0.00195312      Successful search (ES-ell)        
    10         558         19007.5          27.034      0.00195312      Successful search (ES-ell)        
    10         597         19007.5          27.034     0.000976562          Refine grid             Train
Optimization terminated: change in the function value less than options['tol_mesh']
Estimated function value at minimum: 19107.342742527402 ± 5.238798550870413 (mean ± SEM from 100 samples)
BADS minimum at: x_min = [ 1.57640e+00  1.03096e+01  7.73110e+00  1.20100e-01 -4.58700e-01
  2.10000e-03  1.03715e+01  4.77700e-01  3.83800e-01  4.16000e-01
  9.87000e-02  2.00000e+00  2.79900e-01], training NLL = 19107.3427
total f-count: 697, time: 34.89 min

 ------- Finish Optimization for Subject 2 ---------- 

 ------- Start Optimization for Subject 3 ---------- 

 Cross Validation fold 0/1

 -- Start Optimization: method BADS --

 Optimization Run 1/2
Initial params: [0.8193, 9.969, 2.5434, 16.76, -4.0961, 0.0407, 28.125, 0.6638, 0.2877, 0.2765, 0.9969, 0.7067, 0.7165]
bads:TooCloseBounds: For each variable, hard and plausible bounds should not be too close. Moving plausible bounds.
Variables (index) internally transformed to log coordinates: [[ 0  0]
 [ 0  3]
 [ 0  5]
 [ 0 10]
 [ 0 11]
 [ 0 12]]
Beginning optimization of a STOCHASTIC objective function

 Iteration    f-count      E[f(x)]        SD[f(x)]           MeshScale          Method              Actions
     0           1         28909.9             nan               1                                  
     0          27         26748.2             nan               1          Initial mesh            Initial points
     0          28         26052.2        0.999975               1        Successful poll           Train
     1          29         23992.6        0.999976               1      Successful search (ES-wcm)        
     1          35         23985.5        0.999858               1      Successful search (ES-wcm)        
     1          39         23921.8        0.999411               1      Successful search (ES-wcm)        
     1          42         23514.1        0.999953               1      Successful search (ES-wcm)        
     1          51         23498.6        0.997773               1      Successful search (ES-wcm)        
     1          52         23307.2        0.997156               1      Successful search (ES-wcm)        
     1          53         23268.9        0.999462               1      Successful search (ES-wcm)        
     1          54         23053.2         0.99933               1      Successful search (ES-wcm)        
     1          57         22462.2        0.982365               1      Successful search (ES-wcm)        
     1          60         22422.8        0.982333               1      Successful search (ES-ell)        
     1          63         22413.3        0.982335               1      Successful search (ES-wcm)        
     1          67         22305.1        0.982115               1      Successful search (ES-wcm)        
     1          70         22069.8        0.982296               1      Successful search (ES-wcm)        
----------------------------------------
Start job epilogue Sun Oct  5 17:21:14 CEST 2025
----------------------------------------
Job ID:          49169828
Job Exit Code:   0:0
Username:        wenlou
Group:           mpla
Queue:           gpu
Compute nodes:   dccn-c054
Asked resources: walltime=1-00:00:00,nodes=1,cpus=4,mem=2G
Used resources:  cputime=1-03:45:20,walltime=06:56:20,memory=1G
----------------------------------------
End job epilogue Sun Oct  5 17:21:15 CEST 2025
----------------------------------------
