----------------------------------------
Start task prologue Tue Feb 24 16:17:10 CET 2026
----------------------------------------
Step ID:         51105686.
Username:        wenlou
Group:           mpla
Asked resources: walltime=1-00:00:00,nodes=1,cpus=8,mem=2G
Queue:           gpu
Compute nodes:   dccn-c086
----------------------------------------
End task prologue Tue Feb 24 16:17:10 CET 2026
----------------------------------------
CUDA version:
nvcc: NVIDIA (R) Cuda compiler driver
Copyright (c) 2005-2024 NVIDIA Corporation
Built on Thu_Mar_28_02:18:24_PDT_2024
Cuda compilation tools, release 12.4, V12.4.131
Build cuda_12.4.r12.4/compiler.34097967_0

[WARNING] Please note the interface change for (de-)activating conda environment:

  - DO NOT use `conda activate` to enter the conda environment as it requires extra step to modify your ~/.bashrc file, which will force you to use this Anaconda version (2024.06).  Therefore keep using `source activate` instead.

  - DO use `conda deactivate` to leave your conda environment as `source deactivate` will be deprecated in future release.

Running model for expriment=percept_only3, m_id=1, method=bads
device is : cuda
['percept_only3', '1', '2', 'bads', '5']

 ------- Start Optimization for Subject 2 ---------- 

 Cross Validation fold 0/1

 -- Start Optimization: method BADS --

 Optimization Run 1/5
Initial params: [1.9545, 3.3813, 7.8429, 39.4474, 3.825, 0.4074, 15.9337, 0.3041, 0.2688]
bads:TooCloseBounds: For each variable, hard and plausible bounds should not be too close. Moving plausible bounds.
Variables (index) internally transformed to log coordinates: [[0 0]
 [0 3]
 [0 4]]
Beginning optimization of a STOCHASTIC objective function

 Iteration    f-count      E[f(x)]        SD[f(x)]           MeshScale          Method              Actions
     0           1         22555.4             nan               1                                  
     0          33         19070.3             nan               1          Initial mesh            Initial points
     0          47         18692.5         1.00002               1        Successful poll           Train
     1          49         18542.8         1.00002               1      Successful search (ES-wcm)        
     1          53         18335.6        0.982048               1      Successful search (ES-wcm)        
     1          58         18303.9        0.982008               1      Successful search (ES-wcm)        
     1          59         18074.9        0.982041               1      Successful search (ES-wcm)        
     1          72         18069.2        0.971603               1      Successful search (ES-wcm)        
     1          79         18059.4         0.97013               1      Successful search (ES-wcm)        
     1          81         18019.2        0.971675               1      Successful search (ES-wcm)        
     1          83           17983        0.970974               1      Successful search (ES-wcm)        
     1          85         17867.6        0.971577               1      Successful search (ES-wcm)        
     1          88         17862.3        0.971842               1      Successful search (ES-wcm)        
     1          98         17827.3        0.984093               1      Successful search (ES-wcm)        
     1         101         17823.1        0.983418               1      Successful search (ES-wcm)        
     1         124         17823.1        0.983418             0.5          Refine grid             Train
     2         149         17824.3         1.24815            0.25          Refine grid             Train
     3         150         17858.7         45.8579            0.25      Successful search (ES-wcm)        
     3         163         17854.3         28.9072            0.25      Successful search (ES-wcm)        
     3         165         17849.1         29.2267            0.25      Successful search (ES-wcm)        
     3         171         17836.4          25.291            0.25      Successful search (ES-wcm)        
     3         172           17832         28.5243            0.25      Successful search (ES-ell)        
     3         175         17831.2         24.9901            0.25      Successful search (ES-ell)        
     3         179         17825.8          20.826            0.25      Successful search (ES-ell)        
     3         180         17811.9         29.9985            0.25      Successful search (ES-ell)        
     3         212         17811.9         29.9985           0.125          Refine grid             
     4         213           17811         13.0071           0.125      Successful search (ES-ell)        
     4         248           17811         13.0071          0.0625          Refine grid             Train
     5         274         17816.2         9.56508           0.125        Successful poll           Train
     6         276         17818.2         11.3493           0.125      Successful search (ES-ell)        
     6         310         17818.2         11.3493          0.0625          Refine grid             
     7         324         17822.7         9.78212           0.125        Successful poll           Train
     8         326         17819.5          8.4534           0.125      Successful search (ES-ell)        
     8         327           17806         10.7138           0.125      Successful search (ES-ell)        
     8         328         17795.5         15.1192           0.125      Successful search (ES-ell)        
     8         360         17795.5         15.1192          0.0625          Refine grid             
     9         361         17801.4         6.37417          0.0625      Successful search (ES-ell)        
     9         362         17794.6         7.89585          0.0625      Successful search (ES-ell)        
     9         363         17784.1         11.2118          0.0625      Successful search (ES-ell)        
     9         365         17782.6         11.7985          0.0625      Successful search (ES-ell)        
     9         366         17767.2         14.7169          0.0625      Successful search (ES-ell)        
     9         370         17724.5         12.1494          0.0625      Successful search (ES-ell)        
     9         405         17724.5         12.1494         0.03125          Refine grid             
    10         406         17722.8         5.39459         0.03125      Successful search (ES-ell)        
    10         407         17712.4          8.8133         0.03125      Successful search (ES-ell)        
    10         441         17712.4          8.8133        0.015625          Refine grid             
    11         442         17730.8         2.88512        0.015625      Successful search (ES-ell)        
    11         443         17725.1         3.57607        0.015625      Successful search (ES-ell)        
    11         444         17719.8         4.93126        0.015625      Successful search (ES-ell)        
    11         445         17705.9         6.40691        0.015625      Successful search (ES-wcm)        
    11         477         17705.9         6.40691       0.0078125          Refine grid             Train
    12         478         17731.3          2.2461       0.0078125      Successful search (ES-wcm)        
    12         479         17728.2         2.54563       0.0078125      Successful search (ES-wcm)        
    12         480         17723.5         2.97912       0.0078125      Successful search (ES-wcm)        
    12         481         17718.3         3.48542       0.0078125      Successful search (ES-wcm)        
    12         482         17711.2         4.48615       0.0078125      Successful search (ES-wcm)        
    12         483         17708.8         5.82108       0.0078125      Successful search (ES-wcm)        
    12         484         17704.5         7.98893       0.0078125      Successful search (ES-ell)        
    12         485         17695.7         9.56526       0.0078125      Successful search (ES-ell)        
    12         513         17695.7         9.56526      0.00390625          Refine grid             Train
    13         540         17707.4         2.39813       0.0078125        Successful poll           Train
    14         541         17705.7          2.8325       0.0078125      Successful search (ES-wcm)        
    14         576         17705.7          2.8325      0.00390625          Refine grid             
    15         600         17707.4         2.12357       0.0078125        Successful poll           Train
    16         601         17708.7         5.01221       0.0078125      Successful search (ES-wcm)        
    16         602         17691.6         8.67272       0.0078125      Successful search (ES-wcm)        
    16         603         17666.6         9.53272       0.0078125      Successful search (ES-wcm)        
    16         632         17657.6         10.0328        0.015625        Successful poll           
    17         659         17657.9         9.99545       0.0078125          Refine grid             Train
    18         660         17674.4         2.39392       0.0078125      Successful search (ES-ell)        
    18         661         17674.1         2.94477       0.0078125      Successful search (ES-ell)        
    18         662         17668.6         4.26145       0.0078125      Successful search (ES-ell)        
    18         663         17667.7         6.39205       0.0078125      Successful search (ES-ell)        
    18         688           17664         4.28067        0.015625        Successful poll           
    19         689         17661.7         4.41605        0.015625      Successful search (ES-ell)        
    19         690         17659.8         4.99566        0.015625      Successful search (ES-ell)        
    19         693         17649.4         5.70543        0.015625      Successful search (ES-wcm)        
    19         724         17649.4         5.70543       0.0078125          Refine grid             
    20         725         17665.2         2.56238       0.0078125      Successful search (ES-wcm)        
    20         727         17663.8         3.41045       0.0078125      Successful search (ES-wcm)        
    20         728         17655.7         4.49998       0.0078125      Successful search (ES-ell)        
    20         760         17655.7         4.49998      0.00390625          Refine grid             
    21         761         17659.2         2.52232      0.00390625      Successful search (ES-wcm)        
    21         762         17654.7         3.54867      0.00390625      Successful search (ES-wcm)        
    21         764         17653.5         4.12034      0.00390625      Successful search (ES-ell)        
    21         765         17649.8         5.41569      0.00390625      Successful search (ES-ell)        
    21         766         17646.6         7.44669      0.00390625      Successful search (ES-ell)        
    21         796         17646.6         7.44669      0.00195312          Refine grid             Train
    22         797         17661.1         2.78598      0.00195312      Successful search (ES-wcm)        
    22         800         17659.9         2.68317      0.00195312      Successful search (ES-ell)        
    22         801         17658.5         3.06594      0.00195312      Successful search (ES-ell)        
    22         802         17657.6         3.63833      0.00195312      Successful search (ES-ell)        
    22         832         17657.6         3.63833     0.000976562          Refine grid             Train
Optimization terminated: change in the function value less than options['tol_mesh']
Estimated function value at minimum: 17666.172818535866 ± 1.1573761767928856 (mean ± SEM from 100 samples)
BADS minimum at: x_min = [ 0.848   2.6641 15.6006  0.5722  0.2951  0.5279 29.0541  0.7768  0.396 ], training NLL = 17666.1728
total f-count: 932, time: 42.82 min

 Optimization Run 2/5
Initial params: [1.9083, 3.9624, 10.5892, 20.6006, 1.4242, 0.3116, 23.7652, 0.4912, 0.2975]
bads:TooCloseBounds: For each variable, hard and plausible bounds should not be too close. Moving plausible bounds.
Variables (index) internally transformed to log coordinates: [[0 0]
 [0 3]
 [0 4]]
Beginning optimization of a STOCHASTIC objective function

 Iteration    f-count      E[f(x)]        SD[f(x)]           MeshScale          Method              Actions
     0           1         22555.4             nan               1                                  
     0          33           19077             nan               1          Initial mesh            Initial points
     0          47         18687.8         1.00001               1        Successful poll           Train
     1          49         18417.4         1.00001               1      Successful search (ES-wcm)        
     1          55         18392.9         1.43785               1      Successful search (ES-wcm)        
     1          56         18374.6          1.4377               1      Successful search (ES-wcm)        
     1          63         18313.6         1.43347               1      Successful search (ES-wcm)        
     1          66         18188.1         1.43767               1      Successful search (ES-wcm)        
     1          69           18007         1.43758               1      Successful search (ES-wcm)        
     1          74         17972.3         1.13211               1      Successful search (ES-wcm)        
     1          75         17838.4         1.13212               1      Successful search (ES-wcm)        
     1          88         17760.5         1.13134               1      Successful search (ES-ell)        
     1          90         17747.6         1.12928               1      Successful search (ES-ell)        
     1          97         17706.5         1.02835               1      Successful search (ES-wcm)        
     1          98         17575.5          1.0284               1      Successful search (ES-wcm)        
     1         104         17523.4         1.02837               1      Successful search (ES-ell)        
     1         107         17452.9         1.02832               1      Successful search (ES-ell)        
     1         113         17433.1         1.05695               1      Successful search (ES-ell)        
     1         124         17419.2         1.05165               1      Successful search (ES-ell)        
     1         148         17413.4         1.21628               1        Successful poll           Train
     2         152         17308.7         1.84248               1      Successful search (ES-ell)        
     2         179         17308.5         1.21088             0.5          Refine grid             Train
     3         202         17308.5         1.21088            0.25          Refine grid             Train
     4         226         17321.1        0.895056           0.125          Refine grid             Train
     5         230           17320         1.57999           0.125      Successful search (ES-ell)        
     5         231         17316.8         1.78486           0.125      Successful search (ES-ell)        
     5         261         17316.8         1.78486          0.0625          Refine grid             
     6         262         17328.7         1.43412          0.0625      Successful search (ES-ell)        
     6         264         17271.6         1.60602          0.0625      Successful search (ES-ell)        
     6         296         17271.6         1.60602         0.03125          Refine grid             
     7         297         17309.9         6.42356         0.03125      Successful search (ES-ell)        
     7         298           17305         8.94892         0.03125      Successful search (ES-ell)        
     7         299         17302.5         12.1319         0.03125      Successful search (ES-ell)        
     7         332         17302.5         12.1319        0.015625          Refine grid             Train
     8         333         17315.1         6.13944        0.015625      Successful search (ES-ell)        
     8         334         17302.9         7.67083        0.015625      Successful search (ES-ell)        
     8         335         17290.2         10.5463        0.015625      Successful search (ES-ell)        
     8         336         17280.7         12.8377        0.015625      Successful search (ES-ell)        
     8         337         17278.8         13.2733        0.015625      Successful search (ES-ell)        
     8         339         17272.6         12.3277        0.015625      Successful search (ES-ell)        
     8         344         17269.8           7.337        0.015625      Successful search (ES-wcm)        
     8         345         17264.1         7.31748        0.015625      Successful search (ES-wcm)        
     8         347         17263.6         7.05321        0.015625      Successful search (ES-wcm)        
     8         369         17262.9         4.81924         0.03125        Successful poll           Train
     9         370         17259.7         4.60988         0.03125      Successful search (ES-wcm)        
     9         405         17259.7         4.60988        0.015625          Refine grid             
    10         408         17265.9         2.96301        0.015625      Successful search (ES-ell)        
    10         409         17264.6         3.84461        0.015625      Successful search (ES-ell)        
    10         410         17263.2         6.16272        0.015625      Successful search (ES-ell)        
    10         441         17263.2         6.16272       0.0078125          Refine grid             
    11         442         17265.8          3.0903       0.0078125      Successful search (ES-ell)        
    11         455         17265.8         3.29047       0.0078125      Successful search (ES-wcm)        
    11         456         17265.2         3.38646       0.0078125      Successful search (ES-ell)        
    11         458         17264.8         3.49381       0.0078125      Successful search (ES-ell)        
    11         461         17254.8         4.50125       0.0078125      Successful search (ES-wcm)        
    11         462         17247.8         5.49544       0.0078125      Successful search (ES-wcm)        
    11         464         17244.9         5.11878       0.0078125      Successful search (ES-wcm)        
    11         466         17244.1         5.81407       0.0078125      Successful search (ES-wcm)        
    11         495         17244.1         5.81407      0.00390625          Refine grid             
    12         496         17248.2         2.79776      0.00390625      Successful search (ES-wcm)        
    12         497           17246         2.79291      0.00390625      Successful search (ES-wcm)        
    12         499         17245.5         3.01064      0.00390625      Successful search (ES-wcm)        
    12         500         17245.1         3.74586      0.00390625      Successful search (ES-wcm)        
    12         531         17245.1         3.74586      0.00195312          Refine grid             
    13         532         17251.1         2.23894      0.00195312      Successful search (ES-wcm)        
    13         541         17250.5         1.77818      0.00195312      Successful search (ES-wcm)        
    13         542         17249.3         1.85578      0.00195312      Successful search (ES-wcm)        
    13         543         17248.6         2.38657      0.00195312      Successful search (ES-wcm)        
    13         544         17246.5         3.38472      0.00195312      Successful search (ES-wcm)        
    13         576         17246.5         3.38472     0.000976562          Refine grid             
Optimization terminated: change in the function value less than options['tol_mesh']
Estimated function value at minimum: 17249.019431676927 ± 1.2896649308017794 (mean ± SEM from 100 samples)
BADS minimum at: x_min = [ 1.9595  7.9657 19.7744  0.5093  0.672   0.0778 20.9038  0.5211  0.393 ], training NLL = 17249.0194
total f-count: 676, time: 31.46 min

 Optimization Run 3/5
Initial params: [1.4079, 8.058, 12.7159, 25.949, 1.9007, 0.5335, 24.6509, 0.5901, 0.291]
bads:TooCloseBounds: For each variable, hard and plausible bounds should not be too close. Moving plausible bounds.
Variables (index) internally transformed to log coordinates: [[0 0]
 [0 3]
 [0 4]]
Beginning optimization of a STOCHASTIC objective function

 Iteration    f-count      E[f(x)]        SD[f(x)]           MeshScale          Method              Actions
     0           1         22555.4             nan               1                                  
     0          33         19062.7             nan               1          Initial mesh            Initial points
     0          47         18683.5         1.00001               1        Successful poll           Train
     1          49         18680.8         1.00001               1      Successful search (ES-wcm)        
     1          56         18607.6         1.00441               1      Successful search (ES-wcm)        
     1          57         18350.9         1.00457               1      Successful search (ES-wcm)        
     1          59         18313.2         1.00457               1      Successful search (ES-wcm)        
     1          64         18111.6         1.00445               1      Successful search (ES-wcm)        
     1          68         18100.9         1.00408               1      Successful search (ES-wcm)        
     1          73           18062        0.986136               1      Successful search (ES-ell)        
     1          81         18045.3        0.977543               1      Successful search (ES-ell)        
     1         101         18023.2         1.02204               1        Successful poll           
     2         121         18023.2         1.02204             0.5          Refine grid             Train
     3         142         17894.6          17.592               1        Successful poll           Train
     4         163         17894.4          17.589             0.5          Refine grid             Train
     5         164         17964.4         35.4803             0.5      Successful search (ES-ell)        
     5         173         17893.6         16.0702             0.5      Successful search (ES-wcm)        
     5         176         17867.6         16.0231             0.5      Successful search (ES-ell)        
     5         183         17823.1         16.0165             0.5      Successful search (ES-ell)        
     5         185         17759.3         15.9825             0.5      Successful search (ES-ell)        
     5         195         17749.7         14.4113             0.5      Successful search (ES-ell)        
     5         204         17734.1         11.4869             0.5      Successful search (ES-ell)        
     5         206         17702.4         13.4574             0.5      Successful search (ES-ell)        
     5         213         17700.9          12.017             0.5      Successful search (ES-ell)        
     5         240         17700.9          12.017            0.25          Refine grid             Train
     6         242           17728         21.8162            0.25      Successful search (ES-ell)        
     6         243         17722.2         33.1725            0.25      Successful search (ES-ell)        
     6         276         17722.2         33.1725           0.125          Refine grid             
     7         278         17729.9         11.1133           0.125      Successful search (ES-ell)        
     7         279         17721.9         12.4089           0.125      Successful search (ES-ell)        
     7         283         17708.7         11.0664           0.125      Successful search (ES-ell)        
     7         284           17685         13.3761           0.125      Successful search (ES-wcm)        
     7         290         17659.3         12.8697           0.125      Successful search (ES-wcm)        
     7         293         17645.2         10.9776           0.125      Successful search (ES-wcm)        
     7         296         17643.6         12.0569           0.125      Successful search (ES-wcm)        
     7         302         17633.4         8.75874           0.125      Successful search (ES-wcm)        
     7         303         17626.3         9.85611           0.125      Successful search (ES-wcm)        
     7         309         17620.1         6.57981           0.125      Successful search (ES-wcm)        
     7         310         17612.3         9.47671           0.125      Successful search (ES-ell)        
     7         339         17610.6         6.93898            0.25        Successful poll           Train
     8         346         17609.3         9.61176            0.25      Successful search (ES-wcm)        
     8         375         17609.3         9.61176           0.125          Refine grid             Train
     9         380         17609.2         6.56166           0.125      Successful search (ES-ell)        
     9         381         17608.6         8.84565           0.125      Successful search (ES-ell)        
     9         387         17601.6          6.9041           0.125      Successful search (ES-ell)        
     9         388         17586.1         10.6626           0.125      Successful search (ES-ell)        
     9         398         17582.3         8.21791           0.125      Successful search (ES-wcm)        
     9         399         17577.4         9.21025           0.125      Successful search (ES-wcm)        
     9         401         17571.3         8.47847           0.125      Successful search (ES-wcm)        
     9         409         17568.5         4.99878           0.125      Successful search (ES-ell)        
     9         411         17566.1         5.87128           0.125      Successful search (ES-wcm)        
     9         419         17560.3          6.2585           0.125      Successful search (ES-wcm)        
     9         422         17559.5         10.7014           0.125      Successful search (ES-ell)        
     9         434         17555.6          5.9046           0.125      Successful search (ES-ell)        
     9         465         17555.6          5.9046          0.0625          Refine grid             Train
    10         467         17555.4         7.71509          0.0625      Successful search (ES-wcm)        
    10         481         17555.4         4.47253          0.0625      Successful search (ES-wcm)        
    10         510         17555.4         4.47253         0.03125          Refine grid             Train
    11         511         17555.9         6.27243         0.03125      Successful search (ES-ell)        
    11         546         17555.9         6.27243        0.015625          Refine grid             
    12         547         17559.3          4.4255        0.015625      Successful search (ES-wcm)        
    12         551         17558.3         4.57933        0.015625      Successful search (ES-wcm)        
    12         552         17557.5          6.0767        0.015625      Successful search (ES-wcm)        
    12         582         17557.5          6.0767       0.0078125          Refine grid             
    13         583         17558.6         3.07313       0.0078125      Successful search (ES-ell)        
    13         585         17557.4         3.18248       0.0078125      Successful search (ES-ell)        
    13         586           17557         3.55856       0.0078125      Successful search (ES-ell)        
    13         618         17556.4         2.79919        0.015625        Successful poll           Train
    14         619         17556.7         4.25667        0.015625      Successful search (ES-ell)        
    14         620         17554.2         4.81624        0.015625      Successful search (ES-ell)        
    14         654         17554.2         4.81624       0.0078125          Refine grid             Train
    15         656         17556.6         2.36588       0.0078125      Successful search (ES-ell)        
    15         658         17556.6         2.76283       0.0078125      Successful search (ES-ell)        
    15         659         17555.7         3.53559       0.0078125      Successful search (ES-ell)        
    15         663           17555         2.93324       0.0078125      Successful search (ES-wcm)        
    15         690           17555         2.93324      0.00390625          Refine grid             
    16         691         17557.5         2.84686      0.00390625      Successful search (ES-wcm)        
    16         726         17557.5         2.84686      0.00195312          Refine grid             
    17         727         17557.1         2.64927      0.00195312      Successful search (ES-wcm)        
    17         728         17556.7         2.58072      0.00195312      Successful search (ES-wcm)        
    17         760         17556.4         1.68221      0.00390625        Successful poll           
    18         761         17548.4         2.10712      0.00390625      Successful search (ES-wcm)        
    18         762         17541.4         3.60138      0.00390625      Successful search (ES-wcm)        
    18         796         17541.4         3.60138      0.00195312          Refine grid             Train
    19         797         17553.6         1.84295      0.00195312      Successful search (ES-wcm)        
    19         798         17551.4         1.87342      0.00195312      Successful search (ES-ell)        
    19         799         17549.5         1.97077      0.00195312      Successful search (ES-ell)        
    19         800         17546.2         2.16092      0.00195312      Successful search (ES-ell)        
    19         802         17546.1         2.36245      0.00195312      Successful search (ES-ell)        
    19         832         17546.1         2.36245     0.000976562          Refine grid             Train
Optimization terminated: change in the function value less than options['tol_mesh']
Estimated function value at minimum: 17560.56577623263 ± 1.087228365222657 (mean ± SEM from 100 samples)
BADS minimum at: x_min = [ 1.6089  8.4272 17.8624  0.6568  0.425   0.1349 23.3481  0.1329  0.3241], training NLL = 17560.5658
total f-count: 932, time: 42.29 min

 Optimization Run 4/5
Initial params: [1.6224, 5.2791, 10.5895, 16.557, 2.0236, 0.473, 23.7713, 0.611, 0.1163]
bads:TooCloseBounds: For each variable, hard and plausible bounds should not be too close. Moving plausible bounds.
Variables (index) internally transformed to log coordinates: [[0 0]
 [0 3]
 [0 4]]
Beginning optimization of a STOCHASTIC objective function

 Iteration    f-count      E[f(x)]        SD[f(x)]           MeshScale          Method              Actions
     0           1         22555.4             nan               1                                  
     0          33           19081             nan               1          Initial mesh            Initial points
     0          47         18691.7         1.00003               1        Successful poll           Train
     1          52         18596.7        0.999932               1      Successful search (ES-wcm)        
     1          59           18539        0.892633               1      Successful search (ES-wcm)        
     1          68         18521.5        0.891956               1      Successful search (ES-wcm)        
     1          70         18441.1        0.892222               1      Successful search (ES-wcm)        
     1          73         18430.3        0.650595               1      Successful search (ES-wcm)        
     1          75         18301.1        0.650601               1      Successful search (ES-ell)        
     1          78         18077.5        0.650602               1      Successful search (ES-wcm)        
     1          81         17914.5        0.650599               1      Successful search (ES-ell)        
     1         101         17910.7        0.589911               1        Successful poll           
     2         124         17910.7        0.589885             0.5          Refine grid             Train
     3         127         17907.9         1.81861             0.5      Successful search (ES-ell)        
     3         138         17865.2         3.88926             0.5      Successful search (ES-ell)        
     3         165         17865.2         3.88926            0.25          Refine grid             
     4         168         17876.9         3.56306            0.25      Successful search (ES-ell)        
     4         171         17863.1         3.51725            0.25      Successful search (ES-ell)        
     4         174         17831.2         3.20328            0.25      Successful search (ES-ell)        
     4         199         17831.2         3.20328           0.125          Refine grid             Train
     5         226         17849.7          3.0308          0.0625          Refine grid             Train
     6         227         17847.8         4.51819          0.0625      Successful search (ES-wcm)        
     6         232         17842.9         2.65486          0.0625      Successful search (ES-wcm)        
     6         262         17842.9         2.65486         0.03125          Refine grid             
     7         263         17840.5          1.9497         0.03125      Successful search (ES-ell)        
     7         264         17840.2         4.35166         0.03125      Successful search (ES-ell)        
     7         265         17829.8         6.74942         0.03125      Successful search (ES-ell)        
     7         267         17828.6         7.06186         0.03125      Successful search (ES-ell)        
     7         298         17828.5         7.61875          0.0625        Successful poll           
     8         324         17830.5         8.81878           0.125        Successful poll           Train
     9         351         17834.9         8.65382          0.0625          Refine grid             Train
    10         354         17833.7         5.07631          0.0625      Successful search (ES-ell)        
    10         355         17830.2         7.52152          0.0625      Successful search (ES-ell)        
    10         386           17828         4.59508           0.125        Successful poll           Train
    11         389         17828.9         5.10455           0.125      Successful search (ES-ell)        
    11         393         17779.5          10.067           0.125      Successful search (ES-wcm)        
    11         404         17772.9         8.99275           0.125      Successful search (ES-wcm)        
    11         411         17767.8         8.73787           0.125      Successful search (ES-wcm)        
    11         417         17758.2         9.08612           0.125      Successful search (ES-ell)        
    11         447         17758.2         9.08612          0.0625          Refine grid             
    12         448         17750.5         7.01252          0.0625      Successful search (ES-ell)        
    12         449           17747           9.169          0.0625      Successful search (ES-ell)        
    12         481           17747           9.169         0.03125          Refine grid             
    13         482           17755         3.50657         0.03125      Successful search (ES-ell)        
    13         498         17753.9         2.42905         0.03125      Successful search (ES-wcm)        
    13         503         17750.7          2.8775         0.03125      Successful search (ES-wcm)        
    13         530         17736.6         9.81288          0.0625        Successful poll           
    14         554         17735.4          8.9552           0.125        Successful poll           Train
    15         579         17735.9         9.39884          0.0625          Refine grid             Train
    16         585         17745.6         6.58372          0.0625      Successful search (ES-wcm)        
    16         587         17743.6         4.68736          0.0625      Successful search (ES-wcm)        
    16         592         17739.7         5.85031          0.0625      Successful search (ES-wcm)        
    16         624         17739.7         5.85031         0.03125          Refine grid             
    17         625         17741.2         4.48514         0.03125      Successful search (ES-ell)        
    17         627         17740.3         5.39666         0.03125      Successful search (ES-ell)        
    17         628         17734.6         7.02228         0.03125      Successful search (ES-ell)        
    17         658         17734.6         7.02228        0.015625          Refine grid             Train
    18         659           17739         2.37964        0.015625      Successful search (ES-ell)        
    18         660         17736.5         3.31137        0.015625      Successful search (ES-ell)        
    18         692         17731.7         5.42488         0.03125        Successful poll           Train
    19         695         17741.7         6.53429         0.03125      Successful search (ES-wcm)        
    19         697         17732.3         3.99264         0.03125      Successful search (ES-wcm)        
    19         699         17731.1         3.82182         0.03125      Successful search (ES-wcm)        
    19         703         17728.9         3.83948         0.03125      Successful search (ES-ell)        
    19         704         17728.1          4.9475         0.03125      Successful search (ES-ell)        
    19         713         17727.3         3.47393         0.03125      Successful search (ES-ell)        
    19         725         17726.8         4.07528         0.03125      Successful search (ES-wcm)        
    19         728         17726.6         2.82351         0.03125      Successful search (ES-wcm)        
    19         737         17726.1         1.99991         0.03125      Successful search (ES-wcm)        
    19         761         17725.8         1.88029          0.0625        Successful poll           
    20         767         17723.1         2.47374          0.0625      Successful search (ES-wcm)        
    20         769         17721.8         2.63819          0.0625      Successful search (ES-ell)        
    20         770         17720.7         2.85702          0.0625      Successful search (ES-ell)        
    20         773         17718.4         3.32571          0.0625      Successful search (ES-ell)        
    20         804         17718.4         3.32571         0.03125          Refine grid             
    21         805         17725.7         2.01588         0.03125      Successful search (ES-ell)        
    21         806         17725.1         3.37643         0.03125      Successful search (ES-ell)        
    21         838         17725.1         3.37643        0.015625          Refine grid             Train
    22         839         17727.1         1.54995        0.015625      Successful search (ES-ell)        
    22         840         17723.1         1.83416        0.015625      Successful search (ES-ell)        
    22         841         17722.4         2.52099        0.015625      Successful search (ES-ell)        
    22         872         17722.4         2.52099       0.0078125          Refine grid             
    23         873         17731.9          1.8667       0.0078125      Successful search (ES-ell)        
    23         874           17729          1.9331       0.0078125      Successful search (ES-ell)        
    23         875         17725.8         2.15379       0.0078125      Successful search (ES-ell)        
    23         906         17725.8         2.15379      0.00390625          Refine grid             
    24         907         17733.5          1.5848      0.00390625      Successful search (ES-wcm)        
    24         908         17731.1         1.90653      0.00390625      Successful search (ES-wcm)        
    24         910         17729.4         2.06213      0.00390625      Successful search (ES-ell)        
    24         911         17727.1         2.37837      0.00390625      Successful search (ES-ell)        
    24         917         17726.3         2.14818      0.00390625      Successful search (ES-wcm)        
    24         921         17725.7         2.07369      0.00390625      Successful search (ES-wcm)        
    24         934         17709.3         3.78169       0.0078125        Successful poll           
    25         961         17717.8         3.93979      0.00390625          Refine grid             
    26         962         17732.9         1.49444      0.00390625      Successful search (ES-wcm)        
    26         963           17731         1.55461      0.00390625      Successful search (ES-ell)        
    26         964         17727.8         1.69064      0.00390625      Successful search (ES-ell)        
    26         965           17723         2.04843      0.00390625      Successful search (ES-ell)        
    26         966         17721.7         2.42191      0.00390625      Successful search (ES-ell)        
    26         967           17717          3.0684      0.00390625      Successful search (ES-ell)        
    26         997           17717          3.0684      0.00195312          Refine grid             Train
    27         998         17727.1         1.67802      0.00195312      Successful search (ES-ell)        
    27         999           17726         1.73057      0.00195312      Successful search (ES-ell)        
    27        1000         17724.4         1.83202      0.00195312      Successful search (ES-ell)        
    27        1001         17723.7         2.20935      0.00195312      Successful search (ES-ell)        
    27        1004         17723.3         2.12346      0.00195312      Successful search (ES-ell)        
    27        1007         17722.8         2.10103      0.00195312      Successful search (ES-ell)        
    27        1008         17722.5         2.07213      0.00195312      Successful search (ES-ell)        
    27        1010         17722.3         2.11232      0.00195312      Successful search (ES-ell)        
    27        1011         17721.4         2.43006      0.00195312      Successful search (ES-ell)        
    27        1042         17721.4         2.43006     0.000976562          Refine grid             Train
Optimization terminated: change in the function value less than options['tol_mesh']
Estimated function value at minimum: 17728.116091377695 ± 0.9871185081960011 (mean ± SEM from 100 samples)
BADS minimum at: x_min = [1.85050e+00 6.15440e+00 1.72169e+01 7.76600e-01 6.10000e-03 1.21200e-01
 1.73836e+01 4.81700e-01 3.19800e-01], training NLL = 17728.1161
total f-count: 1142, time: 52.17 min

 Optimization Run 5/5
Initial params: [1.5605, 9.1193, 12.9933, 3.237, 0.4191, 0.663, 24.7336, 0.3943, 0.2781]
bads:TooCloseBounds: For each variable, hard and plausible bounds should not be too close. Moving plausible bounds.
Variables (index) internally transformed to log coordinates: [[0 0]
 [0 3]
 [0 4]]
Beginning optimization of a STOCHASTIC objective function

 Iteration    f-count      E[f(x)]        SD[f(x)]           MeshScale          Method              Actions
     0           1         22533.2             nan               1                                  
     0          33         19078.2             nan               1          Initial mesh            Initial points
     0          47         18695.9         0.99998               1        Successful poll           Train
     1          53         18655.1         1.04083               1      Successful search (ES-wcm)        
     1          56         18415.5         1.04029               1      Successful search (ES-wcm)        
     1          78         18415.5         1.04029             0.5          Refine grid             Train
     2         102         18415.3        0.921099            0.25          Refine grid             Train
     3         128         18406.9        0.803144             0.5        Successful poll           Train
     4         131           18282         1.35747             0.5      Successful search (ES-wcm)        
     4         139         18256.7         1.35747             0.5      Successful search (ES-wcm)        
     4         140         18225.7         1.35747             0.5      Successful search (ES-wcm)        
     4         145         18208.1         1.35747             0.5      Successful search (ES-wcm)        
     4         147         18175.5         1.35746             0.5      Successful search (ES-ell)        
     4         149         18118.1         1.33282             0.5      Successful search (ES-ell)        
     4         155         17985.3         1.33265             0.5      Successful search (ES-ell)        
     4         180         17985.3         1.33265            0.25          Refine grid             Train
     5         185         17961.9         1.50563            0.25      Successful search (ES-ell)        
     5         187         17932.1         1.50725            0.25      Successful search (ES-ell)        
     5         216         17932.1         1.50725           0.125          Refine grid             
     6         223           17937         1.15002           0.125      Successful search (ES-ell)        
     6         225         17936.1         1.29026           0.125      Successful search (ES-ell)        
     6         252         17936.1         1.29026          0.0625          Refine grid             
     7         256         17943.4         1.06327          0.0625      Successful search (ES-wcm)        
     7         257         17939.2         1.40278          0.0625      Successful search (ES-wcm)        
     7         259         17934.9         1.39567          0.0625      Successful search (ES-ell)        
     7         264         17927.6         1.31865          0.0625      Successful search (ES-ell)        
     7         271         17923.2         1.48905          0.0625      Successful search (ES-ell)        
     7         306         17914.1         10.8165           0.125        Successful poll           
     8         309         17913.8          10.483           0.125      Successful search (ES-ell)        
     8         314         17906.5         8.49478           0.125      Successful search (ES-ell)        
     8         315           17898         9.35578           0.125      Successful search (ES-ell)        
     8         341         17896.7         6.76711            0.25        Successful poll           Train
     9         343         17891.4         8.92188            0.25      Successful search (ES-ell)        
     9         344         17887.9         9.05434            0.25      Successful search (ES-ell)        
     9         354         17885.3         8.42308            0.25      Successful search (ES-ell)        
     9         358         17880.1         7.66889            0.25      Successful search (ES-ell)        
     9         362         17861.7         8.81398            0.25      Successful search (ES-ell)        
     9         376         17860.8         6.27756            0.25      Successful search (ES-ell)        
     9         404         17860.8         6.27756           0.125          Refine grid             Train
    10         410         17863.1         4.04545           0.125      Successful search (ES-ell)        
    10         440         17863.1         4.04545          0.0625          Refine grid             Train
    11         441         17866.5         7.11208          0.0625      Successful search (ES-ell)        
    11         443         17865.2         7.65723          0.0625      Successful search (ES-ell)        
    11         458         17863.1         4.17031          0.0625      Successful search (ES-wcm)        
    11         463         17861.5         4.10236          0.0625      Successful search (ES-wcm)        
    11         473         17860.8         3.01677          0.0625      Successful search (ES-wcm)        
    11         475         17860.4         3.42193          0.0625      Successful search (ES-wcm)        
    11         476         17857.3         4.56611          0.0625      Successful search (ES-wcm)        
    11         503         17857.3         4.56611         0.03125          Refine grid             
    12         504           17854          4.7037         0.03125      Successful search (ES-ell)        
    12         539           17854          4.7037        0.015625          Refine grid             Train
    13         540         17857.3         2.26235        0.015625      Successful search (ES-wcm)        
    13         541         17856.5         4.25724        0.015625      Successful search (ES-wcm)        
    13         543         17848.9         6.76649        0.015625      Successful search (ES-wcm)        
    13         544         17841.4         7.92465        0.015625      Successful search (ES-wcm)        
    13         575         17838.5           5.448         0.03125        Successful poll           
    14         602         17841.8         4.85334        0.015625          Refine grid             
    15         603         17840.7         3.19371        0.015625      Successful search (ES-ell)        
    15         612         17839.7         3.34151        0.015625      Successful search (ES-ell)        
    15         613         17831.5         5.82206        0.015625      Successful search (ES-ell)        
    15         647         17831.5         5.82206       0.0078125          Refine grid             
    16         648         17841.4         2.06244       0.0078125      Successful search (ES-ell)        
    16         650         17839.6         3.25913       0.0078125      Successful search (ES-wcm)        
    16         651         17837.8         3.72758       0.0078125      Successful search (ES-ell)        
    16         668         17837.1          3.1076        0.015625        Successful poll           Train
    17         695         17837.7         3.14221       0.0078125          Refine grid             Train
    18         697         17840.5         2.02314       0.0078125      Successful search (ES-wcm)        
    18         731         17840.4         2.07385        0.015625        Successful poll           Train
    19         732         17834.6         2.92125        0.015625      Successful search (ES-ell)        
    19         733         17833.1         4.76285        0.015625      Successful search (ES-ell)        
    19         767         17833.1         4.76285       0.0078125          Refine grid             Train
    20         768         17837.4         2.67908       0.0078125      Successful search (ES-ell)        
    20         770         17836.5         3.65468       0.0078125      Successful search (ES-wcm)        
    20         803         17836.5         3.65468      0.00390625          Refine grid             
    21         804         17840.7         2.32014      0.00390625      Successful search (ES-ell)        
    21         805         17840.4         2.60596      0.00390625      Successful search (ES-wcm)        
    21         806         17839.3         2.05503      0.00390625      Successful search (ES-wcm)        
    21         808         17837.7         2.13805      0.00390625      Successful search (ES-wcm)        
    21         839         17837.7         2.13805      0.00195312          Refine grid             
    22         840         17841.1         1.28898      0.00195312      Successful search (ES-wcm)        
    22         841         17840.8          1.2525      0.00195312      Successful search (ES-wcm)        
    22         842           17840         1.23326      0.00195312      Successful search (ES-wcm)        
    22         843         17838.9         1.45861      0.00195312      Successful search (ES-wcm)        
    22         844         17837.7         1.75024      0.00195312      Successful search (ES-wcm)        
    22         845         17837.1         2.31131      0.00195312      Successful search (ES-wcm)        
    22         846         17834.3         3.93049      0.00195312      Successful search (ES-wcm)        
    22         875         17834.3         3.93049     0.000976562          Refine grid             
Optimization terminated: change in the function value less than options['tol_mesh']
Estimated function value at minimum: 17844.08165648092 ± 0.9046532216774812 (mean ± SEM from 100 samples)
BADS minimum at: x_min = [ 1.8786  6.2298 13.4549  0.8442  0.0641  0.0937 18.9045  0.1297  0.318 ], training NLL = 17844.0817
total f-count: 975, time: 44.07 min

 ------- Finish Optimization for Subject 2 ---------- 
Tue Feb 24 19:50:24 2026       
+---------------------------------------------------------------------------------------+
| NVIDIA-SMI 535.113.01             Driver Version: 535.113.01   CUDA Version: 12.2     |
|-----------------------------------------+----------------------+----------------------+
| GPU  Name                 Persistence-M | Bus-Id        Disp.A | Volatile Uncorr. ECC |
| Fan  Temp   Perf          Pwr:Usage/Cap |         Memory-Usage | GPU-Util  Compute M. |
|                                         |                      |               MIG M. |
|=========================================+======================+======================|
|   0  NVIDIA L40S                    On  | 00000000:21:00.0 Off |                    0 |
| N/A   43C    P0              86W / 350W |      3MiB / 46068MiB |      0%      Default |
|                                         |                      |                  N/A |
+-----------------------------------------+----------------------+----------------------+
                                                                                         
+---------------------------------------------------------------------------------------+
| Processes:                                                                            |
|  GPU   GI   CI        PID   Type   Process name                            GPU Memory |
|        ID   ID                                                             Usage      |
|=======================================================================================|
|  No running processes found                                                           |
+---------------------------------------------------------------------------------------+
----------------------------------------
Start job epilogue Tue Feb 24 19:50:24 CET 2026
----------------------------------------
Job ID:          51105686
Job Exit Code:   0:0
Username:        wenlou
Group:           mpla
Queue:           gpu
Compute nodes:   dccn-c086
Asked resources: walltime=1-00:00:00,nodes=1,cpus=8,mem=2G
Used resources:  cputime=1-04:25:52,walltime=03:33:14,memory=0
----------------------------------------
End job epilogue Tue Feb 24 19:50:24 CET 2026
----------------------------------------
