----------------------------------------
Start task prologue Mon Jul 20 12:31:40 CEST 2026
----------------------------------------
Step ID:         54308983.
Username:        wenlou
Group:           mpla
Asked resources: walltime=1-00:00:00,nodes=1,cpus=8,mem=2G
Queue:           gpu
Compute nodes:   dccn-c077
----------------------------------------
End task prologue Mon Jul 20 12:31:40 CEST 2026
----------------------------------------
CUDA version:
nvcc: NVIDIA (R) Cuda compiler driver
Copyright (c) 2005-2024 NVIDIA Corporation
Built on Thu_Mar_28_02:18:24_PDT_2024
Cuda compilation tools, release 12.4, V12.4.131
Build cuda_12.4.r12.4/compiler.34097967_0

[WARNING] Please note the interface change for (de-)activating conda environment:

  - DO NOT use `conda activate` to enter the conda environment as it requires extra step to modify your ~/.bashrc file, which will force you to use this Anaconda version (2024.06).  Therefore keep using `source activate` instead.

  - DO use `conda deactivate` to leave your conda environment as `source deactivate` will be deprecated in future release.

Running model for expriment=with_dn_reduced, m_id=2, method=bads
device is : cuda
['with_dn_reduced', '2', 'all', 'bads', '2']

 ------- Start Optimization for Subject 2 ---------- 

 Cross Validation fold 0/1

 -- Start Optimization: method BADS --

 Optimization Run 1/2
Initial params: [0.8223, 8.6354, 12.7624, 10.3454, -3.0609, 30.7758, 1.841, 21.7202, 0.5351, 0.4272, 0.2121, 0.1707]
bads:TooCloseBounds: For each variable, hard and plausible bounds should not be too close. Moving plausible bounds.
Variables (index) internally transformed to log coordinates: [[0 0]
 [0 3]
 [0 5]
 [0 6]]
Beginning optimization of a STOCHASTIC objective function

 Iteration    f-count      E[f(x)]        SD[f(x)]           MeshScale          Method              Actions
     0           1         26151.5             nan               1                                  
     0          33         23441.5             nan               1          Initial mesh            Initial points
     0          53         23244.4         1.00238               1        Successful poll           Train
     1          56         22870.6         1.00238               1      Successful search (ES-wcm)        
     1          60         22633.6        0.819594               1      Successful search (ES-wcm)        
     1          61         22282.7        0.819587               1      Successful search (ES-wcm)        
     1          64         22117.6        0.819486               1      Successful search (ES-wcm)        
     1          75         21981.6        0.815004               1      Successful search (ES-wcm)        
     1          76         21891.5        0.814125               1      Successful search (ES-wcm)        
     1          77         21803.9        0.817434               1      Successful search (ES-wcm)        
     1          83         21726.9        0.819041               1      Successful search (ES-wcm)        
     1          87         21624.8         1.05341               1      Successful search (ES-wcm)        
     1          96         21614.3         1.05208               1      Successful search (ES-wcm)        
     1          97         21585.5         1.05316               1      Successful search (ES-ell)        
     1          98         21458.6         1.05287               1      Successful search (ES-ell)        
     1          99         21240.3          1.0533               1      Successful search (ES-ell)        
     1         100         21239.2         1.05331               1      Successful search (ES-ell)        
     1         105         21234.3         1.05303               1      Successful search (ES-ell)        
     1         110         20820.8        0.954586               1      Successful search (ES-wcm)        
     1         113         20789.7        0.954565               1      Successful search (ES-wcm)        
     1         116         20747.2         0.95456               1      Successful search (ES-wcm)        
     1         120         20695.4        0.954342               1      Successful search (ES-ell)        
     1         122         20665.8        0.954448               1      Successful search (ES-wcm)        
     1         131         20611.9        0.954553               1      Successful search (ES-wcm)        
     1         132         20567.2        0.954568               1      Successful search (ES-wcm)        
     1         133         20429.2        0.954509               1      Successful search (ES-wcm)        
     1         159         20395.2        0.961215               1        Successful poll           Train
     2         163         20224.8         1.11049               1      Successful search (ES-wcm)        
     2         177         20206.8         1.11046               1      Successful search (ES-wcm)        
     2         178         20135.9         1.11048               1      Successful search (ES-wcm)        
     2         181         20087.8         1.11044               1      Successful search (ES-wcm)        
     2         208         20087.8         1.11044             0.5          Refine grid             
     3         214         20038.2         1.34707             0.5      Successful search (ES-wcm)        
     3         217         20015.8         1.33868             0.5      Successful search (ES-wcm)        
     3         232         20011.5         5.55821             0.5      Successful search (ES-wcm)        
     3         263         20011.5         5.55821            0.25          Refine grid             
     4         266         20032.4         6.86765            0.25      Successful search (ES-wcm)        
     4         268           20026         6.88363            0.25      Successful search (ES-wcm)        
     4         275           20014         6.72636            0.25      Successful search (ES-ell)        
     4         280         19987.3         6.84141            0.25      Successful search (ES-ell)        
     4         322         19987.3         6.84141           0.125          Refine grid             
     5         323           20026         19.7962           0.125      Successful search (ES-ell)        
     5         324         20008.2         24.2674           0.125      Successful search (ES-ell)        
     5         325         19969.1         28.5403           0.125      Successful search (ES-ell)        
     5         329         19964.1         30.6836           0.125      Successful search (ES-wcm)        
     5         369         19964.1         30.6836          0.0625          Refine grid             Train
     6         370         19986.9         10.4124          0.0625      Successful search (ES-ell)        
     6         371         19969.2         21.3143          0.0625      Successful search (ES-ell)        
     6         372         19865.7         27.7515          0.0625      Successful search (ES-ell)        
     6         375         19861.3         28.8382          0.0625      Successful search (ES-wcm)        
     6         377         19860.2         28.0717          0.0625      Successful search (ES-wcm)        
     6         378         19850.3          27.014          0.0625      Successful search (ES-wcm)        
     6         381         19820.8          25.058          0.0625      Successful search (ES-wcm)        
     6         415         19820.8          25.058         0.03125          Refine grid             Train
     7         416         19877.9          12.849         0.03125      Successful search (ES-wcm)        
     7         417           19870         14.2403         0.03125      Successful search (ES-wcm)        
     7         418         19862.7         21.7468         0.03125      Successful search (ES-wcm)        
     7         463         19862.7         21.7468        0.015625          Refine grid             
     8         464         19876.2         7.10335        0.015625      Successful search (ES-wcm)        
     8         465         19871.4         9.75655        0.015625      Successful search (ES-ell)        
     8         466           19864         14.7288        0.015625      Successful search (ES-ell)        
     8         468           19853         15.6108        0.015625      Successful search (ES-ell)        
     8         473         19850.6          10.452        0.015625      Successful search (ES-ell)        
     8         474         19848.7         11.8048        0.015625      Successful search (ES-ell)        
     8         475         19846.6         14.4086        0.015625      Successful search (ES-ell)        
     8         482         19846.4         8.71209        0.015625      Successful search (ES-ell)        
     8         488         19842.9         7.71738        0.015625      Successful search (ES-ell)        
     8         489         19841.2         11.2539        0.015625      Successful search (ES-ell)        
     8         535         19841.2         11.2539       0.0078125          Refine grid             
     9         536         19846.9          4.2855       0.0078125      Successful search (ES-ell)        
     9         537         19843.1         4.54871       0.0078125      Successful search (ES-ell)        
     9         538         19840.8         7.06639       0.0078125      Successful search (ES-ell)        
     9         554         19839.4         4.80684       0.0078125      Successful search (ES-ell)        
     9         555         19838.5         4.80681       0.0078125      Successful search (ES-ell)        
     9         556         19837.4         4.86117       0.0078125      Successful search (ES-ell)        
     9         557         19836.8         4.99657       0.0078125      Successful search (ES-ell)        
     9         558         19836.1         5.23787       0.0078125      Successful search (ES-ell)        
     9         594         19836.1         5.23787      0.00390625          Refine grid             
    10         595         19844.3         3.71478      0.00390625      Successful search (ES-wcm)        
    10         641         19844.3         3.71478      0.00195312          Refine grid             
    11         659           19847         4.17449      0.00390625        Successful poll           Train
    12         660         19848.8          2.6078      0.00390625      Successful search (ES-ell)        
    12         661         19847.6         2.61883      0.00390625      Successful search (ES-wcm)        
    12         663         19846.6         2.96765      0.00390625      Successful search (ES-ell)        
    12         664         19845.7         4.38234      0.00390625      Successful search (ES-ell)        
    12         665         19845.3         5.65759      0.00390625      Successful search (ES-ell)        
    12         666         19843.5         7.50806      0.00390625      Successful search (ES-ell)        
    12         706         19843.5         7.50806      0.00195312          Refine grid             
    13         707         19847.9         2.51165      0.00195312      Successful search (ES-ell)        
    13         708         19846.9         2.76559      0.00195312      Successful search (ES-ell)        
    13         709         19845.5         3.19693      0.00195312      Successful search (ES-ell)        
    13         710         19844.3         4.14042      0.00195312      Successful search (ES-ell)        
    13         711         19843.2         5.56794      0.00195312      Successful search (ES-ell)        
    13         712         19841.2          7.6034      0.00195312      Successful search (ES-ell)        
    13         753         19841.2          7.6034     0.000976562          Refine grid             
Optimization terminated: change in the function value less than options['tol_mesh']
Estimated function value at minimum: 19849.11999736846 ± 2.835242521883697 (mean ± SEM from 100 samples)
BADS minimum at: x_min = [ 1.9085  6.421   5.8378 11.207   7.3815  3.3423  1.6512  8.17    0.9999
  0.3947  0.1779  0.8536], training NLL = 19849.12
total f-count: 853, time: 37.84 min

 Optimization Run 2/2
Initial params: [1.1617, 2.724, 10.9127, 19.3064, -1.2777, 40.1396, 3.7764, 29.864, 0.7376, 0.3832, 0.1844, 0.1514]
bads:TooCloseBounds: For each variable, hard and plausible bounds should not be too close. Moving plausible bounds.
Variables (index) internally transformed to log coordinates: [[0 0]
 [0 3]
 [0 5]
 [0 6]]
Beginning optimization of a STOCHASTIC objective function

 Iteration    f-count      E[f(x)]        SD[f(x)]           MeshScale          Method              Actions
     0           1         26151.5             nan               1                                  
     0          33         23448.2             nan               1          Initial mesh            Initial points
     0          53         23235.3        0.999933               1        Successful poll           Train
     1          60         22483.8         1.02385               1      Successful search (ES-wcm)        
     1          62           22029         1.02382               1      Successful search (ES-wcm)        
     1          65         21981.9         1.02361               1      Successful search (ES-wcm)        
     1          74         21836.6         1.02161               1      Successful search (ES-wcm)        
     1          79         21638.5         1.02384               1      Successful search (ES-wcm)        
     1          85         21549.7        0.993825               1      Successful search (ES-wcm)        
     1          86         21451.3        0.993794               1      Successful search (ES-ell)        
     1          87         21313.7        0.993816               1      Successful search (ES-ell)        
     1          89           21304        0.993785               1      Successful search (ES-ell)        
     1          92         21150.9        0.993788               1      Successful search (ES-ell)        
     1          93         21088.2        0.993822               1      Successful search (ES-wcm)        
     1          94         21020.5        0.993788               1      Successful search (ES-wcm)        
     1          96         20955.1        0.993812               1      Successful search (ES-wcm)        
     1         103         20948.3        0.993785               1      Successful search (ES-wcm)        
     1         105         20863.9        0.993771               1      Successful search (ES-wcm)        
     1         115         20851.9         1.00692               1      Successful search (ES-wcm)        
     1         118           20798         1.00708               1      Successful search (ES-wcm)        
     1         124         20792.4         1.00704               1      Successful search (ES-wcm)        
     1         153         20503.8         1.04377               1        Successful poll           
     2         180         20503.8         1.04377             0.5          Refine grid             
     3         182         20394.6         20.3911             0.5      Successful search (ES-wcm)        
     3         186         20377.9         23.2575             0.5      Successful search (ES-wcm)        
     3         195         20369.7         14.7419             0.5      Successful search (ES-wcm)        
     3         197         20364.3         20.1986             0.5      Successful search (ES-wcm)        
     3         200         20331.9         17.7258             0.5      Successful search (ES-wcm)        
     3         201         20325.8         19.4745             0.5      Successful search (ES-wcm)        
     3         204         20312.9         19.7275             0.5      Successful search (ES-wcm)        
     3         208         20280.3         20.4895             0.5      Successful search (ES-wcm)        
     3         209         20277.6         23.4374             0.5      Successful search (ES-ell)        
     3         214         20276.3         15.4592             0.5      Successful search (ES-ell)        
     3         219         20268.7         18.5194             0.5      Successful search (ES-ell)        
     3         221         20233.8         17.6101             0.5      Successful search (ES-ell)        
     3         223         20224.6         22.0296             0.5      Successful search (ES-ell)        
     3         227         20217.9         15.7767             0.5      Successful search (ES-ell)        
     3         229         20191.6         21.4618             0.5      Successful search (ES-ell)        
     3         235         20182.7         12.3472             0.5      Successful search (ES-ell)        
     3         243           20174         22.0033             0.5      Successful search (ES-wcm)        
     3         248         20162.4         15.2991             0.5      Successful search (ES-wcm)        
     3         258         20160.6         11.9019             0.5      Successful search (ES-wcm)        
     3         266         20159.3         17.7628             0.5      Successful search (ES-wcm)        
     3         282         20155.4         8.17643             0.5      Successful search (ES-wcm)        
     3         283         20152.9         18.7113             0.5      Successful search (ES-wcm)        
     3         286         20145.9         12.6606             0.5      Successful search (ES-wcm)        
     3         288         20139.6         10.3548             0.5      Successful search (ES-wcm)        
     3         291         20132.1         11.8441             0.5      Successful search (ES-wcm)        
     3         299         20130.2         7.48625             0.5      Successful search (ES-wcm)        
     3         304         20124.1         10.9846             0.5      Successful search (ES-wcm)        
     3         306         20122.9         18.8703             0.5      Successful search (ES-ell)        
     3         310         20112.4          14.232             0.5      Successful search (ES-wcm)        
     3         311         20107.6         19.7992             0.5      Successful search (ES-wcm)        
     3         342         20107.6         19.7992            0.25          Refine grid             
     4         343         20105.9         16.6436            0.25      Successful search (ES-ell)        
     4         356         20102.7         8.04142            0.25      Successful search (ES-ell)        
     4         358         20098.8         8.93026            0.25      Successful search (ES-ell)        
     4         365         20096.8         7.77219            0.25      Successful search (ES-ell)        
     4         368         20095.5         10.5709            0.25      Successful search (ES-ell)        
     4         370           20094         9.59184            0.25      Successful search (ES-ell)        
     4         371           20094         12.9019            0.25      Incremental search (ES-ell)        
     4         373         20090.5         14.5268            0.25      Successful search (ES-ell)        
     4         374         20080.2         24.8874            0.25      Successful search (ES-wcm)        
     4         380         20050.9          19.537            0.25      Successful search (ES-wcm)        
     4         384         20050.6         15.9697            0.25      Successful search (ES-wcm)        
     4         420         20050.6         15.9697           0.125          Refine grid             
     5         421         20053.5          11.348           0.125      Successful search (ES-ell)        
     5         423         20043.3          12.838           0.125      Successful search (ES-ell)        
     5         426         20041.2         11.8416           0.125      Successful search (ES-ell)        
     5         427         20040.3         18.8629           0.125      Successful search (ES-ell)        
     5         464         20040.3         18.8629          0.0625          Refine grid             
     6         465         20029.8         8.08561          0.0625      Successful search (ES-ell)        
     6         466         20004.9         13.7158          0.0625      Successful search (ES-ell)        
     6         508         20004.9         13.7158         0.03125          Refine grid             Train
     7         509           20031         5.36381         0.03125      Successful search (ES-wcm)        
     7         510         20029.5         7.14175         0.03125      Successful search (ES-wcm)        
     7         512         20028.6         5.99396         0.03125      Successful search (ES-wcm)        
     7         513         20019.8         8.88352         0.03125      Successful search (ES-wcm)        
     7         554         20019.8         8.88352        0.015625          Refine grid             Train
     8         555         20016.8         4.70638        0.015625      Successful search (ES-ell)        
     8         556         20011.2         5.45386        0.015625      Successful search (ES-ell)        
     8         557         20009.1         6.69212        0.015625      Successful search (ES-ell)        
     8         559         20007.8         8.28717        0.015625      Successful search (ES-ell)        
     8         561         20007.6         11.1493        0.015625      Successful search (ES-wcm)        
     8         562         19998.5         16.5712        0.015625      Successful search (ES-wcm)        
     8         598         19998.5         16.5712       0.0078125          Refine grid             
     9         599         20017.4         3.69226       0.0078125      Successful search (ES-wcm)        
     9         600         20016.3         4.41204       0.0078125      Successful search (ES-wcm)        
     9         603         20015.3         4.63135       0.0078125      Successful search (ES-wcm)        
     9         607         20013.9         4.55695       0.0078125      Successful search (ES-ell)        
     9         608         20013.1         4.87373       0.0078125      Successful search (ES-ell)        
     9         609           20012          5.1597       0.0078125      Successful search (ES-ell)        
     9         610         20009.9         5.10866       0.0078125      Successful search (ES-wcm)        
     9         611         20005.5         5.31447       0.0078125      Successful search (ES-wcm)        
     9         612         20004.3         5.75249       0.0078125      Successful search (ES-wcm)        
     9         613         20004.1         7.09724       0.0078125      Successful search (ES-wcm)        
     9         614         20001.7         8.80897       0.0078125      Successful search (ES-wcm)        
     9         616         19996.6          10.525       0.0078125      Successful search (ES-wcm)        
     9         655         19996.6          10.525      0.00390625          Refine grid             
    10         656         20018.3           4.057      0.00390625      Successful search (ES-ell)        
    10         657         20016.6         4.17273      0.00390625      Successful search (ES-ell)        
    10         658         20014.9         4.73007      0.00390625      Successful search (ES-ell)        
    10         659         20011.4         5.87924      0.00390625      Successful search (ES-ell)        
    10         660         20011.2         8.23956      0.00390625      Successful search (ES-ell)        
    10         662         19999.3         10.0645      0.00390625      Successful search (ES-wcm)        
    10         675         19998.2         5.66912      0.00390625      Successful search (ES-wcm)        
    10         676         19996.1         5.59515      0.00390625      Successful search (ES-wcm)        
    10         677         19995.1         5.53601      0.00390625      Successful search (ES-wcm)        
    10         678         19992.7         5.51588      0.00390625      Successful search (ES-wcm)        
    10         679         19990.3         5.57866      0.00390625      Successful search (ES-wcm)        
    10         680           19988         5.88916      0.00390625      Successful search (ES-wcm)        
    10         681         19984.7         6.49729      0.00390625      Successful search (ES-wcm)        
    10         682           19982         7.07278      0.00390625      Successful search (ES-wcm)        
    10         683         19976.8         8.25537      0.00390625      Successful search (ES-wcm)        
    10         727         19976.8         8.25537      0.00195312          Refine grid             
    11         728         20002.5         3.84487      0.00195312      Successful search (ES-wcm)        
    11         729         20001.7         3.86738      0.00195312      Successful search (ES-wcm)        
    11         730         20000.4         3.99068      0.00195312      Successful search (ES-wcm)        
    11         731           20000         4.23949      0.00195312      Successful search (ES-wcm)        
    11         732         19997.2         4.56589      0.00195312      Successful search (ES-wcm)        
    11         735         19991.4         4.01784      0.00195312      Successful search (ES-wcm)        
    11         736         19981.5         4.16387      0.00195312      Successful search (ES-wcm)        
    11         738           19974          4.6939      0.00195312      Successful search (ES-wcm)        
    11         757         19965.9         4.03739      0.00390625        Successful poll           
    12         758         19989.4         5.12545      0.00390625      Successful search (ES-ell)        
    12         759           19979         5.91376      0.00390625      Successful search (ES-ell)        
    12         760         19970.3          6.8871      0.00390625      Successful search (ES-ell)        
    12         761         19966.8         9.29461      0.00390625      Successful search (ES-ell)        
    12         805         19966.8         9.29461      0.00195312          Refine grid             Train
    13         806           20000          3.2925      0.00195312      Successful search (ES-ell)        
    13         807         19998.1         3.54336      0.00195312      Successful search (ES-ell)        
    13         808         19997.2         4.54126      0.00195312      Successful search (ES-ell)        
    13         809         19996.8         6.42316      0.00195312      Successful search (ES-ell)        
    13         810         19989.8         8.72161      0.00195312      Successful search (ES-ell)        
    13         851         19989.8         8.72161     0.000976562          Refine grid             
Optimization terminated: change in the function value less than options['tol_mesh']
Estimated function value at minimum: 20001.54941443014 ± 2.3701794437589436 (mean ± SEM from 100 samples)
BADS minimum at: x_min = [2.277  8.9766 8.6836 8.6451 6.1189 3.3305 1.5654 9.0482 0.0695 0.0313
 0.1427 0.4932], training NLL = 20001.5494
total f-count: 951, time: 42.11 min

 ------- Finish Optimization for Subject 2 ---------- 

 ------- Start Optimization for Subject 3 ---------- 

 Cross Validation fold 0/1

 -- Start Optimization: method BADS --

 Optimization Run 1/2
Initial params: [0.1754, 5.8344, 8.6683, 5.807, 3.726, 20.8517, 1.3609, 17.5425, 0.2145, 0.6469, 0.1492, 0.4717]
bads:TooCloseBounds: For each variable, hard and plausible bounds should not be too close. Moving plausible bounds.
Variables (index) internally transformed to log coordinates: [[0 0]
 [0 3]
 [0 5]
 [0 6]]
Beginning optimization of a STOCHASTIC objective function

 Iteration    f-count      E[f(x)]        SD[f(x)]           MeshScale          Method              Actions
     0           1         25019.4             nan               1                                  
     0          33         23461.6             nan               1          Initial mesh            Initial points
     0          40         22674.4        0.999224               1        Successful poll           Train
     1          44         21800.1        0.998879               1      Successful search (ES-wcm)        
     1          51         21368.1        0.987294               1      Successful search (ES-wcm)        
     1          52         20642.1        0.976627               1      Successful search (ES-wcm)        
     1          59         20272.9        0.956536               1      Successful search (ES-wcm)        
     1          79         20241.7        0.956526               1        Successful poll           
     2          89         20191.6        0.918095               1      Successful search (ES-wcm)        
     2         109         20093.3         15.2801               1        Successful poll           Train
     3         110         19870.2         16.3237               1      Successful search (ES-wcm)        
     3         112         19868.4         16.3025               1      Successful search (ES-ell)        
     3         116         19734.6         16.1902               1      Successful search (ES-wcm)        
     3         117         19584.6         16.2818               1      Successful search (ES-wcm)        
     3         123         19561.2         16.1703               1      Successful search (ES-wcm)        
     3         124           19430         16.2299               1      Successful search (ES-wcm)        
     3         126         19346.1         16.3242               1      Successful search (ES-wcm)        
     3         128           19230         16.3135               1      Successful search (ES-wcm)        
     3         159           19230         16.3135             0.5          Refine grid             Train
     4         161         19215.1         15.4274             0.5      Successful search (ES-wcm)        
     4         172         19208.2         15.8556             0.5      Successful search (ES-ell)        
     4         178         19186.2         15.6153             0.5      Successful search (ES-wcm)        
     4         214         19186.2         15.6153            0.25          Refine grid             
     5         215         19209.4         11.9752            0.25      Successful search (ES-ell)        
     5         219         19194.2         14.7583            0.25      Successful search (ES-wcm)        
     5         220         19165.8         20.2621            0.25      Successful search (ES-wcm)        
     5         227         19143.9         18.5623            0.25      Successful search (ES-ell)        
     5         232         19139.4         16.7243            0.25      Successful search (ES-wcm)        
     5         235         19131.1         14.2495            0.25      Successful search (ES-wcm)        
     5         237           19123         14.4021            0.25      Successful search (ES-ell)        
     5         270           19123         14.4021           0.125          Refine grid             
     6         271         19125.4         12.0697           0.125      Successful search (ES-ell)        
     6         274         19120.4         18.9539           0.125      Successful search (ES-wcm)        
     6         283         19113.7         20.3495           0.125      Successful search (ES-wcm)        
     6         326         19108.7         23.7143            0.25        Successful poll           Train
     7         327         19100.9         23.2284            0.25      Successful search (ES-ell)        
     7         328         19060.7         26.2828            0.25      Successful search (ES-ell)        
     7         340         19049.9         22.8161            0.25      Successful search (ES-ell)        
     7         343         19047.1         21.3517            0.25      Successful search (ES-ell)        
     7         355         19036.9         9.37585            0.25      Successful search (ES-ell)        
     7         356         19026.6         12.4762            0.25      Successful search (ES-ell)        
     7         357         19017.9         18.9576            0.25      Successful search (ES-ell)        
     7         364         19010.8          19.426            0.25      Successful search (ES-wcm)        
     7         404         19010.8          19.426           0.125          Refine grid             
     8         405         18995.3         14.5236           0.125      Successful search (ES-wcm)        
     8         406           18986         25.5268           0.125      Successful search (ES-wcm)        
     8         446           18986         25.5268          0.0625          Refine grid             Train
     9         447         18997.3         8.91645          0.0625      Successful search (ES-ell)        
     9         449         18991.4         11.0059          0.0625      Successful search (ES-wcm)        
     9         450         18981.9         13.1206          0.0625      Successful search (ES-wcm)        
     9         454         18981.7         9.63072          0.0625      Successful search (ES-wcm)        
     9         455         18980.9           10.94          0.0625      Successful search (ES-wcm)        
     9         457         18975.4         10.0147          0.0625      Successful search (ES-wcm)        
     9         459         18973.5         10.0611          0.0625      Successful search (ES-wcm)        
     9         471         18972.8         7.59174          0.0625      Successful search (ES-ell)        
     9         472         18967.2         11.0597          0.0625      Successful search (ES-ell)        
     9         514         18967.2         11.0597         0.03125          Refine grid             
    10         515         18981.4         4.55403         0.03125      Successful search (ES-ell)        
    10         516         18973.9         6.54973         0.03125      Successful search (ES-ell)        
    10         518         18972.2         7.34001         0.03125      Successful search (ES-ell)        
    10         559         18972.2         7.34001        0.015625          Refine grid             Train
    11         560         18986.6         3.83618        0.015625      Successful search (ES-wcm)        
    11         561           18980         4.32929        0.015625      Successful search (ES-wcm)        
    11         562           18977         4.56409        0.015625      Successful search (ES-wcm)        
    11         563         18968.2         4.72248        0.015625      Successful search (ES-wcm)        
    11         564           18960         7.30422        0.015625      Successful search (ES-wcm)        
    11         604           18960         7.30422       0.0078125          Refine grid             
    12         605         18973.7         3.80005       0.0078125      Successful search (ES-ell)        
    12         606         18972.3         4.06327       0.0078125      Successful search (ES-ell)        
    12         607           18970         4.43706       0.0078125      Successful search (ES-ell)        
    12         609         18969.6          5.1489       0.0078125      Successful search (ES-ell)        
    12         611         18918.2         5.19432       0.0078125      Successful search (ES-ell)        
    12         612         18868.6         7.81743       0.0078125      Successful search (ES-ell)        
    12         648         18868.6         7.81743      0.00390625          Refine grid             
    13         649         18974.5         4.03347      0.00390625      Successful search (ES-ell)        
    13         650         18973.8         4.17266      0.00390625      Successful search (ES-ell)        
    13         651         18972.3         4.33981      0.00390625      Successful search (ES-ell)        
    13         653         18971.3         4.49641      0.00390625      Successful search (ES-wcm)        
    13         654         18969.6         4.79319      0.00390625      Successful search (ES-wcm)        
    13         655         18967.5         5.68993      0.00390625      Successful search (ES-wcm)        
    13         656         18964.1         8.60819      0.00390625      Successful search (ES-wcm)        
    13         694         18964.1         8.60819      0.00195312          Refine grid             Train
    14         695         18977.4         3.79588      0.00195312      Successful search (ES-wcm)        
    14         696           18977         3.77521      0.00195312      Successful search (ES-wcm)        
    14         697         18976.6         3.82658      0.00195312      Successful search (ES-wcm)        
    14         698         18973.9         4.22054      0.00195312      Successful search (ES-ell)        
    14         699         18972.8         4.59743      0.00195312      Successful search (ES-ell)        
    14         702         18972.5         4.93966      0.00195312      Successful search (ES-ell)        
    14         739         18972.5         4.93966     0.000976562          Refine grid             Train
Optimization terminated: change in the function value less than options['tol_mesh']
Estimated function value at minimum: 18982.814679074556 ± 2.9460187613702695 (mean ± SEM from 100 samples)
BADS minimum at: x_min = [ 4.2685  8.3641  8.369  13.8488  8.4116  3.4172  1.9783  8.398   0.8853
  0.1104  0.1338  0.8614], training NLL = 18982.8147
total f-count: 839, time: 37.2 min

 Optimization Run 2/2
Initial params: [0.2269, 8.1742, 12.389, 10.0032, 4.5743, 13.943, 0.5766, 17.5642, 0.7309, 0.424, 0.2709, 1.3577]
bads:TooCloseBounds: For each variable, hard and plausible bounds should not be too close. Moving plausible bounds.
Variables (index) internally transformed to log coordinates: [[0 0]
 [0 3]
 [0 5]
 [0 6]]
Beginning optimization of a STOCHASTIC objective function

 Iteration    f-count      E[f(x)]        SD[f(x)]           MeshScale          Method              Actions
     0           1         25022.4             nan               1                                  
     0          33         23484.3             nan               1          Initial mesh            Initial points
     0          50         22707.3        0.996588               1        Successful poll           Train
     1          58           22687         0.98119               1      Successful search (ES-wcm)        
     1          59         20931.2        0.995129               1      Successful search (ES-wcm)        
     1          60         20861.8         0.99513               1      Successful search (ES-wcm)        
     1          61         20705.8        0.995086               1      Successful search (ES-wcm)        
     1          62         20365.4        0.994927               1      Successful search (ES-wcm)        
     1          67         20213.5        0.995043               1      Successful search (ES-wcm)        
     1          71         20204.7        0.993393               1      Successful search (ES-wcm)        
     1          72         20028.2        0.994859               1      Successful search (ES-ell)        
     1          73         19844.7        0.994514               1      Successful search (ES-wcm)        
     1          76         19802.4        0.994903               1      Successful search (ES-ell)        
     1          77         19668.2        0.994895               1      Successful search (ES-wcm)        
     1          82         19560.5        0.994223               1      Successful search (ES-ell)        
     1          85         19403.3         1.01019               1      Successful search (ES-ell)        
     1          89         19370.6         1.01012               1      Successful search (ES-ell)        
     1          93         19346.6         1.00947               1      Successful search (ES-ell)        
     1          94         19340.9         1.00948               1      Successful search (ES-ell)        
     1          95         19293.4         1.01006               1      Successful search (ES-ell)        
     1         107         19279.6        0.989157               1      Successful search (ES-ell)        
     1         131         19277.2         20.4808               1        Successful poll           
     2         134           19266         13.7936               1      Successful search (ES-wcm)        
     2         137         19257.6         18.1346               1      Successful search (ES-wcm)        
     2         142         19242.7         12.1196               1      Successful search (ES-wcm)        
     2         170         19242.7         12.1196             0.5          Refine grid             Train
     3         174         19242.6          9.2737             0.5      Successful search (ES-ell)        
     3         175         19230.9         9.36615             0.5      Successful search (ES-ell)        
     3         177         19226.9          12.015             0.5      Successful search (ES-ell)        
     3         180         19217.4         18.1778             0.5      Successful search (ES-wcm)        
     3         181         19143.6          23.939             0.5      Successful search (ES-wcm)        
     3         212         19143.6          23.939            0.25          Refine grid             
     4         214         19177.2         15.4756            0.25      Successful search (ES-wcm)        
     4         222         19176.8         8.85828            0.25      Successful search (ES-ell)        
     4         223           19166         8.70194            0.25      Successful search (ES-ell)        
     4         224         19165.6         9.96609            0.25      Successful search (ES-ell)        
     4         230           19164         7.69623            0.25      Successful search (ES-ell)        
     4         231         19155.5         9.66678            0.25      Successful search (ES-ell)        
     4         232         19149.6         10.8901            0.25      Successful search (ES-ell)        
     4         245         19148.5         6.41469            0.25      Successful search (ES-ell)        
     4         246         19147.7         6.59633            0.25      Successful search (ES-ell)        
     4         247         19146.9          7.5929            0.25      Successful search (ES-ell)        
     4         248         19145.4         8.80283            0.25      Successful search (ES-ell)        
     4         253         19144.8         10.8293            0.25      Successful search (ES-wcm)        
     4         254         19136.3         17.3624            0.25      Successful search (ES-wcm)        
     4         258         19128.4         12.0065            0.25      Successful search (ES-wcm)        
     4         293         19128.4         12.0065           0.125          Refine grid             
     5         294           19123         8.99492           0.125      Successful search (ES-ell)        
     5         295         19101.5         13.2123           0.125      Successful search (ES-ell)        
     5         296         19099.8         18.2418           0.125      Successful search (ES-ell)        
     5         297         19096.8         20.9662           0.125      Successful search (ES-ell)        
     5         338         19096.8         20.9662          0.0625          Refine grid             
     6         339         19106.4         4.91958          0.0625      Successful search (ES-ell)        
     6         340         19092.5         7.72368          0.0625      Successful search (ES-ell)        
     6         383         19092.5         7.72368         0.03125          Refine grid             Train
     7         384         19112.4         4.52243         0.03125      Successful search (ES-ell)        
     7         385         19109.3         5.17632         0.03125      Successful search (ES-wcm)        
     7         386         19104.6          7.1807         0.03125      Successful search (ES-ell)        
     7         388         19101.2         8.15441         0.03125      Successful search (ES-ell)        
     7         390         19093.6         11.4984         0.03125      Successful search (ES-wcm)        
     7         428         19093.6         11.4984        0.015625          Refine grid             Train
     8         429         19101.7         3.33164        0.015625      Successful search (ES-wcm)        
     8         430         19099.4         3.82652        0.015625      Successful search (ES-wcm)        
     8         431         19095.9         4.39006        0.015625      Successful search (ES-wcm)        
     8         432         19094.7         6.39866        0.015625      Successful search (ES-wcm)        
     8         476         19094.7         6.39866       0.0078125          Refine grid             
     9         489         19108.5         4.37077        0.015625        Successful poll           Train
    10         490         19115.3         4.70717        0.015625      Successful search (ES-ell)        
    10         491         19109.1          4.3438        0.015625      Successful search (ES-wcm)        
    10         492         19108.1          5.2329        0.015625      Successful search (ES-ell)        
    10         534         19108.1          5.2329       0.0078125          Refine grid             
    11         535         19110.5         3.78434       0.0078125      Successful search (ES-ell)        
    11         536         19108.8         3.89552       0.0078125      Successful search (ES-ell)        
    11         562           19108         4.59138        0.015625        Successful poll           
    12         563         19104.9         3.60714        0.015625      Successful search (ES-wcm)        
    12         564         19102.3         6.77718        0.015625      Successful search (ES-wcm)        
    12         573         19102.3         4.78013        0.015625      Successful search (ES-wcm)        
    12         576         19097.3         4.99893        0.015625      Successful search (ES-ell)        
    12         577         19094.6         5.58312        0.015625      Successful search (ES-ell)        
    12         578           19091          7.1898        0.015625      Successful search (ES-ell)        
    12         581         19087.9         7.54356        0.015625      Successful search (ES-ell)        
    12         619         19087.9         7.54356       0.0078125          Refine grid             Train
    13         620         19102.9          3.7685       0.0078125      Successful search (ES-ell)        
    13         623         19098.9         3.96001       0.0078125      Successful search (ES-ell)        
    13         624           19098         4.63562       0.0078125      Successful search (ES-ell)        
    13         625         19090.4         5.68452       0.0078125      Successful search (ES-ell)        
    13         627         19088.6         6.23188       0.0078125      Successful search (ES-ell)        
    13         628         19077.2         8.02213       0.0078125      Successful search (ES-ell)        
    13         667         19077.2         8.02213      0.00390625          Refine grid             
    14         668         19100.3          3.9997      0.00390625      Successful search (ES-wcm)        
    14         669         19097.2         4.55525      0.00390625      Successful search (ES-wcm)        
    14         715         19097.2         4.55525      0.00195312          Refine grid             
    15         731         19105.8         2.87217      0.00390625        Successful poll           Train
    16         732           19101         4.07184      0.00390625      Successful search (ES-ell)        
    16         733         19100.6         4.80872      0.00390625      Successful search (ES-ell)        
    16         779         19098.5          7.0542       0.0078125        Successful poll           
    17         792         19091.2         8.82962        0.015625        Successful poll           Train
    18         793         19085.9         15.5813        0.015625      Successful search (ES-wcm)        
    18         795         19061.4         13.9106        0.015625      Successful search (ES-ell)        
    18         797         19060.4         13.3191        0.015625      Successful search (ES-ell)        
    18         838         19060.4         13.3191       0.0078125          Refine grid             
    19         839         19090.6         8.47523       0.0078125      Successful search (ES-ell)        
    19         840         19086.9         14.0707       0.0078125      Successful search (ES-ell)        
    19         841         19082.8         14.9322       0.0078125      Successful search (ES-ell)        
    19         886         19065.3         8.50366        0.015625        Successful poll           
    20         887         19086.6          11.909        0.015625      Successful search (ES-ell)        
    20         899         19072.3         10.9987        0.015625      Successful search (ES-ell)        
    20         911         19072.2         12.3619        0.015625      Successful search (ES-ell)        
    20         912         19065.8         17.8991        0.015625      Successful search (ES-ell)        
    20         958         19065.8         17.8991       0.0078125          Refine grid             
    21         959         19080.5         4.38879       0.0078125      Successful search (ES-ell)        
    21         960         19070.7         5.92968       0.0078125      Successful search (ES-ell)        
    21         961         19059.8         7.98862       0.0078125      Successful search (ES-ell)        
    21         962         19052.2         11.3173       0.0078125      Successful search (ES-ell)        
    21        1006         19052.2         11.3173      0.00390625          Refine grid             
    22        1007         19086.8         4.11256      0.00390625      Successful search (ES-ell)        
    22        1008         19081.9         4.73017      0.00390625      Successful search (ES-ell)        
    22        1009         19075.2         6.14806      0.00390625      Successful search (ES-ell)        
    22        1010           19065         8.36151      0.00390625      Successful search (ES-ell)        
    22        1011         19057.9         10.6916      0.00390625      Successful search (ES-ell)        
    22        1036         19057.9         12.6734       0.0078125        Successful poll           Train
    23        1037         19082.8         4.69094       0.0078125      Successful search (ES-ell)        
    23        1038         19075.8         7.02452       0.0078125      Successful search (ES-wcm)        
    23        1084         19075.8         7.02452      0.00390625          Refine grid             
    24        1085         19085.4          8.7991      0.00390625      Successful search (ES-wcm)        
    24        1086         19081.5         10.2304      0.00390625      Successful search (ES-wcm)        
    24        1087         19080.2         9.80719      0.00390625      Successful search (ES-wcm)        
    24        1088           19075         10.2106      0.00390625      Successful search (ES-wcm)        
    24        1132           19075         10.2106      0.00195312          Refine grid             
    25        1133         19087.6         3.32478      0.00195312      Successful search (ES-wcm)        
    25        1134         19085.6          3.8143      0.00195312      Successful search (ES-wcm)        
    25        1135         19082.2         4.70604      0.00195312      Successful search (ES-ell)        
    25        1136         19078.6         6.20983      0.00195312      Successful search (ES-wcm)        
    25        1137         19073.9         7.76518      0.00195312      Successful search (ES-ell)        
    25        1138         19072.8         9.99028      0.00195312      Successful search (ES-ell)        
    25        1180         19072.8         9.99028     0.000976562          Refine grid             Train
Optimization terminated: change in the function value less than options['tol_mesh']
Estimated function value at minimum: 19090.895403559625 ± 2.291775303514747 (mean ± SEM from 100 samples)
BADS minimum at: x_min = [2.4139 7.0175 7.1861 9.02   5.9212 2.1605 4.35   7.3952 0.945  0.1876
 0.1521 0.6308], training NLL = 19090.8954
total f-count: 1280, time: 56.87 min

 ------- Finish Optimization for Subject 3 ---------- 

 ------- Start Optimization for Subject 5 ---------- 

 Cross Validation fold 0/1

 -- Start Optimization: method BADS --

 Optimization Run 1/2
Initial params: [0.5365, 3.0387, 13.0853, 9.8066, -3.353, 37.8817, 1.9304, 27.4707, 0.5813, 0.4681, 0.2625, -0.3273]
bads:TooCloseBounds: For each variable, hard and plausible bounds should not be too close. Moving plausible bounds.
Variables (index) internally transformed to log coordinates: [[0 0]
 [0 3]
 [0 5]
 [0 6]]
Beginning optimization of a STOCHASTIC objective function

 Iteration    f-count      E[f(x)]        SD[f(x)]           MeshScale          Method              Actions
     0           1         25625.7             nan               1                                  
     0          33         23987.8             nan               1          Initial mesh            Initial points
     0          35         22769.5        0.999927               1        Successful poll           Train
     1          42         21641.6        0.991442               1      Successful search (ES-wcm)        
     1          55         21579.4        0.893357               1      Successful search (ES-wcm)        
     1          56         21489.1        0.920867               1      Successful search (ES-wcm)        
     1          60         21201.5        0.978711               1      Successful search (ES-wcm)        
     1          61         21028.2         0.97872               1      Successful search (ES-wcm)        
     1          62         20857.6        0.978718               1      Successful search (ES-wcm)        
     1          64         20680.1        0.978714               1      Successful search (ES-wcm)        
     1          66         20614.9        0.978712               1      Successful search (ES-wcm)        
     1          68         20351.6        0.978702               1      Successful search (ES-wcm)        
     1          73         20332.4        0.978679               1      Successful search (ES-wcm)        
     1          81         20293.4        0.977869               1      Successful search (ES-wcm)        
     1          86         20263.5        0.995506               1      Successful search (ES-wcm)        
     1          88         20216.7        0.995671               1      Successful search (ES-wcm)        
     1          92         20204.5        0.995652               1      Successful search (ES-wcm)        
     1         109         20007.7         15.3869               1        Successful poll           Train
     2         112         19944.1         15.0087               1      Successful search (ES-wcm)        
     2         113         19869.3         15.3055               1      Successful search (ES-wcm)        
     2         120         19857.8         13.6418               1      Successful search (ES-wcm)        
     2         121         19802.6         14.2712               1      Successful search (ES-wcm)        
     2         146         19644.6         31.6877               1        Successful poll           Train
     3         152         19581.4         25.6107               1      Successful search (ES-ell)        
     3         155         19572.9         22.2495               1      Successful search (ES-ell)        
     3         157         19550.7         23.1751               1      Successful search (ES-ell)        
     3         158         19533.1         25.0723               1      Successful search (ES-ell)        
     3         182         19533.1         25.0723             0.5          Refine grid             
     4         183         19578.5         25.4655             0.5      Successful search (ES-wcm)        
     4         188         19463.4         24.9277             0.5      Successful search (ES-wcm)        
     4         190         19450.7         22.9441             0.5      Successful search (ES-wcm)        
     4         224         19450.7         22.9441            0.25          Refine grid             
     5         225         19452.1         25.5786            0.25      Successful search (ES-wcm)        
     5         228           19421         26.5245            0.25      Successful search (ES-wcm)        
     5         231         19377.6         23.8034            0.25      Successful search (ES-wcm)        
     5         232           19346         26.8032            0.25      Successful search (ES-wcm)        
     5         267         19301.3         20.0013             0.5        Successful poll           
     6         270         19245.5         16.8707             0.5      Successful search (ES-wcm)        
     6         271         19185.6         24.5478             0.5      Successful search (ES-wcm)        
     6         307         19185.6         24.5478            0.25          Refine grid             Train
     7         309         19199.9         11.5554            0.25      Successful search (ES-wcm)        
     7         310           19198         18.8823            0.25      Successful search (ES-wcm)        
     7         312         19183.7         19.8217            0.25      Successful search (ES-wcm)        
     7         352         19183.7         19.8217           0.125          Refine grid             
     8         354         19204.4         11.4909           0.125      Successful search (ES-wcm)        
     8         355         19200.3         18.7812           0.125      Successful search (ES-wcm)        
     8         358         19195.9         11.4589           0.125      Successful search (ES-wcm)        
     8         365         19190.4          8.9945           0.125      Successful search (ES-wcm)        
     8         368         19145.3          12.412           0.125      Successful search (ES-wcm)        
     8         370         19127.3         14.7885           0.125      Successful search (ES-wcm)        
     8         372           19119         16.1083           0.125      Successful search (ES-wcm)        
     8         374         19105.7         17.9756           0.125      Successful search (ES-wcm)        
     8         411         19105.7         17.9756          0.0625          Refine grid             
     9         412         19108.7         9.51709          0.0625      Successful search (ES-wcm)        
     9         414         19106.9         9.94175          0.0625      Successful search (ES-wcm)        
     9         416         19104.2         8.14233          0.0625      Successful search (ES-wcm)        
     9         417         19103.1         19.1023          0.0625      Successful search (ES-wcm)        
     9         420         19100.3         15.0427          0.0625      Successful search (ES-ell)        
     9         458         19100.3         15.0427         0.03125          Refine grid             
    10         459         19104.2         6.37212         0.03125      Successful search (ES-ell)        
    10         460         19102.1         10.4767         0.03125      Successful search (ES-ell)        
    10         462         19094.1         10.8875         0.03125      Successful search (ES-ell)        
    10         464         19083.7         11.2702         0.03125      Successful search (ES-ell)        
    10         505         19083.7         11.2702        0.015625          Refine grid             Train
    11         506         19092.6         3.91812        0.015625      Successful search (ES-wcm)        
    11         507         19086.8         4.46012        0.015625      Successful search (ES-wcm)        
    11         508         19084.1         5.09395        0.015625      Successful search (ES-wcm)        
    11         509         19079.1         7.25949        0.015625      Successful search (ES-ell)        
    11         552         19079.1         7.25949       0.0078125          Refine grid             Train
    12         553           19094         3.67925       0.0078125      Successful search (ES-wcm)        
    12         554           19090         3.99117       0.0078125      Successful search (ES-ell)        
    12         555           19088         4.73064       0.0078125      Successful search (ES-ell)        
    12         556           19085          6.7431       0.0078125      Successful search (ES-ell)        
    12         557         19083.1         9.05196       0.0078125      Successful search (ES-ell)        
    12         600         19083.1         9.05196      0.00390625          Refine grid             
    13         601         19097.2         3.91339      0.00390625      Successful search (ES-ell)        
    13         602         19096.1         4.03949      0.00390625      Successful search (ES-ell)        
    13         603         19094.6         4.45008      0.00390625      Successful search (ES-ell)        
    13         604         19091.3         5.12783      0.00390625      Successful search (ES-ell)        
