----------------------------------------
Start task prologue Wed Feb 25 10:40:25 CET 2026
----------------------------------------
Step ID:         51122132.
Username:        wenlou
Group:           mpla
Asked resources: walltime=1-00:00:00,nodes=1,cpus=8,mem=2G
Queue:           gpu
Compute nodes:   dccn-c083
----------------------------------------
End task prologue Wed Feb 25 10:40:25 CET 2026
----------------------------------------
CUDA version:
nvcc: NVIDIA (R) Cuda compiler driver
Copyright (c) 2005-2024 NVIDIA Corporation
Built on Thu_Mar_28_02:18:24_PDT_2024
Cuda compilation tools, release 12.4, V12.4.131
Build cuda_12.4.r12.4/compiler.34097967_0

[WARNING] Please note the interface change for (de-)activating conda environment:

  - DO NOT use `conda activate` to enter the conda environment as it requires extra step to modify your ~/.bashrc file, which will force you to use this Anaconda version (2024.06).  Therefore keep using `source activate` instead.

  - DO use `conda deactivate` to leave your conda environment as `source deactivate` will be deprecated in future release.

Running model for expriment=percept_only5, m_id=1, method=bads
device is : cuda
['percept_only5', '1', '2', 'bads', '5']

 ------- Start Optimization for Subject 2 ---------- 

 Cross Validation fold 0/1

 -- Start Optimization: method BADS --

 Optimization Run 1/5
Initial params: [1.6258, 6.4483, 3.4617, 9.0581, 1.5872, 0.3927, 20.5478, 16.3894, 0.2666, 0.1201, 0.1745]
bads:TooCloseBounds: For each variable, hard and plausible bounds should not be too close. Moving plausible bounds.
Variables (index) internally transformed to log coordinates: [[0 0]
 [0 3]
 [0 4]]
Beginning optimization of a STOCHASTIC objective function

 Iteration    f-count      E[f(x)]        SD[f(x)]           MeshScale          Method              Actions
     0           1         22525.2             nan               1                                  
     0          33         19609.7             nan               1          Initial mesh            Initial points
     0          43         18866.9        0.999854               1        Successful poll           Train
     1          46         18856.8        0.999894               1      Successful search (ES-wcm)        
     1          48         18717.9        0.999686               1      Successful search (ES-wcm)        
     1          50         18367.7        0.999767               1      Successful search (ES-wcm)        
     1          53         17903.6        0.999605               1      Successful search (ES-ell)        
     1          60         17902.5        0.974242               1      Successful search (ES-wcm)        
     1          63         17792.5        0.972657               1      Successful search (ES-ell)        
     1          69         17779.1        0.974003               1      Successful search (ES-ell)        
     1          72         17758.8         0.97383               1      Successful search (ES-wcm)        
     1          74           17689        0.973967               1      Successful search (ES-wcm)        
     1          86         17591.3         1.03584               1      Successful search (ES-wcm)        
     1          91         17566.9         1.03711               1      Successful search (ES-wcm)        
     1         106           17564         1.07462               1      Successful search (ES-wcm)        
     1         111         17534.1         1.07517               1      Successful search (ES-wcm)        
     1         127           17490         1.01771               1      Successful search (ES-wcm)        
     1         138         17470.6         1.01704               1      Successful search (ES-wcm)        
     1         139         17421.4         1.01764               1      Successful search (ES-wcm)        
     1         152           17398         1.03136               1      Successful search (ES-wcm)        
     1         163         17382.9         1.02779               1      Successful search (ES-wcm)        
     1         192         17336.2         1.19509               1        Successful poll           
     2         220         17336.4         1.19367             0.5          Refine grid             
     3         226         17329.4         1.01679             0.5      Successful search (ES-wcm)        
     3         240         17325.9        0.935885             0.5      Successful search (ES-wcm)        
     3         246         17319.2         1.00206             0.5      Successful search (ES-wcm)        
     3         282         17319.2         1.00206            0.25          Refine grid             
     4         286         17315.8        0.983508            0.25      Successful search (ES-ell)        
     4         288         17306.2        0.968673            0.25      Successful search (ES-ell)        
     4         290         17266.6         8.55627            0.25      Successful search (ES-ell)        
     4         291         17232.4         8.93768            0.25      Successful search (ES-ell)        
     4         298         17225.5         8.03724            0.25      Successful search (ES-ell)        
     4         335         17220.9         9.03479             0.5        Successful poll           
     5         337         17216.6         33.6228             0.5      Successful search (ES-ell)        
     5         341         17197.8          27.986             0.5      Successful search (ES-ell)        
     5         343         17178.5         32.4512             0.5      Successful search (ES-ell)        
     5         349         17157.5         28.4424             0.5      Successful search (ES-ell)        
     5         355         17153.4         17.6393             0.5      Successful search (ES-ell)        
     5         356         17130.6         21.8935             0.5      Successful search (ES-ell)        
     5         386         17130.6         21.8935            0.25          Refine grid             
     6         387         17131.7           24.12            0.25      Successful search (ES-ell)        
     6         392         17130.3         17.0693            0.25      Successful search (ES-ell)        
     6         393         17124.3         13.3787            0.25      Successful search (ES-ell)        
     6         395         17121.4         13.1636            0.25      Successful search (ES-ell)        
     6         397         17079.6         12.8247            0.25      Successful search (ES-ell)        
     6         428         17079.6         12.8247           0.125          Refine grid             Train
     7         429         17063.9         11.7323           0.125      Successful search (ES-ell)        
     7         430         17058.6         12.4287           0.125      Successful search (ES-ell)        
     7         442         17057.5           9.059           0.125      Successful search (ES-ell)        
     7         452         17054.4         9.31524           0.125      Successful search (ES-ell)        
     7         455         17040.9         9.83191           0.125      Successful search (ES-ell)        
     7         492         17021.4         15.2088            0.25        Successful poll           Train
     8         523         17019.9          15.199           0.125          Refine grid             Train
     9         525         17013.7         11.7111           0.125      Successful search (ES-ell)        
     9         565         17013.7         11.7111          0.0625          Refine grid             
    10         570         17004.8         7.18566          0.0625      Successful search (ES-wcm)        
    10         572         16996.5         8.24646          0.0625      Successful search (ES-wcm)        
    10         573         16992.5         9.31245          0.0625      Successful search (ES-wcm)        
    10         574         16991.9         10.0791          0.0625      Successful search (ES-ell)        
    10         607         16991.9         10.0791         0.03125          Refine grid             
    11         608         16999.1         6.91352         0.03125      Successful search (ES-ell)        
    11         609         16990.6         7.71753         0.03125      Successful search (ES-ell)        
    11         649         16990.6         7.71753        0.015625          Refine grid             
    12         650           16991         3.14553        0.015625      Successful search (ES-ell)        
    12         652         16984.3         6.64346        0.015625      Successful search (ES-wcm)        
    12         691         16984.3         6.64346       0.0078125          Refine grid             Train
    13         692         16988.1         2.35228       0.0078125      Successful search (ES-wcm)        
    13         733         16988.1         2.35228      0.00390625          Refine grid             
    14         734         16991.5         1.44574      0.00390625      Successful search (ES-wcm)        
    14         735         16990.3         1.99801      0.00390625      Successful search (ES-wcm)        
    14         736         16990.1          3.1015      0.00390625      Successful search (ES-wcm)        
    14         737         16989.2          6.0234      0.00390625      Successful search (ES-wcm)        
    14         739           16989         4.62229      0.00390625      Successful search (ES-wcm)        
    14         741         16988.7         3.85345      0.00390625      Successful search (ES-wcm)        
    14         743         16987.9         4.72432      0.00390625      Successful search (ES-wcm)        
    14         746         16986.9         3.73157      0.00390625      Successful search (ES-wcm)        
    14         788         16986.9         3.73157      0.00195312          Refine grid             
    15         821         16992.4         2.17811     0.000488281          Refine grid             
Optimization terminated: change in the function value less than options['tol_mesh']
Estimated function value at minimum: 16992.896074826353 ± 0.9927951404932915 (mean ± SEM from 100 samples)
BADS minimum at: x_min = [ 1.47    7.5451 12.2354  0.5662  0.3986  0.1    12.3823 28.2511  0.4914
  0.5309  0.4632], training NLL = 16992.8961
total f-count: 921, time: 40.38 min

 Optimization Run 2/5
Initial params: [0.9237, 3.2241, 2.7185, 6.2808, 0.5492, 0.649, 25.9145, 15.8618, 0.8913, 0.4295, 0.2636]
bads:TooCloseBounds: For each variable, hard and plausible bounds should not be too close. Moving plausible bounds.
Variables (index) internally transformed to log coordinates: [[0 0]
 [0 3]
 [0 4]]
Beginning optimization of a STOCHASTIC objective function

 Iteration    f-count      E[f(x)]        SD[f(x)]           MeshScale          Method              Actions
     0           1         22469.5             nan               1                                  
     0          33         19609.8             nan               1          Initial mesh            Initial points
     0          49         18862.8        0.999892               1        Successful poll           Train
     1          52         18569.9         0.99988               1      Successful search (ES-wcm)        
     1          53         18091.2        0.999918               1      Successful search (ES-wcm)        
     1          55         17851.5          0.9999               1      Successful search (ES-wcm)        
     1          59         17823.4        0.961085               1      Successful search (ES-wcm)        
----------------------------------------
Start job epilogue Wed Feb 25 13:35:21 CET 2026
----------------------------------------
Job ID:          51122132
Job Exit Code:   0:0
Username:        wenlou
Group:           mpla
Queue:           gpu
Compute nodes:   dccn-c083
Asked resources: walltime=1-00:00:00,nodes=1,cpus=8,mem=2G
Used resources:  cputime=23:15:12,walltime=02:54:24,memory=1G
----------------------------------------
End job epilogue Wed Feb 25 13:35:21 CET 2026
----------------------------------------
