----------------------------------------
Start task prologue Wed Feb 25 10:40:33 CET 2026
----------------------------------------
Step ID:         51122134.
Username:        wenlou
Group:           mpla
Asked resources: walltime=1-00:00:00,nodes=1,cpus=8,mem=2G
Queue:           gpu
Compute nodes:   dccn-c089
----------------------------------------
End task prologue Wed Feb 25 10:40:33 CET 2026
----------------------------------------
CUDA version:
nvcc: NVIDIA (R) Cuda compiler driver
Copyright (c) 2005-2024 NVIDIA Corporation
Built on Thu_Mar_28_02:18:24_PDT_2024
Cuda compilation tools, release 12.4, V12.4.131
Build cuda_12.4.r12.4/compiler.34097967_0

[WARNING] Please note the interface change for (de-)activating conda environment:

  - DO NOT use `conda activate` to enter the conda environment as it requires extra step to modify your ~/.bashrc file, which will force you to use this Anaconda version (2024.06).  Therefore keep using `source activate` instead.

  - DO use `conda deactivate` to leave your conda environment as `source deactivate` will be deprecated in future release.

Running model for expriment=percept_only5, m_id=1, method=bads
device is : cuda
['percept_only5', '1', '2', 'bads', '5']

 ------- Start Optimization for Subject 2 ---------- 

 Cross Validation fold 0/1

 -- Start Optimization: method BADS --

 Optimization Run 1/5
Initial params: [1.5394, 7.3825, 10.1174, 3.2749, 4.1627, 0.2883, 27.6017, 22.633, 0.2991, 0.761, 0.1175]
bads:TooCloseBounds: For each variable, hard and plausible bounds should not be too close. Moving plausible bounds.
Variables (index) internally transformed to log coordinates: [[0 0]
 [0 3]
 [0 4]]
Beginning optimization of a STOCHASTIC objective function

 Iteration    f-count      E[f(x)]        SD[f(x)]           MeshScale          Method              Actions
     0           1         22408.3             nan               1                                  
     0          33         19610.8             nan               1          Initial mesh            Initial points
     0          49         18873.7        0.999877               1        Successful poll           Train
     1          52         18431.7        0.999838               1      Successful search (ES-ell)        
     1          53           18417        0.999881               1      Successful search (ES-ell)        
     1          55         17889.6        0.999899               1      Successful search (ES-ell)        
     1          59         17889.6        0.996892               1      Incremental search (ES-ell)        
     1          66         17845.6        0.996314               1      Successful search (ES-ell)        
     1          67         17773.3        0.996583               1      Successful search (ES-ell)        
     1          69         17751.7        0.995689               1      Successful search (ES-ell)        
     1          74         17657.1        0.996079               1      Successful search (ES-ell)        
     1          77         17560.5        0.996448               1      Successful search (ES-ell)        
     1          78         17461.9        0.996627               1      Successful search (ES-ell)        
     1          79           17447        0.996904               1      Successful search (ES-wcm)        
     1          82         17260.4        0.897457               1      Successful search (ES-wcm)        
----------------------------------------
Start job epilogue Wed Feb 25 13:35:21 CET 2026
----------------------------------------
Job ID:          51122134
Job Exit Code:   0:0
Username:        wenlou
Group:           mpla
Queue:           gpu
Compute nodes:   dccn-c089
Asked resources: walltime=1-00:00:00,nodes=1,cpus=8,mem=2G
Used resources:  cputime=23:14:16,walltime=02:54:17,memory=944M
----------------------------------------
End job epilogue Wed Feb 25 13:35:21 CET 2026
----------------------------------------
