----------------------------------------
Start task prologue Wed Feb 25 13:35:32 CET 2026
----------------------------------------
Step ID:         51123536.
Username:        wenlou
Group:           mpla
Asked resources: walltime=1-00:00:00,nodes=1,cpus=8,mem=2G
Queue:           gpu
Compute nodes:   dccn-c083
----------------------------------------
End task prologue Wed Feb 25 13:35:32 CET 2026
----------------------------------------
CUDA version:
nvcc: NVIDIA (R) Cuda compiler driver
Copyright (c) 2005-2024 NVIDIA Corporation
Built on Thu_Mar_28_02:18:24_PDT_2024
Cuda compilation tools, release 12.4, V12.4.131
Build cuda_12.4.r12.4/compiler.34097967_0

[WARNING] Please note the interface change for (de-)activating conda environment:

  - DO NOT use `conda activate` to enter the conda environment as it requires extra step to modify your ~/.bashrc file, which will force you to use this Anaconda version (2024.06).  Therefore keep using `source activate` instead.

  - DO use `conda deactivate` to leave your conda environment as `source deactivate` will be deprecated in future release.

Running model for expriment=percept_only5, m_id=1, method=bads
device is : cuda
['percept_only5', '1', '2', 'bads', '5']

 ------- Start Optimization for Subject 2 ---------- 

 Cross Validation fold 0/1

 -- Start Optimization: method BADS --

 Optimization Run 1/5
Initial params: [1.5248, 2.2538, 9.2626, 21.5128, 1.6286, 0.4227, 15.3846, 25.8547, 0.5541, 0.8999, 0.2112]
bads:TooCloseBounds: For each variable, hard and plausible bounds should not be too close. Moving plausible bounds.
Variables (index) internally transformed to log coordinates: [[0 0]
 [0 3]
 [0 4]]
Beginning optimization of a STOCHASTIC objective function

 Iteration    f-count      E[f(x)]        SD[f(x)]           MeshScale          Method              Actions
     0           1         22555.4             nan               1                                  
     0          33         19612.7             nan               1          Initial mesh            Initial points
     0          49         18872.1        0.999892               1        Successful poll           Train
     1          52         18395.2         0.99989               1      Successful search (ES-wcm)        
     1          53         18128.8        0.999883               1      Successful search (ES-wcm)        
     1          57         18095.5         1.04992               1      Successful search (ES-wcm)        
     1          60         18013.4         1.04966               1      Successful search (ES-ell)        
     1          63         17831.7         1.04963               1      Successful search (ES-ell)        
     1          68         17688.2         1.03348               1      Successful search (ES-ell)        
     1          97         17658.6        0.802499               1        Successful poll           
     2         102         17626.4        0.804941               1      Successful search (ES-ell)        
     2         106         17608.4         1.03292               1      Successful search (ES-ell)        
     2         126         17549.7         1.03282               1        Successful poll           Train
     3         128         17481.6         1.14393               1      Successful search (ES-ell)        
     3         137         17468.9         1.14234               1      Successful search (ES-ell)        
     3         148         17462.7         1.12216               1      Successful search (ES-ell)        
     3         174         17462.7         1.12216             0.5          Refine grid             Train
     4         177         17512.2         22.2627             0.5      Successful search (ES-ell)        
     4         193         17511.9         13.9402             0.5      Incremental search (ES-ell)        
     4         194         17511.1         18.5109             0.5      Successful search (ES-ell)        
     4         195         17500.5         24.6805             0.5      Successful search (ES-ell)        
     4         227         17500.5         24.6805            0.25          Refine grid             
     5         229         17509.8         20.7844            0.25      Successful search (ES-wcm)        
     5         231         17509.7         23.5136            0.25      Incremental search (ES-wcm)        
     5         234         17506.2         18.3158            0.25      Successful search (ES-wcm)        
     5         236         17505.6         23.2963            0.25      Successful search (ES-wcm)        
     5         241         17503.6         19.7313            0.25      Successful search (ES-wcm)        
     5         243         17499.2         29.9528            0.25      Successful search (ES-wcm)        
     5         246         17494.2         24.5214            0.25      Successful search (ES-wcm)        
     5         248           17491         20.4161            0.25      Successful search (ES-wcm)        
     5         251           17460         20.0115            0.25      Successful search (ES-ell)        
     5         253         17452.4         20.5439            0.25      Successful search (ES-ell)        
     5         259         17451.9         14.0668            0.25      Successful search (ES-wcm)        
     5         262         17433.8         21.4513            0.25      Successful search (ES-ell)        
     5         266         17428.6         17.6835            0.25      Successful search (ES-ell)        
     5         271         17426.1         13.7911            0.25      Successful search (ES-wcm)        
     5         278         17421.6         11.2381            0.25      Successful search (ES-ell)        
     5         313         17421.6         11.2381           0.125          Refine grid             Train
     6         316         17425.7         8.27068           0.125      Successful search (ES-wcm)        
     6         355         17425.7         8.27068          0.0625          Refine grid             
     7         356         17426.5         6.65849          0.0625      Successful search (ES-ell)        
     7         357         17416.2         9.04036          0.0625      Successful search (ES-ell)        
     7         358         17406.2         13.5835          0.0625      Successful search (ES-ell)        
     7         368         17382.7         10.0949          0.0625      Successful search (ES-wcm)        
     7         369         17375.6         10.3823          0.0625      Successful search (ES-wcm)        
     7         370         17362.6         10.4135          0.0625      Successful search (ES-wcm)        
     7         408         17362.6         10.4135         0.03125          Refine grid             
     8         410         17361.5         7.49613         0.03125      Successful search (ES-wcm)        
     8         413         17358.6         8.40086         0.03125      Successful search (ES-wcm)        
     8         450         17358.6         8.40086        0.015625          Refine grid             
     9         451         17358.9         5.45428        0.015625      Successful search (ES-ell)        
     9         452         17350.4         7.85283        0.015625      Successful search (ES-wcm)        
     9         463         17347.4         6.65519        0.015625      Successful search (ES-wcm)        
     9         503         17347.4         6.65519       0.0078125          Refine grid             
    10         504         17347.7         3.32371       0.0078125      Successful search (ES-wcm)        
    10         506           17346          4.1512       0.0078125      Successful search (ES-wcm)        
    10         511         17345.9         3.43325       0.0078125      Successful search (ES-wcm)        
    10         512         17344.5         4.12835       0.0078125      Successful search (ES-wcm)        
    10         513           17344         5.88211       0.0078125      Successful search (ES-wcm)        
    10         545           17344         5.88211      0.00390625          Refine grid             Train
    11         546         17345.1          2.3941      0.00390625      Successful search (ES-wcm)        
    11         547           17343         2.62168      0.00390625      Successful search (ES-ell)        
    11         548         17341.3          2.9939      0.00390625      Successful search (ES-ell)        
    11         549         17341.3         3.96992      0.00390625      Successful search (ES-ell)        
    11         589         17341.3         3.96992      0.00195312          Refine grid             Train
    12         590         17348.9         1.72765      0.00195312      Successful search (ES-ell)        
    12         591         17348.3         1.83396      0.00195312      Successful search (ES-ell)        
    12         592         17348.1         1.90315      0.00195312      Successful search (ES-ell)        
    12         593           17348         2.00995      0.00195312      Successful search (ES-ell)        
    12         594         17347.6         2.20802      0.00195312      Successful search (ES-ell)        
    12         595         17347.6         2.73877      0.00195312      Successful search (ES-ell)        
    12         633         17347.6         2.73877     0.000976562          Refine grid             
Optimization terminated: change in the function value less than options['tol_mesh']
Estimated function value at minimum: 17352.457173987445 ± 1.1254599857497536 (mean ± SEM from 100 samples)
BADS minimum at: x_min = [ 1.0238  5.1706 11.0379  0.5599  1.767   0.1644 11.0679 34.689   0.6558
  0.5638  0.3965], training NLL = 17352.4572
total f-count: 733, time: 31.55 min

 Optimization Run 2/5
Initial params: [1.9885, 6.2434, 11.8358, 48.4684, 0.1245, 0.4181, 25.7133, 23.9985, 0.6953, 0.2642, 0.193]
bads:TooCloseBounds: For each variable, hard and plausible bounds should not be too close. Moving plausible bounds.
Variables (index) internally transformed to log coordinates: [[0 0]
 [0 3]
 [0 4]]
Beginning optimization of a STOCHASTIC objective function

 Iteration    f-count      E[f(x)]        SD[f(x)]           MeshScale          Method              Actions
     0           1         22555.4             nan               1                                  
     0          33         19624.4             nan               1          Initial mesh            Initial points
     0          49         18882.8        0.999889               1        Successful poll           Train
     1          52         18405.1        0.999842               1      Successful search (ES-ell)        
     1          53         18220.5        0.999911               1      Successful search (ES-ell)        
     1          54         18130.3        0.999911               1      Successful search (ES-ell)        
     1          58         17786.4        0.952282               1      Successful search (ES-wcm)        
----------------------------------------
Start job epilogue Thu Feb 26 07:35:07 CET 2026
----------------------------------------
Job ID:          51123536
Job Exit Code:   0:0
Username:        wenlou
Group:           mpla
Queue:           gpu
Compute nodes:   dccn-c083
Asked resources: walltime=1-00:00:00,nodes=1,cpus=8,mem=2G
Used resources:  cputime=5-23:52:24,walltime=17:59:03,memory=1G
----------------------------------------
End job epilogue Thu Feb 26 07:35:07 CET 2026
----------------------------------------
