----------------------------------------
Start task prologue Tue Oct 14 14:37:35 CEST 2025
----------------------------------------
Step ID:         49224783.
Username:        wenlou
Group:           mpla
Asked resources: walltime=1-00:00:00,nodes=1,cpus=4,mem=2G
Queue:           gpu
Compute nodes:   dccn-c084
----------------------------------------
End task prologue Tue Oct 14 14:37:35 CEST 2025
----------------------------------------
CUDA version:
nvcc: NVIDIA (R) Cuda compiler driver
Copyright (c) 2005-2024 NVIDIA Corporation
Built on Thu_Mar_28_02:18:24_PDT_2024
Cuda compilation tools, release 12.4, V12.4.131
Build cuda_12.4.r12.4/compiler.34097967_0

[WARNING] Please note the interface change for (de-)activating conda environment:

  - DO NOT use `conda activate` to enter the conda environment as it requires extra step to modify your ~/.bashrc file, which will force you to use this Anaconda version (2024.06).  Therefore keep using `source activate` instead.

  - DO use `conda deactivate` to leave your conda environment as `source deactivate` will be deprecated in future release.

Running model for expriment=high_low_vis, m_id=1, method=bads
device is : cuda
['high_low_vis', '1', 'all', 'bads', '2']

 ------- Start Optimization for Subject 2 ---------- 

 Cross Validation fold 0/1

 -- Start Optimization: method BADS --

 Optimization Run 1/2
Initial params: [0.2825, 7.0259, 3.2092, 9.658, -0.587, 23.255, 0.6819, 0.6224, 0.2822, 0.6059, 0.6246, 0.7241]
bads:TooCloseBounds: For each variable, hard and plausible bounds should not be too close. Moving plausible bounds.
Variables (index) internally transformed to log coordinates: [[ 0  0]
 [ 0  3]
 [ 0  9]
 [ 0 10]
 [ 0 11]]
Beginning optimization of a STOCHASTIC objective function

 Iteration    f-count      E[f(x)]        SD[f(x)]           MeshScale          Method              Actions
     0           1         27855.8             nan               1                                  
     0          28         27855.8             nan               1          Initial mesh            Initial points
     0          35         25807.7        0.992829               1        Successful poll           Train
     1          37         24754.5        0.992829               1      Successful search (ES-wcm)        
     1          45           24535        0.992032               1      Successful search (ES-wcm)        
     1          46         24409.8        0.992174               1      Successful search (ES-wcm)        
     1          47         24276.6        0.992335               1      Successful search (ES-wcm)        
     1          48         23324.5        0.992819               1      Successful search (ES-wcm)        
     1          54         22808.8         1.02559               1      Successful search (ES-wcm)        
     1          55         22574.2         1.02559               1      Successful search (ES-wcm)        
     1          56         22269.2         1.02559               1      Successful search (ES-wcm)        
     1          58         21783.3          1.0256               1      Successful search (ES-wcm)        
     1          59         21279.5         1.02559               1      Successful search (ES-ell)        
     1          79         21261.9          1.0243               1        Successful poll           Train
     2          85         21142.3         1.01895               1      Successful search (ES-ell)        
     2          87         20945.3         1.01883               1      Successful search (ES-ell)        
     2          88         20810.3         1.01881               1      Successful search (ES-ell)        
     2          99         20736.6         1.01687               1      Successful search (ES-ell)        
     2         100         20666.3         1.01659               1      Successful search (ES-ell)        
     2         102         20622.8         1.01894               1      Successful search (ES-wcm)        
     2         108         20464.8         1.17915               1      Successful search (ES-wcm)        
     2         109         20229.7         1.17915               1      Successful search (ES-ell)        
     2         110         20114.3         1.17915               1      Successful search (ES-ell)        
     2         117         19797.2         1.17915               1      Successful search (ES-ell)        
     2         124         19770.1         1.17893               1      Successful search (ES-ell)        
     2         126         19622.9          1.1789               1      Successful search (ES-ell)        
     2         154         19538.5         1.05263               1        Successful poll           Train
     3         156         19459.8         68.5121               1      Successful search (ES-ell)        
     3         158         19354.6         68.2185               1      Successful search (ES-ell)        
     3         163           19348         50.2928               1      Successful search (ES-ell)        
     3         168         19336.2         66.9122               1      Successful search (ES-ell)        
     3         170         19294.7         65.2523               1      Successful search (ES-ell)        
     3         173           19193         57.9083               1      Successful search (ES-wcm)        
     3         207           19193         57.9083             0.5          Refine grid             
     4         208         19262.7         53.0229             0.5      Successful search (ES-ell)        
     4         211         19253.4         48.6261             0.5      Successful search (ES-ell)        
     4         224         19253.3         25.3801             0.5      Incremental search (ES-ell)        
     4         227         19216.1         25.5462             0.5      Successful search (ES-ell)        
     4         230         19215.4         23.0323             0.5      Successful search (ES-wcm)        
     4         235         19209.7         25.9399             0.5      Successful search (ES-wcm)        
     4         238         19186.4         25.8866             0.5      Successful search (ES-wcm)        
     4         241         19176.5          28.028             0.5      Successful search (ES-ell)        
     4         246           19014         32.4684             0.5      Successful search (ES-ell)        
     4         289           19014         32.4684            0.25          Refine grid             Train
     5         290         19202.2         32.1041            0.25      Successful search (ES-ell)        
     5         292         19189.4         29.8782            0.25      Successful search (ES-ell)        
     5         336         19189.4         29.8782           0.125          Refine grid             
     6         337         19214.7         16.3332           0.125      Successful search (ES-ell)        
     6         340           19213         19.1604           0.125      Successful search (ES-ell)        
     6         341           19177         21.2905           0.125      Successful search (ES-ell)        
     6         383           19177         21.2905          0.0625          Refine grid             
     7         384         19270.1         12.4109          0.0625      Successful search (ES-ell)        
     7         385         19259.4         18.3324          0.0625      Successful search (ES-ell)        
     7         386         19220.4         22.2352          0.0625      Successful search (ES-ell)        
     7         387         19198.5         34.8791          0.0625      Successful search (ES-ell)        
     7         390         19173.1           37.08          0.0625      Successful search (ES-wcm)        
     7         392         19130.5         34.3251          0.0625      Successful search (ES-wcm)        
     7         394         19115.7         35.8606          0.0625      Successful search (ES-ell)        
     7         430         19115.7         35.8606         0.03125          Refine grid             Train
     8         431         19191.1         10.1583         0.03125      Successful search (ES-ell)        
     8         432           19179          14.142         0.03125      Successful search (ES-ell)        
     8         433         19159.8         19.0935         0.03125      Successful search (ES-ell)        
     8         435         19151.8         18.4322         0.03125      Successful search (ES-wcm)        
     8         437         19137.1          17.752         0.03125      Successful search (ES-wcm)        
     8         438         19133.4         22.8722         0.03125      Successful search (ES-ell)        
     8         477         19133.4         22.8722        0.015625          Refine grid             Train
     9         478         19196.5         8.55313        0.015625      Successful search (ES-wcm)        
     9         479         19179.4         9.63871        0.015625      Successful search (ES-wcm)        
     9         480         19165.2         12.4935        0.015625      Successful search (ES-wcm)        
     9         481         19159.1         13.2742        0.015625      Successful search (ES-ell)        
     9         525         19159.1         13.2742       0.0078125          Refine grid             
    10         526         19193.4         7.03794       0.0078125      Successful search (ES-wcm)        
    10         527         19190.9         7.15088       0.0078125      Successful search (ES-wcm)        
    10         528         19189.4         7.69801       0.0078125      Successful search (ES-ell)        
    10         529         19184.6         9.87408       0.0078125      Successful search (ES-ell)        
    10         573         19184.5         8.17165        0.015625        Successful poll           
    11         574         19177.5         8.74181        0.015625      Successful search (ES-ell)        
    11         575         19170.4         10.0955        0.015625      Successful search (ES-ell)        
    11         576         19163.3         13.0692        0.015625      Successful search (ES-ell)        
    11         577         19151.8         18.3391        0.015625      Successful search (ES-ell)        
    11         621         19151.8         18.3391       0.0078125          Refine grid             
    12         652         19167.8         10.6213        0.015625        Successful poll           Train
    13         653         19163.9         12.8717        0.015625      Successful search (ES-wcm)        
    13         700         19163.9         12.8717       0.0078125          Refine grid             
    14         701         19170.9         11.4422       0.0078125      Successful search (ES-wcm)        
    14         702         19167.5         14.6306       0.0078125      Successful search (ES-wcm)        
    14         703         19157.7         19.4348       0.0078125      Successful search (ES-wcm)        
    14         748         19157.7         19.4348      0.00390625          Refine grid             
    15         784         19187.5         4.50698      0.00195312          Refine grid             Train
    16         785         19176.5         5.39761      0.00195312      Successful search (ES-wcm)        
    16         786         19172.9         5.95712      0.00195312      Successful search (ES-ell)        
    16         787         19172.2         8.37255      0.00195312      Successful search (ES-ell)        
    16         788         19165.1         11.1247      0.00195312      Successful search (ES-ell)        
    16         789         19159.2         15.1173      0.00195312      Successful search (ES-ell)        
    16         832         19159.2         15.1173     0.000976562          Refine grid             
Optimization terminated: change in the function value less than options['tol_mesh']
Estimated function value at minimum: 19192.99116805519 ± 5.276497396097287 (mean ± SEM from 100 samples)
BADS minimum at: x_min = [ 1.22810e+00  5.70100e+00  5.21710e+00  9.43000e-02 -2.79500e-01
  2.74886e+01  2.48200e-01  3.49100e-01  5.01500e-01  5.50000e-03
  1.83510e+00  2.81300e-01], training NLL = 19192.9912
total f-count: 932, time: 40.75 min

 Optimization Run 2/2
Initial params: [0.5338, 9.8073, 7.652, 8.1174, 4.6581, 28.1588, 0.2582, 0.5986, 0.1394, 0.1255, 0.8775, 0.9668]
bads:TooCloseBounds: For each variable, hard and plausible bounds should not be too close. Moving plausible bounds.
Variables (index) internally transformed to log coordinates: [[ 0  0]
 [ 0  3]
 [ 0  9]
 [ 0 10]
 [ 0 11]]
Beginning optimization of a STOCHASTIC objective function

 Iteration    f-count      E[f(x)]        SD[f(x)]           MeshScale          Method              Actions
     0           1         27353.5             nan               1                                  
     0          28         27353.5             nan               1          Initial mesh            Initial points
     0          29         27113.3        0.961764               1        Successful poll           Train
     1          31         26616.1        0.961764               1      Successful search (ES-wcm)        
     1          33         24411.9        0.961764               1      Successful search (ES-ell)        
     1          36         23726.8         0.96176               1      Successful search (ES-ell)        
     1          38         23005.1        0.961761               1      Successful search (ES-ell)        
     1          52         22968.2        0.951885               1      Successful search (ES-ell)        
     1          53         22954.5        0.949959               1      Successful search (ES-ell)        
     1          56         22183.1        0.988604               1      Successful search (ES-ell)        
     1          59         21969.5        0.988583               1      Successful search (ES-ell)        
     1          63         21930.4        0.988406               1      Successful search (ES-ell)        
     1          64         21202.1        0.988602               1      Successful search (ES-wcm)        
     1          65         21146.7        0.988591               1      Successful search (ES-wcm)        
     1          68         21055.2        0.988415               1      Successful search (ES-wcm)        
     1          79         20679.4          1.0152               1      Successful search (ES-wcm)        
     1          82         20341.5          1.0152               1      Successful search (ES-wcm)        
     1          96           20327         1.01512               1      Successful search (ES-wcm)        
     1         101         20247.5         1.01462               1      Successful search (ES-wcm)        
     1         129         20247.5         1.01462             0.5          Refine grid             Train
     2         154         20080.8        0.961225               1        Successful poll           Train
     3         182         20080.8        0.979195             0.5          Refine grid             Train
     4         183         20113.1         100.983             0.5      Successful search (ES-wcm)        
     4         188           19999         84.6637             0.5      Successful search (ES-wcm)        
     4         192         19964.5          70.864             0.5      Successful search (ES-wcm)        
     4         196         19806.1         101.793             0.5      Successful search (ES-wcm)        
     4         202         19800.9         83.1387             0.5      Successful search (ES-wcm)        
     4         203           19800         93.8388             0.5      Successful search (ES-wcm)        
     4         211         19728.9          70.834             0.5      Successful search (ES-ell)        
     4         215         19723.6         51.5368             0.5      Successful search (ES-ell)        
     4         217           19693          56.212             0.5      Successful search (ES-wcm)        
     4         225         19688.9         56.1787             0.5      Successful search (ES-wcm)        
     4         226         19670.2         58.5132             0.5      Successful search (ES-wcm)        
     4         228         19629.9          63.707             0.5      Successful search (ES-wcm)        
     4         230         19581.4         60.9525             0.5      Successful search (ES-wcm)        
     4         241         19579.8         19.0453             0.5      Successful search (ES-wcm)        
     4         244         19473.6         50.4739             0.5      Successful search (ES-wcm)        
     4         245         19407.1         53.9918             0.5      Successful search (ES-ell)        
     4         249         19303.1         53.5063             0.5      Successful search (ES-ell)        
     4         258         19239.9         45.4678             0.5      Successful search (ES-ell)        
     4         259         19151.1         51.2999             0.5      Successful search (ES-ell)        
     4         300         19151.1         51.2999            0.25          Refine grid             
     5         303         19131.9         35.3507            0.25      Successful search (ES-ell)        
     5         305         19112.7         51.5154            0.25      Successful search (ES-wcm)        
     5         306         19083.2         56.4093            0.25      Successful search (ES-wcm)        
     5         309         19042.8         46.6156            0.25      Successful search (ES-wcm)        
     5         311         18981.9         42.2504            0.25      Successful search (ES-wcm)        
     5         312         18979.5         47.6716            0.25      Successful search (ES-wcm)        
     5         315         18974.1         38.2495            0.25      Successful search (ES-wcm)        
     5         316         18921.3         51.7481            0.25      Successful search (ES-ell)        
     5         320         18911.3         46.7574            0.25      Successful search (ES-ell)        
     5         359         18911.3         46.7574           0.125          Refine grid             
     6         360         18927.7         33.4168           0.125      Successful search (ES-ell)        
     6         361         18840.8         45.4443           0.125      Successful search (ES-ell)        
     6         406         18840.2         36.2805            0.25        Successful poll           
     7         407         18803.9         48.2122            0.25      Successful search (ES-ell)        
     7         453         18803.9         48.2122           0.125          Refine grid             
     8         454         18719.2          24.781           0.125      Successful search (ES-ell)        
     8         500         18719.2          24.781          0.0625          Refine grid             Train
     9         501         18765.1         23.5357          0.0625      Successful search (ES-wcm)        
     9         503         18725.6         24.9752          0.0625      Successful search (ES-wcm)        
     9         505         18712.1         28.5691          0.0625      Successful search (ES-ell)        
     9         545         18677.9         37.8736           0.125        Successful poll           Train
    10         580           18686         24.2592          0.0625          Refine grid             Train
    11         581         18718.7         17.0987          0.0625      Successful search (ES-wcm)        
    11         606         18702.2         29.6081           0.125        Successful poll           Train
    12         607         18626.6          38.024           0.125      Successful search (ES-ell)        
    12         653         18626.6          38.024          0.0625          Refine grid             
    13         654         18651.6         13.8745          0.0625      Successful search (ES-ell)        
    13         655           18650         27.7207          0.0625      Successful search (ES-ell)        
    13         657         18643.6         30.4686          0.0625      Successful search (ES-ell)        
    13         658         18588.9         36.5959          0.0625      Successful search (ES-ell)        
    13         700         18588.9         36.5959         0.03125          Refine grid             
    14         702         18602.5         8.83956         0.03125      Successful search (ES-wcm)        
    14         703         18596.2         13.4296         0.03125      Successful search (ES-ell)        
    14         704         18588.4         22.4116         0.03125      Successful search (ES-wcm)        
    14         707         18575.7         20.6609         0.03125      Successful search (ES-wcm)        
    14         748         18575.7         20.6609        0.015625          Refine grid             Train
    15         749         18614.6         10.5036        0.015625      Successful search (ES-wcm)        
    15         754         18613.6          9.8059        0.015625      Successful search (ES-ell)        
    15         755         18611.2         10.2632        0.015625      Successful search (ES-ell)        
    15         756         18605.7          11.267        0.015625      Successful search (ES-ell)        
    15         757         18602.6         13.2282        0.015625      Successful search (ES-ell)        
    15         760         18601.6         13.2081        0.015625      Successful search (ES-ell)        
    15         796         18601.6         13.2081       0.0078125          Refine grid             Train
    16         797         18618.3         8.08276       0.0078125      Successful search (ES-ell)        
    16         798         18613.5         8.91018       0.0078125      Successful search (ES-ell)        
    16         799           18610         10.2978       0.0078125      Successful search (ES-ell)        
    16         800         18603.8         12.6124       0.0078125      Successful search (ES-ell)        
    16         801           18596         16.5078       0.0078125      Successful search (ES-ell)        
    16         802         18577.2         22.0187       0.0078125      Successful search (ES-ell)        
    16         844         18573.1         10.1271        0.015625        Successful poll           
    17         845         18565.3         10.0279        0.015625      Successful search (ES-wcm)        
    17         857         18563.1         8.91237        0.015625      Successful search (ES-wcm)        
    17         858         18561.6         12.9577        0.015625      Successful search (ES-wcm)        
    17         904         18561.6         12.9577       0.0078125          Refine grid             
    18         905         18582.8         6.83992       0.0078125      Successful search (ES-ell)        
    18         906         18578.7         8.64538       0.0078125      Successful search (ES-ell)        
    18         907         18575.2         11.5553       0.0078125      Successful search (ES-ell)        
    18         908         18570.7          15.423       0.0078125      Successful search (ES-ell)        
    18         909         18566.6         21.4467       0.0078125      Successful search (ES-ell)        
    18         952         18566.6         21.4467      0.00390625          Refine grid             
    19         953         18579.2         6.67466      0.00390625      Successful search (ES-wcm)        
    19         954         18576.9         7.45069      0.00390625      Successful search (ES-wcm)        
    19         955         18572.6         8.87041      0.00390625      Successful search (ES-wcm)        
    19         956         18564.4         11.9114      0.00390625      Successful search (ES-wcm)        
    19         957         18564.1         16.0476      0.00390625      Successful search (ES-wcm)        
    19        1000         18564.1         16.0476      0.00195312          Refine grid             
    20        1001         18580.9         7.73378      0.00195312      Successful search (ES-wcm)        
    20        1002         18580.3         8.08582      0.00195312      Successful search (ES-wcm)        
    20        1003         18577.4         8.25006      0.00195312      Successful search (ES-ell)        
    20        1004         18576.1         8.87214      0.00195312      Successful search (ES-ell)        
    20        1005         18572.9         10.4838      0.00195312      Successful search (ES-ell)        
    20        1006         18568.8         13.2285      0.00195312      Successful search (ES-ell)        
    20        1007         18559.7         16.6535      0.00195312      Successful search (ES-ell)        
    20        1009         18551.6         18.7681      0.00195312      Successful search (ES-ell)        
    20        1010         18546.5         22.8717      0.00195312      Successful search (ES-ell)        
    20        1048         18546.5         22.8717     0.000976562          Refine grid             Train
Optimization terminated: change in the function value less than options['tol_mesh']
Estimated function value at minimum: 18562.866807915932 ± 5.245112013180224 (mean ± SEM from 100 samples)
BADS minimum at: x_min = [1.4326e+00 5.8667e+00 5.8811e+00 9.3862e+00 5.5111e+00 9.4118e+00
 4.3180e-01 5.1860e-01 5.0440e-01 2.8000e-03 1.8539e+00 2.3390e-01], training NLL = 18562.8668
total f-count: 1148, time: 50.35 min

 ------- Finish Optimization for Subject 2 ---------- 

 ------- Start Optimization for Subject 3 ---------- 

 Cross Validation fold 0/1

 -- Start Optimization: method BADS --

 Optimization Run 1/2
Initial params: [0.0586, 4.565, 9.2999, 17.0216, -4.7238, 27.0642, 0.2075, 0.6452, 0.2795, 0.6579, 0.7559, 0.617]
bads:TooCloseBounds: For each variable, hard and plausible bounds should not be too close. Moving plausible bounds.
Variables (index) internally transformed to log coordinates: [[ 0  0]
 [ 0  3]
 [ 0  9]
 [ 0 10]
 [ 0 11]]
Beginning optimization of a STOCHASTIC objective function

 Iteration    f-count      E[f(x)]        SD[f(x)]           MeshScale          Method              Actions
     0           1         27513.1             nan               1                                  
     0          28         27513.1             nan               1          Initial mesh            Initial points
     0          44         25899.7         1.00045               1        Successful poll           Train
     1          45         24932.6         1.00045               1      Successful search (ES-ell)        
     1          46         24744.9         1.00045               1      Successful search (ES-wcm)        
     1          48         24134.1         1.00045               1      Successful search (ES-ell)        
     1          53           23856         1.00043               1      Successful search (ES-wcm)        
     1          54         23681.2         1.00406               1      Successful search (ES-ell)        
     1          56         23473.8         1.00406               1      Successful search (ES-ell)        
     1          61         23253.6         1.00399               1      Successful search (ES-ell)        
     1          62         22834.9           1.004               1      Successful search (ES-ell)        
     1          65         22733.6         1.00372               1      Successful search (ES-ell)        
     1          66         22468.9         1.00405               1      Successful search (ES-wcm)        
     1          67         21311.8         1.00405               1      Successful search (ES-wcm)        
     1          72         20949.1         1.00391               1      Successful search (ES-wcm)        
     1          90         20930.5         1.00177               1      Successful search (ES-wcm)        
     1          91         20854.3         1.00249               1      Successful search (ES-wcm)        
     1         113         20415.6        0.919487               1        Successful poll           Train
     2         118         20374.3        0.919484               1      Successful search (ES-wcm)        
     2         120         20303.1        0.919482               1      Successful search (ES-wcm)        
     2         130         20196.2         1.26759               1      Successful search (ES-wcm)        
     2         131         20121.4         1.26758               1      Successful search (ES-ell)        
     2         136         20090.6         1.26748               1      Successful search (ES-ell)        
     2         143         20073.4         1.26742               1      Successful search (ES-ell)        
     2         154         20027.1         1.14687               1      Successful search (ES-ell)        
     2         170         19943.8         1.14144               1      Successful search (ES-ell)        
     2         179         19931.3         1.22128               1      Successful search (ES-wcm)        
     2         214         19483.4         1.22112               1        Successful poll           
     3         215         19431.8         1.22133               1      Successful search (ES-ell)        
     3         216         19240.9         1.22133               1      Successful search (ES-ell)        
     3         217         18924.5         1.22133               1      Successful search (ES-ell)        
     3         226         18676.9         1.22132               1      Successful search (ES-ell)        
     3         234         18661.2         1.22125               1      Successful search (ES-ell)        
     3         238           18622         1.22095               1      Successful search (ES-ell)        
     3         267           18622         1.22095             0.5          Refine grid             
     4         271         18664.9         29.0922             0.5      Successful search (ES-ell)        
     4         312         18664.9         29.0922            0.25          Refine grid             Train
     5         313         18654.6         41.7699            0.25      Successful search (ES-ell)        
     5         318         18652.6         31.0695            0.25      Successful search (ES-ell)        
     5         319         18641.1         38.4895            0.25      Successful search (ES-ell)        
     5         327         18637.1          35.296            0.25      Successful search (ES-ell)        
     5         330         18577.4         29.7141            0.25      Successful search (ES-wcm)        
     5         333         18576.9         26.9593            0.25      Successful search (ES-wcm)        
     5         342         18566.1         16.0649            0.25      Successful search (ES-ell)        
     5         343         18565.5         26.9146            0.25      Successful search (ES-ell)        
     5         382         18565.5         26.9146           0.125          Refine grid             Train
     6         383         18588.8         26.6665           0.125      Successful search (ES-ell)        
     6         429         18588.8         26.6665          0.0625          Refine grid             Train
     7         430         18620.2         13.2975          0.0625      Successful search (ES-ell)        
     7         431         18616.1         21.1766          0.0625      Successful search (ES-ell)        
     7         476         18616.1         21.1766         0.03125          Refine grid             
     8         477         18680.1         9.85725         0.03125      Successful search (ES-wcm)        
     8         478         18633.7         12.0561         0.03125      Successful search (ES-wcm)        
     8         479         18598.3         16.0482         0.03125      Successful search (ES-wcm)        
     8         481         18570.4          18.441         0.03125      Successful search (ES-ell)        
     8         523         18570.4          18.441        0.015625          Refine grid             
     9         524         18682.4         8.35338        0.015625      Successful search (ES-wcm)        
     9         525         18631.3          9.8647        0.015625      Successful search (ES-wcm)        
     9         526         18590.4         11.0651        0.015625      Successful search (ES-wcm)        
     9         527         18528.2         14.0338        0.015625      Successful search (ES-wcm)        
     9         528         18485.6           22.54        0.015625      Successful search (ES-wcm)        
     9         571         18485.6           22.54       0.0078125          Refine grid             
    10         572         18575.5         7.94132       0.0078125      Successful search (ES-wcm)        
    10         573         18567.8         8.06746       0.0078125      Successful search (ES-wcm)        
    10         574         18561.4         8.89095       0.0078125      Successful search (ES-wcm)        
    10         575         18556.7         12.4542       0.0078125      Successful search (ES-wcm)        
    10         579         18501.6         12.7587       0.0078125      Successful search (ES-ell)        
    10         580         18483.1         12.7142       0.0078125      Successful search (ES-ell)        
    10         581           18468         14.2818       0.0078125      Successful search (ES-ell)        
    10         618           18468         14.2818      0.00390625          Refine grid             Train
    11         619         18576.2         8.76286      0.00390625      Successful search (ES-ell)        
    11         620         18572.6         9.05075      0.00390625      Successful search (ES-ell)        
    11         621         18565.7         9.74838      0.00390625      Successful search (ES-ell)        
    11         622           18556         11.2773      0.00390625      Successful search (ES-ell)        
    11         623         18542.7          14.115      0.00390625      Successful search (ES-ell)        
    11         624         18536.6         19.0542      0.00390625      Successful search (ES-wcm)        
    11         665         18536.6         19.0542      0.00195312          Refine grid             
    12         666         18561.1         7.65592      0.00195312      Successful search (ES-wcm)        
    12         667         18558.3         7.07549      0.00195312      Successful search (ES-wcm)        
    12         668         18556.8         7.21304      0.00195312      Successful search (ES-wcm)        
    12         669           18555         7.22787      0.00195312      Successful search (ES-wcm)        
    12         670         18552.4         7.32226      0.00195312      Successful search (ES-wcm)        
    12         671         18549.9         7.46839      0.00195312      Successful search (ES-wcm)        
    12         672         18527.4         7.81379      0.00195312      Successful search (ES-ell)        
    12         673         18502.9         8.45915      0.00195312      Successful search (ES-ell)        
    12         674         18477.8         10.6493      0.00195312      Successful search (ES-ell)        
    12         675         18454.5         14.1239      0.00195312      Successful search (ES-ell)        
    12         713         18454.5         14.1239     0.000976562          Refine grid             
Optimization terminated: change in the function value less than options['tol_mesh']
Estimated function value at minimum: 18574.312437264118 ± 4.359811580715457 (mean ± SEM from 100 samples)
BADS minimum at: x_min = [ 2.7346  5.8896  5.9704  0.3443 -0.477  26.8305  0.3416  0.3498  0.4561
  0.341   2.      0.2684], training NLL = 18574.3124
total f-count: 813, time: 35.71 min

 Optimization Run 2/2
Initial params: [0.9807, 4.2791, 9.7404, 17.5449, 1.7701, 18.7176, 0.3395, 0.8807, 0.2143, 0.0615, 0.7331, 0.1334]
bads:TooCloseBounds: For each variable, hard and plausible bounds should not be too close. Moving plausible bounds.
Variables (index) internally transformed to log coordinates: [[ 0  0]
 [ 0  3]
 [ 0  9]
 [ 0 10]
 [ 0 11]]
Beginning optimization of a STOCHASTIC objective function

 Iteration    f-count      E[f(x)]        SD[f(x)]           MeshScale          Method              Actions
     0           1         27920.9             nan               1                                  
     0          28         27684.8             nan               1          Initial mesh            Initial points
     0          29         27638.8        0.988707               1        Successful poll           Train
     1          33         27163.3        0.988705               1      Successful search (ES-wcm)        
     1          34         26529.1        0.988703               1      Successful search (ES-wcm)        
     1          38         26249.8        0.988682               1      Successful search (ES-wcm)        
     1          40         26231.4        0.988628               1      Successful search (ES-wcm)        
     1          48         26215.5        0.985511               1      Successful search (ES-wcm)        
     1          49         26133.5        0.988026               1      Successful search (ES-wcm)        
     1          52         26056.2        0.986985               1      Successful search (ES-wcm)        
     1          62         26003.3        0.986862               1      Successful search (ES-wcm)        
     1          64         25789.8        0.985319               1      Successful search (ES-wcm)        
     1          65         25612.6        0.986229               1      Successful search (ES-wcm)        
     1          71           25526        0.987127               1      Successful search (ES-wcm)        
     1          80         25502.3         1.00338               1      Successful search (ES-wcm)        
     1          81         25239.3         1.00338               1      Successful search (ES-wcm)        
     1          87         25092.6          1.0033               1      Successful search (ES-wcm)        
     1         122         24888.7         12.6911               1        Successful poll           Train
     2         123         24023.2         12.6919               1      Successful search (ES-wcm)        
     2         125         23753.5         12.6854               1      Successful search (ES-ell)        
     2         126         22866.5           12.69               1      Successful search (ES-ell)        
     2         128         21319.6         12.6847               1      Successful search (ES-ell)        
     2         132         20615.9         16.3318               1      Successful search (ES-ell)        
     2         138         20479.7         15.9609               1      Successful search (ES-ell)        
     2         140         20443.1         15.4919               1      Successful search (ES-wcm)        
     2         141         19869.1          15.941               1      Successful search (ES-ell)        
     2         154         19858.8         1.11015               1      Successful search (ES-ell)        
     2         156         19813.5         1.11012               1      Successful search (ES-ell)        
     2         157         19620.5         1.11031               1      Successful search (ES-ell)        
     2         159         19590.6         1.11047               1      Successful search (ES-ell)        
     2         163         19444.8         1.11042               1      Successful search (ES-ell)        
     2         166         19381.9         1.11041               1      Successful search (ES-ell)        
     2         169         19318.1         1.11036               1      Successful search (ES-ell)        
     2         179         19288.8         1.09347               1      Successful search (ES-ell)        
     2         180         19283.7         1.09457               1      Successful search (ES-ell)        
     2         182         19235.7         1.09508               1      Successful search (ES-wcm)        
     2         184         19044.1          1.0955               1      Successful search (ES-wcm)        
     2         185         18856.4         1.09552               1      Successful search (ES-wcm)        
     2         186         18497.6         1.09552               1      Successful search (ES-wcm)        
     2         197         18392.9         1.09551               1      Successful search (ES-wcm)        
     2         198         18302.5         1.09549               1      Successful search (ES-wcm)        
     2         200         18275.8         1.09543               1      Successful search (ES-wcm)        
     2         212         18239.9         1.09547               1      Successful search (ES-wcm)        
     2         216         18168.3          1.0953               1      Successful search (ES-wcm)        
     2         217         18159.2         1.09532               1      Successful search (ES-wcm)        
     2         226         18110.5         1.09394               1      Successful search (ES-wcm)        
     2         230         18077.3         1.08966               1      Successful search (ES-wcm)        
     2         231         18025.6         1.09552               1      Successful search (ES-wcm)        
     2         253         17994.2         1.09309               1      Successful search (ES-wcm)        
     2         259         17970.3         1.09911               1      Successful search (ES-ell)        
     2         293         17970.3         1.09911             0.5          Refine grid             
     3         297         18028.6         1.09602             0.5      Successful search (ES-ell)        
     3         300         18002.2         1.09681             0.5      Successful search (ES-ell)        
     3         301         17957.7         28.2679             0.5      Successful search (ES-ell)        
     3         302         17938.9         39.4242             0.5      Successful search (ES-ell)        
     3         305         17938.4         35.9201             0.5      Successful search (ES-ell)        
     3         311         17932.5         27.6723             0.5      Successful search (ES-ell)        
     3         314         17923.4         22.7359             0.5      Successful search (ES-ell)        
     3         316         17920.5         21.9818             0.5      Successful search (ES-ell)        
     3         348         17920.5         21.9818            0.25          Refine grid             
     4         351         17917.2         33.8316            0.25      Successful search (ES-wcm)        
     4         354         17887.3         35.7469            0.25      Successful search (ES-wcm)        
     4         393         17887.3         35.7469           0.125          Refine grid             
     5         394         17903.3          22.014           0.125      Successful search (ES-wcm)        
     5         397         17882.2          20.818           0.125      Successful search (ES-ell)        
     5         398         17882.1         30.1473           0.125      Successful search (ES-ell)        
     5         399         17869.7         35.1196           0.125      Successful search (ES-ell)        
     5         439         17869.7         35.1196          0.0625          Refine grid             Train
     6         440         17874.3           11.85          0.0625      Successful search (ES-ell)        
     6         441         17853.6         19.7547          0.0625      Successful search (ES-ell)        
     6         443         17828.1         21.1589          0.0625      Successful search (ES-ell)        
     6         444         17816.3         29.1657          0.0625      Successful search (ES-ell)        
     6         487         17816.3         29.1657         0.03125          Refine grid             Train
     7         488         17840.9         8.37166         0.03125      Successful search (ES-ell)        
     7         489         17820.5         13.1604         0.03125      Successful search (ES-ell)        
     7         535         17820.5         13.1604        0.015625          Refine grid             
     8         536         17849.7         5.50684        0.015625      Successful search (ES-wcm)        
     8         537         17846.9         7.95789        0.015625      Successful search (ES-wcm)        
     8         538         17841.5         9.55058        0.015625      Successful search (ES-wcm)        
     8         539         17838.3         13.4124        0.015625      Successful search (ES-wcm)        
     8         541         17835.6         12.7358        0.015625      Successful search (ES-ell)        
     8         545         17787.6         9.80083        0.015625      Successful search (ES-ell)        
     8         583         17787.6         9.80083       0.0078125          Refine grid             
     9         584         17846.7         6.25077       0.0078125      Successful search (ES-ell)        
     9         585         17841.8         7.22952       0.0078125      Successful search (ES-ell)        
     9         586         17831.6         9.21621       0.0078125      Successful search (ES-ell)        
     9         587         17820.8         12.9354       0.0078125      Successful search (ES-ell)        
     9         631         17820.8         12.9354      0.00390625          Refine grid             
    10         632         17850.6         5.50728      0.00390625      Successful search (ES-wcm)        
    10         633         17846.4         5.67953      0.00390625      Successful search (ES-wcm)        
    10         634         17840.6         6.19661      0.00390625      Successful search (ES-wcm)        
    10         635         17838.1         6.73239      0.00390625      Successful search (ES-ell)        
    10         636         17835.8         7.99858      0.00390625      Successful search (ES-ell)        
    10         637         17832.8         11.1581      0.00390625      Successful search (ES-ell)        
    10         638           17829         15.7781      0.00390625      Successful search (ES-ell)        
    10         679           17829         15.7781      0.00195312          Refine grid             Train
    11         680           17853         5.71428      0.00195312      Successful search (ES-ell)        
    11         681         17850.9         5.88095      0.00195312      Successful search (ES-ell)        
    11         682         17846.5         6.08628      0.00195312      Successful search (ES-ell)        
    11         683         17843.1         6.47179      0.00195312      Successful search (ES-ell)        
    11         684         17838.1         7.80097      0.00195312      Successful search (ES-ell)        
    11         685         17829.9         9.79027      0.00195312      Successful search (ES-ell)        
    11         686         17822.6         13.9702      0.00195312      Successful search (ES-ell)        
    11         727         17822.6         13.9702     0.000976562          Refine grid             
Optimization terminated: change in the function value less than options['tol_mesh']
Estimated function value at minimum: 17843.470897100644 ± 4.440961764905418 (mean ± SEM from 100 samples)
BADS minimum at: x_min = [2.5681e+00 6.7445e+00 6.3586e+00 7.0126e+00 3.9624e+00 8.3709e+00
 5.9790e-01 5.1290e-01 5.0640e-01 2.3000e-03 1.7237e+00 2.4600e-01], training NLL = 17843.4709
total f-count: 827, time: 36.26 min

 ------- Finish Optimization for Subject 3 ---------- 

 ------- Start Optimization for Subject 5 ---------- 

 Cross Validation fold 0/1

 -- Start Optimization: method BADS --

 Optimization Run 1/2
Initial params: [0.5105, 4.2503, 10.8176, 0.2697, -4.3803, 21.8096, 0.7281, 0.4401, 0.1, 0.039, 0.0615, 0.2532]
bads:TooCloseBounds: For each variable, hard and plausible bounds should not be too close. Moving plausible bounds.
Variables (index) internally transformed to log coordinates: [[ 0  0]
 [ 0  3]
 [ 0  9]
 [ 0 10]
 [ 0 11]]
Beginning optimization of a STOCHASTIC objective function

 Iteration    f-count      E[f(x)]        SD[f(x)]           MeshScale          Method              Actions
     0           1         29594.1             nan               1                                  
     0          28         28015.7             nan               1          Initial mesh            Initial points
     0          29         27750.5        0.985039               1        Successful poll           Train
     1          31         27118.2        0.985036               1      Successful search (ES-wcm)        
     1          33         26777.4        0.985034               1      Successful search (ES-wcm)        
     1          37         26616.7        0.985004               1      Successful search (ES-wcm)        
     1          39         26341.6        0.984991               1      Successful search (ES-wcm)        
     1          42         25350.5        0.985038               1      Successful search (ES-wcm)        
     1          44         25320.3        0.985033               1      Successful search (ES-wcm)        
     1          45         24203.3        0.985033               1      Successful search (ES-wcm)        
     1          49           24058        0.985008               1      Successful search (ES-wcm)        
     1          50         23902.7         0.98502               1      Successful search (ES-wcm)        
     1          51         23236.4        0.985003               1      Successful search (ES-wcm)        
     1          52           23220        0.985018               1      Successful search (ES-wcm)        
     1          53         22253.1        0.985032               1      Successful search (ES-ell)        
     1          58           21973         1.03213               1      Successful search (ES-ell)        
     1          61         21662.3         1.03213               1      Successful search (ES-wcm)        
     1          67         21650.3         1.03213               1      Successful search (ES-ell)        
     1          71         21615.3         1.03187               1      Successful search (ES-ell)        
     1          77         21350.8         1.03123               1      Successful search (ES-wcm)        
     1          79         20970.2        0.991657               1      Successful search (ES-wcm)        
     1          81         20719.8        0.991656               1      Successful search (ES-wcm)        
     1          84         20654.2        0.991657               1      Successful search (ES-wcm)        
     1          88         20480.2        0.991647               1      Successful search (ES-wcm)        
     1          95         20448.7        0.991568               1      Successful search (ES-wcm)        
     1          99         20434.2        0.991082               1      Successful search (ES-wcm)        
     1         100         20411.8        0.991169               1      Successful search (ES-wcm)        
     1         105         20411.1        0.994291               1      Incremental search (ES-wcm)        
     1         107         20191.5        0.994323               1      Successful search (ES-ell)        
     1         111         19913.1        0.994244               1      Successful search (ES-ell)        
     1         112           19451        0.994277               1      Successful search (ES-ell)        
     1         113         19375.3        0.994319               1      Successful search (ES-ell)        
     1         116         19296.7        0.994293               1      Successful search (ES-ell)        
     1         123         19271.9        0.993592               1      Successful search (ES-ell)        
     1         125         19214.2        0.993367               1      Successful search (ES-ell)        
     1         126         19148.9        0.994326               1      Successful search (ES-ell)        
     1         132         18945.1         1.05358               1      Successful search (ES-ell)        
     1         133         18921.4         1.05359               1      Successful search (ES-ell)        
     1         139         18803.7         1.05359               1      Successful search (ES-wcm)        
     1         142         18672.2         1.05358               1      Successful search (ES-ell)        
     1         143         18665.8         1.05359               1      Successful search (ES-ell)        
     1         148           18621         1.05355               1      Successful search (ES-ell)        
     1         155         18606.5        0.983425               1      Successful search (ES-ell)        
     1         160         18579.2        0.964413               1      Successful search (ES-ell)        
     1         163         18560.6        0.985214               1      Successful search (ES-ell)        
     1         170         18468.5        0.981351               1      Successful search (ES-ell)        
----------------------------------------
Start job epilogue Tue Oct 14 21:10:15 CEST 2025
----------------------------------------
Job ID:          49224783
Job Exit Code:   0:0
Username:        wenlou
Group:           mpla
Queue:           gpu
Compute nodes:   dccn-c084
Asked resources: walltime=1-00:00:00,nodes=1,cpus=4,mem=2G
Used resources:  cputime=1-02:08:36,walltime=06:32:09,memory=0
----------------------------------------
End job epilogue Tue Oct 14 21:10:15 CEST 2025
----------------------------------------
