----------------------------------------
Start task prologue Thu Jun 18 17:06:51 CEST 2026
----------------------------------------
Step ID:         53696413.
Username:        wenlou
Group:           mpla
Asked resources: walltime=1-00:00:00,nodes=1,cpus=8,mem=2G
Queue:           gpu
Compute nodes:   dccn-c043
----------------------------------------
End task prologue Thu Jun 18 17:06:51 CEST 2026
----------------------------------------
CUDA version:
nvcc: NVIDIA (R) Cuda compiler driver
Copyright (c) 2005-2024 NVIDIA Corporation
Built on Thu_Mar_28_02:18:24_PDT_2024
Cuda compilation tools, release 12.4, V12.4.131
Build cuda_12.4.r12.4/compiler.34097967_0

[WARNING] Please note the interface change for (de-)activating conda environment:

  - DO NOT use `conda activate` to enter the conda environment as it requires extra step to modify your ~/.bashrc file, which will force you to use this Anaconda version (2024.06).  Therefore keep using `source activate` instead.

  - DO use `conda deactivate` to leave your conda environment as `source deactivate` will be deprecated in future release.

Running model for expriment=new_bins_no_motor_rng2, m_id=2, method=bads
device is : cuda
['new_bins_no_motor_rng2', '2', '15,20,25', 'bads', '2']

 ------- Start Optimization for Subject 15 ---------- 

 Cross Validation fold 0/1

 -- Start Optimization: method BADS --

 Optimization Run 1/2
Initial params: [1.5574, 5.9495, 6.4024, 11.7782, 1.0339, 23.4605, 2.4322, 0.3097, 27.3383, 28.5848, 0.6166, 0.2725, 0.1993]
bads:TooCloseBounds: For each variable, hard and plausible bounds should not be too close. Moving plausible bounds.
Variables (index) internally transformed to log coordinates: [[0 0]
 [0 3]
 [0 5]
 [0 6]]
Beginning optimization of a STOCHASTIC objective function

 Iteration    f-count      E[f(x)]        SD[f(x)]           MeshScale          Method              Actions
     0           1         26681.4             nan               1                                  
     0          33         24204.8             nan               1          Initial mesh            Initial points
     0          53         23511.1         1.01732               1        Successful poll           Train
     1          60         23309.7         1.01693               1      Successful search (ES-wcm)        
     1          61         23227.5        0.996574               1      Successful search (ES-ell)        
     1          62         23027.5        0.997022               1      Successful search (ES-wcm)        
     1          64         22762.9        0.996914               1      Successful search (ES-wcm)        
     1          66         22758.1         0.99658               1      Successful search (ES-ell)        
     1          72         22634.7        0.996541               1      Successful search (ES-wcm)        
     1          77         22613.4        0.991732               1      Successful search (ES-wcm)        
     1          82         22597.1        0.996038               1      Successful search (ES-wcm)        
     1          83         22586.6        0.996297               1      Successful search (ES-wcm)        
     1          88         22520.6         1.25425               1      Successful search (ES-wcm)        
     1          99         22470.4         1.25201               1      Successful search (ES-ell)        
     1         103         22458.5         1.22829               1      Successful search (ES-ell)        
     1         104           22418         1.24284               1      Successful search (ES-ell)        
     1         105           22372         1.25347               1      Successful search (ES-wcm)        
     1         113           22367         1.24441               1      Successful search (ES-ell)        
     1         116         22338.5        0.977085               1      Successful search (ES-wcm)        
     1         131         22337.8        0.888219               1      Incremental search (ES-ell)        
     1         137         22300.1        0.976954               1        Successful poll           
     2         138         22266.2        0.977148               1      Successful search (ES-wcm)        
     2         141         22266.1        0.977065               1      Incremental search (ES-wcm)        
     2         142         22088.2         23.8575               1      Successful search (ES-wcm)        
     2         145         22087.1         23.8961               1      Successful search (ES-wcm)        
     2         149         22046.6         23.7229               1      Successful search (ES-wcm)        
     2         150         21906.1         23.7966               1      Successful search (ES-wcm)        
     2         152           21841         23.1077               1      Successful search (ES-wcm)        
     2         154         21806.4         23.6093               1      Successful search (ES-wcm)        
     2         156         21777.4         23.3736               1      Successful search (ES-ell)        
     2         158         21758.6         23.2701               1      Successful search (ES-ell)        
     2         163         21754.3         18.4127               1      Successful search (ES-ell)        
     2         165         21692.4         22.4905               1      Successful search (ES-ell)        
     2         171         21683.1         20.5865               1      Successful search (ES-wcm)        
     2         173         21673.4         16.3564               1      Successful search (ES-wcm)        
     2         174         21666.2         18.8723               1      Successful search (ES-wcm)        
     2         178         21663.1         21.3752               1      Successful search (ES-wcm)        
     2         180         21630.5         22.2204               1      Successful search (ES-wcm)        
     2         183         21605.1         23.0927               1      Successful search (ES-wcm)        
     2         186           21585         19.2711               1      Successful search (ES-wcm)        
     2         220         21561.1         26.2044               1        Successful poll           
     3         224         21540.3         24.4355               1      Successful search (ES-wcm)        
     3         236         21503.2         24.5777               1      Successful search (ES-wcm)        
     3         279         21503.2         24.5777             0.5          Refine grid             Train
     4         281         21516.5         14.5639             0.5      Successful search (ES-wcm)        
     4         285         21515.1         11.3244             0.5      Successful search (ES-wcm)        
     4         328         21515.1         11.3244            0.25          Refine grid             Train
     5         330         21527.5         9.73011            0.25      Successful search (ES-wcm)        
     5         331         21520.6         22.5357            0.25      Successful search (ES-wcm)        
     5         335         21510.9         14.6517            0.25      Successful search (ES-wcm)        
     5         378         21510.9         14.6517           0.125          Refine grid             
     6         379         21517.6         9.22212           0.125      Successful search (ES-wcm)        
     6         380         21485.1         21.7087           0.125      Successful search (ES-wcm)        
     6         394         21424.1          6.1635           0.125      Successful search (ES-ell)        
     6         395           21370          8.1906           0.125      Successful search (ES-ell)        
     6         396         21349.8         10.0259           0.125      Successful search (ES-ell)        
     6         441         21349.8         10.0259          0.0625          Refine grid             
     7         442         21526.2         5.68877          0.0625      Successful search (ES-ell)        
     7         443         21521.9         5.92257          0.0625      Successful search (ES-ell)        
     7         444         21515.1         7.44703          0.0625      Successful search (ES-ell)        
     7         445         21509.8         9.62968          0.0625      Successful search (ES-ell)        
     7         450         21507.1         10.4578          0.0625      Successful search (ES-wcm)        
     7         487         21453.3         4.98721           0.125        Successful poll           
     8         488           21318         6.59861           0.125      Successful search (ES-ell)        
     8         489         21263.2         9.06348           0.125      Successful search (ES-ell)        
     8         537         21263.2         9.06348          0.0625          Refine grid             Train
     9         538         21525.5         4.78697          0.0625      Successful search (ES-ell)        
     9         539         21519.9         5.49626          0.0625      Successful search (ES-ell)        
     9         540         21517.1          6.7572          0.0625      Successful search (ES-ell)        
     9         542         21515.6         10.2772          0.0625      Successful search (ES-wcm)        
     9         544         21506.8         10.3314          0.0625      Successful search (ES-wcm)        
     9         582           21502         7.41345           0.125        Successful poll           Train
    10         583         21401.3         10.1023           0.125      Successful search (ES-wcm)        
    10         584         21388.6         11.1794           0.125      Successful search (ES-ell)        
    10         632         21388.6         11.1794          0.0625          Refine grid             
    11         633         21523.6         5.27691          0.0625      Successful search (ES-ell)        
    11         635         21478.4         4.64721          0.0625      Successful search (ES-ell)        
    11         636         21466.8         5.61172          0.0625      Successful search (ES-wcm)        
    11         637         21383.5         10.8173          0.0625      Successful search (ES-wcm)        
    11         682         21383.5         10.8173         0.03125          Refine grid             Train
    12         683         21525.7         4.41797         0.03125      Successful search (ES-wcm)        
    12         684         21520.3          4.8959         0.03125      Successful search (ES-wcm)        
    12         685         21519.6         7.37774         0.03125      Successful search (ES-wcm)        
    12         733         21519.6         7.37774        0.015625          Refine grid             Train
    13         734         21517.6         2.95093        0.015625      Successful search (ES-ell)        
    13         735         21510.1         3.30074        0.015625      Successful search (ES-ell)        
    13         736         21499.5         3.95384        0.015625      Successful search (ES-ell)        
    13         737           21489         5.53754        0.015625      Successful search (ES-ell)        
    13         738         21484.5         8.19132        0.015625      Successful search (ES-ell)        
    13         785         21484.5         8.19132       0.0078125          Refine grid             
    14         786         21526.8         2.97449       0.0078125      Successful search (ES-ell)        
    14         787         21522.7         3.08077       0.0078125      Successful search (ES-ell)        
    14         788         21517.1         3.54167       0.0078125      Successful search (ES-wcm)        
    14         789         21505.4         4.16373       0.0078125      Successful search (ES-wcm)        
    14         790         21499.8         5.48567       0.0078125      Successful search (ES-wcm)        
    14         791         21498.3         7.62689       0.0078125      Successful search (ES-wcm)        
    14         837         21498.3         7.62689      0.00390625          Refine grid             
    15         838         21531.6         4.73436      0.00390625      Successful search (ES-wcm)        
    15         839         21529.9         4.50787      0.00390625      Successful search (ES-wcm)        
    15         840         21527.6         4.40053      0.00390625      Successful search (ES-wcm)        
    15         841         21525.9         4.35567      0.00390625      Successful search (ES-ell)        
    15         842         21523.7         4.40667      0.00390625      Successful search (ES-ell)        
    15         843           21521         5.15919      0.00390625      Successful search (ES-ell)        
    15         844         21520.2         5.78852      0.00390625      Successful search (ES-ell)        
    15         889         21520.2         5.78852      0.00195312          Refine grid             Train
    16         890         21532.1         7.01777      0.00195312      Successful search (ES-wcm)        
    16         892         21528.1         6.53946      0.00195312      Successful search (ES-wcm)        
    16         893         21527.2         6.40383      0.00195312      Successful search (ES-wcm)        
    16         894           21526         6.18356      0.00195312      Successful search (ES-ell)        
    16         907         21525.3         4.92025      0.00195312      Successful search (ES-wcm)        
    16         909         21524.7         4.74466      0.00195312      Successful search (ES-wcm)        
    16         910         21523.5         4.66186      0.00195312      Successful search (ES-wcm)        
    16         918         21523.1         4.07977      0.00195312      Successful search (ES-wcm)        
    16         919         21522.2         4.03515      0.00195312      Successful search (ES-ell)        
    16         920         21522.2         3.98764      0.00195312      Successful search (ES-ell)        
    16         926           21522         3.68299      0.00195312      Successful search (ES-ell)        
    16         927         21521.3         3.66279      0.00195312      Successful search (ES-ell)        
    16         928         21521.2          3.6239      0.00195312      Successful search (ES-ell)        
    16         967         21521.2          3.6239     0.000976562          Refine grid             
Optimization terminated: change in the function value less than options['tol_mesh']
Estimated function value at minimum: 21522.699226729543 ± 2.439649383965049 (mean ± SEM from 100 samples)
BADS minimum at: x_min = [ 0.656   8.0258  8.1289  0.0339 -5.8435  1.6379  2.2332  0.3785  8.1419
 13.4349  0.5079  0.2524  0.2126], training NLL = 21522.6992
total f-count: 1067, time: 59.69 min

 Optimization Run 2/2
Initial params: [0.6736, 2.6215, 11.3223, 6.8744, -0.2472, 15.0143, 3.3791, 0.1375, 24.6557, 24.5142, 0.3801, 0.1959, 0.1971]
bads:TooCloseBounds: For each variable, hard and plausible bounds should not be too close. Moving plausible bounds.
Variables (index) internally transformed to log coordinates: [[0 0]
 [0 3]
 [0 5]
 [0 6]]
Beginning optimization of a STOCHASTIC objective function

 Iteration    f-count      E[f(x)]        SD[f(x)]           MeshScale          Method              Actions
     0           1         26119.6             nan               1                                  
     0          33         24248.8             nan               1          Initial mesh            Initial points
     0          54         23515.1         1.00869               1        Successful poll           Train
     1          56         23185.6         1.00869               1      Successful search (ES-wcm)        
     1          58         22607.7         1.00868               1      Successful search (ES-wcm)        
     1          63         22504.3         1.01658               1      Successful search (ES-wcm)        
     1          71         22473.1         1.01651               1      Successful search (ES-wcm)        
     1          72         22343.5         1.01653               1      Successful search (ES-wcm)        
     1          74         22307.7         1.01658               1      Successful search (ES-wcm)        
     1          80         22184.7          1.0159               1      Successful search (ES-wcm)        
     1          85           22146         1.01627               1      Successful search (ES-wcm)        
     1          89         22143.1        0.985973               1      Successful search (ES-wcm)        
     1          93           22130         0.98462               1      Successful search (ES-wcm)        
     1          95         22054.4        0.986469               1      Successful search (ES-ell)        
     1          98         22005.2        0.986419               1      Successful search (ES-ell)        
     1          99         21978.8        0.986441               1      Successful search (ES-ell)        
     1         101         21931.4        0.986401               1      Successful search (ES-ell)        
     1         102         21928.5        0.986448               1      Successful search (ES-ell)        
     1         106         21908.3        0.986416               1      Successful search (ES-ell)        
     1         116         21890.3         1.07246               1      Successful search (ES-ell)        
     1         118         21880.2         1.04226               1      Successful search (ES-ell)        
     1         125         21857.6         1.09889               1      Successful search (ES-ell)        
     1         164         21806.5         1.53653               1        Successful poll           
     2         169         21791.8         14.7522               1      Successful search (ES-ell)        
     2         171         21787.5         12.6731               1      Successful search (ES-ell)        
     2         173         21753.9         18.4794               1      Successful search (ES-wcm)        
     2         174         21750.7          19.118               1      Successful search (ES-wcm)        
     2         180         21734.7         17.0878               1      Successful search (ES-wcm)        
     2         197         21721.6         13.7694               1      Successful search (ES-wcm)        
     2         198         21703.1         16.1873               1      Successful search (ES-ell)        
     2         199         21685.9         17.3502               1      Successful search (ES-ell)        
     2         233         21685.9         17.3502             0.5          Refine grid             
     3         234         21737.7         13.3992             0.5      Successful search (ES-ell)        
     3         280         21737.7         13.3992            0.25          Refine grid             Train
     4         283         21742.6          6.6554            0.25      Successful search (ES-wcm)        
     4         294         21732.1         11.2664            0.25      Successful search (ES-wcm)        
     4         307         21728.4         8.24534            0.25      Successful search (ES-ell)        
     4         352         21701.5         8.66217             0.5        Successful poll           
     5         358         21692.4          7.6713             0.5      Successful search (ES-wcm)        
     5         359         21683.2          8.0202             0.5      Successful search (ES-ell)        
     5         360         21678.2         8.73536             0.5      Successful search (ES-ell)        
     5         399         21678.2         8.73536            0.25          Refine grid             
     6         402         21692.6         8.03812            0.25      Successful search (ES-wcm)        
     6         415         21691.9         4.26359            0.25      Successful search (ES-wcm)        
     6         428         21584.8         4.71277            0.25      Successful search (ES-ell)        
     6         429         21450.8          8.1122            0.25      Successful search (ES-ell)        
     6         474         21450.8          8.1122           0.125          Refine grid             Train
     7         488         21692.4         4.29611            0.25        Successful poll           Train
     8         524         21694.1         4.26956           0.125          Refine grid             Train
     9         562         21701.2         3.91224          0.0625          Refine grid             Train
    10         563         21703.5         5.24168          0.0625      Successful search (ES-wcm)        
    10         564           21696         5.82338          0.0625      Successful search (ES-wcm)        
    10         565         21692.9           10.23          0.0625      Successful search (ES-wcm)        
    10         567         21687.9         7.08162          0.0625      Successful search (ES-wcm)        
    10         570         21687.6         6.15396          0.0625      Successful search (ES-wcm)        
    10         571         21683.1         6.92261          0.0625      Successful search (ES-ell)        
    10         598         21673.8          7.5857           0.125        Successful poll           
    11         599         21704.4         7.84799           0.125      Successful search (ES-ell)        
    11         633         21647.4         8.69752            0.25        Successful poll           
    12         670         21738.9         2.61377           0.125          Refine grid             Train
    13         687         21721.2         4.26535            0.25        Successful poll           Train
    14         724         21729.4         2.50149           0.125          Refine grid             Train
    15         725         21702.2         8.49265           0.125      Successful search (ES-wcm)        
    15         726           21634         11.1744           0.125      Successful search (ES-wcm)        
    15         728         21597.4          9.8252           0.125      Successful search (ES-ell)        
    15         729         21509.9          11.766           0.125      Successful search (ES-ell)        
    15         774         21509.9          11.766          0.0625          Refine grid             Train
    16         775         21724.2         3.67483          0.0625      Successful search (ES-ell)        
    16         776         21715.4          5.5819          0.0625      Successful search (ES-ell)        
    16         824         21715.4          5.5819         0.03125          Refine grid             Train
    17         863         21717.4         6.66755          0.0625        Successful poll           Train
    18         865         21717.4         6.39552          0.0625      Successful search (ES-wcm)        
    18         866         21714.8         7.27329          0.0625      Successful search (ES-wcm)        
    18         868         21710.3         6.67058          0.0625      Successful search (ES-wcm)        
    18         870         21702.5         4.05496          0.0625      Successful search (ES-wcm)        
    18         874         21701.9         4.43699          0.0625      Successful search (ES-wcm)        
    18         875         21697.5         6.63336          0.0625      Successful search (ES-wcm)        
    18         891           21672         3.47908           0.125        Successful poll           Train
    19         893         21624.1          7.7319           0.125      Successful search (ES-wcm)        
    19         894         21556.6         8.55235           0.125      Successful search (ES-wcm)        
    19         942         21556.6         8.55235          0.0625          Refine grid             
    20         943         21714.8         5.81683          0.0625      Successful search (ES-wcm)        
    20         944         21703.7         7.31575          0.0625      Successful search (ES-wcm)        
    20         951         21703.1         4.92442          0.0625      Successful search (ES-wcm)        
    20         953         21701.9         4.47118          0.0625      Successful search (ES-wcm)        
    20         954         21700.7         4.40938          0.0625      Successful search (ES-wcm)        
    20         975         21669.3         3.58887           0.125        Successful poll           
    21         976         21714.7         6.77296           0.125      Successful search (ES-wcm)        
    21         979         21710.9         6.80678           0.125      Successful search (ES-wcm)        
    21        1004           21550          6.1584            0.25        Successful poll           
    22        1040         21721.7         5.62663           0.125          Refine grid             
    23        1043         21719.8         7.55286           0.125      Successful search (ES-wcm)        
    23        1044         21709.2         7.73263           0.125      Successful search (ES-ell)        
    23        1045         21690.3         10.4029           0.125      Successful search (ES-ell)        
    23        1054         21678.9         7.01755           0.125      Successful search (ES-ell)        
    23        1056         21672.9         6.57707           0.125      Successful search (ES-ell)        
    23        1101         21672.9         6.57707          0.0625          Refine grid             Train
    24        1102         21720.9          5.3941          0.0625      Successful search (ES-ell)        
    24        1104         21709.8         4.65009          0.0625      Successful search (ES-wcm)        
    24        1105         21707.2          5.2683          0.0625      Successful search (ES-wcm)        
    24        1148         21699.1         10.8857           0.125        Successful poll           Train
    25        1149         21724.5         7.25439           0.125      Successful search (ES-ell)        
    25        1150         21713.6         10.7002           0.125      Successful search (ES-ell)        
    25        1198         21713.6         10.7002          0.0625          Refine grid             
    26        1207         21725.1         3.18565          0.0625      Successful search (ES-ell)        
    26        1208         21723.3         3.09982          0.0625      Successful search (ES-ell)        
    26        1209         21721.9         3.00845          0.0625      Successful search (ES-ell)        
    26        1210         21721.2         2.98752          0.0625      Successful search (ES-ell)        
    26        1213         21716.4         3.42995          0.0625      Successful search (ES-ell)        
    26        1226           21715         4.58376          0.0625      Successful search (ES-ell)        
    26        1227         21700.4         6.15292          0.0625      Successful search (ES-ell)        
    26        1264           21628         14.8454           0.125        Successful poll           
    27        1301           21723         2.92391          0.0625          Refine grid             Train
    28        1334         21711.2         3.74718           0.125        Successful poll           Train
    29        1336         21711.9         12.2361           0.125      Successful search (ES-wcm)        
    29        1342         21707.2         6.52932           0.125      Successful search (ES-ell)        
    29        1345         21706.6         5.24557           0.125      Successful search (ES-wcm)        
    29        1365         21703.6         8.98321            0.25        Successful poll           
    30        1402         21713.6          3.6061           0.125          Refine grid             
    31        1439         21718.6         5.36578          0.0625          Refine grid             Train
    32        1474         21713.6         6.07543           0.125        Successful poll           Train
    33        1475         21720.5         9.09428           0.125      Successful search (ES-wcm)        
    33        1480         21706.3         5.85903           0.125      Successful search (ES-wcm)        
    33        1482         21698.6         6.90977           0.125      Successful search (ES-wcm)        
    33        1489           21698         6.23957           0.125      Successful search (ES-ell)        
    33        1538           21698         6.23957          0.0625          Refine grid             
    34        1539         21723.4         7.97944          0.0625      Successful search (ES-ell)        
    34        1540         21714.7         7.09026          0.0625      Successful search (ES-wcm)        
    34        1543         21705.8         4.72735          0.0625      Successful search (ES-wcm)        
    34        1545         21701.6         5.09888          0.0625      Successful search (ES-wcm)        
    34        1548         21699.9         4.80152          0.0625      Successful search (ES-wcm)        
    34        1589         21699.9         4.80152         0.03125          Refine grid             
    35        1590         21706.3          2.5207         0.03125      Successful search (ES-wcm)        
    35        1600         21706.2         2.46731         0.03125      Successful search (ES-wcm)        
    35        1609         21705.8         2.32825         0.03125      Successful search (ES-ell)        
    35        1610         21705.6         2.38317         0.03125      Successful search (ES-wcm)        
    35        1611         21705.4          2.4674         0.03125      Successful search (ES-wcm)        
    35        1612         21704.8          2.6242         0.03125      Successful search (ES-wcm)        
    35        1613         21703.2         2.77618         0.03125      Successful search (ES-wcm)        
    35        1614         21701.5         3.39674         0.03125      Successful search (ES-wcm)        
    35        1616         21698.7         4.59874         0.03125      Successful search (ES-wcm)        
    35        1666         21698.7         4.59874        0.015625          Refine grid             
    36        1667           21709         2.96331        0.015625      Successful search (ES-ell)        
    36        1668         21707.5         3.69459        0.015625      Successful search (ES-ell)        
    36        1669         21703.8         4.66845        0.015625      Successful search (ES-ell)        
    36        1672         21700.4         4.93319        0.015625      Successful search (ES-ell)        
    36        1673         21698.8         5.68319        0.015625      Successful search (ES-ell)        
    36        1675         21697.5         7.21947        0.015625      Successful search (ES-wcm)        
    36        1679         21697.3         6.43368        0.015625      Successful search (ES-wcm)        
    36        1696           21675         5.01194         0.03125        Successful poll           
    37        1734         21680.1         6.14138        0.015625          Refine grid             Train
    38        1735         21710.4         3.51141        0.015625      Successful search (ES-wcm)        
    38        1736         21706.2         4.57103        0.015625      Successful search (ES-wcm)        
    38        1780         21694.2         6.74528         0.03125        Successful poll           Train
    39        1818           21684         9.31462          0.0625        Successful poll           Train
    40        1846         21702.4         5.89328           0.125        Successful poll           Train
    41        1848         21703.8         6.56589           0.125      Successful search (ES-wcm)        
    41        1896         21698.4         7.07408            0.25        Successful poll           
    42        1907         21699.2         5.55855            0.25      Successful search (ES-wcm)        
    42        1912         21693.3         13.1003            0.25      Successful search (ES-ell)        
    42        1960         21693.3         13.1003           0.125          Refine grid             
    43        1998         21712.9         2.67271          0.0625          Refine grid             Train
    44        2036         21635.1         14.4347           0.125        Successful poll           Train
    45        2074           21714         1.88574          0.0625          Refine grid             Train
    46        2075         21705.5         6.89183          0.0625      Successful search (ES-wcm)        
    46        2125         21705.5         6.89183         0.03125          Refine grid             
    47        2140         21707.3         11.9035          0.0625        Successful poll           Train
    48        2142         21699.9         4.17807          0.0625      Successful search (ES-wcm)        
    48        2145           21699         4.83826          0.0625      Successful search (ES-ell)        
    48        2155         21698.7          5.1721          0.0625      Successful search (ES-ell)        
    48        2158         21697.4         6.02108          0.0625      Successful search (ES-ell)        
    48        2168         21693.4          6.7034          0.0625      Successful search (ES-wcm)        
    48        2205         21692.2          9.2625           0.125        Successful poll           Train
    49        2224         21695.5         7.49848            0.25        Successful poll           Train
    50        2238         21652.4         16.8637             0.5        Successful poll           Train
    51        2271         21715.4         3.16261            0.25          Refine grid             Train
    52        2302         21663.2          19.241             0.5        Successful poll           Train
    53        2307         21708.9         9.14319             0.5      Successful search (ES-ell)        
    53        2309         21690.9         13.1673             0.5      Successful search (ES-ell)        
    53        2310         21688.7         15.0487             0.5      Successful search (ES-ell)        
    53        2312         21680.4          14.779             0.5      Successful search (ES-ell)        
    53        2313         21667.2          16.554             0.5      Successful search (ES-ell)        
    53        2348         21667.2          16.554            0.25          Refine grid             Train
Optimization terminated: change in the function value less than options['tol_fun'].
Estimated function value at minimum: 21716.951439837543 ± 2.3999764378205586 (mean ± SEM from 100 samples)
BADS minimum at: x_min = [ 0.3443 18.8473  7.0155 46.4477  0.4904  1.7807  2.3186  0.832   8.7782
 24.9691  0.5026  0.2302  0.1994], training NLL = 21716.9514
total f-count: 2449, time: 140.27 min

 ------- Finish Optimization for Subject 15 ---------- 

 ------- Start Optimization for Subject 20 ---------- 

 Cross Validation fold 0/1

 -- Start Optimization: method BADS --

 Optimization Run 1/2
Initial params: [0.5375, 8.1065, 12.5091, 5.882, 1.2446, 33.0106, 4.5135, 0.2082, 17.3118, 29.1219, 0.2194, 0.1505, 0.2619]
bads:TooCloseBounds: For each variable, hard and plausible bounds should not be too close. Moving plausible bounds.
Variables (index) internally transformed to log coordinates: [[0 0]
 [0 3]
 [0 5]
 [0 6]]
Beginning optimization of a STOCHASTIC objective function

 Iteration    f-count      E[f(x)]        SD[f(x)]           MeshScale          Method              Actions
     0           1         27034.5             nan               1                                  
     0          33         24000.6             nan               1          Initial mesh            Initial points
     0          54         23704.9        0.994577               1        Successful poll           Train
     1          63         23547.1        0.989885               1      Successful search (ES-wcm)        
     1          66         23512.5        0.978594               1      Successful search (ES-ell)        
     1          67         23435.7        0.984217               1      Successful search (ES-ell)        
     1          70         23087.2        0.990043               1      Successful search (ES-ell)        
     1          72         22923.9        0.989981               1      Successful search (ES-ell)        
     1          74         22760.9        0.990009               1      Successful search (ES-ell)        
     1          77         22594.3         0.98993               1      Successful search (ES-wcm)        
     1          78         22263.8        0.990045               1      Successful search (ES-wcm)        
     1          84         21946.3        0.990092               1      Successful search (ES-wcm)        
     1          86         21713.5        0.990044               1      Successful search (ES-wcm)        
     1          90         21638.4         0.99266               1      Successful search (ES-wcm)        
     1          93         21517.3        0.992555               1      Successful search (ES-wcm)        
     1          99           21458        0.992497               1      Successful search (ES-ell)        
     1         100         21449.7        0.992486               1      Successful search (ES-ell)        
     1         101         21337.9        0.992638               1      Successful search (ES-ell)        
     1         102         21282.1        0.992669               1      Successful search (ES-wcm)        
     1         103         21281.8        0.992666               1      Incremental search (ES-wcm)        
     1         104         21242.5         0.99267               1      Successful search (ES-wcm)        
     1         105         21222.3        0.992664               1      Successful search (ES-wcm)        
     1         113         21159.4        0.992541               1      Successful search (ES-wcm)        
     1         115         21144.1         1.02873               1      Successful search (ES-wcm)        
     1         126         21134.2         1.02699               1      Successful search (ES-ell)        
     1         128         21127.9         1.02562               1      Successful search (ES-ell)        
     1         129         21085.4         1.02635               1      Successful search (ES-ell)        
     1         131         20979.9          1.0208               1      Successful search (ES-ell)        
     1         137         20903.9         1.02521               1      Successful search (ES-ell)        
     1         169         20743.5         1.13687               1        Successful poll           Train
     2         200         20743.2         0.97415             0.5          Refine grid             Train
     3         201         20789.5         37.1281             0.5      Successful search (ES-ell)        
     3         215         20779.8         24.9644             0.5      Successful search (ES-ell)        
     3         216           20724         33.0316             0.5      Successful search (ES-ell)        
     3         225           20718         15.8931             0.5      Successful search (ES-wcm)        
     3         227         20698.6         31.8882             0.5      Successful search (ES-wcm)        
     3         233         20693.5         18.6467             0.5      Successful search (ES-wcm)        
     3         234         20676.1         20.2939             0.5      Successful search (ES-ell)        
     3         271         20676.1         20.2939            0.25          Refine grid             Train
     4         272         20654.3          24.473            0.25      Successful search (ES-wcm)        
     4         273           20623         41.5556            0.25      Successful search (ES-wcm)        
     4         286           20609         22.0339            0.25      Successful search (ES-wcm)        
     4         289         20600.2         19.9047            0.25      Successful search (ES-ell)        
     4         290         20566.8         23.7531            0.25      Successful search (ES-ell)        
     4         291         20537.3         32.5052            0.25      Successful search (ES-ell)        
     4         294         20531.4         26.7252            0.25      Successful search (ES-ell)        
     4         295         20523.4         33.2447            0.25      Successful search (ES-ell)        
     4         296         20520.4         38.9792            0.25      Successful search (ES-ell)        
     4         328         20512.8         40.1179             0.5        Successful poll           Train
     5         362           20505         39.7253            0.25          Refine grid             Train
     6         363         20498.6         20.9034            0.25      Successful search (ES-ell)        
     6         364         20453.1         27.8776            0.25      Successful search (ES-ell)        
     6         411         20453.1         27.8776           0.125          Refine grid             Train
     7         412         20487.6         11.8971           0.125      Successful search (ES-ell)        
     7         413         20461.2         16.8922           0.125      Successful search (ES-ell)        
     7         416         20430.1         15.0968           0.125      Successful search (ES-wcm)        
     7         461         20430.1         15.0968          0.0625          Refine grid             Train
     8         462         20483.5         6.58826          0.0625      Successful search (ES-wcm)        
     8         463         20465.7         10.7782          0.0625      Successful search (ES-wcm)        
     8         464         20460.7         16.5743          0.0625      Successful search (ES-ell)        
     8         465         20457.2         21.3059          0.0625      Successful search (ES-ell)        
     8         466         20429.4          29.031          0.0625      Successful search (ES-ell)        
     8         511         20429.4          29.031         0.03125          Refine grid             Train
     9         512         20457.7         7.49622         0.03125      Successful search (ES-ell)        
     9         561         20457.7         7.49622        0.015625          Refine grid             
    10         562         20525.3         7.47372        0.015625      Successful search (ES-ell)        
    10         563         20508.7          8.2983        0.015625      Successful search (ES-wcm)        
    10         564           20490         11.0775        0.015625      Successful search (ES-wcm)        
    10         565         20463.9         11.7472        0.015625      Successful search (ES-wcm)        
    10         566           20460         15.4292        0.015625      Successful search (ES-wcm)        
    10         567         20435.2         17.6848        0.015625      Successful search (ES-ell)        
    10         573         20433.1         11.0723        0.015625      Successful search (ES-ell)        
    10         574         20428.2         12.2856        0.015625      Successful search (ES-ell)        
    10         575         20427.8         12.5807        0.015625      Successful search (ES-ell)        
    10         576         20425.3         14.3924        0.015625      Successful search (ES-wcm)        
    10         586         20411.6         8.90246        0.015625      Successful search (ES-wcm)        
    10         587         20410.8         8.62867        0.015625      Successful search (ES-wcm)        
    10         588         20403.7         8.33256        0.015625      Successful search (ES-wcm)        
    10         589         20396.3         8.65731        0.015625      Successful search (ES-wcm)        
    10         590         20387.3         8.98861        0.015625      Successful search (ES-wcm)        
    10         592         20378.9         9.58946        0.015625      Successful search (ES-ell)        
    10         637         20378.9         9.58946       0.0078125          Refine grid             
    11         638         20431.6         5.29445       0.0078125      Successful search (ES-ell)        
    11         639         20421.6         5.74032       0.0078125      Successful search (ES-ell)        
    11         640           20414         6.50311       0.0078125      Successful search (ES-wcm)        
    11         641         20409.9         8.23917       0.0078125      Successful search (ES-wcm)        
    11         642         20405.4          11.694       0.0078125      Successful search (ES-wcm)        
    11         687         20405.4          11.694      0.00390625          Refine grid             
    12         688         20443.6         4.79888      0.00390625      Successful search (ES-wcm)        
    12         689         20440.5         4.82323      0.00390625      Successful search (ES-wcm)        
    12         690         20438.8          4.7031      0.00390625      Successful search (ES-wcm)        
    12         691         20431.8         5.04092      0.00390625      Successful search (ES-wcm)        
    12         692         20427.5         5.68107      0.00390625      Successful search (ES-wcm)        
    12         693         20417.6         6.57875      0.00390625      Successful search (ES-wcm)        
    12         696         20412.5         7.30659      0.00390625      Successful search (ES-wcm)        
    12         739         20412.5         7.30659      0.00195312          Refine grid             Train
    13         740         20435.8          4.8526      0.00195312      Successful search (ES-wcm)        
    13         791         20435.8          4.8526     0.000976562          Refine grid             Train
Optimization terminated: change in the function value less than options['tol_mesh']
Estimated function value at minimum: 20434.432117769356 ± 3.399910671986323 (mean ± SEM from 100 samples)
BADS minimum at: x_min = [ 1.3545  5.6164  6.0461  0.424  -0.5544  0.8627  4.5019  0.0593  6.0801
  9.6256  0.607   0.245   0.1823], training NLL = 20434.4321
total f-count: 891, time: 49.75 min

 Optimization Run 2/2
Initial params: [0.1202, 5.9391, 14.7137, 18.2518, 3.4309, 47.5484, 4.0988, 0.4268, 15.9377, 24.9713, 0.6013, 0.2866, 0.2657]
bads:TooCloseBounds: For each variable, hard and plausible bounds should not be too close. Moving plausible bounds.
Variables (index) internally transformed to log coordinates: [[0 0]
 [0 3]
 [0 5]
 [0 6]]
Beginning optimization of a STOCHASTIC objective function

 Iteration    f-count      E[f(x)]        SD[f(x)]           MeshScale          Method              Actions
     0           1         26934.7             nan               1                                  
     0          33         24048.1             nan               1          Initial mesh            Initial points
     0          34         23931.3          1.0264               1        Successful poll           Train
     1          36         23602.3         1.02639               1      Successful search (ES-wcm)        
     1          41         23410.9         1.02628               1      Successful search (ES-wcm)        
     1          42         23305.4         1.02638               1      Successful search (ES-wcm)        
     1          45         23297.1         1.02613               1      Successful search (ES-wcm)        
     1          46         23078.7         1.02629               1      Successful search (ES-wcm)        
     1          53         22812.5         1.02531               1      Successful search (ES-wcm)        
     1          60         22791.7        0.994409               1      Successful search (ES-wcm)        
     1          63         22638.1         1.05003               1      Successful search (ES-wcm)        
     1          64         22404.9         1.05006               1      Successful search (ES-ell)        
     1          67           22373         1.05006               1      Successful search (ES-ell)        
     1          71         22194.5         1.05006               1      Successful search (ES-wcm)        
     1          76         22117.2         1.05005               1      Successful search (ES-ell)        
     1          77         22090.1         1.05006               1      Successful search (ES-ell)        
     1          85         22034.4         1.04968               1      Successful search (ES-ell)        
     1          86         22016.8         1.04978               1      Successful search (ES-ell)        
     1          88         21886.2         1.00596               1      Successful search (ES-ell)        
     1          90         21853.5           1.006               1      Successful search (ES-ell)        
     1          91         21827.1         1.00603               1      Successful search (ES-ell)        
     1          96         21690.5         1.00482               1      Successful search (ES-ell)        
     1          97         21558.9         1.00564               1      Successful search (ES-ell)        
     1          98         21462.7         1.00598               1      Successful search (ES-ell)        
     1         102         21390.6         1.00582               1      Successful search (ES-ell)        
     1         105         21380.2         1.00558               1      Successful search (ES-ell)        
     1         106           21358         1.00574               1      Successful search (ES-ell)        
     1         107         21252.7         1.00594               1      Successful search (ES-ell)        
     1         108         21246.1         1.00599               1      Successful search (ES-ell)        
     1         111         21230.4         1.00596               1      Successful search (ES-ell)        
     1         142         21227.6         1.02064               1        Successful poll           Train
     2         149         21224.5         1.04672               1      Successful search (ES-ell)        
     2         162         21134.5         1.04683               1      Successful search (ES-wcm)        
     2         202         21134.5         1.04683             0.5          Refine grid             Train
     3         239         21139.3         1.01714            0.25          Refine grid             Train
     4         276         21139.3          1.1198           0.125          Refine grid             Train
     5         279         21162.7         1.15483           0.125      Successful search (ES-ell)        
     5         326         21144.1         1.04868            0.25        Successful poll           
     6         363         21144.1         1.04868           0.125          Refine grid             Train
     7         364           21179         1.15589           0.125      Successful search (ES-ell)        
     7         370         21170.2         1.11441           0.125      Successful search (ES-ell)        
     7         414         21170.2         1.11441          0.0625          Refine grid             Train
     8         452         21194.3        0.498724         0.03125          Refine grid             Train
     9         453         21184.8         1.00299         0.03125      Successful search (ES-ell)        
     9         454         21157.2          1.1575         0.03125      Successful search (ES-wcm)        
     9         461         21145.6         1.14872         0.03125      Successful search (ES-wcm)        
     9         504         21145.6         1.14872        0.015625          Refine grid             
    10         543         21188.5         26.6394         0.03125        Successful poll           
    11         544         21171.8         21.1878         0.03125      Successful search (ES-wcm)        
    11         557         21170.7         10.7597         0.03125      Successful search (ES-ell)        
    11         558         21152.8         14.4189         0.03125      Successful search (ES-ell)        
    11         560           21149         15.7171         0.03125      Successful search (ES-ell)        
    11         608           21149         15.7171        0.015625          Refine grid             
    12         609         21200.5         9.19265        0.015625      Successful search (ES-ell)        
    12         611         21197.3         9.14313        0.015625      Successful search (ES-wcm)        
    12         612         21189.5         11.6624        0.015625      Successful search (ES-wcm)        
    12         613           21169         16.1115        0.015625      Successful search (ES-wcm)        
    12         659           21169         16.1115       0.0078125          Refine grid             Train
    13         660         21202.4         5.23717       0.0078125      Successful search (ES-wcm)        
    13         661         21199.2         5.67294       0.0078125      Successful search (ES-wcm)        
    13         663         21197.8         5.75706       0.0078125      Successful search (ES-ell)        
    13         664         21197.7         6.65297       0.0078125      Successful search (ES-ell)        
    13         665         21194.1         8.38111       0.0078125      Successful search (ES-ell)        
    13         697         21168.9         23.7638        0.015625        Successful poll           
    14         735         21187.8         10.7988         0.03125        Successful poll           
    15         736         21178.7         13.4165         0.03125      Successful search (ES-ell)        
    15         737           21171         18.5785         0.03125      Successful search (ES-ell)        
    15         738         21148.1         24.3254         0.03125      Successful search (ES-ell)        
    15         787         21148.1         24.3254        0.015625          Refine grid             Train
    16         788         21202.7         7.09379        0.015625      Successful search (ES-ell)        
    16         789         21189.2         10.0387        0.015625      Successful search (ES-ell)        
    16         838         21189.2         10.0387       0.0078125          Refine grid             Train
    17         839         21205.4         12.9284       0.0078125      Successful search (ES-ell)        
    17         840         21200.8          13.464       0.0078125      Successful search (ES-ell)        
    17         841         21192.8         13.9576       0.0078125      Successful search (ES-ell)        
    17         842         21183.3         16.4375       0.0078125      Successful search (ES-ell)        
    17         843         21179.3         20.4831       0.0078125      Successful search (ES-ell)        
    17         846           21178          28.404       0.0078125      Successful search (ES-wcm)        
    17         847         21163.3         43.3509       0.0078125      Successful search (ES-wcm)        
    17         890         21163.3         43.3509      0.00390625          Refine grid             
    18         891         21202.8         12.1952      0.00390625      Successful search (ES-wcm)        
    18         892         21201.5         12.4973      0.00390625      Successful search (ES-ell)        
    18         894           21200         12.6698      0.00390625      Successful search (ES-ell)        
    18         941         21198.3         11.1348       0.0078125        Successful poll           
    19         942         21208.7         6.29335       0.0078125      Successful search (ES-ell)        
    19         943         21206.8           6.637       0.0078125      Successful search (ES-ell)        
    19         944         21202.5         7.62073       0.0078125      Successful search (ES-ell)        
    19         969         21200.9         23.8117        0.015625        Successful poll           Train
    20         970         21193.9         10.6704        0.015625      Successful search (ES-ell)        
    20         971           21177         15.0837        0.015625      Successful search (ES-ell)        
    20         972         21160.1         18.9448        0.015625      Successful search (ES-ell)        
    20         974         21151.9         18.8481        0.015625      Successful search (ES-ell)        
    20         975         21119.9         23.8701        0.015625      Successful search (ES-wcm)        
    20         976         21106.8         30.2963        0.015625      Successful search (ES-wcm)        
    20        1021         21106.8         30.2963       0.0078125          Refine grid             
    21        1022         21179.7         5.48001       0.0078125      Successful search (ES-wcm)        
    21        1023         21172.5         5.73475       0.0078125      Successful search (ES-wcm)        
    21        1024         21164.3         6.42952       0.0078125      Successful search (ES-wcm)        
    21        1025           21153         9.34449       0.0078125      Successful search (ES-wcm)        
    21        1026         21145.5         12.0414       0.0078125      Successful search (ES-wcm)        
    21        1027           21144         15.3555       0.0078125      Successful search (ES-wcm)        
    21        1030         21138.6         17.8962       0.0078125      Successful search (ES-ell)        
    21        1033         21135.3         14.1814       0.0078125      Successful search (ES-wcm)        
    21        1073         21135.3         14.1814      0.00390625          Refine grid             
    22        1074         21166.1         5.34574      0.00390625      Successful search (ES-wcm)        
    22        1075         21164.2         5.27354      0.00390625      Successful search (ES-wcm)        
    22        1076         21160.2         5.88966      0.00390625      Successful search (ES-wcm)        
    22        1077         21155.4          6.8477      0.00390625      Successful search (ES-wcm)        
    22        1078         21150.4         8.01972      0.00390625      Successful search (ES-wcm)        
    22        1079         21146.9         9.28006      0.00390625      Successful search (ES-wcm)        
    22        1080         21142.4          11.093      0.00390625      Successful search (ES-wcm)        
    22        1081         21138.1         14.3051      0.00390625      Successful search (ES-wcm)        
    22        1125         21138.1         14.3051      0.00195312          Refine grid             Train
    23        1126         21160.5          4.9923      0.00195312      Successful search (ES-ell)        
    23        1131           21160         4.82073      0.00195312      Successful search (ES-wcm)        
    23        1132         21159.7          4.8315      0.00195312      Successful search (ES-wcm)        
    23        1133         21159.4         4.80414      0.00195312      Successful search (ES-ell)        
    23        1134         21159.3         4.83422      0.00195312      Successful search (ES-wcm)        
    23        1135         21158.3         4.86923      0.00195312      Successful search (ES-ell)        
    23        1136         21157.4         5.05556      0.00195312      Successful search (ES-ell)        
    23        1137         21155.3         5.39272      0.00195312      Successful search (ES-ell)        
    23        1177         21155.3         5.39272     0.000976562          Refine grid             Train
Optimization terminated: change in the function value less than options['tol_mesh']
Estimated function value at minimum: 21164.18497872672 ± 4.289430165345284 (mean ± SEM from 100 samples)
BADS minimum at: x_min = [ 2.22000e-01  2.82200e+00  4.74700e+00  2.00000e-02 -9.41590e+00
  4.62100e-01  4.72020e+00  6.59000e-01  3.78236e+01  1.35141e+01
  4.83600e-01  4.23800e-01  1.17900e-01], training NLL = 21164.185
total f-count: 1277, time: 70.96 min

 ------- Finish Optimization for Subject 20 ---------- 

 ------- Start Optimization for Subject 25 ---------- 

 Cross Validation fold 0/1

 -- Start Optimization: method BADS --

 Optimization Run 1/2
Initial params: [0.2519, 3.244, 6.7288, 18.9375, -2.8393, 37.7846, 0.3155, 0.5358, 24.6192, 15.7136, 0.2344, 0.1745, 0.2065]
bads:TooCloseBounds: For each variable, hard and plausible bounds should not be too close. Moving plausible bounds.
Variables (index) internally transformed to log coordinates: [[0 0]
 [0 3]
 [0 5]
 [0 6]]
Beginning optimization of a STOCHASTIC objective function

 Iteration    f-count      E[f(x)]        SD[f(x)]           MeshScale          Method              Actions
     0           1         26868.5             nan               1                                  
     0          33         24888.6             nan               1          Initial mesh            Initial points
     0          54         24403.4        0.988123               1        Successful poll           Train
     1          61         24309.7         1.00056               1      Successful search (ES-wcm)        
     1          62         24143.1         1.00054               1      Successful search (ES-wcm)        
     1          64           24064         1.00053               1      Successful search (ES-wcm)        
     1          66         24056.4         1.00017               1      Successful search (ES-ell)        
     1          70         23929.6         1.00054               1      Successful search (ES-wcm)        
     1          72         23866.8         1.00056               1      Successful search (ES-wcm)        
     1          78         23774.1          1.0005               1      Successful search (ES-wcm)        
     1          80         23732.8         1.00034               1      Successful search (ES-wcm)        
     1          82         23708.3         1.00052               1      Successful search (ES-wcm)        
     1          87         23670.9         1.00036               1      Successful search (ES-wcm)        
     1          88           23581         1.03319               1      Successful search (ES-wcm)        
     1          91         23545.9         1.03317               1      Successful search (ES-wcm)        
     1          96         23543.6         1.03319               1      Successful search (ES-ell)        
     1         101         23541.7         1.03284               1      Successful search (ES-ell)        
     1         103         23495.2         1.03285               1      Successful search (ES-ell)        
     1         104         23435.7         1.03288               1      Successful search (ES-ell)        
     1         138         23325.5         1.00832               1        Successful poll           
     2         141         23291.6         1.00827               1      Successful search (ES-ell)        
     2         146           23270         1.18215               1      Successful search (ES-ell)        
     2         148         23248.5         1.18214               1      Successful search (ES-ell)        
     2         151         23223.3         1.18207               1      Successful search (ES-ell)        
     2         179         23186.5         1.35572               1        Successful poll           Train
     3         180         23043.7          1.3562               1      Successful search (ES-ell)        
     3         186         23031.7          1.3562               1      Successful search (ES-wcm)        
     3         225         23031.7          1.3562             0.5          Refine grid             
     4         228         22992.2          1.3465             0.5      Successful search (ES-wcm)        
     4         235         22981.6         1.34644             0.5      Successful search (ES-wcm)        
     4         244         22951.5         1.34648             0.5      Successful search (ES-wcm)        
     4         247         22928.6         1.34647             0.5      Successful search (ES-wcm)        
     4         286         22928.6         1.34647            0.25          Refine grid             
     5         287         22970.2         22.7244            0.25      Successful search (ES-wcm)        
     5         289         22938.7         22.4282            0.25      Successful search (ES-wcm)        
     5         336         22938.7         22.4282           0.125          Refine grid             Train
     6         337           22927         10.1117           0.125      Successful search (ES-wcm)        
     6         338         22905.5         20.7344           0.125      Successful search (ES-wcm)        
     6         386         22905.5         20.7344          0.0625          Refine grid             Train
     7         387         22923.2          6.6507          0.0625      Successful search (ES-wcm)        
     7         388         22919.4         10.3826          0.0625      Successful search (ES-wcm)        
     7         390         22918.1         11.8776          0.0625      Successful search (ES-wcm)        
     7         391         22906.9         13.7753          0.0625      Successful search (ES-ell)        
     7         400         22903.3         7.78887          0.0625      Successful search (ES-wcm)        
     7         402         22900.8         9.42208          0.0625      Successful search (ES-wcm)        
     7         403         22889.8         12.2482          0.0625      Successful search (ES-wcm)        
     7         405         22876.7         15.2478          0.0625      Successful search (ES-wcm)        
     7         406         22854.5         16.6507          0.0625      Successful search (ES-ell)        
     7         408         22844.7         17.5207          0.0625      Successful search (ES-wcm)        
     7         410         22843.4         16.4864          0.0625      Successful search (ES-wcm)        
     7         419         22838.7         9.34233          0.0625      Successful search (ES-ell)        
     7         421         22838.3         8.79585          0.0625      Successful search (ES-ell)        
     7         427         22835.9          7.4835          0.0625      Successful search (ES-wcm)        
     7         428         22831.8         8.77301          0.0625      Successful search (ES-ell)        
     7         430         22827.2         11.1798          0.0625      Successful search (ES-ell)        
     7         472         22761.3         9.05245           0.125        Successful poll           
     8         508         22772.5         8.56017          0.0625          Refine grid             
     9         509         22871.6          4.7547          0.0625      Successful search (ES-ell)        
     9         510         22853.6         7.45768          0.0625      Successful search (ES-ell)        
     9         511         22849.8         12.6305          0.0625      Successful search (ES-ell)        
     9         558         22849.8         12.6305         0.03125          Refine grid             
    10         559         22908.8          4.4626         0.03125      Successful search (ES-ell)        
    10         560         22885.6         5.08478         0.03125      Successful search (ES-ell)        
    10         561         22857.1         6.25945         0.03125      Successful search (ES-ell)        
    10         562           22845         7.59033         0.03125      Successful search (ES-wcm)        
    10         563         22811.2         10.7388         0.03125      Successful search (ES-wcm)        
    10         608         22811.2         10.7388        0.015625          Refine grid             
    11         609         22836.3         4.75217        0.015625      Successful search (ES-wcm)        
    11         610         22831.5         5.06203        0.015625      Successful search (ES-wcm)        
    11         611         22828.6         5.45409        0.015625      Successful search (ES-wcm)        
    11         612         22824.5         6.46921        0.015625      Successful search (ES-wcm)        
    11         613         22810.9         8.19336        0.015625      Successful search (ES-ell)        
    11         614         22804.3         12.2892        0.015625      Successful search (ES-ell)        
    11         656         22792.5         7.97318         0.03125        Successful poll           
    12         660         22785.1         6.75782         0.03125      Successful search (ES-ell)        
    12         661         22778.2         7.37646         0.03125      Successful search (ES-ell)        
    12         662         22768.7         8.26358         0.03125      Successful search (ES-ell)        
    12         697         22747.2         23.0701          0.0625        Successful poll           Train
    13         734         22750.8         24.8709         0.03125          Refine grid             Train
    14         735         22770.7          8.7193         0.03125      Successful search (ES-wcm)        
    14         736         22767.8         11.6331         0.03125      Successful search (ES-wcm)        
    14         737         22766.3         14.1395         0.03125      Successful search (ES-ell)        
    14         784         22766.3         14.1395        0.015625          Refine grid             Train
    15         785         22774.6         6.18698        0.015625      Successful search (ES-ell)        
    15         786         22772.1          7.8564        0.015625      Successful search (ES-ell)        
    15         787         22765.4         10.4625        0.015625      Successful search (ES-ell)        
    15         788           22750         14.2581        0.015625      Successful search (ES-ell)        
    15         834           22750         14.2581       0.0078125          Refine grid             Train
    16         835         22760.4         4.95277       0.0078125      Successful search (ES-wcm)        
    16         836         22758.3         5.34637       0.0078125      Successful search (ES-wcm)        
    16         837         22754.3         6.18761       0.0078125      Successful search (ES-ell)        
    16         838         22752.4          7.8548       0.0078125      Successful search (ES-ell)        
    16         839         22742.1         9.86525       0.0078125      Successful search (ES-ell)        
    16         840         22738.8         13.2687       0.0078125      Successful search (ES-ell)        
    16         841         22727.8         17.3194       0.0078125      Successful search (ES-ell)        
    16         885         22727.8         17.3194      0.00390625          Refine grid             
    17         886         22757.3         4.88084      0.00390625      Successful search (ES-ell)        
    17         887         22756.6         4.92859      0.00390625      Successful search (ES-ell)        
    17         888         22755.5         5.20992      0.00390625      Successful search (ES-ell)        
    17         889         22752.7         6.02996      0.00390625      Successful search (ES-wcm)        
    17         890         22749.2         6.59005      0.00390625      Successful search (ES-ell)        
    17         891           22747         7.92763      0.00390625      Successful search (ES-ell)        
    17         936           22747         7.92763      0.00195312          Refine grid             
    18         961           22756         5.21041      0.00390625        Successful poll           Train
    19         962         22754.6         4.28112      0.00390625      Successful search (ES-ell)        
    19         963         22752.8          4.7008      0.00390625      Successful search (ES-ell)        
    19         964         22751.4         5.27562      0.00390625      Successful search (ES-ell)        
    19         965         22748.6         6.12455      0.00390625      Successful search (ES-ell)        
    19         966           22746         7.85249      0.00390625      Successful search (ES-ell)        
    19         969         22745.4         8.07083      0.00390625      Successful search (ES-ell)        
    19         970         22742.8         9.31788      0.00390625      Successful search (ES-ell)        
    19         971         22741.6         11.3503      0.00390625      Successful search (ES-ell)        
    19         973         22733.2         14.9184      0.00390625      Successful search (ES-wcm)        
    19        1011         22733.2         14.9184      0.00195312          Refine grid             
    20        1013         22754.1         5.00302      0.00195312      Successful search (ES-ell)        
    20        1014         22752.9         4.99427      0.00195312      Successful search (ES-ell)        
    20        1018         22751.7          4.8182      0.00195312      Successful search (ES-ell)        
    20        1025         22750.9         4.61998      0.00195312      Successful search (ES-ell)        
    20        1026         22750.1         4.73636      0.00195312      Successful search (ES-ell)        
    20        1074         22748.6         5.01916      0.00390625        Successful poll           
    21        1075         22747.8         4.93004      0.00390625      Successful search (ES-wcm)        
    21        1076         22747.5         5.91561      0.00390625      Successful search (ES-wcm)        
    21        1124         22743.5         6.29296       0.0078125        Successful poll           
    22        1125         22745.4         8.01833       0.0078125      Successful search (ES-ell)        
    22        1126         22744.4         10.3771       0.0078125      Successful search (ES-ell)        
    22        1173         22744.4         10.3771      0.00390625          Refine grid             Train
    23        1210         22749.9         3.23643      0.00195312          Refine grid             Train
    24        1211         22750.6         4.21308      0.00195312      Successful search (ES-wcm)        
    24        1212         22747.8         5.46064      0.00195312      Successful search (ES-wcm)        
    24        1213         22744.8         9.59912      0.00195312      Successful search (ES-wcm)        
    24        1260         22744.8         9.59912     0.000976562          Refine grid             
Optimization terminated: change in the function value less than options['tol_mesh']
Estimated function value at minimum: 22746.652288243844 ± 3.144385012191692 (mean ± SEM from 100 samples)
BADS minimum at: x_min = [ 0.9797  7.0719  9.6076 47.4116 -3.4429  1.4037  2.4396  0.4499  9.6149
 13.8385  0.4969  0.2754  0.2498], training NLL = 22746.6523
total f-count: 1360, time: 75.7 min

 Optimization Run 2/2
Initial params: [1.3365, 9.9558, 14.3808, 1.5873, -0.3471, 26.4277, 0.5193, 0.6649, 29.3905, 18.0915, 0.2291, 0.135, 0.2376]
bads:TooCloseBounds: For each variable, hard and plausible bounds should not be too close. Moving plausible bounds.
Variables (index) internally transformed to log coordinates: [[0 0]
 [0 3]
 [0 5]
 [0 6]]
Beginning optimization of a STOCHASTIC objective function

 Iteration    f-count      E[f(x)]        SD[f(x)]           MeshScale          Method              Actions
     0           1         27038.2             nan               1                                  
     0          33         24800.5             nan               1          Initial mesh            Initial points
     0          34           24788        0.970939               1        Successful poll           Train
     1          42         24742.8        0.965664               1      Successful search (ES-wcm)        
     1          44         24664.5        0.967219               1      Successful search (ES-wcm)        
     1          45         24439.7        0.966621               1      Successful search (ES-wcm)        
     1          46         24369.9        0.970167               1      Successful search (ES-wcm)        
     1          47         24306.5            0.97               1      Successful search (ES-wcm)        
     1          52         24273.4        0.969818               1      Successful search (ES-wcm)        
     1          53         24022.2         0.97076               1      Successful search (ES-ell)        
     1          62         24017.6         1.02272               1      Successful search (ES-ell)        
     1          66         24006.8         1.02244               1      Successful search (ES-ell)        
     1          67         23930.2         1.02278               1      Successful search (ES-wcm)        
     1          69         23857.6          1.0228               1      Successful search (ES-wcm)        
     1          72         23790.5         1.02276               1      Successful search (ES-wcm)        
     1          73         23776.3         1.02275               1      Successful search (ES-ell)        
     1          79         23725.3         1.02272               1      Successful search (ES-wcm)        
     1          81         23723.9         1.02236               1      Successful search (ES-wcm)        
     1          94         23696.6         1.00863               1      Successful search (ES-wcm)        
     1         110         23677.7         1.00201               1      Successful search (ES-wcm)        
     1         111         23658.1        0.965209               1      Successful search (ES-ell)        
     1         114         23641.2         1.00891               1      Successful search (ES-ell)        
     1         116           23533         1.10048               1      Successful search (ES-ell)        
     1         118         23487.7         1.10046               1      Successful search (ES-wcm)        
     1         119         23393.1         1.10047               1      Successful search (ES-wcm)        
     1         129         23266.3         1.10047               1      Successful search (ES-wcm)        
     1         130         23257.5         1.10048               1      Successful search (ES-wcm)        
     1         132         23236.1         1.10048               1      Successful search (ES-wcm)        
     1         135         23105.3         1.10047               1      Successful search (ES-wcm)        
     1         142         23027.3         1.30087               1      Successful search (ES-wcm)        
     1         187         23018.8         29.5502               1        Successful poll           Train
     2         188         22861.4         34.4157               1      Successful search (ES-ell)        
     2         191         22857.7         34.7437               1      Successful search (ES-wcm)        
     2         196         22813.3         25.6415               1      Successful search (ES-ell)        
     2         197           22784         29.9574               1      Successful search (ES-ell)        
     2         199         22769.4         31.4199               1      Successful search (ES-ell)        
     2         203         22745.1         29.0598               1      Successful search (ES-ell)        
     2         205         22735.8         30.2067               1      Successful search (ES-ell)        
     2         208         22709.3         27.2328               1      Successful search (ES-ell)        
     2         209         22675.2         29.4252               1      Successful search (ES-ell)        
     2         211         22648.4         28.7748               1      Successful search (ES-ell)        
     2         213         22644.9         28.3232               1      Successful search (ES-ell)        
     2         216         22633.4         28.4527               1      Successful search (ES-ell)        
     2         217         22594.4         32.0373               1      Successful search (ES-ell)        
     2         259         22594.4         32.0373             0.5          Refine grid             
     3         260           22610         18.1111             0.5      Successful search (ES-ell)        
     3         261         22584.4         29.1865             0.5      Successful search (ES-ell)        
     3         267         22583.1         20.1669             0.5      Successful search (ES-ell)        
     3         274         22581.7         19.3041             0.5      Successful search (ES-ell)        
     3         276         22550.2         22.6672             0.5      Successful search (ES-ell)        
     3         277         22545.4         27.4494             0.5      Successful search (ES-ell)        
     3         279         22497.5         31.5635             0.5      Successful search (ES-wcm)        
     3         281         22456.5         29.6119             0.5      Successful search (ES-wcm)        
     3         287         22454.4         29.3506             0.5      Successful search (ES-wcm)        
     3         291         22453.2         19.2062             0.5      Successful search (ES-wcm)        
     3         295         22445.2          12.556             0.5      Successful search (ES-wcm)        
     3         296         22442.2         16.1967             0.5      Successful search (ES-wcm)        
     3         298         22435.9         17.8293             0.5      Successful search (ES-ell)        
     3         301         22434.5         19.9475             0.5      Successful search (ES-wcm)        
     3         302         22382.9          23.275             0.5      Successful search (ES-wcm)        
     3         303         22341.7         29.1192             0.5      Successful search (ES-wcm)        
     3         307         22308.4         22.7389             0.5      Successful search (ES-wcm)        
     3         314           22287         22.8934             0.5      Successful search (ES-ell)        
     3         316         22252.3         24.4071             0.5      Successful search (ES-ell)        
     3         326         22244.6         23.7997             0.5      Successful search (ES-wcm)        
     3         330         22232.2         19.8827             0.5      Successful search (ES-wcm)        
     3         340         22231.8         14.1557             0.5      Successful search (ES-wcm)        
     3         386         22231.8         14.1557            0.25          Refine grid             
     4         387         22237.5         13.0802            0.25      Successful search (ES-wcm)        
     4         388         22208.2         25.2717            0.25      Successful search (ES-wcm)        
     4         390         22168.4         26.9611            0.25      Successful search (ES-wcm)        
     4         436         22168.4         26.9611           0.125          Refine grid             
     5         437         22184.1         10.9874           0.125      Successful search (ES-wcm)        
     5         440         22174.5         11.0994           0.125      Successful search (ES-wcm)        
     5         451         22173.5         11.2443           0.125      Successful search (ES-ell)        
     5         457         22172.6         7.12719           0.125      Successful search (ES-wcm)        
     5         458         22168.7         7.34745           0.125      Successful search (ES-wcm)        
     5         463         22168.1         8.36917           0.125      Successful search (ES-wcm)        
     5         464         22159.9         12.4783           0.125      Successful search (ES-wcm)        
     5         466         22143.8         14.4929           0.125      Successful search (ES-wcm)        
     5         512         22143.8         14.4929          0.0625          Refine grid             
     6         513         22156.4         5.74703          0.0625      Successful search (ES-ell)        
     6         514         22149.8         9.04378          0.0625      Successful search (ES-wcm)        
     6         562         22149.8         9.04378         0.03125          Refine grid             
     7         563         22163.2         4.16542         0.03125      Successful search (ES-wcm)        
     7         564           22158         5.90505         0.03125      Successful search (ES-wcm)        
     7         576         22152.4         5.07756         0.03125      Successful search (ES-ell)        
     7         577         22150.5         6.08302         0.03125      Successful search (ES-ell)        
     7         578         22147.8         7.77372         0.03125      Successful search (ES-ell)        
     7         625         22085.4         9.08798          0.0625        Successful poll           
     8         626         22159.3         4.95945          0.0625      Successful search (ES-ell)        
     8         627         22156.7         9.01469          0.0625      Successful search (ES-ell)        
     8         675         22156.7         9.01469         0.03125          Refine grid             Train
     9         676         22163.7         4.40988         0.03125      Successful search (ES-wcm)        
     9         677         22161.2          7.0856         0.03125      Successful search (ES-wcm)        
     9         678         22157.5         12.9403         0.03125      Successful search (ES-wcm)        
     9         682         22149.7         8.74364         0.03125      Successful search (ES-wcm)        
     9         684         22146.8         7.95332         0.03125      Successful search (ES-ell)        
     9         685         22142.3         9.77532         0.03125      Successful search (ES-wcm)        
     9         696           22142         6.26145         0.03125      Successful search (ES-wcm)        
     9         697         22140.2         6.19808         0.03125      Successful search (ES-wcm)        
     9         698           22139         6.20446         0.03125      Successful search (ES-wcm)        
     9         705         22138.9         5.48772         0.03125      Successful search (ES-wcm)        
     9         707         22138.5         5.46343         0.03125      Successful search (ES-wcm)        
     9         708         22137.1         5.74617         0.03125      Successful search (ES-wcm)        
     9         709         22136.1         6.91884         0.03125      Successful search (ES-wcm)        
     9         710         22133.2         7.59867         0.03125      Successful search (ES-ell)        
     9         711         22129.9          8.3697         0.03125      Successful search (ES-ell)        
     9         712         22125.1         10.4478         0.03125      Successful search (ES-ell)        
     9         751         22122.9         14.4299          0.0625        Successful poll           
    10         752         22104.8           13.63          0.0625      Successful search (ES-ell)        
    10         753         22078.1         14.2835          0.0625      Successful search (ES-ell)        
    10         801         22078.1         14.2835         0.03125          Refine grid             Train
    11         802           22162         3.71221         0.03125      Successful search (ES-wcm)        
    11         803           22151         4.30008         0.03125      Successful search (ES-wcm)        
    11         804         22144.1         7.17954         0.03125      Successful search (ES-wcm)        
    11         805         22131.5         11.2928         0.03125      Successful search (ES-wcm)        
    11         851           22097         24.2948          0.0625        Successful poll           
    12         852         22133.3         13.1498          0.0625      Successful search (ES-wcm)        
    12         854         22128.3         13.5723          0.0625      Successful search (ES-wcm)        
    12         856           22122         14.5609          0.0625      Successful search (ES-wcm)        
    12         901           22122         14.5609         0.03125          Refine grid             
    13         902         22137.7         9.56198         0.03125      Successful search (ES-ell)        
    13         903         22132.6         10.9775         0.03125      Successful search (ES-ell)        
    13         904         22132.4         13.1783         0.03125      Successful search (ES-ell)        
    13         905         22125.2         13.7783         0.03125      Successful search (ES-ell)        
    13         909         22123.7         10.6927         0.03125      Successful search (ES-wcm)        
    13         910         22119.9         13.4056         0.03125      Successful search (ES-wcm)        
    13         950         22107.8         11.5726          0.0625        Successful poll           
    14         968         22073.7         10.7013           0.125        Successful poll           
    15        1005         22148.2         7.27852          0.0625          Refine grid             Train
    16        1006         22120.5         8.46807          0.0625      Successful search (ES-wcm)        
    16        1007         22106.2         15.2714          0.0625      Successful search (ES-ell)        
    16        1055         22106.2         15.2714         0.03125          Refine grid             Train
    17        1056         22124.1         5.39833         0.03125      Successful search (ES-ell)        
    17        1057         22115.1         8.15861         0.03125      Successful search (ES-ell)        
    17        1058           22105         12.3215         0.03125      Successful search (ES-ell)        
    17        1105           22105         12.3215        0.015625          Refine grid             
    18        1106           22126         4.60624        0.015625      Successful search (ES-ell)        
    18        1107         22122.3         6.35146        0.015625      Successful search (ES-ell)        
    18        1108         22116.4          9.0311        0.015625      Successful search (ES-ell)        
    18        1109         22104.1         12.7935        0.015625      Successful search (ES-ell)        
    18        1110         22091.2         16.2852        0.015625      Successful search (ES-ell)        
    18        1155         22091.2         16.2852       0.0078125          Refine grid             
    19        1156         22126.7         4.65026       0.0078125      Successful search (ES-wcm)        
    19        1159         22123.5          4.8158       0.0078125      Successful search (ES-wcm)        
    19        1160         22122.9         5.24071       0.0078125      Successful search (ES-wcm)        
    19        1205         22112.8         10.9435        0.015625        Successful poll           Train
    20        1241         22104.3         6.45155         0.03125        Successful poll           Train
    21        1243         22102.2         6.05291         0.03125      Successful search (ES-ell)        
    21        1244         22093.8         7.60943         0.03125      Successful search (ES-ell)        
    21        1245         22082.3         13.4874         0.03125      Successful search (ES-wcm)        
    21        1291         22082.3         13.4874        0.015625          Refine grid             
    22        1292           22109          4.4891        0.015625      Successful search (ES-wcm)        
    22        1293         22104.8         5.83027        0.015625      Successful search (ES-wcm)        
    22        1294         22098.5         8.25583        0.015625      Successful search (ES-wcm)        
    22        1298         22096.6         8.07634        0.015625      Successful search (ES-wcm)        
    22        1341         22096.6         8.07634       0.0078125          Refine grid             
    23        1342         22111.1         5.07452       0.0078125      Successful search (ES-ell)        
    23        1343         22110.7         4.60466       0.0078125      Successful search (ES-ell)        
    23        1344         22097.9         6.94877       0.0078125      Successful search (ES-ell)        
    23        1345         22091.4         10.6606       0.0078125      Successful search (ES-ell)        
    23        1346         22081.5         13.2377       0.0078125      Successful search (ES-ell)        
    23        1347         22081.2          16.233       0.0078125      Successful search (ES-ell)        
    23        1391         22081.2          16.233      0.00390625          Refine grid             Train
    24        1392         22110.2         4.02162      0.00390625      Successful search (ES-ell)        
    24        1393         22108.1         4.21375      0.00390625      Successful search (ES-ell)        
    24        1394         22105.6          4.8586      0.00390625      Successful search (ES-ell)        
    24        1395         22101.9          6.0932      0.00390625      Successful search (ES-ell)        
    24        1396           22099         8.53607      0.00390625      Successful search (ES-ell)        
    24        1397         22093.7         11.8348      0.00390625      Successful search (ES-ell)        
    24        1398         22093.7         13.9944      0.00390625      Successful search (ES-ell)        
    24        1441         22093.7         13.9944      0.00195312          Refine grid             
    25        1442           22111         4.20822      0.00195312      Successful search (ES-wcm)        
    25        1443         22108.6         4.39144      0.00195312      Successful search (ES-wcm)        
    25        1444         22106.8         4.50178      0.00195312      Successful search (ES-ell)        
    25        1445         22104.6         4.98508      0.00195312      Successful search (ES-ell)        
    25        1446         22101.1           5.514      0.00195312      Successful search (ES-ell)        
    25        1491         22101.1           5.514     0.000976562          Refine grid             
Optimization terminated: change in the function value less than options['tol_mesh']
Estimated function value at minimum: 22102.402288122772 ± 2.91402553049915 (mean ± SEM from 100 samples)
BADS minimum at: x_min = [ 0.3701  2.0621  5.1715  0.1023 -1.1013  1.5247  3.8383  0.5699  5.1752
  8.6952  0.5644  0.373   0.2991], training NLL = 22102.4023
total f-count: 1591, time: 88.4 min

 ------- Finish Optimization for Subject 25 ---------- 
Fri Jun 19 01:11:44 2026       
+---------------------------------------------------------------------------------------+
| NVIDIA-SMI 535.113.01             Driver Version: 535.113.01   CUDA Version: 12.2     |
|-----------------------------------------+----------------------+----------------------+
| GPU  Name                 Persistence-M | Bus-Id        Disp.A | Volatile Uncorr. ECC |
| Fan  Temp   Perf          Pwr:Usage/Cap |         Memory-Usage | GPU-Util  Compute M. |
|                                         |                      |               MIG M. |
|=========================================+======================+======================|
|   0  Tesla P100-PCIE-16GB           On  | 00000000:03:00.0 Off |                    0 |
| N/A   31C    P0              30W / 250W |      0MiB / 16384MiB |     12%      Default |
|                                         |                      |                  N/A |
+-----------------------------------------+----------------------+----------------------+
                                                                                         
+---------------------------------------------------------------------------------------+
| Processes:                                                                            |
|  GPU   GI   CI        PID   Type   Process name                            GPU Memory |
|        ID   ID                                                             Usage      |
|=======================================================================================|
|  No running processes found                                                           |
+---------------------------------------------------------------------------------------+
----------------------------------------
Start job epilogue Fri Jun 19 01:11:44 CEST 2026
----------------------------------------
Job ID:          53696413
Job Exit Code:   0:0
Username:        wenlou
Group:           mpla
Queue:           gpu
Compute nodes:   dccn-c043
Asked resources: walltime=1-00:00:00,nodes=1,cpus=8,mem=2G
Used resources:  cputime=2-16:39:04,walltime=08:04:53,memory=1G
----------------------------------------
End job epilogue Fri Jun 19 01:11:44 CEST 2026
----------------------------------------
