----------------------------------------
Start task prologue Thu Mar 12 15:59:52 CET 2026
----------------------------------------
Step ID:         51235676.
Username:        wenlou
Group:           mpla
Asked resources: walltime=1-00:00:00,nodes=1,cpus=8,mem=2G
Queue:           gpu
Compute nodes:   dccn-c083
----------------------------------------
End task prologue Thu Mar 12 15:59:52 CET 2026
----------------------------------------
CUDA version:
nvcc: NVIDIA (R) Cuda compiler driver
Copyright (c) 2005-2024 NVIDIA Corporation
Built on Thu_Mar_28_02:18:24_PDT_2024
Cuda compilation tools, release 12.4, V12.4.131
Build cuda_12.4.r12.4/compiler.34097967_0

[WARNING] Please note the interface change for (de-)activating conda environment:

  - DO NOT use `conda activate` to enter the conda environment as it requires extra step to modify your ~/.bashrc file, which will force you to use this Anaconda version (2024.06).  Therefore keep using `source activate` instead.

  - DO use `conda deactivate` to leave your conda environment as `source deactivate` will be deprecated in future release.

Running model for expriment=sep_ecc_percep, m_id=1, method=bads
device is : cuda
['sep_ecc_percep', '1', '2', 'bads', '5']

 ------- Start Optimization for Subject 2 ---------- 

 Cross Validation fold 0/1

 -- Start Optimization: method BADS --

 Optimization Run 1/5
Initial params: [0.9358, 8.1476, 14.4126, 38.1924, 4.4149, 0.541, 0.6302, 18.2065, 0.3546, 0.5349, 0.1801]
bads:TooCloseBounds: For each variable, hard and plausible bounds should not be too close. Moving plausible bounds.
Variables (index) internally transformed to log coordinates: [[0 0]
 [0 3]
 [0 4]]
Beginning optimization of a STOCHASTIC objective function

 Iteration    f-count      E[f(x)]        SD[f(x)]           MeshScale          Method              Actions
     0           1         22555.4             nan               1                                  
     0          33         19642.7             nan               1          Initial mesh            Initial points
     0          34         18731.5        0.999974               1        Successful poll           Train
     1          36           18394        0.999966               1      Successful search (ES-wcm)        
     1          38         18194.2        0.999964               1      Successful search (ES-wcm)        
     1          41         18121.4        0.999843               1      Successful search (ES-wcm)        
     1          44         18072.6         0.99949               1      Successful search (ES-wcm)        
     1          46           17975        0.999821               1      Successful search (ES-wcm)        
     1          55         17973.4        0.992187               1      Successful search (ES-wcm)        
     1          67         17970.7         1.05803               1      Successful search (ES-wcm)        
     1          71         17968.9         1.05981               1      Successful search (ES-wcm)        
     1          72         17931.1         1.05973               1      Successful search (ES-wcm)        
     1          77         17923.9         1.05908               1      Successful search (ES-ell)        
     1          83         17911.6         1.00849               1      Successful search (ES-ell)        
     1          99         17907.2        0.925794               1      Successful search (ES-ell)        
     1         103         17811.4         1.03289               1      Successful search (ES-ell)        
     1         119         17764.8         1.03215               1      Successful search (ES-wcm)        
     1         130         17763.9         1.15659               1      Incremental search (ES-wcm)        
     1         146         17737.6         1.15662               1        Successful poll           
     2         173         17737.6         1.15662             0.5          Refine grid             Train
     3         177           17797         21.6083             0.5      Successful search (ES-ell)        
     3         178         17795.1         23.9397             0.5      Successful search (ES-ell)        
     3         185         17776.4         34.7322             0.5      Successful search (ES-ell)        
     3         191         17766.6         23.1081             0.5      Successful search (ES-ell)        
     3         194         17764.7         19.9031             0.5      Successful search (ES-ell)        
     3         195         17762.1         22.1976             0.5      Successful search (ES-ell)        
     3         224         17762.1         22.1976            0.25          Refine grid             
     4         225         17748.2         19.4416            0.25      Successful search (ES-ell)        
     4         265         17748.2         19.4416           0.125          Refine grid             Train
     5         266         17707.9         14.9452           0.125      Successful search (ES-ell)        
     5         307         17707.9         14.9452          0.0625          Refine grid             Train
     6         308         17732.5         8.05766          0.0625      Successful search (ES-ell)        
     6         309         17721.9         12.6501          0.0625      Successful search (ES-ell)        
     6         349         17721.9         12.6501         0.03125          Refine grid             
     7         350         17723.1         6.94856         0.03125      Successful search (ES-wcm)        
     7         351         17720.1         8.38858         0.03125      Successful search (ES-wcm)        
     7         353         17718.9         10.8317         0.03125      Successful search (ES-wcm)        
     7         391         17718.9         10.8317        0.015625          Refine grid             
     8         392         17725.6          5.5872        0.015625      Successful search (ES-ell)        
     8         393         17724.4         6.40062        0.015625      Successful search (ES-wcm)        
     8         394         17723.5         7.58221        0.015625      Successful search (ES-wcm)        
     8         396         17723.4         8.52444        0.015625      Successful search (ES-wcm)        
     8         408         17722.2           6.874        0.015625      Successful search (ES-wcm)        
     8         409           17722         6.94175        0.015625      Successful search (ES-ell)        
     8         410         17721.5         6.99815        0.015625      Successful search (ES-ell)        
     8         411         17720.5         7.18325        0.015625      Successful search (ES-ell)        
     8         412         17719.5         7.48786        0.015625      Successful search (ES-ell)        
     8         413         17719.5         8.05158        0.015625      Successful search (ES-ell)        
     8         432           17689          11.668         0.03125        Successful poll           
     9         455         17639.1          11.571          0.0625        Successful poll           
    10         462         17631.4          7.3257          0.0625      Successful search (ES-wcm)        
    10         470         17627.5         7.92286          0.0625      Successful search (ES-wcm)        
    10         473         17625.1         8.33759          0.0625      Successful search (ES-ell)        
    10         496         17591.5         14.5813           0.125        Successful poll           
    11         527         17591.8         14.6486          0.0625          Refine grid             
    12         528           17624         6.37607          0.0625      Successful search (ES-ell)        
    12         539         17600.1         11.7716          0.0625      Successful search (ES-ell)        
    12         543         17599.6         10.5389          0.0625      Successful search (ES-ell)        
    12         544           17582          10.775          0.0625      Successful search (ES-ell)        
    12         581           17582          10.775         0.03125          Refine grid             
    13         585         17599.4         7.02571         0.03125      Successful search (ES-wcm)        
    13         586         17592.6         10.0269         0.03125      Successful search (ES-wcm)        
    13         587         17570.7         11.3158         0.03125      Successful search (ES-wcm)        
    13         588         17543.7         11.6969         0.03125      Successful search (ES-wcm)        
    13         594         17543.4         9.80163         0.03125      Successful search (ES-wcm)        
    13         596         17526.2         9.82041         0.03125      Successful search (ES-wcm)        
    13         636         17526.2         9.82041        0.015625          Refine grid             
    14         637         17550.8         7.68163        0.015625      Successful search (ES-wcm)        
    14         639         17545.5          5.8301        0.015625      Successful search (ES-wcm)        
    14         680         17545.5          5.8301       0.0078125          Refine grid             
    15         681         17548.7         3.81231       0.0078125      Successful search (ES-ell)        
    15         682           17545         6.21948       0.0078125      Successful search (ES-ell)        
    15         724           17545         6.21948      0.00390625          Refine grid             
    16         725         17553.6         2.94806      0.00390625      Successful search (ES-wcm)        
    16         727         17552.9         3.18397      0.00390625      Successful search (ES-ell)        
    16         728         17551.4         4.22018      0.00390625      Successful search (ES-ell)        
    16         730         17551.1         4.75904      0.00390625      Successful search (ES-ell)        
    16         731         17550.3          6.1851      0.00390625      Successful search (ES-ell)        
    16         768         17550.3          6.1851      0.00195312          Refine grid             Train
    17         769         17552.7         2.11521      0.00195312      Successful search (ES-wcm)        
    17         772         17552.6          2.0939      0.00195312      Successful search (ES-wcm)        
    17         773         17551.4         2.20564      0.00195312      Successful search (ES-ell)        
    17         774         17551.1         2.51299      0.00195312      Successful search (ES-ell)        
    17         777         17550.7         2.60445      0.00195312      Successful search (ES-wcm)        
    17         812         17550.7         2.60445     0.000976562          Refine grid             Train
Optimization terminated: change in the function value less than options['tol_mesh']
Estimated function value at minimum: 17554.149344516478 ± 1.1840081665063082 (mean ± SEM from 100 samples)
BADS minimum at: x_min = [ 2.3012  2.6576 19.2865  0.5607  0.4455  0.0648  0.6029 23.3029  0.5517
  0.6965  0.359 ], training NLL = 17554.1493
total f-count: 912, time: 39.63 min

 Optimization Run 2/5
Initial params: [0.9658, 9.3631, 3.5833, 37.8942, 2.2075, 0.1863, 0.4769, 24.1713, 0.7511, 0.7249, 0.128]
bads:TooCloseBounds: For each variable, hard and plausible bounds should not be too close. Moving plausible bounds.
Variables (index) internally transformed to log coordinates: [[0 0]
 [0 3]
 [0 4]]
Beginning optimization of a STOCHASTIC objective function

 Iteration    f-count      E[f(x)]        SD[f(x)]           MeshScale          Method              Actions
     0           1         22555.4             nan               1                                  
     0          33         19647.3             nan               1          Initial mesh            Initial points
     0          34         18717.8        0.999966               1        Successful poll           Train
     1          36         18530.7        0.999963               1      Successful search (ES-wcm)        
     1          39           18430        0.999939               1      Successful search (ES-wcm)        
     1          42         18418.9        0.999932               1      Successful search (ES-ell)        
     1          44         18247.5        0.999896               1      Successful search (ES-wcm)        
     1          54         18173.1        0.978884               1      Successful search (ES-wcm)        
     1          65         18158.7        0.948432               1      Successful search (ES-wcm)        
     1          66         18133.5        0.949089               1      Successful search (ES-ell)        
     1          67         18125.1        0.949341               1      Successful search (ES-ell)        
     1          95         18125.1        0.949341             0.5          Refine grid             Train
     2         101         18064.1         1.10541             0.5      Successful search (ES-wcm)        
     2         114           18052         1.25506             0.5      Successful search (ES-wcm)        
     2         147           18052         1.25506            0.25          Refine grid             
     3         148         18060.2         25.6682            0.25      Successful search (ES-wcm)        
     3         189         18060.2         25.6682           0.125          Refine grid             Train
     4         190           18113         16.2685           0.125      Successful search (ES-ell)        
     4         201         18041.4         17.5756           0.125      Successful search (ES-wcm)        
     4         244         18041.4         17.5756          0.0625          Refine grid             
     5         245         18093.3         9.45619          0.0625      Successful search (ES-wcm)        
     5         247         18084.3         10.8032          0.0625      Successful search (ES-wcm)        
     5         288         18044.8         10.2166           0.125        Successful poll           
     6         291           18026         10.1447           0.125      Successful search (ES-wcm)        
     6         293         18020.4         10.1359           0.125      Successful search (ES-wcm)        
     6         332         18012.2         10.4454            0.25        Successful poll           
     7         342         17998.4         9.76016            0.25      Successful search (ES-wcm)        
     7         343         17971.4         10.6922            0.25      Successful search (ES-wcm)        
     7         372         17967.1         11.2055             0.5        Successful poll           Train
     8         373         17968.3          11.721             0.5      Successful search (ES-ell)        
     8         389         17964.6         10.2308             0.5      Successful search (ES-ell)        
     8         391         17947.8         10.5379             0.5      Successful search (ES-ell)        
     8         403         17946.1         8.43299             0.5      Successful search (ES-ell)        
     8         410         17935.5         10.3494             0.5      Successful search (ES-ell)        
     8         446         17935.5         10.3494            0.25          Refine grid             Train
     9         454         17943.3         5.38122            0.25      Successful search (ES-ell)        
     9         455         17933.8         7.98107            0.25      Successful search (ES-ell)        
     9         464         17933.5         5.62575            0.25      Successful search (ES-ell)        
     9         499         17933.5         5.62575           0.125          Refine grid             
    10         501         17939.5         7.59619           0.125      Successful search (ES-ell)        
    10         509         17937.8         5.96187           0.125      Successful search (ES-wcm)        
    10         515         17935.6         5.62198           0.125      Successful search (ES-wcm)        
    10         554         17935.6         5.62198          0.0625          Refine grid             
    11         587         17941.3         2.58038         0.03125          Refine grid             
    12         620         17936.8         4.20667       0.0078125          Refine grid             Train
    13         653         17928.3         4.30617      0.00390625          Refine grid             Train
    14         654         17927.8         4.06712      0.00390625      Successful search (ES-wcm)        
    14         655           17926         4.41095      0.00390625      Successful search (ES-wcm)        
    14         665         17925.5         3.01316      0.00390625      Successful search (ES-ell)        
    14         666         17924.2         3.53139      0.00390625      Successful search (ES-ell)        
    14         667         17922.8         4.46753      0.00390625      Successful search (ES-ell)        
    14         708         17922.8         4.46753      0.00195312          Refine grid             
    15         709         17929.8          2.6176      0.00195312      Successful search (ES-ell)        
    15         710         17928.5         2.66334      0.00195312      Successful search (ES-ell)        
    15         732         17928.4         1.90886      0.00390625        Successful poll           Train
    16         733         17929.8         1.83392      0.00390625      Successful search (ES-wcm)        
    16         734         17929.2         2.36134      0.00390625      Successful search (ES-wcm)        
    16         743         17929.1         1.96562      0.00390625      Successful search (ES-wcm)        
    16         744         17928.8           2.151      0.00390625      Successful search (ES-ell)        
    16         787         17928.8           2.151      0.00195312          Refine grid             
    17         820         17928.8          2.2216     0.000976562          Refine grid             
Optimization terminated: change in the function value less than options['tol_mesh']
Estimated function value at minimum: 17927.37759748457 ± 1.1555327854042134 (mean ± SEM from 100 samples)
BADS minimum at: x_min = [ 1.3546  1.9875 17.4363  0.7007  1.2628  0.2652  0.4833 21.2933  0.4228
  0.56    0.2647], training NLL = 17927.3776
total f-count: 920, time: 39.89 min

 Optimization Run 3/5
Initial params: [0.6518, 7.4753, 5.4931, 44.2769, 0.7852, 0.5485, 0.6281, 26.6024, 0.2175, 0.2057, 0.1868]
bads:TooCloseBounds: For each variable, hard and plausible bounds should not be too close. Moving plausible bounds.
Variables (index) internally transformed to log coordinates: [[0 0]
 [0 3]
 [0 4]]
Beginning optimization of a STOCHASTIC objective function

 Iteration    f-count      E[f(x)]        SD[f(x)]           MeshScale          Method              Actions
     0           1         22555.4             nan               1                                  
     0          33         19630.9             nan               1          Initial mesh            Initial points
     0          34         18699.8        0.999968               1        Successful poll           Train
     1          36         18094.5        0.999964               1      Successful search (ES-wcm)        
     1          54         18081.7        0.934259               1      Successful search (ES-wcm)        
     1          63         18069.3        0.983159               1      Successful search (ES-wcm)        
     1          67         18034.9        0.979497               1      Successful search (ES-wcm)        
     1          93         18025.5         1.00267               1        Successful poll           Train
     2         120         18025.5         1.00267             0.5          Refine grid             Train
     3         149         18028.5         1.10367            0.25          Refine grid             Train
     4         152         18000.1         1.19935            0.25      Successful search (ES-ell)        
     4         192         17982.6         10.2081             0.5        Successful poll           Train
     5         221         17983.7         9.12477            0.25          Refine grid             Train
     6         222         17970.3         20.2714            0.25      Successful search (ES-ell)        
     6         224         17959.9         20.6154            0.25      Successful search (ES-ell)        
     6         236           17959         12.1307            0.25      Successful search (ES-wcm)        
     6         237         17951.3         14.0259            0.25      Successful search (ES-wcm)        
     6         251         17924.5         12.1563            0.25      Successful search (ES-wcm)        
     6         254         17908.2         7.80036            0.25      Successful search (ES-ell)        
     6         258         17905.3         11.1804            0.25      Successful search (ES-ell)        
     6         275         17904.8         5.74148            0.25      Successful search (ES-wcm)        
     6         279         17874.8         11.3937            0.25      Successful search (ES-ell)        
     6         318         17874.8         11.3937           0.125          Refine grid             Train
     7         349         17870.9         3.14802            0.25        Successful poll           Train
     8         354         17863.6         10.6564            0.25      Successful search (ES-wcm)        
     8         357         17857.5         12.1078            0.25      Successful search (ES-wcm)        
     8         362         17812.9         12.5157            0.25      Successful search (ES-wcm)        
     8         368           17795         12.1999            0.25      Successful search (ES-ell)        
     8         401           17795         12.1999           0.125          Refine grid             Train
     9         403         17779.5         13.0123           0.125      Successful search (ES-wcm)        
     9         411         17779.2          6.9028           0.125      Successful search (ES-ell)        
     9         412         17768.5         7.54118           0.125      Successful search (ES-ell)        
     9         416         17760.4         9.35083           0.125      Successful search (ES-ell)        
     9         454         17760.4         9.35083          0.0625          Refine grid             Train
    10         459           17772         6.61907          0.0625      Successful search (ES-wcm)        
    10         469         17770.6         3.55545          0.0625      Successful search (ES-wcm)        
    10         471         17769.6         4.79891          0.0625      Successful search (ES-wcm)        
    10         473         17769.1         4.36339          0.0625      Successful search (ES-wcm)        
    10         480         17768.7         4.86855          0.0625      Successful search (ES-ell)        
    10         481         17764.1         7.88882          0.0625      Successful search (ES-ell)        
    10         490         17762.9         4.83658          0.0625      Successful search (ES-ell)        
    10         493         17762.6         5.62144          0.0625      Successful search (ES-ell)        
    10         498         17757.4         5.64056          0.0625      Successful search (ES-wcm)        
    10         501         17755.5         5.98845          0.0625      Successful search (ES-wcm)        
    10         502         17749.4         5.26817          0.0625      Successful search (ES-wcm)        
    10         542         17749.4         5.26817         0.03125          Refine grid             
    11         543         17763.7         7.30845         0.03125      Successful search (ES-wcm)        
    11         556         17760.7         3.44736         0.03125      Successful search (ES-wcm)        
    11         557         17754.8         7.13978         0.03125      Successful search (ES-ell)        
    11         560         17753.1         5.01959         0.03125      Successful search (ES-ell)        
    11         564         17751.9         4.54422         0.03125      Successful search (ES-wcm)        
    11         568         17748.5         4.15305         0.03125      Successful search (ES-wcm)        
    11         608         17748.5         4.15305        0.015625          Refine grid             
    12         609         17754.7         3.73948        0.015625      Successful search (ES-ell)        
    12         611         17751.3         5.23184        0.015625      Successful search (ES-ell)        
    12         613         17747.4         6.22834        0.015625      Successful search (ES-ell)        
    12         618         17747.4         3.87639        0.015625      Successful search (ES-ell)        
    12         652         17747.4         3.87639       0.0078125          Refine grid             
    13         653         17752.6         2.49355       0.0078125      Successful search (ES-ell)        
    13         664         17751.2         2.67387       0.0078125      Successful search (ES-ell)        
    13         665         17748.6         5.60745       0.0078125      Successful search (ES-wcm)        
    13         666         17746.3         5.32364       0.0078125      Successful search (ES-ell)        
    13         707         17746.3         5.32364      0.00390625          Refine grid             
    14         708         17754.2         2.89199      0.00390625      Successful search (ES-wcm)        
    14         709         17749.4         4.48876      0.00390625      Successful search (ES-wcm)        
    14         711           17747         3.83807      0.00390625      Successful search (ES-wcm)        
    14         713         17745.3         3.79098      0.00390625      Successful search (ES-wcm)        
    14         734         17739.1         4.13629       0.0078125        Successful poll           
    15         767           17757         1.68287      0.00390625          Refine grid             Train
    16         768         17750.9         2.12075      0.00390625      Successful search (ES-wcm)        
    16         769         17750.1         2.84808      0.00390625      Successful search (ES-wcm)        
    16         770         17748.1         3.37612      0.00390625      Successful search (ES-ell)        
    16         774           17748         3.06334      0.00390625      Successful search (ES-ell)        
    16         811           17748         3.06334      0.00195312          Refine grid             Train
    17         812         17756.3         1.79286      0.00195312      Successful search (ES-ell)        
    17         823         17756.1         1.80322      0.00195312      Successful search (ES-ell)        
    17         824         17755.4         2.03518      0.00195312      Successful search (ES-ell)        
    17         862         17755.4          2.9965      0.00390625        Successful poll           Train
    18         895         17756.6         1.54127      0.00195312          Refine grid             Train
    19         896         17756.8         1.68802      0.00195312      Successful search (ES-wcm)        
    19         897           17756         1.86167      0.00195312      Successful search (ES-wcm)        
    19         936         17752.7         1.32128      0.00390625        Successful poll           Train
    20         937         17752.1         2.03205      0.00390625      Successful search (ES-wcm)        
    20         980         17752.1         2.03205      0.00195312          Refine grid             Train
    21         981         17754.1         1.84576      0.00195312      Successful search (ES-ell)        
    21         982         17752.6         2.03473      0.00195312      Successful search (ES-ell)        
    21         983         17750.1         2.48428      0.00195312      Successful search (ES-ell)        
    21        1024         17750.1         2.48428     0.000976562          Refine grid             
Optimization terminated: change in the function value less than options['tol_mesh']
Estimated function value at minimum: 17754.440517917195 ± 1.0582501131521056 (mean ± SEM from 100 samples)
BADS minimum at: x_min = [ 1.0921  2.8135 19.5428  0.7019  0.4899  0.2562  0.435  19.9426  0.9773
  0.8233  0.3049], training NLL = 17754.4405
total f-count: 1124, time: 48.66 min

 Optimization Run 4/5
Initial params: [1.9969, 3.3204, 14.3216, 34.522, 4.0003, 0.1207, 0.3918, 20.7508, 0.3426, 0.8538, 0.1298]
bads:TooCloseBounds: For each variable, hard and plausible bounds should not be too close. Moving plausible bounds.
Variables (index) internally transformed to log coordinates: [[0 0]
 [0 3]
 [0 4]]
Beginning optimization of a STOCHASTIC objective function

 Iteration    f-count      E[f(x)]        SD[f(x)]           MeshScale          Method              Actions
     0           1         22555.4             nan               1                                  
     0          33         19635.4             nan               1          Initial mesh            Initial points
     0          34         18712.7        0.999974               1        Successful poll           Train
     1          37         18424.1        0.999971               1      Successful search (ES-wcm)        
     1          38           18235        0.999965               1      Successful search (ES-wcm)        
     1          42         18156.5        0.999805               1      Successful search (ES-wcm)        
     1          51           18052        0.994311               1      Successful search (ES-wcm)        
     1          65         17980.2         1.00682               1      Successful search (ES-wcm)        
     1          67         17979.3         1.00622               1      Incremental search (ES-wcm)        
     1          72         17923.5         1.00725               1      Successful search (ES-wcm)        
     1         105         17923.5         1.00725             0.5          Refine grid             Train
     2         106         17910.4         1.01376             0.5      Successful search (ES-wcm)        
     2         114         17888.7         1.01374             0.5      Successful search (ES-wcm)        
     2         124         17818.5         1.01365             0.5      Successful search (ES-wcm)        
     2         138         17811.1         1.01171             0.5      Successful search (ES-wcm)        
     2         147         17810.1         1.01158             0.5      Successful search (ES-wcm)        
     2         177         17810.1         1.01158            0.25          Refine grid             Train
     3         206         17810.7        0.938481           0.125          Refine grid             Train
     4         207         17865.8         22.3639           0.125      Successful search (ES-wcm)        
     4         249         17865.8         22.3639          0.0625          Refine grid             
     5         250         17897.4         15.6734          0.0625      Successful search (ES-wcm)        
     5         252         17851.1         9.43227          0.0625      Successful search (ES-wcm)        
     5         253         17820.1         12.3048          0.0625      Successful search (ES-ell)        
     5         254         17798.7         18.0961          0.0625      Successful search (ES-ell)        
     5         255           17771         31.8961          0.0625      Successful search (ES-wcm)        
     5         293           17771         31.8961         0.03125          Refine grid             
     6         294         17894.4         9.33145         0.03125      Successful search (ES-wcm)        
     6         295           17886         11.5369         0.03125      Successful search (ES-wcm)        
     6         327         17847.1         7.68197          0.0625        Successful poll           
     7         331         17845.8         7.64194          0.0625      Successful search (ES-wcm)        
     7         333         17804.4         7.63894          0.0625      Successful search (ES-wcm)        
     7         371         17804.4         7.63894         0.03125          Refine grid             Train
     8         372         17810.8         9.20682         0.03125      Successful search (ES-wcm)        
     8         378           17808         7.32091         0.03125      Successful search (ES-wcm)        
     8         379         17806.4         7.79284         0.03125      Successful search (ES-wcm)        
     8         415         17806.4         7.79284        0.015625          Refine grid             
     9         416         17801.9         4.20297        0.015625      Successful search (ES-ell)        
     9         423         17801.4         3.15878        0.015625      Successful search (ES-ell)        
     9         424         17801.4         3.66191        0.015625      Successful search (ES-ell)        
     9         425         17800.7         4.70712        0.015625      Successful search (ES-ell)        
     9         459         17800.7         4.70712       0.0078125          Refine grid             
    10         460         17804.6         2.98124       0.0078125      Successful search (ES-ell)        
    10         503         17777.5         11.8391        0.015625        Successful poll           
    11         504         17770.4         10.6115        0.015625      Successful search (ES-ell)        
    11         547         17770.4         10.6115       0.0078125          Refine grid             Train
    12         548         17772.3         7.45025       0.0078125      Successful search (ES-ell)        
    12         560         17771.4          5.9413       0.0078125      Successful search (ES-wcm)        
    12         587         17771.4         6.58972        0.015625        Successful poll           Train
    13         591         17771.4         3.60461        0.015625      Successful search (ES-wcm)        
    13         593         17769.7          4.7558        0.015625      Successful search (ES-ell)        
    13         600         17767.7         4.79494        0.015625      Successful search (ES-ell)        
    13         611           17767         4.77764        0.015625      Successful search (ES-ell)        
    13         622         17766.2         4.75182        0.015625      Successful search (ES-ell)        
    13         624         17764.7          5.7708        0.015625      Successful search (ES-ell)        
    13         664         17764.7          5.7708       0.0078125          Refine grid             Train
    14         666         17771.5         3.67349       0.0078125      Successful search (ES-wcm)        
    14         667           17770         7.90126       0.0078125      Successful search (ES-wcm)        
    14         699         17764.4         8.38871        0.015625        Successful poll           Train
    15         701         17766.6         10.5724        0.015625      Successful search (ES-wcm)        
    15         711         17759.2         9.99116        0.015625      Successful search (ES-wcm)        
    15         715         17758.5         8.22192        0.015625      Successful search (ES-wcm)        
    15         723         17756.3         8.19035        0.015625      Successful search (ES-wcm)        
    15         726         17755.2         7.11713        0.015625      Successful search (ES-wcm)        
    15         727         17751.1         10.2873        0.015625      Successful search (ES-wcm)        
    15         738         17750.2           4.465        0.015625      Successful search (ES-wcm)        
    15         739         17750.1         4.75566        0.015625      Successful search (ES-wcm)        
    15         741         17749.4         4.42804        0.015625      Successful search (ES-wcm)        
    15         742         17747.2         4.69632        0.015625      Successful search (ES-wcm)        
    15         776         17747.2         4.69632       0.0078125          Refine grid             Train
    16         777         17751.6         3.55339       0.0078125      Successful search (ES-ell)        
    16         788         17750.4         2.87056       0.0078125      Successful search (ES-wcm)        
    16         830         17748.5         4.43435        0.015625        Successful poll           Train
    17         832         17747.6         4.84936        0.015625      Successful search (ES-ell)        
    17         834         17745.3         4.86718        0.015625      Successful search (ES-ell)        
    17         835           17745         6.51139        0.015625      Successful search (ES-ell)        
    17         874           17745         6.51139       0.0078125          Refine grid             Train
    18         875         17747.2         3.65758       0.0078125      Successful search (ES-ell)        
    18         876         17744.8         4.93747       0.0078125      Successful search (ES-ell)        
    18         918         17744.8         4.93747      0.00390625          Refine grid             
    19         919         17755.1         1.97314      0.00390625      Successful search (ES-wcm)        
    19         920         17753.6         3.16949      0.00390625      Successful search (ES-wcm)        
    19         921         17752.6          5.8029      0.00390625      Successful search (ES-wcm)        
    19         923         17751.3         3.55334      0.00390625      Successful search (ES-wcm)        
    19         925           17750          4.9161      0.00390625      Successful search (ES-wcm)        
    19         962           17750          4.9161      0.00195312          Refine grid             
    20         963         17753.1           1.796      0.00195312      Successful search (ES-wcm)        
    20         964         17751.2         1.82261      0.00195312      Successful search (ES-wcm)        
    20         965         17750.2         2.24094      0.00195312      Successful search (ES-wcm)        
    20        1006         17750.2         2.24094     0.000976562          Refine grid             
Optimization terminated: change in the function value less than options['tol_mesh']
Estimated function value at minimum: 17755.462579760522 ± 0.8750295045419507 (mean ± SEM from 100 samples)
BADS minimum at: x_min = [ 1.4706  2.3289 18.7346  0.6677  0.1088  0.2225  0.5627 20.6155  0.527
  0.9246  0.3334], training NLL = 17755.4626
total f-count: 1106, time: 47.81 min

 Optimization Run 5/5
Initial params: [0.4654, 3.5031, 9.1753, 45.956, 0.8872, 0.4591, 0.6176, 15.0085, 0.5461, 0.8449, 0.2249]
bads:TooCloseBounds: For each variable, hard and plausible bounds should not be too close. Moving plausible bounds.
Variables (index) internally transformed to log coordinates: [[0 0]
 [0 3]
 [0 4]]
Beginning optimization of a STOCHASTIC objective function

 Iteration    f-count      E[f(x)]        SD[f(x)]           MeshScale          Method              Actions
     0           1         22555.4             nan               1                                  
     0          33         19629.5             nan               1          Initial mesh            Initial points
     0          34           18707        0.999971               1        Successful poll           Train
     1          36         18480.5        0.999963               1      Successful search (ES-wcm)        
     1          38         18106.6        0.999967               1      Successful search (ES-wcm)        
     1          52         18060.4           0.993               1      Successful search (ES-wcm)        
     1          65         18057.3         1.00789               1      Successful search (ES-wcm)        
     1          80         18045.5         1.02861               1        Successful poll           Train
     2          81         18032.6         1.02862               1      Successful search (ES-wcm)        
     2          93           17986         1.02861               1      Successful search (ES-wcm)        
     2         100         17983.6          1.0286               1      Successful search (ES-wcm)        
     2         101         17903.9         1.02847               1      Successful search (ES-wcm)        
     2         112           17841         1.10292               1      Successful search (ES-wcm)        
     2         140           17841         1.10292             0.5          Refine grid             Train
     3         146         17827.9         1.07759             0.5      Successful search (ES-ell)        
     3         181         17827.9         1.07759            0.25          Refine grid             Train
     4         187         17837.7        0.944155            0.25      Successful search (ES-ell)        
     4         222         17837.7        0.944155           0.125          Refine grid             
     5         255         17854.1        0.810207         0.03125          Refine grid             
     6         256         17876.4         7.86969         0.03125      Successful search (ES-wcm)        
     6         257         17871.3         10.3526         0.03125      Successful search (ES-wcm)        
     6         258         17867.2         13.2021         0.03125      Successful search (ES-wcm)        
     6         299         17867.2         13.2021        0.015625          Refine grid             Train
     7         300         17883.1         4.38234        0.015625      Successful search (ES-ell)        
     7         301         17880.8         4.48877        0.015625      Successful search (ES-ell)        
     7         302         17877.7         4.79119        0.015625      Successful search (ES-ell)        
     7         303         17874.7         6.38827        0.015625      Successful search (ES-ell)        
     7         304         17870.5         8.69035        0.015625      Successful search (ES-wcm)        
     7         343         17870.5         8.69035       0.0078125          Refine grid             Train
     8         344         17883.1         4.21189       0.0078125      Successful search (ES-wcm)        
     8         345         17880.8         4.23858       0.0078125      Successful search (ES-wcm)        
     8         346         17879.1         4.45734       0.0078125      Successful search (ES-wcm)        
     8         347         17876.2         4.74083       0.0078125      Successful search (ES-ell)        
     8         348         17872.8         5.68052       0.0078125      Successful search (ES-ell)        
     8         349         17868.5         7.43213       0.0078125      Successful search (ES-ell)        
     8         350         17866.3         9.54068       0.0078125      Successful search (ES-ell)        
     8         387         17866.3         9.54068      0.00390625          Refine grid             
     9         388         17872.4         4.97228      0.00390625      Successful search (ES-wcm)        
     9         389         17871.5         5.07931      0.00390625      Successful search (ES-wcm)        
     9         390         17870.4           5.233      0.00390625      Successful search (ES-wcm)        
     9         391         17869.1         5.53004      0.00390625      Successful search (ES-wcm)        
     9         392         17867.6         6.04663      0.00390625      Successful search (ES-wcm)        
     9         393         17865.5         6.96763      0.00390625      Successful search (ES-wcm)        
     9         394         17862.4         2.59944      0.00390625      Successful search (ES-wcm)        
     9         395         17844.3         2.89817      0.00390625      Successful search (ES-wcm)        
     9         396         17841.3         5.19024      0.00390625      Successful search (ES-wcm)        
     9         431         17841.3         5.19024      0.00195312          Refine grid             
    10         435         17852.3         2.21052      0.00195312      Successful search (ES-wcm)        
    10         439         17852.3         2.13002      0.00195312      Successful search (ES-wcm)        
    10         441         17852.2          2.0928      0.00195312      Successful search (ES-ell)        
    10         442         17851.8         2.07337      0.00195312      Successful search (ES-ell)        
    10         443         17850.2         2.05902      0.00195312      Successful search (ES-ell)        
    10         444           17848         2.08548      0.00195312      Successful search (ES-ell)        
    10         445         17845.2         2.18416      0.00195312      Successful search (ES-ell)        
    10         446         17840.2         2.45783      0.00195312      Successful search (ES-ell)        
    10         447         17834.3          3.0375      0.00195312      Successful search (ES-ell)        
    10         448         17826.8         4.04958      0.00195312      Successful search (ES-ell)        
    10         486         17826.8         4.04958     0.000976562          Refine grid             
Optimization terminated: change in the function value less than options['tol_mesh']
Estimated function value at minimum: 17841.480474612315 ± 1.256253895591303 (mean ± SEM from 100 samples)
BADS minimum at: x_min = [1.56940e+00 2.37450e+00 1.89172e+01 5.86500e-01 8.60000e-03 3.19000e-01
 7.70800e-01 2.58139e+01 7.12300e-01 7.60600e-01 3.44700e-01], training NLL = 17841.4805
total f-count: 586, time: 25.48 min

 ------- Finish Optimization for Subject 2 ---------- 
Thu Mar 12 19:21:28 2026       
+---------------------------------------------------------------------------------------+
| NVIDIA-SMI 535.113.01             Driver Version: 535.113.01   CUDA Version: 12.2     |
|-----------------------------------------+----------------------+----------------------+
| GPU  Name                 Persistence-M | Bus-Id        Disp.A | Volatile Uncorr. ECC |
| Fan  Temp   Perf          Pwr:Usage/Cap |         Memory-Usage | GPU-Util  Compute M. |
|                                         |                      |               MIG M. |
|=========================================+======================+======================|
|   0  NVIDIA A100-SXM4-40GB          On  | 00000000:81:00.0 Off |                    0 |
| N/A   28C    P0              70W / 400W |      2MiB / 40960MiB |     35%      Default |
|                                         |                      |             Disabled |
+-----------------------------------------+----------------------+----------------------+
                                                                                         
+---------------------------------------------------------------------------------------+
| Processes:                                                                            |
|  GPU   GI   CI        PID   Type   Process name                            GPU Memory |
|        ID   ID                                                             Usage      |
|=======================================================================================|
|  No running processes found                                                           |
+---------------------------------------------------------------------------------------+
----------------------------------------
Start job epilogue Thu Mar 12 19:21:28 CET 2026
----------------------------------------
Job ID:          51235676
Job Exit Code:   0:0
Username:        wenlou
Group:           mpla
Queue:           gpu
Compute nodes:   dccn-c083
Asked resources: walltime=1-00:00:00,nodes=1,cpus=8,mem=2G
Used resources:  cputime=1-02:52:56,walltime=03:21:37,memory=0
----------------------------------------
End job epilogue Thu Mar 12 19:21:29 CET 2026
----------------------------------------
