----------------------------------------
Start task prologue Fri Mar 13 02:06:16 CET 2026
----------------------------------------
Step ID:         51247003.
Username:        wenlou
Group:           mpla
Asked resources: walltime=1-00:00:00,nodes=1,cpus=8,mem=2G
Queue:           gpu
Compute nodes:   dccn-c043
----------------------------------------
End task prologue Fri Mar 13 02:06:16 CET 2026
----------------------------------------
CUDA version:
nvcc: NVIDIA (R) Cuda compiler driver
Copyright (c) 2005-2024 NVIDIA Corporation
Built on Thu_Mar_28_02:18:24_PDT_2024
Cuda compilation tools, release 12.4, V12.4.131
Build cuda_12.4.r12.4/compiler.34097967_0

[WARNING] Please note the interface change for (de-)activating conda environment:

  - DO NOT use `conda activate` to enter the conda environment as it requires extra step to modify your ~/.bashrc file, which will force you to use this Anaconda version (2024.06).  Therefore keep using `source activate` instead.

  - DO use `conda deactivate` to leave your conda environment as `source deactivate` will be deprecated in future release.

Running model for expriment=sep_ecc_percep, m_id=1, method=bads
device is : cuda
['sep_ecc_percep', '1', '2', 'bads', '5']

 ------- Start Optimization for Subject 2 ---------- 

 Cross Validation fold 0/1

 -- Start Optimization: method BADS --

 Optimization Run 1/5
Initial params: [1.7048, 5.9395, 3.2022, 2.4715, 0.0842, 0.5487, 0.3723, 18.6367, 0.7143, 0.3683, 0.2616]
bads:TooCloseBounds: For each variable, hard and plausible bounds should not be too close. Moving plausible bounds.
Variables (index) internally transformed to log coordinates: [[0 0]
 [0 3]
 [0 4]]
Beginning optimization of a STOCHASTIC objective function

 Iteration    f-count      E[f(x)]        SD[f(x)]           MeshScale          Method              Actions
     0           1         21085.5             nan               1                                  
     0          33         19632.4             nan               1          Initial mesh            Initial points
     0          49         18614.8        0.999967               1        Successful poll           Train
     1          51         18383.4        0.999972               1      Successful search (ES-wcm)        
     1          52         18066.1         0.99997               1      Successful search (ES-wcm)        
     1          57         17843.8         1.02436               1      Successful search (ES-ell)        
----------------------------------------
Start job epilogue Fri Mar 13 10:02:14 CET 2026
----------------------------------------
Job ID:          51247003
Job Exit Code:   0:0
Username:        wenlou
Group:           mpla
Queue:           gpu
Compute nodes:   dccn-c043
Asked resources: walltime=1-00:00:00,nodes=1,cpus=8,mem=2G
Used resources:  cputime=2-15:23:36,walltime=07:55:27,memory=869M
----------------------------------------
End job epilogue Fri Mar 13 10:02:15 CET 2026
----------------------------------------
