device is : cuda
['base', '5', 'all', 'bads', '1']

 ------- Start Optimization for Subject 2 ---------- 

 Cross Validation fold 0/1

 -- Start Optimization: method BADS --

 Optimization Run 1/1
Initial params: [1.9275, 7.8345, 9.0538, 16.7057, -2.3381, 28.2847, 0.4247, 7.1318, 3.7998, 0.8274, 0.6016, 0.8253]
bads:TooCloseBounds: For each variable, hard and plausible bounds should not be too close. Moving plausible bounds.
Variables (index) internally transformed to log coordinates: [[ 0  0]
 [ 0  3]
 [ 0  7]
 [ 0  8]
 [ 0  9]
 [ 0 10]
 [ 0 11]]
Beginning optimization of a STOCHASTIC objective function

 Iteration    f-count      E[f(x)]        SD[f(x)]           MeshScale          Method              Actions
     0           1         31806.7             nan               1                                  
     0          28         28473.5             nan               1          Initial mesh            Initial points
     0          43         27321.6         1.00505               1        Successful poll           Train
     1          46         25696.9         1.00504               1      Successful search (ES-wcm)        
     1          48         24385.6         1.00504               1      Successful search (ES-ell)        
     1          51         24025.4         1.00502               1      Successful search (ES-ell)        
     1          57         23975.8        0.944222               1      Successful search (ES-ell)        
     1          66         23751.4        0.942581               1      Successful search (ES-ell)        
     1          74         23290.9        0.938113               1      Successful search (ES-ell)        
     1          76         23235.8        0.937224               1      Successful search (ES-ell)        
     1          79         23111.1        0.993222               1      Successful search (ES-ell)        
     1          81         21209.6        0.993551               1      Successful search (ES-wcm)        
     1          82         21048.9        0.993552               1      Successful search (ES-wcm)        
     1          84         20390.5        0.993552               1      Successful search (ES-wcm)        
     1          90         20234.2        0.993551               1      Successful search (ES-wcm)        
     1          92         20138.6        0.993542               1      Successful search (ES-wcm)        
     1          99         20063.5        0.993545               1      Successful search (ES-wcm)        
     1         101         20048.8        0.993424               1      Successful search (ES-ell)        
     1         104         19904.3        0.992745               1      Successful search (ES-wcm)        
     1         107         19700.7        0.992741               1      Successful search (ES-ell)        
     1         108         19376.5        0.992745               1      Successful search (ES-ell)        
     1         112         19136.5        0.992736               1      Successful search (ES-ell)        
     1         113         19073.1        0.992744               1      Successful search (ES-ell)        
     1         115         19037.5        0.992744               1      Successful search (ES-ell)        
     1         127         19005.8         0.96877               1      Successful search (ES-ell)        
     1         135         18974.4          1.4963               1      Successful search (ES-wcm)        
     1         138         18946.5         1.49639               1      Successful search (ES-wcm)        
     1         143         18866.8           1.497               1      Successful search (ES-wcm)        
     1         157         18755.8         7.80027               1      Successful search (ES-wcm)        
     1         162           18698         7.77197               1      Successful search (ES-wcm)        
     1         175         18674.7         6.84384               1      Successful search (ES-wcm)        
     1         202         18674.7         6.84384             0.5          Refine grid             
     2         205           18785         51.1458             0.5      Successful search (ES-wcm)        
     2         209         18766.1         45.2828             0.5      Successful search (ES-wcm)        
     2         211         18751.7         42.6397             0.5      Successful search (ES-wcm)        
     2         246         18751.7         42.6397            0.25          Refine grid             Train
     3         247         18792.7         46.2305            0.25      Successful search (ES-wcm)        
     3         250         18763.8         35.3256            0.25      Successful search (ES-ell)        
     3         260         18755.5         29.7029            0.25      Successful search (ES-wcm)        
     3         303         18755.5         29.7029           0.125          Refine grid             Train
     4         304         18762.3         20.7051           0.125      Successful search (ES-wcm)        
     4         306         18753.3         34.2783           0.125      Successful search (ES-wcm)        
     4         309         18744.2         21.3935           0.125      Successful search (ES-wcm)        
     4         310         18731.7         24.0657           0.125      Successful search (ES-wcm)        
     4         349         18731.7         24.0657          0.0625          Refine grid             
     5         350         18759.9         10.7663          0.0625      Successful search (ES-wcm)        
     5         351         18758.6         18.0694          0.0625      Successful search (ES-wcm)        
     5         389         18740.9          13.597           0.125        Successful poll           
     6         390         18723.8          30.433           0.125      Successful search (ES-wcm)        
     6         392         18700.3         25.4527           0.125      Successful search (ES-wcm)        
     6         394         18691.3         32.0784           0.125      Successful search (ES-wcm)        
     6         396         18643.4         21.4504           0.125      Successful search (ES-wcm)        
     6         398         18624.5         24.0178           0.125      Successful search (ES-wcm)        
     6         401         18606.9         25.1546           0.125      Successful search (ES-ell)        
     6         402         18596.4         33.4855           0.125      Successful search (ES-ell)        
     6         403         18569.9         37.7975           0.125      Successful search (ES-ell)        
     6         405         18546.9         32.9576           0.125      Successful search (ES-wcm)        
     6         409         18544.2         25.6926           0.125      Successful search (ES-wcm)        
     6         446         18544.2         25.6926          0.0625          Refine grid             
     7         447         18536.7         9.47641          0.0625      Successful search (ES-ell)        
     7         448           18520         17.9979          0.0625      Successful search (ES-ell)        
     7         449         18519.5         25.4958          0.0625      Successful search (ES-ell)        
     7         451         18492.4         22.1002          0.0625      Successful search (ES-ell)        
     7         452         18456.5         27.3398          0.0625      Successful search (ES-ell)        
     7         493         18456.5         27.3398         0.03125          Refine grid             Train
     8         494         18483.8         7.19298         0.03125      Successful search (ES-ell)        
     8         495         18454.6         8.02926         0.03125      Successful search (ES-ell)        
     8         496         18418.3          11.198         0.03125      Successful search (ES-ell)        
     8         497         18375.2         14.0112         0.03125      Successful search (ES-ell)        
     8         498         18323.8         18.8084         0.03125      Successful search (ES-ell)        
     8         540         18323.8         18.8084        0.015625          Refine grid             
     9         541         18442.9         6.15801        0.015625      Successful search (ES-ell)        
     9         542         18433.1         6.75307        0.015625      Successful search (ES-ell)        
     9         543         18428.3         7.43105        0.015625      Successful search (ES-wcm)        
     9         544         18424.5         8.91597        0.015625      Successful search (ES-wcm)        
     9         588         18424.5         8.91597       0.0078125          Refine grid             
    10         589         18489.6         4.42594       0.0078125      Successful search (ES-wcm)        
    10         590         18487.3         4.35607       0.0078125      Successful search (ES-wcm)        
    10         591         18482.7         4.37158       0.0078125      Successful search (ES-wcm)        
    10         592         18477.4         4.41613       0.0078125      Successful search (ES-wcm)        
    10         593         18469.4         5.05487       0.0078125      Successful search (ES-wcm)        
    10         594         18447.5         9.58065       0.0078125      Successful search (ES-ell)        
    10         595         18423.9         17.4942       0.0078125      Successful search (ES-ell)        
    10         606         18415.8         10.5998       0.0078125      Successful search (ES-ell)        
    10         607           18414         10.3053       0.0078125      Successful search (ES-ell)        
    10         608         18411.5         10.0745       0.0078125      Successful search (ES-ell)        
    10         609         18411.2         9.95144       0.0078125      Successful search (ES-ell)        
    10         610         18408.1         9.80094       0.0078125      Successful search (ES-ell)        
    10         611         18397.5         9.82982       0.0078125      Successful search (ES-ell)        
    10         612         18392.3          10.057       0.0078125      Successful search (ES-ell)        
    10         613         18390.7         10.3375       0.0078125      Successful search (ES-ell)        
    10         614         18379.9         10.5266       0.0078125      Successful search (ES-ell)        
    10         615         18368.9         11.7411       0.0078125      Successful search (ES-ell)        
    10         616         18356.4         13.2326       0.0078125      Successful search (ES-ell)        
    10         617         18332.9         15.6998       0.0078125      Successful search (ES-ell)        
    10         618           18316         20.2193       0.0078125      Successful search (ES-ell)        
    10         619         18256.3         22.7554       0.0078125      Successful search (ES-wcm)        
    10         660         18256.3         22.7554      0.00390625          Refine grid             
    11         661         18295.9         5.88361      0.00390625      Successful search (ES-wcm)        
    11         662         18291.3         5.97386      0.00390625      Successful search (ES-wcm)        
    11         663         18286.5         6.34177      0.00390625      Successful search (ES-wcm)        
    11         664           18280         7.37998      0.00390625      Successful search (ES-wcm)        
    11         665         18273.8         9.00117      0.00390625      Successful search (ES-wcm)        
    11         666         18273.6         12.4515      0.00390625      Successful search (ES-wcm)        
    11         667         18268.2         15.3033      0.00390625      Successful search (ES-wcm)        
    11         669         18267.6         18.1924      0.00390625      Successful search (ES-ell)        
    11         670           18216          23.937      0.00390625      Successful search (ES-ell)        
    11         708           18216          23.937      0.00195312          Refine grid             
    12         709         18285.8         6.17905      0.00195312      Successful search (ES-ell)        
    12         710           18283         6.28023      0.00195312      Successful search (ES-ell)        
    12         711         18279.2         6.69561      0.00195312      Successful search (ES-ell)        
    12         712         18270.7         8.07539      0.00195312      Successful search (ES-ell)        
    12         713         18265.4         11.1525      0.00195312      Successful search (ES-ell)        
    12         714         18251.9         15.0162      0.00195312      Successful search (ES-ell)        
    12         756         18251.9         15.0162     0.000976562          Refine grid             
Optimization terminated: change in the function value less than options['tol_mesh']
Estimated function value at minimum: 18262.765368388606 ± 4.297765919087636 (mean ± SEM from 100 samples)
BADS minimum at: x_min = [0.1594 6.857  7.4049 2.2652 1.0346 9.2281 0.5097 1.8382 2.2959 0.8412
 1.6734 0.2509], training NLL = 18262.7654
total f-count: 856, time: 37.77 min

 ------- Finish Optimization for Subject 2 ---------- 

 ------- Start Optimization for Subject 3 ---------- 

 Cross Validation fold 0/1

 -- Start Optimization: method BADS --

 Optimization Run 1/1
Initial params: [1.635, 8.4089, 14.1117, 12.9304, 3.7957, 21.1182, 0.4598, 21.6099, 1.29, 0.5643, 0.2855, 0.8645]
bads:TooCloseBounds: For each variable, hard and plausible bounds should not be too close. Moving plausible bounds.
Variables (index) internally transformed to log coordinates: [[ 0  0]
 [ 0  3]
 [ 0  7]
 [ 0  8]
 [ 0  9]
 [ 0 10]
 [ 0 11]]
Beginning optimization of a STOCHASTIC objective function

 Iteration    f-count      E[f(x)]        SD[f(x)]           MeshScale          Method              Actions
     0           1         30969.8             nan               1                                  
     0          28         27482.9             nan               1          Initial mesh            Initial points
     0          38         25956.3         0.99998               1        Successful poll           Train
     1          39         22648.9        0.999985               1      Successful search (ES-wcm)        
     1          45         21810.1        0.999814               1      Successful search (ES-ell)        
     1          48         21748.3        0.999265               1      Successful search (ES-ell)        
     1          50           21590        0.998954               1      Successful search (ES-ell)        
     1          53         20984.5        0.999772               1      Successful search (ES-ell)        
     1          54         20668.1         1.04871               1      Successful search (ES-ell)        
     1          55         19681.4         1.04871               1      Successful search (ES-wcm)        
     1          60         19648.2         1.04868               1      Successful search (ES-wcm)        
     1          62         19640.9         1.04866               1      Successful search (ES-wcm)        
     1          63           19508         1.04865               1      Successful search (ES-wcm)        
     1          71         19488.9         1.04828               1      Successful search (ES-wcm)        
     1          78         19448.3         1.04813               1      Successful search (ES-wcm)        
     1          80         19268.7        0.993431               1      Successful search (ES-wcm)        
     1          85           19265        0.993242               1      Successful search (ES-wcm)        
     1          97         19230.5        0.988562               1      Successful search (ES-wcm)        
     1         101         19146.2        0.993455               1      Successful search (ES-wcm)        
     1         104         19075.3         1.02485               1      Successful search (ES-wcm)        
     1         105           19035         1.02485               1      Successful search (ES-wcm)        
     1         106         18930.4         1.02486               1      Successful search (ES-wcm)        
     1         107         18764.2         1.02487               1      Successful search (ES-wcm)        
     1         113         18665.8         1.02482               1      Successful search (ES-wcm)        
     1         117         18663.8         1.02474               1      Successful search (ES-wcm)        
     1         119         18651.3         1.02483               1      Successful search (ES-wcm)        
     1         123         18596.8         1.02485               1      Successful search (ES-wcm)        
     1         125         18526.5         1.02487               1      Successful search (ES-wcm)        
     1         126         18486.9         1.02487               1      Successful search (ES-wcm)        
     1         132         18399.7         1.03396               1      Successful search (ES-wcm)        
     1         140         18307.5         1.03383               1      Successful search (ES-ell)        
     1         141         18256.3         1.03397               1      Successful search (ES-wcm)        
     1         142         18219.9         1.03396               1      Successful search (ES-ell)        
     1         152         18172.4         1.03379               1      Successful search (ES-ell)        
     1         153         18150.2         1.03392               1      Successful search (ES-ell)        
     1         155         18101.4         1.06162               1      Successful search (ES-ell)        
     1         156         18071.9         1.06178               1      Successful search (ES-ell)        
     1         177         17939.8         1.06181               1        Successful poll           
     2         202         17806.2         35.0524               1        Successful poll           
     3         210         17788.4          24.955               1      Successful search (ES-ell)        
     3         211         17649.6         29.8479               1      Successful search (ES-ell)        
     3         213         17560.2         28.4667               1      Successful search (ES-ell)        
     3         214         17559.4         31.4925               1      Incremental search (ES-ell)        
     3         221         17538.1         22.1192               1      Successful search (ES-ell)        
     3         253         17538.1         22.1192             0.5          Refine grid             Train
     4         254         17514.1         49.0632             0.5      Successful search (ES-wcm)        
     4         257         17483.4         47.4796             0.5      Successful search (ES-wcm)        
     4         260         17433.5         42.7293             0.5      Successful search (ES-wcm)        
     4         261         17393.8         48.8234             0.5      Successful search (ES-wcm)        
     4         267         17352.5         43.2444             0.5      Successful search (ES-wcm)        
     4         272         17340.9         36.9712             0.5      Successful search (ES-wcm)        
     4         273         17274.5         47.2899             0.5      Successful search (ES-wcm)        
     4         275         17191.2         49.9781             0.5      Successful search (ES-ell)        
     4         308         17191.2         49.9781            0.25          Refine grid             Train
     5         310           17207           35.22            0.25      Successful search (ES-ell)        
     5         353           17207           35.22           0.125          Refine grid             
     6         354         17200.7         28.4792           0.125      Successful search (ES-ell)        
     6         356         17199.9         27.2627           0.125      Successful search (ES-ell)        
     6         358         17198.4         25.1506           0.125      Successful search (ES-ell)        
     6         362         17190.4         16.8123           0.125      Successful search (ES-ell)        
     6         363         17182.4         21.4202           0.125      Successful search (ES-ell)        
     6         364         17125.8         20.1669           0.125      Successful search (ES-ell)        
     6         365           17105         27.3771           0.125      Successful search (ES-ell)        
     6         400           17105         27.3771          0.0625          Refine grid             
     7         436         17223.7         11.9394        0.015625          Refine grid             Train
     8         437         17196.2         8.66316        0.015625      Successful search (ES-ell)        
     8         438         17192.2         8.96438        0.015625      Successful search (ES-ell)        
     8         439         17185.9         9.48623        0.015625      Successful search (ES-ell)        
     8         440         17177.2         10.4804        0.015625      Successful search (ES-ell)        
     8         484         17177.2         10.4804       0.0078125          Refine grid             Train
     9         485         17220.2         4.48109       0.0078125      Successful search (ES-wcm)        
     9         486         17215.7         4.34473       0.0078125      Successful search (ES-wcm)        
     9         487         17209.2         4.38449       0.0078125      Successful search (ES-wcm)        
     9         488         17200.7         4.96503       0.0078125      Successful search (ES-wcm)        
     9         489         17192.8         6.53002       0.0078125      Successful search (ES-wcm)        
     9         490         17184.7          8.6162       0.0078125      Successful search (ES-wcm)        
     9         491         17180.7          11.507       0.0078125      Successful search (ES-wcm)        
     9         532         17180.7          11.507      0.00390625          Refine grid             
    10         533         17189.8          5.0882      0.00390625      Successful search (ES-wcm)        
    10         534         17189.6         5.06479      0.00390625      Successful search (ES-wcm)        
    10         535           17188         4.99791      0.00390625      Successful search (ES-wcm)        
    10         536         17186.7         4.94684      0.00390625      Successful search (ES-wcm)        
    10         545         17171.9         4.46102      0.00390625      Successful search (ES-ell)        
    10         546         17098.8         4.44376      0.00390625      Successful search (ES-ell)        
    10         547         16989.9         4.56335      0.00390625      Successful search (ES-ell)        
    10         548         16821.8          4.9878      0.00390625      Successful search (ES-ell)        
    10         549         16562.6         5.77062      0.00390625      Successful search (ES-ell)        
    10         550         16288.4         7.06388      0.00390625      Successful search (ES-ell)        
    10         551         16016.9         8.27539      0.00390625      Successful search (ES-ell)        
    10         552         15827.2         9.09502      0.00390625      Successful search (ES-ell)        
    10         553         15649.8         10.9823      0.00390625      Successful search (ES-ell)        
    10         591         15649.8         10.9823      0.00195312          Refine grid             
    11         626         17191.5         4.70573     0.000976562          Refine grid             Train
Optimization terminated: change in the function value less than options['tol_mesh']
Estimated function value at minimum: 17193.327759367483 ± 3.464207264087136 (mean ± SEM from 100 samples)
BADS minimum at: x_min = [1.1898 4.211  6.5567 2.3684 1.0393 8.1854 0.5956 1.8244 2.3807 0.1444
 1.4037 0.264 ], training NLL = 17193.3278
total f-count: 726, time: 31.89 min

 ------- Finish Optimization for Subject 3 ---------- 

 ------- Start Optimization for Subject 5 ---------- 

 Cross Validation fold 0/1

 -- Start Optimization: method BADS --

 Optimization Run 1/1
Initial params: [0.8596, 5.5668, 12.5581, 15.4543, -4.157, 17.8011, 0.5943, 22.8879, 3.8631, 0.9027, 0.6675, 0.7551]
bads:TooCloseBounds: For each variable, hard and plausible bounds should not be too close. Moving plausible bounds.
Variables (index) internally transformed to log coordinates: [[ 0  0]
 [ 0  3]
 [ 0  7]
 [ 0  8]
 [ 0  9]
 [ 0 10]
 [ 0 11]]
Beginning optimization of a STOCHASTIC objective function

 Iteration    f-count      E[f(x)]        SD[f(x)]           MeshScale          Method              Actions
     0           1         31193.3             nan               1                                  
     0          28         28760.6             nan               1          Initial mesh            Initial points
     0          29         28602.8        0.999868               1        Successful poll           Train
     1          30         28517.3        0.999878               1      Successful search (ES-wcm)        
     1          34         27831.5        0.999873               1      Successful search (ES-wcm)        
     1          35         27624.8        0.999863               1      Successful search (ES-ell)        
     1          37         27610.8        0.999847               1      Successful search (ES-ell)        
     1          42         26555.8        0.999763               1      Successful search (ES-wcm)        
     1          43           24094        0.999852               1      Successful search (ES-wcm)        
     1          45         23458.1         0.99985               1      Successful search (ES-wcm)        
     1          47         23275.3        0.999813               1      Successful search (ES-wcm)        
     1          59         23232.2         1.01722               1      Successful search (ES-wcm)        
     1          63         23194.1         1.01575               1      Successful search (ES-wcm)        
     1          73         23136.3        0.978849               1      Successful search (ES-wcm)        
     1          85         23111.6         1.00479               1      Successful search (ES-wcm)        
     1         112         21861.7         1.28871               1        Successful poll           Train
     2         113         20785.6         1.28876               1      Successful search (ES-wcm)        
     2         118         20716.9         1.28871               1      Successful search (ES-wcm)        
     2         122         20634.5         1.28797               1      Successful search (ES-wcm)        
     2         126         20408.2         1.28769               1      Successful search (ES-wcm)        
     2         128           20331         1.28805               1      Successful search (ES-wcm)        
     2         129         20291.6        0.629917               1      Successful search (ES-wcm)        
     2         131         20120.5        0.629916               1      Successful search (ES-wcm)        
     2         134         20001.6        0.629914               1      Successful search (ES-wcm)        
     2         140         19955.9        0.629911               1      Successful search (ES-wcm)        
     2         151         19929.3        0.629913               1      Successful search (ES-wcm)        
     2         166         19909.8        0.776912               1      Successful search (ES-ell)        
     2         169         19858.5        0.776666               1      Successful search (ES-ell)        
     2         170         19831.5        0.776881               1      Successful search (ES-ell)        
     2         178         19720.1        0.776605               1      Successful search (ES-ell)        
     2         209         19720.1        0.776605             0.5          Refine grid             
     3         210           19835          1.2385             0.5      Successful search (ES-ell)        
     3         229         19768.3         1.21863             0.5      Successful search (ES-wcm)        
     3         236         19749.7         1.23344             0.5      Successful search (ES-ell)        
     3         238         19747.8         1.23711             0.5      Successful search (ES-wcm)        
     3         273         19568.5         1.12222               1        Successful poll           Train
     4         278         19186.3         1.12228               1      Successful search (ES-wcm)        
     4         285         19131.2         1.12228               1      Successful search (ES-wcm)        
     4         287           19084         1.12228               1      Successful search (ES-wcm)        
     4         292         19080.1         1.12228               1      Successful search (ES-wcm)        
     4         293         19032.1         1.12228               1      Successful search (ES-wcm)        
     4         295         18896.2         1.12228               1      Successful search (ES-wcm)        
     4         307         18874.6         1.09777               1      Successful search (ES-wcm)        
     4         308         18850.4         1.09777               1      Successful search (ES-wcm)        
     4         334         18850.4         1.09777             0.5          Refine grid             
     5         364         18850.6         1.09743            0.25          Refine grid             Train
     6         372         18828.5         1.09593            0.25      Successful search (ES-wcm)        
     6         409           18227        0.879693             0.5        Successful poll           Train
     7         412         18220.3        0.879693             0.5      Successful search (ES-wcm)        
     7         418         18217.7        0.879667             0.5      Successful search (ES-ell)        
     7         420           18209        0.879652             0.5      Successful search (ES-ell)        
     7         425         18206.4        0.879682             0.5      Successful search (ES-ell)        
     7         427         18144.2        0.879679             0.5      Successful search (ES-ell)        
     7         431         18086.5        0.879615             0.5      Successful search (ES-ell)        
     7         464         17990.5        0.997319               1        Successful poll           Train
     8         473         17982.8        0.997285               1      Successful search (ES-ell)        
     8         474         17949.8        0.997318               1      Successful search (ES-wcm)        
     8         495         17911.6        0.997317               1        Successful poll           Train
     9         501         17873.7         1.05722               1      Successful search (ES-wcm)        
     9         510         17780.3         1.05722               1      Successful search (ES-wcm)        
     9         546         17780.3         1.05722             0.5          Refine grid             
    10         576         17780.3        0.924745            0.25          Refine grid             
    11         609         17787.6         1.13957           0.125          Refine grid             Train
    12         644         17841.3         1.53962            0.25        Successful poll           Train
    13         677         17780.7         1.53551           0.125          Refine grid             Train
    14         682         17839.7         1.54196           0.125      Successful search (ES-ell)        
    14         689         17830.1         1.53366           0.125      Successful search (ES-ell)        
    14         694         17810.4         1.54196           0.125      Successful search (ES-ell)        
    14         711         17804.4         1.54209           0.125      Successful search (ES-wcm)        
    14         712         17785.6         1.54217           0.125      Successful search (ES-wcm)        
    14         748         17785.6         1.54217          0.0625          Refine grid             Train
    15         749         17817.2         1.54226          0.0625      Successful search (ES-wcm)        
    15         750         17779.7         1.54227          0.0625      Successful search (ES-wcm)        
    15         758         17767.3         1.54192          0.0625      Successful search (ES-ell)        
    15         782         17715.4         1.54227           0.125        Successful poll           Train
    16         790         17819.1         1.54175           0.125      Successful search (ES-ell)        
    16         827         17783.8         1.54223            0.25        Successful poll           Train
    17         860         17830.4         40.7307           0.125          Refine grid             Train
    18         888         17837.3         1.54225            0.25        Successful poll           Train
    19         894         17867.5         17.7564            0.25      Successful search (ES-wcm)        
    19         895         17839.7         18.4962            0.25      Successful search (ES-ell)        
    19         896         17813.9         21.2213            0.25      Successful search (ES-ell)        
    19         897         17772.3         22.5993            0.25      Successful search (ES-ell)        
    19         934         17772.3         22.5993           0.125          Refine grid             
    20         967         17799.2         19.8479            0.25        Successful poll           Train
    21         968         17710.4          28.731            0.25      Successful search (ES-ell)        
    21        1013         17710.4          28.731           0.125          Refine grid             Train
    22        1014         17825.8         13.3674           0.125      Successful search (ES-ell)        
    22        1015         17818.4         27.8459           0.125      Successful search (ES-ell)        
    22        1018         17806.3         23.5935           0.125      Successful search (ES-ell)        
    22        1020         17777.1         23.9448           0.125      Successful search (ES-ell)        
    22        1021           17771         30.8203           0.125      Successful search (ES-ell)        
    22        1025         17762.4         24.4791           0.125      Successful search (ES-ell)        
    22        1060         17762.4         24.4791          0.0625          Refine grid             
    23        1061         17786.7         12.5623          0.0625      Successful search (ES-ell)        
    23        1064         17783.2         11.2835          0.0625      Successful search (ES-wcm)        
    23        1065         17775.7         12.2515          0.0625      Successful search (ES-wcm)        
    23        1069         17775.1          10.844          0.0625      Successful search (ES-wcm)        
    23        1070         17773.6         11.7193          0.0625      Successful search (ES-wcm)        
    23        1085         17675.4         11.7182           0.125        Successful poll           
    24        1087         17628.1         13.2859           0.125      Successful search (ES-wcm)        
    24        1089         17624.9         12.7923           0.125      Successful search (ES-wcm)        
    24        1098         17621.8         10.6564           0.125      Successful search (ES-wcm)        
    24        1100         17549.6         10.5714           0.125      Successful search (ES-wcm)        
    24        1144         17549.6         10.5714          0.0625          Refine grid             Train
    25        1145         17792.8         8.53188          0.0625      Successful search (ES-wcm)        
    25        1148         17789.9         10.3042          0.0625      Successful search (ES-wcm)        
    25        1149         17781.9          15.657          0.0625      Successful search (ES-wcm)        
    25        1159         17780.1         10.4682          0.0625      Successful search (ES-wcm)        
    25        1161         17772.6         11.0248          0.0625      Successful search (ES-ell)        
    25        1163         17769.2         11.7853          0.0625      Successful search (ES-ell)        
    25        1164         17757.2         14.4635          0.0625      Successful search (ES-ell)        
    25        1165         17755.3         17.8399          0.0625      Successful search (ES-ell)        
    25        1166           17723         21.7982          0.0625      Successful search (ES-ell)        
    25        1203           17723         21.7982         0.03125          Refine grid             Train
    26        1204         17781.6         6.80653         0.03125      Successful search (ES-wcm)        
    26        1205         17773.2         7.23674         0.03125      Successful search (ES-wcm)        
    26        1206         17769.1         8.38778         0.03125      Successful search (ES-wcm)        
    26        1207         17759.6         12.7017         0.03125      Successful search (ES-wcm)        
    26        1245         17758.9         6.31388          0.0625        Successful poll           Train
    27        1246         17756.5         16.6037          0.0625      Successful search (ES-ell)        
    27        1247         17752.5         25.8699          0.0625      Successful search (ES-wcm)        
    27        1292         17752.5         25.8699         0.03125          Refine grid             
    28        1293         17760.1         7.35026         0.03125      Successful search (ES-wcm)        
    28        1294         17752.5         10.2722         0.03125      Successful search (ES-wcm)        
    28        1295         17728.9         14.5868         0.03125      Successful search (ES-ell)        
    28        1297         17728.9         16.3872         0.03125      Successful search (ES-ell)        
    28        1318         17622.4         13.4056          0.0625        Successful poll           
    29        1331         17733.6         29.7122           0.125        Successful poll           Train
    30        1332           17709         17.1441           0.125      Successful search (ES-ell)        
    30        1378           17709         17.1441          0.0625          Refine grid             
    31        1379         17768.1         11.1155          0.0625      Successful search (ES-ell)        
    31        1380         17749.1         18.3317          0.0625      Successful search (ES-wcm)        
    31        1405         17288.9         13.6535           0.125        Successful poll           
    32        1440         17791.3         5.72846          0.0625          Refine grid             Train
    33        1475         17758.4         5.55995         0.03125          Refine grid             Train
    34        1510         17758.6         5.47732        0.015625          Refine grid             Train
    35        1511         17760.5         6.55748        0.015625      Successful search (ES-wcm)        
    35        1512         17755.4          7.3127        0.015625      Successful search (ES-wcm)        
    35        1513           17749         8.73457        0.015625      Successful search (ES-wcm)        
    35        1514         17743.5         11.7756        0.015625      Successful search (ES-ell)        
    35        1516         17739.3         14.0929        0.015625      Successful search (ES-ell)        
    35        1558         17739.3         14.0929       0.0078125          Refine grid             Train
    36        1559         17773.1         5.83779       0.0078125      Successful search (ES-ell)        
    36        1560         17765.1         7.48118       0.0078125      Successful search (ES-ell)        
    36        1561         17755.4         10.5509       0.0078125      Successful search (ES-ell)        
    36        1562         17747.9         14.8487       0.0078125      Successful search (ES-ell)        
    36        1563         17743.6         19.6286       0.0078125      Successful search (ES-ell)        
    36        1564         17734.5         24.6099       0.0078125      Successful search (ES-ell)        
