device is : cuda
['base_clamp', '1', 'all', 'bads', '1']

 ------- Start Optimization for Subject 2 ---------- 

 Cross Validation fold 0/1

 -- Start Optimization: method BADS --

 Optimization Run 1/1
Initial params: [1.2733, 6.341, 4.9242, 19.8356, 2.194, 10.5321, 0.5991, 0.278, 0.9487, 0.6838, 0.7455]
bads:TooCloseBounds: For each variable, hard and plausible bounds should not be too close. Moving plausible bounds.
Variables (index) internally transformed to log coordinates: [[ 0  0]
 [ 0  3]
 [ 0  8]
 [ 0  9]
 [ 0 10]]
Beginning optimization of a STOCHASTIC objective function

 Iteration    f-count      E[f(x)]        SD[f(x)]           MeshScale          Method              Actions
     0           1         26342.9             nan               1                                  
     0          27         25905.4             nan               1          Initial mesh            Initial points
     0          42         25698.3         1.00097               1        Successful poll           Train
     1          44         24703.6         1.00096               1      Successful search (ES-wcm)        
     1          47         23409.3         1.00096               1      Successful search (ES-ell)        
     1          48         23136.5         1.00096               1      Successful search (ES-ell)        
     1          50         22415.2         1.00097               1      Successful search (ES-ell)        
     1          51         21839.4        0.989383               1      Successful search (ES-ell)        
     1          56         21624.3        0.989379               1      Successful search (ES-ell)        
     1          70         21484.1        0.988837               1      Successful search (ES-ell)        
     1          76         21299.7         1.00601               1      Successful search (ES-ell)        
     1          77         20936.1         1.00601               1      Successful search (ES-ell)        
     1          80         20831.7         1.00601               1      Successful search (ES-ell)        
     1          82         20536.5         1.00601               1      Successful search (ES-ell)        
     1          86         20207.5         1.00601               1      Successful search (ES-ell)        
     1          89         20130.9           1.006               1      Successful search (ES-ell)        
     1          91           20100         1.00601               1      Successful search (ES-ell)        
     1          94         19980.5         1.00599               1      Successful search (ES-ell)        
     1          97         19901.1         1.00432               1      Successful search (ES-ell)        
     1         103         19812.7         1.00431               1      Successful search (ES-wcm)        
     1         112         19742.8         1.00401               1      Successful search (ES-wcm)        
     1         114         19622.6         1.00415               1      Successful search (ES-wcm)        
     1         146         19622.6         1.00415             0.5          Refine grid             Train
     2         166         19597.3         1.03094               1        Successful poll           Train
     3         169         19333.1         75.5215               1      Successful search (ES-wcm)        
     3         170         19044.5          76.225               1      Successful search (ES-ell)        
     3         204         19044.5          76.225             0.5          Refine grid             Train
     4         210         19085.8         32.2002             0.5      Successful search (ES-wcm)        
     4         214         19082.8         27.2338             0.5      Successful search (ES-wcm)        
     4         218         19081.9         49.5372             0.5      Successful search (ES-wcm)        
     4         220         19050.3         56.4545             0.5      Successful search (ES-wcm)        
     4         225         19033.4         40.9195             0.5      Successful search (ES-wcm)        
     4         226         18999.4         48.9113             0.5      Successful search (ES-wcm)        
     4         230         18986.2         47.3292             0.5      Successful search (ES-ell)        
     4         233         18982.5         38.2604             0.5      Successful search (ES-ell)        
     4         244         18980.7         21.1302             0.5      Successful search (ES-wcm)        
     4         245         18977.1         25.1969             0.5      Successful search (ES-wcm)        
     4         251         18966.1         34.3709             0.5      Successful search (ES-ell)        
     4         253         18962.5         40.1388             0.5      Successful search (ES-wcm)        
     4         258           18959         24.0189             0.5      Successful search (ES-wcm)        
     4         259         18958.6         25.6853             0.5      Successful search (ES-wcm)        
     4         287         18958.6         25.6853            0.25          Refine grid             
     5         288         18964.2         25.2945            0.25      Successful search (ES-wcm)        
     5         293         18962.2         15.7468            0.25      Successful search (ES-wcm)        
     5         294         18957.9          17.424            0.25      Successful search (ES-wcm)        
     5         327         18957.9          17.424           0.125          Refine grid             
     6         328         18963.6         12.4528           0.125      Successful search (ES-wcm)        
     6         331         18962.7         15.2606           0.125      Successful search (ES-ell)        
     6         334         18957.1         18.1642           0.125      Successful search (ES-wcm)        
     6         337         18953.6         18.2097           0.125      Successful search (ES-ell)        
     6         342         18947.6          17.333           0.125      Successful search (ES-ell)        
     6         344         18946.2         18.7599           0.125      Successful search (ES-ell)        
     6         380         18946.2         18.7599          0.0625          Refine grid             
     7         381         18944.8         8.92764          0.0625      Successful search (ES-wcm)        
     7         382         18940.2         16.9949          0.0625      Successful search (ES-wcm)        
     7         385         18936.6         15.6109          0.0625      Successful search (ES-ell)        
     7         393         18933.9           13.82          0.0625      Successful search (ES-ell)        
     7         394         18931.4         17.0198          0.0625      Successful search (ES-ell)        
     7         395         18931.3         25.3655          0.0625      Successful search (ES-ell)        
     7         399         18921.5         17.8527          0.0625      Successful search (ES-ell)        
     7         402         18920.1         15.3866          0.0625      Successful search (ES-wcm)        
     7         404         18912.8         20.5049          0.0625      Successful search (ES-wcm)        
     7         407         18906.1         16.3167          0.0625      Successful search (ES-wcm)        
     7         408         18901.7         19.7516          0.0625      Successful search (ES-wcm)        
     7         445         18901.7         19.7516         0.03125          Refine grid             
     8         446         18912.3         10.2201         0.03125      Successful search (ES-ell)        
     8         447         18900.6         12.7336         0.03125      Successful search (ES-wcm)        
     8         470         18885.9         8.68673          0.0625        Successful poll           Train
     9         471         18732.3         15.3342          0.0625      Successful search (ES-ell)        
     9         472         18624.4         23.3598          0.0625      Successful search (ES-ell)        
     9         513         18624.4         23.3598         0.03125          Refine grid             
    10         514         18919.8         9.11334         0.03125      Successful search (ES-ell)        
    10         515         18904.5         12.2922         0.03125      Successful search (ES-ell)        
    10         516         18897.5         20.9251         0.03125      Successful search (ES-ell)        
    10         525         18891.8         12.1934         0.03125      Successful search (ES-ell)        
    10         526         18878.8         13.5586         0.03125      Successful search (ES-ell)        
    10         567         18878.8         13.5586        0.015625          Refine grid             
    11         568         18913.9         6.82414        0.015625      Successful search (ES-wcm)        
    11         569         18908.7          7.8961        0.015625      Successful search (ES-wcm)        
    11         570         18900.5         9.38048        0.015625      Successful search (ES-wcm)        
    11         592         18837.7         12.9365         0.03125        Successful poll           
    12         595         18806.7         12.0345         0.03125      Successful search (ES-wcm)        
    12         636         18806.7         12.0345        0.015625          Refine grid             
    13         669         18908.9         6.42672         0.03125        Successful poll           
    14         670         18901.3         10.5467         0.03125      Successful search (ES-wcm)        
    14         671         18889.1         17.5484         0.03125      Successful search (ES-wcm)        
    14         696         18822.7         20.7674          0.0625        Successful poll           Train
    15         697         18902.6         14.2674          0.0625      Successful search (ES-wcm)        
    15         700         18890.6         18.1987          0.0625      Successful search (ES-wcm)        
    15         702         18873.6          20.076          0.0625      Successful search (ES-ell)        
    15         739         18873.6          20.076         0.03125          Refine grid             
    16         740         18897.6         10.4998         0.03125      Successful search (ES-ell)        
    16         741           18882         22.5819         0.03125      Successful search (ES-ell)        
    16         742         18877.6         31.3243         0.03125      Successful search (ES-ell)        
    16         782         18877.6         31.3243        0.015625          Refine grid             
    17         783         18905.5         9.09142        0.015625      Successful search (ES-ell)        
    17         784         18903.5         14.9173        0.015625      Successful search (ES-ell)        
    17         826         18903.5         14.9173       0.0078125          Refine grid             Train
    18         827         18905.9         7.31461       0.0078125      Successful search (ES-ell)        
    18         828         18897.3         9.78564       0.0078125      Successful search (ES-ell)        
    18         829         18887.5         13.0438       0.0078125      Successful search (ES-ell)        
    18         838         18886.3         10.9904       0.0078125      Successful search (ES-ell)        
    18         839         18878.9         13.8163       0.0078125      Successful search (ES-wcm)        
    18         861         18856.1         31.9325        0.015625        Successful poll           Train
    19         894           18907         14.2104         0.03125        Successful poll           Train
    20         895         18898.9         18.7413         0.03125      Successful search (ES-ell)        
    20         917         18875.1         29.2365          0.0625        Successful poll           Train
    21         919         18881.2         25.0927          0.0625      Successful search (ES-ell)        
    21         929         18872.4         21.4622          0.0625      Successful search (ES-ell)        
    21         971         18872.4         21.4622         0.03125          Refine grid             
    22        1003         18901.8          9.9449          0.0625        Successful poll           
    23        1029         18895.9         46.0029           0.125        Successful poll           Train
    24        1061         18905.9         18.2095          0.0625          Refine grid             Train
    25        1062         18893.8          24.991          0.0625      Successful search (ES-ell)        
    25        1100         18890.3          26.791           0.125        Successful poll           Train
    26        1129         18890.9         24.9897            0.25        Successful poll           Train
    27        1133         18889.5         15.5393            0.25      Successful search (ES-wcm)        
    27        1138         18887.5         15.6203            0.25      Successful search (ES-wcm)        
    27        1139         18841.8         21.9543            0.25      Successful search (ES-wcm)        
    27        1144         18766.4         17.3755            0.25      Successful search (ES-wcm)        
    27        1146           18632         23.8925            0.25      Successful search (ES-wcm)        
    27        1182           18632         23.8925           0.125          Refine grid             
    28        1197         18890.2         16.5863            0.25        Successful poll           Train
    29        1228         18905.7         5.72921           0.125          Refine grid             Train
    30        1260         18905.7         5.72921          0.0625          Refine grid             Train
    31        1261         18912.7         18.2289          0.0625      Successful search (ES-wcm)        
    31        1262           18882         34.0985          0.0625      Successful search (ES-ell)        
    31        1303           18882         34.0985         0.03125          Refine grid             
    32        1304         18900.8         13.9259         0.03125      Successful search (ES-ell)        
    32        1305         18868.6         23.7575         0.03125      Successful search (ES-ell)        
    32        1346         18868.6         23.7575        0.015625          Refine grid             
    33        1347         18899.3          8.2162        0.015625      Successful search (ES-ell)        
    33        1348         18896.1         14.1116        0.015625      Successful search (ES-ell)        
    33        1390         18896.1         14.1116       0.0078125          Refine grid             
    34        1391           18917          5.7272       0.0078125      Successful search (ES-ell)        
    34        1392         18915.3         6.66861       0.0078125      Successful search (ES-ell)        
    34        1393         18913.2           8.697       0.0078125      Successful search (ES-ell)        
    34        1394         18911.6         11.3588       0.0078125      Successful search (ES-ell)        
    34        1395         18906.6         15.2893       0.0078125      Successful search (ES-ell)        
    34        1434         18906.6         15.2893      0.00390625          Refine grid             Train
    35        1435         18916.7         6.73029      0.00390625      Successful search (ES-ell)        
    35        1436         18913.3         8.39734      0.00390625      Successful search (ES-wcm)        
    35        1437         18907.1         11.4909      0.00390625      Successful search (ES-wcm)        
    35        1438         18895.2         17.6517      0.00390625      Successful search (ES-wcm)        
    35        1478         18895.2         17.6517      0.00195312          Refine grid             Train
    36        1479         18919.9         5.76832      0.00195312      Successful search (ES-ell)        
    36        1480         18919.1         6.05436      0.00195312      Successful search (ES-ell)        
    36        1481         18916.2         6.62887      0.00195312      Successful search (ES-ell)        
    36        1482         18915.5         7.71589      0.00195312      Successful search (ES-ell)        
    36        1483           18912         10.1069      0.00195312      Successful search (ES-wcm)        
    36        1484           18911          14.256      0.00195312      Successful search (ES-wcm)        
    36        1485         18905.6          19.395      0.00195312      Successful search (ES-wcm)        
    36        1522         18905.6          19.395     0.000976562          Refine grid             
Optimization terminated: change in the function value less than options['tol_mesh']
Estimated function value at minimum: 18920.75356815149 ± 5.033112104673381 (mean ± SEM from 100 samples)
BADS minimum at: x_min = [1.6587 7.7204 7.6731 1.1205 0.26   8.9956 0.4714 0.4275 0.     1.7315
 0.2546], training NLL = 18920.7536
total f-count: 1622, time: 71.52 min

 ------- Finish Optimization for Subject 2 ---------- 

 ------- Start Optimization for Subject 3 ---------- 

 Cross Validation fold 0/1

 -- Start Optimization: method BADS --

 Optimization Run 1/1
Initial params: [1.9698, 6.1971, 11.0724, 1.0958, -0.5667, 18.278, 0.6315, 0.218, 0.0742, 0.9828, 0.0003]
bads:InitialPointsTooClosePB: The starting points X0 are on or numerically too close to the hard bounds lower_bounds and upper_bounds. Moving the initial points more inside...
bads:TooCloseBounds: For each variable, hard and plausible bounds should not be too close. Moving plausible bounds.
bads:InitialPointsOutsidePB. The starting points X0 are not inside the provided plausible bounds (plausible_lower_bounds and plausible_upper_bounds). Expanding the plausible bounds...
Variables (index) internally transformed to log coordinates: [[ 0  0]
 [ 0  3]
 [ 0  8]
 [ 0  9]
 [ 0 10]]
Beginning optimization of a STOCHASTIC objective function

 Iteration    f-count      E[f(x)]        SD[f(x)]           MeshScale          Method              Actions
     0           1         28803.8             nan               1                                  
     0          27         26029.2             nan               1          Initial mesh            Initial points
     0          42         25721.2        0.999997               1        Successful poll           Train
     1          43         24378.3        0.999996               1      Successful search (ES-wcm)        
     1          47         24373.9        0.999987               1      Successful search (ES-ell)        
     1          48         24208.7        0.999992               1      Successful search (ES-wcm)        
     1          49         24206.4         0.99999               1      Successful search (ES-wcm)        
     1          51         22720.3         1.03167               1      Successful search (ES-wcm)        
     1          52         22357.1         1.03167               1      Successful search (ES-wcm)        
     1          56         21953.4         1.03165               1      Successful search (ES-wcm)        
     1          58           21798         1.03165               1      Successful search (ES-wcm)        
     1          59         21261.1         1.03165               1      Successful search (ES-wcm)        
     1          60         21213.6         1.03165               1      Successful search (ES-wcm)        
     1          62         20372.2         1.03166               1      Successful search (ES-wcm)        
     1          63           20086         1.03166               1      Successful search (ES-wcm)        
     1          66           19844         1.03166               1      Successful search (ES-wcm)        
     1          67         19820.3         1.03165               1      Successful search (ES-wcm)        
     1          72         19652.1         1.03164               1      Successful search (ES-wcm)        
     1          73         19442.5         1.03166               1      Successful search (ES-wcm)        
     1          83         19421.4        0.992261               1      Successful search (ES-wcm)        
     1          93         19288.9        0.987165               1      Successful search (ES-wcm)        
     1         108         19266.8         0.99788               1      Successful search (ES-wcm)        
     1         131         19266.8         0.99788             0.5          Refine grid             Train
     2         155         19267.7         1.08056            0.25          Refine grid             Train
     3         156         19169.1         1.43149            0.25      Successful search (ES-wcm)        
     3         162         19092.7         1.43148            0.25      Successful search (ES-wcm)        
     3         192         19092.7         1.43148           0.125          Refine grid             Train
     4         193         19141.3          26.285           0.125      Successful search (ES-wcm)        
     4         194         19108.3         41.6391           0.125      Successful search (ES-ell)        
     4         195         19108.2         54.8774           0.125      Successful search (ES-ell)        
     4         198         19085.1          42.675           0.125      Successful search (ES-ell)        
     4         200         19084.8         46.7638           0.125      Successful search (ES-ell)        
     4         202         19080.3         47.9229           0.125      Successful search (ES-ell)        
     4         203           19048         55.7894           0.125      Successful search (ES-ell)        
     4         234           19048         55.7894          0.0625          Refine grid             
     5         235         19090.3         16.0699          0.0625      Successful search (ES-ell)        
     5         236         19072.1         24.1307          0.0625      Successful search (ES-ell)        
     5         277         19072.1         24.1307         0.03125          Refine grid             
     6         278         19092.3         9.76108         0.03125      Successful search (ES-wcm)        
     6         279         19089.9         12.1162         0.03125      Successful search (ES-ell)        
     6         280         19088.2         17.2332         0.03125      Successful search (ES-ell)        
     6         319         19088.2         17.2332        0.015625          Refine grid             Train
     7         320         19094.9         8.63046        0.015625      Successful search (ES-ell)        
     7         321         19093.7         8.91017        0.015625      Successful search (ES-ell)        
     7         322         19091.4         9.31922        0.015625      Successful search (ES-wcm)        
     7         323         19089.8         10.6002        0.015625      Successful search (ES-wcm)        
     7         325         19089.1         12.3677        0.015625      Successful search (ES-wcm)        
     7         362         19089.1         12.3677       0.0078125          Refine grid             Train
     8         363         19099.9         8.86982       0.0078125      Successful search (ES-wcm)        
     8         365         19098.8         9.09584       0.0078125      Successful search (ES-wcm)        
     8         366         19098.2         9.55211       0.0078125      Successful search (ES-wcm)        
     8         367         19095.5         10.4641       0.0078125      Successful search (ES-wcm)        
     8         368         19091.7         12.2151       0.0078125      Successful search (ES-wcm)        
     8         405         19091.7         12.2151      0.00390625          Refine grid             
     9         437         19102.3         7.59869     0.000976562          Refine grid             
Optimization terminated: change in the function value less than options['tol_mesh']
Estimated function value at minimum: 19112.93770109471 ± 5.671268440769196 (mean ± SEM from 100 samples)
BADS minimum at: x_min = [ 2.59910e+00  7.42610e+00  6.88510e+00  4.82881e+01 -9.89720e+00
  8.58350e+00  5.11100e-01  4.93500e-01  8.70000e-03  1.56510e+00
  4.90200e-01], training NLL = 19112.9377
total f-count: 537, time: 23.43 min

 ------- Finish Optimization for Subject 3 ---------- 

 ------- Start Optimization for Subject 5 ---------- 

 Cross Validation fold 0/1

 -- Start Optimization: method BADS --

 Optimization Run 1/1
Initial params: [1.9621, 7.6564, 14.6318, 10.3687, -1.3927, 21.8729, 0.4623, 0.2823, 0.3988, 0.9213, 0.5065]
bads:TooCloseBounds: For each variable, hard and plausible bounds should not be too close. Moving plausible bounds.
Variables (index) internally transformed to log coordinates: [[ 0  0]
 [ 0  3]
 [ 0  8]
 [ 0  9]
 [ 0 10]]
Beginning optimization of a STOCHASTIC objective function

 Iteration    f-count      E[f(x)]        SD[f(x)]           MeshScale          Method              Actions
     0           1         25237.9             nan               1                                  
     0          27         25237.9             nan               1          Initial mesh            Initial points
     0          37         23897.5         0.99999               1        Successful poll           Train
     1          39         22726.7        0.999984               1      Successful search (ES-wcm)        
     1          40         22306.7        0.999986               1      Successful search (ES-wcm)        
     1          41         20689.3        0.999979               1      Successful search (ES-wcm)        
     1          42         20199.6        0.999986               1      Successful search (ES-wcm)        
     1          50         20158.5        0.999958               1      Successful search (ES-wcm)        
     1          51         19941.1         1.02131               1      Successful search (ES-wcm)        
     1          53         18922.7         1.02131               1      Successful search (ES-wcm)        
     1          57         18906.2          1.0213               1      Successful search (ES-wcm)        
     1          65         18798.9         1.02119               1      Successful search (ES-wcm)        
     1          67         18680.7         1.02106               1      Successful search (ES-ell)        
     1          96         18680.7         1.02106             0.5          Refine grid             
     2         100         18690.4        0.990218             0.5      Successful search (ES-ell)        
     2         104         18661.9        0.989899             0.5      Successful search (ES-ell)        
     2         108         18657.7        0.990287             0.5      Successful search (ES-ell)        
     2         115           18654        0.990222             0.5      Successful search (ES-ell)        
     2         121         18579.8         1.02166             0.5      Successful search (ES-ell)        
     2         122         18484.4         1.02168             0.5      Successful search (ES-ell)        
     2         127         18386.2         1.02164             0.5      Successful search (ES-ell)        
     2         158         18386.2         1.02164            0.25          Refine grid             Train
     3         159         18307.3         43.5836            0.25      Successful search (ES-ell)        
     3         163         18295.5         35.0247            0.25      Successful search (ES-ell)        
     3         199         18295.5         35.0247           0.125          Refine grid             Train
     4         200           18317         25.0824           0.125      Successful search (ES-ell)        
     4         202           18292         30.8479           0.125      Successful search (ES-ell)        
     4         204         18227.6         43.9357           0.125      Successful search (ES-wcm)        
     4         209         18226.4         25.2736           0.125      Successful search (ES-wcm)        
     4         213         18218.3         26.5065           0.125      Successful search (ES-wcm)        
     4         223         18205.1         31.4953           0.125      Successful search (ES-ell)        
     4         230         18204.9         17.9436           0.125      Successful search (ES-ell)        
     4         231         18192.8         20.0202           0.125      Successful search (ES-wcm)        
     4         234         18184.5         32.1978           0.125      Successful search (ES-wcm)        
     4         236         18179.8         34.2245           0.125      Successful search (ES-wcm)        
     4         237         18129.4         49.6046           0.125      Successful search (ES-ell)        
     4         241         18094.3         37.8767           0.125      Successful search (ES-ell)        
     4         247         18090.5         24.5804           0.125      Successful search (ES-ell)        
     4         248         18084.6          34.286           0.125      Successful search (ES-ell)        
     4         250           18062         36.0932           0.125      Successful search (ES-ell)        
     4         286         18035.7         49.0848            0.25        Successful poll           
     5         317         18047.6          46.421           0.125          Refine grid             Train
     6         318         18045.7         16.1924           0.125      Successful search (ES-wcm)        
     6         320         18025.3         24.8492           0.125      Successful search (ES-ell)        
     6         322         18000.6         28.9159           0.125      Successful search (ES-wcm)        
     6         326         17993.7         25.7329           0.125      Successful search (ES-ell)        
     6         360         17993.7         25.7329          0.0625          Refine grid             Train
     7         361         18028.1          12.507          0.0625      Successful search (ES-ell)        
     7         362         18005.4          22.357          0.0625      Successful search (ES-ell)        
     7         403         18005.4          22.357         0.03125          Refine grid             
     8         404         18045.9         8.23966         0.03125      Successful search (ES-ell)        
     8         405         18040.3         10.4199         0.03125      Successful search (ES-ell)        
     8         406         18037.1         13.5755         0.03125      Successful search (ES-ell)        
     8         446         18037.1         13.5755        0.015625          Refine grid             
     9         447           18055         8.50443        0.015625      Successful search (ES-wcm)        
     9         449         18054.9          10.056        0.015625      Successful search (ES-wcm)        
     9         452         18052.5         11.8595        0.015625      Successful search (ES-wcm)        
     9         489         18052.5         11.8595       0.0078125          Refine grid             Train
    10         490         18054.9         6.20897       0.0078125      Successful search (ES-ell)        
    10         491         18051.9         6.43954       0.0078125      Successful search (ES-ell)        
    10         492         18050.7         7.05889       0.0078125      Successful search (ES-ell)        
    10         493         18050.4         8.42008       0.0078125      Successful search (ES-ell)        
    10         494         18046.7          10.037       0.0078125      Successful search (ES-ell)        
    10         495         18044.5          13.538       0.0078125      Successful search (ES-ell)        
    10         497         18040.8          16.669       0.0078125      Successful search (ES-wcm)        
    10         511         18040.4         9.49398       0.0078125      Successful search (ES-wcm)        
    10         512         18039.4         9.65989       0.0078125      Successful search (ES-wcm)        
    10         513         18038.5         10.2486       0.0078125      Successful search (ES-wcm)        
    10         514         18032.5         11.1172       0.0078125      Successful search (ES-wcm)        
    10         554         18032.5         11.1172      0.00390625          Refine grid             
    11         555         18036.7         6.06976      0.00390625      Successful search (ES-ell)        
    11         556         18035.4         6.03317      0.00390625      Successful search (ES-wcm)        
    11         557           18034         6.37222      0.00390625      Successful search (ES-ell)        
    11         558           18029         7.45593      0.00390625      Successful search (ES-ell)        
    11         559         18026.7         9.98885      0.00390625      Successful search (ES-ell)        
    11         597         18026.7         9.98885      0.00195312          Refine grid             Train
    12         598         18048.8         5.27396      0.00195312      Successful search (ES-ell)        
    12         599         18046.6         5.44953      0.00195312      Successful search (ES-ell)        
    12         600         18041.7         5.93857      0.00195312      Successful search (ES-ell)        
    12         601         18038.5         6.67613      0.00195312      Successful search (ES-ell)        
    12         602         18035.6         7.90897      0.00195312      Successful search (ES-ell)        
    12         603         18033.6         9.35187      0.00195312      Successful search (ES-ell)        
    12         604         18030.6         12.0266      0.00195312      Successful search (ES-ell)        
    12         640         18030.6         12.0266     0.000976562          Refine grid             Train
Optimization terminated: change in the function value less than options['tol_mesh']
Estimated function value at minimum: 18038.21693496958 ± 4.84404947809185 (mean ± SEM from 100 samples)
BADS minimum at: x_min = [2.5509 4.6916 4.6855 5.9808 4.4379 9.2032 0.4362 0.5676 0.0885 1.9757
 0.2681], training NLL = 18038.2169
total f-count: 740, time: 32.4 min

 ------- Finish Optimization for Subject 5 ---------- 

 ------- Start Optimization for Subject 6 ---------- 

 Cross Validation fold 0/1

 -- Start Optimization: method BADS --

 Optimization Run 1/1
Initial params: [1.9621, 2.9019, 13.777, 6.7319, 4.003, 26.2487, 0.4539, 0.2024, 0.7748, 0.971, 0.9306]
bads:TooCloseBounds: For each variable, hard and plausible bounds should not be too close. Moving plausible bounds.
Variables (index) internally transformed to log coordinates: [[ 0  0]
 [ 0  3]
 [ 0  8]
 [ 0  9]
 [ 0 10]]
Beginning optimization of a STOCHASTIC objective function

 Iteration    f-count      E[f(x)]        SD[f(x)]           MeshScale          Method              Actions
     0           1         26747.2             nan               1                                  
     0          27         25475.1             nan               1          Initial mesh            Initial points
     0          28         24694.6        0.999998               1        Successful poll           Train
     1          30         23781.1        0.999997               1      Successful search (ES-ell)        
     1          34         23160.9        0.999991               1      Successful search (ES-ell)        
     1          37         22995.9         0.99997               1      Successful search (ES-ell)        
     1          38         21976.6        0.999989               1      Successful search (ES-ell)        
     1          48         21966.9         0.99852               1      Successful search (ES-ell)        
     1          50         21900.3        0.996709               1      Successful search (ES-ell)        
     1          68         21885.4         1.02111               1        Successful poll           
     2          92           21323        0.970847               1        Successful poll           
     3          94         21292.6         0.97085               1      Successful search (ES-wcm)        
     3          97         21096.3         91.4024               1      Successful search (ES-wcm)        
     3          98           20782         91.8691               1      Successful search (ES-wcm)        
     3          99         20502.5         93.1401               1      Successful search (ES-wcm)        
     3         104         20371.9          87.759               1      Successful search (ES-wcm)        
     3         111         20283.7         70.2696               1      Successful search (ES-wcm)        
     3         112         20245.6         69.4426               1      Successful search (ES-wcm)        
     3         113         20169.3         86.9298               1      Successful search (ES-wcm)        
     3         116         20047.5         87.2243               1      Successful search (ES-wcm)        
     3         117         19612.7         91.5852               1      Successful search (ES-wcm)        
     3         121         19488.2         96.8144               1      Successful search (ES-wcm)        
     3         124         19475.9         85.9845               1      Successful search (ES-wcm)        
     3         125         19345.1         75.9043               1      Successful search (ES-wcm)        
     3         130         19337.2         73.3581               1      Successful search (ES-ell)        
     3         131         19315.5         71.8464               1      Successful search (ES-wcm)        
     3         135         19297.7         47.3853               1      Successful search (ES-wcm)        
     3         163         19010.3         93.5617               1        Successful poll           
     4         167         18956.4         74.8317               1      Successful search (ES-ell)        
     4         173         18940.4         44.5308               1      Successful search (ES-ell)        
     4         175         18897.5         76.1731               1      Successful search (ES-ell)        
     4         177         18767.5         79.3816               1      Successful search (ES-wcm)        
     4         179         18725.9          79.835               1      Successful search (ES-wcm)        
     4         180         18606.7         80.3959               1      Successful search (ES-wcm)        
     4         186         18080.4         79.9664               1      Successful search (ES-wcm)        
     4         192         18024.3         68.1059               1      Successful search (ES-wcm)        
     4         193         18008.9         67.2315               1      Successful search (ES-wcm)        
     4         196         17938.9         66.7902               1      Successful search (ES-wcm)        
     4         201         17851.9         62.1649               1      Successful search (ES-wcm)        
     4         202         17780.5           71.66               1      Successful search (ES-wcm)        
     4         203         17724.6         76.0009               1      Successful search (ES-wcm)        
     4         204         17664.6          75.963               1      Successful search (ES-wcm)        
     4         212         17594.4         62.0313               1      Successful search (ES-wcm)        
     4         216         17591.5         50.0402               1      Successful search (ES-wcm)        
     4         242         17591.5         50.0402             0.5          Refine grid             
     5         244         17577.6         38.7419             0.5      Successful search (ES-wcm)        
     5         248         17567.1         34.0079             0.5      Successful search (ES-ell)        
     5         250         17555.5         39.6204             0.5      Successful search (ES-ell)        
     5         281         17555.5         39.6204            0.25          Refine grid             
     6         282         17605.4         32.8936            0.25      Successful search (ES-ell)        
     6         284         17594.8         47.0084            0.25      Successful search (ES-ell)        
     6         287         17584.1         33.6194            0.25      Successful search (ES-ell)        
     6         288         17535.1          50.486            0.25      Successful search (ES-ell)        
     6         290         17504.9         52.4637            0.25      Successful search (ES-ell)        
     6         321         17504.9         52.4637           0.125          Refine grid             
     7         322         17476.4         22.3435           0.125      Successful search (ES-ell)        
     7         323         17434.5          36.052           0.125      Successful search (ES-ell)        
     7         324         17381.8         45.5945           0.125      Successful search (ES-ell)        
     7         327           17351         28.7636           0.125      Successful search (ES-wcm)        
     7         328         17324.2         39.6645           0.125      Successful search (ES-wcm)        
     7         331           17312         30.0689           0.125      Successful search (ES-wcm)        
     7         332         17290.6         39.1022           0.125      Successful search (ES-wcm)        
     7         334         17273.1         28.8879           0.125      Successful search (ES-wcm)        
     7         335         17269.1         36.1637           0.125      Successful search (ES-wcm)        
     7         337         17266.2         26.6274           0.125      Successful search (ES-wcm)        
     7         374         17266.2         26.6274          0.0625          Refine grid             Train
     8         375         17278.3         13.8311          0.0625      Successful search (ES-wcm)        
     8         378         17275.5         13.3984          0.0625      Successful search (ES-wcm)        
     8         387         17272.2         9.26708          0.0625      Successful search (ES-wcm)        
     8         388           17268         12.3976          0.0625      Successful search (ES-wcm)        
     8         391         17267.5         13.0382          0.0625      Successful search (ES-wcm)        
     8         394         17264.4         10.8835          0.0625      Successful search (ES-wcm)        
     8         395           17255         11.6885          0.0625      Successful search (ES-wcm)        
     8         396         17251.8         14.9352          0.0625      Successful search (ES-wcm)        
     8         428         17251.8         14.9352         0.03125          Refine grid             Train
     9         429         17254.3         7.28856         0.03125      Successful search (ES-wcm)        
     9         430         17242.7         9.17071         0.03125      Successful search (ES-wcm)        
     9         431         17232.4          13.548         0.03125      Successful search (ES-wcm)        
     9         433         17232.3          16.228         0.03125      Successful search (ES-wcm)        
     9         434         17225.4         25.2918         0.03125      Successful search (ES-wcm)        
     9         436         17218.6         26.3255         0.03125      Successful search (ES-ell)        
     9         472         17218.6         26.3255        0.015625          Refine grid             Train
    10         473         17251.2         5.99599        0.015625      Successful search (ES-ell)        
    10         474           17237         7.00076        0.015625      Successful search (ES-ell)        
    10         475         17222.4         8.70458        0.015625      Successful search (ES-ell)        
    10         476         17194.9         11.4232        0.015625      Successful search (ES-ell)        
    10         516         17194.9         11.4232       0.0078125          Refine grid             
    11         517         17256.5         5.80854       0.0078125      Successful search (ES-ell)        
    11         518         17252.1          6.2302       0.0078125      Successful search (ES-ell)        
    11         519         17248.1         6.97442       0.0078125      Successful search (ES-ell)        
    11         520         17244.2         7.99465       0.0078125      Successful search (ES-ell)        
    11         521         17235.5         9.36187       0.0078125      Successful search (ES-ell)        
    11         522         17218.7         11.5078       0.0078125      Successful search (ES-ell)        
    11         523         17210.5         13.6816       0.0078125      Successful search (ES-ell)        
    11         524         17207.5         16.9562       0.0078125      Successful search (ES-ell)        
    11         560         17207.5         16.9562      0.00390625          Refine grid             
    12         561         17245.5         6.45458      0.00390625      Successful search (ES-ell)        
    12         562         17244.2         6.37658      0.00390625      Successful search (ES-ell)        
    12         604         17241.5         6.73305       0.0078125        Successful poll           
    13         605         17238.6         6.27153       0.0078125      Successful search (ES-ell)        
    13         606         17233.4         6.57497       0.0078125      Successful search (ES-ell)        
    13         608         17232.3         6.56388       0.0078125      Successful search (ES-wcm)        
    13         610         17227.9         7.31766       0.0078125      Successful search (ES-ell)        
    13         611         17221.9         8.13836       0.0078125      Successful search (ES-ell)        
    13         612         17212.6         9.87414       0.0078125      Successful search (ES-ell)        
    13         613         17200.5         12.7178       0.0078125      Successful search (ES-ell)        
    13         647         17200.5         12.7178      0.00390625          Refine grid             Train
    14         648           17246         4.66431      0.00390625      Successful search (ES-ell)        
    14         649         17243.2         5.12468      0.00390625      Successful search (ES-ell)        
    14         650         17241.1         4.92615      0.00390625      Successful search (ES-wcm)        
    14         651         17237.9         4.91139      0.00390625      Successful search (ES-wcm)        
    14         652         17235.5         5.23497      0.00390625      Successful search (ES-wcm)        
    14         653         17232.4         5.99799      0.00390625      Successful search (ES-wcm)        
    14         654         17230.4         7.36239      0.00390625      Successful search (ES-wcm)        
    14         691         17230.4         7.36239      0.00195312          Refine grid             
    15         724           17240         4.93064     0.000976562          Refine grid             
Optimization terminated: change in the function value less than options['tol_mesh']
Estimated function value at minimum: 17248.62144555526 ± 4.3036668315456295 (mean ± SEM from 100 samples)
BADS minimum at: x_min = [ 2.6528e+00  2.7534e+00  3.7697e+00  4.8800e-02 -3.9040e-01  5.7557e+00
  5.4320e-01  4.8710e-01  1.9000e-03  1.3136e+00  2.3290e-01], training NLL = 17248.6214
total f-count: 824, time: 35.92 min

 ------- Finish Optimization for Subject 6 ---------- 

 ------- Start Optimization for Subject 11 ---------- 

 Cross Validation fold 0/1

 -- Start Optimization: method BADS --

 Optimization Run 1/1
Initial params: [0.4408, 6.2779, 5.3994, 15.5673, 3.4174, 28.5986, 0.3329, 0.2998, 0.2027, 0.9875, 0.9655]
bads:TooCloseBounds: For each variable, hard and plausible bounds should not be too close. Moving plausible bounds.
Variables (index) internally transformed to log coordinates: [[ 0  0]
 [ 0  3]
 [ 0  8]
 [ 0  9]
 [ 0 10]]
Beginning optimization of a STOCHASTIC objective function

 Iteration    f-count      E[f(x)]        SD[f(x)]           MeshScale          Method              Actions
     0           1         22802.6             nan               1                                  
     0          27         22802.6             nan               1          Initial mesh            Initial points
     0          40         21968.4        0.999995               1        Successful poll           Train
     1          42         20045.2        0.999992               1      Successful search (ES-wcm)        
     1          43         18388.5        0.999993               1      Successful search (ES-wcm)        
     1          48         18238.2        0.999938               1      Successful search (ES-wcm)        
     1          59         18187.2         1.00004               1      Successful search (ES-wcm)        
     1          60         18103.1          1.0002               1      Successful search (ES-wcm)        
     1          72         18091.2        0.994726               1      Successful search (ES-ell)        
     1          78         18083.3          1.0088               1      Successful search (ES-wcm)        
     1          83         18015.9         1.00857               1      Successful search (ES-wcm)        
     1          93         17953.1        0.998887               1      Successful search (ES-ell)        
     1         120         17953.1        0.998887             0.5          Refine grid             Train
     2         151         17955.6        0.909671            0.25          Refine grid             Train
     3         183         17955.6        0.812602           0.125          Refine grid             Train
     4         188         17962.7        0.796791           0.125      Successful search (ES-ell)        
     4         213         17959.2         22.1365            0.25        Successful poll           
     5         245         17949.8         21.4873           0.125          Refine grid             Train
     6         246         17971.7         23.9654           0.125      Successful search (ES-ell)        
     6         247         17935.2         36.5002           0.125      Successful search (ES-ell)        
     6         250         17915.3         32.4996           0.125      Successful search (ES-ell)        
     6         252         17904.9         34.3165           0.125      Successful search (ES-ell)        
     6         259         17904.8         20.9002           0.125      Successful search (ES-ell)        
     6         262         17903.2         19.2844           0.125      Successful search (ES-ell)        
     6         268         17902.7         25.9658           0.125      Successful search (ES-ell)        
     6         311         17902.7         25.9658          0.0625          Refine grid             Train
     7         312         17923.1         8.99188          0.0625      Successful search (ES-wcm)        
     7         313         17905.8         9.58537          0.0625      Successful search (ES-wcm)        
     7         314         17889.4         19.6412          0.0625      Successful search (ES-wcm)        
     7         316         17880.7         17.4714          0.0625      Successful search (ES-wcm)        
     7         319         17878.2         22.5395          0.0625      Successful search (ES-ell)        
     7         355         17878.2         22.5395         0.03125          Refine grid             
     8         356         17892.9         9.00362         0.03125      Successful search (ES-ell)        
     8         357         17886.2         15.5906         0.03125      Successful search (ES-ell)        
     8         358         17879.6         21.0255         0.03125      Successful search (ES-ell)        
     8         399         17879.6         21.0255        0.015625          Refine grid             
     9         400           17898         6.91143        0.015625      Successful search (ES-wcm)        
     9         401         17892.9         7.04053        0.015625      Successful search (ES-wcm)        
     9         406         17890.2         6.71926        0.015625      Successful search (ES-wcm)        
     9         413         17880.9         6.26203        0.015625      Successful search (ES-ell)        
     9         454         17880.9         6.26203       0.0078125          Refine grid             
    10         455         17895.6         4.96899       0.0078125      Successful search (ES-wcm)        
    10         456         17893.6         5.21728       0.0078125      Successful search (ES-wcm)        
    10         457         17891.5         5.44484       0.0078125      Successful search (ES-wcm)        
    10         458         17891.5         5.85467       0.0078125      Successful search (ES-wcm)        
    10         459         17890.5         6.58254       0.0078125      Successful search (ES-wcm)        
    10         460         17890.3          8.1157       0.0078125      Successful search (ES-wcm)        
    10         481         17881.3         8.75367        0.015625        Successful poll           
    11         482         17873.4         10.3213        0.015625      Successful search (ES-wcm)        
    11         487         17867.2         9.58256        0.015625      Successful search (ES-wcm)        
    11         490           17863         9.37396        0.015625      Successful search (ES-wcm)        
    11         523         17849.7         14.2373         0.03125        Successful poll           
    12         524         17877.6         14.8419         0.03125      Successful search (ES-ell)        
    12         527         17875.6         11.2435         0.03125      Successful search (ES-ell)        
    12         528         17850.7          12.758         0.03125      Successful search (ES-ell)        
    12         529         17824.5         15.8375         0.03125      Successful search (ES-ell)        
    12         567         17824.5         15.8375        0.015625          Refine grid             
    13         568         17871.4          12.106        0.015625      Successful search (ES-ell)        
    13         569         17844.8         14.5216        0.015625      Successful search (ES-ell)        
    13         570           17840         18.0238        0.015625      Successful search (ES-ell)        
    13         611           17840         18.0238       0.0078125          Refine grid             
    14         612         17893.5         5.10214       0.0078125      Successful search (ES-wcm)        
    14         613         17890.9         6.00622       0.0078125      Successful search (ES-wcm)        
    14         614         17885.8         6.96942       0.0078125      Successful search (ES-wcm)        
    14         615         17881.1         7.72835       0.0078125      Successful search (ES-wcm)        
    14         617         17867.2         10.3274       0.0078125      Successful search (ES-wcm)        
    14         618         17859.3         15.2469       0.0078125      Successful search (ES-ell)        
    14         655         17859.3         15.2469      0.00390625          Refine grid             Train
    15         656         17897.7         4.79613      0.00390625      Successful search (ES-ell)        
    15         657         17896.3         5.51373      0.00390625      Successful search (ES-ell)        
    15         658           17892         7.22182      0.00390625      Successful search (ES-ell)        
    15         659         17890.3         9.66953      0.00390625      Successful search (ES-ell)        
    15         660         17888.2         11.8822      0.00390625      Successful search (ES-wcm)        
    15         662         17880.8         13.4553      0.00390625      Successful search (ES-ell)        
    15         674           17880         9.06829      0.00390625      Successful search (ES-ell)        
    15         710           17880         9.06829      0.00195312          Refine grid             Train
    16         711         17892.7          5.1411      0.00195312      Successful search (ES-ell)        
    16         712         17889.3         5.42357      0.00195312      Successful search (ES-ell)        
    16         713         17885.6         5.85643      0.00195312      Successful search (ES-ell)        
    16         714         17881.2         6.54056      0.00195312      Successful search (ES-ell)        
    16         715         17871.2         7.63713      0.00195312      Successful search (ES-ell)        
    16         717           17871         8.52069      0.00195312      Successful search (ES-wcm)        
    16         721         17862.9         8.50784      0.00195312      Successful search (ES-wcm)        
    16         749         17858.9         7.68493      0.00390625        Successful poll           Train
    17         750         17895.4         5.12809      0.00390625      Successful search (ES-wcm)        
    17         751         17895.3         5.37899      0.00390625      Successful search (ES-wcm)        
    17         752         17889.9         5.79588      0.00390625      Successful search (ES-ell)        
    17         753           17886         7.03794      0.00390625      Successful search (ES-ell)        
    17         754           17875         8.63162      0.00390625      Successful search (ES-ell)        
    17         793           17875         8.63162      0.00195312          Refine grid             
    18         794         17898.6         5.19496      0.00195312      Successful search (ES-ell)        
    18         795         17896.5         5.60194      0.00195312      Successful search (ES-ell)        
    18         796         17895.3         6.45935      0.00195312      Successful search (ES-wcm)        
    18         799         17894.1         6.74622      0.00195312      Successful search (ES-ell)        
    18         801         17892.9         7.13025      0.00195312      Successful search (ES-ell)        
    18         802         17888.8          8.3027      0.00195312      Successful search (ES-ell)        
    18         803         17886.9         8.51384      0.00195312      Successful search (ES-ell)        
    18         804         17876.8         11.7173      0.00195312      Successful search (ES-ell)        
    18         837         17876.8         11.7173     0.000976562          Refine grid             
Optimization terminated: change in the function value less than options['tol_mesh']
Estimated function value at minimum: 17888.22672022666 ± 4.1569026310944235 (mean ± SEM from 100 samples)
BADS minimum at: x_min = [ 1.5917  5.5175  5.1284  4.4456  2.8624 18.0335  0.3149  0.4162  0.0734
  1.1954  0.2336], training NLL = 17888.2267
total f-count: 937, time: 40.98 min

 ------- Finish Optimization for Subject 11 ---------- 

 ------- Start Optimization for Subject 15 ---------- 

 Cross Validation fold 0/1

 -- Start Optimization: method BADS --

 Optimization Run 1/1
Initial params: [1.2928, 5.2051, 2.2451, 3.0154, 1.4158, 14.5605, 0.5758, 0.1519, 0.6778, 0.6685, 0.5791]
bads:TooCloseBounds: For each variable, hard and plausible bounds should not be too close. Moving plausible bounds.
Variables (index) internally transformed to log coordinates: [[ 0  0]
 [ 0  3]
 [ 0  8]
 [ 0  9]
 [ 0 10]]
Beginning optimization of a STOCHASTIC objective function

 Iteration    f-count      E[f(x)]        SD[f(x)]           MeshScale          Method              Actions
     0           1         28672.9             nan               1                                  
     0          27         25361.1             nan               1          Initial mesh            Initial points
     0          28         24787.4        0.999984               1        Successful poll           Train
     1          30         24756.9        0.999981               1      Successful search (ES-wcm)        
     1          31         23597.4        0.999982               1      Successful search (ES-wcm)        
     1          33         22097.1        0.999982               1      Successful search (ES-wcm)        
     1          35         21069.2        0.999982               1      Successful search (ES-wcm)        
     1          36         20550.8        0.999984               1      Successful search (ES-ell)        
     1          38         19758.2        0.999984               1      Successful search (ES-ell)        
     1          41         18779.3        0.999981               1      Successful search (ES-ell)        
     1          44         18014.3         0.99997               1      Successful search (ES-ell)        
     1          48           17899        0.999956               1      Successful search (ES-ell)        
     1          49         17716.8        0.999945               1      Successful search (ES-wcm)        
     1          51           17000        0.990167               1      Successful search (ES-ell)        
     1          59         16994.2        0.989811               1      Successful search (ES-ell)        
     1          65         16920.2        0.989488               1      Successful search (ES-wcm)        
     1          66         16898.6        0.989206               1      Successful search (ES-wcm)        
     1          72         16824.5         0.97469               1      Successful search (ES-ell)        
     1          79         16757.1        0.983122               1      Successful search (ES-ell)        
     1         108         16757.1        0.983122             0.5          Refine grid             Train
     2         137         16758.5         1.28102            0.25          Refine grid             Train
     3         146         16753.9         1.09155            0.25      Successful search (ES-ell)        
     3         178         16753.9         1.09155           0.125          Refine grid             Train
     4         186         16774.6        0.801712           0.125      Successful search (ES-ell)        
     4         212           16771         1.19842            0.25        Successful poll           Train
     5         242           16771         1.19842           0.125          Refine grid             Train
     6         266           16764        0.792057            0.25        Successful poll           Train
     7         296         16764.1        0.792048           0.125          Refine grid             Train
     8         322           16788          1.0347            0.25        Successful poll           Train
     9         325         16773.5         1.03479            0.25      Successful search (ES-wcm)        
     9         330         16767.8          1.0348            0.25      Successful search (ES-wcm)        
     9         364         16767.8          1.0348           0.125          Refine grid             
    10         370         16774.7         1.03416           0.125      Successful search (ES-wcm)        
    10         407         16774.7         1.03416          0.0625          Refine grid             Train
    11         439         16788.1          1.0347        0.015625          Refine grid             Train
    12         442         16782.2         0.89453        0.015625      Successful search (ES-wcm)        
    12         470         16762.7        0.987551         0.03125        Successful poll           
    13         471         16752.6         1.03247         0.03125      Successful search (ES-wcm)        
    13         513         16752.6         1.03247        0.015625          Refine grid             
    14         514         16762.7         1.01483        0.015625      Successful search (ES-wcm)        
    14         556         16762.7         1.01483       0.0078125          Refine grid             
    15         557         16788.5        0.817148       0.0078125      Successful search (ES-wcm)        
    15         599         16788.5        0.817148      0.00390625          Refine grid             
    16         600         16824.1        0.425603      0.00390625      Successful search (ES-wcm)        
    16         642         16824.1        0.425603      0.00195312          Refine grid             
    17         674         16826.6          0.6933     0.000976562          Refine grid             
Optimization terminated: change in the function value less than options['tol_mesh']
Estimated function value at minimum: 16857.183319892716 ± 3.9955517875916597 (mean ± SEM from 100 samples)
BADS minimum at: x_min = [ 1.6472  7.708   6.8294  0.0835 -9.0952 11.1024  0.4726  0.556   1.3699
  1.9996  0.3639], training NLL = 16857.1833
total f-count: 774, time: 33.7 min

 ------- Finish Optimization for Subject 15 ---------- 

 ------- Start Optimization for Subject 20 ---------- 

 Cross Validation fold 0/1

 -- Start Optimization: method BADS --

 Optimization Run 1/1
Initial params: [1.6893, 9.1792, 9.2314, 18.7671, -3.4697, 14.7607, 0.4073, 0.294, 0.1004, 0.5955, 0.8907]
bads:TooCloseBounds: For each variable, hard and plausible bounds should not be too close. Moving plausible bounds.
Variables (index) internally transformed to log coordinates: [[ 0  0]
 [ 0  3]
 [ 0  8]
 [ 0  9]
 [ 0 10]]
Beginning optimization of a STOCHASTIC objective function

 Iteration    f-count      E[f(x)]        SD[f(x)]           MeshScale          Method              Actions
     0           1         23172.4             nan               1                                  
     0          27         23172.4             nan               1          Initial mesh            Initial points
     0          41         23034.3         1.01633               1        Successful poll           Train
     1          42         22238.5         1.01633               1      Successful search (ES-wcm)        
     1          45         21217.4         1.01633               1      Successful search (ES-wcm)        
     1          46         20999.4         1.01633               1      Successful search (ES-wcm)        
     1          47         20012.2         1.01632               1      Successful search (ES-wcm)        
     1          59         19954.2        0.966247               1      Successful search (ES-wcm)        
     1          73         19843.4        0.962127               1      Successful search (ES-wcm)        
     1          74         19663.2         0.97401               1      Successful search (ES-ell)        
     1          80         19633.7        0.974073               1      Successful search (ES-wcm)        
     1          81         19542.7        0.974061               1      Successful search (ES-ell)        
     1          82         19095.8        0.974072               1      Successful search (ES-ell)        
     1          89         19073.9        0.974069               1      Successful search (ES-ell)        
     1          91         18879.3        0.974052               1      Successful search (ES-ell)        
     1          93         18829.9        0.974064               1      Successful search (ES-ell)        
     1          99         18789.7        0.984395               1      Successful search (ES-ell)        
     1         116         18788.5        0.984285               1      Successful search (ES-wcm)        
     1         118           18751        0.983264               1      Successful search (ES-ell)        
     1         120         18703.6         1.04869               1      Successful search (ES-ell)        
     1         143         18679.7         1.04868               1        Successful poll           Train
     2         149         18675.2         1.13725               1      Successful search (ES-ell)        
     2         151         18544.1         1.13725               1      Successful search (ES-ell)        
     2         153         18471.5         1.13724               1      Successful search (ES-ell)        
     2         157         18464.5         1.13726               1      Successful search (ES-ell)        
     2         169         18410.8         1.13705               1      Successful search (ES-ell)        
     2         171         18374.7         1.13705               1      Successful search (ES-ell)        
     2         184         18227.8         1.13679               1      Successful search (ES-ell)        
     2         212         18227.8         1.13679             0.5          Refine grid             
     3         239         18231.4         1.11455            0.25          Refine grid             
     4         243         18260.9         1.13517            0.25      Incremental search (ES-wcm)        
     4         268         18260.9         1.13517           0.125          Refine grid             
     5         273         18261.5          1.1178           0.125      Successful search (ES-wcm)        
     5         309         18261.5          1.1178          0.0625          Refine grid             
     6         339         18272.6        0.708651        0.015625          Refine grid             
     7         340         18220.1          1.0844        0.015625      Successful search (ES-wcm)        
     7         383         18220.1          1.0844       0.0078125          Refine grid             
     8         416         18283.6        0.486299      0.00390625          Refine grid             
     9         417         18296.5         8.28477      0.00390625      Successful search (ES-wcm)        
     9         418         18292.5         8.48022      0.00390625      Successful search (ES-wcm)        
     9         419           18290          9.1076      0.00390625      Successful search (ES-wcm)        
     9         420         18285.3         9.95726      0.00390625      Successful search (ES-wcm)        
     9         422         18283.2          10.076      0.00390625      Successful search (ES-wcm)        
     9         423         18279.3         13.0221      0.00390625      Successful search (ES-wcm)        
     9         426         18269.8         11.9736      0.00390625      Successful search (ES-ell)        
     9         427         18265.3         13.3221      0.00390625      Successful search (ES-ell)        
     9         460         18265.3         13.3221      0.00195312          Refine grid             Train
    10         461         18279.8         7.42271      0.00195312      Successful search (ES-wcm)        
    10         462         18275.2         7.74764      0.00195312      Successful search (ES-wcm)        
    10         463         18263.9         7.86883      0.00195312      Successful search (ES-ell)        
    10         464         18246.3         8.05293      0.00195312      Successful search (ES-ell)        
    10         465         18223.7         8.67904      0.00195312      Successful search (ES-ell)        
    10         466         18188.5          9.6732      0.00195312      Successful search (ES-ell)        
    10         467         18147.8         10.8383      0.00195312      Successful search (ES-ell)        
    10         468         18082.5         14.2936      0.00195312      Successful search (ES-ell)        
    10         504         18082.5         14.2936     0.000976562          Refine grid             Train
Optimization terminated: change in the function value less than options['tol_mesh']
Estimated function value at minimum: 18270.366708739206 ± 4.8849151942779345 (mean ± SEM from 100 samples)
BADS minimum at: x_min = [ 4.3085  9.3034 10.6471  3.6268  1.6442 11.1144  0.5035  0.2954  0.2852
  1.0433  0.233 ], training NLL = 18270.3667
total f-count: 604, time: 26.25 min

 ------- Finish Optimization for Subject 20 ---------- 

 ------- Start Optimization for Subject 25 ---------- 

 Cross Validation fold 0/1

 -- Start Optimization: method BADS --

 Optimization Run 1/1
Initial params: [0.0447, 7.9248, 13.2493, 11.2121, -3.1316, 23.5519, 0.6745, 0.173, 0.5925, 0.0402, 0.1552]
bads:TooCloseBounds: For each variable, hard and plausible bounds should not be too close. Moving plausible bounds.
Variables (index) internally transformed to log coordinates: [[ 0  0]
 [ 0  3]
 [ 0  8]
 [ 0  9]
 [ 0 10]]
Beginning optimization of a STOCHASTIC objective function

 Iteration    f-count      E[f(x)]        SD[f(x)]           MeshScale          Method              Actions
     0           1         28043.7             nan               1                                  
     0          27         26350.2             nan               1          Initial mesh            Initial points
     0          28         26307.3        0.999985               1        Successful poll           Train
     1          30         24902.3        0.999982               1      Successful search (ES-wcm)        
     1          31         24142.6        0.999985               1      Successful search (ES-ell)        
     1          34         24057.4        0.999983               1      Successful search (ES-ell)        
     1          35         23360.3        0.999983               1      Successful search (ES-ell)        
     1          37         22816.1        0.999983               1      Successful search (ES-ell)        
     1          41         22494.4        0.999973               1      Successful search (ES-ell)        
     1          42         22398.2        0.999971               1      Successful search (ES-ell)        
     1          46         22397.8        0.999904               1      Incremental search (ES-ell)        
     1          55         22394.9         0.99886               1      Successful search (ES-ell)        
     1          57         22390.8        0.999269               1      Successful search (ES-ell)        
     1          61         22344.4        0.996253               1      Successful search (ES-ell)        
     1          62         22182.3        0.999621               1      Successful search (ES-ell)        
     1          67         22011.5        0.999424               1      Successful search (ES-ell)        
     1          68         21937.8        0.999448               1      Successful search (ES-ell)        
     1          72         21924.8        0.998742               1      Successful search (ES-ell)        
     1          80         21893.3        0.987485               1      Successful search (ES-ell)        
     1          81         21836.7        0.981824               1      Successful search (ES-ell)        
     1          84         21775.3        0.991291               1      Successful search (ES-ell)        
     1          86         21744.2        0.991317               1      Successful search (ES-ell)        
     1          90         21713.2        0.991245               1      Successful search (ES-ell)        
     1          91         21604.9        0.991295               1      Successful search (ES-ell)        
     1         101         21536.2         1.08481               1      Successful search (ES-ell)        
     1         103         21474.2         1.08458               1      Successful search (ES-ell)        
     1         120         21404.8         1.08517               1        Successful poll           Train
     2         123         21377.7         1.02079               1      Successful search (ES-ell)        
     2         124         21365.4         1.02081               1      Successful search (ES-ell)        
     2         134         21308.2         1.02068               1      Successful search (ES-ell)        
     2         139         21145.1         1.02036               1      Successful search (ES-ell)        
     2         142         21141.9         1.01595               1      Successful search (ES-ell)        
     2         145         21084.8          1.0355               1      Successful search (ES-ell)        
     2         148         20965.4         1.03547               1      Successful search (ES-ell)        
     2         149         20927.8         1.03549               1      Successful search (ES-ell)        
     2         178         20927.8         1.03549             0.5          Refine grid             Train
     3         203         20951.6        0.804354            0.25          Refine grid             Train
     4         230         20974.2         0.87061           0.125          Refine grid             Train
     5         235         21060.5         0.58521           0.125      Successful search (ES-ell)        
     5         236         21044.6        0.903104           0.125      Successful search (ES-ell)        
     5         238         20977.4         0.93806           0.125      Successful search (ES-ell)        
     5         241           20948        0.879282           0.125      Successful search (ES-ell)        
     5         269           20948        0.879282          0.0625          Refine grid             
     6         270         20943.6        0.931528          0.0625      Successful search (ES-ell)        
     6         310         20943.6        0.931528         0.03125          Refine grid             
     7         311         21066.9         6.13026         0.03125      Successful search (ES-ell)        
     7         312         21060.2         6.43464         0.03125      Successful search (ES-ell)        
     7         313         21050.5         7.29439         0.03125      Successful search (ES-ell)        
     7         314         21040.5         8.83315         0.03125      Successful search (ES-ell)        
     7         315         21022.7         12.2257         0.03125      Successful search (ES-ell)        
     7         316           21002         17.2759         0.03125      Successful search (ES-ell)        
     7         317         20975.3         22.8347         0.03125      Successful search (ES-ell)        
     7         318         20954.9         26.9695         0.03125      Successful search (ES-ell)        
     7         319         20901.3         33.6166         0.03125      Successful search (ES-wcm)        
     7         320         20895.3              40         0.03125      Successful search (ES-wcm)        
     7         323         20889.1         23.7164         0.03125      Successful search (ES-wcm)        
     7         324           20887         23.6116         0.03125      Successful search (ES-wcm)        
     7         333         20876.2         15.7131         0.03125      Successful search (ES-ell)        
     7         334         20872.6         15.8605         0.03125      Successful search (ES-ell)        
     7         335         20872.3         16.7106         0.03125      Successful search (ES-ell)        
     7         372         20872.3         16.7106        0.015625          Refine grid             
     8         373         20893.8         8.80302        0.015625      Successful search (ES-ell)        
     8         374         20891.7         9.00959        0.015625      Successful search (ES-ell)        
     8         375         20891.2         9.66734        0.015625      Successful search (ES-ell)        
     8         376           20888         11.2391        0.015625      Successful search (ES-ell)        
     8         411           20888         11.2391       0.0078125          Refine grid             
     9         439         20918.5         10.0195        0.015625        Successful poll           
    10         440         20920.3         8.15273        0.015625      Successful search (ES-ell)        
    10         441         20917.8         9.58124        0.015625      Successful search (ES-ell)        
    10         442         20914.9         12.4977        0.015625      Successful search (ES-ell)        
    10         443         20909.5          15.868        0.015625      Successful search (ES-ell)        
    10         445         20901.4         19.0145        0.015625      Successful search (ES-ell)        
    10         447         20898.7         11.1998        0.015625      Successful search (ES-ell)        
    10         449         20882.1         10.9058        0.015625      Successful search (ES-ell)        
    10         450         20860.7         12.7371        0.015625      Successful search (ES-ell)        
    10         451         20859.7         13.3134        0.015625      Successful search (ES-ell)        
    10         452         20853.9         13.3179        0.015625      Successful search (ES-ell)        
    10         453         20843.1          14.216        0.015625      Successful search (ES-ell)        
    10         454           20818         15.3879        0.015625      Successful search (ES-ell)        
    10         455         20784.7         16.1882        0.015625      Successful search (ES-ell)        
    10         456         20739.9         19.4903        0.015625      Successful search (ES-ell)        
    10         457         20682.9         23.1387        0.015625      Successful search (ES-ell)        
    10         493         20682.9         23.1387       0.0078125          Refine grid             
    11         494           20795         8.63887       0.0078125      Successful search (ES-ell)        
    11         495         20791.5         8.58961       0.0078125      Successful search (ES-ell)        
    11         496         20784.7         9.21145       0.0078125      Successful search (ES-ell)        
    11         497         20763.3         10.6481       0.0078125      Successful search (ES-wcm)        
    11         498         20741.2         12.8017       0.0078125      Successful search (ES-wcm)        
    11         499         20723.9          16.357       0.0078125      Successful search (ES-wcm)        
    11         500         20707.7         22.1059       0.0078125      Successful search (ES-wcm)        
    11         535         20707.7         22.1059      0.00390625          Refine grid             
    12         536         20831.5         7.05254      0.00390625      Successful search (ES-wcm)        
    12         537         20829.6         7.23255      0.00390625      Successful search (ES-wcm)        
    12         538         20826.6         7.55146      0.00390625      Successful search (ES-wcm)        
    12         539         20822.8         8.02667      0.00390625      Successful search (ES-wcm)        
    12         540         20817.7         8.67183      0.00390625      Successful search (ES-wcm)        
    12         541         20808.1         10.0076      0.00390625      Successful search (ES-wcm)        
    12         542         20803.5         11.2797      0.00390625      Successful search (ES-wcm)        
    12         543         20793.4          13.944      0.00390625      Successful search (ES-wcm)        
    12         544           20793         16.3337      0.00390625      Successful search (ES-wcm)        
    12         577           20793         16.3337      0.00195312          Refine grid             Train
    13         578         20859.3         4.63823      0.00195312      Successful search (ES-ell)        
    13         579         20857.7         4.66866      0.00195312      Successful search (ES-ell)        
    13         580           20856         4.78394      0.00195312      Successful search (ES-ell)        
    13         581         20853.5         4.78602      0.00195312      Successful search (ES-wcm)        
    13         582         20851.1         4.82344      0.00195312      Successful search (ES-wcm)        
    13         583         20848.8         4.90361      0.00195312      Successful search (ES-wcm)        
    13         584         20846.3         5.05979      0.00195312      Successful search (ES-wcm)        
    13         585         20842.8         5.42996      0.00195312      Successful search (ES-wcm)        
    13         586         20838.2         6.11514      0.00195312      Successful search (ES-wcm)        
    13         587         20819.4          10.919      0.00195312      Successful search (ES-ell)        
    13         588         20791.1         17.3284      0.00195312      Successful search (ES-ell)        
    13         589         20788.7         16.7826      0.00195312      Successful search (ES-ell)        
    13         591         20788.1         15.7947      0.00195312      Successful search (ES-wcm)        
    13         631         20788.1         15.7947     0.000976562          Refine grid             
Optimization terminated: change in the function value less than options['tol_mesh']
Estimated function value at minimum: 20832.576880032593 ± 5.324105857026867 (mean ± SEM from 100 samples)
BADS minimum at: x_min = [ 1.2000e-03  9.6263e+00  9.3285e+00  4.9860e-01 -2.3811e+00  9.8945e+00
  4.8180e-01  4.8500e-01  1.3867e+00  1.9958e+00  4.0560e-01], training NLL = 20832.5769
total f-count: 731, time: 31.8 min

 ------- Finish Optimization for Subject 25 ---------- 
