device is : cuda
['base_clamp', '1', 'all', 'bads', '1']

 ------- Start Optimization for Subject 2 ---------- 

 Cross Validation fold 0/1

 -- Start Optimization: method BADS --

 Optimization Run 1/1
Initial params: [0.7341, 3.1106, 6.8149, 18.5518, 0.0845, 12.5432, 0.3888, 0.2367, 0.1526, 0.2621, 0.1869]
bads:TooCloseBounds: For each variable, hard and plausible bounds should not be too close. Moving plausible bounds.
Variables (index) internally transformed to log coordinates: [[ 0  0]
 [ 0  3]
 [ 0  8]
 [ 0  9]
 [ 0 10]]
Beginning optimization of a STOCHASTIC objective function

 Iteration    f-count      E[f(x)]        SD[f(x)]           MeshScale          Method              Actions
     0           1         28678.7             nan               1                                  
     0          27         25943.8             nan               1          Initial mesh            Initial points
     0          43         25720.2         1.00562               1        Successful poll           Train
     1          46           25594         1.00561               1      Successful search (ES-wcm)        
     1          47           23812         1.00561               1      Successful search (ES-wcm)        
     1          49         22857.5         1.00561               1      Successful search (ES-wcm)        
     1          53         22790.4         0.99089               1      Successful search (ES-wcm)        
     1          54         21886.9        0.990885               1      Successful search (ES-wcm)        
     1          56         21278.9        0.990892               1      Successful search (ES-wcm)        
     1          57         21203.2        0.990889               1      Successful search (ES-wcm)        
     1          62           20897        0.990875               1      Successful search (ES-ell)        
     1          64         20788.6        0.990841               1      Successful search (ES-ell)        
     1          71         20720.8        0.989477               1      Successful search (ES-ell)        
     1          73         20631.9        0.990432               1      Successful search (ES-ell)        
     1          74         20339.2        0.987167               1      Successful search (ES-wcm)        
     1          77         20257.1        0.987176               1      Successful search (ES-wcm)        
     1          79         19985.1        0.987153               1      Successful search (ES-wcm)        
     1          81         19917.7        0.987173               1      Successful search (ES-wcm)        
     1          85         19880.9        0.986914               1      Successful search (ES-wcm)        
     1          93         19878.9        0.983949               1      Successful search (ES-wcm)        
     1          94         19778.8        0.986036               1      Successful search (ES-wcm)        
     1         100           19725         1.13301               1      Successful search (ES-wcm)        
     1         108         19700.7         1.13239               1      Successful search (ES-wcm)        
     1         136         19700.7         1.13239             0.5          Refine grid             Train
     2         145           19690         1.02256             0.5      Successful search (ES-wcm)        
     2         155           19628         1.02518             0.5      Successful search (ES-wcm)        
     2         187           19628         1.02518            0.25          Refine grid             
     3         216         19642.9        0.898966           0.125          Refine grid             
     4         219         19621.9          1.0252           0.125      Successful search (ES-wcm)        
     4         257         19621.9          1.0252          0.0625          Refine grid             
     5         259         19693.9         1.16375          0.0625      Successful search (ES-ell)        
     5         262         19688.1         1.16344          0.0625      Successful search (ES-ell)        
     5         269         19660.8         1.16377          0.0625      Successful search (ES-ell)        
     5         274           19652         1.16365          0.0625      Successful search (ES-ell)        
     5         276         19568.8         1.16382          0.0625      Successful search (ES-wcm)        
     5         309         19568.8         1.16382         0.03125          Refine grid             
     6         340         19570.2         1.11149        0.015625          Refine grid             
     7         372         19573.3         0.75807       0.0078125          Refine grid             
     8         377         19652.1        0.714244       0.0078125      Successful search (ES-ell)        
     8         416         19652.1        0.714244      0.00390625          Refine grid             
     9         418           19665        0.703628      0.00390625      Successful search (ES-ell)        
     9         460           19665        0.703628      0.00195312          Refine grid             
    10         462         19693.1        0.343287      0.00195312      Successful search (ES-ell)        
    10         504         19693.1        0.343287     0.000976562          Refine grid             
Optimization terminated: change in the function value less than options['tol_mesh']
Estimated function value at minimum: 19716.977025531814 ± 5.627063504118744 (mean ± SEM from 100 samples)
BADS minimum at: x_min = [ 2.58240e+00  7.48300e+00  1.15886e+01  6.50000e-03 -4.00600e-01
  1.19524e+01  4.55000e-01  3.28300e-01  2.75400e-01  1.93640e+00
  2.71800e-01], training NLL = 19716.977
total f-count: 604, time: 26.98 min

 ------- Finish Optimization for Subject 2 ---------- 

 ------- Start Optimization for Subject 3 ---------- 

 Cross Validation fold 0/1

 -- Start Optimization: method BADS --

 Optimization Run 1/1
Initial params: [0.1525, 6.174, 2.3065, 12.0646, -3.6501, 7.5478, 0.3089, 0.2656, 0.0718, 0.5423, 0.3444]
bads:TooCloseBounds: For each variable, hard and plausible bounds should not be too close. Moving plausible bounds.
Variables (index) internally transformed to log coordinates: [[ 0  0]
 [ 0  3]
 [ 0  8]
 [ 0  9]
 [ 0 10]]
Beginning optimization of a STOCHASTIC objective function

 Iteration    f-count      E[f(x)]        SD[f(x)]           MeshScale          Method              Actions
     0           1         30082.2             nan               1                                  
     0          27         25959.8             nan               1          Initial mesh            Initial points
     0          42         25648.8        0.999579               1        Successful poll           Train
     1          43         25345.6        0.999578               1      Successful search (ES-wcm)        
     1          48         25096.7        0.999531               1      Successful search (ES-wcm)        
     1          49         24360.2        0.999563               1      Successful search (ES-wcm)        
     1          51         23980.3         1.00642               1      Successful search (ES-wcm)        
     1          52         23337.9         1.00642               1      Successful search (ES-wcm)        
     1          53         22479.4         1.00641               1      Successful search (ES-ell)        
     1          58         22246.8         1.00625               1      Successful search (ES-ell)        
     1          59         22068.9         1.00629               1      Successful search (ES-ell)        
     1          60         22025.9         1.00635               1      Successful search (ES-ell)        
     1          62         21861.7         1.00635               1      Successful search (ES-ell)        
     1          74         21814.7        0.884965               1      Successful search (ES-ell)        
     1          76         21707.7        0.887288               1      Successful search (ES-ell)        
     1          77         21707.7        0.887279               1      Incremental search (ES-ell)        
     1          81         21693.6        0.887108               1      Successful search (ES-ell)        
     1          90         21646.5        0.887084               1      Successful search (ES-ell)        
     1          91           21544        0.887175               1      Successful search (ES-ell)        
     1          98         21219.5         68.0723               1      Successful search (ES-ell)        
     1          99         20596.5         75.0367               1      Successful search (ES-ell)        
     1         101         20472.1         74.0459               1      Successful search (ES-ell)        
     1         103         20366.5         72.6064               1      Successful search (ES-ell)        
     1         105         20222.7         67.1039               1      Successful search (ES-wcm)        
     1         108         20220.2         50.8247               1      Successful search (ES-wcm)        
     1         110         20125.7          55.937               1      Successful search (ES-wcm)        
     1         111         19888.1         63.1562               1      Successful search (ES-wcm)        
     1         112         19726.8         66.4932               1      Successful search (ES-wcm)        
     1         118         19615.5         61.4634               1      Successful search (ES-wcm)        
     1         120         19467.8         72.1779               1      Successful search (ES-wcm)        
     1         121         19183.4         70.7811               1      Successful search (ES-wcm)        
     1         123         19009.9          71.112               1      Successful search (ES-wcm)        
     1         125         18769.9         66.1214               1      Successful search (ES-wcm)        
     1         126         18666.1          68.184               1      Successful search (ES-wcm)        
     1         134         18656.8         44.3229               1      Successful search (ES-wcm)        
     1         138         18640.9         32.4437               1      Successful search (ES-wcm)        
     1         143         18626.7          46.878               1      Successful search (ES-wcm)        
     1         145         18583.3         58.1412               1      Successful search (ES-wcm)        
     1         148         18573.8         42.4242               1      Successful search (ES-wcm)        
     1         150         18566.8         36.2677               1      Successful search (ES-wcm)        
     1         152           18566         36.3626               1      Incremental search (ES-wcm)        
     1         153         18561.5          41.818               1      Successful search (ES-wcm)        
     1         157         18557.9          32.509               1      Successful search (ES-wcm)        
     1         163         18555.6         26.1366               1      Successful search (ES-ell)        
     1         190         18555.6         26.1366             0.5          Refine grid             Train
     2         191         18546.7         35.8542             0.5      Successful search (ES-wcm)        
     2         192         18526.8         60.7579             0.5      Successful search (ES-wcm)        
     2         196         18471.8         47.3884             0.5      Successful search (ES-ell)        
     2         203         18444.9         39.9235             0.5      Successful search (ES-ell)        
     2         240         18444.9         39.9235            0.25          Refine grid             
     3         241         18403.7         23.0461            0.25      Successful search (ES-ell)        
     3         279         18403.7         23.0461           0.125          Refine grid             
     4         280         18453.6         11.1933           0.125      Successful search (ES-ell)        
     4         281           18445         14.4902           0.125      Successful search (ES-ell)        
     4         313         18440.1         25.8162            0.25        Successful poll           Train
     5         314         18372.2         34.1583            0.25      Successful search (ES-ell)        
     5         352         18372.2         34.1583           0.125          Refine grid             
     6         353         18382.9          27.022           0.125      Successful search (ES-wcm)        
     6         354           18378          31.922           0.125      Successful search (ES-ell)        
     6         355         18281.3          55.729           0.125      Successful search (ES-wcm)        
     6         361         18262.3         25.9654           0.125      Successful search (ES-wcm)        
     6         365         18256.9         30.4833           0.125      Successful search (ES-ell)        
     6         403         18256.9         30.4833          0.0625          Refine grid             
     7         404         18270.5         15.0981          0.0625      Successful search (ES-wcm)        
     7         406         18267.9         16.5444          0.0625      Successful search (ES-wcm)        
     7         409         18263.3          16.388          0.0625      Successful search (ES-wcm)        
     7         410         18236.5         20.1303          0.0625      Successful search (ES-ell)        
     7         411         18218.8         27.6275          0.0625      Successful search (ES-ell)        
     7         413         18205.8         26.8236          0.0625      Successful search (ES-ell)        
     7         417         18205.3         19.5351          0.0625      Successful search (ES-ell)        
     7         418         18198.7         18.8326          0.0625      Successful search (ES-wcm)        
     7         419         18194.8         21.1737          0.0625      Successful search (ES-wcm)        
     7         421         18194.5         20.8749          0.0625      Successful search (ES-wcm)        
     7         423         18191.2         21.3268          0.0625      Successful search (ES-wcm)        
     7         454         18191.2         21.3268         0.03125          Refine grid             
     8         455         18194.1         9.07209         0.03125      Successful search (ES-wcm)        
     8         456         18189.9         10.6611         0.03125      Successful search (ES-wcm)        
     8         457         18187.5         12.5627         0.03125      Successful search (ES-wcm)        
     8         458         18184.2         16.3395         0.03125      Successful search (ES-wcm)        
     8         494         18184.2         16.3395        0.015625          Refine grid             
     9         495         18190.6          7.1973        0.015625      Successful search (ES-ell)        
     9         496         18189.7          7.5923        0.015625      Successful search (ES-ell)        
     9         497         18183.7         8.60381        0.015625      Successful search (ES-ell)        
     9         498         18182.8         10.8522        0.015625      Successful search (ES-ell)        
     9         500           18180         13.4223        0.015625      Successful search (ES-wcm)        
     9         501         18175.5         18.4427        0.015625      Successful search (ES-wcm)        
     9         535         18175.5         18.4427       0.0078125          Refine grid             Train
    10         536         18187.1         6.57187       0.0078125      Successful search (ES-wcm)        
    10         537         18185.6         6.73787       0.0078125      Successful search (ES-wcm)        
    10         541         18185.4           6.576       0.0078125      Successful search (ES-wcm)        
    10         549         18184.6         6.23326       0.0078125      Successful search (ES-ell)        
    10         550         18184.2         6.28501       0.0078125      Successful search (ES-ell)        
    10         560         18182.9         5.98759       0.0078125      Successful search (ES-ell)        
    10         562         18181.9         6.00966       0.0078125      Successful search (ES-ell)        
    10         563         18181.1          6.1437       0.0078125      Successful search (ES-ell)        
    10         564         18179.9         6.27703       0.0078125      Successful search (ES-ell)        
    10         565           18178         6.65983       0.0078125      Successful search (ES-ell)        
    10         566         18176.6          7.2848       0.0078125      Successful search (ES-ell)        
    10         567         18175.3         8.51282       0.0078125      Successful search (ES-ell)        
    10         568         18172.5         11.6858       0.0078125      Successful search (ES-wcm)        
    10         581         18171.1         11.0822        0.015625        Successful poll           Train
    11         586         18173.8         8.44733        0.015625      Successful search (ES-wcm)        
    11         621         18173.8         8.44733       0.0078125          Refine grid             
    12         622         18186.5         5.62406       0.0078125      Successful search (ES-ell)        
    12         623         18185.5         6.08169       0.0078125      Successful search (ES-ell)        
    12         624         18183.3         7.75238       0.0078125      Successful search (ES-ell)        
    12         637         18172.7         6.72994       0.0078125      Successful search (ES-ell)        
    12         638         18168.9         6.81719       0.0078125      Successful search (ES-ell)        
    12         639         18166.7          7.0659       0.0078125      Successful search (ES-ell)        
    12         673         18166.7          7.0659      0.00390625          Refine grid             
    13         674         18188.1         5.23325      0.00390625      Successful search (ES-wcm)        
    13         692         18188.1         4.84715      0.00390625      Successful search (ES-wcm)        
    13         693           18185         4.45175      0.00390625      Successful search (ES-wcm)        
    13         696         18184.4         4.61665      0.00390625      Successful search (ES-wcm)        
    13         697         18183.7         4.84314      0.00390625      Successful search (ES-wcm)        
    13         699         18183.4         5.02627      0.00390625      Successful search (ES-wcm)        
    13         706         18182.8         4.69549      0.00390625      Successful search (ES-wcm)        
    13         736           18180         6.95702       0.0078125        Successful poll           
    14         737         18180.2         8.40055       0.0078125      Successful search (ES-ell)        
    14         777         18180.2         8.40055      0.00390625          Refine grid             
    15         778         18180.9         5.93852      0.00390625      Successful search (ES-ell)        
    15         779         18180.6          6.7216      0.00390625      Successful search (ES-ell)        
    15         780         18179.7         7.72738      0.00390625      Successful search (ES-ell)        
    15         781         18177.1         8.55187      0.00390625      Successful search (ES-ell)        
    15         782         18171.9         10.6019      0.00390625      Successful search (ES-ell)        
    15         818         18171.9         10.6019      0.00195312          Refine grid             Train
    16         819           18184         4.43444      0.00195312      Successful search (ES-ell)        
    16         820         18183.6         4.82442      0.00195312      Successful search (ES-ell)        
    16         821         18182.9          5.2719      0.00195312      Successful search (ES-ell)        
    16         822         18181.7         6.11173      0.00195312      Successful search (ES-ell)        
    16         823         18179.6         7.14999      0.00195312      Successful search (ES-ell)        
    16         824         18177.5         11.5485      0.00195312      Successful search (ES-wcm)        
    16         827         18177.3         10.5441      0.00195312      Successful search (ES-ell)        
    16         828         18171.8         12.0046      0.00195312      Successful search (ES-ell)        
    16         860         18171.8         12.0046     0.000976562          Refine grid             
Optimization terminated: change in the function value less than options['tol_mesh']
Estimated function value at minimum: 18186.060424294097 ± 3.9407284548580925 (mean ± SEM from 100 samples)
BADS minimum at: x_min = [ 4.69600e+00  1.10868e+01  1.10872e+01  1.00000e-04 -6.12500e-01
  1.10924e+01  5.00300e-01  3.66100e-01  1.00000e-04  1.21630e+00
  2.76600e-01], training NLL = 18186.0604
total f-count: 960, time: 44.05 min

 ------- Finish Optimization for Subject 3 ---------- 

 ------- Start Optimization for Subject 5 ---------- 

 Cross Validation fold 0/1

 -- Start Optimization: method BADS --

 Optimization Run 1/1
Initial params: [1.7227, 4.6829, 9.2351, 16.6437, 4.9678, 24.9741, 0.5415, 0.2754, 0.4109, 0.0692, 0.0497]
bads:TooCloseBounds: For each variable, hard and plausible bounds should not be too close. Moving plausible bounds.
Variables (index) internally transformed to log coordinates: [[ 0  0]
 [ 0  3]
 [ 0  8]
 [ 0  9]
 [ 0 10]]
Beginning optimization of a STOCHASTIC objective function

 Iteration    f-count      E[f(x)]        SD[f(x)]           MeshScale          Method              Actions
     0           1         29603.2             nan               1                                  
     0          27         26138.6             nan               1          Initial mesh            Initial points
     0          41           25470        0.996402               1        Successful poll           Train
     1          42         22041.3        0.996401               1      Successful search (ES-wcm)        
     1          46         21601.1        0.996392               1      Successful search (ES-wcm)        
     1          47           21502        0.996374               1      Successful search (ES-ell)        
     1          50         21332.7        0.996292               1      Successful search (ES-wcm)        
     1          52         21115.6         1.05282               1      Successful search (ES-wcm)        
     1          57         20839.1         1.05273               1      Successful search (ES-wcm)        
     1          58         20348.6         1.05276               1      Successful search (ES-wcm)        
     1          62         20340.6          1.0523               1      Successful search (ES-wcm)        
     1          68         20096.4         1.05158               1      Successful search (ES-wcm)        
     1          69         19862.4         1.05261               1      Successful search (ES-wcm)        
     1          73         19789.5         1.05073               1      Successful search (ES-wcm)        
     1          78           19723        0.812209               1      Successful search (ES-wcm)        
     1          82         19617.6          0.8121               1      Successful search (ES-wcm)        
     1          83         19492.4        0.812124               1      Successful search (ES-ell)        
     1          88         19383.4        0.812187               1      Successful search (ES-ell)        
     1          94         19367.7        0.811676               1      Successful search (ES-wcm)        
     1         101         19256.8        0.999057               1      Successful search (ES-ell)        
     1         118         19249.7        0.988233               1      Successful search (ES-ell)        
     1         129         19246.2        0.958982               1      Successful search (ES-wcm)        
     1         156         19246.2        0.958982             0.5          Refine grid             Train
     2         184         19246.2         1.24358            0.25          Refine grid             Train
     3         185         19148.6         1.34815            0.25      Successful search (ES-wcm)        
     3         187         19099.3         1.34816            0.25      Successful search (ES-wcm)        
     3         188         19018.9         1.34816            0.25      Successful search (ES-wcm)        
     3         193         19018.6         1.46051            0.25      Successful search (ES-wcm)        
     3         206         18968.5         1.44415            0.25      Successful search (ES-wcm)        
     3         234         18968.5         1.44415           0.125          Refine grid             
     4         235         18992.8         60.6687           0.125      Successful search (ES-wcm)        
     4         274         18992.8         60.6687          0.0625          Refine grid             Train
     5         275         19006.5         59.3565          0.0625      Successful search (ES-wcm)        
     5         314         19006.5         59.3565         0.03125          Refine grid             
     6         315         19030.4         21.7001         0.03125      Successful search (ES-ell)        
     6         316         19019.4         30.9577         0.03125      Successful search (ES-ell)        
     6         355         19019.4         30.9577        0.015625          Refine grid             
     7         356         19055.8          14.006        0.015625      Successful search (ES-ell)        
     7         357         19034.4          19.871        0.015625      Successful search (ES-ell)        
     7         358         19025.1         33.3738        0.015625      Successful search (ES-wcm)        
     7         399         19025.1         33.3738       0.0078125          Refine grid             Train
     8         400         19050.7          6.5744       0.0078125      Successful search (ES-wcm)        
     8         401           19047          6.4391       0.0078125      Successful search (ES-wcm)        
     8         402         19038.8         7.27355       0.0078125      Successful search (ES-wcm)        
     8         403           19032         9.64921       0.0078125      Successful search (ES-wcm)        
     8         404         19021.7         13.0551       0.0078125      Successful search (ES-wcm)        
     8         406         19020.7         16.9249       0.0078125      Successful search (ES-wcm)        
     8         443         19020.7         16.9249      0.00390625          Refine grid             Train
     9         444         19048.9         6.38821      0.00390625      Successful search (ES-wcm)        
     9         445         19046.7         6.76866      0.00390625      Successful search (ES-wcm)        
     9         446         19042.6         7.30374      0.00390625      Successful search (ES-wcm)        
     9         447           19039         8.21928      0.00390625      Successful search (ES-wcm)        
     9         448         19029.2          9.3848      0.00390625      Successful search (ES-wcm)        
     9         449         19024.2         12.9992      0.00390625      Successful search (ES-wcm)        
     9         486         19024.2         12.9992      0.00195312          Refine grid             
    10         487         19050.7         6.61494      0.00195312      Successful search (ES-wcm)        
    10         488         19048.5         6.68525      0.00195312      Successful search (ES-wcm)        
    10         489         19044.4         6.72229      0.00195312      Successful search (ES-wcm)        
    10         490         19040.5         6.62866      0.00195312      Successful search (ES-wcm)        
    10         491           19037          7.4808      0.00195312      Successful search (ES-wcm)        
    10         492         19034.6         8.64881      0.00195312      Successful search (ES-wcm)        
    10         530         19034.6         8.64881     0.000976562          Refine grid             
Optimization terminated: change in the function value less than options['tol_mesh']
Estimated function value at minimum: 19038.780263155146 ± 4.8214146629798496 (mean ± SEM from 100 samples)
BADS minimum at: x_min = [4.5236 7.798  8.4761 0.1705 0.3409 8.8683 0.5014 0.4032 0.     1.6453
 0.3387], training NLL = 19038.7803
total f-count: 630, time: 27.92 min

 ------- Finish Optimization for Subject 5 ---------- 

 ------- Start Optimization for Subject 6 ---------- 

 Cross Validation fold 0/1

 -- Start Optimization: method BADS --

 Optimization Run 1/1
Initial params: [1.2215, 8.6657, 14.119, 7.6372, 2.1582, 16.3342, 0.6172, 0.2609, 0.3342, 0.2903, 0.1809]
bads:TooCloseBounds: For each variable, hard and plausible bounds should not be too close. Moving plausible bounds.
Variables (index) internally transformed to log coordinates: [[ 0  0]
 [ 0  3]
 [ 0  8]
 [ 0  9]
 [ 0 10]]
Beginning optimization of a STOCHASTIC objective function

 Iteration    f-count      E[f(x)]        SD[f(x)]           MeshScale          Method              Actions
     0           1         28294.1             nan               1                                  
     0          27         25500.1             nan               1          Initial mesh            Initial points
     0          28         24584.6        0.999417               1        Successful poll           Train
     1          31         24197.4        0.999416               1      Successful search (ES-wcm)        
     1          33         23155.6         0.99941               1      Successful search (ES-wcm)        
     1          39           22935        0.999102               1      Successful search (ES-wcm)        
     1          41         22264.3        0.999396               1      Successful search (ES-wcm)        
     1          46         21772.6        0.999323               1      Successful search (ES-wcm)        
     1          48         21712.9        0.999315               1      Successful search (ES-wcm)        
     1          50         21102.9        0.999277               1      Successful search (ES-wcm)        
     1          51         20807.2         1.00494               1      Successful search (ES-wcm)        
     1          59         20745.5         1.00493               1      Successful search (ES-wcm)        
     1          65         20713.3         1.00494               1      Successful search (ES-wcm)        
     1          66         20647.5         1.00494               1      Successful search (ES-ell)        
     1          75         20457.8         1.01093               1      Successful search (ES-ell)        
     1          76         20166.1         1.01093               1      Successful search (ES-wcm)        
     1          81         20015.9         1.01093               1      Successful search (ES-wcm)        
     1          88         19864.6         1.01092               1      Successful search (ES-wcm)        
     1          90         19757.9         1.01093               1      Successful search (ES-wcm)        
     1          91         19663.5         1.01092               1      Successful search (ES-wcm)        
     1          94         19312.4         1.01092               1      Successful search (ES-wcm)        
     1          98         19287.6         1.00278               1      Successful search (ES-wcm)        
     1          99         19254.1          1.0028               1      Successful search (ES-wcm)        
     1         100         19142.7         1.00279               1      Successful search (ES-wcm)        
     1         113         19097.1         1.00274               1      Successful search (ES-wcm)        
     1         114         18960.8         1.00175               1      Successful search (ES-ell)        
     1         127         18959.8         1.13444               1      Incremental search (ES-ell)        
     1         142         18746.1         1.16873               1        Successful poll           Train
     2         143         18740.3         1.10494               1      Successful search (ES-wcm)        
     2         148         18480.7         1.10493               1      Successful search (ES-ell)        
     2         152         18299.4         1.10492               1      Successful search (ES-ell)        
     2         158           18158         1.10493               1      Successful search (ES-ell)        
     2         161         18133.8         1.10492               1      Successful search (ES-ell)        
     2         163         18131.3         1.10492               1      Successful search (ES-ell)        
     2         169         18051.5         1.26384               1      Successful search (ES-wcm)        
     2         171         18044.1         1.26382               1      Successful search (ES-wcm)        
     2         180         17922.3         1.26376               1      Successful search (ES-wcm)        
     2         182         17843.8         1.26383               1      Successful search (ES-wcm)        
     2         184         17721.3         1.26383               1      Successful search (ES-wcm)        
     2         193         17714.4          1.7304               1      Successful search (ES-wcm)        
     2         196         17625.8         1.72909               1      Successful search (ES-wcm)        
     2         224         17625.8         1.72909             0.5          Refine grid             Train
     3         226           17688         26.2329             0.5      Successful search (ES-wcm)        
     3         228         17675.8         33.3342             0.5      Successful search (ES-ell)        
     3         232         17644.7         21.0322             0.5      Successful search (ES-ell)        
     3         234         17631.8         22.1226             0.5      Successful search (ES-ell)        
     3         235         17614.9         27.0309             0.5      Successful search (ES-ell)        
     3         239         17614.6          22.713             0.5      Incremental search (ES-ell)        
     3         244         17610.9         15.1379             0.5      Successful search (ES-wcm)        
     3         249         17609.4         21.0685             0.5      Successful search (ES-wcm)        
     3         284         17578.1         44.9569               1        Successful poll           Train
     4         289         17566.5         42.0609               1      Successful search (ES-wcm)        
     4         290         17472.9         45.2334               1      Successful search (ES-wcm)        
     4         294         17422.8         43.4598               1      Successful search (ES-wcm)        
     4         301         17358.2         40.8921               1      Successful search (ES-ell)        
     4         330         17348.7         45.7475               1        Successful poll           Train
     5         337         17341.5         47.5035               1      Successful search (ES-wcm)        
     5         340         17330.9         42.0327               1      Successful search (ES-wcm)        
     5         347         17241.1         37.8751               1      Successful search (ES-wcm)        
     5         376         17241.1         37.8751             0.5          Refine grid             
     6         378         17264.6           41.99             0.5      Successful search (ES-wcm)        
     6         389         17245.9         26.6202             0.5      Successful search (ES-wcm)        
     6         391         17216.8         26.6096             0.5      Successful search (ES-wcm)        
     6         426         17216.8         26.6096            0.25          Refine grid             
     7         427         17306.5         34.3387            0.25      Successful search (ES-wcm)        
     7         428         17270.9         46.1532            0.25      Successful search (ES-wcm)        
     7         432         17251.2         39.9636            0.25      Successful search (ES-wcm)        
     7         435           17234         38.8437            0.25      Successful search (ES-ell)        
     7         466           17234         38.8437           0.125          Refine grid             
     8         467         17244.2         10.8486           0.125      Successful search (ES-wcm)        
     8         468         17198.4         20.2454           0.125      Successful search (ES-ell)        
     8         469         17140.2         28.2947           0.125      Successful search (ES-ell)        
     8         508         17140.2         28.2947          0.0625          Refine grid             Train
     9         509         17188.5         16.4593          0.0625      Successful search (ES-ell)        
     9         510         17155.4         21.1142          0.0625      Successful search (ES-wcm)        
     9         511         17153.4         32.3524          0.0625      Successful search (ES-wcm)        
     9         550         17153.4         32.3524         0.03125          Refine grid             
    10         551         17202.1         7.47715         0.03125      Successful search (ES-wcm)        
    10         552         17189.9         8.72686         0.03125      Successful search (ES-wcm)        
    10         553         17176.8         11.1227         0.03125      Successful search (ES-wcm)        
    10         593         17176.8         11.1227        0.015625          Refine grid             
    11         594         17194.6          5.6199        0.015625      Successful search (ES-ell)        
    11         595         17190.7         6.40467        0.015625      Successful search (ES-ell)        
    11         596         17186.8         7.54972        0.015625      Successful search (ES-ell)        
    11         597           17181         10.2628        0.015625      Successful search (ES-ell)        
    11         598         17177.1         13.8394        0.015625      Successful search (ES-ell)        
    11         599         17169.4         18.0044        0.015625      Successful search (ES-ell)        
    11         600         17145.5         37.5925        0.015625      Successful search (ES-wcm)        
    11         637         17145.5         37.5925       0.0078125          Refine grid             
    12         638         17169.4          6.3323       0.0078125      Successful search (ES-wcm)        
    12         639         17162.2          6.4871       0.0078125      Successful search (ES-wcm)        
    12         640         17161.8         6.80695       0.0078125      Successful search (ES-ell)        
    12         641           17152         7.87447       0.0078125      Successful search (ES-wcm)        
    12         642         17149.6         8.66807       0.0078125      Successful search (ES-wcm)        
    12         643         17147.7         10.1432       0.0078125      Successful search (ES-wcm)        
    12         644         17144.4         13.2575       0.0078125      Successful search (ES-wcm)        
    12         666         17143.5         9.85014        0.015625        Successful poll           Train
    13         667         17148.7         7.31433        0.015625      Successful search (ES-ell)        
    13         668         17137.5         7.93259        0.015625      Successful search (ES-ell)        
    13         669         17122.1         9.10891        0.015625      Successful search (ES-ell)        
    13         670         17101.7         11.5317        0.015625      Successful search (ES-ell)        
    13         671         17095.1         14.9164        0.015625      Successful search (ES-ell)        
    13         710         17095.1         14.9164       0.0078125          Refine grid             
    14         711         17155.3         6.66803       0.0078125      Successful search (ES-ell)        
    14         712         17148.8         6.99009       0.0078125      Successful search (ES-ell)        
    14         713         17144.3         7.65383       0.0078125      Successful search (ES-ell)        
    14         714         17138.6         8.50846       0.0078125      Successful search (ES-ell)        
    14         715         17127.6         10.2786       0.0078125      Successful search (ES-ell)        
    14         754         17127.6         10.2786      0.00390625          Refine grid             
    15         755         17152.2         6.49758      0.00390625      Successful search (ES-wcm)        
    15         758         17151.5         6.52516      0.00390625      Successful search (ES-wcm)        
    15         759         17151.4         6.75805      0.00390625      Successful search (ES-wcm)        
    15         778         17144.9         7.16258       0.0078125        Successful poll           Train
    16         779         17142.8         7.68139       0.0078125      Successful search (ES-ell)        
    16         780         17136.1         9.51303       0.0078125      Successful search (ES-wcm)        
    16         781         17127.2         12.2161       0.0078125      Successful search (ES-wcm)        
    16         782         17124.9         15.5832       0.0078125      Successful search (ES-wcm)        
    16         822         17124.9         15.5832      0.00390625          Refine grid             
    17         823         17165.2         4.52456      0.00390625      Successful search (ES-ell)        
    17         824           17164         4.70002      0.00390625      Successful search (ES-ell)        
    17         825         17160.5         5.25783      0.00390625      Successful search (ES-ell)        
    17         826         17159.1         6.76187      0.00390625      Successful search (ES-wcm)        
    17         866         17158.1         6.48624       0.0078125        Successful poll           
    18         867         17153.9         6.85735       0.0078125      Successful search (ES-ell)        
    18         868           17146         7.90476       0.0078125      Successful search (ES-ell)        
    18         869         17143.1         11.8811       0.0078125      Successful search (ES-ell)        
    18         870         17137.4         16.7711       0.0078125      Successful search (ES-ell)        
    18         871           17135         20.6733       0.0078125      Successful search (ES-ell)        
    18         910           17135         20.6733      0.00390625          Refine grid             Train
    19         911           17159         6.18661      0.00390625      Successful search (ES-ell)        
    19         912         17157.2         6.83554      0.00390625      Successful search (ES-ell)        
    19         913         17153.3         7.85693      0.00390625      Successful search (ES-ell)        
    19         914         17149.6         9.83429      0.00390625      Successful search (ES-wcm)        
    19         916         17146.5          11.268      0.00390625      Successful search (ES-wcm)        
    19         930           17146         7.89092      0.00390625      Successful search (ES-wcm)        
    19         932         17145.1         7.67721      0.00390625      Successful search (ES-wcm)        
    19         933         17144.8         8.36832      0.00390625      Successful search (ES-wcm)        
    19         976         17144.8         8.36832      0.00195312          Refine grid             
    20         977         17155.1         6.43403      0.00195312      Successful search (ES-wcm)        
    20         979         17151.7         6.75901      0.00195312      Successful search (ES-wcm)        
    20         982         17149.9         6.71604      0.00195312      Successful search (ES-ell)        
    20        1002         17149.4         5.99103      0.00390625        Successful poll           Train
    21        1003         17147.8         7.29941      0.00390625      Successful search (ES-wcm)        
    21        1046         17147.5         6.81756       0.0078125        Successful poll           
    22        1047           17141         10.2528       0.0078125      Successful search (ES-wcm)        
    22        1060         17139.5         7.63244       0.0078125      Successful search (ES-ell)        
    22        1061         17132.8         10.4348       0.0078125      Successful search (ES-ell)        
    22        1062         17125.1         14.5383       0.0078125      Successful search (ES-ell)        
    22        1101         17125.1         14.5383      0.00390625          Refine grid             
    23        1102         17147.3         4.10912      0.00390625      Successful search (ES-wcm)        
    23        1103         17146.4         7.63995      0.00390625      Successful search (ES-wcm)        
    23        1105         17144.8         8.80476      0.00390625      Successful search (ES-ell)        
    23        1107           17142         12.0238      0.00390625      Successful search (ES-wcm)        
    23        1114         17134.1         10.1707      0.00390625      Successful search (ES-wcm)        
    23        1116         17132.7         10.8161      0.00390625      Successful search (ES-wcm)        
    23        1117           17125         12.3164      0.00390625      Successful search (ES-wcm)        
    23        1156           17125         12.3164      0.00195312          Refine grid             
    24        1157         17147.5         4.12912      0.00195312      Successful search (ES-ell)        
    24        1158         17145.7         5.32493      0.00195312      Successful search (ES-ell)        
    24        1159         17144.8         7.23344      0.00195312      Successful search (ES-ell)        
    24        1160         17144.4         10.3926      0.00195312      Successful search (ES-ell)        
    24        1166           17144         9.07114      0.00195312      Successful search (ES-ell)        
    24        1167         17143.2         9.47543      0.00195312      Successful search (ES-ell)        
    24        1168           17143         10.3384      0.00195312      Successful search (ES-ell)        
    24        1169         17140.2         11.1445      0.00195312      Successful search (ES-ell)        
    24        1186         17139.8          7.2822      0.00195312      Successful search (ES-ell)        
    24        1222         17139.8          7.2822     0.000976562          Refine grid             
Optimization terminated: change in the function value less than options['tol_mesh']
Estimated function value at minimum: 17154.103963426725 ± 3.708313726443064 (mean ± SEM from 100 samples)
BADS minimum at: x_min = [ 2.1799e+00  2.9666e+00  3.5995e+00  1.1000e-03 -3.4840e-01  5.9531e+00
  4.8840e-01  5.4660e-01  4.4000e-02  1.2049e+00  2.2770e-01], training NLL = 17154.104
total f-count: 1322, time: 58.71 min

 ------- Finish Optimization for Subject 6 ---------- 

 ------- Start Optimization for Subject 11 ---------- 

 Cross Validation fold 0/1

 -- Start Optimization: method BADS --

 Optimization Run 1/1
Initial params: [1.0663, 9.7378, 10.3733, 1.9986, -0.0833, 17.3021, 0.4783, 0.1803, 0.1341, 0.3713, 0.3873]
bads:TooCloseBounds: For each variable, hard and plausible bounds should not be too close. Moving plausible bounds.
Variables (index) internally transformed to log coordinates: [[ 0  0]
 [ 0  3]
 [ 0  8]
 [ 0  9]
 [ 0 10]]
Beginning optimization of a STOCHASTIC objective function

 Iteration    f-count      E[f(x)]        SD[f(x)]           MeshScale          Method              Actions
     0           1         24733.7             nan               1                                  
     0          27         24733.7             nan               1          Initial mesh            Initial points
     0          38           23348        0.996506               1        Successful poll           Train
     1          42         22837.9        0.996498               1      Successful search (ES-wcm)        
     1          44         21380.6        0.996483               1      Successful search (ES-wcm)        
     1          47           20622         0.99643               1      Successful search (ES-wcm)        
     1          49         19707.7        0.996337               1      Successful search (ES-wcm)        
     1          50         19038.1        0.996503               1      Successful search (ES-wcm)        
     1          58         19037.9         1.00678               1      Incremental search (ES-ell)        
     1          60         18884.8         1.00689               1      Successful search (ES-wcm)        
     1          66         18744.8         1.00646               1      Successful search (ES-ell)        
     1          70         18582.5         1.00281               1      Successful search (ES-ell)        
     1          98         18582.5         1.00281             0.5          Refine grid             Train
     2         127         18581.6        0.834464            0.25          Refine grid             Train
     3         157         18581.7         1.06823           0.125          Refine grid             Train
     4         189         18623.2         0.75151         0.03125          Refine grid             Train
     5         190         18677.3         7.18045         0.03125      Successful search (ES-ell)        
     5         191         18643.8         9.26485         0.03125      Successful search (ES-ell)        
     5         192         18606.2         12.2583         0.03125      Successful search (ES-ell)        
     5         193         18537.4         30.3984         0.03125      Successful search (ES-wcm)        
     5         195         18496.8         32.8104         0.03125      Successful search (ES-wcm)        
     5         196         18493.3         41.3941         0.03125      Successful search (ES-wcm)        
     5         198         18489.1         30.7457         0.03125      Successful search (ES-wcm)        
     5         199         18391.7         44.4792         0.03125      Successful search (ES-wcm)        
     5         233         18380.5         31.5735          0.0625        Successful poll           
     6         234         18388.5         30.7893          0.0625      Successful search (ES-wcm)        
     6         235         18302.6         33.5474          0.0625      Successful search (ES-ell)        
     6         236         18264.9         40.0845          0.0625      Successful search (ES-ell)        
     6         277         18264.9         40.0845         0.03125          Refine grid             
     7         278         18266.1         12.4459         0.03125      Successful search (ES-ell)        
     7         279         18233.3         20.7859         0.03125      Successful search (ES-ell)        
     7         280         18213.2         34.5353         0.03125      Successful search (ES-wcm)        
     7         282         18197.8          28.871         0.03125      Successful search (ES-wcm)        
     7         283         18187.3         31.8882         0.03125      Successful search (ES-wcm)        
     7         319         18187.3         31.8882        0.015625          Refine grid             Train
     8         320         18290.3         8.95826        0.015625      Successful search (ES-ell)        
     8         321         18278.7         13.5983        0.015625      Successful search (ES-ell)        
     8         322         18266.7         18.6137        0.015625      Successful search (ES-ell)        
     8         323           18254         21.2832        0.015625      Successful search (ES-wcm)        
     8         363           18254         21.2832       0.0078125          Refine grid             Train
     9         364           18293         9.77294       0.0078125      Successful search (ES-ell)        
     9         365         18287.6         10.2846       0.0078125      Successful search (ES-ell)        
     9         366         18280.3         10.8969       0.0078125      Successful search (ES-ell)        
     9         367         18274.9         11.6104       0.0078125      Successful search (ES-wcm)        
     9         368           18266         13.7732       0.0078125      Successful search (ES-wcm)        
     9         369         18264.4          18.004       0.0078125      Successful search (ES-wcm)        
     9         407         18264.4          18.004      0.00390625          Refine grid             
    10         408           18293         8.50094      0.00390625      Successful search (ES-ell)        
    10         409         18290.2         8.76133      0.00390625      Successful search (ES-ell)        
    10         410         18285.5         9.50944      0.00390625      Successful search (ES-ell)        
    10         411         18281.7          9.7372      0.00390625      Successful search (ES-wcm)        
    10         412         18276.9         10.3166      0.00390625      Successful search (ES-wcm)        
    10         413         18258.9           12.14      0.00390625      Successful search (ES-wcm)        
    10         414         18218.2         13.4996      0.00390625      Successful search (ES-wcm)        
    10         415         18208.3         16.9111      0.00390625      Successful search (ES-wcm)        
    10         417         18206.6         17.3496      0.00390625      Successful search (ES-wcm)        
    10         451         18206.6         17.3496      0.00195312          Refine grid             
    11         452         18241.2         6.72609      0.00195312      Successful search (ES-wcm)        
    11         453         18236.8         6.49904      0.00195312      Successful search (ES-wcm)        
    11         454         18231.2         6.50251      0.00195312      Successful search (ES-wcm)        
    11         455         18226.9         6.96517      0.00195312      Successful search (ES-wcm)        
    11         456         18220.2          6.7935      0.00195312      Successful search (ES-wcm)        
    11         457         18215.6         7.62059      0.00195312      Successful search (ES-wcm)        
    11         458         18214.6         9.76264      0.00195312      Successful search (ES-wcm)        
    11         460         18211.9         10.5294      0.00195312      Successful search (ES-wcm)        
    11         495         18211.9         10.5294     0.000976562          Refine grid             
Optimization terminated: change in the function value less than options['tol_mesh']
Estimated function value at minimum: 18236.602670361317 ± 4.476142839695728 (mean ± SEM from 100 samples)
BADS minimum at: x_min = [ 2.2368  8.973   8.6934  0.7034  0.3812 10.0212  0.4646  0.3123  0.0115
  1.2155  0.2593], training NLL = 18236.6027
total f-count: 595, time: 26.34 min

 ------- Finish Optimization for Subject 11 ---------- 

 ------- Start Optimization for Subject 15 ---------- 

 Cross Validation fold 0/1

 -- Start Optimization: method BADS --

 Optimization Run 1/1
Initial params: [1.5464, 9.0563, 3.9589, 18.2988, -2.6916, 22.02, 0.6785, 0.1647, 0.0623, 0.2796, 0.7894]
bads:TooCloseBounds: For each variable, hard and plausible bounds should not be too close. Moving plausible bounds.
Variables (index) internally transformed to log coordinates: [[ 0  0]
 [ 0  3]
 [ 0  8]
 [ 0  9]
 [ 0 10]]
Beginning optimization of a STOCHASTIC objective function

 Iteration    f-count      E[f(x)]        SD[f(x)]           MeshScale          Method              Actions
     0           1         27561.2             nan               1                                  
     0          27         25309.5             nan               1          Initial mesh            Initial points
     0          28         24712.9        0.999986               1        Successful poll           Train
     1          31         23115.6        0.999984               1      Successful search (ES-ell)        
     1          33         22714.2        0.999977               1      Successful search (ES-ell)        
     1          35         22588.2        0.999983               1      Successful search (ES-ell)        
     1          40         21680.2        0.999982               1      Successful search (ES-ell)        
     1          41         19823.5        0.999985               1      Successful search (ES-ell)        
     1          44         19797.6        0.999984               1      Successful search (ES-ell)        
     1          46         19403.6        0.999982               1      Successful search (ES-ell)        
     1          48         19258.2        0.999977               1      Successful search (ES-ell)        
     1          50         18171.7        0.999981               1      Successful search (ES-ell)        
     1          57         18102.6        0.998221               1      Successful search (ES-ell)        
     1          58           17580        0.998155               1      Successful search (ES-ell)        
     1          59         17487.8        0.998371               1      Successful search (ES-ell)        
     1          67         17464.8        0.997148               1      Successful search (ES-ell)        
     1          69         17311.7        0.994959               1      Successful search (ES-ell)        
     1          70         17304.5        0.996957               1      Successful search (ES-ell)        
     1          76         17082.1        0.980291               1      Successful search (ES-ell)        
     1          77         17071.9        0.980288               1      Successful search (ES-ell)        
     1          85         17032.1        0.980312               1      Successful search (ES-ell)        
     1          89         17018.8        0.980176               1      Successful search (ES-ell)        
     1          93         16875.1        0.979686               1      Successful search (ES-ell)        
     1          94         16871.6        0.980186               1      Successful search (ES-ell)        
     1          98         16854.6        0.999869               1      Successful search (ES-ell)        
     1         103         16823.1        0.999398               1      Successful search (ES-ell)        
     1         104         16765.7        0.999668               1      Successful search (ES-ell)        
     1         131         16765.7        0.999668             0.5          Refine grid             Train
     2         135         16808.5         11.9173             0.5      Successful search (ES-wcm)        
     2         137         16765.3         15.2205             0.5      Successful search (ES-wcm)        
     2         139         16759.6         20.4373             0.5      Successful search (ES-wcm)        
     2         171         16759.6         20.4373            0.25          Refine grid             Train
     3         172         16767.6         22.0345            0.25      Successful search (ES-wcm)        
     3         213         16767.6         22.0345           0.125          Refine grid             
     4         214         16787.3         13.8741           0.125      Successful search (ES-ell)        
     4         215         16764.5         24.2573           0.125      Successful search (ES-ell)        
     4         216         16760.9          30.389           0.125      Successful search (ES-ell)        
     4         217         16753.5         35.5326           0.125      Successful search (ES-ell)        
     4         220         16741.8         29.2034           0.125      Successful search (ES-ell)        
     4         256         16741.8         29.2034          0.0625          Refine grid             Train
     5         257         16782.7         7.49561          0.0625      Successful search (ES-ell)        
     5         258         16779.4         11.5944          0.0625      Successful search (ES-ell)        
     5         259         16773.3         16.8088          0.0625      Successful search (ES-ell)        
     5         260         16771.1         25.5348          0.0625      Successful search (ES-ell)        
     5         262         16763.7         21.1507          0.0625      Successful search (ES-ell)        
     5         264         16755.5          21.806          0.0625      Successful search (ES-ell)        
     5         299         16755.5          21.806         0.03125          Refine grid             
     6         300         16772.4         7.01162         0.03125      Successful search (ES-ell)        
     6         301         16766.3         7.60494         0.03125      Successful search (ES-ell)        
     6         302           16754         7.20092         0.03125      Successful search (ES-wcm)        
     6         303         16743.6          8.7754         0.03125      Successful search (ES-wcm)        
     6         304         16740.5         10.2047         0.03125      Successful search (ES-wcm)        
     6         342         16740.5         10.2047        0.015625          Refine grid             
     7         343         16767.2         5.83125        0.015625      Successful search (ES-ell)        
     7         344         16765.2         5.97903        0.015625      Successful search (ES-ell)        
     7         345         16763.1           6.407        0.015625      Successful search (ES-ell)        
     7         346         16760.5          7.1971        0.015625      Successful search (ES-ell)        
     7         347           16756         8.98115        0.015625      Successful search (ES-ell)        
     7         351         16754.8         8.87842        0.015625      Successful search (ES-ell)        
     7         385         16754.8         8.87842       0.0078125          Refine grid             
     8         386         16760.5         5.79412       0.0078125      Successful search (ES-ell)        
     8         387         16759.7         5.93187       0.0078125      Successful search (ES-wcm)        
     8         388         16758.9          6.1057       0.0078125      Successful search (ES-wcm)        
     8         389         16757.2         6.62824       0.0078125      Successful search (ES-wcm)        
     8         414           16727         4.39669        0.015625        Successful poll           Train
     9         415         16721.7         4.60841        0.015625      Successful search (ES-wcm)        
     9         416         16714.5         4.98136        0.015625      Successful search (ES-wcm)        
     9         417         16698.2          5.3904        0.015625      Successful search (ES-wcm)        
     9         418         16673.5         6.77498        0.015625      Successful search (ES-wcm)        
     9         419         16632.9          8.9011        0.015625      Successful search (ES-wcm)        
     9         420         16569.9         13.3117        0.015625      Successful search (ES-wcm)        
     9         421         16467.8         19.9095        0.015625      Successful search (ES-wcm)        
     9         423         16287.3         16.0599        0.015625      Successful search (ES-ell)        
     9         457         16287.3         16.0599       0.0078125          Refine grid             
    10         458         16768.1         4.33434       0.0078125      Successful search (ES-ell)        
    10         459         16766.1         4.42636       0.0078125      Successful search (ES-ell)        
    10         460         16762.8         4.67086       0.0078125      Successful search (ES-ell)        
    10         461         16758.9         5.35087       0.0078125      Successful search (ES-ell)        
    10         462         16755.1         6.55439       0.0078125      Successful search (ES-ell)        
    10         463         16745.2         8.75127       0.0078125      Successful search (ES-ell)        
    10         500         16745.2         8.75127      0.00390625          Refine grid             
    11         501         16770.4          4.1633      0.00390625      Successful search (ES-ell)        
    11         502         16770.3         4.36562      0.00390625      Successful search (ES-ell)        
    11         503         16769.7         4.79191      0.00390625      Successful search (ES-ell)        
    11         504         16768.8         5.23341      0.00390625      Successful search (ES-ell)        
    11         525         16761.4         5.48772       0.0078125        Successful poll           Train
    12         527         16765.4         5.44224       0.0078125      Successful search (ES-ell)        
    12         528         16764.2          6.0378       0.0078125      Successful search (ES-ell)        
    12         529         16762.1         7.02285       0.0078125      Successful search (ES-ell)        
    12         530         16758.2         8.58808       0.0078125      Successful search (ES-ell)        
    12         531         16748.2         10.8935       0.0078125      Successful search (ES-ell)        
    12         532         16741.9         13.3763       0.0078125      Successful search (ES-ell)        
    12         533         16728.1          16.516       0.0078125      Successful search (ES-ell)        
    12         568         16728.1          16.516      0.00390625          Refine grid             
    13         569           16760         5.97041      0.00390625      Successful search (ES-ell)        
    13         570         16759.2         6.18024      0.00390625      Successful search (ES-ell)        
    13         571         16757.9         6.41345      0.00390625      Successful search (ES-ell)        
    13         572         16754.4         7.70302      0.00390625      Successful search (ES-wcm)        
    13         573           16751          9.3091      0.00390625      Successful search (ES-wcm)        
    13         611           16751          9.3091      0.00195312          Refine grid             
    14         612         16767.2         4.39301      0.00195312      Successful search (ES-wcm)        
    14         613         16766.4         4.48966      0.00195312      Successful search (ES-wcm)        
    14         614         16765.2         4.50728      0.00195312      Successful search (ES-wcm)        
    14         615         16764.4         4.67299      0.00195312      Successful search (ES-wcm)        
    14         616         16764.3         4.97262      0.00195312      Successful search (ES-wcm)        
    14         654         16764.3         4.97262     0.000976562          Refine grid             Train
Optimization terminated: change in the function value less than options['tol_mesh']
Estimated function value at minimum: 16774.819474440716 ± 3.4943096595364076 (mean ± SEM from 100 samples)
BADS minimum at: x_min = [ 2.03400e+00  9.42930e+00  8.33360e+00  3.00000e-04 -2.73130e+00
  1.10963e+01  4.79300e-01  4.91500e-01  3.66000e-02  2.00000e+00
  3.65100e-01], training NLL = 16774.8195
total f-count: 754, time: 33.46 min

 ------- Finish Optimization for Subject 15 ---------- 

 ------- Start Optimization for Subject 20 ---------- 

 Cross Validation fold 0/1

 -- Start Optimization: method BADS --

 Optimization Run 1/1
Initial params: [0.1349, 4.3525, 3.6462, 12.331, 1.714, 18.258, 0.6857, 0.1197, 0.5692, 0.4024, 0.4609]
bads:TooCloseBounds: For each variable, hard and plausible bounds should not be too close. Moving plausible bounds.
Variables (index) internally transformed to log coordinates: [[ 0  0]
 [ 0  3]
 [ 0  8]
 [ 0  9]
 [ 0 10]]
Beginning optimization of a STOCHASTIC objective function

 Iteration    f-count      E[f(x)]        SD[f(x)]           MeshScale          Method              Actions
     0           1         29100.6             nan               1                                  
     0          27         25821.2             nan               1          Initial mesh            Initial points
     0          41         25327.3         1.00528               1        Successful poll           Train
     1          43         23156.3         1.00528               1      Successful search (ES-wcm)        
     1          45         22289.4         1.00526               1      Successful search (ES-wcm)        
     1          50         21842.8         1.00518               1      Successful search (ES-wcm)        
     1          51         21645.3         1.01185               1      Successful search (ES-wcm)        
     1          53         20723.9         1.01185               1      Successful search (ES-ell)        
     1          55         20060.4         1.01185               1      Successful search (ES-ell)        
     1          57         19913.6         1.01185               1      Successful search (ES-ell)        
     1          61         19867.6         1.01184               1      Successful search (ES-ell)        
     1          63         19710.6         1.01183               1      Successful search (ES-ell)        
     1          65         19411.7         1.01182               1      Successful search (ES-ell)        
     1          69         19306.5         1.01179               1      Successful search (ES-ell)        
     1          70         19210.3          1.0118               1      Successful search (ES-ell)        
     1          72         18963.9         1.01175               1      Successful search (ES-wcm)        
     1          74         18955.5         1.18421               1      Successful search (ES-ell)        
     1          80         18895.7         1.18363               1      Successful search (ES-wcm)        
     1          82         18874.9         1.18332               1      Successful search (ES-wcm)        
     1          84         18860.3         1.18327               1      Successful search (ES-wcm)        
     1          89         18726.8         1.18334               1      Successful search (ES-ell)        
     1          91         18697.6         1.18385               1      Successful search (ES-wcm)        
     1          92         18580.1          1.1841               1      Successful search (ES-ell)        
     1          94         18470.9         1.18403               1      Successful search (ES-ell)        
     1         102         18438.7         1.17272               1      Successful search (ES-ell)        
     1         134         18438.7         1.17272             0.5          Refine grid             Train
     2         140         18410.3         1.12803             0.5      Successful search (ES-ell)        
     2         173         18410.3         1.12803            0.25          Refine grid             Train
     3         202         18410.8         1.06193           0.125          Refine grid             Train
     4         232         18423.7        0.758856          0.0625          Refine grid             Train
     5         241         18405.2         0.92733          0.0625      Successful search (ES-wcm)        
     5         273         18405.2         0.92733         0.03125          Refine grid             Train
     6         303         18447.8        0.654586       0.0078125          Refine grid             Train
     7         315         18459.8         3.95704        0.015625        Successful poll           Train
     8         316         18442.7         3.98942        0.015625      Successful search (ES-wcm)        
     8         317         18418.7         3.99458        0.015625      Successful search (ES-wcm)        
     8         318         18393.6         4.18515        0.015625      Successful search (ES-wcm)        
     8         319         18345.6         5.54371        0.015625      Successful search (ES-wcm)        
     8         320         18310.7         6.38892        0.015625      Successful search (ES-ell)        
     8         321         18255.5         7.57914        0.015625      Successful search (ES-ell)        
     8         322         18181.4         10.3644        0.015625      Successful search (ES-ell)        
     8         323         18128.4         13.5964        0.015625      Successful search (ES-ell)        
     8         324         18086.8         17.2405        0.015625      Successful search (ES-ell)        
     8         325         18056.3          18.234        0.015625      Successful search (ES-ell)        
     8         356         18056.3          18.234       0.0078125          Refine grid             
     9         357         18441.9         4.11885       0.0078125      Successful search (ES-ell)        
     9         358         18440.6          4.1042       0.0078125      Successful search (ES-ell)        
     9         359         18439.2         4.05308       0.0078125      Successful search (ES-ell)        
     9         360         18433.3         4.04882       0.0078125      Successful search (ES-ell)        
     9         361           18424         4.67402       0.0078125      Successful search (ES-wcm)        
     9         362         18390.4         7.37642       0.0078125      Successful search (ES-wcm)        
     9         364         18387.5         10.7924       0.0078125      Successful search (ES-wcm)        
     9         397         18387.5         10.7924      0.00390625          Refine grid             
    10         427         18476.7        0.764227      0.00195312          Refine grid             
    11         428         18463.5        0.539979      0.00195312      Successful search (ES-wcm)        
    11         470         18463.5        0.539979     0.000976562          Refine grid             
Optimization terminated: change in the function value less than options['tol_mesh']
Estimated function value at minimum: 18510.775474987557 ± 5.528867545462947 (mean ± SEM from 100 samples)
BADS minimum at: x_min = [ 4.99960e+00  1.01807e+01  1.14739e+01  0.00000e+00 -5.24900e-01
  1.15430e+01  5.15600e-01  2.71500e-01  2.00000e-04  1.01140e+00
  2.39100e-01], training NLL = 18510.7755
total f-count: 570, time: 25.19 min

 ------- Finish Optimization for Subject 20 ---------- 

 ------- Start Optimization for Subject 25 ---------- 

 Cross Validation fold 0/1

 -- Start Optimization: method BADS --

 Optimization Run 1/1
Initial params: [1.1607, 3.2037, 10.8761, 2.1348, 2.4855, 29.0306, 0.6226, 0.1481, 0.0564, 0.7234, 0.4429]
bads:TooCloseBounds: For each variable, hard and plausible bounds should not be too close. Moving plausible bounds.
Variables (index) internally transformed to log coordinates: [[ 0  0]
 [ 0  3]
 [ 0  8]
 [ 0  9]
 [ 0 10]]
Beginning optimization of a STOCHASTIC objective function

 Iteration    f-count      E[f(x)]        SD[f(x)]           MeshScale          Method              Actions
     0           1         27049.6             nan               1                                  
     0          27         26386.2             nan               1          Initial mesh            Initial points
     0          42         25774.9         0.99997               1        Successful poll           Train
     1          43           24596        0.999978               1      Successful search (ES-wcm)        
     1          45         24338.3        0.999975               1      Successful search (ES-wcm)        
     1          47         23196.7        0.999978               1      Successful search (ES-ell)        
     1          49         22692.5        0.999971               1      Successful search (ES-ell)        
     1          52         22485.2        0.985402               1      Successful search (ES-ell)        
     1          55         22407.1          0.9854               1      Successful search (ES-ell)        
     1          56         22267.9        0.985404               1      Successful search (ES-ell)        
     1          59         22004.6        0.985392               1      Successful search (ES-ell)        
     1          61         21866.7        0.985388               1      Successful search (ES-wcm)        
     1          66         21754.8        0.985376               1      Successful search (ES-ell)        
     1          67         21509.1        0.985396               1      Successful search (ES-ell)        
     1          68         21348.5        0.985398               1      Successful search (ES-ell)        
     1          69         21057.8          0.9854               1      Successful search (ES-wcm)        
     1          75         20810.8         1.00478               1      Successful search (ES-wcm)        
     1          79         20795.4         1.00472               1      Successful search (ES-wcm)        
     1          81         20781.5         1.00456               1      Successful search (ES-wcm)        
     1          88         20697.3          1.0045               1      Successful search (ES-wcm)        
     1          94         20604.9         1.00413               1      Successful search (ES-wcm)        
     1          96         20593.3         1.00302               1      Successful search (ES-wcm)        
     1         101         20568.5        0.991949               1      Successful search (ES-wcm)        
     1         104         20521.2        0.991938               1      Successful search (ES-wcm)        
     1         109         20489.9        0.991962               1      Successful search (ES-wcm)        
     1         112         20469.5         0.99196               1      Successful search (ES-wcm)        
     1         114         20281.9        0.991957               1      Successful search (ES-wcm)        
     1         127         20279.5        0.997145               1      Successful search (ES-wcm)        
     1         128         20161.4        0.997732               1      Successful search (ES-wcm)        
     1         130         20133.8        0.997553               1      Successful search (ES-wcm)        
     1         138         20108.5        0.997094               1      Successful search (ES-wcm)        
     1         139         20087.5        0.997165               1      Successful search (ES-wcm)        
     1         141           20084        0.997522               1      Successful search (ES-wcm)        
     1         145         20050.8        0.961483               1      Successful search (ES-wcm)        
     1         152         20027.7        0.961128               1      Successful search (ES-wcm)        
     1         176         19962.5         1.27085               1        Successful poll           Train
     2         201         19962.5         1.27085             0.5          Refine grid             Train
     3         226         19962.7         1.14628            0.25          Refine grid             Train
     4         235         19974.3         1.02117            0.25      Successful search (ES-wcm)        
     4         264         19974.3         1.02117           0.125          Refine grid             
     5         267         19910.6         1.12043           0.125      Successful search (ES-wcm)        
     5         303         19910.6         1.12043          0.0625          Refine grid             
     6         331         20045.1        0.522543         0.03125          Refine grid             
     7         333         20059.9          6.1117         0.03125      Successful search (ES-wcm)        
     7         334           20055         6.34206         0.03125      Successful search (ES-wcm)        
     7         335         20048.7         6.72316         0.03125      Successful search (ES-wcm)        
     7         336         20041.3         7.74887         0.03125      Successful search (ES-wcm)        
     7         337         20031.4         11.2246         0.03125      Successful search (ES-ell)        
     7         338         20016.2         15.8213         0.03125      Successful search (ES-ell)        
     7         339         19990.4         17.4728         0.03125      Successful search (ES-ell)        
     7         340         19984.6         21.7353         0.03125      Successful search (ES-ell)        
     7         371         19984.6         21.7353        0.015625          Refine grid             
     8         372         20011.1           10.04        0.015625      Successful search (ES-wcm)        
     8         374         20008.8         10.0526        0.015625      Successful search (ES-wcm)        
     8         375         20004.9          10.357        0.015625      Successful search (ES-wcm)        
     8         376         19999.9         10.6264        0.015625      Successful search (ES-ell)        
     8         377         19994.4         11.3277        0.015625      Successful search (ES-ell)        
     8         378           19992         12.3146        0.015625      Successful search (ES-ell)        
     8         380         19991.7         13.0219        0.015625      Successful search (ES-ell)        
     8         381         19989.9         13.9482        0.015625      Successful search (ES-ell)        
     8         410         19989.9         13.9482       0.0078125          Refine grid             
     9         411         20003.3          8.5423       0.0078125      Successful search (ES-ell)        
     9         412         19994.2         8.47758       0.0078125      Successful search (ES-ell)        
     9         413         19978.8         8.52023       0.0078125      Successful search (ES-ell)        
     9         449         19978.8         8.52023      0.00390625          Refine grid             Train
    10         450         20020.6         8.69993      0.00390625      Successful search (ES-ell)        
    10         451         20020.1         8.66889      0.00390625      Successful search (ES-ell)        
    10         452         20018.5          8.7223      0.00390625      Successful search (ES-ell)        
    10         453         20017.3         8.86955      0.00390625      Successful search (ES-ell)        
    10         454         20015.7         9.07155      0.00390625      Successful search (ES-ell)        
    10         455         20014.9         9.54895      0.00390625      Successful search (ES-ell)        
    10         456         20012.3         10.9629      0.00390625      Successful search (ES-ell)        
    10         457         20008.8         13.5981      0.00390625      Successful search (ES-ell)        
    10         458         20004.2         17.4969      0.00390625      Successful search (ES-ell)        
    10         459           19998         21.9589      0.00390625      Successful search (ES-ell)        
    10         460         19989.4         28.9639      0.00390625      Successful search (ES-ell)        
    10         461         19966.6         26.4756      0.00390625      Successful search (ES-ell)        
    10         500         19966.6         26.4756      0.00195312          Refine grid             
    11         504         19982.1         7.53761      0.00195312      Successful search (ES-ell)        
    11         505         19981.1         7.45577      0.00195312      Successful search (ES-ell)        
    11         506         19979.9         7.40493      0.00195312      Successful search (ES-ell)        
    11         519         19977.9         6.67184      0.00195312      Successful search (ES-ell)        
    11         520         19977.8         6.62157      0.00195312      Successful search (ES-ell)        
    11         522         19976.8         6.52286      0.00195312      Successful search (ES-ell)        
    11         552         19976.8         6.52286     0.000976562          Refine grid             
Optimization terminated: change in the function value less than options['tol_mesh']
Estimated function value at minimum: 19982.534093558857 ± 5.494646380935999 (mean ± SEM from 100 samples)
BADS minimum at: x_min = [ 2.09970e+00  8.36120e+00  8.42570e+00  2.14238e+01 -9.99240e+00
  8.44630e+00  4.96600e-01  5.35200e-01  1.54000e-02  2.00000e+00
  5.78700e-01], training NLL = 19982.5341
total f-count: 652, time: 28.75 min

 ------- Finish Optimization for Subject 25 ---------- 
