device is : cuda
['base', '6', 'all', 'bads', '1']

 ------- Start Optimization for Subject 2 ---------- 

 Cross Validation fold 0/1

 -- Start Optimization: method BADS --

 Optimization Run 1/1
Initial params: [0.4265, 4.3732, 14.6388, 10.6536, 3.6329, 18.6927, 0.5818, 41.6271, 4.6541, 0.4582, 0.7854, 0.1335]
bads:TooCloseBounds: For each variable, hard and plausible bounds should not be too close. Moving plausible bounds.
Variables (index) internally transformed to log coordinates: [[ 0  0]
 [ 0  3]
 [ 0  7]
 [ 0  8]
 [ 0  9]
 [ 0 10]
 [ 0 11]]
Beginning optimization of a STOCHASTIC objective function

 Iteration    f-count      E[f(x)]        SD[f(x)]           MeshScale          Method              Actions
     0           1         31806.7             nan               1                                  
     0          28         26827.2             nan               1          Initial mesh            Initial points
     0          43         25700.2        0.989357               1        Successful poll           Train
     1          47           24480        0.989329               1      Successful search (ES-wcm)        
     1          48         23414.6        0.989351               1      Successful search (ES-wcm)        
     1          54           23388         1.06415               1      Successful search (ES-wcm)        
     1          62         23166.1          1.0641               1      Successful search (ES-ell)        
     1          63         22806.6         1.06411               1      Successful search (ES-ell)        
     1          65         22399.7         1.06411               1      Successful search (ES-ell)        
     1          66         22342.3         1.06414               1      Successful search (ES-wcm)        
     1          72         22331.2         1.06413               1      Successful search (ES-wcm)        
     1          74         22282.4         1.06403               1      Successful search (ES-ell)        
     1          78         22191.7         1.06388               1      Successful search (ES-ell)        
     1          79         22164.5         1.02287               1      Successful search (ES-ell)        
     1          80         21959.7         1.02291               1      Successful search (ES-ell)        
     1          83         21678.8         1.02291               1      Successful search (ES-ell)        
     1          85         21115.1         1.02291               1      Successful search (ES-ell)        
     1          89         21104.5          1.0229               1      Successful search (ES-ell)        
     1          90         20516.3         1.02291               1      Successful search (ES-ell)        
     1          93         20462.7         1.02289               1      Successful search (ES-ell)        
     1         102         20436.3         1.01938               1      Successful search (ES-ell)        
     1         105         20349.2        0.970351               1      Successful search (ES-ell)        
     1         108         20278.8        0.970347               1      Successful search (ES-ell)        
     1         110         20170.2        0.970349               1      Successful search (ES-ell)        
     1         115         19815.6        0.970345               1      Successful search (ES-wcm)        
     1         117         19797.7        0.970348               1      Successful search (ES-wcm)        
     1         120           19750        0.970317               1      Successful search (ES-wcm)        
     1         122         19662.3        0.970348               1      Successful search (ES-wcm)        
     1         130         19637.7        0.994239               1      Successful search (ES-wcm)        
     1         132         19597.3         0.99427               1      Successful search (ES-wcm)        
     1         136         19495.2        0.994126               1      Successful search (ES-wcm)        
     1         139         19494.5        0.994265               1      Incremental search (ES-wcm)        
     1         147         19480.5        0.994054               1      Successful search (ES-wcm)        
     1         177         19398.3          1.0348               1        Successful poll           
     2         184           19394         1.10765               1      Successful search (ES-wcm)        
     2         188         19345.6         1.10759               1      Successful search (ES-wcm)        
     2         193         19270.5         1.10766               1      Successful search (ES-ell)        
     2         196         19254.4         1.10765               1      Successful search (ES-wcm)        
     2         229         19254.4         1.10765             0.5          Refine grid             Train
     3         231         19140.8         1.94922             0.5      Successful search (ES-ell)        
     3         273         19140.8         1.94922            0.25          Refine grid             Train
     4         275         19104.7         30.6282            0.25      Successful search (ES-ell)        
     4         320         19104.7         30.6282           0.125          Refine grid             Train
     5         321         19123.2         30.4789           0.125      Successful search (ES-wcm)        
     5         324         19076.3         30.8071           0.125      Successful search (ES-ell)        
     5         329         19075.5         18.1543           0.125      Successful search (ES-ell)        
     5         367         19075.5         18.1543          0.0625          Refine grid             
     6         368         19092.3         15.5811          0.0625      Successful search (ES-ell)        
     6         369         19059.1         22.2356          0.0625      Successful search (ES-ell)        
     6         370         19058.2         33.6893          0.0625      Successful search (ES-ell)        
     6         414         19058.2         33.6893         0.03125          Refine grid             
     7         415         19087.3         13.0265         0.03125      Successful search (ES-ell)        
     7         416           19076         20.4945         0.03125      Successful search (ES-ell)        
     7         460         19072.9         12.6332          0.0625        Successful poll           
     8         461         19070.6         22.5049          0.0625      Successful search (ES-ell)        
     8         462         19062.9         32.2473          0.0625      Successful search (ES-ell)        
     8         465         19057.2         25.1053          0.0625      Successful search (ES-ell)        
     8         507         19057.2         25.1053         0.03125          Refine grid             Train
     9         508         19078.9         8.85395         0.03125      Successful search (ES-ell)        
     9         509         19076.3           14.17         0.03125      Successful search (ES-ell)        
     9         510         19074.2         19.8108         0.03125      Successful search (ES-ell)        
     9         518         19073.5           12.92         0.03125      Successful search (ES-ell)        
     9         519         19070.8         14.4867         0.03125      Successful search (ES-wcm)        
     9         521         19070.5         14.2603         0.03125      Successful search (ES-ell)        
     9         566         19070.5         14.2603        0.015625          Refine grid             Train
    10         567         19087.5         8.48133        0.015625      Successful search (ES-ell)        
    10         568         19082.7         9.83148        0.015625      Successful search (ES-ell)        
    10         569         19080.3         11.1252        0.015625      Successful search (ES-wcm)        
    10         571         19079.3         14.9032        0.015625      Successful search (ES-wcm)        
    10         613         19079.3         14.9032       0.0078125          Refine grid             
    11         614         19089.6         9.87155       0.0078125      Successful search (ES-wcm)        
    11         615         19087.2         12.1457       0.0078125      Successful search (ES-wcm)        
    11         617         19087.2         12.3628       0.0078125      Successful search (ES-wcm)        
    11         618         19084.2         12.1949       0.0078125      Successful search (ES-wcm)        
    11         619         19083.6         12.8995       0.0078125      Successful search (ES-ell)        
    11         660         19083.6         12.8995      0.00390625          Refine grid             
    12         661         19099.7         7.44003      0.00390625      Successful search (ES-ell)        
    12         662         19098.1         7.89746      0.00390625      Successful search (ES-ell)        
    12         663         19094.9         8.96217      0.00390625      Successful search (ES-ell)        
    12         664         19092.6         11.0619      0.00390625      Successful search (ES-ell)        
    12         665         19091.4         14.9669      0.00390625      Successful search (ES-ell)        
    12         666         19088.8         19.6005      0.00390625      Successful search (ES-ell)        
    12         667         19086.4         24.7899      0.00390625      Successful search (ES-ell)        
    12         707         19086.4         24.7899      0.00195312          Refine grid             
    13         742         19100.9         5.18838     0.000976562          Refine grid             Train
Optimization terminated: change in the function value less than options['tol_mesh']
Estimated function value at minimum: 19105.2470276248 ± 4.44297264920259 (mean ± SEM from 100 samples)
BADS minimum at: x_min = [1.7670e+00 7.3345e+00 5.9361e+00 4.0710e+00 2.1511e+00 9.2626e+00
 4.6570e-01 1.6470e-01 2.9605e+00 1.7000e-03 2.0000e+00 2.5470e-01], training NLL = 19105.247
total f-count: 842, time: 37.44 min

 ------- Finish Optimization for Subject 2 ---------- 

 ------- Start Optimization for Subject 3 ---------- 

 Cross Validation fold 0/1

 -- Start Optimization: method BADS --

 Optimization Run 1/1
Initial params: [1.4632, 6.0736, 14.6987, 15.2506, 3.5626, 25.2392, 0.3942, 15.8417, 4.0642, 0.3785, 0.5243, 0.0727]
bads:TooCloseBounds: For each variable, hard and plausible bounds should not be too close. Moving plausible bounds.
Variables (index) internally transformed to log coordinates: [[ 0  0]
 [ 0  3]
 [ 0  7]
 [ 0  8]
 [ 0  9]
 [ 0 10]
 [ 0 11]]
Beginning optimization of a STOCHASTIC objective function

 Iteration    f-count      E[f(x)]        SD[f(x)]           MeshScale          Method              Actions
     0           1         30969.8             nan               1                                  
     0          28         26696.9             nan               1          Initial mesh            Initial points
     0          42           25885        0.973436               1        Successful poll           Train
     1          45         22676.2        0.973435               1      Successful search (ES-wcm)        
     1          47         21864.5        0.973418               1      Successful search (ES-wcm)        
     1          48         21554.3        0.973419               1      Successful search (ES-wcm)        
     1          53         21462.5        0.973305               1      Successful search (ES-wcm)        
     1          54         20776.5        0.974765               1      Successful search (ES-wcm)        
     1          63           20706        0.974475               1      Successful search (ES-wcm)        
     1          65         20278.9        0.974307               1      Successful search (ES-wcm)        
     1          70         20115.3        0.974751               1      Successful search (ES-wcm)        
     1          80         20022.1         1.14736               1      Successful search (ES-wcm)        
     1          82         19691.2         1.14736               1      Successful search (ES-ell)        
     1          83         19550.3         1.14736               1      Successful search (ES-wcm)        
     1          85         19411.9         1.14736               1      Successful search (ES-ell)        
     1          87         19212.8         1.14736               1      Successful search (ES-ell)        
     1          96         19210.8          1.1473               1      Successful search (ES-ell)        
     1         129         19185.1          1.0801               1        Successful poll           Train
     2         158         19184.9         1.18344             0.5          Refine grid             Train
     3         159         19212.5         50.3627             0.5      Successful search (ES-ell)        
     3         200         19083.9         50.3063               1        Successful poll           
     4         210         19081.3         22.3009               1      Successful search (ES-ell)        
     4         211         18946.4         43.3374               1      Successful search (ES-wcm)        
     4         212         18844.9         48.8375               1      Successful search (ES-wcm)        
     4         216         18808.6         47.9889               1      Successful search (ES-ell)        
     4         220         18735.5          40.345               1      Successful search (ES-wcm)        
     4         221         18465.1         48.7272               1      Successful search (ES-wcm)        
     4         222         18405.3         50.1684               1      Successful search (ES-ell)        
     4         224         18325.5         49.3634               1      Successful search (ES-ell)        
     4         240         18321.3         32.8547               1        Successful poll           Train
     5         242         18086.8          52.741               1      Successful search (ES-ell)        
     5         249           18083         31.2725               1      Successful search (ES-ell)        
     5         251         18065.4         31.2534               1      Successful search (ES-ell)        
     5         252         18035.8         42.2367               1      Successful search (ES-ell)        
     5         281         18035.8         42.2367             0.5          Refine grid             
     6         283         18043.6         41.6449             0.5      Successful search (ES-ell)        
     6         285         18029.2         51.8924             0.5      Successful search (ES-wcm)        
     6         288         17935.6         47.0268             0.5      Successful search (ES-ell)        
     6         301         17830.6          19.732             0.5      Successful search (ES-ell)        
     6         302         17623.7         24.0394             0.5      Successful search (ES-ell)        
     6         303         17619.6         30.3436             0.5      Successful search (ES-ell)        
     6         338         17619.6         30.3436            0.25          Refine grid             
     7         339         17433.9          19.356            0.25      Successful search (ES-wcm)        
     7         341         17356.1         26.7543            0.25      Successful search (ES-wcm)        
     7         384         17356.1         26.7543           0.125          Refine grid             Train
     8         385         17835.1         14.7031           0.125      Successful search (ES-wcm)        
     8         386         17630.1         17.1977           0.125      Successful search (ES-wcm)        
     8         431         17630.1         17.1977          0.0625          Refine grid             
     9         432         17888.8         19.4572          0.0625      Successful search (ES-wcm)        
     9         478         17888.8         19.4572         0.03125          Refine grid             
    10         479         18021.3         15.6757         0.03125      Successful search (ES-wcm)        
    10         480         18000.8         21.2388         0.03125      Successful search (ES-wcm)        
    10         481         17994.1         20.5153         0.03125      Successful search (ES-wcm)        
    10         482         17975.7         21.3368         0.03125      Successful search (ES-wcm)        
    10         491         17973.3          14.824         0.03125      Successful search (ES-ell)        
    10         492         17955.6         16.6872         0.03125      Successful search (ES-ell)        
    10         493         17936.2         19.4361         0.03125      Successful search (ES-ell)        
    10         495         17934.4         22.0345         0.03125      Successful search (ES-ell)        
    10         496         17927.2         30.9853         0.03125      Successful search (ES-wcm)        
    10         538         17927.2         30.9853        0.015625          Refine grid             
    11         539         17956.4         7.16357        0.015625      Successful search (ES-wcm)        
    11         540           17950         8.10846        0.015625      Successful search (ES-ell)        
    11         542         17948.3         9.85423        0.015625      Successful search (ES-ell)        
    11         543         17947.2         11.9874        0.015625      Successful search (ES-ell)        
    11         544           17945         15.5859        0.015625      Successful search (ES-ell)        
    11         545         17939.6           18.68        0.015625      Successful search (ES-ell)        
    11         547         17937.8         17.8456        0.015625      Successful search (ES-ell)        
    11         548         17912.1         20.6916        0.015625      Successful search (ES-ell)        
    11         586         17912.1         20.6916       0.0078125          Refine grid             Train
    12         587         17917.7          7.2031       0.0078125      Successful search (ES-wcm)        
    12         588         17914.4         7.79876       0.0078125      Successful search (ES-wcm)        
    12         589         17895.5         8.19476       0.0078125      Successful search (ES-ell)        
    12         590         17877.8         9.49709       0.0078125      Successful search (ES-ell)        
    12         591         17849.8         13.0263       0.0078125      Successful search (ES-ell)        
    12         634         17849.8         13.0263      0.00390625          Refine grid             Train
    13         635         17912.3         6.33622      0.00390625      Successful search (ES-ell)        
    13         636         17887.7         6.30745      0.00390625      Successful search (ES-ell)        
    13         637         17851.6         6.33372      0.00390625      Successful search (ES-ell)        
    13         638         17792.2         6.73445      0.00390625      Successful search (ES-ell)        
    13         639         17769.1         7.88781      0.00390625      Successful search (ES-wcm)        
    13         640         17738.9           9.923      0.00390625      Successful search (ES-wcm)        
    13         641         17707.3         12.1833      0.00390625      Successful search (ES-wcm)        
    13         682         17707.3         12.1833      0.00195312          Refine grid             
    14         683         17904.1         6.64811      0.00195312      Successful search (ES-wcm)        
    14         684         17901.4         6.84913      0.00195312      Successful search (ES-ell)        
    14         685         17899.3         7.13624      0.00195312      Successful search (ES-ell)        
    14         686         17896.5         7.61921      0.00195312      Successful search (ES-ell)        
    14         730         17896.5         7.61921     0.000976562          Refine grid             
Optimization terminated: change in the function value less than options['tol_mesh']
Estimated function value at minimum: 17897.355288716488 ± 4.151347872760834 (mean ± SEM from 100 samples)
BADS minimum at: x_min = [1.44670e+00 4.08430e+00 5.10920e+00 3.29960e+00 1.87500e+00 2.26286e+01
 5.13200e-01 5.72000e-02 6.06950e+00 3.00000e-04 1.70000e+00 2.28000e-01], training NLL = 17897.3553
total f-count: 830, time: 36.93 min

 ------- Finish Optimization for Subject 3 ---------- 

 ------- Start Optimization for Subject 5 ---------- 

 Cross Validation fold 0/1

 -- Start Optimization: method BADS --

 Optimization Run 1/1
Initial params: [1.5321, 7.4912, 8.3, 7.5296, -4.2783, 22.3509, 0.4347, 0.9993, 4.9118, 0.4576, 0.2706, 0.7017]
bads:TooCloseBounds: For each variable, hard and plausible bounds should not be too close. Moving plausible bounds.
Variables (index) internally transformed to log coordinates: [[ 0  0]
 [ 0  3]
 [ 0  7]
 [ 0  8]
 [ 0  9]
 [ 0 10]
 [ 0 11]]
Beginning optimization of a STOCHASTIC objective function

 Iteration    f-count      E[f(x)]        SD[f(x)]           MeshScale          Method              Actions
     0           1         31193.3             nan               1                                  
     0          28         28121.3             nan               1          Initial mesh            Initial points
     0          30         26128.8        0.999989               1        Successful poll           Train
     1          34         23645.7        0.999968               1      Successful search (ES-wcm)        
     1          35         21029.1        0.999984               1      Successful search (ES-wcm)        
     1          39         20023.9        0.999877               1      Successful search (ES-wcm)        
     1          40         19939.2        0.999887               1      Successful search (ES-wcm)        
     1          47         19446.4        0.999886               1      Successful search (ES-wcm)        
     1          49         19232.1        0.998907               1      Successful search (ES-wcm)        
     1          50           19229         0.99946               1      Successful search (ES-wcm)        
     1          53         18804.4        0.998725               1      Successful search (ES-wcm)        
     1          60         18735.2        0.996623               1      Successful search (ES-wcm)        
     1          61         18495.5        0.996567               1      Successful search (ES-wcm)        
     1          77         18464.4        0.993873               1      Successful search (ES-wcm)        
     1          81         18289.5         1.00868               1      Successful search (ES-wcm)        
     1          89         18208.7         1.00861               1      Successful search (ES-wcm)        
     1          97         18205.5         1.00864               1      Successful search (ES-wcm)        
     1          98         18134.6         1.00866               1      Successful search (ES-wcm)        
     1         105         18104.3         1.00865               1      Successful search (ES-ell)        
     1         110           18095         1.00858               1      Successful search (ES-ell)        
     1         118         18057.2         1.00859               1      Successful search (ES-ell)        
     1         123         18015.6         1.00805               1      Successful search (ES-ell)        
     1         124         17978.5         1.00845               1      Successful search (ES-ell)        
     1         154         17978.5         1.00845             0.5          Refine grid             Train
     2         164         17959.1        0.894999             0.5      Successful search (ES-ell)        
     2         199         17959.1        0.894999            0.25          Refine grid             Train
     3         203         17995.9         0.90399            0.25      Successful search (ES-ell)        
     3         245         17995.9         0.90399           0.125          Refine grid             Train
     4         249         18005.2        0.876075           0.125      Successful search (ES-ell)        
     4         253         17995.6        0.773577           0.125      Successful search (ES-ell)        
     4         292         17995.6        0.773577          0.0625          Refine grid             
     5         294         18014.9         9.94673          0.0625      Successful search (ES-ell)        
     5         295         17993.1         19.6882          0.0625      Successful search (ES-ell)        
     5         297         17982.3           21.78          0.0625      Successful search (ES-ell)        
     5         305         17969.3         17.5162          0.0625      Successful search (ES-ell)        
     5         306           17965          32.619          0.0625      Successful search (ES-ell)        
     5         351         17926.4         31.2354           0.125        Successful poll           
     6         352           17938         36.3604           0.125      Successful search (ES-ell)        
     6         398           17938         36.3604          0.0625          Refine grid             
     7         399         17930.9         24.9275          0.0625      Successful search (ES-ell)        
     7         445         17930.9         24.9275         0.03125          Refine grid             
     8         446         17968.8         10.2471         0.03125      Successful search (ES-ell)        
     8         447         17948.1         14.9339         0.03125      Successful search (ES-ell)        
     8         448         17944.5         18.7816         0.03125      Successful search (ES-wcm)        
     8         449         17941.6          23.567         0.03125      Successful search (ES-ell)        
     8         451         17916.3          19.598         0.03125      Successful search (ES-wcm)        
     8         478         17822.2         14.4225          0.0625        Successful poll           Train
     9         479         17942.1         14.6181          0.0625      Successful search (ES-wcm)        
     9         481         17934.4         14.5389          0.0625      Successful search (ES-wcm)        
     9         526         17934.4         14.5389         0.03125          Refine grid             
    10         527         17966.5         5.63036         0.03125      Successful search (ES-wcm)        
    10         528         17954.5         5.65421         0.03125      Successful search (ES-wcm)        
    10         529         17942.2         6.49633         0.03125      Successful search (ES-wcm)        
    10         530         17934.4         8.78357         0.03125      Successful search (ES-wcm)        
    10         574         17934.4         8.78357        0.015625          Refine grid             
    11         575         17971.3         4.49508        0.015625      Successful search (ES-wcm)        
    11         576         17962.3         4.68128        0.015625      Successful search (ES-wcm)        
    11         577         17933.2         7.69285        0.015625      Successful search (ES-ell)        
    11         578           17915         17.7085        0.015625      Successful search (ES-ell)        
    11         622           17915         17.7085       0.0078125          Refine grid             Train
    12         623         17972.9         5.88242       0.0078125      Successful search (ES-ell)        
    12         624         17969.7         6.48835       0.0078125      Successful search (ES-ell)        
    12         625         17962.6         7.37398       0.0078125      Successful search (ES-ell)        
    12         626         17957.7         10.0744       0.0078125      Successful search (ES-ell)        
    12         627         17955.5         14.1391       0.0078125      Successful search (ES-ell)        
    12         670         17955.5         14.1391      0.00390625          Refine grid             Train
    13         671         17973.8          5.6953      0.00390625      Successful search (ES-ell)        
    13         672         17962.8         6.27605      0.00390625      Successful search (ES-ell)        
    13         673         17949.2         7.24019      0.00390625      Successful search (ES-ell)        
    13         674         17938.8         8.71807      0.00390625      Successful search (ES-wcm)        
    13         675         17926.6         11.2016      0.00390625      Successful search (ES-wcm)        
    13         676         17920.5         13.4409      0.00390625      Successful search (ES-wcm)        
    13         718         17920.5         13.4409      0.00195312          Refine grid             
    14         719         17969.8         6.35474      0.00195312      Successful search (ES-wcm)        
    14         720           17968         6.37215      0.00195312      Successful search (ES-wcm)        
    14         766           17968         6.37215     0.000976562          Refine grid             
Optimization terminated: change in the function value less than options['tol_mesh']
Estimated function value at minimum: 17967.69685996223 ± 4.5545978331798365 (mean ± SEM from 100 samples)
BADS minimum at: x_min = [ 1.3826  3.6311  4.1006  3.2253  2.565  47.9218  0.1782  0.0617  5.8899
  0.2395  1.6388  0.2745], training NLL = 17967.6969
total f-count: 866, time: 38.53 min

 ------- Finish Optimization for Subject 5 ---------- 

 ------- Start Optimization for Subject 6 ---------- 

 Cross Validation fold 0/1

 -- Start Optimization: method BADS --

 Optimization Run 1/1
Initial params: [0.9877, 3.5039, 2.0901, 4.0563, -3.3649, 18.2356, 0.4592, 32.5329, 2.9932, 0.6464, 0.2814, 0.9327]
bads:TooCloseBounds: For each variable, hard and plausible bounds should not be too close. Moving plausible bounds.
Variables (index) internally transformed to log coordinates: [[ 0  0]
 [ 0  3]
 [ 0  7]
 [ 0  8]
 [ 0  9]
 [ 0 10]
 [ 0 11]]
Beginning optimization of a STOCHASTIC objective function

 Iteration    f-count      E[f(x)]        SD[f(x)]           MeshScale          Method              Actions
     0           1         30896.9             nan               1                                  
     0          28         27321.3             nan               1          Initial mesh            Initial points
     0          35         24184.9        0.994084               1        Successful poll           Train
     1          42         23591.9        0.993507               1      Successful search (ES-ell)        
     1          43         22300.9        0.993706               1      Successful search (ES-ell)        
     1          44           20444        0.993974               1      Successful search (ES-ell)        
     1          46         19412.1        0.993766               1      Successful search (ES-ell)        
     1          55         19387.1         1.00012               1      Successful search (ES-ell)        
     1          57         19291.9        0.999914               1      Successful search (ES-ell)        
     1          72         19223.7         1.00004               1        Successful poll           
     2          76         19072.9         1.00007               1      Successful search (ES-ell)        
     2          79           18865         1.03224               1      Successful search (ES-ell)        
     2          80         18836.8         1.03224               1      Successful search (ES-ell)        
     2          86           17688         1.03224               1      Successful search (ES-ell)        
     2          88         17591.5         1.03222               1      Successful search (ES-ell)        
     2          91         17471.6          1.0322               1      Successful search (ES-ell)        
     2          92         17259.1         1.03222               1      Successful search (ES-ell)        
     2          97         17159.5         1.03221               1      Successful search (ES-ell)        
     2         101         16975.7         1.03213               1      Successful search (ES-ell)        
     2         118         16966.4         1.09621               1      Successful search (ES-ell)        
     2         145         16966.4         1.09621             0.5          Refine grid             
     3         173           16941         35.6401               1        Successful poll           
     4         181         16876.2         27.0906               1      Successful search (ES-ell)        
     4         190         16788.1          28.585               1      Successful search (ES-ell)        
     4         222         16788.1          28.585             0.5          Refine grid             
     5         224         16763.8         28.4943             0.5      Successful search (ES-ell)        
     5         228           16734         28.1625             0.5      Successful search (ES-ell)        
     5         230         16732.5         28.5153             0.5      Successful search (ES-ell)        
     5         237         16669.7         26.3592             0.5      Successful search (ES-ell)        
     5         276         16669.7         26.3592            0.25          Refine grid             
     6         277           16701         31.3741            0.25      Successful search (ES-ell)        
     6         280         16658.7          29.863            0.25      Successful search (ES-ell)        
     6         282         16635.8         31.9751            0.25      Successful search (ES-wcm)        
     6         286         16632.5         24.6484            0.25      Successful search (ES-wcm)        
     6         293           16631         13.1826            0.25      Successful search (ES-wcm)        
     6         294         16607.3         19.7908            0.25      Successful search (ES-wcm)        
     6         298         16607.1         15.7873            0.25      Successful search (ES-wcm)        
     6         302         16483.9         20.1734            0.25      Successful search (ES-wcm)        
     6         304           16420         24.4564            0.25      Successful search (ES-wcm)        
     6         344           16420         24.4564           0.125          Refine grid             
     7         345         16662.1         23.2551           0.125      Successful search (ES-wcm)        
     7         347         16628.3         22.1021           0.125      Successful search (ES-wcm)        
     7         351         16616.2         17.4579           0.125      Successful search (ES-ell)        
     7         352         16605.8          24.618           0.125      Successful search (ES-ell)        
     7         390         16605.8          24.618          0.0625          Refine grid             
     8         391           16603         12.4488          0.0625      Successful search (ES-wcm)        
     8         393         16581.2         10.3507          0.0625      Successful search (ES-wcm)        
     8         394         16576.7         20.2859          0.0625      Successful search (ES-wcm)        
     8         396         16566.9         22.5962          0.0625      Successful search (ES-ell)        
     8         436         16566.9         22.5962         0.03125          Refine grid             Train
     9         437         16599.3         6.79876         0.03125      Successful search (ES-ell)        
     9         438         16583.3         9.08598         0.03125      Successful search (ES-ell)        
     9         439         16568.4         11.6293         0.03125      Successful search (ES-wcm)        
     9         440         16558.7         20.8147         0.03125      Successful search (ES-ell)        
