device is : cuda
['base', '6', 'all', 'bads', '1']

 ------- Start Optimization for Subject 2 ---------- 

 Cross Validation fold 0/1

 -- Start Optimization: method BADS --

 Optimization Run 1/1
Initial params: [1.9071, 8.6572, 11.5883, 6.6306, -2.68, 29.8296, 0.4056, 44.0637, 2.5091, 0.0123, 0.614, 0.6693]
bads:TooCloseBounds: For each variable, hard and plausible bounds should not be too close. Moving plausible bounds.
Variables (index) internally transformed to log coordinates: [[ 0  0]
 [ 0  3]
 [ 0  7]
 [ 0  8]
 [ 0  9]
 [ 0 10]
 [ 0 11]]
Beginning optimization of a STOCHASTIC objective function

 Iteration    f-count      E[f(x)]        SD[f(x)]           MeshScale          Method              Actions
     0           1         31806.7             nan               1                                  
     0          28         26801.2             nan               1          Initial mesh            Initial points
     0          42         25556.7         1.00622               1        Successful poll           Train
     1          48         25240.4         1.00579               1      Successful search (ES-wcm)        
     1          53         25180.4         1.00319               1      Successful search (ES-ell)        
     1          58         24324.4         1.00207               1      Successful search (ES-ell)        
     1          59         22830.3         1.00207               1      Successful search (ES-ell)        
     1          61         22795.9         1.00207               1      Successful search (ES-ell)        
     1          65         22282.3          1.0019               1      Successful search (ES-ell)        
     1          66         21496.4           1.002               1      Successful search (ES-ell)        
     1          73         21416.3        0.999417               1      Successful search (ES-ell)        
     1          75         21398.7         1.00071               1      Successful search (ES-ell)        
     1          76         21356.9         1.00134               1      Successful search (ES-ell)        
     1          79         20961.5         1.01608               1      Successful search (ES-ell)        
     1          83         20758.9         1.01608               1      Successful search (ES-ell)        
     1          84         20606.5         1.01608               1      Successful search (ES-ell)        
     1         101         20588.9         1.01168               1      Successful search (ES-ell)        
     1         107         20553.4        0.895398               1      Successful search (ES-ell)        
     1         108         20345.2        0.895411               1      Successful search (ES-ell)        
     1         112         20288.5        0.895395               1      Successful search (ES-ell)        
     1         120         20192.3        0.895348               1      Successful search (ES-ell)        
     1         127         19877.3        0.895414               1      Successful search (ES-ell)        
     1         133         19872.3        0.975897               1      Successful search (ES-wcm)        
     1         135         19858.7        0.975896               1      Successful search (ES-wcm)        
     1         137           19841        0.975896               1      Successful search (ES-ell)        
     1         145         19710.9         0.97588               1      Successful search (ES-ell)        
     1         147           19662        0.975884               1      Successful search (ES-ell)        
     1         149         19562.7        0.975884               1      Successful search (ES-ell)        
     1         176         19401.6        0.993198               1        Successful poll           
     2         204         19401.6        0.993198             0.5          Refine grid             Train
     3         207         19559.4         53.7145             0.5      Successful search (ES-ell)        
     3         210         19527.4         48.8209             0.5      Successful search (ES-ell)        
     3         212         19515.2         46.0692             0.5      Successful search (ES-ell)        
     3         221         19501.9         29.6901             0.5      Successful search (ES-ell)        
     3         223         19487.4         29.8392             0.5      Successful search (ES-ell)        
     3         261         19487.4         29.8392            0.25          Refine grid             
     4         262         19515.3         40.2325            0.25      Successful search (ES-ell)        
     4         265         19506.9         41.2282            0.25      Successful search (ES-ell)        
     4         268         19499.5         42.3285            0.25      Successful search (ES-wcm)        
     4         308         19499.5         42.3285           0.125          Refine grid             
     5         309         19500.9         20.3557           0.125      Successful search (ES-wcm)        
     5         312         19489.9         23.9248           0.125      Successful search (ES-ell)        
     5         355         19489.9         23.9248          0.0625          Refine grid             
     6         356         19492.9         11.2197          0.0625      Successful search (ES-ell)        
     6         357         19491.7         17.1389          0.0625      Successful search (ES-ell)        
     6         361         19482.7          20.353          0.0625      Successful search (ES-wcm)        
     6         364         19479.4         18.4706          0.0625      Successful search (ES-wcm)        
     6         366         19476.9          18.062          0.0625      Successful search (ES-wcm)        
     6         370         19475.9         15.1554          0.0625      Successful search (ES-wcm)        
     6         373         19473.4           13.68          0.0625      Successful search (ES-wcm)        
     6         414         19473.4           13.68         0.03125          Refine grid             
     7         415         19497.9         9.21529         0.03125      Successful search (ES-ell)        
     7         416         19481.7          9.4415         0.03125      Successful search (ES-wcm)        
     7         417         19477.4         13.3016         0.03125      Successful search (ES-wcm)        
     7         418         19476.3         18.7681         0.03125      Successful search (ES-ell)        
     7         419         19463.1         23.8601         0.03125      Successful search (ES-ell)        
     7         461         19461.3          9.4879          0.0625        Successful poll           Train
     8         462         19235.6         10.4788          0.0625      Successful search (ES-ell)        
     8         463         18992.3         15.6132          0.0625      Successful search (ES-ell)        
     8         464         18865.8         22.8287          0.0625      Successful search (ES-ell)        
     8         508         18865.8         22.8287         0.03125          Refine grid             
     9         509         19496.7         8.26897         0.03125      Successful search (ES-wcm)        
     9         510         19463.3         8.94101         0.03125      Successful search (ES-wcm)        
     9         511         19434.2         11.9353         0.03125      Successful search (ES-wcm)        
     9         512         19411.6         22.6486         0.03125      Successful search (ES-wcm)        
     9         555         19411.6         22.6486        0.015625          Refine grid             
    10         556         19503.2         9.99121        0.015625      Successful search (ES-wcm)        
    10         557           19498         9.67398        0.015625      Successful search (ES-wcm)        
    10         558         19494.2         9.48679        0.015625      Successful search (ES-wcm)        
    10         559         19484.1           10.32        0.015625      Successful search (ES-wcm)        
    10         560         19469.8          13.782        0.015625      Successful search (ES-wcm)        
    10         581         19381.4         12.3752         0.03125        Successful poll           
    11         584         19389.1         10.9596         0.03125      Successful search (ES-wcm)        
    11         586         19343.9         11.1572         0.03125      Successful search (ES-ell)        
    11         628         19343.9         11.1572        0.015625          Refine grid             
    12         629         19492.6         9.07804        0.015625      Successful search (ES-ell)        
    12         630         19468.1         11.7196        0.015625      Successful search (ES-ell)        
    12         675         19468.1         11.7196       0.0078125          Refine grid             
    13         676         19513.2          10.747       0.0078125      Successful search (ES-ell)        
    13         677         19510.7         11.4169       0.0078125      Successful search (ES-ell)        
    13         678         19505.3         12.4519       0.0078125      Successful search (ES-ell)        
    13         679           19504         12.5872       0.0078125      Successful search (ES-wcm)        
    13         680         19497.8         17.2048       0.0078125      Successful search (ES-ell)        
    13         700         19468.6         9.44442        0.015625        Successful poll           
    14         701         19511.9         8.34476        0.015625      Successful search (ES-wcm)        
    14         702         19503.1         8.13072        0.015625      Successful search (ES-wcm)        
    14         703         19497.7         8.90103        0.015625      Successful search (ES-wcm)        
    14         704         19494.1         10.6575        0.015625      Successful search (ES-wcm)        
    14         705         19472.9         20.0729        0.015625      Successful search (ES-ell)        
    14         747         19472.9         20.0729       0.0078125          Refine grid             
    15         748         19496.3          8.8078       0.0078125      Successful search (ES-wcm)        
    15         749         19495.6         9.58435       0.0078125      Successful search (ES-wcm)        
    15         752         19493.1         9.94347       0.0078125      Successful search (ES-wcm)        
    15         794         19493.1         9.94347      0.00390625          Refine grid             
    16         796         19493.9         6.93967      0.00390625      Successful search (ES-wcm)        
    16         797         19493.9         7.25956      0.00390625      Successful search (ES-wcm)        
    16         798         19493.3         7.51982      0.00390625      Successful search (ES-wcm)        
    16         799         19492.2         8.23785      0.00390625      Successful search (ES-wcm)        
    16         801         19490.4         8.84006      0.00390625      Successful search (ES-ell)        
    16         802         19486.5         10.9748      0.00390625      Successful search (ES-ell)        
    16         803         19484.6         15.6818      0.00390625      Successful search (ES-ell)        
    16         841         19484.6         15.6818      0.00195312          Refine grid             
    17         842         19495.2         7.65887      0.00195312      Successful search (ES-ell)        
    17         843         19494.7         7.91244      0.00195312      Successful search (ES-wcm)        
    17         844           19491         8.18175      0.00195312      Successful search (ES-wcm)        
    17         845         19490.4         8.61834      0.00195312      Successful search (ES-wcm)        
    17         846         19486.7         9.27086      0.00195312      Successful search (ES-wcm)        
    17         847         19482.4         10.7025      0.00195312      Successful search (ES-wcm)        
    17         889         19482.4         10.7025     0.000976562          Refine grid             Train
Optimization terminated: change in the function value less than options['tol_mesh']
Estimated function value at minimum: 19485.911219355872 ± 5.472259890598577 (mean ± SEM from 100 samples)
BADS minimum at: x_min = [ 1.7539  4.391   4.3288  7.1976  4.58   31.9781  0.3179  0.1339  4.0463
  0.1418  2.      0.2179], training NLL = 19485.9112
total f-count: 989, time: 43.31 min

 ------- Finish Optimization for Subject 2 ---------- 

 ------- Start Optimization for Subject 3 ---------- 

 Cross Validation fold 0/1

 -- Start Optimization: method BADS --

 Optimization Run 1/1
Initial params: [1.3626, 5.779, 6.1061, 9.4914, 0.4862, 8.7604, 0.3514, 22.476, 2.3813, 0.8548, 0.4828, 0.9632]
bads:TooCloseBounds: For each variable, hard and plausible bounds should not be too close. Moving plausible bounds.
Variables (index) internally transformed to log coordinates: [[ 0  0]
 [ 0  3]
 [ 0  7]
 [ 0  8]
 [ 0  9]
 [ 0 10]
 [ 0 11]]
Beginning optimization of a STOCHASTIC objective function

 Iteration    f-count      E[f(x)]        SD[f(x)]           MeshScale          Method              Actions
     0           1         30969.8             nan               1                                  
     0          28         26763.9             nan               1          Initial mesh            Initial points
     0          41           25711        0.976619               1        Successful poll           Train
     1          42         23875.1        0.976624               1      Successful search (ES-wcm)        
     1          45         23787.7        0.976606               1      Successful search (ES-wcm)        
     1          46         23325.3        0.976611               1      Successful search (ES-wcm)        
     1          53         23168.1        0.976255               1      Successful search (ES-wcm)        
     1          55           22384         1.00878               1      Successful search (ES-wcm)        
     1          56         22047.5         1.00878               1      Successful search (ES-wcm)        
     1          63         21541.2         1.00877               1      Successful search (ES-wcm)        
     1          65         21372.4         1.00876               1      Successful search (ES-wcm)        
     1          66           21104         1.00877               1      Successful search (ES-wcm)        
     1          73         21100.5         1.00872               1      Successful search (ES-wcm)        
     1          75         20613.8         1.00871               1      Successful search (ES-wcm)        
     1          77         20373.7         1.00869               1      Successful search (ES-wcm)        
     1          80         20251.9        0.992106               1      Successful search (ES-wcm)        
     1          95         20247.1        0.992083               1      Successful search (ES-wcm)        
     1          96         20121.9          0.9921               1      Successful search (ES-wcm)        
     1          97         20002.7        0.992103               1      Successful search (ES-wcm)        
     1         105         19960.2         1.01131               1      Successful search (ES-wcm)        
     1         111         19957.9          1.0112               1      Successful search (ES-wcm)        
     1         113           19929         1.01126               1      Successful search (ES-wcm)        
     1         123         19893.1         1.01077               1      Successful search (ES-wcm)        
     1         125         19866.7         1.01069               1      Successful search (ES-wcm)        
     1         153         19866.7         1.01069             0.5          Refine grid             
     2         160           19863         1.03658             0.5      Successful search (ES-wcm)        
     2         195         19589.5         0.97016               1        Successful poll           Train
     3         206         19437.9        0.970153               1      Successful search (ES-wcm)        
     3         218         19328.7        0.996595               1      Successful search (ES-wcm)        
     3         229         19327.4        0.996485               1      Successful search (ES-ell)        
     3         230         19316.1        0.996599               1      Successful search (ES-wcm)        
     3         240         19178.8        0.996598               1      Successful search (ES-wcm)        
     3         247         19157.6        0.996603               1      Successful search (ES-wcm)        
     3         255         19154.8        0.996535               1      Successful search (ES-ell)        
     3         275         19136.5         1.01992               1        Successful poll           Train
     4         281         19056.7         1.01992               1      Successful search (ES-wcm)        
     4         285           18959         1.01992               1      Successful search (ES-wcm)        
     4         295         18929.5         1.01991               1      Successful search (ES-wcm)        
     4         304         18908.3          1.0418               1      Successful search (ES-wcm)        
     4         306         18828.4          1.0418               1      Successful search (ES-wcm)        
     4         340         18805.3         1.08067               1        Successful poll           Train
     5         369         18805.4         1.08057             0.5          Refine grid             Train
     6         370         18883.5         37.8443             0.5      Successful search (ES-wcm)        
     6         415         18883.5         37.8443            0.25          Refine grid             
     7         416         18904.2         33.8942            0.25      Successful search (ES-wcm)        
     7         420         18892.4         34.8461            0.25      Successful search (ES-wcm)        
     7         422         18866.8         41.8635            0.25      Successful search (ES-wcm)        
     7         428         18856.5         49.7583            0.25      Successful search (ES-wcm)        
     7         431         18823.6         49.3243            0.25      Successful search (ES-wcm)        
     7         435         18808.1         35.7416            0.25      Successful search (ES-wcm)        
     7         473         18808.1         35.7416           0.125          Refine grid             
     8         474         18801.5         23.4655           0.125      Successful search (ES-wcm)        
     8         475         18794.9         33.1357           0.125      Successful search (ES-wcm)        
     8         479         18768.6         17.7519           0.125      Successful search (ES-wcm)        
     8         482         18764.4         17.8444           0.125      Successful search (ES-wcm)        
     8         486           18749         16.5476           0.125      Successful search (ES-wcm)        
     8         488         18735.8          19.021           0.125      Successful search (ES-wcm)        
     8         532         18735.8          19.021          0.0625          Refine grid             
     9         533         18777.9         8.61341          0.0625      Successful search (ES-wcm)        
     9         534         18731.4         12.1073          0.0625      Successful search (ES-wcm)        
     9         535         18684.2         23.7518          0.0625      Successful search (ES-ell)        
     9         579         18684.2         23.7518         0.03125          Refine grid             
    10         580         18804.4         10.3219         0.03125      Successful search (ES-ell)        
    10         581         18798.4         12.0867         0.03125      Successful search (ES-ell)        
    10         582           18786         15.9694         0.03125      Successful search (ES-ell)        
    10         585         18781.8         15.7117         0.03125      Successful search (ES-ell)        
    10         586           18779         21.4097         0.03125      Successful search (ES-ell)        
    10         587         18776.3         30.6905         0.03125      Successful search (ES-ell)        
    10         626         18776.3         30.6905        0.015625          Refine grid             
    11         627         18806.9         8.75358        0.015625      Successful search (ES-ell)        
    11         628         18801.1         9.77499        0.015625      Successful search (ES-ell)        
    11         629         18795.9         12.4757        0.015625      Successful search (ES-ell)        
    11         630         18782.9         15.8221        0.015625      Successful search (ES-ell)        
    11         674         18782.9         15.8221       0.0078125          Refine grid             Train
    12         675         18808.2         8.21638       0.0078125      Successful search (ES-wcm)        
    12         677         18807.4         7.95522       0.0078125      Successful search (ES-wcm)        
    12         678         18806.4         8.26998       0.0078125      Successful search (ES-wcm)        
    12         679         18805.7         8.58333       0.0078125      Successful search (ES-wcm)        
    12         680         18804.4         9.69753       0.0078125      Successful search (ES-wcm)        
    12         722         18804.4         9.69753      0.00390625          Refine grid             Train
    13         723         18819.5         6.65152      0.00390625      Successful search (ES-ell)        
    13         724         18818.5         7.01376      0.00390625      Successful search (ES-ell)        
    13         725         18817.1          7.8403      0.00390625      Successful search (ES-ell)        
    13         727         18816.2         8.72421      0.00390625      Successful search (ES-ell)        
    13         728         18812.2         10.4498      0.00390625      Successful search (ES-ell)        
    13         729         18807.2          12.653      0.00390625      Successful search (ES-ell)        
    13         730         18800.8         20.7612      0.00390625      Successful search (ES-wcm)        
    13         770         18800.8         20.7612      0.00195312          Refine grid             
    14         771         18813.6         7.38439      0.00195312      Successful search (ES-wcm)        
    14         772           18808         7.32301      0.00195312      Successful search (ES-ell)        
    14         773           18801          7.2965      0.00195312      Successful search (ES-ell)        
    14         774         18793.7         7.29691      0.00195312      Successful search (ES-ell)        
    14         775         18779.1         7.40396      0.00195312      Successful search (ES-ell)        
    14         776         18765.9         7.60234      0.00195312      Successful search (ES-ell)        
    14         777         18748.6         8.16992      0.00195312      Successful search (ES-ell)        
    14         778         18720.7         9.56571      0.00195312      Successful search (ES-ell)        
    14         779         18687.6         11.1854      0.00195312      Successful search (ES-ell)        
    14         780         18671.4         14.1715      0.00195312      Successful search (ES-ell)        
    14         818         18671.4         14.1715     0.000976562          Refine grid             
Optimization terminated: change in the function value less than options['tol_mesh']
Estimated function value at minimum: 18795.49135238435 ± 5.825134747991581 (mean ± SEM from 100 samples)
BADS minimum at: x_min = [3.07760e+00 5.89580e+00 5.54870e+00 7.60120e+00 4.08260e+00 3.33271e+01
 2.85200e-01 2.81800e-01 5.79200e-01 5.20000e-03 1.82650e+00 2.71700e-01], training NLL = 18795.4914
total f-count: 918, time: 237.27 min

 ------- Finish Optimization for Subject 3 ---------- 

 ------- Start Optimization for Subject 5 ---------- 

 Cross Validation fold 0/1

 -- Start Optimization: method BADS --

 Optimization Run 1/1
Initial params: [1.9394, 7.8231, 6.9671, 7.1382, -0.5611, 13.7233, 0.3886, 13.0761, 4.9668, 0.6444, 0.5824, 0.7152]
bads:TooCloseBounds: For each variable, hard and plausible bounds should not be too close. Moving plausible bounds.
Variables (index) internally transformed to log coordinates: [[ 0  0]
 [ 0  3]
 [ 0  7]
 [ 0  8]
 [ 0  9]
 [ 0 10]
 [ 0 11]]
Beginning optimization of a STOCHASTIC objective function

 Iteration    f-count      E[f(x)]        SD[f(x)]           MeshScale          Method              Actions
     0           1         31193.3             nan               1                                  
     0          28         28113.3             nan               1          Initial mesh            Initial points
     0          30           26098         0.99996               1        Successful poll           Train
     1          31         21631.6        0.999962               1      Successful search (ES-wcm)        
     1          35         20822.3        0.999902               1      Successful search (ES-wcm)        
     1          38         20557.7        0.999808               1      Successful search (ES-wcm)        
     1          42         20355.3        0.999562               1      Successful search (ES-ell)        
     1          47         20275.6        0.994053               1      Successful search (ES-wcm)        
     1          50         20240.9        0.991304               1      Successful search (ES-wcm)        
     1          51         20196.6        0.997459               1      Successful search (ES-wcm)        
     1          52           20170        0.984201               1      Successful search (ES-wcm)        
     1          58         20126.9        0.997153               1      Successful search (ES-wcm)        
     1          59         20086.1        0.997056               1      Successful search (ES-wcm)        
     1          62         20071.8        0.997163               1      Successful search (ES-wcm)        
     1          66         20045.5        0.997059               1      Successful search (ES-wcm)        
     1          73         19981.4        0.997053               1      Successful search (ES-wcm)        
     1          81         19920.7         1.03303               1      Successful search (ES-wcm)        
     1         102         19904.7          1.0309               1      Successful search (ES-wcm)        
     1         129         19221.7         1.03584               1        Successful poll           Train
     2         137         19181.2         2.14607               1      Successful search (ES-wcm)        
     2         140         19069.8         2.14605               1      Successful search (ES-wcm)        
     2         146           18679         2.14609               1      Successful search (ES-wcm)        
     2         179         18662.1          1.9743               1        Successful poll           Train
     3         208         18661.2        0.977289             0.5          Refine grid             Train
     4         210         18600.3          52.057             0.5      Successful search (ES-wcm)        
     4         212         18471.7         55.2848             0.5      Successful search (ES-wcm)        
     4         216         18465.1         38.1963             0.5      Successful search (ES-wcm)        
     4         219         18444.2         37.5363             0.5      Successful search (ES-ell)        
     4         220         18419.9         41.7771             0.5      Successful search (ES-wcm)        
     4         223         18374.6          45.784             0.5      Successful search (ES-wcm)        
     4         224         18326.9         54.6839             0.5      Successful search (ES-wcm)        
     4         234         18223.7         43.3652             0.5      Successful search (ES-wcm)        
     4         236         18079.7          52.733             0.5      Successful search (ES-wcm)        
     4         237         18070.2         55.0268             0.5      Successful search (ES-wcm)        
     4         239         18058.4         49.7263             0.5      Successful search (ES-wcm)        
     4         241         18057.6         47.0844             0.5      Successful search (ES-wcm)        
     4         265         18041.5         35.6327               1        Successful poll           Train
     5         270         18009.8         43.0001               1      Successful search (ES-ell)        
     5         271         17991.1         38.3572               1      Successful search (ES-ell)        
     5         274         17958.9          33.642               1      Successful search (ES-ell)        
     5         306         17958.9          33.642             0.5          Refine grid             Train
     6         311           18023         31.0018             0.5      Successful search (ES-ell)        
     6         312         18007.8         36.7678             0.5      Successful search (ES-ell)        
     6         315         18000.5         31.9159             0.5      Successful search (ES-ell)        
     6         317         17988.1         31.2247             0.5      Successful search (ES-ell)        
     6         321         17977.3         38.9741             0.5      Successful search (ES-ell)        
     6         323         17936.1         38.4365             0.5      Successful search (ES-ell)        
     6         363         17936.1         38.4365            0.25          Refine grid             
     7         365         17987.6         31.6277            0.25      Successful search (ES-ell)        
     7         369           17982         23.7192            0.25      Successful search (ES-ell)        
     7         371         17960.2         23.6281            0.25      Successful search (ES-ell)        
     7         372         17932.3         33.9161            0.25      Successful search (ES-ell)        
     7         409         17932.3         33.9161           0.125          Refine grid             
     8         410           17907         22.8697           0.125      Successful search (ES-ell)        
     8         411         17837.5          29.817           0.125      Successful search (ES-wcm)        
     8         429         17789.6         12.5712           0.125      Successful search (ES-ell)        
     8         430         17542.6         14.1437           0.125      Successful search (ES-ell)        
     8         431         17333.9         17.7505           0.125      Successful search (ES-ell)        
     8         467         17333.9         17.7505          0.0625          Refine grid             Train
     9         468         17972.4         15.0271          0.0625      Successful search (ES-ell)        
     9         469         17972.3         21.1233          0.0625      Successful search (ES-ell)        
     9         514         17972.3         21.1233         0.03125          Refine grid             
    10         515           17986         9.91376         0.03125      Successful search (ES-wcm)        
    10         516         17963.8         12.7015         0.03125      Successful search (ES-wcm)        
    10         517         17954.9         9.87343         0.03125      Successful search (ES-wcm)        
    10         518         17893.8          12.422         0.03125      Successful search (ES-wcm)        
    10         519         17833.4         13.4624         0.03125      Successful search (ES-wcm)        
    10         520         17804.7         20.6305         0.03125      Successful search (ES-wcm)        
    10         521         17735.6         22.4539         0.03125      Successful search (ES-wcm)        
    10         561         17735.6         22.4539        0.015625          Refine grid             
    11         562         17928.5         7.35519        0.015625      Successful search (ES-wcm)        
    11         563         17918.1          7.4167        0.015625      Successful search (ES-wcm)        
    11         564         17796.1         7.94387        0.015625      Successful search (ES-ell)        
    11         565         17641.8         9.95692        0.015625      Successful search (ES-ell)        
    11         566         17523.5         12.2341        0.015625      Successful search (ES-ell)        
    11         567         17429.4         17.0887        0.015625      Successful search (ES-ell)        
    11         609         17429.4         17.0887       0.0078125          Refine grid             
    12         645         18006.3         9.79879      0.00390625          Refine grid             Train
    13         646         18004.7          7.0723      0.00390625      Successful search (ES-ell)        
    13         647         18000.2         6.92991      0.00390625      Successful search (ES-ell)        
    13         648         17994.9         6.97504      0.00390625      Successful search (ES-wcm)        
    13         649         17987.8         7.71344      0.00390625      Successful search (ES-wcm)        
    13         650         17978.3         9.83556      0.00390625      Successful search (ES-wcm)        
    13         651         17974.3          12.295      0.00390625      Successful search (ES-wcm)        
    13         652           17969         13.6313      0.00390625      Successful search (ES-wcm)        
    13         653         17955.7         14.9235      0.00390625      Successful search (ES-wcm)        
    13         691         17949.2          6.8364       0.0078125        Successful poll           Train
    14         692         17945.5         6.87567       0.0078125      Successful search (ES-wcm)        
    14         693         17940.5         6.78552       0.0078125      Successful search (ES-wcm)        
    14         694           17932         7.02515       0.0078125      Successful search (ES-wcm)        
    14         695           17922         7.36023       0.0078125      Successful search (ES-wcm)        
    14         696         17876.3         11.4911       0.0078125      Successful search (ES-ell)        
    14         697         17847.3         17.5861       0.0078125      Successful search (ES-ell)        
    14         738         17847.3         17.5861      0.00390625          Refine grid             
    15         739         17968.2         7.75864      0.00390625      Successful search (ES-ell)        
    15         740         17963.1         7.79088      0.00390625      Successful search (ES-ell)        
    15         741         17955.1         7.99372      0.00390625      Successful search (ES-ell)        
    15         742         17945.1         8.28237      0.00390625      Successful search (ES-ell)        
    15         743         17931.4         8.95976      0.00390625      Successful search (ES-ell)        
    15         744         17910.5         9.78551      0.00390625      Successful search (ES-ell)        
    15         745         17884.6         11.5152      0.00390625      Successful search (ES-ell)        
    15         746         17867.3         14.3216      0.00390625      Successful search (ES-ell)        
    15         786         17867.3         14.3216      0.00195312          Refine grid             
    16         787         17987.9         6.17245      0.00195312      Successful search (ES-wcm)        
    16         788         17984.4         6.11838      0.00195312      Successful search (ES-wcm)        
    16         789         17981.1         6.16427      0.00195312      Successful search (ES-wcm)        
    16         790         17971.2         6.17104      0.00195312      Successful search (ES-wcm)        
    16         791         17964.2         6.24643      0.00195312      Successful search (ES-wcm)        
    16         792         17956.3         6.52335      0.00195312      Successful search (ES-wcm)        
    16         793         17952.5         7.19124      0.00195312      Successful search (ES-wcm)        
    16         794         17927.1         7.83137      0.00195312      Successful search (ES-wcm)        
    16         834         17927.1         7.83137     0.000976562          Refine grid             Train
Optimization terminated: change in the function value less than options['tol_mesh']
Estimated function value at minimum: 17995.18149727682 ± 4.867418432652781 (mean ± SEM from 100 samples)
BADS minimum at: x_min = [1.27130e+00 6.94990e+00 3.91210e+00 5.16190e+00 3.95680e+00 3.35965e+01
 2.44900e-01 8.00000e-03 6.83700e+00 1.83000e-02 1.96320e+00 2.28800e-01], training NLL = 17995.1815
total f-count: 934, time: 40.95 min

 ------- Finish Optimization for Subject 5 ---------- 

 ------- Start Optimization for Subject 6 ---------- 

 Cross Validation fold 0/1

 -- Start Optimization: method BADS --

 Optimization Run 1/1
Initial params: [0.0289, 6.2304, 5.5385, 11.0506, 1.5139, 23.9766, 0.6304, 38.1274, 4.9182, 0.2825, 0.0527, 0.304]
bads:TooCloseBounds: For each variable, hard and plausible bounds should not be too close. Moving plausible bounds.
Variables (index) internally transformed to log coordinates: [[ 0  0]
 [ 0  3]
 [ 0  7]
 [ 0  8]
 [ 0  9]
 [ 0 10]
 [ 0 11]]
Beginning optimization of a STOCHASTIC objective function

 Iteration    f-count      E[f(x)]        SD[f(x)]           MeshScale          Method              Actions
     0           1         30896.9             nan               1                                  
     0          28         27205.6             nan               1          Initial mesh            Initial points
     0          34         24292.3         1.00692               1        Successful poll           Train
     1          37           22289         1.00691               1      Successful search (ES-wcm)        
     1          39         21592.9         1.00689               1      Successful search (ES-wcm)        
     1          41         21077.8          1.0069               1      Successful search (ES-wcm)        
     1          46         20604.7         1.00645               1      Successful search (ES-wcm)        
     1          50         20117.9         1.00662               1      Successful search (ES-wcm)        
     1          56         19969.4         1.00006               1      Successful search (ES-wcm)        
     1          64         19966.7          0.9996               1      Successful search (ES-wcm)        
     1          66           19826         1.00041               1      Successful search (ES-wcm)        
     1          70         19744.4         1.00034               1      Successful search (ES-wcm)        
     1          75           19712         1.00033               1      Successful search (ES-wcm)        
     1          78           19681         1.00025               1      Successful search (ES-wcm)        
     1          85         19560.7         1.01425               1      Successful search (ES-ell)        
     1          94         19536.9         1.00988               1      Successful search (ES-ell)        
     1          97         19480.8         1.01421               1      Successful search (ES-ell)        
     1         101         19384.9         1.01411               1      Successful search (ES-ell)        
     1         105         19311.5         0.98517               1      Successful search (ES-ell)        
     1         110         19282.2        0.985311               1      Successful search (ES-ell)        
     1         111         19152.8        0.985365               1      Successful search (ES-ell)        
     1         113         19078.1        0.985297               1      Successful search (ES-ell)        
     1         114         19010.7        0.985387               1      Successful search (ES-ell)        
     1         124         18997.2        0.984846               1      Successful search (ES-ell)        
     1         126         18868.9        0.983738               1      Successful search (ES-ell)        
     1         154         18823.5         1.06197               1        Successful poll           Train
     2         162         18745.9        0.991201               1      Successful search (ES-ell)        
     2         175         18744.6        0.991168               1      Successful search (ES-wcm)        
     2         183         18280.9         1.03449               1      Successful search (ES-ell)        
     2         188         18255.7         1.03446               1      Successful search (ES-ell)        
     2         196         18237.6         1.03448               1      Successful search (ES-ell)        
     2         200         18235.6         1.03437               1      Successful search (ES-ell)        
     2         213         18230.3         1.03374               1      Successful search (ES-ell)        
     2         225         18145.1           1.031               1      Successful search (ES-ell)        
     2         237         18135.3         1.26474               1      Successful search (ES-ell)        
     2         262         18135.3         1.26474             0.5          Refine grid             
     3         287         18138.3         1.24766            0.25          Refine grid             Train
     4         290         17958.6         1.02225            0.25      Successful search (ES-ell)        
     4         291         17913.1         1.02227            0.25      Successful search (ES-ell)        
     4         293         17898.1         1.02228            0.25      Successful search (ES-ell)        
     4         298         17799.1         1.02217            0.25      Successful search (ES-ell)        
     4         307           17790         1.02094            0.25      Successful search (ES-ell)        
     4         341         17783.6         1.46285             0.5        Successful poll           Train
     5         349           17775         1.46246             0.5      Successful search (ES-ell)        
     5         365         17692.8         1.40483             0.5      Successful search (ES-ell)        
     5         391         17692.8         1.40483            0.25          Refine grid             Train
     6         422         17688.7          1.7185           0.125          Refine grid             Train
     7         425         17781.8         1.46224           0.125      Successful search (ES-ell)        
     7         427         17730.9          1.4631           0.125      Successful search (ES-wcm)        
     7         433           17728         1.46296           0.125      Successful search (ES-wcm)        
     7         443         17726.2         1.45651           0.125      Successful search (ES-ell)        
     7         445         17705.5         1.45374           0.125      Successful search (ES-wcm)        
     7         480         17705.5         1.45374          0.0625          Refine grid             
     8         482         17731.3         11.4833          0.0625      Successful search (ES-wcm)        
     8         484         17717.9          17.473          0.0625      Successful search (ES-wcm)        
     8         527         17717.9          17.473         0.03125          Refine grid             Train
     9         528         17743.8         11.4348         0.03125      Successful search (ES-ell)        
     9         530         17741.4         16.4843         0.03125      Successful search (ES-wcm)        
     9         531         17708.6         20.1177         0.03125      Successful search (ES-wcm)        
     9         534         17708.4         17.6646         0.03125      Successful search (ES-ell)        
     9         572         17708.4         17.6646        0.015625          Refine grid             
    10         573         17736.8         7.13608        0.015625      Successful search (ES-ell)        
    10         574         17725.8          6.9137        0.015625      Successful search (ES-wcm)        
    10         575         17714.7         10.4989        0.015625      Successful search (ES-wcm)        
    10         578         17711.8         11.9439        0.015625      Successful search (ES-ell)        
    10         580         17708.1         14.9825        0.015625      Successful search (ES-wcm)        
    10         581         17702.1         18.3525        0.015625      Successful search (ES-wcm)        
    10         617         17702.1         18.3525       0.0078125          Refine grid             
    11         618         17732.2          6.6877       0.0078125      Successful search (ES-wcm)        
    11         619         17728.5         7.83637       0.0078125      Successful search (ES-wcm)        
    11         620         17724.4         9.31984       0.0078125      Successful search (ES-wcm)        
    11         621         17715.8         9.49974       0.0078125      Successful search (ES-wcm)        
    11         664         17715.8         9.49974      0.00390625          Refine grid             
    12         665         17722.2         5.15244      0.00390625      Successful search (ES-ell)        
    12         666           17718         5.89645      0.00390625      Successful search (ES-ell)        
    12         667         17709.5         7.14621      0.00390625      Successful search (ES-ell)        
    12         668         17701.4         9.11985      0.00390625      Successful search (ES-ell)        
    12         709         17701.4         9.11985      0.00195312          Refine grid             Train
    13         710         17728.1         5.84877      0.00195312      Successful search (ES-ell)        
    13         711         17725.8         6.28123      0.00195312      Successful search (ES-ell)        
    13         722         17725.2         6.11736      0.00195312      Successful search (ES-ell)        
    13         723         17724.7          6.4661      0.00195312      Successful search (ES-wcm)        
    13         724         17723.2         7.13925      0.00195312      Successful search (ES-wcm)        
    13         761         17719.9         6.56395      0.00390625        Successful poll           Train
    14         762         17720.3         6.86882      0.00390625      Successful search (ES-ell)        
    14         763         17718.3         7.99305      0.00390625      Successful search (ES-ell)        
    14         764         17713.8         11.0787      0.00390625      Successful search (ES-wcm)        
    14         767         17711.2         12.5636      0.00390625      Successful search (ES-wcm)        
    14         808         17711.2         12.5636      0.00195312          Refine grid             
    15         809           17722         4.91579      0.00195312      Successful search (ES-wcm)        
    15         810         17719.2         5.32562      0.00195312      Successful search (ES-wcm)        
    15         811         17715.4          6.7493      0.00195312      Successful search (ES-wcm)        
    15         812         17714.2         8.49491      0.00195312      Successful search (ES-ell)        
    15         813         17711.5         12.3503      0.00195312      Successful search (ES-ell)        
    15         814           17702         16.0058      0.00195312      Successful search (ES-ell)        
    15         856           17702         16.0058     0.000976562          Refine grid             
Optimization terminated: change in the function value less than options['tol_mesh']
Estimated function value at minimum: 17734.07087614475 ± 4.054275164344344 (mean ± SEM from 100 samples)
BADS minimum at: x_min = [ 2.4196  2.4204  3.4015 14.5253 10.      5.5373  0.5665  0.2029  2.4456
  0.5679  1.0636  0.3026], training NLL = 17734.0709
total f-count: 956, time: 41.54 min

 ------- Finish Optimization for Subject 6 ---------- 

 ------- Start Optimization for Subject 11 ---------- 

 Cross Validation fold 0/1

 -- Start Optimization: method BADS --

 Optimization Run 1/1
Initial params: [1.0433, 9.9486, 14.0981, 14.1026, -1.4393, 22.4604, 0.6796, 37.013, 1.0747, 0.0686, 0.368, 0.9683]
bads:TooCloseBounds: For each variable, hard and plausible bounds should not be too close. Moving plausible bounds.
Variables (index) internally transformed to log coordinates: [[ 0  0]
 [ 0  3]
 [ 0  7]
 [ 0  8]
 [ 0  9]
 [ 0 10]
 [ 0 11]]
Beginning optimization of a STOCHASTIC objective function

 Iteration    f-count      E[f(x)]        SD[f(x)]           MeshScale          Method              Actions
     0           1         31341.2             nan               1                                  
     0          28         27481.5             nan               1          Initial mesh            Initial points
     0          33         24536.9         1.02269               1        Successful poll           Train
     1          34         23988.8         1.02269               1      Successful search (ES-wcm)        
     1          40         23489.1         1.02246               1      Successful search (ES-wcm)        
     1          41         21715.2         1.02248               1      Successful search (ES-wcm)        
     1          42         21570.2         1.02262               1      Successful search (ES-wcm)        
     1          45           21522         1.02258               1      Successful search (ES-wcm)        
     1          50         21494.1         1.02143               1      Successful search (ES-wcm)        
     1          54         21124.3        0.999625               1      Successful search (ES-wcm)        
     1          74         21123.2        0.999649               1        Successful poll           
     2          79         21000.9         0.98353               1      Successful search (ES-wcm)        
     2          84         20929.3        0.983486               1      Successful search (ES-ell)        
     2          85         20807.2        0.983488               1      Successful search (ES-ell)        
     2          89         20482.3        0.983529               1      Successful search (ES-ell)        
     2          92         20315.8        0.983527               1      Successful search (ES-ell)        
     2          94         20085.8        0.983527               1      Successful search (ES-ell)        
     2          98         20061.1        0.983511               1      Successful search (ES-ell)        
     2         106         19981.3         1.00184               1      Successful search (ES-ell)        
     2         119         19980.5        0.995175               1      Incremental search (ES-ell)        
     2         122         19979.8        0.995772               1      Incremental search (ES-ell)        
     2         138         19979.8        0.995772             0.5          Refine grid             Train
     3         145         19883.6          1.4962             0.5      Successful search (ES-ell)        
     3         157         19785.3         1.07147             0.5      Successful search (ES-ell)        
     3         192         19579.2        0.943098               1        Successful poll           Train
     4         197         19427.2        0.943093               1      Successful search (ES-ell)        
     4         198         19366.8        0.943094               1      Successful search (ES-ell)        
     4         203         19151.7        0.943077               1      Successful search (ES-ell)        
     4         207         19121.1        0.943066               1      Successful search (ES-ell)        
     4         213         18915.6          1.0745               1      Successful search (ES-wcm)        
     4         221         18858.4         1.07449               1      Successful search (ES-wcm)        
     4         223           18854         1.07449               1      Successful search (ES-wcm)        
     4         226         18582.1         1.07449               1      Successful search (ES-wcm)        
     4         256         18460.4          1.0745               1        Successful poll           
     5         285         18460.4          1.0745             0.5          Refine grid             Train
     6         317         18460.7         1.16591            0.25          Refine grid             Train
     7         350         18467.5         0.81012          0.0625          Refine grid             Train
     8         351         18556.4         22.8161          0.0625      Successful search (ES-wcm)        
     8         352         18530.1         42.7173          0.0625      Successful search (ES-wcm)        
     8         354         18505.8         37.4949          0.0625      Successful search (ES-wcm)        
     8         356         18503.8         38.7285          0.0625      Successful search (ES-wcm)        
     8         388         18488.3         50.5459           0.125        Successful poll           Train
     9         389         18515.5          20.828           0.125      Successful search (ES-wcm)        
     9         391         18505.1         24.6615           0.125      Successful search (ES-wcm)        
     9         394         18487.6         22.0594           0.125      Successful search (ES-wcm)        
     9         395         18459.5         33.3895           0.125      Successful search (ES-wcm)        
     9         397         18447.7         36.3287           0.125      Successful search (ES-ell)        
     9         398         18406.5          42.417           0.125      Successful search (ES-ell)        
     9         399           18374         48.5346           0.125      Successful search (ES-ell)        
     9         435         18373.9          14.258            0.25        Successful poll           
    10         437         18329.4         33.5599            0.25      Successful search (ES-ell)        
    10         438         18325.5         45.2779            0.25      Successful search (ES-ell)        
    10         439         18305.7         51.7799            0.25      Successful search (ES-ell)        
    10         482         18305.7         51.7799           0.125          Refine grid             
    11         483         18331.5         19.5293           0.125      Successful search (ES-wcm)        
    11         484         18306.4         27.6026           0.125      Successful search (ES-wcm)        
    11         485         18300.9         41.1277           0.125      Successful search (ES-wcm)        
    11         489         18288.7         19.5479           0.125      Successful search (ES-wcm)        
    11         490           18278         24.1727           0.125      Successful search (ES-wcm)        
    11         496         18272.3         17.5695           0.125      Successful search (ES-wcm)        
    11         500         18269.1         15.6132           0.125      Successful search (ES-wcm)        
    11         501           18253         17.2004           0.125      Successful search (ES-wcm)        
    11         502         18235.2         25.8202           0.125      Successful search (ES-ell)        
    11         510         18233.2         16.4892           0.125      Successful search (ES-ell)        
    11         511         18202.4         22.2185           0.125      Successful search (ES-ell)        
    11         553         18202.4         22.2185          0.0625          Refine grid             
    12         554         18283.6         22.4866          0.0625      Successful search (ES-wcm)        
    12         555         18282.6         25.4624          0.0625      Successful search (ES-ell)        
    12         596         18257.9         22.5174           0.125        Successful poll           
    13         598         18234.1         19.7995           0.125      Successful search (ES-wcm)        
    13         602         18224.8         14.1896           0.125      Successful search (ES-wcm)        
    13         603         18211.1         22.4773           0.125      Successful search (ES-wcm)        
    13         606         18209.9         16.0817           0.125      Successful search (ES-wcm)        
    13         610         18208.6         21.8209           0.125      Successful search (ES-wcm)        
    13         654         18195.4         29.5026            0.25        Successful poll           Train
    14         657         18230.5         28.7418            0.25      Successful search (ES-wcm)        
    14         661         18219.1         21.1362            0.25      Successful search (ES-wcm)        
    14         664         18204.4         14.4342            0.25      Successful search (ES-wcm)        
    14         672         18192.6         10.5999            0.25      Successful search (ES-wcm)        
    14         673         18187.1         17.4465            0.25      Successful search (ES-ell)        
    14         713         18187.1         17.4465           0.125          Refine grid             Train
    15         715         18198.4         16.9037           0.125      Successful search (ES-wcm)        
    15         760         18198.4         16.9037          0.0625          Refine grid             Train
    16         761         18218.8         10.7811          0.0625      Successful search (ES-ell)        
    16         763         18216.5         12.8248          0.0625      Successful search (ES-ell)        
    16         808         18216.5         12.8248         0.03125          Refine grid             
    17         809         18228.7         8.00761         0.03125      Successful search (ES-ell)        
    17         810         18214.2         9.06036         0.03125      Successful search (ES-ell)        
    17         811         18202.4         12.4522         0.03125      Successful search (ES-ell)        
    17         812         18184.9         18.7003         0.03125      Successful search (ES-ell)        
    17         813         18177.6         22.4707         0.03125      Successful search (ES-ell)        
    17         814         18173.2         25.9064         0.03125      Successful search (ES-ell)        
    17         856         18173.2         25.9064        0.015625          Refine grid             
    18         857         18230.2         5.54898        0.015625      Successful search (ES-wcm)        
    18         858           18227         5.44873        0.015625      Successful search (ES-wcm)        
    18         859         18223.3         5.45209        0.015625      Successful search (ES-wcm)        
    18         860         18217.6         5.86361        0.015625      Successful search (ES-wcm)        
    18         861         18214.2         7.01484        0.015625      Successful search (ES-wcm)        
    18         862         18207.8         10.0073        0.015625      Successful search (ES-wcm)        
    18         904         18207.8         10.0073       0.0078125          Refine grid             
    19         905         18234.9         5.68312       0.0078125      Successful search (ES-wcm)        
    19         906         18231.5         5.47301       0.0078125      Successful search (ES-wcm)        
    19         907         18227.5         5.32395       0.0078125      Successful search (ES-wcm)        
    19         908         18226.8         5.16736       0.0078125      Successful search (ES-wcm)        
    19         909         18224.8         5.34258       0.0078125      Successful search (ES-wcm)        
    19         910         18218.7          6.1669       0.0078125      Successful search (ES-wcm)        
    19         911         18212.2         7.79267       0.0078125      Successful search (ES-wcm)        
    19         913         18206.7         14.8381       0.0078125      Successful search (ES-ell)        
    19         915         18186.9         18.9551       0.0078125      Successful search (ES-ell)        
    19         952         18186.9         18.9551      0.00390625          Refine grid             Train
    20         953         18233.3         5.55264      0.00390625      Successful search (ES-ell)        
    20         954         18232.3         5.56218      0.00390625      Successful search (ES-ell)        
    20         960         18231.9         5.29696      0.00390625      Successful search (ES-wcm)        
    20         964         18231.9         5.14603      0.00390625      Successful search (ES-wcm)        
    20         998         18229.3         7.29779       0.0078125        Successful poll           Train
    21         999         18229.5         8.65415       0.0078125      Successful search (ES-ell)        
    21        1002         18225.7          8.6964       0.0078125      Successful search (ES-ell)        
    21        1004         18225.4         8.37289       0.0078125      Successful search (ES-ell)        
    21        1005         18222.1         8.72796       0.0078125      Successful search (ES-ell)        
    21        1046         18208.1         11.5796        0.015625        Successful poll           
    22        1047         18215.3         13.0795        0.015625      Successful search (ES-ell)        
    22        1048         18194.3         15.4553        0.015625      Successful search (ES-ell)        
    22        1094         18194.3         15.4553       0.0078125          Refine grid             
    23        1095         18217.8         7.67431       0.0078125      Successful search (ES-ell)        
    23        1097         18212.7          9.0671       0.0078125      Successful search (ES-ell)        
    23        1098         18211.1         11.2573       0.0078125      Successful search (ES-ell)        
    23        1099         18207.9          13.958       0.0078125      Successful search (ES-wcm)        
    23        1100         18207.5         18.0639       0.0078125      Successful search (ES-wcm)        
    23        1142         18207.5         18.0639      0.00390625          Refine grid             Train
    24        1143         18227.7         6.15191      0.00390625      Successful search (ES-ell)        
    24        1145         18226.8          6.2198      0.00390625      Successful search (ES-ell)        
    24        1146           18226         6.37573      0.00390625      Successful search (ES-ell)        
    24        1147         18225.1          6.6993      0.00390625      Successful search (ES-ell)        
    24        1190         18225.1          6.6993      0.00195312          Refine grid             Train
    25        1193         18227.6         4.78908      0.00195312      Successful search (ES-ell)        
    25        1197         18227.3         4.74038      0.00195312      Successful search (ES-wcm)        
    25        1199         18227.2         4.73753      0.00195312      Successful search (ES-wcm)        
    25        1238         18227.2         4.73753     0.000976562          Refine grid             
Optimization terminated: change in the function value less than options['tol_mesh']
Estimated function value at minimum: 18233.480385240033 ± 4.588005268142614 (mean ± SEM from 100 samples)
BADS minimum at: x_min = [ 1.3998  4.7953  4.8309  3.1407  2.2404 37.0458  0.211   0.1087  3.2731
  0.2222  1.5378  0.2369], training NLL = 18233.4804
total f-count: 1338, time: 58.89 min

 ------- Finish Optimization for Subject 11 ---------- 

 ------- Start Optimization for Subject 15 ---------- 

 Cross Validation fold 0/1

 -- Start Optimization: method BADS --

 Optimization Run 1/1
Initial params: [1.2952, 3.7409, 11.3219, 4.7021, -0.3304, 16.1591, 0.4304, 25.8663, 4.06, 0.3476, 0.8965, 0.5201]
bads:TooCloseBounds: For each variable, hard and plausible bounds should not be too close. Moving plausible bounds.
Variables (index) internally transformed to log coordinates: [[ 0  0]
 [ 0  3]
 [ 0  7]
 [ 0  8]
 [ 0  9]
 [ 0 10]
 [ 0 11]]
Beginning optimization of a STOCHASTIC objective function

 Iteration    f-count      E[f(x)]        SD[f(x)]           MeshScale          Method              Actions
     0           1         30407.3             nan               1                                  
     0          28         23485.4             nan               1          Initial mesh            Initial points
     0          45         23228.2        0.999992               1        Successful poll           Train
     1          46         22378.5        0.999988               1      Successful search (ES-wcm)        
     1          53         22274.8        0.999866               1      Successful search (ES-wcm)        
     1          55         22123.2        0.961812               1      Successful search (ES-wcm)        
     1          56         21839.7        0.961838               1      Successful search (ES-wcm)        
     1          57         21729.8         0.96185               1      Successful search (ES-wcm)        
     1          60           20634        0.961851               1      Successful search (ES-ell)        
     1          61         19819.6        0.961851               1      Successful search (ES-ell)        
     1          63           19143        0.961855               1      Successful search (ES-ell)        
     1          64         18552.2        0.961857               1      Successful search (ES-ell)        
     1          67         18293.8        0.961853               1      Successful search (ES-ell)        
     1          69         18244.8        0.961853               1      Successful search (ES-ell)        
     1          78         18219.9        0.960763               1      Successful search (ES-ell)        
     1          79         18217.7          1.0662               1      Successful search (ES-ell)        
     1          82         18166.9         1.06648               1      Successful search (ES-ell)        
     1          91         18112.2         1.06593               1      Successful search (ES-ell)        
     1          98         18079.2         1.06647               1      Successful search (ES-wcm)        
     1         101         18030.7         1.06626               1      Successful search (ES-ell)        
     1         102         17922.9         1.06637               1      Successful search (ES-ell)        
     1         114         17902.5         1.10617               1      Successful search (ES-ell)        
     1         115         17886.5         1.10643               1      Successful search (ES-ell)        
     1         117         17879.8         1.10568               1      Successful search (ES-ell)        
     1         123         17848.2         1.10659               1      Successful search (ES-wcm)        
     1         127         17790.3         1.10579               1      Successful search (ES-wcm)        
     1         133         17780.3         1.10581               1      Successful search (ES-wcm)        
     1         134         17765.1         1.10581               1      Successful search (ES-wcm)        
     1         145         17758.3         1.10581               1      Successful search (ES-wcm)        
     1         153         17752.8         1.10556               1      Successful search (ES-wcm)        
     1         163         17719.2         1.07947               1      Successful search (ES-wcm)        
     1         164         17666.4         1.07938               1      Successful search (ES-wcm)        
     1         172         17628.6         1.07974               1      Successful search (ES-wcm)        
     1         205         17628.6         1.07974             0.5          Refine grid             
     2         209         17604.8         1.07244             0.5      Successful search (ES-wcm)        
     2         212           17592         1.07244             0.5      Successful search (ES-wcm)        
     2         215         17591.9         1.07246             0.5      Incremental search (ES-wcm)        
     2         217         17515.1          1.0724             0.5      Successful search (ES-wcm)        
     2         247         17515.1          1.0724            0.25          Refine grid             
     3         254         17514.6         1.14872            0.25      Successful search (ES-wcm)        
     3         288         17493.7         29.3767             0.5        Successful poll           Train
     4         292         17486.5          37.795             0.5      Successful search (ES-wcm)        
     4         304         17457.6         25.0894             0.5      Successful search (ES-ell)        
     4         343         17457.6         25.0894            0.25          Refine grid             
     5         346         17469.5         12.8608            0.25      Successful search (ES-ell)        
     5         347         17467.6         22.1159            0.25      Successful search (ES-ell)        
     5         348         17451.1         28.1327            0.25      Successful search (ES-ell)        
     5         349         17433.5         28.0259            0.25      Successful search (ES-ell)        
     5         350         17385.3         30.1429            0.25      Successful search (ES-ell)        
     5         351         17372.3         33.6849            0.25      Successful search (ES-ell)        
     5         352         17339.8         37.3732            0.25      Successful search (ES-ell)        
     5         355         17297.5         36.9793            0.25      Successful search (ES-ell)        
     5         388         17297.5         36.9793           0.125          Refine grid             
     6         389         17354.3         11.8991           0.125      Successful search (ES-ell)        
     6         390         17325.5          17.294           0.125      Successful search (ES-ell)        
     6         391         17279.1         23.4278           0.125      Successful search (ES-ell)        
     6         392         17221.8         28.9397           0.125      Successful search (ES-ell)        
     6         393         17201.5         33.7345           0.125      Successful search (ES-ell)        
     6         394         17192.7         34.5524           0.125      Successful search (ES-ell)        
     6         395         17178.8          38.562           0.125      Successful search (ES-ell)        
     6         398           17103         35.6893           0.125      Successful search (ES-ell)        
     6         431           17103         35.6893          0.0625          Refine grid             
     7         432         17117.8         8.42267          0.0625      Successful search (ES-ell)        
     7         433         17100.8         10.0598          0.0625      Successful search (ES-ell)        
     7         434         17091.9         12.4245          0.0625      Successful search (ES-wcm)        
     7         435           17079         12.4246          0.0625      Successful search (ES-wcm)        
     7         436           17062         14.0915          0.0625      Successful search (ES-wcm)        
     7         437         17056.7         16.5911          0.0625      Successful search (ES-wcm)        
     7         471         17043.7         17.9841           0.125        Successful poll           Train
     8         472         17048.1         17.7318           0.125      Successful search (ES-wcm)        
     8         513         17048.1         17.7318          0.0625          Refine grid             
     9         514         17040.2         5.89223          0.0625      Successful search (ES-wcm)        
     9         515         17023.1         9.37362          0.0625      Successful search (ES-wcm)        
     9         555         17023.1         9.37362         0.03125          Refine grid             
    10         556         17050.6         5.65086         0.03125      Successful search (ES-wcm)        
    10         557         17049.5         5.87858         0.03125      Successful search (ES-ell)        
    10         561         17049.1         7.13222         0.03125      Successful search (ES-wcm)        
    10         597         17049.1         7.13222        0.015625          Refine grid             Train
    11         598         17060.7         5.24202        0.015625      Successful search (ES-wcm)        
    11         599         17057.7         5.80502        0.015625      Successful search (ES-wcm)        
    11         600         17052.7         7.64859        0.015625      Successful search (ES-wcm)        
    11         601         17042.6         9.01472        0.015625      Successful search (ES-wcm)        
    11         640         17042.6         9.01472       0.0078125          Refine grid             
    12         641         17057.9          5.3847       0.0078125      Successful search (ES-wcm)        
    12         642         17054.3         5.93534       0.0078125      Successful search (ES-wcm)        
    12         644           17054         7.83915       0.0078125      Successful search (ES-wcm)        
    12         654         17053.3         6.74007       0.0078125      Successful search (ES-wcm)        
    12         655           17052         7.69078       0.0078125      Successful search (ES-wcm)        
    12         656         17045.4          8.2486       0.0078125      Successful search (ES-ell)        
    12         657         17040.8         9.67652       0.0078125      Successful search (ES-ell)        
    12         658         17031.1         11.7203       0.0078125      Successful search (ES-ell)        
    12         697         17031.1         11.7203      0.00390625          Refine grid             
    13         698         17054.5         4.42523      0.00390625      Successful search (ES-ell)        
    13         740         17054.5         4.42523      0.00195312          Refine grid             
    14         741         17057.7         3.57009      0.00195312      Successful search (ES-ell)        
    14         742         17056.8         3.57598      0.00195312      Successful search (ES-ell)        
    14         743         17056.1         3.61361      0.00195312      Successful search (ES-ell)        
    14         744         17054.4         3.73836      0.00195312      Successful search (ES-ell)        
    14         745           17052         3.85745      0.00195312      Successful search (ES-wcm)        
    14         746         17050.4         4.73533      0.00195312      Successful search (ES-wcm)        
    14         747         17047.7         6.86998      0.00195312      Successful search (ES-wcm)        
    14         748         17043.2         10.5812      0.00195312      Successful search (ES-wcm)        
    14         750           17029         15.9153      0.00195312      Successful search (ES-wcm)        
    14         752           17024         14.6479      0.00195312      Successful search (ES-wcm)        
    14         753         17017.4         13.8322      0.00195312      Successful search (ES-wcm)        
    14         754         17010.9         13.0427      0.00195312      Successful search (ES-ell)        
    14         799         17010.9         13.0427     0.000976562          Refine grid             Train
Optimization terminated: change in the function value less than options['tol_mesh']
Estimated function value at minimum: 17032.646745410642 ± 3.8349634291963723 (mean ± SEM from 100 samples)
BADS minimum at: x_min = [ 3.0985 12.3614 12.3778  0.8395 -9.988  12.4285  0.4845  0.1939  1.3754
  0.      1.9999  0.4196], training NLL = 17032.6467
total f-count: 899, time: 39.46 min

 ------- Finish Optimization for Subject 15 ---------- 

 ------- Start Optimization for Subject 20 ---------- 

 Cross Validation fold 0/1

 -- Start Optimization: method BADS --

 Optimization Run 1/1
Initial params: [1.5876, 2.6548, 12.5505, 3.8489, -0.2997, 17.9131, 0.3299, 38.6491, 0.1582, 0.0142, 0.3398, 0.921]
bads:TooCloseBounds: For each variable, hard and plausible bounds should not be too close. Moving plausible bounds.
Variables (index) internally transformed to log coordinates: [[ 0  0]
 [ 0  3]
 [ 0  7]
 [ 0  8]
 [ 0  9]
 [ 0 10]
 [ 0 11]]
Beginning optimization of a STOCHASTIC objective function

 Iteration    f-count      E[f(x)]        SD[f(x)]           MeshScale          Method              Actions
     0           1         30782.7             nan               1                                  
     0          28         27008.9             nan               1          Initial mesh            Initial points
     0          39         24716.6        0.999954               1        Successful poll           Train
     1          42         23666.4        0.999941               1      Successful search (ES-ell)        
     1          49         23638.1        0.997466               1      Successful search (ES-ell)        
     1          54         22710.4        0.996031               1      Successful search (ES-ell)        
     1          55         21926.2        0.996032               1      Successful search (ES-ell)        
     1          59         21681.4        0.996026               1      Successful search (ES-wcm)        
     1          60         20852.3        0.996029               1      Successful search (ES-ell)        
     1          64         20658.4        0.996027               1      Successful search (ES-ell)        
     1          65         20314.2        0.996031               1      Successful search (ES-ell)        
     1          67         20143.1        0.996026               1      Successful search (ES-ell)        
     1          70         19853.2        0.996028               1      Successful search (ES-ell)        
     1          74         19793.6         0.99598               1      Successful search (ES-wcm)        
     1          75         19424.2        0.995992               1      Successful search (ES-ell)        
     1          77         19183.2        0.995941               1      Successful search (ES-wcm)        
     1          80         19067.7        0.989366               1      Successful search (ES-wcm)        
     1          92         19011.1        0.988796               1      Successful search (ES-wcm)        
     1          95         18758.9        0.988289               1      Successful search (ES-wcm)        
     1         111         18652.1         1.01553               1      Successful search (ES-wcm)        
     1         114         18594.4         1.01901               1      Successful search (ES-wcm)        
     1         119         18456.8         1.01901               1      Successful search (ES-wcm)        
     1         131         18436.1          1.0216               1      Successful search (ES-wcm)        
     1         147         18435.2          1.0194               1      Incremental search (ES-ell)        
     1         151           18390         1.02077               1        Successful poll           
     2         181           18390         1.02077             0.5          Refine grid             Train
     3         184         18413.3         35.2169             0.5      Successful search (ES-wcm)        
     3         186         18373.1         41.9768             0.5      Successful search (ES-wcm)        
     3         189         18315.2         39.0363             0.5      Successful search (ES-wcm)        
     3         192         18297.6         34.8662             0.5      Successful search (ES-wcm)        
     3         195         18294.3         41.9986             0.5      Successful search (ES-wcm)        
     3         199         18242.6         39.8801             0.5      Successful search (ES-wcm)        
     3         202         18213.2          37.443             0.5      Successful search (ES-ell)        
     3         203         18155.2         42.0095             0.5      Successful search (ES-ell)        
     3         204           18011         42.7322             0.5      Successful search (ES-ell)        
     3         210         17959.3         35.5639             0.5      Successful search (ES-ell)        
     3         211           17915         42.0163             0.5      Successful search (ES-wcm)        
     3         221         17866.4         31.3768             0.5      Successful search (ES-ell)        
     3         231         17864.5          42.773             0.5      Successful search (ES-wcm)        
     3         236         17803.1         33.4441             0.5      Successful search (ES-wcm)        
     3         237         17787.4         40.6956             0.5      Successful search (ES-wcm)        
     3         238           17717         43.5427             0.5      Successful search (ES-ell)        
     3         240         17603.1         39.2778             0.5      Successful search (ES-ell)        
     3         241         17592.1         40.2039             0.5      Successful search (ES-wcm)        
     3         248         17561.1         30.3173             0.5      Successful search (ES-wcm)        
     3         282         17472.3         30.7205               1        Successful poll           Train
     4         288         17661.7         34.7801               1      Successful search (ES-ell)        
     4         289         17527.6         42.5649               1      Successful search (ES-ell)        
     4         292         17425.2         38.0474               1      Successful search (ES-ell)        
     4         322         17425.2         38.0474             0.5          Refine grid             
     5         323         17424.7         44.5489             0.5      Successful search (ES-ell)        
     5         330         17405.5           32.76             0.5      Successful search (ES-wcm)        
     5         336         17363.6         44.6158             0.5      Successful search (ES-ell)        
     5         342         17352.9         34.7629             0.5      Successful search (ES-ell)        
     5         344           17251         35.4718             0.5      Successful search (ES-ell)        
     5         351         17243.7         31.7914             0.5      Successful search (ES-ell)        
     5         353         17238.5         37.7404             0.5      Successful search (ES-wcm)        
     5         357         17219.9         19.9151             0.5      Successful search (ES-wcm)        
     5         390         17219.9         19.9151            0.25          Refine grid             
     6         393           17230         26.2541            0.25      Successful search (ES-ell)        
     6         395         17219.7         28.0806            0.25      Successful search (ES-ell)        
     6         400         17207.7         19.4644            0.25      Successful search (ES-wcm)        
     6         405         17197.3         26.5894            0.25      Successful search (ES-wcm)        
     6         449         17197.3         26.5894           0.125          Refine grid             
     7         450         17208.2         17.1422           0.125      Successful search (ES-wcm)        
     7         453         17195.8         26.0157           0.125      Successful search (ES-wcm)        
     7         497         17195.8         26.0157          0.0625          Refine grid             
     8         498         17221.1         10.8483          0.0625      Successful search (ES-ell)        
     8         499         17189.6         14.9399          0.0625      Successful search (ES-ell)        
     8         502         17189.3         18.9266          0.0625      Successful search (ES-ell)        
     8         545         17189.3         18.9266         0.03125          Refine grid             Train
     9         546         17192.5         7.06001         0.03125      Successful search (ES-wcm)        
     9         547         17188.3         9.39167         0.03125      Successful search (ES-wcm)        
     9         593         17188.3         9.39167        0.015625          Refine grid             Train
    10         594         17204.4         6.94188        0.015625      Successful search (ES-wcm)        
    10         597         17203.5         6.04474        0.015625      Successful search (ES-wcm)        
    10         599         17202.9         6.68124        0.015625      Successful search (ES-wcm)        
    10         601         17198.5         6.80179        0.015625      Successful search (ES-wcm)        
    10         602         17195.9         7.53204        0.015625      Successful search (ES-wcm)        
    10         608         17195.9         7.62808        0.015625      Successful search (ES-wcm)        
    10         609         17194.2         8.50261        0.015625      Successful search (ES-wcm)        
    10         610         17190.4           9.711        0.015625      Successful search (ES-wcm)        
    10         612         17189.3         12.2835        0.015625      Successful search (ES-wcm)        
    10         613         17188.5         15.3956        0.015625      Successful search (ES-wcm)        
    10         653         17188.5         15.3956       0.0078125          Refine grid             Train
    11         654         17198.8         5.24834       0.0078125      Successful search (ES-wcm)        
    11         655         17192.3         5.61611       0.0078125      Successful search (ES-wcm)        
    11         656         17192.3         7.09523       0.0078125      Successful search (ES-wcm)        
    11         657         17188.4          9.6092       0.0078125      Successful search (ES-wcm)        
    11         658         17182.4         16.5294       0.0078125      Successful search (ES-wcm)        
    11         701         17182.4         16.5294      0.00390625          Refine grid             
    12         702         17201.7         5.75684      0.00390625      Successful search (ES-wcm)        
    12         703         17197.2         5.79005      0.00390625      Successful search (ES-wcm)        
    12         704         17193.3         6.09091      0.00390625      Successful search (ES-wcm)        
    12         705         17190.2         6.86608      0.00390625      Successful search (ES-wcm)        
    12         707         17184.8         7.71471      0.00390625      Successful search (ES-wcm)        
    12         749         17184.8         7.71471      0.00195312          Refine grid             
    13         750         17199.3         5.04604      0.00195312      Successful search (ES-wcm)        
    13         751         17198.6         5.27891      0.00195312      Successful search (ES-wcm)        
    13         754         17198.1         5.41933      0.00195312      Successful search (ES-wcm)        
    13         756         17196.8         5.63314      0.00195312      Successful search (ES-wcm)        
    13         757         17196.1         6.15768      0.00195312      Successful search (ES-wcm)        
    13         758         17188.3         6.78848      0.00195312      Successful search (ES-wcm)        
    13         797         17188.3         6.78848     0.000976562          Refine grid             
Optimization terminated: change in the function value less than options['tol_mesh']
Estimated function value at minimum: 17198.763767441425 ± 3.7341532291282524 (mean ± SEM from 100 samples)
BADS minimum at: x_min = [1.3842e+00 3.3399e+00 5.2235e+00 3.2958e+00 1.9957e+00 8.8643e+00
 6.5580e-01 8.3200e-02 4.7112e+00 1.5000e-03 1.0226e+00 2.0360e-01], training NLL = 17198.7638
total f-count: 897, time: 39.61 min

 ------- Finish Optimization for Subject 20 ---------- 

 ------- Start Optimization for Subject 25 ---------- 

 Cross Validation fold 0/1

 -- Start Optimization: method BADS --

 Optimization Run 1/1
Initial params: [0.3673, 7.7356, 14.4737, 19.7233, -2.6548, 19.8405, 0.3064, 14.038, 3.0434, 0.8528, 0.1454, 0.9024]
bads:TooCloseBounds: For each variable, hard and plausible bounds should not be too close. Moving plausible bounds.
Variables (index) internally transformed to log coordinates: [[ 0  0]
 [ 0  3]
 [ 0  7]
 [ 0  8]
 [ 0  9]
 [ 0 10]
 [ 0 11]]
Beginning optimization of a STOCHASTIC objective function

 Iteration    f-count      E[f(x)]        SD[f(x)]           MeshScale          Method              Actions
     0           1         30894.2             nan               1                                  
     0          28           26498             nan               1          Initial mesh            Initial points
     0          45         26310.4        0.999979               1        Successful poll           Train
     1          47         26265.5        0.999974               1      Successful search (ES-wcm)        
     1          50         25421.3        0.999976               1      Successful search (ES-wcm)        
     1          53         25265.2        0.999943               1      Successful search (ES-wcm)        
     1          54         25153.3         1.00637               1      Successful search (ES-wcm)        
     1          57         24772.4         1.00637               1      Successful search (ES-wcm)        
     1          60         24556.3         1.00636               1      Successful search (ES-wcm)        
     1          64         24258.7         1.00631               1      Successful search (ES-wcm)        
     1          66         24249.8          1.0062               1      Successful search (ES-wcm)        
     1          67         24185.7         1.00629               1      Successful search (ES-wcm)        
     1          68         23904.9          1.0063               1      Successful search (ES-wcm)        
     1          69         23415.6         1.00633               1      Successful search (ES-wcm)        
     1          70           23358         1.00634               1      Successful search (ES-wcm)        
     1          71           22820         1.00636               1      Successful search (ES-wcm)        
     1          73         22815.6         1.00636               1      Successful search (ES-ell)        
     1          78         22710.7          1.0063               1      Successful search (ES-wcm)        
     1          79         22067.6         1.00263               1      Successful search (ES-wcm)        
     1          80         21664.6         1.00263               1      Successful search (ES-wcm)        
     1          90         21614.3         1.00201               1      Successful search (ES-wcm)        
     1          91         21463.4         1.00059               1      Successful search (ES-wcm)        
     1          92         21456.2           1.002               1      Successful search (ES-wcm)        
     1          94         21375.8         1.00259               1      Successful search (ES-wcm)        
     1         101         21319.9         1.00256               1      Successful search (ES-wcm)        
     1         107         21288.2         1.02925               1      Successful search (ES-wcm)        
     1         115         21240.4         1.02877               1      Successful search (ES-wcm)        
     1         129         21228.9         1.05936               1      Successful search (ES-ell)        
     1         150         21131.8         1.06971               1        Successful poll           
     2         169         21088.6          1.0221               1        Successful poll           
     3         179         21080.3         41.5374               1      Successful search (ES-wcm)        
     3         180         21033.9          47.449               1      Successful search (ES-wcm)        
     3         184         21013.2         60.2015               1      Successful search (ES-ell)        
     3         196         20523.4         54.7345               1      Successful search (ES-ell)        
     3         232         20523.4         54.7345             0.5          Refine grid             
     4         233         21024.7         54.4728             0.5      Successful search (ES-ell)        
     4         275         21024.7         54.4728            0.25          Refine grid             Train
     5         308         21146.1        0.983331           0.125          Refine grid             Train
     6         309         21041.2         28.8751           0.125      Successful search (ES-ell)        
     6         310         20926.3         48.5178           0.125      Successful search (ES-ell)        
     6         354         20926.3         48.5178          0.0625          Refine grid             
     7         355         21010.8         16.5826          0.0625      Successful search (ES-ell)        
     7         356         21008.1         30.0046          0.0625      Successful search (ES-ell)        
     7         357         20983.4         33.9806          0.0625      Successful search (ES-ell)        
     7         360           20891         16.9676          0.0625      Successful search (ES-wcm)        
     7         361         20792.8         18.4254          0.0625      Successful search (ES-wcm)        
     7         362         20706.2         30.7666          0.0625      Successful search (ES-wcm)        
     7         401         20706.2         30.7666         0.03125          Refine grid             
     8         402         20991.3         9.01259         0.03125      Successful search (ES-wcm)        
     8         403         20979.4         9.47431         0.03125      Successful search (ES-ell)        
     8         404         20972.5         11.7723         0.03125      Successful search (ES-ell)        
     8         405         20968.6         15.6403         0.03125      Successful search (ES-ell)        
     8         406         20931.7          13.783         0.03125      Successful search (ES-wcm)        
     8         407         20890.3         20.0483         0.03125      Successful search (ES-wcm)        
     8         448         20890.3         20.0483        0.015625          Refine grid             
     9         449         21011.6         9.34221        0.015625      Successful search (ES-wcm)        
     9         450         21004.4         9.30134        0.015625      Successful search (ES-wcm)        
     9         451         20995.5         9.87667        0.015625      Successful search (ES-wcm)        
     9         452         20992.1         14.2134        0.015625      Successful search (ES-wcm)        
     9         453         20977.1         27.5296        0.015625      Successful search (ES-wcm)        
     9         495         20977.1         27.5296       0.0078125          Refine grid             Train
    10         496         21022.6         11.7846       0.0078125      Successful search (ES-wcm)        
    10         497         21020.5         14.6269       0.0078125      Successful search (ES-wcm)        
    10         498         21005.8         21.0828       0.0078125      Successful search (ES-wcm)        
    10         499         20999.6         26.7309       0.0078125      Successful search (ES-wcm)        
    10         500         20990.9         30.2587       0.0078125      Successful search (ES-wcm)        
    10         542         20990.9         30.2587      0.00390625          Refine grid             Train
    11         543         21024.8          12.155      0.00390625      Successful search (ES-wcm)        
    11         544         21020.9         12.1585      0.00390625      Successful search (ES-ell)        
    11         545         21016.8         11.9834      0.00390625      Successful search (ES-ell)        
    11         546           21014         12.3565      0.00390625      Successful search (ES-ell)        
    11         547         21007.3         12.7743      0.00390625      Successful search (ES-ell)        
    11         548           21001         14.4899      0.00390625      Successful search (ES-ell)        
    11         549           20997         18.1636      0.00390625      Successful search (ES-ell)        
    11         550         20990.3         23.3712      0.00390625      Successful search (ES-ell)        
    11         551           20967         30.9877      0.00390625      Successful search (ES-ell)        
    11         589           20967         30.9877      0.00195312          Refine grid             
    12         590         21034.2         10.1787      0.00195312      Successful search (ES-ell)        
    12         591         21032.9         10.0859      0.00195312      Successful search (ES-ell)        
    12         592         21030.6         9.96637      0.00195312      Successful search (ES-ell)        
    12         593         21028.2         10.0575      0.00195312      Successful search (ES-ell)        
    12         594         21026.3         10.4715      0.00195312      Successful search (ES-ell)        
    12         595         21019.8         10.9702      0.00195312      Successful search (ES-wcm)        
    12         596           21019         12.3419      0.00195312      Successful search (ES-ell)        
    12         597         21012.2         14.4704      0.00195312      Successful search (ES-ell)        
    12         598         21005.6         19.6727      0.00195312      Successful search (ES-ell)        
    12         636         21005.6         19.6727     0.000976562          Refine grid             
Optimization terminated: change in the function value less than options['tol_mesh']
Estimated function value at minimum: 21016.165162502974 ± 5.53624277780684 (mean ± SEM from 100 samples)
BADS minimum at: x_min = [2.29580e+00 4.61820e+00 4.12880e+00 4.05773e+01 8.16500e-01 5.32905e+01
 1.95900e-01 4.64300e-01 1.00000e-04 4.33000e-02 1.99630e+00 5.38500e-01], training NLL = 21016.1652
total f-count: 736, time: 32.09 min

 ------- Finish Optimization for Subject 25 ---------- 
