device is : cuda
['base', '6', 'all', 'bads', '1']

 ------- Start Optimization for Subject 2 ---------- 

 Cross Validation fold 0/1

 -- Start Optimization: method BADS --

 Optimization Run 1/1
Initial params: [0.6397, 8.2564, 4.2599, 16.3313, 1.6025, 17.5753, 0.4096, 27.5766, 1.8087, 0.3197, 0.1653, 0.0274]
bads:TooCloseBounds: For each variable, hard and plausible bounds should not be too close. Moving plausible bounds.
Variables (index) internally transformed to log coordinates: [[ 0  0]
 [ 0  3]
 [ 0  7]
 [ 0  8]
 [ 0  9]
 [ 0 10]
 [ 0 11]]
Beginning optimization of a STOCHASTIC objective function

 Iteration    f-count      E[f(x)]        SD[f(x)]           MeshScale          Method              Actions
     0           1         31806.7             nan               1                                  
     0          28         26751.8             nan               1          Initial mesh            Initial points
     0          42         25545.5        0.977267               1        Successful poll           Train
     1          46         25098.2        0.977222               1      Successful search (ES-wcm)        
     1          47         24952.2        0.977252               1      Successful search (ES-wcm)        
     1          48         24609.9        0.977244               1      Successful search (ES-wcm)        
     1          49         23853.3        0.977244               1      Successful search (ES-wcm)        
     1          54         23466.6         1.05114               1      Successful search (ES-ell)        
     1          55         23085.9         1.05115               1      Successful search (ES-ell)        
     1          57         22460.9         1.05114               1      Successful search (ES-wcm)        
     1          61         22413.6         1.05114               1      Successful search (ES-wcm)        
     1          62           22372         1.05113               1      Successful search (ES-wcm)        
     1          70         22212.1         1.05101               1      Successful search (ES-wcm)        
     1          78         22198.1         1.04621               1      Successful search (ES-wcm)        
     1          82         22005.5         1.03101               1      Successful search (ES-ell)        
     1          86         21872.7         1.03093               1      Successful search (ES-ell)        
     1          87         21756.5           1.031               1      Successful search (ES-ell)        
     1          89         21707.9         1.03101               1      Successful search (ES-wcm)        
     1          94         21513.7         1.03101               1      Successful search (ES-ell)        
     1         100         21506.1         1.03078               1      Successful search (ES-ell)        
     1         109         21478.2         1.02709               1      Successful search (ES-ell)        
     1         111         21466.6         1.02698               1      Successful search (ES-ell)        
     1         117           21403         1.02764               1      Successful search (ES-ell)        
     1         118         20903.7         1.02778               1      Successful search (ES-ell)        
     1         123         20440.3         1.02777               1      Successful search (ES-ell)        
     1         129         20440.2        0.999847               1      Incremental search (ES-ell)        
     1         133         20188.4        0.999842               1      Successful search (ES-ell)        
     1         138         20056.8         0.99967               1      Successful search (ES-ell)        
     1         147         19968.9        0.994458               1      Successful search (ES-ell)        
     1         149           19946        0.995262               1      Successful search (ES-ell)        
     1         179           19946        0.995262             0.5          Refine grid             Train
     2         212         19947.2        0.799604            0.25          Refine grid             Train
     3         233         19753.5         44.7486             0.5        Successful poll           Train
     4         234         19683.4         45.4414             0.5      Successful search (ES-ell)        
     4         239         19542.4         43.4948             0.5      Successful search (ES-ell)        
     4         240         19515.8         44.6761             0.5      Successful search (ES-ell)        
     4         277         19515.8         44.6761            0.25          Refine grid             
     5         279         19498.7         33.5217            0.25      Successful search (ES-wcm)        
     5         290         19438.9          39.169            0.25      Successful search (ES-wcm)        
     5         336         19438.9          39.169           0.125          Refine grid             
     6         338         19498.1         19.4012           0.125      Successful search (ES-wcm)        
     6         340         19495.7         29.7194           0.125      Successful search (ES-wcm)        
     6         342         19488.8         32.3702           0.125      Successful search (ES-ell)        
     6         347         19484.3          21.118           0.125      Successful search (ES-ell)        
     6         348         19482.3         24.4635           0.125      Successful search (ES-ell)        
     6         352         19470.5         23.4137           0.125      Successful search (ES-ell)        
     6         353         19460.8         29.8583           0.125      Successful search (ES-ell)        
     6         395         19460.8         29.8583          0.0625          Refine grid             
     7         396         19494.8         16.3771          0.0625      Successful search (ES-ell)        
     7         397         19489.9          26.648          0.0625      Successful search (ES-ell)        
     7         400         19475.6         21.4477          0.0625      Successful search (ES-ell)        
     7         442         19475.6         21.4477         0.03125          Refine grid             
     8         443         19497.9         9.61765         0.03125      Successful search (ES-ell)        
     8         444         19472.4          9.1125         0.03125      Successful search (ES-wcm)        
     8         445         19455.5         13.3563         0.03125      Successful search (ES-wcm)        
     8         489         19455.5         13.3563        0.015625          Refine grid             Train
     9         490         19477.5         6.51592        0.015625      Successful search (ES-wcm)        
     9         491         19472.3         6.59795        0.015625      Successful search (ES-wcm)        
     9         492         19468.7         7.03978        0.015625      Successful search (ES-wcm)        
     9         493         19462.4         8.14068        0.015625      Successful search (ES-wcm)        
     9         494         19457.1         11.7114        0.015625      Successful search (ES-wcm)        
     9         536         19457.1         11.7114       0.0078125          Refine grid             Train
    10         537         19483.4         6.70017       0.0078125      Successful search (ES-wcm)        
    10         538         19483.1         6.96039       0.0078125      Successful search (ES-wcm)        
    10         583         19482.4         7.90288        0.015625        Successful poll           
    11         584         19484.8         9.62229        0.015625      Successful search (ES-ell)        
    11         585         19480.1         12.4331        0.015625      Successful search (ES-ell)        
    11         587         19474.8         16.0027        0.015625      Successful search (ES-ell)        
    11         596           19474         8.27768        0.015625      Successful search (ES-ell)        
    11         597         19445.7         9.51219        0.015625      Successful search (ES-ell)        
    11         598         19407.4         15.7836        0.015625      Successful search (ES-wcm)        
    11         642         19407.4         15.7836       0.0078125          Refine grid             
    12         643         19484.3         7.47858       0.0078125      Successful search (ES-wcm)        
    12         644         19480.9         8.01399       0.0078125      Successful search (ES-wcm)        
    12         645         19477.6         9.81606       0.0078125      Successful search (ES-wcm)        
    12         646         19472.5         14.0133       0.0078125      Successful search (ES-wcm)        
    12         667         19271.6         23.5232        0.015625        Successful poll           
    13         669           19420         11.7472        0.015625      Successful search (ES-wcm)        
    13         670         19334.1         13.1236        0.015625      Successful search (ES-wcm)        
    13         714         19334.1         13.1236       0.0078125          Refine grid             
    14         715         19481.9         5.35396       0.0078125      Successful search (ES-wcm)        
    14         716         19480.2         6.19379       0.0078125      Successful search (ES-wcm)        
    14         717         19476.9         7.97585       0.0078125      Successful search (ES-wcm)        
    14         761         19475.5         11.6769        0.015625        Successful poll           
    15         764         19465.1         10.4669        0.015625      Successful search (ES-ell)        
    15         808         19465.1         10.4669       0.0078125          Refine grid             
    16         809         19470.7          7.7999       0.0078125      Successful search (ES-ell)        
    16         810         19466.6          11.881       0.0078125      Successful search (ES-ell)        
    16         855         19466.6          11.881      0.00390625          Refine grid             Train
    17         856           19480         6.13838      0.00390625      Successful search (ES-wcm)        
    17         857         19475.5         7.96372      0.00390625      Successful search (ES-wcm)        
    17         859         19470.9         9.34448      0.00390625      Successful search (ES-ell)        
    17         860         19462.8          13.242      0.00390625      Successful search (ES-ell)        
    17         861         19442.8         18.0736      0.00390625      Successful search (ES-ell)        
    17         902         19442.8         18.0736      0.00195312          Refine grid             Train
    18         903         19474.4         7.47632      0.00195312      Successful search (ES-ell)        
    18         904         19471.8         8.89841      0.00195312      Successful search (ES-ell)        
    18         905         19462.2         10.7711      0.00195312      Successful search (ES-ell)        
    18         906         19461.1         13.6929      0.00195312      Successful search (ES-ell)        
    18         949         19461.1         13.6929     0.000976562          Refine grid             
Optimization terminated: change in the function value less than options['tol_mesh']
Estimated function value at minimum: 19492.363984205334 ± 4.722263676848845 (mean ± SEM from 100 samples)
BADS minimum at: x_min = [ 1.8337  5.1307  4.4717  7.6566  4.6989 24.9334  0.3492  0.1881  2.9336
  0.1436  2.      0.2155], training NLL = 19492.364
total f-count: 1049, time: 45.93 min

 ------- Finish Optimization for Subject 2 ---------- 

 ------- Start Optimization for Subject 3 ---------- 

 Cross Validation fold 0/1

 -- Start Optimization: method BADS --

 Optimization Run 1/1
Initial params: [0.2656, 5.637, 12.1618, 18.2138, 1.6211, 13.6419, 0.5815, 23.4333, 1.1956, 0.2257, 0.2778, 0.3515]
bads:TooCloseBounds: For each variable, hard and plausible bounds should not be too close. Moving plausible bounds.
Variables (index) internally transformed to log coordinates: [[ 0  0]
 [ 0  3]
 [ 0  7]
 [ 0  8]
 [ 0  9]
 [ 0 10]
 [ 0 11]]
Beginning optimization of a STOCHASTIC objective function

 Iteration    f-count      E[f(x)]        SD[f(x)]           MeshScale          Method              Actions
     0           1         30969.8             nan               1                                  
     0          28           26747             nan               1          Initial mesh            Initial points
     0          41         25762.9        0.999972               1        Successful poll           Train
     1          43         25736.9        0.999964               1      Successful search (ES-wcm)        
     1          46         25674.7        0.999939               1      Successful search (ES-wcm)        
     1          47         23727.3        0.999962               1      Successful search (ES-ell)        
     1          53         22245.7         0.99971               1      Successful search (ES-ell)        
     1          69         21990.6         1.00387               1        Successful poll           
     2          77         21949.4        0.999059               1      Successful search (ES-ell)        
     2          78         21867.4         1.00018               1      Successful search (ES-ell)        
     2          80         21769.3        0.961301               1      Successful search (ES-ell)        
     2          81         21458.9        0.961336               1      Successful search (ES-ell)        
     2          82         20591.3        0.961347               1      Successful search (ES-ell)        
     2          83         20284.7        0.961348               1      Successful search (ES-ell)        
     2          87           19721        0.961346               1      Successful search (ES-wcm)        
     2          91         19554.7        0.961346               1      Successful search (ES-wcm)        
     2          95         19486.8        0.961341               1      Successful search (ES-wcm)        
     2          97         19451.1        0.961334               1      Successful search (ES-wcm)        
     2         104         19420.7         0.97181               1      Successful search (ES-wcm)        
     2         113         19404.9        0.971702               1      Successful search (ES-wcm)        
     2         115         19399.3        0.970893               1      Successful search (ES-wcm)        
     2         117         19336.5         0.97089               1      Successful search (ES-ell)        
     2         129         19336.5         1.51461               1      Incremental search (ES-ell)        
     2         145           19323         1.54828               1        Successful poll           Train
     3         151         19043.7         1.54817               1      Successful search (ES-ell)        
     3         156         19018.6         33.2603               1      Successful search (ES-ell)        
     3         157         18935.4         32.8627               1      Successful search (ES-ell)        
     3         163         18931.9         33.1664               1      Successful search (ES-wcm)        
     3         166         18852.8         34.8689               1      Successful search (ES-wcm)        
     3         175         18804.8         33.7104               1      Successful search (ES-wcm)        
     3         178         18676.7         32.2599               1      Successful search (ES-wcm)        
     3         179           18380         44.8986               1      Successful search (ES-wcm)        
     3         208           18380         44.8986             0.5          Refine grid             
     4         213         18460.2         37.0985             0.5      Successful search (ES-ell)        
     4         214           18441         39.3063             0.5      Successful search (ES-ell)        
     4         215         18387.2         42.9461             0.5      Successful search (ES-ell)        
     4         252         18387.2         42.9461            0.25          Refine grid             Train
     5         255         18389.2         25.9627            0.25      Successful search (ES-ell)        
     5         256         18354.9         37.2948            0.25      Successful search (ES-ell)        
     5         259         18328.5         31.8393            0.25      Successful search (ES-ell)        
     5         299         18328.5         31.8393           0.125          Refine grid             
     6         300         18309.5         32.0899           0.125      Successful search (ES-wcm)        
     6         305           18299         24.9405           0.125      Successful search (ES-wcm)        
     6         306         18292.4         30.4465           0.125      Successful search (ES-wcm)        
     6         308         18223.6         32.0149           0.125      Successful search (ES-wcm)        
     6         346         18223.6         32.0149          0.0625          Refine grid             
     7         347         18267.2         15.9194          0.0625      Successful search (ES-ell)        
     7         350         18260.7          13.966          0.0625      Successful search (ES-ell)        
     7         352         18249.6         13.8259          0.0625      Successful search (ES-ell)        
     7         354         18245.1          14.862          0.0625      Successful search (ES-ell)        
     7         355         18242.8         20.8171          0.0625      Successful search (ES-ell)        
     7         356         18232.3         28.3515          0.0625      Successful search (ES-ell)        
     7         360           18228         16.4691          0.0625      Successful search (ES-wcm)        
     7         361         18212.2         27.5739          0.0625      Successful search (ES-wcm)        
     7         362         18180.5         41.2053          0.0625      Successful search (ES-wcm)        
     7         363         18132.6         41.3011          0.0625      Successful search (ES-ell)        
     7         364         18119.3         44.8957          0.0625      Successful search (ES-ell)        
     7         406         18119.3         44.8957         0.03125          Refine grid             
     8         407         18173.4         10.8144         0.03125      Successful search (ES-wcm)        
     8         408         18123.5         17.4311         0.03125      Successful search (ES-ell)        
     8         409         18113.2         25.8192         0.03125      Successful search (ES-ell)        
     8         454         18113.2         25.8192        0.015625          Refine grid             
     9         455           18165         7.50144        0.015625      Successful search (ES-ell)        
     9         456         18160.4         9.89255        0.015625      Successful search (ES-wcm)        
     9         457         18153.8         17.9662        0.015625      Successful search (ES-wcm)        
     9         464         18149.8         11.5962        0.015625      Successful search (ES-wcm)        
     9         465         18149.5         11.8508        0.015625      Successful search (ES-ell)        
     9         466         18149.2         13.9572        0.015625      Successful search (ES-wcm)        
     9         467         18143.9         15.4347        0.015625      Successful search (ES-wcm)        
     9         473         18140.9         11.8989        0.015625      Successful search (ES-ell)        
     9         474         18140.8         11.9284        0.015625      Successful search (ES-ell)        
     9         475         18131.2         12.6933        0.015625      Successful search (ES-ell)        
     9         476         18126.8         14.2523        0.015625      Successful search (ES-ell)        
     9         477         18115.1         17.1608        0.015625      Successful search (ES-ell)        
     9         478         18102.1         20.7004        0.015625      Successful search (ES-ell)        
     9         514         18097.3         8.93429         0.03125        Successful poll           
    10         515         18085.7         16.1404         0.03125      Successful search (ES-wcm)        
    10         516         18068.4         30.2374         0.03125      Successful search (ES-wcm)        
    10         526         18068.3         12.4497         0.03125      Successful search (ES-ell)        
    10         527         18053.6         14.6996         0.03125      Successful search (ES-ell)        
    10         528         18046.5         18.6325         0.03125      Successful search (ES-ell)        
    10         574         18046.5         18.6325        0.015625          Refine grid             
    11         575         18076.5         7.07267        0.015625      Successful search (ES-wcm)        
    11         576         18065.4         7.51792        0.015625      Successful search (ES-wcm)        
    11         577         18054.7         8.69075        0.015625      Successful search (ES-wcm)        
    11         578         18040.1         15.9006        0.015625      Successful search (ES-ell)        
    11         579         18027.9         21.3956        0.015625      Successful search (ES-ell)        
    11         622         18027.9         21.3956       0.0078125          Refine grid             Train
    12         623         18056.8         7.98456       0.0078125      Successful search (ES-ell)        
    12         624         18049.4         10.7007       0.0078125      Successful search (ES-ell)        
    12         670         18049.4         10.7007      0.00390625          Refine grid             Train
    13         671         18072.7         6.74999      0.00390625      Successful search (ES-ell)        
    13         672         18068.6         8.09207      0.00390625      Successful search (ES-ell)        
    13         673         18061.5         10.0222      0.00390625      Successful search (ES-ell)        
    13         674         18048.4          13.173      0.00390625      Successful search (ES-ell)        
    13         675         18045.5         17.3552      0.00390625      Successful search (ES-ell)        
    13         676         18043.1         22.3715      0.00390625      Successful search (ES-ell)        
    13         718         18043.1         22.3715      0.00195312          Refine grid             
    14         719         18073.9         6.00435      0.00195312      Successful search (ES-ell)        
    14         720         18070.4         6.58665      0.00195312      Successful search (ES-ell)        
    14         721         18066.1         7.48875      0.00195312      Successful search (ES-ell)        
    14         722         18060.1         8.95504      0.00195312      Successful search (ES-ell)        
    14         723         18051.5          11.434      0.00195312      Successful search (ES-ell)        
    14         724         18041.3         14.9108      0.00195312      Successful search (ES-ell)        
    14         725           18020          18.991      0.00195312      Successful search (ES-ell)        
    14         726         18003.7           23.89      0.00195312      Successful search (ES-ell)        
    14         727         17998.8         27.9412      0.00195312      Successful search (ES-ell)        
    14         766         17998.8         27.9412     0.000976562          Refine grid             
Optimization terminated: change in the function value less than options['tol_mesh']
Estimated function value at minimum: 18053.08083600562 ± 4.341018547659121 (mean ± SEM from 100 samples)
BADS minimum at: x_min = [ 1.8595  5.4747  5.6949  9.4731  5.5913 18.9484  0.4431  0.1327  4.3595
  0.0264  1.8137  0.2221], training NLL = 18053.0808
total f-count: 866, time: 37.91 min

 ------- Finish Optimization for Subject 3 ---------- 

 ------- Start Optimization for Subject 5 ---------- 

 Cross Validation fold 0/1

 -- Start Optimization: method BADS --

 Optimization Run 1/1
Initial params: [1.3474, 5.9114, 4.4179, 18.8657, -4.7412, 20.9086, 0.374, 1.3455, 2.7873, 0.0617, 0.7188, 0.8752]
bads:TooCloseBounds: For each variable, hard and plausible bounds should not be too close. Moving plausible bounds.
Variables (index) internally transformed to log coordinates: [[ 0  0]
 [ 0  3]
 [ 0  7]
 [ 0  8]
 [ 0  9]
 [ 0 10]
 [ 0 11]]
Beginning optimization of a STOCHASTIC objective function

 Iteration    f-count      E[f(x)]        SD[f(x)]           MeshScale          Method              Actions
     0           1         31136.6             nan               1                                  
     0          28         28174.9             nan               1          Initial mesh            Initial points
     0          30         26154.9         0.99593               1        Successful poll           Train
     1          31         23903.2        0.995931               1      Successful search (ES-wcm)        
     1          32         22750.8         0.99593               1      Successful search (ES-wcm)        
     1          39         22665.4         0.99589               1      Successful search (ES-ell)        
     1          42         22099.7        0.995703               1      Successful search (ES-wcm)        
     1          47         21852.1        0.994652               1      Successful search (ES-wcm)        
     1          48         21842.4         0.99556               1      Successful search (ES-wcm)        
     1          51         21772.6        0.995191               1      Successful search (ES-wcm)        
     1          54         21093.3        0.991132               1      Successful search (ES-wcm)        
     1          56         20019.8        0.991136               1      Successful search (ES-wcm)        
     1          57         19172.9        0.991135               1      Successful search (ES-wcm)        
     1          68           19164        0.991134               1      Successful search (ES-ell)        
     1          72         18766.3        0.991123               1      Successful search (ES-ell)        
     1          86         18736.9        0.980192               1      Successful search (ES-ell)        
     1          87         18576.3        0.980246               1      Successful search (ES-ell)        
     1          89         18328.2        0.980237               1      Successful search (ES-ell)        
     1         118         18328.2        0.980237             0.5          Refine grid             Train
     2         148         18328.3         1.01024            0.25          Refine grid             Train
     3         149         18207.4        0.990284            0.25      Successful search (ES-ell)        
     3         153         18154.8        0.990276            0.25      Successful search (ES-ell)        
     3         156         18128.1         1.64736            0.25      Successful search (ES-ell)        
     3         166         18104.5         1.64709            0.25      Successful search (ES-ell)        
     3         206         18104.5         1.64709           0.125          Refine grid             
     4         213         18086.8         1.99903           0.125      Successful search (ES-ell)        
     4         252         18086.8         1.99903          0.0625          Refine grid             Train
     5         255         18145.8          2.0173          0.0625      Successful search (ES-ell)        
     5         256         18144.5         2.05651          0.0625      Successful search (ES-ell)        
     5         259         18105.4         2.05884          0.0625      Successful search (ES-wcm)        
     5         260         18087.8         2.06051          0.0625      Successful search (ES-wcm)        
     5         299         18087.8         2.06051         0.03125          Refine grid             Train
     6         301         18160.7         2.04465         0.03125      Successful search (ES-ell)        
     6         302         18102.8         2.05599         0.03125      Successful search (ES-ell)        
     6         304         18098.6         2.05513         0.03125      Successful search (ES-ell)        
     6         311         18091.4         1.88408         0.03125      Successful search (ES-ell)        
     6         347         18085.9         15.9022          0.0625        Successful poll           
     7         348         17951.7         16.1326          0.0625      Successful search (ES-ell)        
     7         349         17802.4         18.2613          0.0625      Successful search (ES-ell)        
     7         350           17758          26.536          0.0625      Successful search (ES-ell)        
     7         394           17758          26.536         0.03125          Refine grid             Train
     8         395         18093.9         14.5582         0.03125      Successful search (ES-ell)        
     8         396         18084.8         19.2504         0.03125      Successful search (ES-ell)        
     8         442         18084.8         19.2504        0.015625          Refine grid             
     9         443         18110.4         6.02066        0.015625      Successful search (ES-wcm)        
     9         444         18102.8         6.97466        0.015625      Successful search (ES-wcm)        
     9         445         18096.3         8.45314        0.015625      Successful search (ES-wcm)        
     9         446         18084.6         11.0852        0.015625      Successful search (ES-wcm)        
     9         490         18084.6         11.0852       0.0078125          Refine grid             
    10         491         18103.3         5.86666       0.0078125      Successful search (ES-ell)        
    10         492         18100.2         7.37228       0.0078125      Successful search (ES-ell)        
    10         493         18093.7         10.3256       0.0078125      Successful search (ES-ell)        
    10         494         18085.9          13.259       0.0078125      Successful search (ES-ell)        
    10         497         18082.3         13.9669       0.0078125      Successful search (ES-wcm)        
    10         498         18071.9         17.4488       0.0078125      Successful search (ES-wcm)        
    10         500         18065.4         17.2803       0.0078125      Successful search (ES-wcm)        
    10         501         18057.9         20.4058       0.0078125      Successful search (ES-wcm)        
    10         502         18057.5         22.2253       0.0078125      Successful search (ES-ell)        
    10         538         18057.5         22.2253      0.00390625          Refine grid             
    11         539         18102.8          5.5941      0.00390625      Successful search (ES-ell)        
    11         540         18101.6         6.21819      0.00390625      Successful search (ES-ell)        
    11         541         18097.9         7.18198      0.00390625      Successful search (ES-ell)        
    11         542         18089.9          8.9566      0.00390625      Successful search (ES-ell)        
    11         543         18082.5         11.8182      0.00390625      Successful search (ES-ell)        
    11         544           18069          14.848      0.00390625      Successful search (ES-ell)        
    11         586           18069          14.848      0.00195312          Refine grid             Train
    12         587         18107.2         5.04628      0.00195312      Successful search (ES-ell)        
    12         588         18105.6         5.19733      0.00195312      Successful search (ES-ell)        
    12         589         18104.2         5.49543      0.00195312      Successful search (ES-ell)        
    12         590         18102.5         5.95791      0.00195312      Successful search (ES-ell)        
    12         591         18100.1         6.73887      0.00195312      Successful search (ES-ell)        
    12         592         18095.2         8.22515      0.00195312      Successful search (ES-ell)        
    12         593         18090.9         10.5914      0.00195312      Successful search (ES-ell)        
    12         594         18084.4         14.4317      0.00195312      Successful search (ES-ell)        
    12         634         18084.4         14.4317     0.000976562          Refine grid             Train
Optimization terminated: change in the function value less than options['tol_mesh']
Estimated function value at minimum: 18114.629599175907 ± 4.580624728649111 (mean ± SEM from 100 samples)
BADS minimum at: x_min = [ 1.3993  3.244   3.3058  6.3533  5.3139 34.0388  0.2831  0.1931  4.1489
  1.6417  1.7694  0.2708], training NLL = 18114.6296
total f-count: 734, time: 32.13 min

 ------- Finish Optimization for Subject 5 ---------- 

 ------- Start Optimization for Subject 6 ---------- 

 Cross Validation fold 0/1

 -- Start Optimization: method BADS --

 Optimization Run 1/1
Initial params: [1.611, 2.4136, 13.2425, 4.6863, -2.7367, 27.3065, 0.4013, 34.9105, 2.5988, 0.0569, 0.4842, 0.2147]
bads:TooCloseBounds: For each variable, hard and plausible bounds should not be too close. Moving plausible bounds.
Variables (index) internally transformed to log coordinates: [[ 0  0]
 [ 0  3]
 [ 0  7]
 [ 0  8]
 [ 0  9]
 [ 0 10]
 [ 0 11]]
Beginning optimization of a STOCHASTIC objective function

 Iteration    f-count      E[f(x)]        SD[f(x)]           MeshScale          Method              Actions
     0           1         30896.9             nan               1                                  
     0          28         27354.8             nan               1          Initial mesh            Initial points
     0          35         24134.9         0.99281               1        Successful poll           Train
     1          36         21780.5        0.992815               1      Successful search (ES-wcm)        
     1          40           20568        0.992703               1      Successful search (ES-wcm)        
     1          41         20446.1        0.992804               1      Successful search (ES-wcm)        
     1          50         20274.9        0.992698               1      Successful search (ES-wcm)        
     1          55         20199.9          1.0143               1      Successful search (ES-ell)        
     1          59           20039         1.01423               1      Successful search (ES-wcm)        
     1          64         19801.9          1.0143               1      Successful search (ES-wcm)        
     1          65         19744.6         1.01431               1      Successful search (ES-wcm)        
     1          67         19712.5         1.01431               1      Successful search (ES-wcm)        
     1          75         19291.7         1.01429               1      Successful search (ES-wcm)        
     1          81         19288.4         1.00573               1      Successful search (ES-ell)        
     1          82         19259.3         1.00581               1      Successful search (ES-wcm)        
     1          86         19146.8         1.00591               1      Successful search (ES-wcm)        
     1          94         19044.5         1.00568               1      Successful search (ES-wcm)        
     1         122         18980.6        0.901159               1        Successful poll           
     2         151         18980.6        0.901159             0.5          Refine grid             
     3         153         18712.1         1.06739             0.5      Successful search (ES-wcm)        
     3         155         18432.4         62.5904             0.5      Successful search (ES-wcm)        
     3         168         18360.8         54.5066             0.5      Successful search (ES-wcm)        
     3         169         18030.3         59.1582             0.5      Successful search (ES-wcm)        
     3         172         18018.4         60.1255             0.5      Successful search (ES-wcm)        
     3         181         18010.4         48.7523             0.5      Successful search (ES-wcm)        
     3         182         17929.3         70.6037             0.5      Successful search (ES-wcm)        
     3         218         17929.3         70.6037            0.25          Refine grid             Train
     4         220         17871.5         67.9292            0.25      Successful search (ES-wcm)        
     4         221           17465         80.4771            0.25      Successful search (ES-wcm)        
     4         225         17453.8         76.5656            0.25      Successful search (ES-wcm)        
     4         235         17448.6         43.5149            0.25      Successful search (ES-ell)        
     4         236         17340.1         62.2855            0.25      Successful search (ES-ell)        
     4         238         17329.7         55.6246            0.25      Successful search (ES-ell)        
     4         246         17328.7         42.3512            0.25      Successful search (ES-ell)        
     4         247         17320.3         61.1045            0.25      Successful search (ES-ell)        
     4         249         17319.9         60.4981            0.25      Successful search (ES-ell)        
     4         254         17317.2         36.3571            0.25      Successful search (ES-wcm)        
     4         285         17317.2         36.3571           0.125          Refine grid             Train
     5         287         17310.9         19.9183           0.125      Successful search (ES-wcm)        
     5         291         17310.9          18.046           0.125      Incremental search (ES-wcm)        
     5         330         17310.9          18.046          0.0625          Refine grid             
     6         331         17324.7         13.2183          0.0625      Successful search (ES-ell)        
     6         332           17304         21.6768          0.0625      Successful search (ES-ell)        
     6         343         17255.7         11.6482          0.0625      Successful search (ES-ell)        
     6         344         17154.7         18.3561          0.0625      Successful search (ES-ell)        
     6         345         17085.3         23.4961          0.0625      Successful search (ES-ell)        
     6         389         17085.3         23.4961         0.03125          Refine grid             
     7         390         17308.1         7.19082         0.03125      Successful search (ES-ell)        
     7         391         17298.2         9.11074         0.03125      Successful search (ES-ell)        
     7         392         17294.2         14.8379         0.03125      Successful search (ES-wcm)        
     7         395         17293.9          13.304         0.03125      Successful search (ES-wcm)        
     7         401         17281.7         9.12808         0.03125      Successful search (ES-ell)        
     7         437         17281.7         9.12808        0.015625          Refine grid             
     8         438         17288.4         6.00431        0.015625      Successful search (ES-ell)        
     8         439         17287.1         8.13071        0.015625      Successful search (ES-ell)        
     8         440         17284.8         10.9153        0.015625      Successful search (ES-ell)        
     8         441         17280.3         15.4277        0.015625      Successful search (ES-ell)        
     8         444         17279.4         14.5284        0.015625      Successful search (ES-ell)        
     8         462         17227.6         9.38011         0.03125        Successful poll           Train
     9         498         17227.4         9.38325        0.015625          Refine grid             Train
    10         499         17285.2           6.441        0.015625      Successful search (ES-ell)        
    10         500         17283.4         8.50153        0.015625      Successful search (ES-ell)        
    10         501         17281.2         11.6707        0.015625      Successful search (ES-ell)        
    10         546         17276.8         8.60432         0.03125        Successful poll           
    11         582         17270.1          11.729        0.015625          Refine grid             Train
    12         583         17285.1         6.47931        0.015625      Successful search (ES-ell)        
    12         584         17277.5          8.6878        0.015625      Successful search (ES-ell)        
    12         629         17273.7         13.8066         0.03125        Successful poll           Train
    13         665         17258.9         15.9383          0.0625        Successful poll           Train
    14         701         17260.2         15.9093         0.03125          Refine grid             Train
    15         702         17267.5         15.3211         0.03125      Successful search (ES-wcm)        
    15         749           17247         34.2518          0.0625        Successful poll           
    16         752         17278.9         16.7584          0.0625      Successful search (ES-wcm)        
    16         753         17274.4         17.5076          0.0625      Successful search (ES-ell)        
    16         797         17261.9         21.3877           0.125        Successful poll           
    17         832           17274         20.0236          0.0625          Refine grid             Train
    18         833         17264.7         12.2168          0.0625      Successful search (ES-ell)        
    18         834         17249.7         20.7549          0.0625      Successful search (ES-ell)        
    18         880         17249.7         20.7549         0.03125          Refine grid             
    19         881         17274.9         7.93611         0.03125      Successful search (ES-ell)        
    19         893         17269.8         9.16921         0.03125      Successful search (ES-ell)        
    19         907           17262         7.88027         0.03125      Successful search (ES-ell)        
    19         908         17246.3         10.7093         0.03125      Successful search (ES-ell)        
    19         952         17246.3         10.7093        0.015625          Refine grid             
    20         953         17277.7         5.78836        0.015625      Successful search (ES-ell)        
    20         954         17272.7         9.63012        0.015625      Successful search (ES-ell)        
    20         985         17251.6         26.4567         0.03125        Successful poll           
    21         990         17279.3         9.08698         0.03125      Successful search (ES-wcm)        
    21         991         17270.2         8.94431         0.03125      Successful search (ES-wcm)        
    21         993         17267.6         9.20599         0.03125      Successful search (ES-wcm)        
    21         995         17264.3         10.6906         0.03125      Successful search (ES-wcm)        
    21         999           17252         13.0031         0.03125      Successful search (ES-ell)        
    21        1045           17252         13.0031        0.015625          Refine grid             Train
    22        1046         17276.3         4.75863        0.015625      Successful search (ES-wcm)        
    22        1047           17272         7.66494        0.015625      Successful search (ES-wcm)        
    22        1053         17271.3         7.43909        0.015625      Successful search (ES-wcm)        
    22        1090         17250.5         21.0888         0.03125        Successful poll           Train
    23        1091         17246.4         12.0655         0.03125      Successful search (ES-ell)        
    23        1092         17235.6         19.3366         0.03125      Successful search (ES-ell)        
    23        1138         17235.6         19.3366        0.015625          Refine grid             
    24        1174         17276.1         11.6717         0.03125        Successful poll           Train
    25        1175         17253.6         7.90683         0.03125      Successful search (ES-ell)        
    25        1176         17243.3         14.7235         0.03125      Successful search (ES-ell)        
    25        1222         17243.3         14.7235        0.015625          Refine grid             Train
    26        1223         17285.9         6.67399        0.015625      Successful search (ES-ell)        
    26        1224         17285.6         9.68011        0.015625      Successful search (ES-wcm)        
    26        1261         17266.7         19.9745         0.03125        Successful poll           
    27        1262         17269.8         13.1485         0.03125      Successful search (ES-wcm)        
    27        1264         17220.7         18.9756         0.03125      Successful search (ES-ell)        
    27        1265         17182.5         24.0153         0.03125      Successful search (ES-ell)        
    27        1309         17182.5         24.0153        0.015625          Refine grid             
    28        1312         17245.5         6.61515        0.015625      Successful search (ES-wcm)        
    28        1313         17242.7         7.98137        0.015625      Successful search (ES-wcm)        
    28        1314         17234.5         9.37808        0.015625      Successful search (ES-ell)        
    28        1357         17234.5         9.37808       0.0078125          Refine grid             Train
    29        1358           17246         5.35718       0.0078125      Successful search (ES-wcm)        
    29        1359         17243.2         6.08574       0.0078125      Successful search (ES-wcm)        
    29        1360         17236.3         6.96719       0.0078125      Successful search (ES-wcm)        
    29        1362         17235.9         7.91794       0.0078125      Successful search (ES-wcm)        
    29        1363         17228.7         9.50368       0.0078125      Successful search (ES-wcm)        
    29        1364         17223.1         11.6357       0.0078125      Successful search (ES-wcm)        
    29        1365         17217.7          15.794       0.0078125      Successful search (ES-wcm)        
    29        1366         17215.2          20.325       0.0078125      Successful search (ES-wcm)        
    29        1405         17215.2          20.325      0.00390625          Refine grid             Train
    30        1406         17248.1         4.68737      0.00390625      Successful search (ES-wcm)        
    30        1407         17246.8         4.75857      0.00390625      Successful search (ES-wcm)        
    30        1408         17243.8         5.31395      0.00390625      Successful search (ES-wcm)        
    30        1409         17238.7         5.91561      0.00390625      Successful search (ES-wcm)        
    30        1410         17231.5         6.55692      0.00390625      Successful search (ES-wcm)        
    30        1412         17229.9         6.79646      0.00390625      Successful search (ES-wcm)        
    30        1453         17229.9         6.79646      0.00195312          Refine grid             
    31        1454         17238.5         4.69654      0.00195312      Successful search (ES-ell)        
    31        1456         17237.8         5.04514      0.00195312      Successful search (ES-wcm)        
    31        1457         17236.7         5.11128      0.00195312      Successful search (ES-wcm)        
    31        1458           17236         5.32194      0.00195312      Successful search (ES-wcm)        
    31        1462         17235.6         5.23278      0.00195312      Successful search (ES-wcm)        
    31        1464         17234.5          5.1815      0.00195312      Successful search (ES-ell)        
    31        1465         17232.4         5.19748      0.00195312      Successful search (ES-ell)        
    31        1466         17231.9          5.2004      0.00195312      Successful search (ES-ell)        
    31        1467           17230         5.28374      0.00195312      Successful search (ES-ell)        
    31        1468         17228.4         5.51745      0.00195312      Successful search (ES-ell)        
    31        1469         17224.2          5.7636      0.00195312      Successful search (ES-ell)        
    31        1470         17219.8         6.40125      0.00195312      Successful search (ES-ell)        
    31        1471         17215.3         7.87688      0.00195312      Successful search (ES-ell)        
    31        1472         17211.1         9.74867      0.00195312      Successful search (ES-ell)        
    31        1473         17210.7         12.6712      0.00195312      Successful search (ES-ell)        
    31        1513         17210.7         12.6712     0.000976562          Refine grid             
Optimization terminated: change in the function value less than options['tol_mesh']
Estimated function value at minimum: 17247.929076750945 ± 3.7011997516722146 (mean ± SEM from 100 samples)
BADS minimum at: x_min = [5.66800e-01 1.46250e+00 3.13660e+00 1.20940e+00 6.67200e-01 2.26791e+01
 5.47400e-01 1.57000e-02 4.99120e+00 1.43270e+00 9.99500e-01 2.18200e-01], training NLL = 17247.9291
total f-count: 1613, time: 105.15 min

 ------- Finish Optimization for Subject 6 ---------- 

 ------- Start Optimization for Subject 11 ---------- 

 Cross Validation fold 0/1

 -- Start Optimization: method BADS --

 Optimization Run 1/1
Initial params: [0.8893, 6.5065, 6.3345, 11.0729, -4.808, 24.2531, 0.3179, 37.6834, 2.7681, 0.8493, 0.3553, 0.4817]
bads:TooCloseBounds: For each variable, hard and plausible bounds should not be too close. Moving plausible bounds.
Variables (index) internally transformed to log coordinates: [[ 0  0]
 [ 0  3]
 [ 0  7]
 [ 0  8]
 [ 0  9]
 [ 0 10]
 [ 0 11]]
Beginning optimization of a STOCHASTIC objective function

 Iteration    f-count      E[f(x)]        SD[f(x)]           MeshScale          Method              Actions
     0           1         31341.2             nan               1                                  
     0          28         27555.8             nan               1          Initial mesh            Initial points
     0          33         24449.9        0.987895               1        Successful poll           Train
     1          34         21935.6        0.987899               1      Successful search (ES-wcm)        
     1          38         20875.9        0.987844               1      Successful search (ES-wcm)        
     1          43         20657.7        0.987704               1      Successful search (ES-wcm)        
     1          45         20626.3        0.987682               1      Successful search (ES-wcm)        
     1          51           20545        0.985983               1      Successful search (ES-wcm)        
     1          54           20495        0.994575               1      Successful search (ES-wcm)        
     1          55         20475.5        0.994572               1      Successful search (ES-wcm)        
     1          56           19802        0.994578               1      Successful search (ES-ell)        
     1          66         19555.3        0.993496               1      Successful search (ES-ell)        
     1          78         19449.1        0.979184               1      Successful search (ES-ell)        
     1          79         19352.9          1.0283               1      Successful search (ES-ell)        
     1         104         19319.9         1.02835               1        Successful poll           Train
     2         105         18780.4         2.02426               1      Successful search (ES-ell)        
     2         109           18677         2.02424               1      Successful search (ES-ell)        
     2         115           18594         2.02346               1      Successful search (ES-ell)        
     2         124         18580.2         2.02243               1      Successful search (ES-ell)        
     2         133         18510.7         1.49156               1      Successful search (ES-ell)        
     2         148         18487.7         1.49078               1      Successful search (ES-ell)        
     2         151         18421.9         1.48786               1      Successful search (ES-ell)        
     2         179         18421.9         1.48786             0.5          Refine grid             Train
     3         211           18422         1.27434            0.25          Refine grid             Train
     4         217         18384.3         1.43394            0.25      Successful search (ES-ell)        
     4         257         18384.3         1.43394           0.125          Refine grid             Train
     5         259         18417.8         1.43457           0.125      Successful search (ES-ell)        
     5         270         18125.3         25.5513           0.125      Successful search (ES-ell)        
     5         316         18125.3         25.5513          0.0625          Refine grid             
     6         352           18426          1.3875        0.015625          Refine grid             Train
     7         388         18428.3         1.37141       0.0078125          Refine grid             Train
     8         424         18485.4         2.44391      0.00390625          Refine grid             Train
     9         425           18516         7.86697      0.00390625      Successful search (ES-ell)        
     9         426         18510.5          7.9682      0.00390625      Successful search (ES-ell)        
     9         427         18502.3         8.10611      0.00390625      Successful search (ES-ell)        
     9         428         18491.2          8.9557      0.00390625      Successful search (ES-ell)        
     9         429         18475.6         10.3213      0.00390625      Successful search (ES-ell)        
     9         430         18461.5         13.2619      0.00390625      Successful search (ES-ell)        
     9         431         18442.1         15.7346      0.00390625      Successful search (ES-ell)        
     9         432         18416.3          20.728      0.00390625      Successful search (ES-ell)        
     9         472         18416.3          20.728      0.00195312          Refine grid             Train
    10         473         18452.1         6.61217      0.00195312      Successful search (ES-wcm)        
    10         474         18444.4         6.72801      0.00195312      Successful search (ES-wcm)        
    10         475         18437.1          7.0061      0.00195312      Successful search (ES-wcm)        
    10         476         18426.4         7.78591      0.00195312      Successful search (ES-wcm)        
    10         477         18418.3         8.81588      0.00195312      Successful search (ES-wcm)        
    10         478         18412.2          10.772      0.00195312      Successful search (ES-wcm)        
    10         479           18397         10.1244      0.00195312      Successful search (ES-wcm)        
    10         480         18378.7         12.1108      0.00195312      Successful search (ES-wcm)        
    10         481         18348.5         16.7717      0.00195312      Successful search (ES-wcm)        
    10         482           18330         16.6733      0.00195312      Successful search (ES-wcm)        
    10         483         18329.7         20.2669      0.00195312      Successful search (ES-wcm)        
    10         484         18326.1         19.0186      0.00195312      Successful search (ES-wcm)        
    10         520         18326.1         19.0186     0.000976562          Refine grid             Train
Optimization terminated: change in the function value less than options['tol_mesh']
Estimated function value at minimum: 18468.82328687171 ± 4.801368823291476 (mean ± SEM from 100 samples)
BADS minimum at: x_min = [ 1.3981  3.7558  3.5166  7.1488  5.3791 23.923   0.344   0.197   2.5279
  0.7712  1.5554  0.2494], training NLL = 18468.8233
total f-count: 620, time: 27.31 min

 ------- Finish Optimization for Subject 11 ---------- 

 ------- Start Optimization for Subject 15 ---------- 

 Cross Validation fold 0/1

 -- Start Optimization: method BADS --

 Optimization Run 1/1
Initial params: [1.7937, 5.1054, 12.9456, 3.5251, -2.3029, 22.6551, 0.3217, 25.4931, 0.8725, 0.643, 0.2236, 0.2471]
bads:TooCloseBounds: For each variable, hard and plausible bounds should not be too close. Moving plausible bounds.
Variables (index) internally transformed to log coordinates: [[ 0  0]
 [ 0  3]
 [ 0  7]
 [ 0  8]
 [ 0  9]
 [ 0 10]
 [ 0 11]]
Beginning optimization of a STOCHASTIC objective function

 Iteration    f-count      E[f(x)]        SD[f(x)]           MeshScale          Method              Actions
     0           1         30407.3             nan               1                                  
     0          28         23498.9             nan               1          Initial mesh            Initial points
     0          45         23170.8        0.999991               1        Successful poll           Train
     1          49         23131.1        0.999954               1      Successful search (ES-wcm)        
     1          51           22183        0.999959               1      Successful search (ES-wcm)        
     1          52         20489.4        0.999984               1      Successful search (ES-wcm)        
     1          57         19646.3        0.963976               1      Successful search (ES-ell)        
     1          58         19598.9        0.963984               1      Successful search (ES-ell)        
     1          59           19511        0.963985               1      Successful search (ES-ell)        
     1          61         19297.2        0.963983               1      Successful search (ES-ell)        
     1          71         19286.3        0.963983               1      Successful search (ES-ell)        
     1          77         18851.1         0.96395               1      Successful search (ES-wcm)        
     1          78         18415.5        0.963895               1      Successful search (ES-wcm)        
     1          80         18390.6         1.01194               1      Successful search (ES-wcm)        
     1          88           18345         1.01193               1      Successful search (ES-wcm)        
     1          90         18239.9          1.0119               1      Successful search (ES-ell)        
     1          92           18164         1.01188               1      Successful search (ES-wcm)        
     1          95         18032.8         1.01194               1      Successful search (ES-wcm)        
     1          98         17890.2         1.01194               1      Successful search (ES-ell)        
     1          99         17841.1         1.01194               1      Successful search (ES-ell)        
     1         103         17652.8         1.01194               1      Successful search (ES-ell)        
     1         110         17480.2         1.00334               1      Successful search (ES-ell)        
     1         114         17473.8         1.00328               1      Successful search (ES-ell)        
     1         115         17442.3         1.00329               1      Successful search (ES-ell)        
     1         116         17381.9         1.00333               1      Successful search (ES-ell)        
     1         117           17279         1.00335               1      Successful search (ES-ell)        
     1         123         17239.6         1.00327               1      Successful search (ES-ell)        
     1         128         17223.4         1.00295               1      Successful search (ES-wcm)        
     1         133         17142.6         1.01686               1      Successful search (ES-ell)        
     1         168         17142.6         1.01686             0.5          Refine grid             Train
     2         195         17142.7         1.01594            0.25          Refine grid             Train
     3         225         17148.7        0.990344           0.125          Refine grid             Train
     4         226         17261.4         1.00606           0.125      Successful search (ES-wcm)        
     4         230         17260.9         1.00602           0.125      Successful search (ES-wcm)        
     4         231         17195.4         1.00598           0.125      Successful search (ES-wcm)        
     4         239         17172.8         1.00592           0.125      Successful search (ES-wcm)        
     4         246         17130.4         1.00255           0.125      Successful search (ES-wcm)        
     4         282         17130.4         1.00255          0.0625          Refine grid             
     5         283         17165.7         1.00541          0.0625      Successful search (ES-wcm)        
     5         302         17152.8         1.18519          0.0625      Successful search (ES-wcm)        
     5         309         17149.1         1.18549          0.0625      Successful search (ES-wcm)        
     5         323         17119.9         1.04866          0.0625      Successful search (ES-wcm)        
     5         364         17119.9         1.04866         0.03125          Refine grid             Train
     6         398         17120.6        0.870915        0.015625          Refine grid             Train
     7         399         17185.1          5.2695        0.015625      Successful search (ES-wcm)        
     7         400         17098.9         6.86311        0.015625      Successful search (ES-ell)        
     7         444         17098.9         6.86311       0.0078125          Refine grid             Train
     8         445         17201.5         5.52119       0.0078125      Successful search (ES-ell)        
     8         446         17195.3          7.0842       0.0078125      Successful search (ES-ell)        
     8         447           17191         10.1118       0.0078125      Successful search (ES-ell)        
     8         448         17180.2         15.3408       0.0078125      Successful search (ES-ell)        
     8         491         17180.2         15.3408      0.00390625          Refine grid             
     9         492         17191.7         5.21002      0.00390625      Successful search (ES-ell)        
     9         493         17186.9           5.424      0.00390625      Successful search (ES-ell)        
     9         501         17185.6         5.22863      0.00390625      Successful search (ES-wcm)        
     9         504         17183.8         5.39426      0.00390625      Successful search (ES-wcm)        
     9         505         17183.7         5.81139      0.00390625      Successful search (ES-ell)        
     9         506         17177.8         6.85831      0.00390625      Successful search (ES-ell)        
     9         507         17173.5         8.60075      0.00390625      Successful search (ES-ell)        
     9         508         17163.1         11.0365      0.00390625      Successful search (ES-ell)        
     9         509         17159.1         14.6969      0.00390625      Successful search (ES-ell)        
     9         550         17159.1         14.6969      0.00195312          Refine grid             
    10         551         17171.1         5.33274      0.00195312      Successful search (ES-wcm)        
    10         552         17170.7         5.58647      0.00195312      Successful search (ES-wcm)        
    10         553         17170.2         5.93869      0.00195312      Successful search (ES-wcm)        
    10         554         17169.5         6.52118      0.00195312      Successful search (ES-wcm)        
    10         597         17167.1         6.40182      0.00390625        Successful poll           
    11         617         17164.6         5.02635       0.0078125        Successful poll           Train
    12         618         17156.2         5.51042       0.0078125      Successful search (ES-wcm)        
    12         619           17147         7.38122       0.0078125      Successful search (ES-wcm)        
    12         620           17130         10.6981       0.0078125      Successful search (ES-wcm)        
    12         621         17079.8         14.7506       0.0078125      Successful search (ES-wcm)        
    12         663         17079.8         14.7506      0.00390625          Refine grid             
    13         664         17178.1         4.19144      0.00390625      Successful search (ES-wcm)        
    13         665         17176.2          5.1891      0.00390625      Successful search (ES-ell)        
    13         666         17172.5         7.56307      0.00390625      Successful search (ES-ell)        
    13         667         17164.1         10.3349      0.00390625      Successful search (ES-ell)        
    13         668         17154.9         14.9575      0.00390625      Successful search (ES-wcm)        
    13         670           17145         15.4432      0.00390625      Successful search (ES-wcm)        
    13         709           17145         15.4432      0.00195312          Refine grid             
    14         712         17169.2         5.39011      0.00195312      Successful search (ES-ell)        
    14         713         17167.8         5.44981      0.00195312      Successful search (ES-ell)        
    14         714         17167.3         5.56802      0.00195312      Successful search (ES-ell)        
    14         715           17166         5.87647      0.00195312      Successful search (ES-ell)        
    14         716         17164.1         6.57316      0.00195312      Successful search (ES-ell)        
    14         717         17161.9         8.25093      0.00195312      Successful search (ES-ell)        
    14         718         17155.7         10.6173      0.00195312      Successful search (ES-ell)        
    14         755         17155.7         10.6173     0.000976562          Refine grid             Train
Optimization terminated: change in the function value less than options['tol_mesh']
Estimated function value at minimum: 17186.016767121117 ± 4.1083294455410595 (mean ± SEM from 100 samples)
BADS minimum at: x_min = [ 2.5636 12.7347 13.1635 50.      1.2854 14.2142  0.4729  0.1451  2.5794
  0.4037  2.      0.443 ], training NLL = 17186.0168
total f-count: 855, time: 37.47 min

 ------- Finish Optimization for Subject 15 ---------- 

 ------- Start Optimization for Subject 20 ---------- 

 Cross Validation fold 0/1

 -- Start Optimization: method BADS --

 Optimization Run 1/1
Initial params: [1.8467, 3.5817, 11.005, 19.6051, -3.4032, 22.1078, 0.52, 16.4623, 3.7528, 0.5914, 0.606, 0.8934]
bads:TooCloseBounds: For each variable, hard and plausible bounds should not be too close. Moving plausible bounds.
Variables (index) internally transformed to log coordinates: [[ 0  0]
 [ 0  3]
 [ 0  7]
 [ 0  8]
 [ 0  9]
 [ 0 10]
 [ 0 11]]
Beginning optimization of a STOCHASTIC objective function

 Iteration    f-count      E[f(x)]        SD[f(x)]           MeshScale          Method              Actions
     0           1         30782.7             nan               1                                  
     0          28         26967.3             nan               1          Initial mesh            Initial points
     0          38         25273.2        0.999971               1        Successful poll           Train
     1          41         23859.6        0.999941               1      Successful search (ES-wcm)        
     1          42         20779.3        0.999956               1      Successful search (ES-wcm)        
     1          47         19979.7        0.999846               1      Successful search (ES-ell)        
     1          58         19824.6         1.00085               1      Successful search (ES-ell)        
     1          60         19705.3         1.00084               1      Successful search (ES-ell)        
     1          62         19579.2         1.00068               1      Successful search (ES-ell)        
     1          67         19571.8         1.00086               1      Successful search (ES-ell)        
     1          68         19549.7         1.00089               1      Successful search (ES-ell)        
     1          71         19513.3         1.00086               1      Successful search (ES-ell)        
     1          73         19486.6         1.00079               1      Successful search (ES-ell)        
     1          74         19447.6         1.00086               1      Successful search (ES-ell)        
     1          75         19244.9          1.0009               1      Successful search (ES-ell)        
     1          79         19192.4        0.995759               1      Successful search (ES-ell)        
     1          80         19087.2        0.995759               1      Successful search (ES-ell)        
     1          86         19063.6        0.995737               1      Successful search (ES-ell)        
     1          91           18636        0.995738               1      Successful search (ES-ell)        
     1          95         18503.9        0.995719               1      Successful search (ES-wcm)        
     1          98         18403.6        0.995647               1      Successful search (ES-wcm)        
     1          99         18102.1        0.995757               1      Successful search (ES-ell)        
     1         105         17886.2         1.00304               1      Successful search (ES-ell)        
     1         106         17820.1         1.00306               1      Successful search (ES-ell)        
     1         115         17781.8         1.00295               1      Successful search (ES-ell)        
     1         116         17628.8         1.00303               1      Successful search (ES-ell)        
     1         121         17555.4         1.00229               1      Successful search (ES-ell)        
     1         128         17495.3         1.00182               1      Successful search (ES-ell)        
     1         162         17495.3         1.00182             0.5          Refine grid             Train
     2         165         17516.6         23.4447             0.5      Successful search (ES-ell)        
     2         167         17492.6         27.1259             0.5      Successful search (ES-ell)        
     2         168         17448.4         30.8702             0.5      Successful search (ES-ell)        
     2         207         17448.4         30.8702            0.25          Refine grid             
     3         208         17425.4         36.7227            0.25      Successful search (ES-wcm)        
     3         212         17411.2         20.2457            0.25      Successful search (ES-ell)        
     3         213         17410.2         31.0955            0.25      Successful search (ES-ell)        
     3         217         17408.3         18.7461            0.25      Successful search (ES-wcm)        
     3         221         17389.9         23.2116            0.25      Successful search (ES-wcm)        
     3         227         17388.5         13.8403            0.25      Successful search (ES-wcm)        
     3         266         17388.5         13.8403           0.125          Refine grid             
     4         267         17369.5         16.1983           0.125      Successful search (ES-ell)        
     4         314         17369.5         16.1983          0.0625          Refine grid             Train
     5         315           17354         9.09479          0.0625      Successful search (ES-ell)        
     5         362           17354         9.09479         0.03125          Refine grid             Train
     6         363         17381.3         5.39633         0.03125      Successful search (ES-wcm)        
     6         364         17374.1          7.5696         0.03125      Successful search (ES-ell)        
     6         365         17365.5         12.4224         0.03125      Successful search (ES-ell)        
     6         410         17365.5         12.4224        0.015625          Refine grid             
     7         412         17366.1         6.39301        0.015625      Successful search (ES-wcm)        
     7         413         17365.1         7.02509        0.015625      Successful search (ES-ell)        
     7         414         17364.3          7.6696        0.015625      Successful search (ES-ell)        
     7         424         17362.9         6.59058        0.015625      Successful search (ES-ell)        
     7         425         17359.3         8.61361        0.015625      Successful search (ES-wcm)        
     7         426           17352         9.43221        0.015625      Successful search (ES-ell)        
     7         427         17350.3         10.9621        0.015625      Successful search (ES-ell)        
     7         428           17346         13.2137        0.015625      Successful search (ES-ell)        
     7         429         17337.2         15.7004        0.015625      Successful search (ES-ell)        
     7         470         17337.2         15.7004       0.0078125          Refine grid             
     8         471         17367.6         5.41759       0.0078125      Successful search (ES-wcm)        
     8         472         17362.8         5.89067       0.0078125      Successful search (ES-wcm)        
     8         476         17362.6         6.15054       0.0078125      Successful search (ES-wcm)        
     8         518         17362.6         6.15054      0.00390625          Refine grid             
     9         519         17367.8         5.63758      0.00390625      Successful search (ES-wcm)        
     9         520           17367         6.22528      0.00390625      Successful search (ES-wcm)        
     9         521           17366         6.80884      0.00390625      Successful search (ES-wcm)        
     9         545         17362.4         11.1686       0.0078125        Successful poll           Train
    10         546         17369.1         4.96411       0.0078125      Successful search (ES-wcm)        
    10         557         17368.5         4.63692       0.0078125      Successful search (ES-ell)        
    10         558         17364.4         5.08893       0.0078125      Successful search (ES-ell)        
    10         559         17360.3         6.50848       0.0078125      Successful search (ES-ell)        
    10         560         17355.9          9.3226       0.0078125      Successful search (ES-ell)        
    10         561         17348.3          13.583       0.0078125      Successful search (ES-ell)        
    10         605         17348.3          13.583      0.00390625          Refine grid             
    11         606         17360.3         5.10132      0.00390625      Successful search (ES-wcm)        
    11         607         17359.4         5.86019      0.00390625      Successful search (ES-wcm)        
    11         609         17357.1         6.81761      0.00390625      Successful search (ES-wcm)        
    11         614         17356.4         6.46406      0.00390625      Successful search (ES-ell)        
    11         615         17352.9          6.8836      0.00390625      Successful search (ES-ell)        
    11         616         17350.9         7.91633      0.00390625      Successful search (ES-ell)        
    11         617         17347.1         9.32884      0.00390625      Successful search (ES-ell)        
    11         618         17345.9         10.3035      0.00390625      Successful search (ES-ell)        
    11         619         17341.1         12.3388      0.00390625      Successful search (ES-ell)        
    11         620         17337.4         14.6772      0.00390625      Successful search (ES-ell)        
    11         665         17337.4         14.6772      0.00195312          Refine grid             
    12         666         17359.5         5.58204      0.00195312      Successful search (ES-ell)        
    12         713         17359.5         5.58204     0.000976562          Refine grid             
Optimization terminated: change in the function value less than options['tol_mesh']
Estimated function value at minimum: 17374.817828401538 ± 4.858001765183323 (mean ± SEM from 100 samples)
BADS minimum at: x_min = [1.66620e+00 3.65180e+00 5.01140e+00 4.93490e+00 3.18690e+00 1.81817e+01
 5.14300e-01 9.87000e-02 4.30140e+00 1.31000e-02 1.07130e+00 1.84000e-01], training NLL = 17374.8178
total f-count: 813, time: 35.7 min

 ------- Finish Optimization for Subject 20 ---------- 

 ------- Start Optimization for Subject 25 ---------- 

 Cross Validation fold 0/1

 -- Start Optimization: method BADS --

 Optimization Run 1/1
Initial params: [1.9616, 3.5776, 14.5494, 0.2642, -2.3477, 16.539, 0.5217, 14.8264, 2.1807, 0.6063, 0.6988, 0.0487]
bads:TooCloseBounds: For each variable, hard and plausible bounds should not be too close. Moving plausible bounds.
Variables (index) internally transformed to log coordinates: [[ 0  0]
 [ 0  3]
 [ 0  7]
 [ 0  8]
 [ 0  9]
 [ 0 10]
 [ 0 11]]
Beginning optimization of a STOCHASTIC objective function

 Iteration    f-count      E[f(x)]        SD[f(x)]           MeshScale          Method              Actions
     0           1         30894.2             nan               1                                  
     0          28         26436.9             nan               1          Initial mesh            Initial points
     0          45           26278         1.02265               1        Successful poll           Train
     1          46         26226.4         1.02263               1      Successful search (ES-wcm)        
     1          56         26207.4         1.12891               1      Successful search (ES-wcm)        
     1          60         25877.3         1.12918               1      Successful search (ES-wcm)        
     1          61         25715.1         1.12919               1      Successful search (ES-wcm)        
     1          62         25400.9         1.12919               1      Successful search (ES-wcm)        
     1          64         24895.7         1.12918               1      Successful search (ES-wcm)        
     1          67         24692.3         1.12918               1      Successful search (ES-wcm)        
     1          70         24678.9         1.12914               1      Successful search (ES-wcm)        
     1          71         24046.5         1.12915               1      Successful search (ES-wcm)        
     1          75         23858.1         1.12912               1      Successful search (ES-wcm)        
     1          77         23807.4         1.12878               1      Successful search (ES-wcm)        
     1          81         23685.5         1.00625               1      Successful search (ES-wcm)        
     1          91         23573.6        0.999828               1      Successful search (ES-wcm)        
     1         122         23505.1        0.955397               1        Successful poll           
     2         128         23462.8        0.955395               1      Successful search (ES-wcm)        
     2         139         23458.5         1.01407               1      Successful search (ES-wcm)        
     2         145         23421.6         1.01407               1      Successful search (ES-wcm)        
     2         149         23402.8         1.01407               1      Successful search (ES-wcm)        
     2         154         23358.1         1.01824               1      Successful search (ES-wcm)        
     2         156         23211.9         1.01824               1      Successful search (ES-wcm)        
     2         161         23155.9         1.01824               1      Successful search (ES-wcm)        
     2         168         23080.1         1.01824               1      Successful search (ES-wcm)        
     2         199         23005.4         1.02097               1        Successful poll           
     3         200         22430.9         1.02097               1      Successful search (ES-wcm)        
     3         211         22424.6         1.02049               1      Successful search (ES-wcm)        
     3         217         22398.5          1.0208               1      Successful search (ES-wcm)        
     3         253         22398.5          1.0208             0.5          Refine grid             Train
     4         256         22338.4         1.02429             0.5      Successful search (ES-ell)        
     4         257         22291.1         1.02429             0.5      Successful search (ES-ell)        
     4         264           22283         1.02427             0.5      Successful search (ES-ell)        
     4         265         22275.5         1.02428             0.5      Successful search (ES-ell)        
     4         267         22269.4         1.02429             0.5      Successful search (ES-ell)        
     4         272         22131.9         1.02428             0.5      Successful search (ES-ell)        
     4         273         22023.9         1.02429             0.5      Successful search (ES-ell)        
     4         276         21984.8         1.02429             0.5      Successful search (ES-wcm)        
     4         280         21899.9         1.02429             0.5      Successful search (ES-wcm)        
     4         283         21819.3         1.02429             0.5      Successful search (ES-ell)        
     4         287         21733.5         1.02428             0.5      Successful search (ES-ell)        
     4         289         21693.5         1.02428             0.5      Successful search (ES-ell)        
     4         294         21681.9         1.02428             0.5      Successful search (ES-ell)        
     4         295         21557.1         1.04909             0.5      Successful search (ES-ell)        
     4         296         21521.2          1.0491             0.5      Successful search (ES-ell)        
     4         300         21500.3         1.04907             0.5      Successful search (ES-ell)        
     4         324         21305.5         1.04911               1        Successful poll           Train
     5         325         20819.9         67.0537               1      Successful search (ES-ell)        
     5         333         20804.4         49.8122               1      Successful search (ES-ell)        
     5         335         20736.1         51.2275               1      Successful search (ES-ell)        
     5         365         20658.7         67.2215               1        Successful poll           
     6         368         20639.6         65.8893               1      Successful search (ES-ell)        
     6         384         20615.6         34.3118               1      Successful search (ES-ell)        
     6         385           20537         39.9293               1      Successful search (ES-ell)        
     6         389         20529.9         33.0078               1      Successful search (ES-ell)        
     6         395         20525.7         41.6753               1      Successful search (ES-ell)        
     6         398           20503         38.7644               1      Successful search (ES-ell)        
     6         431           20503         38.7644             0.5          Refine grid             
     7         435         20508.6         31.2831             0.5      Successful search (ES-ell)        
     7         437         20474.4         24.3117             0.5      Successful search (ES-ell)        
     7         438         20461.6         45.7553             0.5      Successful search (ES-ell)        
     7         440         20426.8         41.0592             0.5      Successful search (ES-ell)        
     7         476         20426.8         41.0592            0.25          Refine grid             
     8         477         20432.1         27.3345            0.25      Successful search (ES-ell)        
     8         522         20432.1         27.3345           0.125          Refine grid             Train
     9         523           20475         18.5489           0.125      Successful search (ES-wcm)        
     9         524         20460.5         41.1782           0.125      Successful search (ES-wcm)        
     9         526         20444.8         38.6219           0.125      Successful search (ES-wcm)        
     9         528         20440.1         35.6472           0.125      Successful search (ES-wcm)        
     9         568         20398.7         52.4339            0.25        Successful poll           Train
    10         599         20381.5         36.6024             0.5        Successful poll           Train
    11         600         20380.1         49.7301             0.5      Successful search (ES-wcm)        
    11         601         20203.8         54.1029             0.5      Successful search (ES-wcm)        
    11         605         20104.1         51.0739             0.5      Successful search (ES-wcm)        
    11         606         19959.2         50.2701             0.5      Successful search (ES-wcm)        
    11         608         19958.2         53.7754             0.5      Successful search (ES-ell)        
    11         609         19865.3         49.4739             0.5      Successful search (ES-wcm)        
    11         641         19865.3         49.4739            0.25          Refine grid             Train
    12         642         19922.1         43.6888            0.25      Successful search (ES-ell)        
    12         645         19869.9         39.4364            0.25      Successful search (ES-ell)        
    12         648         19837.1         31.0072            0.25      Successful search (ES-ell)        
    12         650         19828.1          36.333            0.25      Successful search (ES-ell)        
    12         651         19809.3         41.0136            0.25      Successful search (ES-ell)        
    12         653         19735.3         42.7202            0.25      Successful search (ES-ell)        
    12         655         19694.2         38.3071            0.25      Successful search (ES-wcm)        
    12         697         19694.2         38.3071           0.125          Refine grid             Train
    13         698         19763.8         13.3197           0.125      Successful search (ES-wcm)        
    13         700         19753.8         16.6322           0.125      Successful search (ES-wcm)        
    13         701         19749.7         22.3146           0.125      Successful search (ES-wcm)        
    13         742         19749.7         22.3146          0.0625          Refine grid             
    14         743         19754.4         10.1639          0.0625      Successful search (ES-wcm)        
    14         744         19733.8         16.3644          0.0625      Successful search (ES-wcm)        
    14         745         19714.2         23.2344          0.0625      Successful search (ES-ell)        
    14         787         19714.2         23.2344         0.03125          Refine grid             
    15         788         19727.5         9.15926         0.03125      Successful search (ES-ell)        
    15         789         19717.9         11.7656         0.03125      Successful search (ES-ell)        
    15         790         19708.3         15.2911         0.03125      Successful search (ES-ell)        
    15         791         19697.1         18.9127         0.03125      Successful search (ES-ell)        
    15         832         19697.1         18.9127        0.015625          Refine grid             
    16         833         19716.1          7.9474        0.015625      Successful search (ES-ell)        
    16         834         19712.6         9.00539        0.015625      Successful search (ES-wcm)        
    16         835         19710.1         11.6882        0.015625      Successful search (ES-wcm)        
    16         836         19701.8         16.6485        0.015625      Successful search (ES-wcm)        
    16         877         19692.5         9.83842         0.03125        Successful poll           Train
    17         878         19690.9         12.0435         0.03125      Successful search (ES-wcm)        
    17         879         19685.7         15.9596         0.03125      Successful search (ES-wcm)        
    17         923         19684.7         10.2639          0.0625        Successful poll           
    18         924         19696.4          9.7539          0.0625      Successful search (ES-ell)        
    18         925         19688.1         15.2089          0.0625      Successful search (ES-ell)        
    18         968         19688.1         15.2089         0.03125          Refine grid             
    19         969         19709.4         8.06876         0.03125      Successful search (ES-ell)        
    19         970         19707.2         12.7457         0.03125      Successful search (ES-ell)        
    19         972         19701.8         14.9109         0.03125      Successful search (ES-wcm)        
    19         975         19697.9         14.8492         0.03125      Successful search (ES-wcm)        
    19         976         19695.2         17.3804         0.03125      Successful search (ES-wcm)        
    19        1013         19695.2         17.3804        0.015625          Refine grid             
    20        1046         19711.6         6.48059       0.0078125          Refine grid             
    21        1047         19716.7         6.95785       0.0078125      Successful search (ES-wcm)        
    21        1048         19714.3         7.65285       0.0078125      Successful search (ES-wcm)        
    21        1049         19713.4         8.41761       0.0078125      Successful search (ES-wcm)        
    21        1050         19709.5         10.1466       0.0078125      Successful search (ES-ell)        
    21        1051         19702.8         12.0395       0.0078125      Successful search (ES-ell)        
    21        1091         19702.8         12.0395      0.00390625          Refine grid             
    22        1092         19714.8          6.5483      0.00390625      Successful search (ES-ell)        
    22        1095         19713.9         6.62064      0.00390625      Successful search (ES-ell)        
    22        1096         19713.5         6.80202      0.00390625      Successful search (ES-ell)        
    22        1097         19713.5         7.00783      0.00390625      Successful search (ES-wcm)        
    22        1136           19713         13.4138       0.0078125        Successful poll           
    23        1137         19707.6         11.8605       0.0078125      Successful search (ES-wcm)        
    23        1141         19706.1          11.665       0.0078125      Successful search (ES-wcm)        
    23        1181         19706.1          11.665      0.00390625          Refine grid             Train
    24        1182         19710.8         6.66928      0.00390625      Successful search (ES-ell)        
    24        1183           19709         7.31032      0.00390625      Successful search (ES-ell)        
    24        1184         19707.5         8.41139      0.00390625      Successful search (ES-ell)        
    24        1185         19707.5          10.207      0.00390625      Successful search (ES-ell)        
    24        1186         19702.6          13.443      0.00390625      Successful search (ES-ell)        
    24        1187         19701.2          16.441      0.00390625      Successful search (ES-ell)        
    24        1226         19701.2          16.441      0.00195312          Refine grid             
    25        1259         19714.4         6.97958     0.000976562          Refine grid             
Optimization terminated: change in the function value less than options['tol_mesh']
Estimated function value at minimum: 19717.73559309602 ± 4.771503653816859 (mean ± SEM from 100 samples)
BADS minimum at: x_min = [ 1.9715e+00  5.3602e+00  7.0302e+00  2.1000e-03 -8.5880e-01  7.0315e+00
  4.9230e-01  1.9350e-01  4.3977e+00  0.0000e+00  2.0000e+00  4.1190e-01], training NLL = 19717.7356
total f-count: 1359, time: 59.62 min

 ------- Finish Optimization for Subject 25 ---------- 
