device is : cuda
['base', '6', 'all', 'bads', '1']

 ------- Start Optimization for Subject 2 ---------- 

 Cross Validation fold 0/1

 -- Start Optimization: method BADS --

 Optimization Run 1/1
Initial params: [0.6519, 2.9473, 12.3837, 8.127, -0.417, 26.9957, 0.6536, 6.028, 1.3291, 0.5783, 0.7443, 0.9127]
bads:TooCloseBounds: For each variable, hard and plausible bounds should not be too close. Moving plausible bounds.
Variables (index) internally transformed to log coordinates: [[ 0  0]
 [ 0  3]
 [ 0  7]
 [ 0  8]
 [ 0  9]
 [ 0 10]
 [ 0 11]]
Beginning optimization of a STOCHASTIC objective function

 Iteration    f-count      E[f(x)]        SD[f(x)]           MeshScale          Method              Actions
     0           1         31806.7             nan               1                                  
     0          28         26823.6             nan               1          Initial mesh            Initial points
     0          42         25571.3           1.001               1        Successful poll           Train
     1          43         25527.5           1.001               1      Successful search (ES-wcm)        
     1          45         25463.1           1.001               1      Successful search (ES-wcm)        
     1          49         25384.5         1.00098               1      Successful search (ES-wcm)        
     1          51           24947         1.00096               1      Successful search (ES-wcm)        
     1          52         24313.1         1.00099               1      Successful search (ES-wcm)        
     1          53         22019.2           1.001               1      Successful search (ES-wcm)        
     1          84         22019.2           1.001             0.5          Refine grid             Train
     2          85         21743.7         1.01049             0.5      Successful search (ES-wcm)        
     2          86         21252.5         1.01049             0.5      Successful search (ES-wcm)        
     2          94         21184.1         1.01049             0.5      Successful search (ES-wcm)        
     2          96         21130.5         1.01049             0.5      Successful search (ES-wcm)        
     2          99           21017         1.01049             0.5      Successful search (ES-wcm)        
     2         108         21013.3         1.01816             0.5      Successful search (ES-ell)        
     2         113         20944.6          1.0186             0.5      Successful search (ES-wcm)        
     2         115         20453.8          1.0186             0.5      Successful search (ES-wcm)        
     2         152         20453.8          1.0186            0.25          Refine grid             
     3         157         20397.9         1.10932            0.25      Successful search (ES-wcm)        
     3         160         20309.7         1.10933            0.25      Successful search (ES-wcm)        
     3         166         19986.6         1.10935            0.25      Successful search (ES-ell)        
     3         168         19922.8         1.10935            0.25      Successful search (ES-ell)        
     3         171         19800.1         1.10935            0.25      Successful search (ES-ell)        
     3         175         19749.5         1.10931            0.25      Successful search (ES-ell)        
     3         176         19690.2         1.10933            0.25      Successful search (ES-ell)        
     3         178         19604.8         1.10935            0.25      Successful search (ES-ell)        
     3         183           19491         1.10617            0.25      Successful search (ES-ell)        
     3         221           19491         1.10617           0.125          Refine grid             Train
     4         254         19491.6         1.16215          0.0625          Refine grid             Train
     5         287         19492.1        0.980449         0.03125          Refine grid             Train
     6         315         19505.2        0.893273          0.0625        Successful poll           Train
     7         348         19505.2        0.893273         0.03125          Refine grid             Train
     8         359         19548.1        0.859224         0.03125      Successful search (ES-ell)        
     8         393         19548.1        0.859224        0.015625          Refine grid             
     9         403         19535.8        0.893096        0.015625      Successful search (ES-wcm)        
     9         438         19535.8        0.893096       0.0078125          Refine grid             Train
    10         471         19561.9        0.561789      0.00390625          Refine grid             Train
    11         477         19593.1        0.953853      0.00390625      Successful search (ES-wcm)        
    11         505         19519.3         1.02682       0.0078125        Successful poll           
    12         538         19519.3         1.02682      0.00390625          Refine grid             Train
    13         539         19540.4         1.02828      0.00390625      Successful search (ES-wcm)        
    13         567         19528.9         1.03196       0.0078125        Successful poll           
    14         600         19528.9         1.03196      0.00390625          Refine grid             
    15         601         19568.1         1.03186      0.00390625      Successful search (ES-wcm)        
    15         606         19449.7         1.02911      0.00390625      Successful search (ES-wcm)        
    15         646         19449.7         1.02911      0.00195312          Refine grid             
    16         681         19611.3         13.0926      0.00390625        Successful poll           
    17         682         19605.8         11.6489      0.00390625      Successful search (ES-wcm)        
    17         683         19587.8         15.7612      0.00390625      Successful search (ES-wcm)        
    17         684         19562.2         18.9412      0.00390625      Successful search (ES-wcm)        
    17         726         19562.2         18.9412      0.00195312          Refine grid             Train
    18         761         19616.3         10.6985     0.000976562          Refine grid             Train
Optimization terminated: change in the function value less than options['tol_mesh']
Estimated function value at minimum: 19637.015651019403 ± 5.44950209531128 (mean ± SEM from 100 samples)
BADS minimum at: x_min = [ 1.9503 12.1887  6.8373  3.4489  1.4468 12.2121  0.4884  0.0957  3.8625
  0.0933  1.9782  0.2676], training NLL = 19637.0157
total f-count: 861, time: 37.56 min

 ------- Finish Optimization for Subject 2 ---------- 

 ------- Start Optimization for Subject 3 ---------- 

 Cross Validation fold 0/1

 -- Start Optimization: method BADS --

 Optimization Run 1/1
Initial params: [0.0169, 4.2425, 8.556, 0.9292, 1.9586, 23.8346, 0.4039, 26.4808, 3.7385, 0.5023, 0.12, 0.5008]
bads:TooCloseBounds: For each variable, hard and plausible bounds should not be too close. Moving plausible bounds.
Variables (index) internally transformed to log coordinates: [[ 0  0]
 [ 0  3]
 [ 0  7]
 [ 0  8]
 [ 0  9]
 [ 0 10]
 [ 0 11]]
Beginning optimization of a STOCHASTIC objective function

 Iteration    f-count      E[f(x)]        SD[f(x)]           MeshScale          Method              Actions
     0           1         30969.8             nan               1                                  
     0          28         26679.4             nan               1          Initial mesh            Initial points
     0          41         25750.9        0.983078               1        Successful poll           Train
     1          42         24790.6        0.983081               1      Successful search (ES-wcm)        
     1          45         24369.7        0.983078               1      Successful search (ES-wcm)        
     1          49         23758.2        0.982951               1      Successful search (ES-wcm)        
     1          51         22392.2        0.983051               1      Successful search (ES-ell)        
     1          56         22195.4         1.02665               1      Successful search (ES-wcm)        
     1          59         22173.2         1.02665               1      Successful search (ES-wcm)        
     1          64         22066.9         1.02643               1      Successful search (ES-ell)        
     1          65         21845.1         1.02658               1      Successful search (ES-ell)        
     1          72         21791.9         1.02531               1      Successful search (ES-ell)        
     1          76         21740.7         1.02118               1      Successful search (ES-ell)        
     1          79         20549.4          1.0212               1      Successful search (ES-ell)        
     1          82         20506.8         1.02119               1      Successful search (ES-ell)        
     1          83         20209.8          1.0212               1      Successful search (ES-wcm)        
     1          85         20013.6          1.0212               1      Successful search (ES-wcm)        
     1          89         19660.7         1.02119               1      Successful search (ES-wcm)        
     1          90           19600          1.0212               1      Successful search (ES-ell)        
     1          92         19480.5          1.0212               1      Successful search (ES-wcm)        
     1          97         19447.5         1.02118               1      Successful search (ES-wcm)        
     1          98         19430.6         1.02118               1      Successful search (ES-wcm)        
     1          99         19391.9          1.0212               1      Successful search (ES-wcm)        
     1         100         19292.3         1.02119               1      Successful search (ES-wcm)        
     1         109         19176.6         1.00188               1      Successful search (ES-wcm)        
     1         129         18945.5          1.0097               1        Successful poll           Train
     2         137         18766.6        0.971453               1      Successful search (ES-wcm)        
     2         138         18679.3        0.971453               1      Successful search (ES-wcm)        
     2         141         18668.6        0.971453               1      Successful search (ES-wcm)        
     2         150           18643        0.971448               1      Successful search (ES-wcm)        
     2         161         18583.3          1.1184               1      Successful search (ES-wcm)        
     2         192         18576.9         1.15756               1        Successful poll           Train
     3         195         18340.7         1.15811               1      Successful search (ES-wcm)        
     3         196         18255.7         1.15812               1      Successful search (ES-wcm)        
     3         203         18245.7         1.15809               1      Successful search (ES-ell)        
     3         232         18232.8         1.15812               1        Successful poll           
     4         235         18206.4         1.15812               1      Successful search (ES-wcm)        
     4         236         18180.9         1.15812               1      Successful search (ES-wcm)        
     4         244         18132.9          1.1636               1      Successful search (ES-wcm)        
     4         271         18132.9          1.1636             0.5          Refine grid             
     5         301         18066.9         39.1103               1        Successful poll           Train
     6         307         17900.1         38.6994               1      Successful search (ES-wcm)        
     6         313         17897.4         27.9511               1      Successful search (ES-ell)        
     6         317         17860.8         37.9776               1      Successful search (ES-ell)        
     6         329         17835.9         36.7391               1      Successful search (ES-ell)        
     6         332         17762.4         35.9988               1      Successful search (ES-ell)        
     6         345         17679.8         22.7009               1      Successful search (ES-wcm)        
     6         346         17656.7          28.916               1      Successful search (ES-wcm)        
     6         348         17641.2         30.1746               1      Successful search (ES-wcm)        
     6         354           17640         33.7753               1      Successful search (ES-ell)        
     6         360         17614.5         21.5398               1      Successful search (ES-wcm)        
     6         369         17613.8         19.0693               1      Incremental search (ES-wcm)        
     6         372         17609.7          18.582               1      Successful search (ES-wcm)        
     6         400         17609.7          18.582             0.5          Refine grid             
     7         403         17651.9         27.7684             0.5      Successful search (ES-ell)        
     7         416         17628.3         31.4984             0.5      Successful search (ES-wcm)        
     7         420         17600.3         27.0657             0.5      Successful search (ES-wcm)        
     7         421         17585.6         30.5383             0.5      Successful search (ES-ell)        
     7         422         17563.5         32.8194             0.5      Successful search (ES-ell)        
     7         455         17563.5         32.8194            0.25          Refine grid             
     8         456         17595.4         28.8485            0.25      Successful search (ES-ell)        
     8         458         17586.9         34.3468            0.25      Successful search (ES-ell)        
     8         460         17581.2         32.3039            0.25      Successful search (ES-ell)        
     8         500         17581.2         32.3039           0.125          Refine grid             
     9         501         17579.4         15.9804           0.125      Successful search (ES-wcm)        
     9         503         17573.6         19.6809           0.125      Successful search (ES-wcm)        
     9         547         17573.6         19.6809          0.0625          Refine grid             Train
    10         548         17582.7         9.43898          0.0625      Successful search (ES-ell)        
    10         549         17564.8         13.4652          0.0625      Successful search (ES-ell)        
    10         552         17564.2         12.7152          0.0625      Successful search (ES-ell)        
    10         595         17564.2         12.7152         0.03125          Refine grid             Train
    11         596         17576.6         6.29102         0.03125      Successful search (ES-ell)        
    11         597         17571.3         8.81198         0.03125      Successful search (ES-ell)        
    11         599         17564.4         9.87537         0.03125      Successful search (ES-ell)        
    11         643         17564.4         9.87537        0.015625          Refine grid             
    12         644         17578.5         5.43267        0.015625      Successful search (ES-ell)        
    12         645         17577.5         6.49644        0.015625      Successful search (ES-ell)        
    12         646         17574.4         8.90574        0.015625      Successful search (ES-ell)        
    12         648           17574          10.656        0.015625      Successful search (ES-ell)        
    12         691           17574          10.656       0.0078125          Refine grid             
    13         692         17580.7         5.05801       0.0078125      Successful search (ES-wcm)        
    13         693         17577.8         5.15871       0.0078125      Successful search (ES-wcm)        
    13         694         17576.8         6.09135       0.0078125      Successful search (ES-wcm)        
    13         695         17572.4         7.81607       0.0078125      Successful search (ES-wcm)        
    13         697         17571.4         9.72681       0.0078125      Successful search (ES-wcm)        
    13         739         17571.4         9.72681      0.00390625          Refine grid             
    14         775         17579.6         5.70675     0.000976562          Refine grid             Train
Optimization terminated: change in the function value less than options['tol_mesh']
Estimated function value at minimum: 17588.98406467034 ± 4.146074438335473 (mean ± SEM from 100 samples)
BADS minimum at: x_min = [1.5501 5.2831 6.2632 3.1517 1.481  8.4174 0.5555 0.0952 5.395  0.
 1.5555 0.2526], training NLL = 17588.9841
total f-count: 875, time: 39.83 min

 ------- Finish Optimization for Subject 3 ---------- 

 ------- Start Optimization for Subject 5 ---------- 

 Cross Validation fold 0/1

 -- Start Optimization: method BADS --

 Optimization Run 1/1
Initial params: [0.1086, 4.4978, 12.3969, 0.5771, -4.4053, 15.1285, 0.6577, 9.0969, 2.1106, 0.1315, 0.9411, 0.0492]
bads:TooCloseBounds: For each variable, hard and plausible bounds should not be too close. Moving plausible bounds.
Variables (index) internally transformed to log coordinates: [[ 0  0]
 [ 0  3]
 [ 0  7]
 [ 0  8]
 [ 0  9]
 [ 0 10]
 [ 0 11]]
Beginning optimization of a STOCHASTIC objective function

 Iteration    f-count      E[f(x)]        SD[f(x)]           MeshScale          Method              Actions
     0           1         31187.5             nan               1                                  
     0          28         28032.5             nan               1          Initial mesh            Initial points
     0          30         26076.2        0.999958               1        Successful poll           Train
     1          31         24441.5        0.999958               1      Successful search (ES-wcm)        
     1          35         22806.4        0.999906               1      Successful search (ES-wcm)        
     1          37         22778.8        0.999938               1      Successful search (ES-wcm)        
     1          41         21571.6        0.999663               1      Successful search (ES-wcm)        
     1          46         21373.5        0.999779               1      Successful search (ES-wcm)        
     1          47         19567.8        0.999712               1      Successful search (ES-wcm)        
     1          59         19524.8        0.995056               1      Successful search (ES-wcm)        
     1          65           19315         0.99503               1      Successful search (ES-wcm)        
     1          69         19126.4        0.995057               1      Successful search (ES-wcm)        
     1          70         19079.5        0.995056               1      Successful search (ES-wcm)        
     1          76         18896.3        0.995045               1      Successful search (ES-wcm)        
     1          77         18630.9        0.995055               1      Successful search (ES-wcm)        
     1          82         18620.2         1.04289               1      Successful search (ES-wcm)        
     1          88           18570         1.04287               1      Successful search (ES-wcm)        
     1          96         18365.5         1.04289               1      Successful search (ES-wcm)        
     1          97         18345.8         1.04289               1      Successful search (ES-ell)        
     1         105         18258.8        0.985854               1      Successful search (ES-wcm)        
     1         109         18167.2        0.985843               1      Successful search (ES-ell)        
     1         112         18130.2         0.98581               1      Successful search (ES-ell)        
     1         116         18102.3        0.985854               1      Successful search (ES-ell)        
     1         119         18020.9        0.985852               1      Successful search (ES-ell)        
     1         122           17939        0.985851               1      Successful search (ES-ell)        
     1         132         17936.8        0.992018               1      Successful search (ES-ell)        
     1         133         17898.1         0.99192               1      Successful search (ES-ell)        
     1         148         17846.4        0.990002               1      Successful search (ES-ell)        
     1         178         17846.4        0.990002             0.5          Refine grid             
     2         187         17864.2         1.48486             0.5      Successful search (ES-ell)        
     2         223         17864.2         1.48486            0.25          Refine grid             Train
     3         257         17866.7         1.03173           0.125          Refine grid             Train
     4         292         17881.1         1.21577         0.03125          Refine grid             Train
     5         327         17846.2          1.0143        0.015625          Refine grid             Train
     6         328         17794.7         1.02515        0.015625      Successful search (ES-ell)        
     6         374         17794.7         1.02515       0.0078125          Refine grid             Train
     7         392           17814         1.02516        0.015625        Successful poll           Train
     8         395         17879.7         1.02495        0.015625      Successful search (ES-ell)        
     8         398         17846.4         1.02434        0.015625      Successful search (ES-ell)        
     8         439         17846.4         1.02434       0.0078125          Refine grid             Train
     9         440         17922.3         4.71746       0.0078125      Successful search (ES-ell)        
     9         441         17913.2         5.16085       0.0078125      Successful search (ES-ell)        
     9         442         17901.4          6.3876       0.0078125      Successful search (ES-ell)        
     9         443         17890.4         8.37052       0.0078125      Successful search (ES-ell)        
     9         444           17874         11.3506       0.0078125      Successful search (ES-ell)        
     9         445         17862.2          14.997       0.0078125      Successful search (ES-ell)        
     9         486         17862.2          14.997      0.00390625          Refine grid             Train
    10         487           17927         4.23123      0.00390625      Successful search (ES-ell)        
    10         488         17926.2          4.6946      0.00390625      Successful search (ES-ell)        
    10         489         17923.5         5.87379      0.00390625      Successful search (ES-ell)        
    10         490         17918.9         7.28886      0.00390625      Successful search (ES-ell)        
    10         491         17910.8         9.09311      0.00390625      Successful search (ES-ell)        
    10         492         17906.7         12.5758      0.00390625      Successful search (ES-ell)        
    10         533         17906.7         12.5758      0.00195312          Refine grid             
    11         534         17927.1         6.18074      0.00195312      Successful search (ES-wcm)        
    11         537         17926.3          6.0614      0.00195312      Successful search (ES-wcm)        
    11         538           17925         6.09566      0.00195312      Successful search (ES-wcm)        
    11         539         17924.6         6.33605      0.00195312      Successful search (ES-wcm)        
    11         540         17923.4         6.75416      0.00195312      Successful search (ES-wcm)        
    11         542         17922.8         6.96548      0.00195312      Successful search (ES-wcm)        
    11         581         17916.5         5.02404      0.00390625        Successful poll           
    12         582         17914.5         5.45991      0.00390625      Successful search (ES-ell)        
    12         583         17914.2         6.05454      0.00390625      Successful search (ES-ell)        
    12         584         17912.5         7.62458      0.00390625      Successful search (ES-ell)        
    12         585         17908.5         10.7365      0.00390625      Successful search (ES-wcm)        
    12         586         17902.2         13.0459      0.00390625      Successful search (ES-ell)        
    12         587           17892          16.399      0.00390625      Successful search (ES-ell)        
    12         629         17870.6          30.342       0.0078125        Successful poll           
    13         630         17894.7         20.6262       0.0078125      Successful search (ES-ell)        
    13         676         17894.7         20.6262      0.00390625          Refine grid             Train
    14         677         17914.1         6.32775      0.00390625      Successful search (ES-wcm)        
    14         678         17912.8         7.86815      0.00390625      Successful search (ES-wcm)        
    14         679         17910.7         9.51745      0.00390625      Successful search (ES-wcm)        
    14         724           17901         14.4484       0.0078125        Successful poll           
    15         726         17905.3         9.95997       0.0078125      Successful search (ES-wcm)        
    15         727         17899.3         12.3852       0.0078125      Successful search (ES-wcm)        
    15         729         17894.6         13.6144       0.0078125      Successful search (ES-wcm)        
    15         772         17894.6         13.6144      0.00390625          Refine grid             
    16         773         17911.4         4.92065      0.00390625      Successful search (ES-wcm)        
    16         820         17905.1         17.9738       0.0078125        Successful poll           
    17         831         17904.5         8.85308       0.0078125      Successful search (ES-ell)        
    17         833         17904.4         9.63879       0.0078125      Successful search (ES-ell)        
    17         849         17902.8         7.37695       0.0078125      Successful search (ES-ell)        
    17         850         17900.6         8.85919       0.0078125      Successful search (ES-ell)        
    17         851         17897.9          12.293       0.0078125      Successful search (ES-ell)        
    17         856           17897         11.5996       0.0078125      Successful search (ES-wcm)        
    17         857         17896.6         20.9525       0.0078125      Successful search (ES-wcm)        
    17         859         17896.3         25.4699       0.0078125      Successful search (ES-wcm)        
    17         860         17893.1         25.4244       0.0078125      Successful search (ES-ell)        
    17         903         17893.1         25.4244      0.00390625          Refine grid             
    18         939         17908.2         6.02579      0.00195312          Refine grid             
    19         975         17908.3         4.25136     0.000488281          Refine grid             Train
Optimization terminated: change in the function value less than options['tol_mesh']
Estimated function value at minimum: 17901.405558901493 ± 4.389041949133278 (mean ± SEM from 100 samples)
BADS minimum at: x_min = [ 1.4655  4.961   4.0536  4.7155  3.716  37.2214  0.2189  0.0898  5.2012
  0.4541  1.9522  0.2876], training NLL = 17901.4056
total f-count: 1075, time: 46.86 min

 ------- Finish Optimization for Subject 5 ---------- 

 ------- Start Optimization for Subject 6 ---------- 

 Cross Validation fold 0/1

 -- Start Optimization: method BADS --

 Optimization Run 1/1
Initial params: [0.3643, 7.7336, 3.2274, 0.8441, -1.3885, 9.8284, 0.5915, 30.2863, 2.1471, 0.7708, 0.485, 0.6189]
bads:TooCloseBounds: For each variable, hard and plausible bounds should not be too close. Moving plausible bounds.
Variables (index) internally transformed to log coordinates: [[ 0  0]
 [ 0  3]
 [ 0  7]
 [ 0  8]
 [ 0  9]
 [ 0 10]
 [ 0 11]]
Beginning optimization of a STOCHASTIC objective function

 Iteration    f-count      E[f(x)]        SD[f(x)]           MeshScale          Method              Actions
     0           1         30896.9             nan               1                                  
     0          28         27253.7             nan               1          Initial mesh            Initial points
     0          35         24350.3        0.989673               1        Successful poll           Train
     1          36         23974.8        0.989678               1      Successful search (ES-wcm)        
     1          39         22513.5        0.989666               1      Successful search (ES-wcm)        
     1          45         20954.4        0.989218               1      Successful search (ES-wcm)        
     1          53         20708.8        0.988578               1      Successful search (ES-wcm)        
     1          54         20657.2        0.984979               1      Successful search (ES-wcm)        
     1          55         20609.2        0.984979               1      Successful search (ES-ell)        
     1          59         20603.5        0.984979               1      Successful search (ES-wcm)        
     1          62         19214.1        0.984979               1      Successful search (ES-wcm)        
     1          66         18765.3        0.984976               1      Successful search (ES-wcm)        
     1          71         18511.8        0.984944               1      Successful search (ES-wcm)        
     1          75           18366        0.984963               1      Successful search (ES-wcm)        
     1          79         18150.1        0.999872               1      Successful search (ES-wcm)        
     1          80         18118.4        0.999874               1      Successful search (ES-wcm)        
     1          82         17633.7        0.999879               1      Successful search (ES-wcm)        
     1         111         17633.7        0.999879             0.5          Refine grid             Train
     2         141         17633.8         0.92115            0.25          Refine grid             Train
     3         173         17592.3        0.980366             0.5        Successful poll           Train
     4         180         17543.4          2.5414             0.5      Successful search (ES-wcm)        
     4         196         17532.5         2.54094             0.5      Successful search (ES-wcm)        
     4         197         17521.8         2.54124             0.5      Successful search (ES-wcm)        
     4         200         17469.3         2.54143             0.5      Successful search (ES-wcm)        
     4         205         17369.7         2.54143             0.5      Successful search (ES-wcm)        
     4         219         17283.8         2.54136             0.5      Successful search (ES-wcm)        
     4         251         17283.8         2.54136            0.25          Refine grid             Train
     5         254         17328.9         24.5534            0.25      Successful search (ES-wcm)        
     5         256         17270.7         34.6887            0.25      Successful search (ES-wcm)        
     5         259         17237.4         31.5865            0.25      Successful search (ES-ell)        
     5         294         17237.4         31.5865           0.125          Refine grid             
     6         295         17250.3         22.5987           0.125      Successful search (ES-ell)        
     6         341         17250.3         22.5987          0.0625          Refine grid             
     7         342         17284.1         17.9524          0.0625      Successful search (ES-wcm)        
     7         345         17275.3         14.9597          0.0625      Successful search (ES-wcm)        
     7         347         17260.9         20.4547          0.0625      Successful search (ES-wcm)        
     7         348         17258.8         35.4623          0.0625      Successful search (ES-wcm)        
     7         350         17231.2         23.1888          0.0625      Successful search (ES-wcm)        
     7         351         17207.9         37.1898          0.0625      Successful search (ES-wcm)        
     7         352         17172.8          40.422          0.0625      Successful search (ES-wcm)        
     7         387         17172.8          40.422         0.03125          Refine grid             
     8         388         17222.9         9.87408         0.03125      Successful search (ES-wcm)        
     8         389         17208.2         13.7359         0.03125      Successful search (ES-wcm)        
     8         390         17204.1         22.1519         0.03125      Successful search (ES-wcm)        
     8         435         17204.1         22.1519        0.015625          Refine grid             Train
     9         436         17213.6         6.91055        0.015625      Successful search (ES-ell)        
     9         437         17207.2         10.2998        0.015625      Successful search (ES-ell)        
     9         482         17206.4         5.91367         0.03125        Successful poll           
    10         483         17200.1         8.27587         0.03125      Successful search (ES-wcm)        
    10         486         17104.2         8.99911         0.03125      Successful search (ES-ell)        
    10         487         17001.3         14.8304         0.03125      Successful search (ES-ell)        
    10         530         17001.3         14.8304        0.015625          Refine grid             
    11         531         17205.7         6.90412        0.015625      Successful search (ES-ell)        
    11         532         17201.1         12.2841        0.015625      Successful search (ES-ell)        
    11         533         17181.9         16.5266        0.015625      Successful search (ES-ell)        
    11         578         17181.9         16.5266       0.0078125          Refine grid             
    12         579         17205.3          5.4067       0.0078125      Successful search (ES-wcm)        
    12         580           17202         6.48461       0.0078125      Successful search (ES-wcm)        
    12         581         17199.1         8.48967       0.0078125      Successful search (ES-wcm)        
    12         582         17197.2         11.1019       0.0078125      Successful search (ES-wcm)        
    12         583         17191.9         11.3387       0.0078125      Successful search (ES-wcm)        
    12         584         17182.3         11.5968       0.0078125      Successful search (ES-wcm)        
    12         624         17182.3         11.5968      0.00390625          Refine grid             Train
    13         625         17208.6         5.93529      0.00390625      Successful search (ES-ell)        
    13         626         17206.6         7.26328      0.00390625      Successful search (ES-ell)        
    13         627         17202.5         9.34757      0.00390625      Successful search (ES-ell)        
    13         628         17194.9         13.1558      0.00390625      Successful search (ES-ell)        
    13         632         17190.5         11.3029      0.00390625      Successful search (ES-ell)        
    13         633         17187.1         12.8473      0.00390625      Successful search (ES-ell)        
    13         634         17181.2         15.0899      0.00390625      Successful search (ES-ell)        
    13         672         17181.2         15.0899      0.00195312          Refine grid             Train
    14         673         17202.2         5.49344      0.00195312      Successful search (ES-ell)        
    14         674         17200.6         5.56734      0.00195312      Successful search (ES-ell)        
    14         675         17195.7         5.64791      0.00195312      Successful search (ES-ell)        
    14         676         17189.9         5.84579      0.00195312      Successful search (ES-ell)        
    14         677           17189         6.75991      0.00195312      Successful search (ES-ell)        
    14         678         17181.4         8.04131      0.00195312      Successful search (ES-ell)        
    14         679         17177.6         11.0529      0.00195312      Successful search (ES-ell)        
    14         680         17176.5         13.5137      0.00195312      Successful search (ES-ell)        
    14         720         17176.5         13.5137     0.000976562          Refine grid             
Optimization terminated: change in the function value less than options['tol_mesh']
Estimated function value at minimum: 17205.64762924714 ± 4.326966571131368 (mean ± SEM from 100 samples)
BADS minimum at: x_min = [1.5148e+00 2.1310e+00 3.3790e+00 4.8619e+00 3.5246e+00 3.4626e+01
 3.5670e-01 1.2900e-02 4.9185e+00 9.0780e-01 1.0537e+00 2.0310e-01], training NLL = 17205.6476
total f-count: 820, time: 35.79 min

 ------- Finish Optimization for Subject 6 ---------- 

 ------- Start Optimization for Subject 11 ---------- 

 Cross Validation fold 0/1

 -- Start Optimization: method BADS --

 Optimization Run 1/1
Initial params: [0.4078, 8.2273, 11.644, 17.4621, 3.9722, 29.0163, 0.602, 30.3541, 2.1508, 0.795, 0.1936, 0.1774]
bads:TooCloseBounds: For each variable, hard and plausible bounds should not be too close. Moving plausible bounds.
Variables (index) internally transformed to log coordinates: [[ 0  0]
 [ 0  3]
 [ 0  7]
 [ 0  8]
 [ 0  9]
 [ 0 10]
 [ 0 11]]
Beginning optimization of a STOCHASTIC objective function

 Iteration    f-count      E[f(x)]        SD[f(x)]           MeshScale          Method              Actions
     0           1         31341.2             nan               1                                  
     0          28         27531.9             nan               1          Initial mesh            Initial points
     0          33         24509.2        0.992691               1        Successful poll           Train
     1          37           22155        0.992608               1      Successful search (ES-wcm)        
     1          39         20721.1        0.992652               1      Successful search (ES-wcm)        
     1          41         20247.6        0.992552               1      Successful search (ES-wcm)        
     1          43         20140.5        0.992621               1      Successful search (ES-wcm)        
     1          50         19821.5        0.992217               1      Successful search (ES-wcm)        
     1          54         19755.5         1.00008               1      Successful search (ES-wcm)        
     1          56         19170.1         1.00007               1      Successful search (ES-wcm)        
     1          69         19107.2        0.997405               1      Successful search (ES-wcm)        
     1          98         18956.5        0.883033               1        Successful poll           
     2         104         18926.5        0.945003               1      Successful search (ES-wcm)        
     2         107         18833.1        0.945003               1      Successful search (ES-wcm)        
     2         116         18808.6        0.944999               1      Successful search (ES-wcm)        
     2         118         18800.7        0.945001               1      Successful search (ES-wcm)        
     2         121         18684.2        0.944967               1      Successful search (ES-ell)        
     2         122         18518.3        0.944991               1      Successful search (ES-ell)        
     2         128         18418.6        0.944988               1      Successful search (ES-ell)        
     2         133         18309.3        0.970431               1      Successful search (ES-ell)        
     2         141         18175.2        0.970406               1      Successful search (ES-ell)        
     2         155         18127.8        0.992524               1      Successful search (ES-ell)        
     2         157           18112        0.991929               1      Successful search (ES-ell)        
     2         170         18106.9         0.94583               1      Successful search (ES-ell)        
     2         176         18055.3        0.992867               1      Successful search (ES-ell)        
     2         189         18050.2         15.3078               1      Successful search (ES-ell)        
     2         194         18025.1         14.7305               1      Successful search (ES-wcm)        
     2         221         18025.1         14.7305             0.5          Refine grid             
     3         254         18061.3         8.60878            0.25          Refine grid             Train
     4         258         18034.9         22.3265            0.25      Successful search (ES-ell)        
     4         301         18034.9         22.3265           0.125          Refine grid             Train
     5         303         18033.6           16.17           0.125      Successful search (ES-ell)        
     5         348         18033.6           16.17          0.0625          Refine grid             
     6         349         18036.8         12.0829          0.0625      Successful search (ES-wcm)        
     6         352         18029.7         13.8138          0.0625      Successful search (ES-wcm)        
     6         353         18011.6         23.8695          0.0625      Successful search (ES-ell)        
     6         396         18011.6         23.8695         0.03125          Refine grid             
     7         397         18055.8         9.49372         0.03125      Successful search (ES-ell)        
     7         398         18046.9         15.9281         0.03125      Successful search (ES-ell)        
     7         399         18031.8         24.0516         0.03125      Successful search (ES-ell)        
     7         444         18031.8         24.0516        0.015625          Refine grid             Train
     8         445         18054.9         7.54079        0.015625      Successful search (ES-ell)        
     8         446         18045.2          9.8353        0.015625      Successful search (ES-ell)        
     8         447         18037.7         13.9405        0.015625      Successful search (ES-ell)        
     8         451         18036.1         12.1705        0.015625      Successful search (ES-ell)        
     8         486         18029.1         8.03941         0.03125        Successful poll           Train
     9         487         17800.1         8.42027         0.03125      Successful search (ES-ell)        
     9         488         17761.4          11.585         0.03125      Successful search (ES-ell)        
     9         489         17507.7         14.2352         0.03125      Successful search (ES-ell)        
     9         491         17499.3         12.4687         0.03125      Successful search (ES-ell)        
     9         533         17499.3         12.4687        0.015625          Refine grid             
    10         534         18062.5         7.36118        0.015625      Successful search (ES-ell)        
    10         535           18055         10.1037        0.015625      Successful search (ES-ell)        
    10         536         18039.8         13.8335        0.015625      Successful search (ES-ell)        
    10         539           18012         12.4759        0.015625      Successful search (ES-ell)        
    10         546         18005.5         10.0721        0.015625      Successful search (ES-ell)        
    10         547           18002         10.7289        0.015625      Successful search (ES-ell)        
    10         548         17963.4         12.7033        0.015625      Successful search (ES-ell)        
    10         550         17958.6         14.6533        0.015625      Successful search (ES-ell)        
    10         551         17889.9          14.228        0.015625      Successful search (ES-ell)        
    10         593         17889.9          14.228       0.0078125          Refine grid             
    11         594         18067.1         8.45813       0.0078125      Successful search (ES-ell)        
    11         595         18052.2         8.03688       0.0078125      Successful search (ES-wcm)        
    11         596         18040.9         9.57759       0.0078125      Successful search (ES-ell)        
    11         597         18031.6         14.6432       0.0078125      Successful search (ES-ell)        
    11         641         18031.6         14.6432      0.00390625          Refine grid             
    12         642         18058.8         12.1167      0.00390625      Successful search (ES-ell)        
    12         643         18052.7         12.3162      0.00390625      Successful search (ES-ell)        
    12         644         18039.6         12.7132      0.00390625      Successful search (ES-ell)        
    12         645         18022.3         13.6466      0.00390625      Successful search (ES-ell)        
    12         646         18006.3         15.3748      0.00390625      Successful search (ES-ell)        
    12         647         18005.9         17.2144      0.00390625      Successful search (ES-ell)        
    12         689         18005.9         17.2144      0.00195312          Refine grid             
    13         690         18065.7         7.04424      0.00195312      Successful search (ES-wcm)        
    13         691         18062.2         6.80194      0.00195312      Successful search (ES-wcm)        
    13         692         18059.4         6.73664      0.00195312      Successful search (ES-wcm)        
    13         693         18056.1         6.91033      0.00195312      Successful search (ES-wcm)        
    13         694         18052.7         7.13039      0.00195312      Successful search (ES-wcm)        
    13         695           18049         7.01588      0.00195312      Successful search (ES-ell)        
    13         696         18041.6         8.21276      0.00195312      Successful search (ES-ell)        
    13         697         18027.1         12.1473      0.00195312      Successful search (ES-ell)        
    13         698         18024.8         18.8213      0.00195312      Successful search (ES-wcm)        
    13         737         18024.8         18.8213     0.000976562          Refine grid             Train
Optimization terminated: change in the function value less than options['tol_mesh']
Estimated function value at minimum: 18066.61636808238 ± 4.5184681547378105 (mean ± SEM from 100 samples)
BADS minimum at: x_min = [1.5832 4.7062 4.3767 5.7599 3.9944 9.981  0.4229 0.1842 2.2575 0.1479
 1.3979 0.233 ], training NLL = 18066.6164
total f-count: 837, time: 36.57 min

 ------- Finish Optimization for Subject 11 ---------- 

 ------- Start Optimization for Subject 15 ---------- 

 Cross Validation fold 0/1

 -- Start Optimization: method BADS --

 Optimization Run 1/1
Initial params: [1.7349, 5.1329, 7.6944, 16.7912, 4.7773, 21.7481, 0.6514, 39.5083, 2.2498, 0.1028, 0.5291, 0.3376]
bads:TooCloseBounds: For each variable, hard and plausible bounds should not be too close. Moving plausible bounds.
Variables (index) internally transformed to log coordinates: [[ 0  0]
 [ 0  3]
 [ 0  7]
 [ 0  8]
 [ 0  9]
 [ 0 10]
 [ 0 11]]
Beginning optimization of a STOCHASTIC objective function

 Iteration    f-count      E[f(x)]        SD[f(x)]           MeshScale          Method              Actions
     0           1         30407.3             nan               1                                  
     0          28         23426.6             nan               1          Initial mesh            Initial points
     0          45         23132.7         1.00691               1        Successful poll           Train
     1          46         22134.8          1.0069               1      Successful search (ES-wcm)        
     1          51           21349         1.00689               1      Successful search (ES-wcm)        
     1          53         20561.2         1.00688               1      Successful search (ES-wcm)        
     1          56         20196.3        0.987067               1      Successful search (ES-wcm)        
     1          58         19468.9        0.987075               1      Successful search (ES-ell)        
     1          59         19225.8        0.987076               1      Successful search (ES-ell)        
     1          64         18540.8        0.987066               1      Successful search (ES-ell)        
     1          67         18454.9        0.987072               1      Successful search (ES-wcm)        
     1          69         18359.2        0.987063               1      Successful search (ES-wcm)        
     1          74         18358.5        0.986988               1      Incremental search (ES-ell)        
     1          75           18009        0.987054               1      Successful search (ES-ell)        
     1          76         17942.6        0.987049               1      Successful search (ES-ell)        
     1          79         17931.5        0.968951               1      Successful search (ES-ell)        
     1          81         17827.1        0.968951               1      Successful search (ES-ell)        
     1          83         17784.2        0.968952               1      Successful search (ES-ell)        
     1          85         17650.5        0.968952               1      Successful search (ES-ell)        
     1          89         17615.3        0.968945               1      Successful search (ES-ell)        
     1          93         17558.2        0.968887               1      Successful search (ES-ell)        
     1          95         17547.3        0.968952               1      Successful search (ES-ell)        
     1         101         17531.2         0.96892               1      Successful search (ES-ell)        
     1         110         17529.2        0.977549               1      Successful search (ES-ell)        
     1         113           17443        0.976835               1      Successful search (ES-ell)        
     1         115           17423        0.977223               1      Successful search (ES-ell)        
     1         127         17415.1        0.958238               1      Successful search (ES-ell)        
     1         160         17415.1        0.958238             0.5          Refine grid             Train
     2         177         17412.4        0.947346               1        Successful poll           Train
     3         207         17412.4        0.947346             0.5          Refine grid             Train
     4         239         17412.5         1.06684            0.25          Refine grid             Train
     5         242         17429.2         1.06744            0.25      Successful search (ES-ell)        
     5         286         17429.2         1.06744           0.125          Refine grid             
     6         321         17435.9        0.946727          0.0625          Refine grid             Train
     7         342         17450.9         1.19497           0.125        Successful poll           Train
     8         346           17406         1.19494           0.125      Successful search (ES-ell)        
     8         389           17406         1.19494          0.0625          Refine grid             Train
     9         391         17381.8         1.19379          0.0625      Successful search (ES-ell)        
     9         436           17288          5.5981           0.125        Successful poll           
    10         439         17410.3         19.9915           0.125      Successful search (ES-wcm)        
    10         440         17360.3         25.9904           0.125      Successful search (ES-wcm)        
    10         443         17357.9         12.7515           0.125      Successful search (ES-wcm)        
    10         444         17302.2          17.695           0.125      Successful search (ES-wcm)        
    10         445           17287         24.0184           0.125      Successful search (ES-wcm)        
    10         482           17287         24.0184          0.0625          Refine grid             Train
    11         483         17436.3         1.19495          0.0625      Successful search (ES-wcm)        
    11         491         17431.5         1.19128          0.0625      Successful search (ES-wcm)        
    11         503         17402.2         1.10278          0.0625      Successful search (ES-wcm)        
    11         541         17398.6          13.039           0.125        Successful poll           
    12         543         17414.3         25.8466           0.125      Successful search (ES-wcm)        
    12         549         17383.5         22.2849           0.125      Successful search (ES-ell)        
    12         588         17383.5         22.2849          0.0625          Refine grid             Train
    13         590         17432.9         1.19488          0.0625      Successful search (ES-ell)        
    13         602         17432.2          1.1939          0.0625      Successful search (ES-ell)        
    13         607           17422         1.18925          0.0625      Successful search (ES-ell)        
    13         611         17390.1         1.16322          0.0625      Successful search (ES-ell)        
    13         647         17390.1         1.16322         0.03125          Refine grid             Train
    14         648         17425.1         7.02497         0.03125      Successful search (ES-ell)        
    14         649         17408.7         12.5109         0.03125      Successful search (ES-wcm)        
    14         650         17408.4         19.5011         0.03125      Successful search (ES-wcm)        
    14         694         17408.4         19.5011        0.015625          Refine grid             Train
    15         729         17452.6        0.966407       0.0078125          Refine grid             Train
    16         765         17472.5         10.2975      0.00390625          Refine grid             Train
    17         766         17473.8         5.70667      0.00390625      Successful search (ES-wcm)        
    17         767         17471.6         5.92259      0.00390625      Successful search (ES-wcm)        
    17         768         17469.4         6.22358      0.00390625      Successful search (ES-wcm)        
    17         769         17466.1         6.87442      0.00390625      Successful search (ES-wcm)        
    17         770           17463         8.25865      0.00390625      Successful search (ES-wcm)        
    17         773         17461.8         9.12512      0.00390625      Successful search (ES-wcm)        
    17         775         17454.5         10.0204      0.00390625      Successful search (ES-wcm)        
    17         778         17449.1         9.08752      0.00390625      Successful search (ES-ell)        
    17         779         17444.3         9.22036      0.00390625      Successful search (ES-ell)        
    17         780           17435         10.0909      0.00390625      Successful search (ES-ell)        
    17         781         17434.8         10.0943      0.00390625      Successful search (ES-ell)        
    17         782         17434.4         10.3171      0.00390625      Successful search (ES-ell)        
    17         783         17430.8         10.8046      0.00390625      Successful search (ES-ell)        
    17         784         17423.3         11.5385      0.00390625      Successful search (ES-ell)        
    17         824         17423.3         11.5385      0.00195312          Refine grid             
    18         825         17435.1         5.80887      0.00195312      Successful search (ES-ell)        
    18         826           17434         5.80875      0.00195312      Successful search (ES-ell)        
    18         827           17433          5.8461      0.00195312      Successful search (ES-ell)        
    18         828         17432.1         6.31306      0.00195312      Successful search (ES-wcm)        
    18         829         17431.3         7.25037      0.00195312      Successful search (ES-wcm)        
    18         830           17431         8.95476      0.00195312      Successful search (ES-wcm)        
    18         871           17431         8.95476     0.000976562          Refine grid             
Optimization terminated: change in the function value less than options['tol_mesh']
Estimated function value at minimum: 17440.025033218037 ± 3.588613153976054 (mean ± SEM from 100 samples)
BADS minimum at: x_min = [1.78640e+00 8.83020e+00 8.14140e+00 1.83848e+01 5.54260e+00 2.34851e+01
 3.74300e-01 1.25200e-01 3.99310e+00 2.50000e-03 2.00000e+00 3.94300e-01], training NLL = 17440.025
total f-count: 971, time: 42.33 min

 ------- Finish Optimization for Subject 15 ---------- 

 ------- Start Optimization for Subject 20 ---------- 

 Cross Validation fold 0/1

 -- Start Optimization: method BADS --

 Optimization Run 1/1
Initial params: [1.5127, 8.2816, 10.8735, 13.2863, 3.2637, 25.4309, 0.3653, 14.4603, 0.1491, 0.949, 0.2168, 0.7864]
bads:TooCloseBounds: For each variable, hard and plausible bounds should not be too close. Moving plausible bounds.
Variables (index) internally transformed to log coordinates: [[ 0  0]
 [ 0  3]
 [ 0  7]
 [ 0  8]
 [ 0  9]
 [ 0 10]
 [ 0 11]]
Beginning optimization of a STOCHASTIC objective function

 Iteration    f-count      E[f(x)]        SD[f(x)]           MeshScale          Method              Actions
     0           1         30782.7             nan               1                                  
     0          28         27052.8             nan               1          Initial mesh            Initial points
     0          38         25283.7        0.994827               1        Successful poll           Train
     1          41         24378.8        0.994799               1      Successful search (ES-ell)        
     1          42         23358.2        0.994823               1      Successful search (ES-ell)        
     1          43         21805.1        0.994816               1      Successful search (ES-ell)        
     1          47         21077.6        0.994801               1      Successful search (ES-ell)        
     1          53         20941.3        0.994779               1      Successful search (ES-ell)        
     1          57         20916.8         0.98226               1      Successful search (ES-ell)        
     1          59         20311.8         0.98225               1      Successful search (ES-ell)        
     1          61         19683.6        0.982237               1      Successful search (ES-ell)        
     1          69         19611.7        0.981981               1      Successful search (ES-ell)        
     1          70         19559.6        0.982116               1      Successful search (ES-ell)        
     1          73         19437.7        0.981954               1      Successful search (ES-ell)        
     1          79         19151.5         1.04015               1      Successful search (ES-ell)        
     1          84         19121.7         1.04003               1      Successful search (ES-ell)        
     1          89         19120.8         1.04015               1      Incremental search (ES-ell)        
     1          92         19061.3         1.04014               1      Successful search (ES-ell)        
     1          94         18855.6         1.04013               1      Successful search (ES-ell)        
     1          99         18463.7         1.04016               1      Successful search (ES-ell)        
     1         106         18411.1         0.97915               1      Successful search (ES-ell)        
     1         107         18362.2        0.979165               1      Successful search (ES-ell)        
     1         108         18226.7        0.979173               1      Successful search (ES-ell)        
     1         110           18212        0.979176               1      Successful search (ES-ell)        
     1         114         18003.8        0.979178               1      Successful search (ES-wcm)        
     1         116         17933.5        0.979176               1      Successful search (ES-ell)        
     1         120         17800.1        0.979149               1      Successful search (ES-ell)        
     1         121         17765.4        0.979168               1      Successful search (ES-ell)        
     1         126         17731.4        0.979164               1      Successful search (ES-ell)        
     1         130         17665.6        0.985303               1      Successful search (ES-ell)        
     1         134         17603.1        0.984781               1      Successful search (ES-ell)        
     1         163         17603.1        0.984781             0.5          Refine grid             Train
     2         165         17634.6         22.2116             0.5      Successful search (ES-ell)        
     2         170         17603.3         17.4976             0.5      Successful search (ES-ell)        
     2         171           17599         23.6583             0.5      Successful search (ES-wcm)        
     2         174         17597.2         22.9723             0.5      Successful search (ES-wcm)        
     2         183         17586.1         15.9372             0.5      Successful search (ES-wcm)        
     2         184         17567.4         16.5247             0.5      Successful search (ES-wcm)        
     2         191         17529.9          21.988             0.5      Successful search (ES-ell)        
     2         193         17495.6         20.3966             0.5      Successful search (ES-ell)        
     2         198         17450.9         15.9622             0.5      Successful search (ES-ell)        
     2         204         17423.2         18.0451             0.5      Successful search (ES-ell)        
     2         206         17407.5         19.0232             0.5      Successful search (ES-ell)        
     2         243         17407.5         19.0232            0.25          Refine grid             Train
     3         245         17420.6         23.3707            0.25      Successful search (ES-ell)        
     3         248         17411.2         18.7399            0.25      Successful search (ES-ell)        
     3         257         17395.7         14.7027            0.25      Successful search (ES-ell)        
     3         259         17389.1         20.5275            0.25      Successful search (ES-ell)        
     3         263         17386.8           14.05            0.25      Successful search (ES-ell)        
     3         301         17386.8           14.05           0.125          Refine grid             Train
     4         302         17389.9         10.0292           0.125      Successful search (ES-wcm)        
     4         348         17388.1         6.99439            0.25        Successful poll           
     5         349         17370.3         22.0229            0.25      Successful search (ES-ell)        
     5         393         17370.3         22.0229           0.125          Refine grid             
     6         394         17384.2         12.3568           0.125      Successful search (ES-ell)        
     6         397         17374.4         11.5572           0.125      Successful search (ES-ell)        
     6         400         17370.5         11.8166           0.125      Successful search (ES-ell)        
     6         409         17366.9         9.99173           0.125      Successful search (ES-ell)        
     6         410         17364.5         14.5298           0.125      Successful search (ES-wcm)        
     6         424         17217.3          9.3994           0.125      Successful search (ES-ell)        
     6         425         17016.3         10.2001           0.125      Successful search (ES-ell)        
     6         426         16997.2          11.295           0.125      Successful search (ES-wcm)        
     6         427           16733         12.8563           0.125      Successful search (ES-ell)        
     6         428         16584.9         16.4365           0.125      Successful search (ES-ell)        
     6         465         16584.9         16.4365          0.0625          Refine grid             
     7         501         17387.8         5.38648        0.015625          Refine grid             Train
     8         502         17391.5         5.81073        0.015625      Successful search (ES-ell)        
     8         503         17387.8         6.19563        0.015625      Successful search (ES-ell)        
     8         504         17386.5         7.96328        0.015625      Successful search (ES-ell)        
     8         505         17385.7         11.4176        0.015625      Successful search (ES-ell)        
     8         507         17377.6         12.2734        0.015625      Successful search (ES-ell)        
     8         549         17377.6         12.2734       0.0078125          Refine grid             Train
     9         550         17389.6         6.18074       0.0078125      Successful search (ES-wcm)        
     9         551         17387.5         6.11264       0.0078125      Successful search (ES-wcm)        
     9         552         17384.5         6.91212       0.0078125      Successful search (ES-ell)        
     9         553         17381.7         8.31873       0.0078125      Successful search (ES-ell)        
     9         554         17375.5         10.1315       0.0078125      Successful search (ES-ell)        
     9         555         17367.9         14.4814       0.0078125      Successful search (ES-ell)        
     9         556         17362.5         18.7849       0.0078125      Successful search (ES-ell)        
     9         597         17362.5         18.7849      0.00390625          Refine grid             
    10         598         17387.3         7.20718      0.00390625      Successful search (ES-ell)        
    10         599         17384.5         7.29477      0.00390625      Successful search (ES-ell)        
    10         600         17382.5         7.13247      0.00390625      Successful search (ES-wcm)        
    10         601         17382.3         7.33765      0.00390625      Successful search (ES-wcm)        
    10         622         17353.5         18.0397       0.0078125        Successful poll           
    11         623         17385.8         5.92396       0.0078125      Successful search (ES-ell)        
    11         624         17383.1         6.66087       0.0078125      Successful search (ES-ell)        
    11         625         17375.8         7.92578       0.0078125      Successful search (ES-ell)        
    11         626         17365.7          11.258       0.0078125      Successful search (ES-ell)        
    11         627         17354.1         15.7627       0.0078125      Successful search (ES-ell)        
    11         670         17354.1         15.7627      0.00390625          Refine grid             Train
    12         671           17385         5.79711      0.00390625      Successful search (ES-wcm)        
    12         672         17383.5         5.91997      0.00390625      Successful search (ES-wcm)        
    12         673         17381.7         6.67274      0.00390625      Successful search (ES-ell)        
    12         718         17374.9         6.11288       0.0078125        Successful poll           
    13         719         17378.5          7.6808       0.0078125      Successful search (ES-wcm)        
    13         720         17374.9         10.3271       0.0078125      Successful search (ES-wcm)        
    13         766         17374.9         10.3271      0.00390625          Refine grid             
    14         767         17380.7         4.68164      0.00390625      Successful search (ES-wcm)        
    14         768         17377.3         5.60099      0.00390625      Successful search (ES-ell)        
    14         769         17373.7         7.52934      0.00390625      Successful search (ES-ell)        
    14         770         17363.3         10.0348      0.00390625      Successful search (ES-ell)        
    14         771         17354.1         14.7718      0.00390625      Successful search (ES-ell)        
    14         814         17354.1         14.7718      0.00195312          Refine grid             
    15         815         17367.6         5.11278      0.00195312      Successful search (ES-ell)        
    15         816         17364.4         5.58284      0.00195312      Successful search (ES-ell)        
    15         817         17363.3         6.09258      0.00195312      Successful search (ES-ell)        
    15         820         17362.5          6.4706      0.00195312      Successful search (ES-ell)        
    15         821         17359.8         7.07352      0.00195312      Successful search (ES-ell)        
    15         822           17359         7.85459      0.00195312      Successful search (ES-ell)        
    15         823         17353.6         8.88454      0.00195312      Successful search (ES-ell)        
    15         862         17353.6         8.88454     0.000976562          Refine grid             Train
Optimization terminated: change in the function value less than options['tol_mesh']
Estimated function value at minimum: 17380.959706388934 ± 4.35270778033925 (mean ± SEM from 100 samples)
BADS minimum at: x_min = [1.41900e+00 2.97420e+00 4.80280e+00 3.62530e+00 2.34020e+00 4.00141e+01
 4.18600e-01 6.29000e-02 4.98270e+00 1.93000e-02 1.13270e+00 1.94900e-01], training NLL = 17380.9597
total f-count: 962, time: 42.08 min

 ------- Finish Optimization for Subject 20 ---------- 

 ------- Start Optimization for Subject 25 ---------- 

 Cross Validation fold 0/1

 -- Start Optimization: method BADS --

 Optimization Run 1/1
Initial params: [1.0542, 2.7678, 14.0152, 18.0377, -0.2595, 24.6291, 0.389, 29.9718, 2.1756, 0.7605, 0.534, 0.0659]
bads:TooCloseBounds: For each variable, hard and plausible bounds should not be too close. Moving plausible bounds.
Variables (index) internally transformed to log coordinates: [[ 0  0]
 [ 0  3]
 [ 0  7]
 [ 0  8]
 [ 0  9]
 [ 0 10]
 [ 0 11]]
Beginning optimization of a STOCHASTIC objective function

 Iteration    f-count      E[f(x)]        SD[f(x)]           MeshScale          Method              Actions
     0           1         30894.2             nan               1                                  
     0          28         26470.2             nan               1          Initial mesh            Initial points
     0          44         26434.4         0.99998               1        Successful poll           Train
     1          49         26393.1         0.99991               1      Successful search (ES-wcm)        
     1          51         26391.2        0.999923               1      Successful search (ES-wcm)        
     1          52         26347.7        0.999939               1      Successful search (ES-wcm)        
     1          54         25854.4         1.05106               1      Successful search (ES-wcm)        
     1          55         25381.2         1.05107               1      Successful search (ES-wcm)        
     1          56         24942.9         1.05107               1      Successful search (ES-wcm)        
     1          57         23740.3         1.05107               1      Successful search (ES-wcm)        
     1          58         23078.8         1.05107               1      Successful search (ES-wcm)        
     1          59         22757.2         1.05107               1      Successful search (ES-wcm)        
     1          65         22754.8         1.05106               1      Successful search (ES-wcm)        
     1          69         22644.2         1.05098               1      Successful search (ES-wcm)        
     1          76         22616.4         1.04971               1      Successful search (ES-wcm)        
     1          78         22503.3         1.04897               1      Successful search (ES-wcm)        
     1          79           22422         1.12565               1      Successful search (ES-wcm)        
     1          84         22367.7         1.12554               1      Successful search (ES-wcm)        
     1          86         22198.4          1.1255               1      Successful search (ES-wcm)        
     1          92         22004.8         1.12425               1      Successful search (ES-wcm)        
     1         121         22004.8         1.12425             0.5          Refine grid             Train
     2         122         21975.6           1.107             0.5      Successful search (ES-wcm)        
     2         126         21906.1           1.107             0.5      Successful search (ES-wcm)        
     2         129           21835         40.5875             0.5      Successful search (ES-ell)        
     2         130         21476.1         45.5335             0.5      Successful search (ES-ell)        
     2         131         21341.5         46.3067             0.5      Successful search (ES-ell)        
     2         132         21226.2         48.7996             0.5      Successful search (ES-ell)        
     2         133         21163.9         50.8337             0.5      Successful search (ES-ell)        
     2         135           21157         47.3839             0.5      Successful search (ES-ell)        
     2         136         21145.7         48.9661             0.5      Successful search (ES-ell)        
     2         139           21124         45.8831             0.5      Successful search (ES-ell)        
     2         147         21087.1         38.1511             0.5      Successful search (ES-ell)        
     2         158           21014         35.2256             0.5      Successful search (ES-ell)        
     2         160         20938.5         44.2076             0.5      Successful search (ES-ell)        
     2         162         20925.8         44.5201             0.5      Successful search (ES-ell)        
     2         163           20914         46.5539             0.5      Successful search (ES-ell)        
     2         164         20849.2         47.9806             0.5      Successful search (ES-ell)        
     2         200         20821.2         50.8903               1        Successful poll           
     3         204           20775         35.2862               1      Successful search (ES-ell)        
     3         205         20694.4         36.4313               1      Successful search (ES-ell)        
     3         240         20694.4         36.4313             0.5          Refine grid             Train
     4         241           20751         28.8378             0.5      Successful search (ES-ell)        
     4         245         20749.7         23.1037             0.5      Successful search (ES-ell)        
     4         284         20748.8          49.709               1        Successful poll           
     5         285         20619.6         48.2619               1      Successful search (ES-ell)        
     5         288         20495.7         45.8118               1      Successful search (ES-ell)        
     5         289         20299.8         51.8645               1      Successful search (ES-wcm)        
     5         290         20187.3         50.7603               1      Successful search (ES-ell)        
     5         323         20187.3         50.7603             0.5          Refine grid             
     6         324         20138.1         39.8155             0.5      Successful search (ES-wcm)        
     6         327         20082.5         43.7954             0.5      Successful search (ES-wcm)        
     6         329         20038.5         42.7716             0.5      Successful search (ES-wcm)        
     6         330         20031.3         53.4185             0.5      Successful search (ES-wcm)        
     6         333         20022.3         47.4838             0.5      Successful search (ES-wcm)        
     6         335         19981.3         42.9347             0.5      Successful search (ES-wcm)        
     6         365         19981.3         42.9347            0.25          Refine grid             Train
     7         367         20027.7         29.8293            0.25      Successful search (ES-wcm)        
     7         368         20014.6          36.247            0.25      Successful search (ES-wcm)        
     7         379         20011.4         14.6539            0.25      Successful search (ES-wcm)        
     7         381         20007.7         23.6691            0.25      Successful search (ES-wcm)        
     7         382         19996.5         29.5335            0.25      Successful search (ES-wcm)        
     7         385         19996.5          23.188            0.25      Incremental search (ES-ell)        
     7         387         19992.3         23.1378            0.25      Successful search (ES-wcm)        
     7         421         19991.7         13.1017             0.5        Successful poll           
     8         423         19989.6         34.3132             0.5      Successful search (ES-wcm)        
     8         424           19976         34.7524             0.5      Successful search (ES-ell)        
     8         426         19950.3         29.5866             0.5      Successful search (ES-ell)        
     8         428         19946.7         35.7485             0.5      Successful search (ES-ell)        
     8         430           19930         29.6427             0.5      Successful search (ES-ell)        
     8         432         19895.9         32.9683             0.5      Successful search (ES-ell)        
     8         433         19833.4         37.6751             0.5      Successful search (ES-ell)        
     8         435         19829.2          31.086             0.5      Successful search (ES-ell)        
     8         474         19829.2          31.086            0.25          Refine grid             
     9         475         19874.4         15.2612            0.25      Successful search (ES-wcm)        
     9         476         19812.9         32.8981            0.25      Successful search (ES-wcm)        
     9         484         19726.3         27.8582            0.25      Successful search (ES-ell)        
     9         485         19692.1         30.2834            0.25      Successful search (ES-wcm)        
     9         486         19650.5         38.8735            0.25      Successful search (ES-ell)        
     9         517         19650.5         38.8735           0.125          Refine grid             
    10         518           19681         19.5582           0.125      Successful search (ES-ell)        
    10         519         19656.4          37.176           0.125      Successful search (ES-ell)        
    10         561         19656.4          37.176          0.0625          Refine grid             Train
    11         562         19722.9         14.7699          0.0625      Successful search (ES-ell)        
    11         563         19721.2         22.2626          0.0625      Successful search (ES-ell)        
    11         564         19707.3         30.7538          0.0625      Successful search (ES-ell)        
    11         565         19703.2         38.2859          0.0625      Successful search (ES-ell)        
    11         567         19701.6         31.3408          0.0625      Successful search (ES-ell)        
    11         569         19697.9         33.7426          0.0625      Successful search (ES-ell)        
    11         603           19656         31.4786           0.125        Successful poll           
    12         604         19610.6         40.2433           0.125      Successful search (ES-wcm)        
    12         649         19610.6         40.2433          0.0625          Refine grid             
    13         650           19653         17.6563          0.0625      Successful search (ES-wcm)        
    13         696         19637.3         24.2577           0.125        Successful poll           
    14         730         19659.2         23.5354          0.0625          Refine grid             Train
    15         731         19667.6         10.2498          0.0625      Successful search (ES-ell)        
    15         732         19654.8         12.8075          0.0625      Successful search (ES-ell)        
    15         733         19619.9         18.8095          0.0625      Successful search (ES-ell)        
    15         734         19611.4         49.6082          0.0625      Successful search (ES-wcm)        
    15         777         19611.4         49.6082         0.03125          Refine grid             
    16         778         19661.2         9.30876         0.03125      Successful search (ES-wcm)        
    16         779         19643.1         12.6366         0.03125      Successful search (ES-wcm)        
    16         781         19642.1         19.6299         0.03125      Successful search (ES-wcm)        
    16         784         19637.2         20.2219         0.03125      Successful search (ES-wcm)        
    16         824         19637.2         20.2219        0.015625          Refine grid             Train
    17         825         19635.3         8.94455        0.015625      Successful search (ES-wcm)        
    17         826         19621.1         9.44245        0.015625      Successful search (ES-wcm)        
    17         827           19611         10.8367        0.015625      Successful search (ES-wcm)        
    17         828         19590.1         12.1707        0.015625      Successful search (ES-wcm)        
    17         829         19546.8         16.1142        0.015625      Successful search (ES-ell)        
    17         830         19508.8         22.1123        0.015625      Successful search (ES-ell)        
    17         871         19508.8         22.1123       0.0078125          Refine grid             
    18         872         19659.3         8.98101       0.0078125      Successful search (ES-ell)        
    18         873         19644.3         9.35784       0.0078125      Successful search (ES-ell)        
    18         874         19622.5         10.1782       0.0078125      Successful search (ES-ell)        
    18         918         19622.5         10.1782      0.00390625          Refine grid             
    19         919         19657.1         7.73622      0.00390625      Successful search (ES-ell)        
    19         920         19651.7         7.94007      0.00390625      Successful search (ES-ell)        
    19         921         19642.9         8.36916      0.00390625      Successful search (ES-ell)        
    19         922         19639.1         8.76972      0.00390625      Successful search (ES-wcm)        
    19         923         19636.9         9.84124      0.00390625      Successful search (ES-ell)        
    19         924         19632.8         12.5104      0.00390625      Successful search (ES-ell)        
    19         925         19617.5         16.4542      0.00390625      Successful search (ES-ell)        
    19         965         19617.5         16.4542      0.00195312          Refine grid             
    20         966         19667.2         7.26021      0.00195312      Successful search (ES-wcm)        
    20         967         19666.6         7.45797      0.00195312      Successful search (ES-wcm)        
    20         968         19664.9         7.87007      0.00195312      Successful search (ES-wcm)        
    20         969         19661.4          8.1825      0.00195312      Successful search (ES-ell)        
    20         970         19657.8         9.25165      0.00195312      Successful search (ES-ell)        
    20         971         19652.5         11.0577      0.00195312      Successful search (ES-ell)        
    20         973         19650.7         12.7701      0.00195312      Successful search (ES-wcm)        
    20         974         19643.6         15.3814      0.00195312      Successful search (ES-wcm)        
    20         975         19636.7         19.8071      0.00195312      Successful search (ES-wcm)        
    20        1012         19636.7         19.8071     0.000976562          Refine grid             Train
Optimization terminated: change in the function value less than options['tol_mesh']
Estimated function value at minimum: 19663.61585696447 ± 5.444533376094272 (mean ± SEM from 100 samples)
BADS minimum at: x_min = [2.0681 5.1805 5.2807 3.7108 1.7954 6.0115 0.5129 0.5074 0.     0.
 1.9978 0.4181], training NLL = 19663.6159
total f-count: 1112, time: 48.55 min

 ------- Finish Optimization for Subject 25 ---------- 
