device is : cuda
['base', '6', 'all', 'bads', '1']

 ------- Start Optimization for Subject 2 ---------- 

 Cross Validation fold 0/1

 -- Start Optimization: method BADS --

 Optimization Run 1/1
Initial params: [1.6893, 5.5244, 2.657, 18.7026, 0.4794, 12.1349, 0.538, 28.2732, 1.7724, 0.0791, 0.0666, 0.2242]
bads:TooCloseBounds: For each variable, hard and plausible bounds should not be too close. Moving plausible bounds.
Variables (index) internally transformed to log coordinates: [[ 0  0]
 [ 0  3]
 [ 0  7]
 [ 0  8]
 [ 0  9]
 [ 0 10]
 [ 0 11]]
Beginning optimization of a STOCHASTIC objective function

 Iteration    f-count      E[f(x)]        SD[f(x)]           MeshScale          Method              Actions
     0           1         31806.7             nan               1                                  
     0          28         26783.1             nan               1          Initial mesh            Initial points
     0          41         25551.9        0.999974               1        Successful poll           Train
     1          45         25452.4        0.999924               1      Successful search (ES-wcm)        
     1          46         25045.3        0.999954               1      Successful search (ES-wcm)        
     1          48         24030.7        0.999957               1      Successful search (ES-wcm)        
     1          51         23961.8        0.999892               1      Successful search (ES-wcm)        
     1          53         23893.4        0.999934               1      Successful search (ES-ell)        
     1          56         23576.4          1.0498               1      Successful search (ES-wcm)        
     1          58         23575.9          1.0498               1      Incremental search (ES-wcm)        
     1          59         22776.6          1.0498               1      Successful search (ES-wcm)        
     1          60         22735.4          1.0498               1      Successful search (ES-wcm)        
     1          65         22642.3          1.0498               1      Successful search (ES-wcm)        
     1          69           22437         1.04979               1      Successful search (ES-wcm)        
     1          72         22427.8         1.04976               1      Successful search (ES-wcm)        
     1          74         22372.9         1.04964               1      Successful search (ES-wcm)        
     1          77         22358.1         1.04928               1      Successful search (ES-wcm)        
     1          83         22182.9         1.00192               1      Successful search (ES-wcm)        
     1          85         22110.3         1.00192               1      Successful search (ES-wcm)        
     1          86         21744.8         1.00192               1      Successful search (ES-ell)        
     1          89         21699.5         1.00188               1      Successful search (ES-ell)        
     1          92         21540.9         1.00193               1      Successful search (ES-ell)        
     1          94         21534.8         1.00194               1      Successful search (ES-ell)        
     1          97         21290.5         1.00192               1      Successful search (ES-wcm)        
     1         105         21236.2         1.00183               1      Successful search (ES-wcm)        
     1         111         21222.5          1.0017               1      Successful search (ES-wcm)        
     1         113         21195.6         1.00143               1      Successful search (ES-wcm)        
     1         114         21169.4         1.00185               1      Successful search (ES-ell)        
     1         120         21143.9         1.00185               1      Successful search (ES-wcm)        
     1         121         21045.4         1.00183               1      Successful search (ES-wcm)        
     1         131         20958.1         1.00843               1      Successful search (ES-wcm)        
     1         154         20951.1         1.00842               1        Successful poll           Train
     2         181         20951.1        0.999481             0.5          Refine grid             Train
     3         184         21020.2         38.6092             0.5      Successful search (ES-wcm)        
     3         187         20989.2         45.1649             0.5      Successful search (ES-wcm)        
     3         191           20984         32.3372             0.5      Successful search (ES-wcm)        
     3         219         20572.4         58.8534               1        Successful poll           
     4         222         20514.1         63.3765               1      Successful search (ES-wcm)        
     4         223         20280.5         63.0427               1      Successful search (ES-ell)        
     4         225         20276.8         65.4817               1      Successful search (ES-ell)        
     4         229         20135.2         57.6225               1      Successful search (ES-ell)        
     4         230         19988.7         65.5236               1      Successful search (ES-wcm)        
     4         236           19970         47.2841               1      Successful search (ES-wcm)        
     4         241         19872.2         44.0348               1      Successful search (ES-wcm)        
     4         269         19872.2         44.0348             0.5          Refine grid             
     5         272         19958.8         28.0268             0.5      Successful search (ES-wcm)        
     5         273           19881         31.9211             0.5      Successful search (ES-wcm)        
     5         312         19227.1         47.3349               1        Successful poll           Train
     6         340         19213.2         47.2622             0.5          Refine grid             Train
     7         367         19960.4         12.9701               1        Successful poll           Train
     8         371         19895.5         35.5349               1      Successful search (ES-ell)        
     8         372         19864.3         51.9562               1      Successful search (ES-ell)        
     8         377         19743.2         48.4799               1      Successful search (ES-ell)        
     8         408         19743.2         48.4799             0.5          Refine grid             Train
     9         411         19744.9         55.6954             0.5      Successful search (ES-ell)        
     9         414         19712.9         51.5499             0.5      Successful search (ES-ell)        
     9         416           19526         53.8794             0.5      Successful search (ES-wcm)        
     9         417         19347.8         57.1683             0.5      Successful search (ES-ell)        
     9         418         19275.6         59.0019             0.5      Successful search (ES-ell)        
     9         420         19201.7         58.3188             0.5      Successful search (ES-ell)        
     9         426         19188.5           46.64             0.5      Successful search (ES-ell)        
     9         464         19188.5           46.64            0.25          Refine grid             Train
    10         467         19295.3         36.9365            0.25      Successful search (ES-wcm)        
    10         468         19292.1         53.7106            0.25      Successful search (ES-wcm)        
    10         470         19239.5          47.968            0.25      Successful search (ES-wcm)        
    10         472         19201.4         47.7078            0.25      Successful search (ES-wcm)        
    10         473         19135.3         55.6767            0.25      Successful search (ES-wcm)        
    10         478         19133.2         52.4535            0.25      Successful search (ES-wcm)        
    10         490         19110.3         31.8628            0.25      Successful search (ES-wcm)        
    10         506         19106.7         19.8537            0.25      Successful search (ES-wcm)        
    10         507         19102.6         25.7372            0.25      Successful search (ES-wcm)        
    10         508         19088.3          31.716            0.25      Successful search (ES-wcm)        
    10         518         19081.7         22.3378            0.25      Successful search (ES-ell)        
    10         519         19051.5         28.6185            0.25      Successful search (ES-ell)        
    10         559         19051.5         28.6185           0.125          Refine grid             
    11         560         19018.9          27.214           0.125      Successful search (ES-wcm)        
    11         562         19016.5         26.7897           0.125      Successful search (ES-wcm)        
    11         606         19016.5         26.7897          0.0625          Refine grid             
    12         607         19037.4         14.0632          0.0625      Successful search (ES-wcm)        
    12         611         19035.6         12.2917          0.0625      Successful search (ES-wcm)        
    12         612         19030.9         17.9364          0.0625      Successful search (ES-wcm)        
    12         653         19030.9         17.9364         0.03125          Refine grid             Train
    13         654         19057.1         10.9967         0.03125      Successful search (ES-wcm)        
    13         655           19049         14.7051         0.03125      Successful search (ES-wcm)        
    13         657         19039.4         17.8394         0.03125      Successful search (ES-wcm)        
    13         658         19035.3         24.9741         0.03125      Successful search (ES-ell)        
    13         700         19035.3         24.9741        0.015625          Refine grid             Train
    14         701         19065.5         7.41122        0.015625      Successful search (ES-ell)        
    14         702         19055.1          8.0802        0.015625      Successful search (ES-ell)        
    14         703           19048         11.0368        0.015625      Successful search (ES-ell)        
    14         704         19041.6         13.5805        0.015625      Successful search (ES-wcm)        
    14         706         19038.1         15.9889        0.015625      Successful search (ES-ell)        
    14         747         19038.1         15.9889       0.0078125          Refine grid             
    15         748           19055         7.21715       0.0078125      Successful search (ES-ell)        
    15         749           19053         8.10803       0.0078125      Successful search (ES-ell)        
    15         750         19051.9         9.36511       0.0078125      Successful search (ES-ell)        
    15         751         19046.2         11.6001       0.0078125      Successful search (ES-ell)        
    15         752         19041.7         14.5185       0.0078125      Successful search (ES-ell)        
    15         753         19029.8         19.1236       0.0078125      Successful search (ES-ell)        
    15         762         19015.3         12.4918       0.0078125      Successful search (ES-ell)        
    15         764         19011.5         11.8326       0.0078125      Successful search (ES-ell)        
    15         765         18999.6         11.3311       0.0078125      Successful search (ES-ell)        
    15         766         18981.6         11.4248       0.0078125      Successful search (ES-ell)        
    15         767         18951.7         11.5714       0.0078125      Successful search (ES-ell)        
    15         768         18938.9         13.2494       0.0078125      Successful search (ES-wcm)        
    15         806         18938.9         13.2494      0.00390625          Refine grid             
    16         807           19056         6.56148      0.00390625      Successful search (ES-wcm)        
    16         808           19055         6.35078      0.00390625      Successful search (ES-wcm)        
    16         809         19052.5         6.00631      0.00390625      Successful search (ES-wcm)        
    16         810         19050.4         6.06222      0.00390625      Successful search (ES-wcm)        
    16         811         19050.1         6.40108      0.00390625      Successful search (ES-wcm)        
    16         853         19050.1         6.40108      0.00195312          Refine grid             
    17         854         19062.7         4.45341      0.00195312      Successful search (ES-ell)        
    17         855         19061.6         4.57796      0.00195312      Successful search (ES-ell)        
    17         856         19061.5         4.71249      0.00195312      Successful search (ES-ell)        
    17         857         19060.6         4.99327      0.00195312      Successful search (ES-wcm)        
    17         858         19060.2         5.39805      0.00195312      Successful search (ES-wcm)        
    17         859           19059         6.16387      0.00195312      Successful search (ES-wcm)        
    17         860         19058.6         7.46396      0.00195312      Successful search (ES-wcm)        
    17         861         19057.7         9.46308      0.00195312      Successful search (ES-wcm)        
    17         862         19056.8         11.2905      0.00195312      Successful search (ES-ell)        
    17         900         19056.8         11.2905     0.000976562          Refine grid             Train
Optimization terminated: change in the function value less than options['tol_mesh']
Estimated function value at minimum: 19059.8856031202 ± 4.947673322734557 (mean ± SEM from 100 samples)
BADS minimum at: x_min = [1.7699 6.6752 5.3252 4.7278 2.6323 8.6797 0.4831 0.2068 2.6523 0.0651
 2.     0.2336], training NLL = 19059.8856
total f-count: 1000, time: 45.52 min

 ------- Finish Optimization for Subject 2 ---------- 

 ------- Start Optimization for Subject 3 ---------- 

 Cross Validation fold 0/1

 -- Start Optimization: method BADS --

 Optimization Run 1/1
Initial params: [1.0221, 6.8276, 10.2764, 19.0854, 3.7708, 21.7532, 0.5604, 37.5962, 2.0983, 0.3907, 0.7497, 0.0333]
bads:TooCloseBounds: For each variable, hard and plausible bounds should not be too close. Moving plausible bounds.
Variables (index) internally transformed to log coordinates: [[ 0  0]
 [ 0  3]
 [ 0  7]
 [ 0  8]
 [ 0  9]
 [ 0 10]
 [ 0 11]]
Beginning optimization of a STOCHASTIC objective function

 Iteration    f-count      E[f(x)]        SD[f(x)]           MeshScale          Method              Actions
     0           1         30969.8             nan               1                                  
     0          28         26774.7             nan               1          Initial mesh            Initial points
     0          41         25808.7        0.969526               1        Successful poll           Train
     1          42         23589.4         0.96953               1      Successful search (ES-wcm)        
     1          47         23289.4        0.969475               1      Successful search (ES-wcm)        
     1          49         22770.2        0.969451               1      Successful search (ES-wcm)        
     1          50         22091.7         0.96947               1      Successful search (ES-wcm)        
     1          51         20892.3        0.969522               1      Successful search (ES-ell)        
     1          56         20754.6         1.00809               1      Successful search (ES-wcm)        
     1          72           20754         1.00209               1      Incremental search (ES-ell)        
     1          77         20686.6        0.989185               1      Successful search (ES-ell)        
     1          80         20560.5         1.04081               1      Successful search (ES-ell)        
     1          85         20553.2         1.04073               1      Successful search (ES-ell)        
     1          86         20478.8         1.04073               1      Successful search (ES-ell)        
     1          90           20109         1.04081               1      Successful search (ES-ell)        
     1          96         20092.6         1.04075               1      Successful search (ES-ell)        
     1          98         19993.3         1.04066               1      Successful search (ES-ell)        
     1         101         19708.7         1.04061               1      Successful search (ES-ell)        
     1         103         19571.2          1.0408               1      Successful search (ES-ell)        
     1         108         19276.1         1.03671               1      Successful search (ES-ell)        
     1         112         19215.9         1.03664               1      Successful search (ES-ell)        
     1         120         19035.7         1.03653               1      Successful search (ES-ell)        
     1         121         18985.6         1.03662               1      Successful search (ES-ell)        
     1         122         18954.3          1.0367               1      Successful search (ES-ell)        
     1         123         18784.6          1.0367               1      Successful search (ES-ell)        
     1         153         18464.5         1.02968               1        Successful poll           
     2         156         18381.6        0.971806               1      Successful search (ES-ell)        
     2         160           18378        0.971797               1      Successful search (ES-ell)        
     2         163         18364.8        0.971788               1      Successful search (ES-ell)        
     2         194         18364.8        0.971788             0.5          Refine grid             Train
     3         196           18326         44.7156             0.5      Successful search (ES-ell)        
     3         208         18196.4         45.3046             0.5      Successful search (ES-wcm)        
     3         211           18158          45.689             0.5      Successful search (ES-wcm)        
     3         213         18111.3         44.1377             0.5      Successful search (ES-wcm)        
     3         216         18052.1         41.7656             0.5      Successful search (ES-wcm)        
     3         217         17985.8         45.2045             0.5      Successful search (ES-wcm)        
     3         220         17965.6         47.0088             0.5      Successful search (ES-wcm)        
     3         225         17953.6         38.1116             0.5      Successful search (ES-wcm)        
     3         230         17941.2         31.4911             0.5      Successful search (ES-ell)        
     3         235         17891.1          31.537             0.5      Successful search (ES-ell)        
     3         244         17860.7         42.6242             0.5      Successful search (ES-wcm)        
     3         248         17854.1          37.108             0.5      Successful search (ES-ell)        
     3         251         17853.5         33.5138             0.5      Successful search (ES-wcm)        
     3         259         17841.5         27.0198             0.5      Successful search (ES-wcm)        
     3         260         17837.5         39.7935             0.5      Successful search (ES-wcm)        
     3         270         17829.2         29.9321             0.5      Successful search (ES-ell)        
     3         275           17829         20.2556             0.5      Incremental search (ES-ell)        
     3         281           17821         26.2517             0.5      Successful search (ES-ell)        
     3         284         17805.7          26.964             0.5      Successful search (ES-ell)        
     3         287         17787.4         25.2813             0.5      Successful search (ES-wcm)        
     3         288         17774.2         32.9919             0.5      Successful search (ES-wcm)        
     3         289         17773.7         40.2219             0.5      Successful search (ES-wcm)        
     3         294         17747.5         31.9796             0.5      Successful search (ES-wcm)        
     3         332         17747.5         31.9796            0.25          Refine grid             
     4         333         17769.3         14.6944            0.25      Successful search (ES-wcm)        
     4         335         17759.8         24.1982            0.25      Successful search (ES-wcm)        
     4         339         17728.9         21.8902            0.25      Successful search (ES-ell)        
     4         362         17707.4          37.896             0.5        Successful poll           Train
     5         392         17695.1         36.1367            0.25          Refine grid             Train
     6         393         17731.9         30.1534            0.25      Successful search (ES-wcm)        
     6         407         17722.2         19.2306            0.25      Successful search (ES-ell)        
     6         420         17708.8         17.2428            0.25      Successful search (ES-ell)        
     6         422         17700.5         19.9321            0.25      Successful search (ES-ell)        
     6         425         17699.7         14.8648            0.25      Successful search (ES-ell)        
     6         426         17689.9         17.8957            0.25      Successful search (ES-ell)        
     6         432         17688.4           15.49            0.25      Successful search (ES-ell)        
     6         472         17688.4           15.49           0.125          Refine grid             
     7         473         17666.5         10.3882           0.125      Successful search (ES-ell)        
     7         474         17614.4         13.7936           0.125      Successful search (ES-ell)        
     7         485         17378.3         14.1644           0.125      Successful search (ES-ell)        
     7         529         17378.3         14.1644          0.0625          Refine grid             Train
     8         530         17717.2         6.77238          0.0625      Successful search (ES-ell)        
     8         531         17688.4         8.14222          0.0625      Successful search (ES-ell)        
     8         532         17658.7         12.5741          0.0625      Successful search (ES-ell)        
     8         533         17632.6         17.3567          0.0625      Successful search (ES-ell)        
     8         577         17632.6         17.3567         0.03125          Refine grid             
     9         578         17670.5          5.7235         0.03125      Successful search (ES-ell)        
     9         602         17587.5         7.07127          0.0625        Successful poll           
    10         603         17494.1         11.6215          0.0625      Successful search (ES-ell)        
    10         649         17494.1         11.6215         0.03125          Refine grid             
    11         650         17681.5         5.39297         0.03125      Successful search (ES-ell)        
    11         651           17674         8.30032         0.03125      Successful search (ES-ell)        
    11         652         17649.1         11.3053         0.03125      Successful search (ES-ell)        
    11         653         17632.5         18.6891         0.03125      Successful search (ES-ell)        
    11         655         17630.1         18.8137         0.03125      Successful search (ES-ell)        
    11         656         17617.3         20.0671         0.03125      Successful search (ES-ell)        
    11         695         17617.3         20.0671        0.015625          Refine grid             
    12         696         17682.6         4.88996        0.015625      Successful search (ES-ell)        
    12         697         17679.6         5.19659        0.015625      Successful search (ES-ell)        
    12         698         17676.1         5.92136        0.015625      Successful search (ES-ell)        
    12         700         17672.3         6.84911        0.015625      Successful search (ES-ell)        
    12         701         17668.7         9.00557        0.015625      Successful search (ES-ell)        
    12         702         17659.7         12.1159        0.015625      Successful search (ES-ell)        
    12         743         17659.7         12.1159       0.0078125          Refine grid             
    13         744         17683.8         4.83219       0.0078125      Successful search (ES-ell)        
    13         745         17681.2         4.86102       0.0078125      Successful search (ES-ell)        
    13         746         17678.1         5.18083       0.0078125      Successful search (ES-ell)        
    13         747         17675.7         6.11605       0.0078125      Successful search (ES-ell)        
    13         748         17674.4         7.89227       0.0078125      Successful search (ES-wcm)        
    13         750         17672.8          9.1289       0.0078125      Successful search (ES-wcm)        
    13         791         17672.8          9.1289      0.00390625          Refine grid             Train
    14         792         17680.2         6.04034      0.00390625      Successful search (ES-ell)        
    14         793         17675.9         6.06639      0.00390625      Successful search (ES-ell)        
    14         794         17673.4         6.18504      0.00390625      Successful search (ES-ell)        
    14         795         17663.1         6.36497      0.00390625      Successful search (ES-ell)        
    14         796         17651.5         6.69096      0.00390625      Successful search (ES-ell)        
    14         797         17635.9         7.87695      0.00390625      Successful search (ES-ell)        
    14         798         17621.5         9.24486      0.00390625      Successful search (ES-wcm)        
    14         799         17598.4         11.1583      0.00390625      Successful search (ES-ell)        
    14         839         17598.4         11.1583      0.00195312          Refine grid             Train
    15         840           17690         4.35076      0.00195312      Successful search (ES-wcm)        
    15         841         17688.8         4.29485      0.00195312      Successful search (ES-wcm)        
    15         842         17688.5         4.20544      0.00195312      Successful search (ES-wcm)        
    15         843         17684.9         4.23211      0.00195312      Successful search (ES-wcm)        
    15         844         17684.3         4.33346      0.00195312      Successful search (ES-wcm)        
    15         845         17682.6         4.69164      0.00195312      Successful search (ES-wcm)        
    15         846         17681.3          5.3865      0.00195312      Successful search (ES-wcm)        
    15         847           17679         6.49366      0.00195312      Successful search (ES-wcm)        
    15         848         17677.4         9.06291      0.00195312      Successful search (ES-wcm)        
    15         851         17673.9         10.5211      0.00195312      Successful search (ES-wcm)        
    15         887         17673.9         10.5211     0.000976562          Refine grid             
Optimization terminated: change in the function value less than options['tol_mesh']
Estimated function value at minimum: 17681.341891180502 ± 4.52578001208817 (mean ± SEM from 100 samples)
BADS minimum at: x_min = [ 1.7615e+00  6.1065e+00  6.7437e+00  7.0000e-04 -6.7350e-01  7.6965e+00
  5.6150e-01  1.1750e-01  4.7815e+00  0.0000e+00  1.6270e+00  2.7130e-01], training NLL = 17681.3419
total f-count: 987, time: 44.87 min

 ------- Finish Optimization for Subject 3 ---------- 

 ------- Start Optimization for Subject 5 ---------- 

 Cross Validation fold 0/1

 -- Start Optimization: method BADS --

 Optimization Run 1/1
Initial params: [0.8897, 3.1843, 3.6239, 13.8088, -3.7005, 16.039, 0.3232, 9.4721, 3.8103, 0.4094, 0.9618, 0.3138]
bads:TooCloseBounds: For each variable, hard and plausible bounds should not be too close. Moving plausible bounds.
Variables (index) internally transformed to log coordinates: [[ 0  0]
 [ 0  3]
 [ 0  7]
 [ 0  8]
 [ 0  9]
 [ 0 10]
 [ 0 11]]
Beginning optimization of a STOCHASTIC objective function

 Iteration    f-count      E[f(x)]        SD[f(x)]           MeshScale          Method              Actions
     0           1         31193.3             nan               1                                  
     0          28         28093.4             nan               1          Initial mesh            Initial points
     0          30         26065.1         0.99997               1        Successful poll           Train
     1          31         23797.2        0.999972               1      Successful search (ES-wcm)        
     1          32         23598.5        0.999968               1      Successful search (ES-wcm)        
     1          37         22744.6        0.999848               1      Successful search (ES-wcm)        
     1          40         21017.6        0.999839               1      Successful search (ES-wcm)        
     1          44         20221.2        0.999883               1      Successful search (ES-wcm)        
     1          49         18677.8        0.998889               1      Successful search (ES-wcm)        
     1          57         18590.7        0.999906               1      Successful search (ES-wcm)        
     1          59         18392.8        0.999901               1      Successful search (ES-wcm)        
     1          71         18228.6        0.999856               1      Successful search (ES-wcm)        
     1          77           18203         0.99911               1      Successful search (ES-ell)        
     1         106           18203         0.99911             0.5          Refine grid             Train
     2         139         18203.8          3.3108            0.25          Refine grid             Train
     3         172         18203.3         1.03339           0.125          Refine grid             Train
     4         205         18182.4        0.942418            0.25        Successful poll           Train
     5         225         18231.4         1.02397             0.5        Successful poll           Train
     6         230         18129.8         48.8072             0.5      Successful search (ES-ell)        
     6         231           18078         51.2171             0.5      Successful search (ES-ell)        
     6         234         18027.4         49.7086             0.5      Successful search (ES-ell)        
     6         242         18007.8         48.1867             0.5      Successful search (ES-ell)        
     6         244         17987.5         48.5053             0.5      Successful search (ES-ell)        
     6         247         17984.3         47.7443             0.5      Successful search (ES-wcm)        
     6         254         17958.8         45.2196             0.5      Successful search (ES-wcm)        
     6         256         17954.7         43.5932             0.5      Successful search (ES-wcm)        
     6         260         17946.8         30.0855             0.5      Successful search (ES-wcm)        
     6         294         17946.8         30.0855            0.25          Refine grid             Train
     7         298         17931.7         16.1709            0.25      Successful search (ES-wcm)        
     7         311         17930.8         14.5056            0.25      Successful search (ES-ell)        
     7         352         17930.8         14.5056           0.125          Refine grid             Train
     8         387         17949.4         10.3527          0.0625          Refine grid             Train
     9         389         17955.3         9.37629          0.0625      Successful search (ES-wcm)        
     9         390         17945.8          16.823          0.0625      Successful search (ES-wcm)        
     9         392         17940.7         26.4906          0.0625      Successful search (ES-wcm)        
     9         414         17769.5         10.0071           0.125        Successful poll           Train
    10         415           17643         27.8275           0.125      Successful search (ES-wcm)        
    10         417         17565.5         15.0796           0.125      Successful search (ES-wcm)        
    10         418         17179.8         29.1996           0.125      Successful search (ES-ell)        
    10         461         17179.8         29.1996          0.0625          Refine grid             
    11         496         17953.1         9.46955         0.03125          Refine grid             Train
    12         497         17965.7         7.84087         0.03125      Successful search (ES-ell)        
    12         498         17946.5         10.5282         0.03125      Successful search (ES-wcm)        
    12         499         17944.8         19.6068         0.03125      Successful search (ES-wcm)        
    12         502         17944.6         14.5708         0.03125      Successful search (ES-wcm)        
    12         509           17937         13.1463         0.03125      Successful search (ES-ell)        
    12         521           17937         12.4154         0.03125      Successful search (ES-ell)        
    12         545         17751.4         25.3896          0.0625        Successful poll           
    13         546           17822         20.6722          0.0625      Successful search (ES-wcm)        
    13         547         17759.8         25.5352          0.0625      Successful search (ES-wcm)        
    13         592         17759.8         25.5352         0.03125          Refine grid             
    14         593         17947.8         9.13764         0.03125      Successful search (ES-wcm)        
    14         594         17945.9         11.2121         0.03125      Successful search (ES-wcm)        
    14         595         17937.2         20.4078         0.03125      Successful search (ES-wcm)        
    14         597         17911.5         19.4894         0.03125      Successful search (ES-wcm)        
    14         599         17815.3         11.8294         0.03125      Successful search (ES-wcm)        
    14         600         17711.6         24.4268         0.03125      Successful search (ES-wcm)        
    14         601         17499.8         16.1321         0.03125      Successful search (ES-wcm)        
    14         617         17446.9         8.99947          0.0625        Successful poll           
    15         652         17630.3          8.9126         0.03125          Refine grid             
    16         653         17912.5         6.27408         0.03125      Successful search (ES-wcm)        
    16         700         17912.5         6.27408        0.015625          Refine grid             
    17         701         17958.7         7.74953        0.015625      Successful search (ES-wcm)        
    17         702         17945.3          8.7232        0.015625      Successful search (ES-wcm)        
    17         703         17942.6         11.0804        0.015625      Successful search (ES-wcm)        
    17         704         17936.9         18.9634        0.015625      Successful search (ES-ell)        
    17         707         17935.7         21.4773        0.015625      Successful search (ES-ell)        
    17         710         17927.4         20.4067        0.015625      Successful search (ES-ell)        
    17         747         17925.7          10.034         0.03125        Successful poll           
    18         783         17929.3         7.95595        0.015625          Refine grid             Train
    19         784         17968.8         7.37003        0.015625      Successful search (ES-wcm)        
    19         785           17952         9.51186        0.015625      Successful search (ES-wcm)        
    19         786         17932.3         13.5109        0.015625      Successful search (ES-wcm)        
    19         789         17930.3         13.7012        0.015625      Successful search (ES-ell)        
    19         790         17908.8         17.2348        0.015625      Successful search (ES-ell)        
    19         831         17908.8         17.2348       0.0078125          Refine grid             
    20         832         17959.8         6.98573       0.0078125      Successful search (ES-wcm)        
    20         833         17952.7         7.69984       0.0078125      Successful search (ES-wcm)        
    20         834         17950.4         8.98999       0.0078125      Successful search (ES-wcm)        
    20         835         17947.2         10.2439       0.0078125      Successful search (ES-wcm)        
    20         836         17938.6           14.42       0.0078125      Successful search (ES-wcm)        
    20         839         17936.8         13.2982       0.0078125      Successful search (ES-wcm)        
    20         879         17936.8         13.2982      0.00390625          Refine grid             
    21         880         17955.9         5.23662      0.00390625      Successful search (ES-wcm)        
    21         881         17951.4         5.27304      0.00390625      Successful search (ES-wcm)        
    21         882         17938.9         6.46034      0.00390625      Successful search (ES-ell)        
    21         883         17924.4         10.0765      0.00390625      Successful search (ES-ell)        
    21         884         17895.6         13.6233      0.00390625      Successful search (ES-ell)        
    21         885         17887.6         18.2695      0.00390625      Successful search (ES-ell)        
    21         927         17887.6         18.2695      0.00195312          Refine grid             
    22         928         17957.7         5.50015      0.00195312      Successful search (ES-wcm)        
    22         929         17953.7         5.74571      0.00195312      Successful search (ES-wcm)        
    22         930           17953         6.32252      0.00195312      Successful search (ES-wcm)        
    22         931         17949.8         7.08061      0.00195312      Successful search (ES-wcm)        
    22         932         17943.2         9.39455      0.00195312      Successful search (ES-wcm)        
    22         933         17935.4         14.2143      0.00195312      Successful search (ES-wcm)        
    22         936         17928.6         12.4704      0.00195312      Successful search (ES-ell)        
    22         937         17911.8         13.8454      0.00195312      Successful search (ES-ell)        
    22         938         17883.8         17.2428      0.00195312      Successful search (ES-ell)        
    22         939         17862.6         20.9669      0.00195312      Successful search (ES-ell)        
