device is : cuda
['base', '6', 'all', 'bads', '1']

 ------- Start Optimization for Subject 2 ---------- 

 Cross Validation fold 0/1

 -- Start Optimization: method BADS --

 Optimization Run 1/1
Initial params: [1.5395, 9.4575, 14.2117, 3.9819, -3.8089, 29.7858, 0.6566, 14.4876, 1.6946, 0.842, 0.8385, 0.8945]
bads:TooCloseBounds: For each variable, hard and plausible bounds should not be too close. Moving plausible bounds.
Variables (index) internally transformed to log coordinates: [[ 0  0]
 [ 0  3]
 [ 0  7]
 [ 0  8]
 [ 0  9]
 [ 0 10]
 [ 0 11]]
Beginning optimization of a STOCHASTIC objective function

 Iteration    f-count      E[f(x)]        SD[f(x)]           MeshScale          Method              Actions
     0           1         31806.7             nan               1                                  
     0          28         26739.8             nan               1          Initial mesh            Initial points
     0          42         25571.4         1.03191               1        Successful poll           Train
     1          43           22994         1.03191               1      Successful search (ES-wcm)        
     1          48         22856.1         1.03186               1      Successful search (ES-wcm)        
     1          50         22841.8         1.03182               1      Successful search (ES-wcm)        
     1          53         22398.2         1.03182               1      Successful search (ES-wcm)        
     1          63         22364.4         0.98932               1      Successful search (ES-wcm)        
     1          64         22343.3          0.9886               1      Successful search (ES-wcm)        
     1          65         22131.5        0.989398               1      Successful search (ES-ell)        
     1          68         21460.5        0.989556               1      Successful search (ES-ell)        
     1          72         21458.5        0.989544               1      Successful search (ES-ell)        
     1          73         21259.1        0.989553               1      Successful search (ES-ell)        
     1          86         21239.1          1.0267               1      Successful search (ES-ell)        
     1          98         21189.6         1.02491               1      Successful search (ES-ell)        
     1         101         21142.4         1.00387               1      Successful search (ES-ell)        
     1         110         21130.3         1.05069               1      Successful search (ES-ell)        
     1         112           21094         1.05032               1      Successful search (ES-ell)        
     1         143         20366.4         42.9838               1        Successful poll           Train
     2         150         20362.1         38.7944               1      Successful search (ES-ell)        
     2         159           20264         49.4283               1      Successful search (ES-ell)        
     2         160         20243.4         54.4264               1      Successful search (ES-ell)        
     2         165         20205.2         47.7505               1      Successful search (ES-ell)        
     2         166         20121.7         50.9813               1      Successful search (ES-ell)        
     2         170         19826.3         53.8734               1      Successful search (ES-ell)        
     2         174         19813.7         51.3356               1      Successful search (ES-ell)        
     2         175         19779.4         50.8367               1      Successful search (ES-ell)        
     2         184         19720.4         43.0274               1      Successful search (ES-ell)        
     2         187         19634.6         43.3791               1      Successful search (ES-ell)        
     2         190           19622         38.0739               1      Successful search (ES-ell)        
     2         196         19565.4         37.0617               1      Successful search (ES-ell)        
     2         199         19554.2         34.0699               1      Successful search (ES-ell)        
     2         201         19504.4         40.8069               1      Successful search (ES-ell)        
     2         207         19488.6         39.4488               1      Successful search (ES-ell)        
     2         217         19408.1         37.3846               1      Successful search (ES-ell)        
     2         256         19408.1         37.3846             0.5          Refine grid             Train
     3         257         19490.3         38.9002             0.5      Successful search (ES-wcm)        
     3         260         19452.9         39.2156             0.5      Successful search (ES-wcm)        
     3         261         19376.8         53.0042             0.5      Successful search (ES-wcm)        
     3         263         19368.6         51.5174             0.5      Successful search (ES-wcm)        
     3         266         19353.8         49.1608             0.5      Successful search (ES-wcm)        
     3         269         19351.6         48.6257             0.5      Successful search (ES-wcm)        
     3         270         19332.4         53.7794             0.5      Successful search (ES-wcm)        
     3         273         19295.2         47.9359             0.5      Successful search (ES-wcm)        
     3         275         19285.1         41.9989             0.5      Successful search (ES-wcm)        
     3         278         19231.6         36.0294             0.5      Successful search (ES-wcm)        
     3         280         19215.4         35.4801             0.5      Successful search (ES-wcm)        
     3         282         19201.1         34.1435             0.5      Successful search (ES-wcm)        
     3         323         19201.1         34.1435            0.25          Refine grid             
     4         324           19225          18.059            0.25      Successful search (ES-wcm)        
     4         325         19133.9         24.0529            0.25      Successful search (ES-wcm)        
     4         326         19112.9         34.1029            0.25      Successful search (ES-wcm)        
     4         370         19112.9         34.1029           0.125          Refine grid             Train
     5         371         19266.3         15.0442           0.125      Successful search (ES-wcm)        
     5         372         19241.6         30.2556           0.125      Successful search (ES-wcm)        
     5         373         19225.9         30.5155           0.125      Successful search (ES-wcm)        
     5         374         19151.7         19.0558           0.125      Successful search (ES-wcm)        
     5         375         19114.7         30.1336           0.125      Successful search (ES-wcm)        
     5         376         19071.8         32.5441           0.125      Successful search (ES-wcm)        
     5         417         19071.8         32.5441          0.0625          Refine grid             
     6         418         19279.5         10.7959          0.0625      Successful search (ES-wcm)        
     6         419           19234         13.9234          0.0625      Successful search (ES-ell)        
     6         420         19185.5         19.6099          0.0625      Successful search (ES-ell)        
     6         421         19175.3         32.4884          0.0625      Successful search (ES-ell)        
     6         424         18742.1         29.2546          0.0625      Successful search (ES-ell)        
     6         464         18742.1         29.2546         0.03125          Refine grid             
     7         465         19302.1          10.497         0.03125      Successful search (ES-ell)        
     7         466         19281.7         11.3626         0.03125      Successful search (ES-ell)        
     7         467         19258.1          12.911         0.03125      Successful search (ES-ell)        
     7         468         19253.6         13.7584         0.03125      Successful search (ES-wcm)        
     7         470           19246         14.7221         0.03125      Successful search (ES-ell)        
     7         511           19246         14.7221        0.015625          Refine grid             
     8         512         19324.7         10.5735        0.015625      Successful search (ES-ell)        
     8         513         19316.4         10.2054        0.015625      Successful search (ES-ell)        
     8         514         19308.7         9.73604        0.015625      Successful search (ES-wcm)        
     8         515         19293.8         8.91046        0.015625      Successful search (ES-wcm)        
     8         516         19278.2         8.68037        0.015625      Successful search (ES-wcm)        
     8         517           19263         9.99314        0.015625      Successful search (ES-wcm)        
     8         518         19247.5          22.753        0.015625      Successful search (ES-ell)        
     8         558         19247.5          22.753       0.0078125          Refine grid             Train
     9         559           19313         8.40086       0.0078125      Successful search (ES-wcm)        
     9         560         19307.8         8.23611       0.0078125      Successful search (ES-wcm)        
     9         561         19301.3         8.11882       0.0078125      Successful search (ES-wcm)        
     9         562         19292.9         8.11136       0.0078125      Successful search (ES-wcm)        
     9         563         19281.4         8.24885       0.0078125      Successful search (ES-wcm)        
     9         564         19085.6         10.2654       0.0078125      Successful search (ES-ell)        
     9         565         18938.8         16.7832       0.0078125      Successful search (ES-ell)        
     9         566         18918.9         22.0281       0.0078125      Successful search (ES-wcm)        
     9         605         18918.9         22.0281      0.00390625          Refine grid             
    10         606         19285.1         7.37821      0.00390625      Successful search (ES-ell)        
    10         607         19273.1         7.43133      0.00390625      Successful search (ES-ell)        
    10         608         19253.1          7.7039      0.00390625      Successful search (ES-ell)        
    10         609         19228.3           8.187      0.00390625      Successful search (ES-ell)        
    10         610         19186.5         9.17685      0.00390625      Successful search (ES-ell)        
    10         611         19142.8         11.0064      0.00390625      Successful search (ES-ell)        
    10         612         19078.1          14.056      0.00390625      Successful search (ES-ell)        
    10         613         19067.7         18.0763      0.00390625      Successful search (ES-ell)        
    10         614         19016.2          23.525      0.00390625      Successful search (ES-ell)        
    10         653         19016.2          23.525      0.00195312          Refine grid             
    11         654         19341.6         10.0069      0.00195312      Successful search (ES-ell)        
    11         655           19340         9.91234      0.00195312      Successful search (ES-ell)        
    11         656         19339.8         9.90325      0.00195312      Successful search (ES-ell)        
    11         657         19336.1         9.88391      0.00195312      Successful search (ES-ell)        
    11         700         19336.1         9.88391     0.000976562          Refine grid             
Optimization terminated: change in the function value less than options['tol_mesh']
Estimated function value at minimum: 19349.696064721982 ± 5.159876207901997 (mean ± SEM from 100 samples)
BADS minimum at: x_min = [ 1.6205  6.1151  5.1314  1.1375  0.3636 10.2956  0.4986  0.1398  4.0151
  0.      1.9896  0.2708], training NLL = 19349.6961
total f-count: 800, time: 35.17 min

 ------- Finish Optimization for Subject 2 ---------- 

 ------- Start Optimization for Subject 3 ---------- 

 Cross Validation fold 0/1

 -- Start Optimization: method BADS --

 Optimization Run 1/1
Initial params: [0.3112, 3.9102, 6.2719, 8.6663, 2.4226, 13.0941, 0.5666, 47.3633, 0.9519, 0.9293, 0.4548, 0.3216]
bads:TooCloseBounds: For each variable, hard and plausible bounds should not be too close. Moving plausible bounds.
Variables (index) internally transformed to log coordinates: [[ 0  0]
 [ 0  3]
 [ 0  7]
 [ 0  8]
 [ 0  9]
 [ 0 10]
 [ 0 11]]
Beginning optimization of a STOCHASTIC objective function

 Iteration    f-count      E[f(x)]        SD[f(x)]           MeshScale          Method              Actions
     0           1         30969.8             nan               1                                  
     0          28         26598.2             nan               1          Initial mesh            Initial points
     0          41           25796        0.999964               1        Successful poll           Train
     1          42         24083.1        0.999969               1      Successful search (ES-wcm)        
     1          44         22705.7        0.999965               1      Successful search (ES-wcm)        
     1          46         20989.9        0.999962               1      Successful search (ES-wcm)        
     1          49         20827.4        0.999947               1      Successful search (ES-wcm)        
     1          53         20233.7        0.999864               1      Successful search (ES-wcm)        
     1          60         20088.7        0.965328               1      Successful search (ES-wcm)        
     1          67         19855.8        0.965378               1      Successful search (ES-wcm)        
     1          74         19825.9        0.965313               1      Successful search (ES-wcm)        
     1          82         19792.6         0.92966               1      Successful search (ES-wcm)        
     1          83         19664.7        0.929679               1      Successful search (ES-wcm)        
     1          84         19612.7        0.929678               1      Successful search (ES-wcm)        
     1         118         19414.6          1.0602               1        Successful poll           Train
     2         121         19074.5          1.0602               1      Successful search (ES-wcm)        
     2         125         18753.2          1.0602               1      Successful search (ES-ell)        
     2         129         18705.1         1.04362               1      Successful search (ES-ell)        
     2         136         18657.1         1.04361               1      Successful search (ES-ell)        
     2         140         18480.1         1.04323               1      Successful search (ES-ell)        
     2         145         18456.1         1.04363               1      Successful search (ES-ell)        
     2         149         18435.4         1.04362               1      Successful search (ES-ell)        
     2         154           18260         1.05219               1      Successful search (ES-wcm)        
     2         159         18258.6         1.05219               1      Successful search (ES-ell)        
     2         164         18190.4         1.05219               1      Successful search (ES-wcm)        
     2         165         18154.4          1.0522               1      Successful search (ES-wcm)        
     2         174         18151.2         1.05217               1      Successful search (ES-wcm)        
     2         177         18087.6          1.0521               1      Successful search (ES-wcm)        
     2         187         18082.5         1.07273               1      Successful search (ES-wcm)        
     2         198         18066.8         1.07288               1      Successful search (ES-wcm)        
     2         200         18056.3         1.07274               1      Successful search (ES-ell)        
     2         231         18056.3         1.07274             0.5          Refine grid             
     3         263         18073.5         1.74723            0.25          Refine grid             
     4         266         18125.7         1.98421            0.25      Successful search (ES-wcm)        
     4         268         18119.7         1.98413            0.25      Successful search (ES-wcm)        
     4         273         18053.6         1.97987            0.25      Successful search (ES-wcm)        
     4         277         18046.9         23.5231            0.25      Successful search (ES-ell)        
     4         278         18022.1         34.0521            0.25      Successful search (ES-ell)        
     4         280         17989.1         34.6583            0.25      Successful search (ES-ell)        
     4         284         17967.9         28.9509            0.25      Successful search (ES-ell)        
     4         285         17918.5         35.5353            0.25      Successful search (ES-ell)        
     4         321         17918.5         35.5353           0.125          Refine grid             
     5         322         17875.3         17.0897           0.125      Successful search (ES-ell)        
     5         323         17811.6         31.5012           0.125      Successful search (ES-ell)        
     5         326         17807.2         26.5213           0.125      Successful search (ES-ell)        
     5         368         17807.2         26.5213          0.0625          Refine grid             
     6         369           17795          13.946          0.0625      Successful search (ES-wcm)        
     6         370         17751.2         27.2106          0.0625      Successful search (ES-ell)        
     6         371         17734.7         48.6487          0.0625      Successful search (ES-ell)        
     6         396         17729.2         47.9972           0.125        Successful poll           Train
     7         397         17711.3         38.8362           0.125      Successful search (ES-ell)        
     7         401         17705.4         22.2874           0.125      Successful search (ES-ell)        
     7         402         17683.1         27.2618           0.125      Successful search (ES-ell)        
     7         443         17683.1         27.2618          0.0625          Refine grid             
     8         444         17684.1         13.1407          0.0625      Successful search (ES-ell)        
     8         491         17684.1         13.1407         0.03125          Refine grid             
     9         492         17690.1         9.08133         0.03125      Successful search (ES-ell)        
     9         493         17684.9         14.5457         0.03125      Successful search (ES-ell)        
     9         494           17669         23.2457         0.03125      Successful search (ES-ell)        
     9         497         17666.6         20.2739         0.03125      Successful search (ES-ell)        
     9         498         17663.7         24.2733         0.03125      Successful search (ES-ell)        
     9         539         17663.7         24.2733        0.015625          Refine grid             Train
    10         540         17684.2         7.23132        0.015625      Successful search (ES-ell)        
    10         541         17681.1         8.15452        0.015625      Successful search (ES-ell)        
    10         542           17677         9.45181        0.015625      Successful search (ES-ell)        
    10         543         17671.6         12.6764        0.015625      Successful search (ES-ell)        
    10         558         17671.5         8.86219        0.015625      Successful search (ES-ell)        
    10         559         17670.7         8.84891        0.015625      Successful search (ES-ell)        
    10         564         17670.2         8.82914        0.015625      Successful search (ES-ell)        
    10         566         17668.7         9.21951        0.015625      Successful search (ES-ell)        
    10         567         17668.6         10.1814        0.015625      Successful search (ES-ell)        
    10         573         17668.3         9.05594        0.015625      Successful search (ES-wcm)        
    10         611         17660.8         14.9547         0.03125        Successful poll           
    11         646         17662.9         4.96401          0.0625        Successful poll           Train
    12         651         17662.3         7.16824          0.0625      Successful search (ES-wcm)        
    12         653         17655.3         10.4124          0.0625      Successful search (ES-wcm)        
    12         654         17648.6         11.3607          0.0625      Successful search (ES-ell)        
    12         694         17630.9         13.0596           0.125        Successful poll           
    13         729         17671.5         15.0841          0.0625          Refine grid             
    14         765         17681.2         4.51412        0.015625          Refine grid             Train
    15         766           17672         6.15177        0.015625      Successful search (ES-wcm)        
    15         768         17667.7         8.27332        0.015625      Successful search (ES-wcm)        
    15         771         17665.7         8.46345        0.015625      Successful search (ES-ell)        
    15         813         17665.7         8.46345       0.0078125          Refine grid             
    16         814         17681.2          3.6211       0.0078125      Successful search (ES-ell)        
    16         815           17679         4.85171       0.0078125      Successful search (ES-ell)        
    16         816         17674.3         7.10708       0.0078125      Successful search (ES-ell)        
    16         817         17670.9         10.0242       0.0078125      Successful search (ES-ell)        
    16         820         17670.4         11.9437       0.0078125      Successful search (ES-wcm)        
    16         861         17670.4         11.9437      0.00390625          Refine grid             
    17         862         17678.6         5.62197      0.00390625      Successful search (ES-ell)        
    17         863           17676         6.29838      0.00390625      Successful search (ES-ell)        
    17         893         17653.4         17.0456       0.0078125        Successful poll           
    18         895         17669.8         15.7718       0.0078125      Successful search (ES-ell)        
    18         897         17655.2         14.6084       0.0078125      Successful search (ES-wcm)        
    18         898         17649.4         17.3455       0.0078125      Successful search (ES-wcm)        
    18         899         17647.1         17.4073       0.0078125      Successful search (ES-wcm)        
    18         900         17643.7         19.9374       0.0078125      Successful search (ES-wcm)        
    18         905         17642.2         13.0694       0.0078125      Successful search (ES-ell)        
    18         906           17641         13.0728       0.0078125      Successful search (ES-ell)        
    18         908         17638.3         13.2845       0.0078125      Successful search (ES-wcm)        
    18         953         17638.3         13.2845      0.00390625          Refine grid             Train
    19         954           17657         5.98263      0.00390625      Successful search (ES-wcm)        
    19         955         17654.7         6.44842      0.00390625      Successful search (ES-wcm)        
    19         956         17652.2         7.01981      0.00390625      Successful search (ES-wcm)        
    19         957           17651         8.10345      0.00390625      Successful search (ES-wcm)        
    19         958         17647.5         9.64036      0.00390625      Successful search (ES-wcm)        
    19        1001         17647.5         9.64036      0.00195312          Refine grid             
    20        1002         17654.7         9.09284      0.00195312      Successful search (ES-wcm)        
    20        1003         17653.1         9.11743      0.00195312      Successful search (ES-wcm)        
    20        1004         17648.3         10.5146      0.00195312      Successful search (ES-wcm)        
    20        1049         17648.3         10.5146     0.000976562          Refine grid             
Optimization terminated: change in the function value less than options['tol_mesh']
Estimated function value at minimum: 17650.151326404746 ± 3.8502691436779357 (mean ± SEM from 100 samples)
BADS minimum at: x_min = [ 1.6852  5.8885  6.439   0.5727 -0.2211  8.6084  0.5417  0.096   5.1995
  0.1249  1.7006  0.269 ], training NLL = 17650.1513
total f-count: 1149, time: 50.42 min

 ------- Finish Optimization for Subject 3 ---------- 

 ------- Start Optimization for Subject 5 ---------- 

 Cross Validation fold 0/1

 -- Start Optimization: method BADS --

 Optimization Run 1/1
Initial params: [0.7056, 5.8023, 8.2591, 10.2905, 2.2731, 10.6771, 0.5146, 36.414, 2.7356, 0.2916, 0.3141, 0.7327]
bads:TooCloseBounds: For each variable, hard and plausible bounds should not be too close. Moving plausible bounds.
Variables (index) internally transformed to log coordinates: [[ 0  0]
 [ 0  3]
 [ 0  7]
 [ 0  8]
 [ 0  9]
 [ 0 10]
 [ 0 11]]
Beginning optimization of a STOCHASTIC objective function

 Iteration    f-count      E[f(x)]        SD[f(x)]           MeshScale          Method              Actions
     0           1         31193.3             nan               1                                  
     0          28         28107.8             nan               1          Initial mesh            Initial points
     0          30         26100.6        0.999963               1        Successful poll           Train
     1          32         21205.6        0.999963               1      Successful search (ES-wcm)        
     1          37         20651.7        0.999915               1      Successful search (ES-wcm)        
     1          39         20374.8        0.999595               1      Successful search (ES-wcm)        
     1          49         20288.9          0.9923               1      Successful search (ES-wcm)        
     1          50         20254.8        0.996631               1      Successful search (ES-ell)        
     1          53         20253.1        0.989035               1      Successful search (ES-wcm)        
     1          54         20172.4        0.995383               1      Successful search (ES-wcm)        
     1          59         20097.7        0.995384               1      Successful search (ES-ell)        
     1          60         20002.5        0.995385               1      Successful search (ES-ell)        
     1          66         19995.7        0.994706               1      Successful search (ES-ell)        
     1          72         19955.2        0.995313               1      Successful search (ES-ell)        
     1          76         19893.9         0.99497               1      Successful search (ES-ell)        
     1         105           19836         4.24611               1        Successful poll           Train
     2         109         19731.4         4.24609               1      Successful search (ES-wcm)        
     2         115           19632         4.24608               1      Successful search (ES-wcm)        
     2         127         19602.1         4.24606               1      Successful search (ES-wcm)        
     2         128         19436.6         4.24609               1      Successful search (ES-wcm)        
     2         129         19245.3         38.8899               1      Successful search (ES-wcm)        
     2         131         19242.1         46.9214               1      Successful search (ES-wcm)        
     2         138         18974.5         39.2706               1      Successful search (ES-wcm)        
     2         140           18907         44.2537               1      Successful search (ES-wcm)        
     2         141           18569         46.3861               1      Successful search (ES-wcm)        
     2         144         18449.1         47.9172               1      Successful search (ES-wcm)        
     2         152         18397.2         46.9756               1      Successful search (ES-wcm)        
     2         158         18362.7         35.4883               1      Successful search (ES-wcm)        
     2         165         18358.7         28.6115               1      Successful search (ES-wcm)        
     2         172         18299.6         33.4669               1      Successful search (ES-wcm)        
     2         176           18240         26.3226               1      Successful search (ES-wcm)        
     2         177         18222.1         30.7483               1      Successful search (ES-wcm)        
     2         182         18215.5         34.8805               1      Successful search (ES-wcm)        
     2         185         18097.7         32.7707               1      Successful search (ES-wcm)        
     2         188         18095.9         33.0527               1      Successful search (ES-wcm)        
     2         196         18084.2         35.3971               1      Successful search (ES-wcm)        
     2         208         18074.3         29.2352               1      Successful search (ES-wcm)        
     2         211         18029.8         25.4189               1      Successful search (ES-wcm)        
     2         241         18029.8         25.4189             0.5          Refine grid             Train
     3         244         18074.2         35.0197             0.5      Successful search (ES-wcm)        
     3         285         18074.2         35.0197            0.25          Refine grid             
     4         318         18074.5         15.7028           0.125          Refine grid             Train
     5         319         18090.6         20.7222           0.125      Successful search (ES-wcm)        
     5         321         18081.9         24.3013           0.125      Successful search (ES-wcm)        
     5         324         18058.4         22.3152           0.125      Successful search (ES-wcm)        
     5         326         18039.8         20.8225           0.125      Successful search (ES-wcm)        
     5         364         18039.8         20.8225          0.0625          Refine grid             Train
     6         365         18057.9          12.573          0.0625      Successful search (ES-wcm)        
     6         366         18045.5         21.7339          0.0625      Successful search (ES-wcm)        
     6         369         18030.7         26.0269          0.0625      Successful search (ES-wcm)        
     6         371         18025.9         26.0378          0.0625      Successful search (ES-wcm)        
     6         373         18017.2         19.5284          0.0625      Successful search (ES-wcm)        
     6         411         18017.2         19.5284         0.03125          Refine grid             
     7         412         18032.8         9.55087         0.03125      Successful search (ES-wcm)        
     7         413         18022.7         16.4122         0.03125      Successful search (ES-ell)        
     7         414         18018.3         25.1917         0.03125      Successful search (ES-ell)        
     7         458         18018.3         25.1917        0.015625          Refine grid             
     8         459         18039.2         8.26184        0.015625      Successful search (ES-wcm)        
     8         460           18036         10.1847        0.015625      Successful search (ES-wcm)        
     8         461         18025.9         11.4952        0.015625      Successful search (ES-wcm)        
     8         463         18024.3         13.1015        0.015625      Successful search (ES-ell)        
     8         464         18018.3          17.546        0.015625      Successful search (ES-ell)        
     8         506         18018.3          17.546       0.0078125          Refine grid             Train
     9         507           18041         7.57968       0.0078125      Successful search (ES-ell)        
     9         508         18037.7         8.34053       0.0078125      Successful search (ES-ell)        
     9         509         18033.9         9.49573       0.0078125      Successful search (ES-ell)        
     9         510         18026.1         12.7908       0.0078125      Successful search (ES-ell)        
     9         511         18010.9         16.1837       0.0078125      Successful search (ES-ell)        
     9         546           17953         6.20262        0.015625        Successful poll           Train
    10         547         17902.3         7.30807        0.015625      Successful search (ES-wcm)        
    10         548         17865.6         10.1641        0.015625      Successful search (ES-wcm)        
    10         549         17860.2         14.2655        0.015625      Successful search (ES-wcm)        
    10         550         17835.8         13.4299        0.015625      Successful search (ES-wcm)        
    10         551         17776.3         15.5372        0.015625      Successful search (ES-wcm)        
    10         594         17776.3         15.5372       0.0078125          Refine grid             
    11         630         18036.9         6.38247      0.00195312          Refine grid             Train
    12         666         18041.5         7.26994     0.000976562          Refine grid             Train
Optimization terminated: change in the function value less than options['tol_mesh']
Estimated function value at minimum: 18048.257845974513 ± 4.338653215220725 (mean ± SEM from 100 samples)
BADS minimum at: x_min = [5.82200e-01 6.54530e+00 4.02930e+00 1.02549e+01 7.67160e+00 3.72607e+01
 2.58300e-01 3.03000e-02 6.47880e+00 1.61350e+00 1.80110e+00 2.31100e-01], training NLL = 18048.2578
total f-count: 766, time: 33.58 min

 ------- Finish Optimization for Subject 5 ---------- 

 ------- Start Optimization for Subject 6 ---------- 

 Cross Validation fold 0/1

 -- Start Optimization: method BADS --

 Optimization Run 1/1
Initial params: [0.654, 8.3275, 8.2882, 18.0929, 3.3178, 25.2371, 0.5399, 35.3073, 4.2461, 0.6411, 0.024, 0.8517]
bads:TooCloseBounds: For each variable, hard and plausible bounds should not be too close. Moving plausible bounds.
Variables (index) internally transformed to log coordinates: [[ 0  0]
 [ 0  3]
 [ 0  7]
 [ 0  8]
 [ 0  9]
 [ 0 10]
 [ 0 11]]
Beginning optimization of a STOCHASTIC objective function

 Iteration    f-count      E[f(x)]        SD[f(x)]           MeshScale          Method              Actions
     0           1         30896.9             nan               1                                  
     0          28           27319             nan               1          Initial mesh            Initial points
     0          33         24160.1        0.981983               1        Successful poll           Train
     1          34         23652.2        0.981985               1      Successful search (ES-ell)        
     1          40         23104.6        0.981901               1      Successful search (ES-ell)        
     1          44         22831.1         0.98144               1      Successful search (ES-ell)        
     1          47         22179.4        0.981975               1      Successful search (ES-ell)        
     1          50         22029.7         0.98192               1      Successful search (ES-wcm)        
     1          51         20805.6        0.981918               1      Successful search (ES-ell)        
     1          62         20491.4         1.03183               1      Successful search (ES-ell)        
     1          63         20304.5         1.03183               1      Successful search (ES-ell)        
     1          68         20179.8         1.03175               1      Successful search (ES-ell)        
     1          69         20071.9          1.0318               1      Successful search (ES-ell)        
     1          75         20068.2         1.03175               1      Successful search (ES-ell)        
     1          77           20038         1.03155               1      Successful search (ES-ell)        
     1          83         19995.8         1.00469               1      Successful search (ES-ell)        
     1          86         19914.5          1.0047               1      Successful search (ES-ell)        
     1          88         19801.4         1.00471               1      Successful search (ES-ell)        
     1          91         19605.4          1.0047               1      Successful search (ES-ell)        
     1          95         19153.2          1.0047               1      Successful search (ES-ell)        
     1          99           19066         1.00467               1      Successful search (ES-ell)        
     1         100         18798.8         1.00469               1      Successful search (ES-ell)        
     1         101         18719.7         1.00464               1      Successful search (ES-ell)        
     1         102         18588.9         1.00468               1      Successful search (ES-wcm)        
     1         113         18482.2          1.0383               1      Successful search (ES-wcm)        
     1         114         18315.5         1.03857               1      Successful search (ES-wcm)        
     1         116         18098.2          1.0385               1      Successful search (ES-wcm)        
     1         145         18047.1         1.05898               1        Successful poll           Train
     2         149         18013.2         1.05901               1      Successful search (ES-wcm)        
     2         153         17936.2         1.05897               1      Successful search (ES-wcm)        
     2         155         17934.7         21.3465               1      Successful search (ES-wcm)        
     2         176         17871.6         17.9528               1        Successful poll           
     3         181         17758.9         30.6892               1      Successful search (ES-wcm)        
     3         216         17758.9         30.6892             0.5          Refine grid             
     4         218         17832.8         30.4685             0.5      Successful search (ES-wcm)        
     4         224         17787.5         29.4379             0.5      Successful search (ES-wcm)        
     4         225         17730.3         29.5852             0.5      Successful search (ES-wcm)        
     4         233           17721         26.5459             0.5      Successful search (ES-wcm)        
     4         236         17699.9         23.7105             0.5      Successful search (ES-wcm)        
     4         272         17699.9         23.7105            0.25          Refine grid             
     5         273         17653.7         33.2682            0.25      Successful search (ES-wcm)        
     5         317         17653.7         33.2682           0.125          Refine grid             Train
     6         318         17759.6         22.1894           0.125      Successful search (ES-ell)        
     6         320         17732.7         21.5759           0.125      Successful search (ES-ell)        
     6         323         17732.3         18.7604           0.125      Successful search (ES-ell)        
     6         328         17730.5         12.6842           0.125      Successful search (ES-ell)        
     6         329         17720.3         14.1438           0.125      Successful search (ES-ell)        
