device is : cuda
['base', '6', 'all', 'bads', '1']

 ------- Start Optimization for Subject 2 ---------- 

 Cross Validation fold 0/1

 -- Start Optimization: method BADS --

 Optimization Run 1/1
Initial params: [1.0495, 4.1663, 5.4396, 17.469, 1.741, 22.1139, 0.6225, 21.6836, 3.9413, 0.5059, 0.8855, 0.7597]
bads:TooCloseBounds: For each variable, hard and plausible bounds should not be too close. Moving plausible bounds.
Variables (index) internally transformed to log coordinates: [[ 0  0]
 [ 0  3]
 [ 0  7]
 [ 0  8]
 [ 0  9]
 [ 0 10]
 [ 0 11]]
Beginning optimization of a STOCHASTIC objective function

 Iteration    f-count      E[f(x)]        SD[f(x)]           MeshScale          Method              Actions
     0           1         31806.7             nan               1                                  
     0          28         26800.8             nan               1          Initial mesh            Initial points
     0          42         25646.2        0.992673               1        Successful poll           Train
     1          52         25575.7        0.987441               1      Successful search (ES-wcm)        
     1          53         25550.7        0.988213               1      Successful search (ES-wcm)        
     1          55         25466.4        0.958698               1      Successful search (ES-wcm)        
     1          57         24134.4        0.958692               1      Successful search (ES-wcm)        
     1          60         22549.7        0.958695               1      Successful search (ES-wcm)        
     1          62         22050.5        0.958683               1      Successful search (ES-wcm)        
     1          63         21621.7         0.95868               1      Successful search (ES-ell)        
     1          64         21206.7        0.958673               1      Successful search (ES-ell)        
     1          66           20925        0.958643               1      Successful search (ES-ell)        
     1          69         20629.3        0.958646               1      Successful search (ES-wcm)        
     1          71           20604        0.958614               1      Successful search (ES-ell)        
     1          73         20528.8        0.958434               1      Successful search (ES-wcm)        
     1          83         20306.6        0.996819               1      Successful search (ES-wcm)        
     1          91         20111.7        0.996857               1      Successful search (ES-ell)        
     1          92         19910.4        0.996858               1      Successful search (ES-ell)        
     1          96         19775.1        0.996837               1      Successful search (ES-ell)        
     1          97         19760.8        0.996785               1      Successful search (ES-ell)        
     1          98         19744.4          0.9968               1      Successful search (ES-ell)        
     1         102         19691.1        0.996747               1      Successful search (ES-ell)        
     1         108         19683.3         1.02104               1      Successful search (ES-wcm)        
     1         109         19542.9         1.02103               1      Successful search (ES-ell)        
     1         121         19483.4         1.02079               1      Successful search (ES-ell)        
     1         122         19398.9          1.0209               1      Successful search (ES-ell)        
     1         156         19398.9          1.0209             0.5          Refine grid             Train
     2         189         19399.1         1.07366            0.25          Refine grid             Train
     3         224         19465.5         10.7225           0.125          Refine grid             Train
     4         225         19468.8         21.4014           0.125      Successful search (ES-ell)        
     4         228         19464.1         23.9959           0.125      Successful search (ES-ell)        
     4         229         19415.1         34.9282           0.125      Successful search (ES-ell)        
     4         271         19415.1         34.9282          0.0625          Refine grid             
     5         272         19470.2         12.1325          0.0625      Successful search (ES-wcm)        
     5         273         19444.4         18.9734          0.0625      Successful search (ES-ell)        
     5         275         19413.5         21.9435          0.0625      Successful search (ES-ell)        
     5         277         19412.1         23.7773          0.0625      Successful search (ES-ell)        
     5         318         19412.1         23.7773         0.03125          Refine grid             
     6         319         19460.7         9.83287         0.03125      Successful search (ES-ell)        
     6         320         19453.9         12.8516         0.03125      Successful search (ES-ell)        
     6         321         19442.1         16.9547         0.03125      Successful search (ES-ell)        
     6         365         19442.1         16.9547        0.015625          Refine grid             
     7         366         19466.1         8.55338        0.015625      Successful search (ES-wcm)        
     7         367         19458.4         10.3257        0.015625      Successful search (ES-wcm)        
     7         368         19451.6         12.8402        0.015625      Successful search (ES-wcm)        
     7         402         19403.8         20.9079         0.03125        Successful poll           Train
     8         415         19345.6         23.4382          0.0625        Successful poll           Train
     9         450         19469.7          8.5406        0.015625          Refine grid             Train
    10         451         19466.1         9.34148        0.015625      Successful search (ES-ell)        
    10         453         19461.1          11.386        0.015625      Successful search (ES-ell)        
    10         497         19461.1          11.386       0.0078125          Refine grid             
    11         498           19469         11.3779       0.0078125      Successful search (ES-ell)        
    11         499         19464.3         12.5835       0.0078125      Successful search (ES-ell)        
    11         501         19461.1         12.6059       0.0078125      Successful search (ES-wcm)        
    11         502         19455.1         14.5579       0.0078125      Successful search (ES-ell)        
    11         544         19455.1         14.5579      0.00390625          Refine grid             Train
    12         545         19467.6         7.79786      0.00390625      Successful search (ES-ell)        
    12         546         19464.9         8.80391      0.00390625      Successful search (ES-ell)        
    12         547         19462.6         10.7438      0.00390625      Successful search (ES-ell)        
    12         553         19460.1         10.1759      0.00390625      Successful search (ES-wcm)        
    12         591         19460.1         10.1759      0.00195312          Refine grid             Train
    13         592         19471.2         6.01825      0.00195312      Successful search (ES-wcm)        
    13         593         19469.5         6.14195      0.00195312      Successful search (ES-wcm)        
    13         594         19466.1          6.0998      0.00195312      Successful search (ES-wcm)        
    13         595         19464.3         6.99151      0.00195312      Successful search (ES-wcm)        
    13         596         19461.6         8.25608      0.00195312      Successful search (ES-wcm)        
    13         597         19459.9         10.3689      0.00195312      Successful search (ES-wcm)        
    13         599         19453.5         12.8452      0.00195312      Successful search (ES-ell)        
    13         600         19448.9         17.7145      0.00195312      Successful search (ES-ell)        
    13         638         19448.8         11.4282      0.00390625        Successful poll           
    14         673         19459.3         17.1843       0.0078125        Successful poll           
    15         674         19451.7         20.3725       0.0078125      Successful search (ES-ell)        
    15         720         19451.7         20.3725      0.00390625          Refine grid             Train
    16         721           19460         8.73163      0.00390625      Successful search (ES-ell)        
    16         725         19459.5         9.10311      0.00390625      Successful search (ES-ell)        
    16         726         19454.5         9.88951      0.00390625      Successful search (ES-ell)        
    16         727         19452.7         11.4071      0.00390625      Successful search (ES-ell)        
    16         728         19447.5         13.8208      0.00390625      Successful search (ES-ell)        
    16         729         19442.9         17.5472      0.00390625      Successful search (ES-ell)        
    16         730         19440.6         22.3494      0.00390625      Successful search (ES-ell)        
    16         731         19427.4         27.4961      0.00390625      Successful search (ES-ell)        
    16         733         19425.3         23.5637      0.00390625      Successful search (ES-ell)        
    16         734         19424.2         23.4224      0.00390625      Successful search (ES-ell)        
    16         735           19418         24.5331      0.00390625      Successful search (ES-ell)        
    16         779           19418         24.5331      0.00195312          Refine grid             Train
    17         814         19463.3         6.80637     0.000976562          Refine grid             Train
Optimization terminated: change in the function value less than options['tol_mesh']
Estimated function value at minimum: 19467.81293995737 ± 5.024278804026755 (mean ± SEM from 100 samples)
BADS minimum at: x_min = [1.56190e+00 4.95040e+00 4.36760e+00 4.77640e+00 2.73170e+00 2.41641e+01
 3.03000e-01 1.82500e-01 3.28280e+00 1.95000e-02 2.00000e+00 2.50700e-01], training NLL = 19467.8129
total f-count: 914, time: 39.85 min

 ------- Finish Optimization for Subject 2 ---------- 

 ------- Start Optimization for Subject 3 ---------- 

 Cross Validation fold 0/1

 -- Start Optimization: method BADS --

 Optimization Run 1/1
Initial params: [1.3862, 4.1515, 9.5005, 17.0928, 4.0147, 22.8186, 0.6763, 30.8465, 0.5835, 0.1936, 0.1517, 0.3578]
bads:TooCloseBounds: For each variable, hard and plausible bounds should not be too close. Moving plausible bounds.
Variables (index) internally transformed to log coordinates: [[ 0  0]
 [ 0  3]
 [ 0  7]
 [ 0  8]
 [ 0  9]
 [ 0 10]
 [ 0 11]]
Beginning optimization of a STOCHASTIC objective function

 Iteration    f-count      E[f(x)]        SD[f(x)]           MeshScale          Method              Actions
     0           1         30969.8             nan               1                                  
     0          28         26754.5             nan               1          Initial mesh            Initial points
     0          43         25826.5        0.992836               1        Successful poll           Train
     1          44         25404.6        0.992836               1      Successful search (ES-wcm)        
     1          45         24961.6        0.992839               1      Successful search (ES-wcm)        
     1          48         22197.5        0.992837               1      Successful search (ES-wcm)        
     1          49         22088.8        0.992833               1      Successful search (ES-wcm)        
     1          51           20965         0.99283               1      Successful search (ES-wcm)        
     1          65         20930.7         1.00824               1      Successful search (ES-wcm)        
     1          66         20880.9         1.00752               1      Successful search (ES-wcm)        
     1          71         20641.1         1.00844               1      Successful search (ES-wcm)        
     1          78         20640.1         1.00751               1      Incremental search (ES-wcm)        
     1          86         20520.5         1.02417               1      Successful search (ES-wcm)        
     1          90         20492.1         1.02404               1      Successful search (ES-wcm)        
     1          91         20421.9         1.02409               1      Successful search (ES-wcm)        
     1          98         20227.2         1.02419               1      Successful search (ES-wcm)        
     1         100         20208.5         1.02417               1      Successful search (ES-wcm)        
     1         102         20032.3         1.02419               1      Successful search (ES-wcm)        
     1         103         19901.8          1.0242               1      Successful search (ES-wcm)        
     1         105         19881.5         1.02143               1      Successful search (ES-ell)        
     1         107         19713.9         1.02143               1      Successful search (ES-wcm)        
     1         111         19457.8         1.02143               1      Successful search (ES-wcm)        
     1         145         19214.3         1.06711               1        Successful poll           Train
     2         149         18938.7         1.10065               1      Successful search (ES-wcm)        
     2         156         18875.2         1.03658               1      Successful search (ES-wcm)        
     2         179         18586.6         1.03665               1        Successful poll           Train
     3         183         18391.2         1.44813               1      Successful search (ES-wcm)        
     3         185         18387.4         1.44813               1      Successful search (ES-wcm)        
     3         200         18382.2         1.44806               1      Successful search (ES-wcm)        
     3         231         18382.2         1.44806             0.5          Refine grid             
     4         238         18358.1          1.4461             0.5      Successful search (ES-ell)        
     4         251         18348.8         1.80718             0.5      Successful search (ES-ell)        
     4         253         18325.6         1.80769             0.5      Successful search (ES-ell)        
     4         258         18284.1         1.84119             0.5      Successful search (ES-ell)        
     4         276         18280.4          1.8286             0.5      Successful search (ES-wcm)        
     4         286         18277.2         1.83856             0.5      Successful search (ES-wcm)        
     4         287         18217.4         1.84048             0.5      Successful search (ES-wcm)        
     4         288         18208.8         1.84244             0.5      Successful search (ES-wcm)        
     4         291         18099.2         1.00492             0.5      Successful search (ES-wcm)        
     4         323         18099.2         1.00492            0.25          Refine grid             
     5         357         18099.5         1.00396           0.125          Refine grid             Train
     6         358         18199.8         1.07081           0.125      Successful search (ES-ell)        
     6         360         18189.2         1.07081           0.125      Successful search (ES-ell)        
     6         366         18186.3        0.885614           0.125      Successful search (ES-ell)        
     6         379         18122.3        0.831964           0.125      Successful search (ES-ell)        
     6         382           18106        0.885619           0.125      Successful search (ES-ell)        
     6         394         17741.9         30.8013           0.125      Successful search (ES-ell)        
     6         395         17730.5         39.9151           0.125      Successful search (ES-ell)        
     6         440         17730.5         39.9151          0.0625          Refine grid             
     7         441         18069.6         13.7944          0.0625      Successful search (ES-ell)        
     7         442         17990.4         23.9109          0.0625      Successful search (ES-ell)        
     7         443         17885.5         26.4505          0.0625      Successful search (ES-ell)        
     7         444         17785.5         30.2133          0.0625      Successful search (ES-ell)        
     7         487         17785.5         30.2133         0.03125          Refine grid             
     8         488         18143.6         11.3077         0.03125      Successful search (ES-ell)        
     8         489         18086.9         15.8329         0.03125      Successful search (ES-ell)        
     8         490         18027.1         24.0735         0.03125      Successful search (ES-ell)        
     8         491         17940.2         36.2022         0.03125      Successful search (ES-wcm)        
     8         492         17908.9         41.4004         0.03125      Successful search (ES-ell)        
     8         493         17844.2         42.3652         0.03125      Successful search (ES-wcm)        
     8         535         17844.2         42.3652        0.015625          Refine grid             Train
     9         536         17946.1         9.13331        0.015625      Successful search (ES-wcm)        
     9         537           17939         13.7648        0.015625      Successful search (ES-wcm)        
     9         538         17932.7         19.3537        0.015625      Successful search (ES-wcm)        
     9         544         17928.7         13.4871        0.015625      Successful search (ES-ell)        
     9         545           17919         13.6756        0.015625      Successful search (ES-ell)        
     9         546         17917.3         15.0113        0.015625      Successful search (ES-wcm)        
     9         547         17912.2         17.4396        0.015625      Successful search (ES-wcm)        
     9         548         17901.1         19.4919        0.015625      Successful search (ES-ell)        
     9         595         17901.1         19.4919       0.0078125          Refine grid             Train
    10         596         17936.7         6.41104       0.0078125      Successful search (ES-ell)        
    10         597         17928.9         7.48733       0.0078125      Successful search (ES-ell)        
    10         598         17920.7         9.54882       0.0078125      Successful search (ES-ell)        
    10         599         17903.8         14.7462       0.0078125      Successful search (ES-wcm)        
    10         602         17902.9         14.3326       0.0078125      Successful search (ES-wcm)        
    10         643         17902.9         14.3326      0.00390625          Refine grid             Train
    11         644         17921.2         6.21953      0.00390625      Successful search (ES-ell)        
    11         645         17917.6         6.57894      0.00390625      Successful search (ES-ell)        
    11         646         17913.1          7.3191      0.00390625      Successful search (ES-ell)        
    11         647         17904.9          8.9883      0.00390625      Successful search (ES-ell)        
    11         648         17896.7         11.8635      0.00390625      Successful search (ES-ell)        
    11         650         17895.5         13.7729      0.00390625      Successful search (ES-ell)        
    11         651         17890.7         16.9279      0.00390625      Successful search (ES-ell)        
    11         691         17890.7         16.9279      0.00195312          Refine grid             
    12         692         17924.3         6.08422      0.00195312      Successful search (ES-ell)        
    12         693         17922.3         6.31269      0.00195312      Successful search (ES-ell)        
    12         694         17919.9         6.77056      0.00195312      Successful search (ES-ell)        
    12         739         17919.9         6.77056     0.000976562          Refine grid             
Optimization terminated: change in the function value less than options['tol_mesh']
Estimated function value at minimum: 17918.91477532938 ± 4.013773828052035 (mean ± SEM from 100 samples)
BADS minimum at: x_min = [2.0858 5.7751 5.3925 1.5227 0.3502 6.4574 0.5487 0.267  2.3074 0.0559
 1.7122 0.2932], training NLL = 17918.9148
total f-count: 839, time: 36.6 min

 ------- Finish Optimization for Subject 3 ---------- 

 ------- Start Optimization for Subject 5 ---------- 

 Cross Validation fold 0/1

 -- Start Optimization: method BADS --

 Optimization Run 1/1
Initial params: [1.6686, 6.3378, 6.4505, 6.4446, -4.6034, 26.1718, 0.4842, 40.1655, 0.1592, 0.2317, 0.7474, 0.1768]
bads:TooCloseBounds: For each variable, hard and plausible bounds should not be too close. Moving plausible bounds.
Variables (index) internally transformed to log coordinates: [[ 0  0]
 [ 0  3]
 [ 0  7]
 [ 0  8]
 [ 0  9]
 [ 0 10]
 [ 0 11]]
Beginning optimization of a STOCHASTIC objective function

 Iteration    f-count      E[f(x)]        SD[f(x)]           MeshScale          Method              Actions
     0           1         31193.3             nan               1                                  
     0          28         28045.6             nan               1          Initial mesh            Initial points
     0          30           26024        0.999971               1        Successful poll           Train
     1          32         26021.2        0.999966               1      Successful search (ES-wcm)        
     1          39         25308.4        0.999339               1      Successful search (ES-wcm)        
     1          40         24686.9         0.99814               1      Successful search (ES-wcm)        
     1          41         24182.2        0.999854               1      Successful search (ES-wcm)        
     1          43         23475.8        0.999942               1      Successful search (ES-wcm)        
     1          46         22627.4        0.999927               1      Successful search (ES-wcm)        
     1          50         22410.2        0.999372               1      Successful search (ES-wcm)        
     1          53         22250.7        0.997506               1      Successful search (ES-wcm)        
     1          54         22085.4        0.999872               1      Successful search (ES-wcm)        
     1          59         21944.6        0.999829               1      Successful search (ES-wcm)        
     1          60         21775.2        0.999793               1      Successful search (ES-wcm)        
     1          63         21124.2        0.999851               1      Successful search (ES-wcm)        
     1          64         20684.3        0.999865               1      Successful search (ES-ell)        
     1          65         20318.3         0.99987               1      Successful search (ES-ell)        
     1          68         20112.2        0.999869               1      Successful search (ES-ell)        
     1          72         19986.9        0.999862               1      Successful search (ES-ell)        
     1          74         19785.4        0.999867               1      Successful search (ES-wcm)        
     1          75         19578.2        0.999792               1      Successful search (ES-wcm)        
     1          77         19574.1        0.999765               1      Successful search (ES-wcm)        
     1          79         19419.5         1.01355               1      Successful search (ES-wcm)        
     1          82         19385.8         1.01353               1      Successful search (ES-wcm)        
     1          84         19260.8         1.01349               1      Successful search (ES-wcm)        
     1          88         19200.4         1.01333               1      Successful search (ES-wcm)        
     1          95         19139.3         1.01299               1      Successful search (ES-wcm)        
     1          98         19059.7         1.01332               1      Successful search (ES-wcm)        
     1         100         18838.4          1.0129               1      Successful search (ES-wcm)        
     1         102         18682.4         1.01353               1      Successful search (ES-wcm)        
     1         104         18563.5        0.993762               1      Successful search (ES-wcm)        
     1         106         18542.9        0.993779               1      Successful search (ES-wcm)        
     1         107         18474.7        0.993765               1      Successful search (ES-wcm)        
     1         113         18431.8        0.993752               1      Successful search (ES-wcm)        
     1         114           18360        0.993759               1      Successful search (ES-wcm)        
     1         126         18336.8        0.984843               1      Successful search (ES-ell)        
     1         135         18311.7         1.07108               1      Successful search (ES-ell)        
     1         147         18306.9         1.06045               1      Successful search (ES-ell)        
     1         148         18297.7         1.06024               1      Successful search (ES-ell)        
     1         178         18297.7         1.06024             0.5          Refine grid             
     2         206         18302.8        0.853434               1        Successful poll           
     3         214         18290.4         32.3455               1      Successful search (ES-wcm)        
     3         221         18282.5         33.7588               1      Successful search (ES-ell)        
     3         257         18282.5         33.7588             0.5          Refine grid             
     4         263         18307.6        0.985135             0.5      Successful search (ES-ell)        
     4         265         18292.8        0.985116             0.5      Successful search (ES-ell)        
     4         268         18231.3        0.985048             0.5      Successful search (ES-ell)        
     4         274         18161.7        0.985148             0.5      Successful search (ES-ell)        
     4         284         18153.4         0.98516             0.5      Successful search (ES-ell)        
     4         289         18146.6        0.985131             0.5      Successful search (ES-ell)        
     4         293         18099.6        0.984945             0.5      Successful search (ES-ell)        
     4         323         18099.6        0.984945            0.25          Refine grid             
     5         330         18093.3         1.21874            0.25      Successful search (ES-ell)        
     5         368         18093.3         1.21874           0.125          Refine grid             
     6         376         18131.8         1.12515           0.125      Successful search (ES-ell)        
     6         383         18124.6         1.21763           0.125      Successful search (ES-ell)        
     6         388         18089.1         1.20212           0.125      Successful search (ES-ell)        
     6         395         18087.7          1.2208           0.125      Successful search (ES-ell)        
     6         438         18087.7          1.2208          0.0625          Refine grid             Train
     7         439         18110.7         10.4408          0.0625      Successful search (ES-ell)        
     7         441         18101.1         26.6069          0.0625      Successful search (ES-wcm)        
     7         442         18088.2          29.743          0.0625      Successful search (ES-ell)        
     7         485         18088.2          29.743         0.03125          Refine grid             
     8         486         18137.7         6.66688         0.03125      Successful search (ES-ell)        
     8         487         18131.9         9.54813         0.03125      Successful search (ES-ell)        
     8         488         18128.8         12.8428         0.03125      Successful search (ES-ell)        
     8         489         18128.4         16.7789         0.03125      Successful search (ES-wcm)        
     8         491         18124.4         19.8864         0.03125      Successful search (ES-wcm)        
     8         492         18113.6         25.9835         0.03125      Successful search (ES-wcm)        
     8         532         18113.2         14.3519          0.0625        Successful poll           
     9         533         18096.7         16.5331          0.0625      Successful search (ES-ell)        
     9         534         18089.8         26.9563          0.0625      Successful search (ES-ell)        
     9         535         18084.6         31.4865          0.0625      Successful search (ES-ell)        
     9         551         18067.2         10.8457          0.0625      Successful search (ES-ell)        
     9         552         18014.5         10.5799          0.0625      Successful search (ES-ell)        
     9         553         17993.7         10.2903          0.0625      Successful search (ES-ell)        
     9         554         17988.9         10.0874          0.0625      Successful search (ES-ell)        
     9         555         17987.9         11.0858          0.0625      Successful search (ES-ell)        
     9         556         17985.6         13.0176          0.0625      Successful search (ES-ell)        
     9         590         17985.6         13.0176         0.03125          Refine grid             
    10         591         18112.6         8.81592         0.03125      Successful search (ES-ell)        
    10         592         18093.4         11.7481         0.03125      Successful search (ES-ell)        
    10         594         18089.5         13.4667         0.03125      Successful search (ES-ell)        
    10         595         18040.5         16.0537         0.03125      Successful search (ES-ell)        
    10         636         18040.5         16.0537        0.015625          Refine grid             
    11         638         18099.5          7.8541        0.015625      Successful search (ES-ell)        
    11         639         18089.4         8.75002        0.015625      Successful search (ES-ell)        
    11         640         18082.5          12.973        0.015625      Successful search (ES-ell)        
    11         641         18082.3         17.2724        0.015625      Successful search (ES-ell)        
    11         683         18082.3         17.2724       0.0078125          Refine grid             Train
    12         684         18101.4         6.34288       0.0078125      Successful search (ES-ell)        
    12         731         18101.4         6.34288      0.00390625          Refine grid             
    13         732         18108.9         17.3424      0.00390625      Successful search (ES-ell)        
    13         733           18019         6.13423      0.00390625      Successful search (ES-ell)        
    13         734         17985.5         6.28236      0.00390625      Successful search (ES-ell)        
    13         735         17935.1         6.43763      0.00390625      Successful search (ES-ell)        
    13         736         17865.5         6.90577      0.00390625      Successful search (ES-ell)        
    13         737         17773.5         7.71379      0.00390625      Successful search (ES-ell)        
    13         738         17730.5          8.5496      0.00390625      Successful search (ES-wcm)        
    13         739         17689.2         10.1208      0.00390625      Successful search (ES-wcm)        
    13         740         17631.4         12.0134      0.00390625      Successful search (ES-wcm)        
    13         778         17631.4         12.0134      0.00195312          Refine grid             
    14         779         18114.2         4.65119      0.00195312      Successful search (ES-ell)        
    14         780         18113.5         4.52558      0.00195312      Successful search (ES-wcm)        
    14         781         18111.3         4.40789      0.00195312      Successful search (ES-wcm)        
    14         782         18105.5         4.83232      0.00195312      Successful search (ES-ell)        
    14         783         18097.9         5.68235      0.00195312      Successful search (ES-ell)        
    14         784         18095.4         6.50863      0.00195312      Successful search (ES-wcm)        
    14         785         18089.1         8.02751      0.00195312      Successful search (ES-wcm)        
    14         826         18089.1         8.02751     0.000976562          Refine grid             
Optimization terminated: change in the function value less than options['tol_mesh']
Estimated function value at minimum: 18112.3905020123 ± 5.194174219859852 (mean ± SEM from 100 samples)
BADS minimum at: x_min = [1.98350e+00 4.12080e+00 4.07690e+00 1.32173e+01 9.94920e+00 2.59393e+01
 3.39700e-01 1.74600e-01 3.75860e+00 4.10000e-03 1.84570e+00 1.97100e-01], training NLL = 18112.3905
total f-count: 926, time: 40.49 min

 ------- Finish Optimization for Subject 5 ---------- 

 ------- Start Optimization for Subject 6 ---------- 

 Cross Validation fold 0/1

 -- Start Optimization: method BADS --

 Optimization Run 1/1
Initial params: [0.4264, 2.649, 7.0538, 1.2248, 3.5703, 10.7267, 0.6674, 19.7771, 0.4197, 0.9913, 0.7825, 0.6798]
bads:TooCloseBounds: For each variable, hard and plausible bounds should not be too close. Moving plausible bounds.
Variables (index) internally transformed to log coordinates: [[ 0  0]
 [ 0  3]
 [ 0  7]
 [ 0  8]
 [ 0  9]
 [ 0 10]
 [ 0 11]]
Beginning optimization of a STOCHASTIC objective function

 Iteration    f-count      E[f(x)]        SD[f(x)]           MeshScale          Method              Actions
     0           1         30896.9             nan               1                                  
     0          28         27277.5             nan               1          Initial mesh            Initial points
     0          35         24269.6        0.920919               1        Successful poll           Train
     1          40         23111.1        0.920853               1      Successful search (ES-wcm)        
     1          42         22465.8        0.920676               1      Successful search (ES-wcm)        
     1          44         22359.6        0.920637               1      Successful search (ES-wcm)        
     1          46         21374.5        0.920688               1      Successful search (ES-wcm)        
     1          47         20875.2        0.920661               1      Successful search (ES-wcm)        
     1          50         20488.4        0.920612               1      Successful search (ES-wcm)        
     1          52         19952.4        0.920248               1      Successful search (ES-wcm)        
     1          54         19323.1        0.997688               1      Successful search (ES-wcm)        
     1          56         18845.8        0.997688               1      Successful search (ES-wcm)        
     1          61         17987.7        0.997685               1      Successful search (ES-wcm)        
     1          75         17798.2        0.997675               1      Successful search (ES-wcm)        
     1          79         17745.9        0.997281               1      Successful search (ES-wcm)        
     1          83         17734.5        0.997275               1      Successful search (ES-wcm)        
     1          91         17686.1        0.997267               1      Successful search (ES-wcm)        
     1          95         17675.3        0.997203               1      Successful search (ES-wcm)        
     1         104         17552.6         1.00015               1      Successful search (ES-wcm)        
     1         105         17465.2         1.00018               1      Successful search (ES-wcm)        
     1         110         17310.6         1.00022               1      Successful search (ES-wcm)        
     1         117         17239.2         1.00017               1      Successful search (ES-wcm)        
     1         119         17226.8         1.00004               1      Successful search (ES-wcm)        
     1         124         17221.6         1.00019               1      Successful search (ES-wcm)        
     1         138         17210.7          1.0019               1      Successful search (ES-wcm)        
     1         143         17200.2         1.00181               1      Successful search (ES-wcm)        
     1         171         17200.2         1.00181             0.5          Refine grid             
     2         181         17177.3         1.38936             0.5      Successful search (ES-wcm)        
     2         192         17174.8          1.3909             0.5      Successful search (ES-wcm)        
     2         195         17157.3         1.37643             0.5      Successful search (ES-ell)        
     2         200         17144.9         1.39165             0.5      Successful search (ES-ell)        
     2         201         17117.4         1.39135             0.5      Successful search (ES-ell)        
     2         207         17091.6          1.3479             0.5      Successful search (ES-ell)        
     2         237         17091.6          1.3479            0.25          Refine grid             
     3         241         17100.9         17.0338            0.25      Successful search (ES-wcm)        
     3         282         17100.9         17.0338           0.125          Refine grid             Train
     4         316         17131.5         7.94972          0.0625          Refine grid             Train
     5         319         17104.1         9.96442          0.0625      Successful search (ES-wcm)        
     5         320         17092.3         13.8859          0.0625      Successful search (ES-wcm)        
     5         362         17092.3         13.8859         0.03125          Refine grid             
