----------------------------------------
Start task prologue Thu Jul 23 11:00:28 CEST 2026
----------------------------------------
Step ID:         54342754.
Username:        wenlou
Group:           mpla
Asked resources: walltime=1-00:00:00,nodes=1,cpus=8,mem=2G
Queue:           gpu
Compute nodes:   dccn-c079
----------------------------------------
End task prologue Thu Jul 23 11:00:28 CEST 2026
----------------------------------------
CUDA version:
nvcc: NVIDIA (R) Cuda compiler driver
Copyright (c) 2005-2024 NVIDIA Corporation
Built on Thu_Mar_28_02:18:24_PDT_2024
Cuda compilation tools, release 12.4, V12.4.131
Build cuda_12.4.r12.4/compiler.34097967_0

[WARNING] Please note the interface change for (de-)activating conda environment:

  - DO NOT use `conda activate` to enter the conda environment as it requires extra step to modify your ~/.bashrc file, which will force you to use this Anaconda version (2024.06).  Therefore keep using `source activate` instead.

  - DO use `conda deactivate` to leave your conda environment as `source deactivate` will be deprecated in future release.

Running model for expriment=with_dn_linear_p0, m_id=2, method=bads
device is : cuda
['with_dn_linear_p0', '2', 'all', 'bads', '2']

 ------- Start Optimization for Subject 2 ---------- 

 Cross Validation fold 0/1

 -- Start Optimization: method BADS --

 Optimization Run 1/2
Initial params: [0.4992, 9.9688, 12.6933, 8.3262, 35.2603, 5.6425, 3.1739, 0.3969, 22.0664, 0.3724, 0.8574, 0.1867, 0.4731]
bads:TooCloseBounds: For each variable, hard and plausible bounds should not be too close. Moving plausible bounds.
Variables (index) internally transformed to log coordinates: [[0 0]
 [0 3]
 [0 4]
 [0 6]]
Beginning optimization of a STOCHASTIC objective function

 Iteration    f-count      E[f(x)]        SD[f(x)]           MeshScale          Method              Actions
     0           1         26151.5             nan               1                                  
     0          33         25612.7             nan               1          Initial mesh            Initial points
     0          34         25605.7        0.999593               1        Successful poll           Train
     1          36         25207.3        0.999514               1      Successful search (ES-wcm)        
     1          45         25193.2        0.930915               1      Successful search (ES-wcm)        
     1          47         25188.8        0.935193               1      Successful search (ES-wcm)        
     1          79         25148.3         5.06151               1        Successful poll           Train
     2          82         25135.2         4.95694               1      Successful search (ES-ell)        
     2          86         25128.6         4.69996               1      Successful search (ES-ell)        
     2          93         25127.3         4.28699               1      Successful search (ES-ell)        
     2         106         24949.2         3.40745               1      Successful search (ES-ell)        
     2         150         24949.2         3.40745             0.5          Refine grid             Train
     3         153         25126.8         3.42063             0.5      Successful search (ES-wcm)        
     3         154         25126.6         5.16102             0.5      Incremental search (ES-wcm)        
     3         157         25119.7         5.45362             0.5      Successful search (ES-wcm)        
     3         168         25117.7         3.86711             0.5      Successful search (ES-wcm)        
     3         178         25112.2         5.88105             0.5      Successful search (ES-wcm)        
     3         179         25106.1         6.01703             0.5      Successful search (ES-wcm)        
     3         182         25028.8         5.91041             0.5      Successful search (ES-wcm)        
     3         188           25027         4.75349             0.5      Successful search (ES-wcm)        
     3         189         24991.8         5.39699             0.5      Successful search (ES-wcm)        
     3         190         24981.8         5.26166             0.5      Successful search (ES-ell)        
     3         196         24977.7         3.40255             0.5      Successful search (ES-ell)        
     3         198         24977.1         3.66345             0.5      Successful search (ES-ell)        
     3         199         24961.6         4.46506             0.5      Successful search (ES-ell)        
     3         200         24941.6         5.04204             0.5      Successful search (ES-ell)        
     3         201           24926             5.1             0.5      Successful search (ES-ell)        
     3         202         24916.6         5.56665             0.5      Successful search (ES-wcm)        
     3         236         24911.9         5.33871               1        Successful poll           
     4         238         24911.8         6.04571               1      Successful search (ES-wcm)        
     4         241         24901.6         6.15139               1      Successful search (ES-wcm)        
     4         242         24892.7         5.71847               1      Successful search (ES-ell)        
     4         243         23975.4         5.90435               1      Successful search (ES-ell)        
     4         247         23770.8         6.08626               1      Successful search (ES-ell)        
