----------------------------------------
Start task prologue Tue Dec  9 16:54:09 CET 2025
----------------------------------------
Step ID:         49984332.
Username:        wenlou
Group:           mpla
Asked resources: walltime=1-00:00:00,nodes=1,cpus=8,mem=2G
Queue:           gpu
Compute nodes:   dccn-c080
----------------------------------------
End task prologue Tue Dec  9 16:54:09 CET 2025
----------------------------------------
CUDA version:
nvcc: NVIDIA (R) Cuda compiler driver
Copyright (c) 2005-2024 NVIDIA Corporation
Built on Thu_Mar_28_02:18:24_PDT_2024
Cuda compilation tools, release 12.4, V12.4.131
Build cuda_12.4.r12.4/compiler.34097967_0

[WARNING] Please note the interface change for (de-)activating conda environment:

  - DO NOT use `conda activate` to enter the conda environment as it requires extra step to modify your ~/.bashrc file, which will force you to use this Anaconda version (2024.06).  Therefore keep using `source activate` instead.

  - DO use `conda deactivate` to leave your conda environment as `source deactivate` will be deprecated in future release.

Running model for expriment=sep_prior, m_id=4, method=bads
device is : cuda
['sep_prior', '4', 'all', 'bads', '2']

 ------- Start Optimization for Subject 2 ---------- 

 Cross Validation fold 0/1

 -- Start Optimization: method BADS --

 Optimization Run 1/2
Initial params: [0.7177, 9.0446, 10.8647, 12.4349, 4.6134, 28.4941, 17.2099, 0.7558, 0.4286, 4.7756, 2.2217, 0.0922, 0.554, 0.3634]
bads:TooCloseBounds: For each variable, hard and plausible bounds should not be too close. Moving plausible bounds.
Variables (index) internally transformed to log coordinates: [[ 0  0]
 [ 0  3]
 [ 0  9]
 [ 0 10]
 [ 0 11]
 [ 0 12]
 [ 0 13]]
Beginning optimization of a STOCHASTIC objective function

 Iteration    f-count      E[f(x)]        SD[f(x)]           MeshScale          Method              Actions
     0           1         28728.7             nan               1                                  
     0          26         27584.6             nan               1          Initial mesh            Initial points
     0          45         27215.4         0.97139               1        Successful poll           Train
     1          47         27104.3        0.971387               1      Successful search (ES-wcm)        
     1          49         26597.3        0.971356               1      Successful search (ES-wcm)        
     1          52         26404.9        0.971163               1      Successful search (ES-wcm)        
     1          54         25897.3        0.971345               1      Successful search (ES-ell)        
     1          56         25588.9        0.991582               1      Successful search (ES-ell)        
     1          68         25483.7        0.982785               1      Successful search (ES-ell)        
     1          70         25415.3        0.953998               1      Successful search (ES-ell)        
     1          72         25410.6        0.931752               1      Successful search (ES-ell)        
     1          74         24933.3        0.991602               1      Successful search (ES-wcm)        
     1          80         24590.4        0.991421               1      Successful search (ES-wcm)        
     1          83         24512.6        0.991188               1      Successful search (ES-wcm)        
     1          86         24229.5         1.00011               1      Successful search (ES-wcm)        
     1          91         24061.7         1.00011               1      Successful search (ES-wcm)        
     1          92         23859.4          1.0001               1      Successful search (ES-wcm)        
     1          95         23763.1         1.00011               1      Successful search (ES-wcm)        
     1         100         23722.9         1.00008               1      Successful search (ES-wcm)        
     1         131         23698.8          1.0185               1        Successful poll           
     2         139         23567.3         1.01877               1      Successful search (ES-wcm)        
     2         140         23484.8         1.01832               1      Successful search (ES-ell)        
     2         143         23451.7         1.09205               1      Successful search (ES-ell)        
     2         145         23450.9         1.09207               1      Incremental search (ES-ell)        
     2         149         23397.2         1.09211               1      Successful search (ES-ell)        
     2         155         23382.8         1.09212               1      Successful search (ES-wcm)        
     2         157         23345.2         1.09206               1      Successful search (ES-ell)        
     2         166         23283.6         1.09207               1      Successful search (ES-ell)        
     2         167         23223.2         1.09209               1      Successful search (ES-ell)        
     2         169         23014.9          1.0921               1      Successful search (ES-ell)        
     2         172         22913.4         1.07798               1      Successful search (ES-wcm)        
     2         173         22798.2         1.07798               1      Successful search (ES-wcm)        
     2         182           22752         1.07768               1      Successful search (ES-ell)        
     2         215         21926.6         1.07799               1        Successful poll           
     3         220           21834          38.222               1      Successful search (ES-ell)        
     3         221         21757.2         39.5288               1      Successful search (ES-ell)        
     3         222         21689.1         41.2097               1      Successful search (ES-ell)        
     3         224         21594.2          41.552               1      Successful search (ES-wcm)        
     3         228         21460.2         35.6802               1      Successful search (ES-wcm)        
     3         258         21460.2         35.6802             0.5          Refine grid             
     4         259         21360.7         37.5373             0.5      Successful search (ES-wcm)        
     4         273         21330.5         38.4116             0.5      Successful search (ES-wcm)        
     4         276         21287.7         37.1661             0.5      Successful search (ES-wcm)        
     4         277         21249.5         38.3551             0.5      Successful search (ES-ell)        
     4         289         21238.7         30.1241             0.5      Successful search (ES-ell)        
     4         290         21167.1         35.2787             0.5      Successful search (ES-ell)        
     4         295         21153.3         29.5279             0.5      Successful search (ES-ell)        
     4         303         21104.8         28.6862             0.5      Successful search (ES-ell)        
     4         307         21089.7         26.3944             0.5      Successful search (ES-ell)        
     4         312           21089         18.1172             0.5      Successful search (ES-ell)        
     4         317         21076.4          23.719             0.5      Successful search (ES-ell)        
     4         319         21066.8         31.7762             0.5      Successful search (ES-ell)        
     4         331         21036.7         27.4448             0.5      Successful search (ES-ell)        
     4         360         20666.8         37.3487               1        Successful poll           Train
     5         392         20666.8         37.3492             0.5          Refine grid             Train
     6         393         21341.2         28.2948             0.5      Successful search (ES-ell)        
     6         394         21275.1         32.2263             0.5      Successful search (ES-ell)        
     6         396         21237.3         31.7827             0.5      Successful search (ES-ell)        
     6         400         21190.9         24.6948             0.5      Successful search (ES-ell)        
     6         401         21110.7         23.6097             0.5      Successful search (ES-wcm)        
     6         404         21076.3         19.7988             0.5      Successful search (ES-ell)        
     6         410         21067.3         18.9629             0.5      Successful search (ES-wcm)        
     6         411         21050.7         18.5567             0.5      Successful search (ES-wcm)        
     6         414         21040.2         13.5193             0.5      Successful search (ES-wcm)        
     6         419         21038.7         12.2217             0.5      Successful search (ES-ell)        
     6         457         21038.7         12.2217            0.25          Refine grid             Train
     7         458         21107.3         29.0338            0.25      Successful search (ES-ell)        
     7         459         21098.4         30.3377            0.25      Successful search (ES-ell)        
     7         461         21073.4         28.9387            0.25      Successful search (ES-wcm)        
     7         464         21058.7         18.0932            0.25      Successful search (ES-wcm)        
     7         468         21048.3          12.846            0.25      Successful search (ES-wcm)        
     7         471         21046.7         13.1935            0.25      Successful search (ES-wcm)        
     7         509         21046.7         13.1935           0.125          Refine grid             
     8         510         21047.7         9.84194           0.125      Successful search (ES-wcm)        
     8         511         21047.7         15.6326           0.125      Incremental search (ES-wcm)        
     8         515         21045.1         10.4357           0.125      Successful search (ES-wcm)        
     8         522         21032.1         7.87238           0.125      Successful search (ES-wcm)        
     8         523         21025.2         8.08819           0.125      Successful search (ES-ell)        
     8         524         21014.2         13.0579           0.125      Successful search (ES-ell)        
     8         576         21014.2         13.0579          0.0625          Refine grid             
     9         577         21051.6         9.21738          0.0625      Successful search (ES-ell)        
     9         579         21043.9         11.4015          0.0625      Successful search (ES-ell)        
     9         589         21043.6         8.80697          0.0625      Successful search (ES-ell)        
     9         594         21017.3         8.03336          0.0625      Successful search (ES-ell)        
     9         595         20984.6         9.75984          0.0625      Successful search (ES-ell)        
     9         596         20953.7         13.2602          0.0625      Successful search (ES-ell)        
     9         597         20924.4         17.7792          0.0625      Successful search (ES-ell)        
     9         643         20924.4         17.7792         0.03125          Refine grid             
    10         644         21055.8           7.749         0.03125      Successful search (ES-ell)        
    10         645         21052.1         9.00453         0.03125      Successful search (ES-ell)        
    10         647         21051.3         11.0557         0.03125      Successful search (ES-ell)        
    10         655         21050.1         9.27256         0.03125      Successful search (ES-ell)        
    10         657         21049.2         9.11376         0.03125      Successful search (ES-wcm)        
    10         658         21045.8         9.41648         0.03125      Successful search (ES-wcm)        
    10         660         21045.3         10.1982         0.03125      Successful search (ES-wcm)        
    10         663         21042.1         10.6677         0.03125      Successful search (ES-wcm)        
    10         664         21036.8         9.98568         0.03125      Successful search (ES-wcm)        
    10         665         21014.9          11.923         0.03125      Successful search (ES-wcm)        
    10         667         21000.3         12.3761         0.03125      Successful search (ES-wcm)        
    10         699         20980.1         7.76787          0.0625        Successful poll           
    11         738         20980.9         7.09463         0.03125          Refine grid             Train
    12         739         21051.8         7.37672         0.03125      Successful search (ES-wcm)        
    12         740         21041.5         7.22641         0.03125      Successful search (ES-wcm)        
    12         741         21031.8          7.6682         0.03125      Successful search (ES-wcm)        
    12         742         21022.9         11.3191         0.03125      Successful search (ES-wcm)        
    12         792         21022.9         11.3191        0.015625          Refine grid             
    13         793         21035.4         6.17845        0.015625      Successful search (ES-ell)        
    13         794         21028.2         9.23934        0.015625      Successful search (ES-ell)        
    13         795         21016.2         13.6454        0.015625      Successful search (ES-ell)        
    13         796         21009.3         20.8236        0.015625      Successful search (ES-ell)        
    13         846         21009.3         20.8236       0.0078125          Refine grid             
    14         847         21036.3         5.12756       0.0078125      Successful search (ES-ell)        
    14         848         21027.6         5.64895       0.0078125      Successful search (ES-ell)        
    14         849         21013.5         6.29812       0.0078125      Successful search (ES-ell)        
    14         850         21000.5         8.72029       0.0078125      Successful search (ES-ell)        
    14         851           20991         11.5045       0.0078125      Successful search (ES-ell)        
    14         852         20974.8         12.3187       0.0078125      Successful search (ES-ell)        
    14         902         20974.8         12.3187      0.00390625          Refine grid             Train
    15         903         21043.9         6.05712      0.00390625      Successful search (ES-ell)        
    15         904         21042.3         6.91591      0.00390625      Successful search (ES-ell)        
    15         910         21041.9          6.7849      0.00390625      Successful search (ES-ell)        
    15         911         21040.5         7.10686      0.00390625      Successful search (ES-ell)        
    15         958         21040.5         7.10686      0.00195312          Refine grid             Train
    16         959         21049.1         4.88716      0.00195312      Successful search (ES-wcm)        
    16         960         21046.9         4.88624      0.00195312      Successful search (ES-wcm)        
    16         961         21044.3         4.84205      0.00195312      Successful search (ES-wcm)        
    16         962         21041.4         4.82752      0.00195312      Successful search (ES-wcm)        
    16         963         21038.5         4.87696      0.00195312      Successful search (ES-wcm)        
    16         964         21030.7         5.35197      0.00195312      Successful search (ES-ell)        
    16         965         21022.2         6.63806      0.00195312      Successful search (ES-ell)        
    16         966         21005.6          8.4152      0.00195312      Successful search (ES-ell)        
    16         967         20998.1         12.0355      0.00195312      Successful search (ES-ell)        
    16        1012         20998.1         12.0355     0.000976562          Refine grid             
Optimization terminated: change in the function value less than options['tol_mesh']
Estimated function value at minimum: 21042.270553023776 ± 4.695131838179071 (mean ± SEM from 100 samples)
BADS minimum at: x_min = [1.8107e+00 5.7806e+00 4.8030e+00 7.6542e+00 4.6017e+00 4.8124e+00
 8.9142e+00 6.0850e-01 5.3610e-01 6.2900e-01 1.9212e+00 6.1000e-03
 1.7351e+00 2.0270e-01], training NLL = 21042.2706
total f-count: 1112, time: 48.0 min

 Optimization Run 2/2
Initial params: [0.9895, 8.3243, 9.1023, 7.4625, 4.2192, 16.5111, 10.812, 0.3728, 0.4217, 49.217, 3.1557, 0.701, 0.5912, 0.8955]
bads:TooCloseBounds: For each variable, hard and plausible bounds should not be too close. Moving plausible bounds.
Variables (index) internally transformed to log coordinates: [[ 0  0]
 [ 0  3]
 [ 0  9]
 [ 0 10]
 [ 0 11]
 [ 0 12]
 [ 0 13]]
Beginning optimization of a STOCHASTIC objective function

 Iteration    f-count      E[f(x)]        SD[f(x)]           MeshScale          Method              Actions
     0           1         28759.7             nan               1                                  
     0          26         27644.5             nan               1          Initial mesh            Initial points
     0          41           27414        0.999207               1        Successful poll           Train
     1          44         27113.3        0.999144               1      Successful search (ES-wcm)        
     1          47         26636.1        0.998698               1      Successful search (ES-wcm)        
     1          48         26576.3        0.999027               1      Successful search (ES-wcm)        
     1          49         26332.8        0.999069               1      Successful search (ES-wcm)        
     1          53         25675.2        0.998529               1      Successful search (ES-wcm)        
     1          54         24983.7        0.998921               1      Successful search (ES-wcm)        
     1          59           24754        0.989882               1      Successful search (ES-wcm)        
     1          61         24577.4        0.989882               1      Successful search (ES-wcm)        
     1          62         24559.3         0.98986               1      Successful search (ES-wcm)        
     1          67         24459.4        0.989263               1      Successful search (ES-wcm)        
     1          69         24372.5         0.98907               1      Successful search (ES-wcm)        
     1          71         24210.6        0.989761               1      Successful search (ES-wcm)        
     1          73         24138.6        0.989824               1      Successful search (ES-wcm)        
     1          78           24088        0.989533               1      Successful search (ES-ell)        
     1          86         23997.4         1.02546               1      Successful search (ES-wcm)        
     1          89         23910.1         1.02543               1      Successful search (ES-wcm)        
     1          92         23846.5         1.02535               1      Successful search (ES-wcm)        
     1          95         23837.5         1.02524               1      Successful search (ES-wcm)        
     1         101         23606.8         1.02529               1      Successful search (ES-ell)        
     1         102           23445         1.02538               1      Successful search (ES-ell)        
     1         107         23109.1         1.02397               1      Successful search (ES-ell)        
     1         109         23029.6         1.02484               1      Successful search (ES-ell)        
     1         111         23016.7         1.02381               1      Successful search (ES-ell)        
     1         115         22995.3        0.991989               1      Successful search (ES-wcm)        
     1         117         22829.8         0.99193               1      Successful search (ES-ell)        
     1         132         22806.6         0.98258               1      Successful search (ES-ell)        
     1         133         22769.6         0.98656               1      Successful search (ES-ell)        
     1         136         22735.4        0.973781               1      Successful search (ES-ell)        
     1         137         22729.7         0.96228               1      Successful search (ES-ell)        
     1         138         22689.9        0.988648               1      Successful search (ES-ell)        
     1         144           22671         1.02236               1      Successful search (ES-ell)        
     1         150         22650.7         1.02227               1      Successful search (ES-wcm)        
     1         151         22573.7         1.02246               1      Successful search (ES-wcm)        
     1         152         22545.2         1.02245               1      Successful search (ES-wcm)        
     1         154         22241.6         1.02254               1      Successful search (ES-ell)        
     1         161         22213.3         1.02222               1      Successful search (ES-ell)        
     1         173         22136.7         1.20066               1      Successful search (ES-wcm)        
     1         181         22101.9         1.19986               1      Successful search (ES-wcm)        
     1         192         22094.2         1.18622               1      Successful search (ES-wcm)        
     1         228         22094.2         1.18622             0.5          Refine grid             Train
     2         229         22136.9         37.4685             0.5      Successful search (ES-wcm)        
     2         277         22136.9         37.4685            0.25          Refine grid             
     3         278         22075.2         29.2287            0.25      Successful search (ES-wcm)        
     3         281         22032.4         29.0476            0.25      Successful search (ES-wcm)        
     3         284         21938.8         38.8538            0.25      Successful search (ES-wcm)        
     3         285         21924.7         42.0162            0.25      Successful search (ES-wcm)        
     3         327         21924.7         42.0162           0.125          Refine grid             
     4         328         21917.9         19.6007           0.125      Successful search (ES-ell)        
     4         329         21849.7         26.0284           0.125      Successful search (ES-ell)        
     4         377         21842.9          47.395            0.25        Successful poll           
     5         378         21790.6         42.3691            0.25      Successful search (ES-ell)        
     5         379         21788.1         43.6473            0.25      Successful search (ES-ell)        
     5         382         21787.9         40.4629            0.25      Successful search (ES-ell)        
     5         392         21736.6         31.5944            0.25      Successful search (ES-wcm)        
     5         396           21733         28.2878            0.25      Successful search (ES-wcm)        
     5         397         21712.8         31.7961            0.25      Successful search (ES-wcm)        
     5         404         21705.9         18.3751            0.25      Successful search (ES-ell)        
     5         405         21703.1         20.1001            0.25      Successful search (ES-ell)        
     5         410         21698.6         17.5953            0.25      Successful search (ES-ell)        
     5         411         21672.9         26.1301            0.25      Successful search (ES-ell)        
     5         423         21672.9         15.5378            0.25      Incremental search (ES-wcm)        
     5         425         21672.3         27.2875            0.25      Successful search (ES-ell)        
     5         428         21666.6         25.7077            0.25      Successful search (ES-wcm)        
     5         469         21666.6         25.7077           0.125          Refine grid             
     6         470         21656.4         14.9735           0.125      Successful search (ES-ell)        
     6         471         21633.3         22.6445           0.125      Successful search (ES-ell)        
     6         483         21632.1         12.4176           0.125      Successful search (ES-ell)        
     6         487         21630.6         12.6049           0.125      Successful search (ES-ell)        
     6         488         21630.4         14.5968           0.125      Successful search (ES-ell)        
     6         490         21628.4         14.9516           0.125      Successful search (ES-ell)        
     6         491         21627.6          17.257           0.125      Successful search (ES-ell)        
     6         492         21626.6         21.9712           0.125      Successful search (ES-ell)        
     6         534         21626.6         21.9712          0.0625          Refine grid             
     7         535         21640.1         14.6473          0.0625      Successful search (ES-ell)        
     7         536         21634.4         22.7961          0.0625      Successful search (ES-ell)        
     7         538         21619.8         20.3793          0.0625      Successful search (ES-ell)        
     7         540         21610.3         21.3051          0.0625      Successful search (ES-ell)        
     7         584         21610.3         21.3051         0.03125          Refine grid             Train
     8         585         21637.7         7.18573         0.03125      Successful search (ES-ell)        
     8         586         21636.1         10.0022         0.03125      Successful search (ES-ell)        
     8         587         21629.7         14.5601         0.03125      Successful search (ES-ell)        
     8         637         21629.7         14.5601        0.015625          Refine grid             Train
     9         638         21648.6         6.88469        0.015625      Successful search (ES-wcm)        
     9         639         21646.4         7.37255        0.015625      Successful search (ES-wcm)        
     9         640         21643.1         7.64237        0.015625      Successful search (ES-wcm)        
     9         641         21636.3         8.92114        0.015625      Successful search (ES-wcm)        
     9         642         21626.1         11.0446        0.015625      Successful search (ES-wcm)        
     9         643         21618.7         19.4087        0.015625      Successful search (ES-wcm)        
     9         645         21617.2           20.55        0.015625      Successful search (ES-ell)        
     9         647         21610.5         21.8669        0.015625      Successful search (ES-ell)        
     9         651         21597.7         20.9347        0.015625      Successful search (ES-ell)        
     9         652         21579.8         19.8113        0.015625      Successful search (ES-ell)        
     9         703         21579.8         19.8113       0.0078125          Refine grid             
    10         704         21630.1         6.83868       0.0078125      Successful search (ES-ell)        
    10         705         21628.3          9.3469       0.0078125      Successful search (ES-ell)        
    10         759         21613.6         10.7178        0.015625        Successful poll           
    11         760         21614.3         11.6255        0.015625      Successful search (ES-ell)        
    11         761         21606.4         12.5058        0.015625      Successful search (ES-ell)        
    11         762         21597.5         16.4125        0.015625      Successful search (ES-wcm)        
    11         814         21597.5         16.4125       0.0078125          Refine grid             
    12         815         21629.3         5.39258       0.0078125      Successful search (ES-wcm)        
    12         816         21625.4         6.84111       0.0078125      Successful search (ES-wcm)        
    12         817         21624.6          8.3245       0.0078125      Successful search (ES-wcm)        
    12         818         21614.9         12.8543       0.0078125      Successful search (ES-ell)        
    12         819           21607         18.0398       0.0078125      Successful search (ES-ell)        
    12         820         21597.8         28.6727       0.0078125      Successful search (ES-wcm)        
    12         823         21582.7         21.2821       0.0078125      Successful search (ES-wcm)        
    12         866         21582.7         21.2821      0.00390625          Refine grid             Train
    13         867           21593         6.11387      0.00390625      Successful search (ES-wcm)        
    13         868         21590.8         6.27568      0.00390625      Successful search (ES-wcm)        
    13         869         21588.8         6.53671      0.00390625      Successful search (ES-wcm)        
    13         870         21586.3          7.1357      0.00390625      Successful search (ES-wcm)        
    13         871         21577.7         8.03954      0.00390625      Successful search (ES-wcm)        
    13         872         21572.6         8.91973      0.00390625      Successful search (ES-wcm)        
    13         874         21570.5         10.8496      0.00390625      Successful search (ES-ell)        
    13         875           21567         15.3354      0.00390625      Successful search (ES-ell)        
    13         876         21564.2         22.2637      0.00390625      Successful search (ES-ell)        
    13         921         21564.2         22.2637      0.00195312          Refine grid             Train
    14         922         21596.8         5.19409      0.00195312      Successful search (ES-ell)        
    14         923         21596.2         5.39228      0.00195312      Successful search (ES-ell)        
    14         924         21594.7         5.69236      0.00195312      Successful search (ES-ell)        
    14         925         21592.2         6.46223      0.00195312      Successful search (ES-ell)        
    14         926         21589.4         7.39437      0.00195312      Successful search (ES-ell)        
    14         927         21588.2         9.00251      0.00195312      Successful search (ES-ell)        
    14         928         21586.5         11.7108      0.00195312      Successful search (ES-ell)        
    14         930         21582.6         13.2336      0.00195312      Successful search (ES-wcm)        
    14         975         21582.6         13.2336     0.000976562          Refine grid             
Optimization terminated: change in the function value less than options['tol_mesh']
Estimated function value at minimum: 21582.08640122058 ± 4.113774390016067 (mean ± SEM from 100 samples)
BADS minimum at: x_min = [0.0114 8.614  5.5435 1.118  0.267  5.5524 8.6159 0.5953 0.5019 0.3194
 4.4221 1.5929 1.5418 0.2672], training NLL = 21582.0864
total f-count: 1075, time: 46.23 min

 ------- Finish Optimization for Subject 2 ---------- 

 ------- Start Optimization for Subject 3 ---------- 

 Cross Validation fold 0/1

 -- Start Optimization: method BADS --

 Optimization Run 1/2
Initial params: [0.6462, 4.678, 7.1533, 11.8375, -1.4989, 10.4555, 27.3576, 0.3027, 0.159, 10.7994, 0.9138, 0.7142, 0.6721, 0.5206]
bads:TooCloseBounds: For each variable, hard and plausible bounds should not be too close. Moving plausible bounds.
Variables (index) internally transformed to log coordinates: [[ 0  0]
 [ 0  3]
 [ 0  9]
 [ 0 10]
 [ 0 11]
 [ 0 12]
 [ 0 13]]
Beginning optimization of a STOCHASTIC objective function

 Iteration    f-count      E[f(x)]        SD[f(x)]           MeshScale          Method              Actions
     0           1         27918.8             nan               1                                  
     0          26         26859.5             nan               1          Initial mesh            Initial points
     0          27         26849.5         1.00888               1        Successful poll           Train
     1          30         26836.3         1.00861               1      Successful search (ES-wcm)        
     1          33           26802         1.00731               1      Successful search (ES-wcm)        
     1          36         26716.1         1.00594               1      Successful search (ES-wcm)        
     1          40         26692.8         0.99966               1      Successful search (ES-wcm)        
     1          41           26449         1.00133               1      Successful search (ES-wcm)        
     1          43         25899.5         1.00835               1      Successful search (ES-wcm)        
     1          48         25830.9         1.00033               1      Successful search (ES-wcm)        
     1          52         25715.7        0.969541               1      Successful search (ES-wcm)        
     1          53         25515.5        0.996257               1      Successful search (ES-wcm)        
     1          55         25368.4        0.986071               1      Successful search (ES-wcm)        
     1          56         25236.1         1.01506               1      Successful search (ES-wcm)        
     1          58         25079.4         1.01508               1      Successful search (ES-wcm)        
     1          60         24945.1         1.01506               1      Successful search (ES-wcm)        
     1          61         24794.4         1.01508               1      Successful search (ES-wcm)        
     1          65         24763.5         1.01503               1      Successful search (ES-wcm)        
     1          69         24689.6         1.01501               1      Successful search (ES-wcm)        
     1          70         24573.4         1.01506               1      Successful search (ES-wcm)        
     1          72         24535.2         1.01497               1      Successful search (ES-wcm)        
     1          74         24452.2         1.01505               1      Successful search (ES-wcm)        
     1          76         24392.6         1.01494               1      Successful search (ES-wcm)        
     1          80         24377.8         1.01485               1      Successful search (ES-wcm)        
     1          83         24324.6         1.01442               1      Successful search (ES-wcm)        
     1          85           24105         1.00955               1      Successful search (ES-wcm)        
     1          86         24072.7         1.00954               1      Successful search (ES-ell)        
     1          87         23958.5         1.00955               1      Successful search (ES-ell)        
     1          89         22767.2         1.00954               1      Successful search (ES-ell)        
     1          92         22745.2         1.00947               1      Successful search (ES-wcm)        
     1          93         22547.7         1.00939               1      Successful search (ES-ell)        
     1          94         22500.3         1.00944               1      Successful search (ES-ell)        
     1          96         22387.2         1.00948               1      Successful search (ES-ell)        
     1         102         22354.7          1.0088               1      Successful search (ES-ell)        
     1         106         22281.6         1.00729               1      Successful search (ES-ell)        
     1         108         22173.9         1.00458               1      Successful search (ES-ell)        
     1         111         22118.8         0.99536               1      Successful search (ES-ell)        
     1         115         22045.9         1.02804               1      Successful search (ES-ell)        
     1         117         21562.4         1.02804               1      Successful search (ES-ell)        
     1         119         21234.9           1.028               1      Successful search (ES-ell)        
     1         121         21097.1           1.028               1      Successful search (ES-ell)        
     1         124         21078.6         1.02797               1      Successful search (ES-ell)        
     1         126         20656.4         1.02806               1      Successful search (ES-ell)        
     1         131         20525.7         1.02787               1      Successful search (ES-ell)        
     1         172         20525.7         1.02787             0.5          Refine grid             Train
     2         209         20526.1          1.1812            0.25          Refine grid             Train
     3         210         20545.8         1.18345            0.25      Successful search (ES-ell)        
     3         218         20536.8         1.18418            0.25      Successful search (ES-wcm)        
     3         223         20533.8         1.18403            0.25      Successful search (ES-wcm)        
     3         262         20398.9         40.2281             0.5        Successful poll           
     4         265           20290          38.982             0.5      Successful search (ES-ell)        
     4         270         20276.7         32.2276             0.5      Successful search (ES-ell)        
     4         271         20242.6         34.3117             0.5      Successful search (ES-ell)        
     4         273           20242          33.882             0.5      Successful search (ES-ell)        
     4         276         20210.1         36.8856             0.5      Successful search (ES-wcm)        
     4         278           20189         40.1757             0.5      Successful search (ES-wcm)        
     4         283         20168.7         40.1315             0.5      Successful search (ES-wcm)        
     4         285         20158.8         38.5124             0.5      Successful search (ES-wcm)        
     4         287         20151.5         37.3317             0.5      Successful search (ES-wcm)        
     4         288         20063.1         39.2965             0.5      Successful search (ES-wcm)        
     4         326         20063.1         39.2965            0.25          Refine grid             
     5         328         20151.4         33.5367            0.25      Successful search (ES-wcm)        
     5         331         20100.7         30.8727            0.25      Successful search (ES-wcm)        
     5         332         20048.6         35.4957            0.25      Successful search (ES-wcm)        
     5         336           19964         30.5661            0.25      Successful search (ES-ell)        
     5         342         19927.1         32.5232            0.25      Successful search (ES-ell)        
     5         392         19927.1         32.5232           0.125          Refine grid             
     6         394         20008.5         24.2963           0.125      Successful search (ES-wcm)        
     6         395         19985.9         36.6103           0.125      Successful search (ES-wcm)        
     6         397         19979.8         34.8089           0.125      Successful search (ES-wcm)        
     6         401         19974.6         26.4711           0.125      Successful search (ES-wcm)        
     6         404         19971.7         21.8032           0.125      Successful search (ES-wcm)        
     6         405         19965.9         26.0694           0.125      Successful search (ES-wcm)        
     6         407         19963.5         36.4836           0.125      Successful search (ES-wcm)        
     6         409         19848.3         37.7242           0.125      Successful search (ES-wcm)        
     6         459         19848.3         37.7242          0.0625          Refine grid             
     7         460           19907         12.3781          0.0625      Successful search (ES-wcm)        
     7         463         19904.6         10.2228          0.0625      Successful search (ES-wcm)        
     7         464         19889.9         14.1294          0.0625      Successful search (ES-wcm)        
     7         465           19882         20.3683          0.0625      Successful search (ES-wcm)        
     7         467         19846.6         19.8065          0.0625      Successful search (ES-ell)        
     7         468           19837         25.0709          0.0625      Successful search (ES-ell)        
     7         469         19810.6         31.4511          0.0625      Successful search (ES-ell)        
     7         470         19739.8         35.3087          0.0625      Successful search (ES-ell)        
     7         472         19715.8           36.29          0.0625      Successful search (ES-ell)        
     7         513         19715.8           36.29         0.03125          Refine grid             
     8         514         19773.7         8.26934         0.03125      Successful search (ES-wcm)        
     8         515         19758.2         9.62958         0.03125      Successful search (ES-ell)        
     8         516           19754         15.1455         0.03125      Successful search (ES-wcm)        
     8         517           19742         18.0713         0.03125      Successful search (ES-wcm)        
     8         567           19742         18.0713        0.015625          Refine grid             Train
     9         570           19777         6.06014        0.015625      Successful search (ES-ell)        
     9         571           19776         6.71809        0.015625      Successful search (ES-ell)        
     9         573         19775.3         7.79637        0.015625      Successful search (ES-ell)        
     9         576         19774.9         8.20408        0.015625      Successful search (ES-ell)        
     9         577         19771.3         8.22159        0.015625      Successful search (ES-wcm)        
     9         578           19770         8.74423        0.015625      Successful search (ES-wcm)        
     9         579         19762.3         9.79002        0.015625      Successful search (ES-wcm)        
     9         580         19756.8         11.6653        0.015625      Successful search (ES-wcm)        
     9         581           19756         15.8749        0.015625      Successful search (ES-ell)        
     9         582         19749.6         17.2873        0.015625      Successful search (ES-ell)        
     9         635         19749.6         17.2873       0.0078125          Refine grid             Train
    10         636         19767.7         5.59619       0.0078125      Successful search (ES-ell)        
    10         637         19763.7         6.00901       0.0078125      Successful search (ES-ell)        
    10         638         19759.8         7.18758       0.0078125      Successful search (ES-ell)        
    10         639         19757.9         9.14305       0.0078125      Successful search (ES-ell)        
    10         640         19748.6          12.408       0.0078125      Successful search (ES-ell)        
    10         689         19748.6          12.408      0.00390625          Refine grid             
    11         690         19771.7         5.44594      0.00390625      Successful search (ES-ell)        
    11         691         19770.6         5.73239      0.00390625      Successful search (ES-wcm)        
    11         692         19769.4         6.34131      0.00390625      Successful search (ES-wcm)        
    11         693         19768.4         7.05454      0.00390625      Successful search (ES-wcm)        
    11         694         19768.2         8.55227      0.00390625      Successful search (ES-wcm)        
    11         743         19768.2         8.55227      0.00195312          Refine grid             
    12         744         19774.5         4.10465      0.00195312      Successful search (ES-ell)        
    12         749         19774.5         4.04205      0.00195312      Successful search (ES-ell)        
    12         750         19774.3          4.0979      0.00195312      Successful search (ES-ell)        
    12         751         19773.7          4.1858      0.00195312      Successful search (ES-ell)        
    12         752         19773.2         4.25805      0.00195312      Successful search (ES-ell)        
    12         754         19772.5         4.39927      0.00195312      Successful search (ES-ell)        
    12         756         19772.1         4.54616      0.00195312      Successful search (ES-ell)        
    12         757         19771.2         4.83139      0.00195312      Successful search (ES-ell)        
    12         758         19770.8          5.0302      0.00195312      Successful search (ES-wcm)        
    12         759         19769.6         5.31629      0.00195312      Successful search (ES-wcm)        
    12         760         19768.1         5.88109      0.00195312      Successful search (ES-wcm)        
    12         761         19766.9         6.69539      0.00195312      Successful search (ES-wcm)        
    12         762           19763         8.16172      0.00195312      Successful search (ES-wcm)        
    12         763           19762         11.2432      0.00195312      Successful search (ES-wcm)        
    12         811           19762         11.2432     0.000976562          Refine grid             
Optimization terminated: change in the function value less than options['tol_mesh']
Estimated function value at minimum: 19765.146620240626 ± 4.480811572675241 (mean ± SEM from 100 samples)
BADS minimum at: x_min = [ 1.4989  3.937   4.2688  0.5847 -0.4057  4.2747 27.8489  0.871   0.5001
  0.3461  5.0953  0.0472  1.5884  0.2888], training NLL = 19765.1466
total f-count: 911, time: 39.17 min

 Optimization Run 2/2
Initial params: [0.9135, 4.8062, 5.421, 14.3213, -2.4032, 18.1961, 29.7761, 0.3828, 0.2098, 38.3427, 4.4813, 0.9527, 0.0877, 0.5229]
bads:TooCloseBounds: For each variable, hard and plausible bounds should not be too close. Moving plausible bounds.
Variables (index) internally transformed to log coordinates: [[ 0  0]
 [ 0  3]
 [ 0  9]
 [ 0 10]
 [ 0 11]
 [ 0 12]
 [ 0 13]]
Beginning optimization of a STOCHASTIC objective function

 Iteration    f-count      E[f(x)]        SD[f(x)]           MeshScale          Method              Actions
     0           1         27918.8             nan               1                                  
     0          26         26873.6             nan               1          Initial mesh            Initial points
     0          27         26840.8        0.999253               1        Successful poll           Train
     1          31         26711.3        0.998777               1      Successful search (ES-wcm)        
     1          33         26299.8        0.998303               1      Successful search (ES-wcm)        
     1          37         25959.6        0.996036               1      Successful search (ES-wcm)        
     1          38         25405.3        0.996708               1      Successful search (ES-wcm)        
     1          39         24914.9        0.994997               1      Successful search (ES-wcm)        
     1          40         24895.1        0.998974               1      Successful search (ES-ell)        
     1          41         24587.7        0.998811               1      Successful search (ES-wcm)        
     1          48         24553.1        0.994038               1      Successful search (ES-ell)        
     1          52         24485.5        0.937051               1      Successful search (ES-wcm)        
     1          53           24431        0.944843               1      Successful search (ES-wcm)        
     1          54         24400.5        0.951488               1      Successful search (ES-wcm)        
     1          60         24344.2        0.983946               1      Successful search (ES-wcm)        
     1          61         24176.1        0.984106               1      Successful search (ES-wcm)        
     1          69         24129.9        0.981589               1      Successful search (ES-wcm)        
     1          75         24064.7        0.983586               1      Successful search (ES-wcm)        
     1          85         22903.6         24.7158               1      Successful search (ES-wcm)        
     1          89         22669.6         23.9146               1      Successful search (ES-wcm)        
     1          92         22635.7          22.951               1      Successful search (ES-wcm)        
     1          94         22525.6         23.6571               1      Successful search (ES-wcm)        
     1         104         22522.3         17.1504               1      Successful search (ES-wcm)        
     1         113         22492.7         21.5167               1      Successful search (ES-wcm)        
     1         114         22477.1         28.3315               1      Successful search (ES-wcm)        
     1         117         22457.3         28.1095               1      Successful search (ES-wcm)        
     1         118         22187.9         27.5337               1      Successful search (ES-wcm)        
     1         121         22143.3         26.9095               1      Successful search (ES-wcm)        
     1         125         22135.2         21.2168               1      Successful search (ES-wcm)        
     1         126         21702.5         28.0697               1      Successful search (ES-wcm)        
     1         130         21479.1         27.0505               1      Successful search (ES-wcm)        
     1         132         21465.7         26.4259               1      Successful search (ES-wcm)        
     1         135         21447.9         22.9331               1      Successful search (ES-wcm)        
     1         136         21393.6         23.3633               1      Successful search (ES-wcm)        
     1         137         21356.1          23.876               1      Successful search (ES-wcm)        
     1         171         21318.4         26.4749               1        Successful poll           
     2         174         21021.3         26.5971               1      Successful search (ES-wcm)        
     2         179         20990.9         23.8238               1      Successful search (ES-ell)        
     2         218         20990.9         23.8238             0.5          Refine grid             
     3         220         21060.6         25.1235             0.5      Successful search (ES-ell)        
     3         224         21032.6         21.1967             0.5      Successful search (ES-ell)        
     3         226         20937.2         20.3071             0.5      Successful search (ES-ell)        
     3         237         20917.1          20.416             0.5      Successful search (ES-wcm)        
     3         238         20901.9         26.3565             0.5      Successful search (ES-wcm)        
     3         247         20875.6         38.0376             0.5      Successful search (ES-ell)        
     3         249         20860.3         38.4821             0.5      Successful search (ES-ell)        
     3         251         20815.9         36.3633             0.5      Successful search (ES-ell)        
     3         252         20768.7         40.2058             0.5      Successful search (ES-ell)        
     3         254         20764.2         39.8783             0.5      Successful search (ES-ell)        
     3         258         20699.1         30.9423             0.5      Successful search (ES-ell)        
     3         259         20611.5         36.0856             0.5      Successful search (ES-ell)        
     3         260         20428.5         38.8794             0.5      Successful search (ES-ell)        
     3         261         20232.4         36.6151             0.5      Successful search (ES-ell)        
     3         265         20088.5          30.169             0.5      Successful search (ES-ell)        
     3         270         20086.4         19.3976             0.5      Successful search (ES-ell)        
     3         271         19974.6         24.9882             0.5      Successful search (ES-ell)        
     3         272         19933.4         27.5117             0.5      Successful search (ES-wcm)        
     3         273         19868.5         31.9253             0.5      Successful search (ES-ell)        
     3         307         19868.5         31.9253            0.25          Refine grid             Train
     4         308         19854.9         33.3363            0.25      Successful search (ES-ell)        
     4         323         19835.6         21.6409            0.25      Successful search (ES-ell)        
     4         325           19833         24.5934            0.25      Successful search (ES-ell)        
     4         326         19760.6         31.5788            0.25      Successful search (ES-ell)        
     4         328         19758.6         24.8541            0.25      Successful search (ES-wcm)        
     4         329         19741.6         28.6883            0.25      Successful search (ES-wcm)        
     4         373         19741.6         28.6883           0.125          Refine grid             Train
     5         374         19749.2         33.3975           0.125      Successful search (ES-wcm)        
     5         377         19715.8          25.204           0.125      Successful search (ES-wcm)        
     5         426         19715.8          25.204          0.0625          Refine grid             
     6         427         19749.1         11.1448          0.0625      Successful search (ES-wcm)        
     6         428         19721.5         17.6716          0.0625      Successful search (ES-wcm)        
     6         429         19719.3         24.7972          0.0625      Successful search (ES-ell)        
     6         441         19712.1         9.96333          0.0625      Successful search (ES-wcm)        
     6         442         19694.5         15.5325          0.0625      Successful search (ES-wcm)        
     6         444         19676.2          17.285          0.0625      Successful search (ES-ell)        
     6         448         19673.4         15.1473          0.0625      Successful search (ES-ell)        
     6         455         19670.4         14.5128          0.0625      Successful search (ES-ell)        
     6         460         19668.8         11.9832          0.0625      Successful search (ES-wcm)        
     6         463         19667.7          10.481          0.0625      Successful search (ES-wcm)        
     6         468         19667.2         9.41676          0.0625      Successful search (ES-wcm)        
     6         472         19665.6         9.22785          0.0625      Successful search (ES-ell)        
     6         482         19665.1         7.53684          0.0625      Successful search (ES-ell)        
     6         484         19660.9         10.9788          0.0625      Successful search (ES-ell)        
     6         511         19424.8         10.1636           0.125        Successful poll           
     7         550         19424.6         10.1667          0.0625          Refine grid             
     8         551           19763         8.86505          0.0625      Successful search (ES-ell)        
     8         552         19742.7         12.9937          0.0625      Successful search (ES-ell)        
     8         553         19724.3         18.0205          0.0625      Successful search (ES-ell)        
     8         555         19708.7         22.7102          0.0625      Successful search (ES-ell)        
     8         559         19694.9         16.3766          0.0625      Successful search (ES-wcm)        
     8         561         19694.8         17.5103          0.0625      Successful search (ES-wcm)        
     8         604         19694.8         17.5103         0.03125          Refine grid             Train
     9         605         19720.4         8.84604         0.03125      Successful search (ES-ell)        
     9         613         19719.9         6.75721         0.03125      Successful search (ES-wcm)        
     9         614         19709.2         6.30641         0.03125      Successful search (ES-wcm)        
     9         615         19697.5         5.96845         0.03125      Successful search (ES-wcm)        
     9         616         19680.7         5.86287         0.03125      Successful search (ES-wcm)        
     9         617         19669.4         6.46761         0.03125      Successful search (ES-wcm)        
     9         618         19660.5         8.13034         0.03125      Successful search (ES-wcm)        
     9         620         19655.3         9.69089         0.03125      Successful search (ES-wcm)        
     9         622         19652.7         10.7414         0.03125      Successful search (ES-wcm)        
     9         623         19642.9         11.5111         0.03125      Successful search (ES-ell)        
     9         672         19642.9         11.5111        0.015625          Refine grid             Train
    10         673         19668.4         5.84732        0.015625      Successful search (ES-ell)        
    10         674         19651.6          7.7232        0.015625      Successful search (ES-ell)        
    10         675         19645.6         12.3401        0.015625      Successful search (ES-ell)        
    10         676         19636.8         15.9203        0.015625      Successful search (ES-ell)        
    10         726         19636.8         15.9203       0.0078125          Refine grid             
    11         727         19679.1         5.75965       0.0078125      Successful search (ES-ell)        
    11         728         19676.5         7.90362       0.0078125      Successful search (ES-ell)        
    11         729         19663.7         10.7625       0.0078125      Successful search (ES-ell)        
    11         780         19663.7         10.7625      0.00390625          Refine grid             
    12         781         19684.5         5.02699      0.00390625      Successful search (ES-ell)        
    12         782           19682          5.7012      0.00390625      Successful search (ES-ell)        
    12         783         19677.5         6.77092      0.00390625      Successful search (ES-ell)        
    12         784         19670.3         8.30098      0.00390625      Successful search (ES-ell)        
    12         785         19660.5         9.81899      0.00390625      Successful search (ES-ell)        
    12         786         19648.8         13.2716      0.00390625      Successful search (ES-ell)        
    12         834         19648.8         13.2716      0.00195312          Refine grid             Train
    13         835         19665.4          5.2268      0.00195312      Successful search (ES-ell)        
    13         836         19664.5         5.53067      0.00195312      Successful search (ES-ell)        
    13         837           19663         6.08476      0.00195312      Successful search (ES-ell)        
    13         838         19662.6         7.18891      0.00195312      Successful search (ES-ell)        
bads:es_search: Something went wrong with the acquisition function, random search is performed
bads:es_search: Something went wrong with the acquisition function, random search is performed
Tue Dec  9 19:45:10 2025       
+---------------------------------------------------------------------------------------+
| NVIDIA-SMI 535.113.01             Driver Version: 535.113.01   CUDA Version: 12.2     |
|-----------------------------------------+----------------------+----------------------+
| GPU  Name                 Persistence-M | Bus-Id        Disp.A | Volatile Uncorr. ECC |
| Fan  Temp   Perf          Pwr:Usage/Cap |         Memory-Usage | GPU-Util  Compute M. |
|                                         |                      |               MIG M. |
|=========================================+======================+======================|
|   0  NVIDIA A100 80GB PCIe          On  | 00000000:21:00.0 Off |                    0 |
| N/A   38C    P0              63W / 300W |      4MiB / 81920MiB |      0%      Default |
|                                         |                      |             Disabled |
+-----------------------------------------+----------------------+----------------------+
                                                                                         
+---------------------------------------------------------------------------------------+
| Processes:                                                                            |
|  GPU   GI   CI        PID   Type   Process name                            GPU Memory |
|        ID   ID                                                             Usage      |
|=======================================================================================|
|  No running processes found                                                           |
+---------------------------------------------------------------------------------------+
----------------------------------------
Start job epilogue Tue Dec  9 19:45:10 CET 2025
----------------------------------------
Job ID:          49984332
Job Exit Code:   0:0
Username:        wenlou
Group:           mpla
Queue:           gpu
Compute nodes:   dccn-c080
Asked resources: walltime=1-00:00:00,nodes=1,cpus=8,mem=2G
Used resources:  cputime=22:48:16,walltime=02:51:02,memory=1G
----------------------------------------
End job epilogue Tue Dec  9 19:45:10 CET 2025
----------------------------------------
