----------------------------------------
Start task prologue Tue Dec  9 16:54:06 CET 2025
----------------------------------------
Step ID:         49984330.
Username:        wenlou
Group:           mpla
Asked resources: walltime=1-00:00:00,nodes=1,cpus=8,mem=2G
Queue:           gpu
Compute nodes:   dccn-c078
----------------------------------------
End task prologue Tue Dec  9 16:54:06 CET 2025
----------------------------------------
CUDA version:
nvcc: NVIDIA (R) Cuda compiler driver
Copyright (c) 2005-2024 NVIDIA Corporation
Built on Thu_Mar_28_02:18:24_PDT_2024
Cuda compilation tools, release 12.4, V12.4.131
Build cuda_12.4.r12.4/compiler.34097967_0

[WARNING] Please note the interface change for (de-)activating conda environment:

  - DO NOT use `conda activate` to enter the conda environment as it requires extra step to modify your ~/.bashrc file, which will force you to use this Anaconda version (2024.06).  Therefore keep using `source activate` instead.

  - DO use `conda deactivate` to leave your conda environment as `source deactivate` will be deprecated in future release.

Running model for expriment=sep_prior, m_id=4, method=bads
device is : cuda
['sep_prior', '4', 'all', 'bads', '2']

 ------- Start Optimization for Subject 2 ---------- 

 Cross Validation fold 0/1

 -- Start Optimization: method BADS --

 Optimization Run 1/2
Initial params: [1.1368, 5.8158, 3.5798, 16.7254, -4.1537, 7.2231, 16.4816, 0.5446, 0.2075, 43.0718, 2.3065, 0.8559, 0.5227, 0.9663]
bads:TooCloseBounds: For each variable, hard and plausible bounds should not be too close. Moving plausible bounds.
Variables (index) internally transformed to log coordinates: [[ 0  0]
 [ 0  3]
 [ 0  9]
 [ 0 10]
 [ 0 11]
 [ 0 12]
 [ 0 13]]
Beginning optimization of a STOCHASTIC objective function

 Iteration    f-count      E[f(x)]        SD[f(x)]           MeshScale          Method              Actions
     0           1         28759.7             nan               1                                  
     0          26           27637             nan               1          Initial mesh            Initial points
     0          41         27380.4         1.02635               1        Successful poll           Train
     1          43         26738.6         1.02635               1      Successful search (ES-wcm)        
     1          44         26120.1         1.02635               1      Successful search (ES-wcm)        
     1          49         26103.2         1.02529               1      Successful search (ES-wcm)        
     1          51         25959.8          1.0257               1      Successful search (ES-wcm)        
     1          55         25959.2         1.01841               1      Incremental search (ES-wcm)        
     1          56         25577.6        0.993404               1      Successful search (ES-wcm)        
     1          57         25457.5        0.993405               1      Successful search (ES-wcm)        
     1          58         25246.2        0.993412               1      Successful search (ES-wcm)        
     1          60         25215.6        0.993387               1      Successful search (ES-wcm)        
     1          64         24950.7        0.993401               1      Successful search (ES-ell)        
     1          65         24900.4        0.993392               1      Successful search (ES-ell)        
     1          67         24792.4        0.993389               1      Successful search (ES-ell)        
     1          75         24594.9         0.99334               1      Successful search (ES-wcm)        
     1          78         24593.9        0.987704               1      Incremental search (ES-ell)        
     1          84         24013.2        0.993404               1      Successful search (ES-wcm)        
     1          89         23874.7        0.993663               1      Successful search (ES-ell)        
     1          90         23473.2        0.993855               1      Successful search (ES-ell)        
     1          91         23165.2        0.993879               1      Successful search (ES-ell)        
     1         100         23101.8        0.993702               1      Successful search (ES-ell)        
     1         106         23062.2        0.991341               1      Successful search (ES-ell)        
     1         111         23059.4        0.954791               1      Successful search (ES-ell)        
     1         115         22992.4         1.03172               1      Successful search (ES-ell)        
     1         119         22923.3         1.03142               1      Successful search (ES-ell)        
     1         123         22901.5         1.03004               1      Successful search (ES-ell)        
     1         126         22700.1         1.03173               1      Successful search (ES-ell)        
     1         129         22538.5         1.03161               1      Successful search (ES-ell)        
     1         133         22513.5         1.03138               1      Successful search (ES-ell)        
     1         134         22475.3         1.03105               1      Successful search (ES-ell)        
     1         139           22336         1.03063               1      Successful search (ES-ell)        
     1         145         22281.3         1.04467               1      Successful search (ES-ell)        
     1         161         22248.4         1.04215               1      Successful search (ES-ell)        
     1         162         22231.9         1.04167               1      Successful search (ES-ell)        
     1         166         22216.4         1.03993               1      Successful search (ES-ell)        
     1         172         22148.5         1.26397               1      Successful search (ES-ell)        
     1         175         22148.3         1.26389               1      Incremental search (ES-ell)        
     1         178           22019         1.26402               1      Successful search (ES-wcm)        
     1         181         22006.7         1.26403               1      Successful search (ES-wcm)        
     1         187         21988.9         1.26401               1      Successful search (ES-wcm)        
     1         189         21922.8         1.26403               1      Successful search (ES-wcm)        
     1         225         21922.8         1.26403             0.5          Refine grid             Train
     2         258         21877.1         1.11373               1        Successful poll           Train
     3         265         21827.8         1.14358               1      Successful search (ES-wcm)        
     3         267         21700.3         1.14358               1      Successful search (ES-wcm)        
     3         282         21642.9         1.77526               1      Successful search (ES-wcm)        
     3         316         21642.9         1.77526             0.5          Refine grid             Train
     4         352           21643         1.45215            0.25          Refine grid             Train
     5         390         21643.3         1.39551           0.125          Refine grid             Train
     6         395         21662.2         1.40055           0.125      Successful search (ES-wcm)        
     6         397         21647.2         1.40053           0.125      Successful search (ES-ell)        
     6         406         21623.9         1.40101           0.125      Successful search (ES-wcm)        
     6         407         21616.5         1.40106           0.125      Successful search (ES-wcm)        
     6         455         21542.6         1.26958            0.25        Successful poll           
     7         456         21447.1         1.26957            0.25      Successful search (ES-wcm)        
     7         507         21447.1         1.26957           0.125          Refine grid             Train
     8         510         21489.3         1.26958           0.125      Successful search (ES-wcm)        
     8         560         21489.3         1.26958          0.0625          Refine grid             
     9         566         21512.7         1.26753          0.0625      Successful search (ES-wcm)        
     9         613         21512.7         1.26753         0.03125          Refine grid             Train
    10         653         21542.6         1.26956        0.015625          Refine grid             Train
    11         695         21574.5         13.8799       0.0078125          Refine grid             Train
    12         696         21566.8         15.6228       0.0078125      Successful search (ES-wcm)        
    12         704         21565.4         10.7366       0.0078125      Successful search (ES-ell)        
    12         705         21564.8         10.4743       0.0078125      Successful search (ES-ell)        
    12         706         21562.3         10.3131       0.0078125      Successful search (ES-ell)        
    12         713         21562.2         9.13126       0.0078125      Successful search (ES-wcm)        
    12         714           21558         9.04931       0.0078125      Successful search (ES-ell)        
    12         715         21550.1         9.01129       0.0078125      Successful search (ES-ell)        
    12         716         21541.7         9.51495       0.0078125      Successful search (ES-ell)        
    12         717         21533.2         10.0844       0.0078125      Successful search (ES-ell)        
    12         718         21531.4         11.8461       0.0078125      Successful search (ES-ell)        
    12         720         21523.2         12.5034       0.0078125      Successful search (ES-ell)        
    12         721         21505.2          14.155       0.0078125      Successful search (ES-ell)        
    12         763         21505.2          14.155      0.00390625          Refine grid             
    13         764         21537.2         6.20737      0.00390625      Successful search (ES-wcm)        
    13         765         21535.7         6.40305      0.00390625      Successful search (ES-wcm)        
    13         766         21531.3         7.16877      0.00390625      Successful search (ES-ell)        
    13         767         21525.1         10.7085      0.00390625      Successful search (ES-ell)        
    13         818         21525.1         10.7085      0.00195312          Refine grid             
    14         819           21541         5.68021      0.00195312      Successful search (ES-ell)        
    14         820         21540.6         5.90565      0.00195312      Successful search (ES-ell)        
    14         821         21538.6         6.66937      0.00195312      Successful search (ES-ell)        
    14         823         21536.9         7.16476      0.00195312      Successful search (ES-wcm)        
    14         824         21536.8         8.36354      0.00195312      Successful search (ES-ell)        
    14         825         21533.4         10.7199      0.00195312      Successful search (ES-wcm)        
    14         826         21524.1         11.6476      0.00195312      Successful search (ES-ell)        
    14         872         21524.1         11.6476     0.000976562          Refine grid             Train
Optimization terminated: change in the function value less than options['tol_mesh']
Estimated function value at minimum: 21544.597411211034 ± 4.110656922916207 (mean ± SEM from 100 samples)
BADS minimum at: x_min = [ 0.2908  5.3252  4.8047 12.442   7.594   4.8066 15.2684  0.59    0.4503
  0.3864  4.2196  1.4552  1.8422  0.199 ], training NLL = 21544.5974
total f-count: 972, time: 41.89 min

 Optimization Run 2/2
Initial params: [1.914, 3.7921, 10.6949, 6.7344, 4.7142, 25.9563, 29.0918, 0.2405, 0.5716, 45.6709, 2.7558, 0.979, 0.9404, 0.3092]
bads:TooCloseBounds: For each variable, hard and plausible bounds should not be too close. Moving plausible bounds.
Variables (index) internally transformed to log coordinates: [[ 0  0]
 [ 0  3]
 [ 0  9]
 [ 0 10]
 [ 0 11]
 [ 0 12]
 [ 0 13]]
Beginning optimization of a STOCHASTIC objective function

 Iteration    f-count      E[f(x)]        SD[f(x)]           MeshScale          Method              Actions
     0           1         28759.7             nan               1                                  
     0          26         27597.9             nan               1          Initial mesh            Initial points
     0          27         27411.7         1.00454               1        Successful poll           Train
     1          28         26697.9         1.00455               1      Successful search (ES-wcm)        
     1          30         26598.7         1.00453               1      Successful search (ES-wcm)        
     1          37         26270.2           1.004               1      Successful search (ES-wcm)        
     1          41         26245.7         1.00132               1      Successful search (ES-wcm)        
     1          42         26029.1         1.00453               1      Successful search (ES-ell)        
     1          46         25951.5         1.00438               1      Successful search (ES-ell)        
     1          50         25427.3         1.00384               1      Successful search (ES-ell)        
     1          53         24987.2         1.00194               1      Successful search (ES-ell)        
     1          59         24951.3        0.980683               1      Successful search (ES-ell)        
     1          64         24696.5        0.980381               1      Successful search (ES-ell)        
     1          66         24683.2        0.980288               1      Successful search (ES-ell)        
     1          68         24655.5        0.980352               1      Successful search (ES-ell)        
     1          72         24600.2        0.980586               1      Successful search (ES-ell)        
     1          73         24527.8        0.980411               1      Successful search (ES-wcm)        
     1          77         24408.4        0.980085               1      Successful search (ES-ell)        
     1          81         24386.3        0.979921               1      Successful search (ES-ell)        
     1          82           24372        0.980432               1      Successful search (ES-ell)        
     1          83           24363        0.979922               1      Successful search (ES-ell)        
     1          85         24150.3         1.00873               1      Successful search (ES-ell)        
     1          86         23592.7         1.00873               1      Successful search (ES-ell)        
     1          87         23400.8         1.00873               1      Successful search (ES-ell)        
     1          88         23260.7         1.00873               1      Successful search (ES-ell)        
     1          90         23239.6         1.00873               1      Successful search (ES-ell)        
     1          91           22858         1.00873               1      Successful search (ES-ell)        
     1          94         22693.9         1.00873               1      Successful search (ES-ell)        
     1          97         22585.1         1.00872               1      Successful search (ES-ell)        
     1          99         22506.3         1.00872               1      Successful search (ES-ell)        
     1         106         22371.4         1.00854               1      Successful search (ES-ell)        
     1         107         22338.6         1.00864               1      Successful search (ES-ell)        
     1         109         22315.3          1.0085               1      Successful search (ES-ell)        
     1         111         22233.9         1.00861               1      Successful search (ES-ell)        
     1         119         22214.4        0.998075               1      Successful search (ES-ell)        
     1         156         22214.4        0.998075             0.5          Refine grid             Train
     2         192         22175.1         1.17134               1        Successful poll           Train
     3         223         22171.5         1.08461             0.5          Refine grid             Train
     4         231         22168.6         1.31354             0.5      Successful search (ES-ell)        
     4         234         22132.5         1.31367             0.5      Successful search (ES-ell)        
     4         275         22132.5         1.31367            0.25          Refine grid             Train
     5         314         22023.6         3.32928             0.5        Successful poll           Train
     6         352         22023.6         3.32928            0.25          Refine grid             Train
     7         354         22098.1         1.31456            0.25      Successful search (ES-wcm)        
     7         356         22075.9         1.31456            0.25      Successful search (ES-wcm)        
     7         371         22058.9         1.31458            0.25      Successful search (ES-wcm)        
     7         372         21972.8         1.31459            0.25      Successful search (ES-wcm)        
     7         384         21970.1         22.6039            0.25      Successful search (ES-ell)        
     7         433         21970.1         22.6039           0.125          Refine grid             
     8         434         22060.2         22.6783           0.125      Successful search (ES-wcm)        
     8         435           22026         32.5226           0.125      Successful search (ES-ell)        
     8         446         22025.1         13.6099           0.125      Successful search (ES-ell)        
     8         447         22016.3         13.2012           0.125      Successful search (ES-ell)        
     8         448         21990.4         26.9913           0.125      Successful search (ES-ell)        
     8         502         21990.4         26.9913          0.0625          Refine grid             
     9         503         22015.5          9.6751          0.0625      Successful search (ES-ell)        
     9         504         21995.6         18.1173          0.0625      Successful search (ES-wcm)        
     9         506         21979.6         20.0088          0.0625      Successful search (ES-wcm)        
     9         507         21979.4         32.0214          0.0625      Successful search (ES-wcm)        
     9         510         21950.5          33.243          0.0625      Successful search (ES-wcm)        
     9         513           21949         23.8679          0.0625      Successful search (ES-wcm)        
     9         516         21948.4         17.6241          0.0625      Successful search (ES-wcm)        
     9         556         21914.1         35.0668           0.125        Successful poll           
    10         559           21907         20.8841           0.125      Successful search (ES-wcm)        
    10         560         21891.6         28.2562           0.125      Successful search (ES-ell)        
    10         561         21869.9         33.3267           0.125      Successful search (ES-ell)        
    10         562         21843.6          36.942           0.125      Successful search (ES-ell)        
    10         565           21840         30.8002           0.125      Successful search (ES-ell)        
    10         572         21819.2         25.5416           0.125      Successful search (ES-ell)        
    10         624         21819.2         25.5416          0.0625          Refine grid             
    11         625         21875.3         9.54023          0.0625      Successful search (ES-ell)        
    11         626         21852.9         16.7836          0.0625      Successful search (ES-ell)        
    11         627         21835.5         20.8437          0.0625      Successful search (ES-ell)        
    11         628         21833.2         30.1352          0.0625      Successful search (ES-ell)        
    11         629         21801.5         33.6798          0.0625      Successful search (ES-ell)        
    11         633         21786.4         25.5686          0.0625      Successful search (ES-ell)        
    11         634         21784.9         31.1478          0.0625      Successful search (ES-ell)        
    11         636         21767.6         31.5798          0.0625      Successful search (ES-ell)        
    11         680         21767.6         31.5798         0.03125          Refine grid             
    12         681         21796.3          6.7588         0.03125      Successful search (ES-ell)        
    12         682         21785.8         8.21192         0.03125      Successful search (ES-ell)        
    12         683         21774.6         11.5024         0.03125      Successful search (ES-ell)        
    12         684         21767.2         16.6085         0.03125      Successful search (ES-ell)        
    12         687         21764.6         14.7452         0.03125      Successful search (ES-ell)        
    12         688         21747.6         17.7798         0.03125      Successful search (ES-ell)        
    12         689         21733.7         20.4109         0.03125      Successful search (ES-ell)        
    12         691         21726.9         21.2546         0.03125      Successful search (ES-ell)        
    12         692         21696.5         25.9498         0.03125      Successful search (ES-ell)        
    12         735         21696.5         25.9498        0.015625          Refine grid             Train
    13         736         21728.6         6.58708        0.015625      Successful search (ES-ell)        
    13         737         21725.2         8.04238        0.015625      Successful search (ES-ell)        
    13         738         21724.6         10.6853        0.015625      Successful search (ES-ell)        
    13         791         21724.6         10.6853       0.0078125          Refine grid             Train
    14         833         21739.2         5.55023      0.00390625          Refine grid             Train
    15         834         21740.1         5.68611      0.00390625      Successful search (ES-wcm)        
    15         835         21738.7         5.78849      0.00390625      Successful search (ES-wcm)        
    15         836         21733.3         6.11427      0.00390625      Successful search (ES-wcm)        
    15         837         21728.4          6.8454      0.00390625      Successful search (ES-wcm)        
    15         838         21723.8         7.99092      0.00390625      Successful search (ES-wcm)        
    15         839         21715.6         9.94022      0.00390625      Successful search (ES-wcm)        
    15         840         21714.8         12.7236      0.00390625      Successful search (ES-wcm)        
    15         841         21713.2         17.0757      0.00390625      Successful search (ES-wcm)        
    15         889         21713.2         17.0757      0.00195312          Refine grid             
    16         931         21741.9         4.92806     0.000976562          Refine grid             Train
Optimization terminated: change in the function value less than options['tol_mesh']
Estimated function value at minimum: 21726.782796102838 ± 4.588840359164682 (mean ± SEM from 100 samples)
BADS minimum at: x_min = [ 0.1532  3.7568  3.6673  2.679   1.5005 39.8627 10.6675  0.4247  0.4607
  0.4759  4.3354  1.2975  1.8419  0.2605], training NLL = 21726.7828
total f-count: 1031, time: 44.51 min

 ------- Finish Optimization for Subject 2 ---------- 

 ------- Start Optimization for Subject 3 ---------- 

 Cross Validation fold 0/1

 -- Start Optimization: method BADS --

 Optimization Run 1/2
Initial params: [0.7147, 6.419, 10.3315, 8.6294, 3.2191, 27.8412, 24.86, 0.2866, 0.6412, 48.8379, 4.0747, 0.9116, 0.3938, 0.6905]
bads:TooCloseBounds: For each variable, hard and plausible bounds should not be too close. Moving plausible bounds.
Variables (index) internally transformed to log coordinates: [[ 0  0]
 [ 0  3]
 [ 0  9]
 [ 0 10]
 [ 0 11]
 [ 0 12]
 [ 0 13]]
Beginning optimization of a STOCHASTIC objective function

 Iteration    f-count      E[f(x)]        SD[f(x)]           MeshScale          Method              Actions
     0           1         27918.8             nan               1                                  
     0          26           26855             nan               1          Initial mesh            Initial points
     0          45         26792.6         1.00605               1        Successful poll           Train
     1          54         26740.2        0.891978               1      Successful search (ES-wcm)        
     1          55         26658.5        0.967837               1      Successful search (ES-wcm)        
     1          57         26639.1         1.03457               1      Successful search (ES-wcm)        
     1          58         26624.8         1.03449               1      Successful search (ES-wcm)        
     1          59         26397.8         1.03448               1      Successful search (ES-wcm)        
     1          60         25776.6         1.03465               1      Successful search (ES-wcm)        
     1          61         25353.7         1.03467               1      Successful search (ES-wcm)        
     1          62         25150.2         1.03464               1      Successful search (ES-wcm)        
     1          63           24993         1.03455               1      Successful search (ES-ell)        
     1          64         24795.8         1.03468               1      Successful search (ES-wcm)        
     1          67         24291.7         1.03457               1      Successful search (ES-ell)        
     1          70         24098.5         1.03416               1      Successful search (ES-ell)        
     1          72         23790.8         1.03439               1      Successful search (ES-ell)        
     1          73         22898.9         1.03427               1      Successful search (ES-ell)        
     1          74         22651.3         1.03451               1      Successful search (ES-ell)        
     1          80         22594.9         1.03282               1      Successful search (ES-ell)        
     1          88         22417.2         1.01936               1      Successful search (ES-ell)        
     1          92         22200.4         1.01916               1      Successful search (ES-ell)        
     1          94         22025.1         1.01885               1      Successful search (ES-ell)        
     1          95         21967.9         1.01904               1      Successful search (ES-ell)        
     1          97         21791.7         1.01936               1      Successful search (ES-wcm)        
     1          99           21595         1.01934               1      Successful search (ES-wcm)        
     1         107         21512.2         1.01889               1      Successful search (ES-wcm)        
     1         108         21419.5         1.01574               1      Successful search (ES-wcm)        
     1         110         21411.4         1.01886               1      Successful search (ES-wcm)        
     1         111         21341.7         1.01864               1      Successful search (ES-wcm)        
     1         113           21165         1.01864               1      Successful search (ES-wcm)        
     1         121         21133.3         1.26562               1      Successful search (ES-wcm)        
     1         124         21065.6         1.26452               1      Successful search (ES-wcm)        
     1         138           21063         1.23736               1      Successful search (ES-wcm)        
     1         139         21023.6         1.25829               1      Successful search (ES-wcm)        
     1         155         21011.9         0.99197               1      Successful search (ES-ell)        
     1         156         20997.9        0.998048               1      Successful search (ES-ell)        
     1         187         20940.9         1.08417               1        Successful poll           Train
     2         189         20930.3         1.08417               1      Successful search (ES-ell)        
     2         191         20875.1         1.08417               1      Successful search (ES-ell)        
     2         195         20847.3         1.08415               1      Successful search (ES-ell)        
     2         198         20804.1         1.08413               1      Successful search (ES-ell)        
     2         202         20803.8         1.08416               1      Incremental search (ES-ell)        
     2         204         20693.6         1.08416               1      Successful search (ES-ell)        
     2         211         20667.5         1.08413               1      Successful search (ES-ell)        
     2         213         20664.3         1.08414               1      Successful search (ES-wcm)        
     2         244         20580.8         1.66127               1        Successful poll           Train
     3         252         20569.2         1.64963               1      Successful search (ES-ell)        
     3         255         20515.3         1.63625               1      Successful search (ES-ell)        
     3         257         20475.4         1.62819               1      Successful search (ES-ell)        
     3         261         20389.5         1.66196               1      Successful search (ES-ell)        
     3         265         20089.2         45.3967               1      Successful search (ES-ell)        
     3         266         20065.8         46.8622               1      Successful search (ES-ell)        
     3         268         20033.8         44.2107               1      Successful search (ES-ell)        
     3         269         20013.3         48.6177               1      Successful search (ES-wcm)        
     3         272         19980.6         48.6261               1      Successful search (ES-wcm)        
     3         278         19929.6           41.34               1      Successful search (ES-wcm)        
     3         280         19867.6         40.3222               1      Successful search (ES-wcm)        
     3         282           19795         37.8179               1      Successful search (ES-ell)        
     3         285         19768.3         34.7196               1      Successful search (ES-ell)        
     3         295         19763.5         22.9367               1      Successful search (ES-wcm)        
     3         299         19763.5         19.0395               1      Incremental search (ES-wcm)        
     3         300         19747.5         24.3601               1      Successful search (ES-wcm)        
     3         306         19732.9         26.1907               1      Successful search (ES-wcm)        
     3         308         19705.4         26.9483               1      Successful search (ES-ell)        
     3         309         19667.6         29.6255               1      Successful search (ES-ell)        
     3         310         19665.8         34.1005               1      Successful search (ES-ell)        
     3         312         19654.8         25.3623               1      Successful search (ES-ell)        
     3         320         19650.2         23.8543               1      Successful search (ES-wcm)        
     3         323         19630.3         15.7712               1      Successful search (ES-ell)        
     3         325         19617.6           22.54               1      Successful search (ES-ell)        
     3         326         19613.9         24.3333               1      Successful search (ES-ell)        
     3         327         19599.5         30.0102               1      Successful search (ES-ell)        
     3         359         19599.5         30.0102             0.5          Refine grid             
     4         362         19553.2          33.388             0.5      Successful search (ES-ell)        
     4         409         19553.2          33.388            0.25          Refine grid             Train
     5         410           19650         32.9181            0.25      Successful search (ES-wcm)        
     5         413         19572.8         26.8742            0.25      Successful search (ES-wcm)        
     5         415         19536.7         17.0296            0.25      Successful search (ES-wcm)        
     5         461         19536.7         17.0296           0.125          Refine grid             
     6         462         19624.2         12.6221           0.125      Successful search (ES-wcm)        
     6         465         19616.5         15.8856           0.125      Successful search (ES-wcm)        
     6         467         19612.4         21.0773           0.125      Successful search (ES-wcm)        
     6         469         19592.1         19.4017           0.125      Successful search (ES-wcm)        
     6         470         19580.8         30.9209           0.125      Successful search (ES-wcm)        
     6         476         19551.3         14.1387           0.125      Successful search (ES-wcm)        
     6         528         19551.3         14.1387          0.0625          Refine grid             Train
     7         529         19565.5         7.48438          0.0625      Successful search (ES-wcm)        
     7         530         19544.5         15.1367          0.0625      Successful search (ES-ell)        
     7         531           19532         23.4243          0.0625      Successful search (ES-ell)        
     7         532         19514.1          34.329          0.0625      Successful search (ES-ell)        
     7         536         19494.8         29.3819          0.0625      Successful search (ES-wcm)        
     7         538         19488.4         20.5102          0.0625      Successful search (ES-wcm)        
     7         582         19488.4         20.5102         0.03125          Refine grid             
     8         583           19501          7.6688         0.03125      Successful search (ES-wcm)        
     8         584         19490.7         11.3092         0.03125      Successful search (ES-wcm)        
     8         589         19490.6         9.87338         0.03125      Successful search (ES-wcm)        
     8         590         19487.1         11.9214         0.03125      Successful search (ES-wcm)        
     8         591           19483         14.4468         0.03125      Successful search (ES-wcm)        
     8         594         19477.8         12.9058         0.03125      Successful search (ES-ell)        
     8         595         19474.2         15.2403         0.03125      Successful search (ES-ell)        
     8         598         19469.5         12.2249         0.03125      Successful search (ES-ell)        
     8         599         19463.1         14.0394         0.03125      Successful search (ES-ell)        
     8         601         19456.2          13.481         0.03125      Successful search (ES-ell)        
     8         605         19453.8         11.8781         0.03125      Successful search (ES-wcm)        
     8         650         19453.8         11.8781        0.015625          Refine grid             
     9         651           19467          5.5842        0.015625      Successful search (ES-wcm)        
     9         652         19462.6         6.29082        0.015625      Successful search (ES-wcm)        
     9         653         19458.1         8.99692        0.015625      Successful search (ES-wcm)        
     9         654         19448.6         14.1293        0.015625      Successful search (ES-wcm)        
     9         656           19446         15.7365        0.015625      Successful search (ES-wcm)        
     9         704           19446         15.7365       0.0078125          Refine grid             
    10         705         19467.5         4.93694       0.0078125      Successful search (ES-wcm)        
    10         706         19465.4         4.81826       0.0078125      Successful search (ES-wcm)        
    10         707         19464.3         5.39735       0.0078125      Successful search (ES-wcm)        
    10         708         19462.7         6.19403       0.0078125      Successful search (ES-wcm)        
    10         709         19458.7         10.8817       0.0078125      Successful search (ES-ell)        
    10         711         19446.2         12.2648       0.0078125      Successful search (ES-ell)        
    10         712         19435.6         17.8186       0.0078125      Successful search (ES-ell)        
    10         758         19435.6         17.8186      0.00390625          Refine grid             Train
    11         759         19461.7         5.45859      0.00390625      Successful search (ES-ell)        
    11         760         19459.2         5.90419      0.00390625      Successful search (ES-ell)        
    11         762         19458.4         6.24914      0.00390625      Successful search (ES-ell)        
    11         763         19458.2         7.25666      0.00390625      Successful search (ES-ell)        
    11         764         19455.5         9.31629      0.00390625      Successful search (ES-ell)        
    11         765           19447         12.6019      0.00390625      Successful search (ES-ell)        
    11         810         19444.3         7.50157       0.0078125        Successful poll           Train
    12         811         19440.4         6.84953       0.0078125      Successful search (ES-ell)        
    12         812         19437.7         8.26682       0.0078125      Successful search (ES-ell)        
    12         813         19435.9         10.9563       0.0078125      Successful search (ES-ell)        
    12         864           19426         20.3759        0.015625        Successful poll           
    13         867           19423         12.7503        0.015625      Successful search (ES-ell)        
    13         868         19410.9         13.3848        0.015625      Successful search (ES-ell)        
    13         869         19408.4         15.4603        0.015625      Successful search (ES-ell)        
    13         918         19408.4         15.4603       0.0078125          Refine grid             
    14         919         19443.2         10.9294       0.0078125      Successful search (ES-ell)        
    14         920         19436.8         12.9219       0.0078125      Successful search (ES-ell)        
    14         921         19432.8         15.2895       0.0078125      Successful search (ES-ell)        
    14         972         19432.8         15.2895      0.00390625          Refine grid             Train
    15         973         19451.6         6.20206      0.00390625      Successful search (ES-ell)        
    15         974         19449.8         7.74729      0.00390625      Successful search (ES-wcm)        
    15         975         19443.3         11.0355      0.00390625      Successful search (ES-wcm)        
    15         976         19433.6         15.8887      0.00390625      Successful search (ES-wcm)        
    15        1026         19433.6         15.8887      0.00195312          Refine grid             Train
    16        1027         19452.1         4.19009      0.00195312      Successful search (ES-wcm)        
    16        1028         19450.7         4.52489      0.00195312      Successful search (ES-wcm)        
    16        1029         19445.8         5.50964      0.00195312      Successful search (ES-wcm)        
    16        1030         19441.5         5.88368      0.00195312      Successful search (ES-wcm)        
    16        1041         19440.2          6.8767      0.00195312      Successful search (ES-wcm)        
    16        1049         19438.8          6.1968      0.00195312      Successful search (ES-ell)        
    16        1094         19431.8         11.4313      0.00390625        Successful poll           Train
    17        1095         19441.7         9.32119      0.00390625      Successful search (ES-wcm)        
    17        1096         19437.3          11.876      0.00390625      Successful search (ES-wcm)        
    17        1097         19432.8         17.6372      0.00390625      Successful search (ES-wcm)        
    17        1148         19432.8         17.6372      0.00195312          Refine grid             
    18        1149         19441.8         6.30266      0.00195312      Successful search (ES-wcm)        
    18        1152         19439.5         6.20188      0.00195312      Successful search (ES-wcm)        
bads:es_search: Something went wrong with the acquisition function, random search is performed
Tue Dec  9 19:11:02 2025       
+---------------------------------------------------------------------------------------+
| NVIDIA-SMI 535.113.01             Driver Version: 535.113.01   CUDA Version: 12.2     |
|-----------------------------------------+----------------------+----------------------+
| GPU  Name                 Persistence-M | Bus-Id        Disp.A | Volatile Uncorr. ECC |
| Fan  Temp   Perf          Pwr:Usage/Cap |         Memory-Usage | GPU-Util  Compute M. |
|                                         |                      |               MIG M. |
|=========================================+======================+======================|
|   0  NVIDIA A100-PCIE-40GB          On  | 00000000:21:00.0 Off |                    0 |
| N/A   31C    P0              37W / 250W |      4MiB / 40960MiB |      0%      Default |
|                                         |                      |             Disabled |
+-----------------------------------------+----------------------+----------------------+
                                                                                         
+---------------------------------------------------------------------------------------+
| Processes:                                                                            |
|  GPU   GI   CI        PID   Type   Process name                            GPU Memory |
|        ID   ID                                                             Usage      |
|=======================================================================================|
|  No running processes found                                                           |
+---------------------------------------------------------------------------------------+
----------------------------------------
Start job epilogue Tue Dec  9 19:11:03 CET 2025
----------------------------------------
Job ID:          49984330
Job Exit Code:   0:0
Username:        wenlou
Group:           mpla
Queue:           gpu
Compute nodes:   dccn-c078
Asked resources: walltime=1-00:00:00,nodes=1,cpus=8,mem=2G
Used resources:  cputime=18:15:44,walltime=02:16:58,memory=0
----------------------------------------
End job epilogue Tue Dec  9 19:11:03 CET 2025
----------------------------------------
