----------------------------------------
Start task prologue Fri Mar 13 05:35:31 CET 2026
----------------------------------------
Step ID:         51247005.
Username:        wenlou
Group:           mpla
Asked resources: walltime=1-00:00:00,nodes=1,cpus=8,mem=2G
Queue:           gpu
Compute nodes:   dccn-c046
----------------------------------------
End task prologue Fri Mar 13 05:35:31 CET 2026
----------------------------------------
CUDA version:
nvcc: NVIDIA (R) Cuda compiler driver
Copyright (c) 2005-2024 NVIDIA Corporation
Built on Thu_Mar_28_02:18:24_PDT_2024
Cuda compilation tools, release 12.4, V12.4.131
Build cuda_12.4.r12.4/compiler.34097967_0

[WARNING] Please note the interface change for (de-)activating conda environment:

  - DO NOT use `conda activate` to enter the conda environment as it requires extra step to modify your ~/.bashrc file, which will force you to use this Anaconda version (2024.06).  Therefore keep using `source activate` instead.

  - DO use `conda deactivate` to leave your conda environment as `source deactivate` will be deprecated in future release.

Running model for expriment=sep_ecc_percep, m_id=2, method=bads
device is : cuda
['sep_ecc_percep', '2', '2', 'bads', '5']

 ------- Start Optimization for Subject 2 ---------- 

 Cross Validation fold 0/1

 -- Start Optimization: method BADS --

 Optimization Run 1/5
Initial params: [0.3374, 7.0585, 14.2314, 24.9024, 0.7588, 0.3874, 0.6586, 20.3463, 0.7729, 0.305, 0.2353]
bads:TooCloseBounds: For each variable, hard and plausible bounds should not be too close. Moving plausible bounds.
Variables (index) internally transformed to log coordinates: [[0 0]
 [0 3]
 [0 4]]
Beginning optimization of a STOCHASTIC objective function

 Iteration    f-count      E[f(x)]        SD[f(x)]           MeshScale          Method              Actions
     0           1           22522             nan               1                                  
     0          33         21314.3             nan               1          Initial mesh            Initial points
     0          35         21238.4        0.983195               1        Successful poll           Train
     1          41         21130.3        0.983075               1      Successful search (ES-wcm)        
     1          43         21082.7        0.982708               1      Successful search (ES-ell)        
     1          68         20324.9         1.06864               1        Successful poll           Train
     2          71         20197.5         1.06859               1      Successful search (ES-ell)        
     2          77         20192.9         1.06743               1      Successful search (ES-ell)        
     2          90         20129.7         1.15227               1      Successful search (ES-ell)        
     2         103         20127.3         1.19094               1        Successful poll           Train
     3         126         20122.6        0.731738               1        Successful poll           Train
     4         133         20108.6         2.78616               1      Successful search (ES-ell)        
     4         148         20098.3         2.62826               1      Successful search (ES-ell)        
     4         159         20092.5         2.46996               1      Successful search (ES-ell)        
     4         186         20092.5         2.46996             0.5          Refine grid             Train
     5         197         20090.7         2.06008             0.5      Successful search (ES-ell)        
     5         226         20090.7         2.06008            0.25          Refine grid             
     6         231         20094.4         2.19371            0.25      Successful search (ES-ell)        
     6         270         20086.4         3.28335             0.5        Successful poll           Train
     7         279         20073.5         3.25417             0.5      Successful search (ES-ell)        
     7         281         20063.6         3.26571             0.5      Successful search (ES-ell)        
     7         307         20056.8         3.31156               1        Successful poll           Train
     8         334         20054.6         2.67379               1        Successful poll           Train
     9         361         20054.2         2.08312             0.5          Refine grid             Train
    10         391         20052.5         2.12267            0.25          Refine grid             Train
    11         424         20053.7         1.69453          0.0625          Refine grid             Train
    12         428         20054.7         2.23033          0.0625      Successful search (ES-wcm)        
    12         430         20052.3          1.7309          0.0625      Successful search (ES-wcm)        
    12         468         20052.3          1.7309         0.03125          Refine grid             Train
    13         470         20055.1         1.25364         0.03125      Successful search (ES-wcm)        
    13         471         20054.7         1.67721         0.03125      Successful search (ES-wcm)        
    13         512         20054.7         1.67721        0.015625          Refine grid             Train
    14         513         20055.3         1.86531        0.015625      Successful search (ES-wcm)        
    14         515         20055.1        0.995882        0.015625      Successful search (ES-wcm)        
    14         516         20054.1        0.965698        0.015625      Successful search (ES-wcm)        
    14         556         20054.1        0.965698       0.0078125          Refine grid             Train
    15         557         20054.1         1.46954       0.0078125      Successful search (ES-wcm)        
    15         558         20053.3          1.3662       0.0078125      Successful search (ES-wcm)        
    15         559         20053.1         2.65275       0.0078125      Successful search (ES-ell)        
    15         562         20052.8         2.17929       0.0078125      Successful search (ES-ell)        
    15         600         20052.8         2.17929      0.00390625          Refine grid             
    16         601         20056.2        0.955949      0.00390625      Successful search (ES-ell)        
    16         644         20055.5         2.47799       0.0078125        Successful poll           
    17         647           20052         2.69705       0.0078125      Successful search (ES-ell)        
    17         648         20049.6         3.41873       0.0078125      Successful search (ES-ell)        
    17         688         20049.6         3.41873      0.00390625          Refine grid             Train
    18         689           20054         1.25135      0.00390625      Successful search (ES-ell)        
    18         690         20051.1         1.78148      0.00390625      Successful search (ES-ell)        
    18         715         20023.6         1.87175       0.0078125        Successful poll           Train
    19         748         20055.9         1.61284      0.00195312          Refine grid             Train
    20         749         20055.2         1.20454      0.00195312      Successful search (ES-ell)        
    20         758           20055         0.94477      0.00195312      Successful search (ES-ell)        
    20         759         20054.8        0.918072      0.00195312      Successful search (ES-ell)        
    20         760         20054.1        0.905638      0.00195312      Successful search (ES-ell)        
    20         761         20053.8        0.893588      0.00195312      Successful search (ES-wcm)        
    20         762         20053.8        0.878374      0.00195312      Successful search (ES-wcm)        
    20         763         20053.7        0.885822      0.00195312      Successful search (ES-wcm)        
    20         764         20053.6        0.909875      0.00195312      Successful search (ES-wcm)        
    20         766         20053.5        0.912561      0.00195312      Successful search (ES-wcm)        
    20         803         20053.5        0.912561     0.000976562          Refine grid             Train
Optimization terminated: change in the function value less than options['tol_mesh']
Estimated function value at minimum: 20053.796286006644 ± 0.415109735468249 (mean ± SEM from 100 samples)
BADS minimum at: x_min = [ 1.5155  7.9253 10.7983  1.3928  0.3948  0.552   0.2004 12.7305  0.2795
  0.7685  0.2445], training NLL = 20053.7963
total f-count: 903, time: 41.46 min

 Optimization Run 2/5
Initial params: [0.7457, 9.1318, 11.7009, 47.4634, 1.7569, 0.6121, 0.5865, 15.4397, 0.702, 0.577, 0.1483]
bads:TooCloseBounds: For each variable, hard and plausible bounds should not be too close. Moving plausible bounds.
Variables (index) internally transformed to log coordinates: [[0 0]
 [0 3]
 [0 4]]
Beginning optimization of a STOCHASTIC objective function

 Iteration    f-count      E[f(x)]        SD[f(x)]           MeshScale          Method              Actions
     0           1         22555.4             nan               1                                  
     0          33         21313.9             nan               1          Initial mesh            Initial points
     0          35         21239.3         1.02252               1        Successful poll           Train
     1          37           21139         1.02253               1      Successful search (ES-ell)        
     1          39         21121.3         1.02252               1      Successful search (ES-ell)        
     1          45         21097.1         1.02159               1      Successful search (ES-ell)        
     1          67           20248         1.02512               1        Successful poll           Train
     2          78         20247.2         1.00836               1      Incremental search (ES-ell)        
     2          90         20242.9         1.01784               1        Successful poll           Train
     3          98         20235.4         1.01537               1      Successful search (ES-ell)        
     3         104         20208.3        0.999483               1      Successful search (ES-ell)        
     3         117         20188.4        0.998527               1      Successful search (ES-ell)        
     3         153         20188.4        0.998527             0.5          Refine grid             Train
     4         159         20187.3         1.11316             0.5      Successful search (ES-wcm)        
     4         175         20137.2         1.04859             0.5      Successful search (ES-wcm)        
     4         204         20135.9        0.761025               1        Successful poll           Train
     5         233         20135.9        0.755954             0.5          Refine grid             Train
     6         243         20135.1          2.8462             0.5      Successful search (ES-wcm)        
     6         275         20135.1          2.8462            0.25          Refine grid             
     7         284         20131.8         2.65619            0.25      Successful search (ES-wcm)        
     7         293         20131.3         2.80876            0.25      Successful search (ES-wcm)        
     7         295           20121          2.8557            0.25      Successful search (ES-wcm)        
     7         329         20114.2        0.295016             0.5        Successful poll           
     8         360         20114.4        0.279411            0.25          Refine grid             Train
     9         366         20118.5         3.80763            0.25      Successful search (ES-wcm)        
     9         379         20112.1         3.73958            0.25      Successful search (ES-ell)        
     9         414         20112.1         3.73958           0.125          Refine grid             Train
    10         419         20110.3         3.92334           0.125      Successful search (ES-ell)        
    10         458         20110.3         3.92334          0.0625          Refine grid             
    11         465         20111.8         3.20633          0.0625      Successful search (ES-wcm)        
    11         466         20109.1         3.32465          0.0625      Successful search (ES-wcm)        
    11         468         20108.1         3.16922          0.0625      Successful search (ES-wcm)        
    11         502         20108.1         3.16922         0.03125          Refine grid             
    12         503         20111.1         2.94076         0.03125      Successful search (ES-wcm)        
    12         507         20110.8         2.61666         0.03125      Successful search (ES-wcm)        
    12         546         20110.8         2.61666        0.015625          Refine grid             Train
    13         548         20109.9         3.17927        0.015625      Successful search (ES-ell)        
    13         552         20108.2         3.35369        0.015625      Successful search (ES-ell)        
    13         590         20108.2         3.35369       0.0078125          Refine grid             Train
    14         591         20109.6         2.58586       0.0078125      Successful search (ES-ell)        
    14         593         20107.5         2.53287       0.0078125      Successful search (ES-ell)        
    14         634         20107.5         2.53287      0.00390625          Refine grid             
    15         635         20109.7         1.45229      0.00390625      Successful search (ES-ell)        
    15         637         20109.4         1.41819      0.00390625      Successful search (ES-ell)        
    15         640         20109.3         1.35125      0.00390625      Successful search (ES-wcm)        
    15         678         20109.3         1.35125      0.00195312          Refine grid             
    16         679         20111.2         1.00116      0.00195312      Successful search (ES-wcm)        
    16         680         20110.3          1.0448      0.00195312      Successful search (ES-wcm)        
    16         682         20110.2         1.30644      0.00195312      Successful search (ES-wcm)        
    16         685         20110.1          1.4084      0.00195312      Successful search (ES-wcm)        
    16         690         20109.8         1.28479      0.00195312      Successful search (ES-wcm)        
    16         696         20109.7         1.14561      0.00195312      Successful search (ES-wcm)        
    16         697         20109.7         1.20504      0.00195312      Successful search (ES-wcm)        
    16         733         20109.7         1.20504     0.000976562          Refine grid             
Optimization terminated: change in the function value less than options['tol_mesh']
Estimated function value at minimum: 20112.04452800249 ± 0.4457923856065412 (mean ± SEM from 100 samples)
BADS minimum at: x_min = [ 1.2674  7.8633  9.0287  1.2251  0.1626  0.5139  0.1936 17.3236  0.0732
  0.5586  0.2942], training NLL = 20112.0445
total f-count: 833, time: 38.21 min

 Optimization Run 3/5
Initial params: [0.6794, 8.9901, 8.9696, 33.7825, 4.2834, 0.5783, 0.4812, 29.1106, 0.7175, 0.7937, 0.288]
bads:TooCloseBounds: For each variable, hard and plausible bounds should not be too close. Moving plausible bounds.
Variables (index) internally transformed to log coordinates: [[0 0]
 [0 3]
 [0 4]]
Beginning optimization of a STOCHASTIC objective function

 Iteration    f-count      E[f(x)]        SD[f(x)]           MeshScale          Method              Actions
     0           1         22555.4             nan               1                                  
     0          33         21309.6             nan               1          Initial mesh            Initial points
     0          35         21236.8         1.06233               1        Successful poll           Train
     1          42         21200.3         1.06107               1      Successful search (ES-wcm)        
     1          46         21199.5         1.05865               1      Incremental search (ES-wcm)        
     1          52         21144.6         1.05961               1      Successful search (ES-wcm)        
     1          56         21139.4         1.04932               1      Successful search (ES-wcm)        
     1          64         21134.1        0.999753               1      Successful search (ES-wcm)        
     1          73           21120        0.999469               1      Successful search (ES-ell)        
     1          75         21062.8        0.999716               1      Successful search (ES-ell)        
     1          78         21060.6        0.999216               1      Successful search (ES-ell)        
     1          80         20786.7         1.03585               1      Successful search (ES-ell)        
     1          81         20451.2         1.03585               1      Successful search (ES-ell)        
     1          88         20423.7          1.0352               1      Successful search (ES-ell)        
     1          89         20401.6         1.03553               1      Successful search (ES-wcm)        
     1          93         20381.3         1.03571               1      Successful search (ES-ell)        
     1          97         20379.5         1.02879               1      Successful search (ES-wcm)        
     1          99         20341.6         1.03437               1      Successful search (ES-ell)        
     1         101         20306.4         1.03434               1      Successful search (ES-ell)        
     1         103           20256         1.02166               1      Successful search (ES-ell)        
     1         111         20252.1         1.02047               1      Successful search (ES-ell)        
     1         115         20211.1         1.02156               1      Successful search (ES-ell)        
     1         121         20190.4         1.02037               1      Successful search (ES-ell)        
     1         128         20150.9         1.01969               1      Successful search (ES-ell)        
     1         134         20137.3         1.01853               1      Successful search (ES-ell)        
     1         145         20046.8        0.996337               1      Successful search (ES-ell)        
     1         167         20028.5         1.04412               1        Successful poll           
     2         193         20028.5         1.04412             0.5          Refine grid             
     3         194         20133.7         38.8837             0.5      Successful search (ES-ell)        
     3         231         20133.7         38.8837            0.25          Refine grid             
     4         232         20170.6         20.7762            0.25      Successful search (ES-wcm)        
     4         273         20170.6         20.7762           0.125          Refine grid             
     5         274         20182.2          13.603           0.125      Successful search (ES-ell)        
     5         275         20177.1         19.8391           0.125      Successful search (ES-ell)        
     5         316         20177.1         19.8391          0.0625          Refine grid             Train
     6         317         20196.3         10.3847          0.0625      Successful search (ES-wcm)        
     6         318         20185.8          11.763          0.0625      Successful search (ES-ell)        
     6         319         20181.5         14.6263          0.0625      Successful search (ES-ell)        
     6         321         20176.8         14.5473          0.0625      Successful search (ES-ell)        
     6         360         20176.8         14.5473         0.03125          Refine grid             
     7         361         20178.6         8.40863         0.03125      Successful search (ES-wcm)        
     7         362         20175.8         8.60046         0.03125      Successful search (ES-wcm)        
     7         363         20166.8         5.20741         0.03125      Successful search (ES-wcm)        
     7         365         20123.3         5.21176         0.03125      Successful search (ES-wcm)        
     7         369         20121.5         5.04694         0.03125      Successful search (ES-ell)        
     7         371         20091.5         5.10744         0.03125      Successful search (ES-wcm)        
     7         373           20080         4.99852         0.03125      Successful search (ES-ell)        
     7         374         20037.2         5.04457         0.03125      Successful search (ES-ell)        
     7         375           20012         5.11048         0.03125      Successful search (ES-ell)        
     7         383         20006.2         4.67431         0.03125      Successful search (ES-ell)        
     7         387         20003.3         4.20922         0.03125      Successful search (ES-ell)        
     7         419         20001.2         5.10594          0.0625        Successful poll           Train
     8         425         19998.5         4.20025          0.0625      Successful search (ES-ell)        
     8         428           19996         3.94276          0.0625      Successful search (ES-ell)        
     8         463         19977.1         4.89891           0.125        Successful poll           
     9         473         19974.6         3.70673           0.125      Successful search (ES-ell)        
     9         474         19970.1          4.1231           0.125      Successful search (ES-ell)        
     9         507         19970.1          4.1231          0.0625          Refine grid             
    10         513         19968.5         2.92334          0.0625      Successful search (ES-ell)        
    10         551         19968.5         2.92334         0.03125          Refine grid             Train
    11         553         19971.1         2.73409         0.03125      Successful search (ES-wcm)        
    11         555         19971.1         1.97196         0.03125      Successful search (ES-wcm)        
    11         559         19970.2         1.23181         0.03125      Successful search (ES-wcm)        
    11         560         19969.2         1.05783         0.03125      Successful search (ES-wcm)        
    11         562         19968.5         1.65286         0.03125      Successful search (ES-wcm)        
    11         595         19968.5         1.65286        0.015625          Refine grid             Train
    12         600         19966.9         1.55733        0.015625      Successful search (ES-wcm)        
    12         602         19966.8         1.84157        0.015625      Successful search (ES-wcm)        
    12         606         19966.5         1.50114        0.015625      Successful search (ES-wcm)        
    12         612         19965.8         1.77542        0.015625      Successful search (ES-ell)        
    12         650         19965.8         1.77542       0.0078125          Refine grid             Train
    13         654         19965.2         1.41375       0.0078125      Successful search (ES-ell)        
    13         694         19965.2         1.41375      0.00390625          Refine grid             
    14         696         19965.7        0.905739      0.00390625      Successful search (ES-ell)        
    14         699         19965.5         1.02455      0.00390625      Successful search (ES-wcm)        
    14         700         19965.1         1.77021      0.00390625      Successful search (ES-ell)        
    14         705         19965.1         1.47963      0.00390625      Successful search (ES-ell)        
    14         709         19964.8         1.46937      0.00390625      Successful search (ES-ell)        
    14         749         19964.8         1.46937      0.00195312          Refine grid             
    15         751         19964.7        0.970571      0.00195312      Successful search (ES-ell)        
    15         754         19964.6        0.894114      0.00195312      Successful search (ES-wcm)        
    15         761           19963         1.02696      0.00195312      Successful search (ES-ell)        
    15         804           19963         1.02696     0.000976562          Refine grid             
Optimization terminated: change in the function value less than options['tol_mesh']
Estimated function value at minimum: 19965.950630827905 ± 0.390760199768115 (mean ± SEM from 100 samples)
BADS minimum at: x_min = [ 2.6768  8.1981  9.171   1.4469  1.0972  0.1597  0.1093 12.7038  0.5291
  0.1606  0.2353], training NLL = 19965.9506
total f-count: 904, time: 41.46 min

 Optimization Run 4/5
Initial params: [0.6085, 7.7643, 5.0667, 0.6807, 3.8461, 0.5609, 0.3209, 24.9299, 0.4745, 0.5091, 0.1046]
bads:TooCloseBounds: For each variable, hard and plausible bounds should not be too close. Moving plausible bounds.
Variables (index) internally transformed to log coordinates: [[0 0]
 [0 3]
 [0 4]]
Beginning optimization of a STOCHASTIC objective function

 Iteration    f-count      E[f(x)]        SD[f(x)]           MeshScale          Method              Actions
     0           1           21369             nan               1                                  
     0          33         21310.3             nan               1          Initial mesh            Initial points
     0          35         21238.3         0.99712               1        Successful poll           Train
     1          36         20898.1        0.997145               1      Successful search (ES-wcm)        
     1          38         20884.3        0.997134               1      Successful search (ES-wcm)        
     1          40         20814.2        0.997145               1      Successful search (ES-ell)        
     1          43         20773.8        0.997123               1      Successful search (ES-ell)        
     1          50         20752.2        0.996831               1      Successful search (ES-ell)        
     1          55         20572.8        0.991079               1      Successful search (ES-ell)        
     1          56         20541.6        0.994087               1      Successful search (ES-ell)        
     1          57         20430.2         1.00787               1      Successful search (ES-wcm)        
     1          60         20414.2         1.00785               1      Successful search (ES-wcm)        
     1          61         20398.1         1.00786               1      Successful search (ES-wcm)        
     1          63         20285.6         1.00785               1      Successful search (ES-wcm)        
     1          74         20267.1         1.00713               1      Successful search (ES-wcm)        
     1          77           20250         1.00613               1      Successful search (ES-ell)        
     1          78         20223.7         1.00676               1      Successful search (ES-ell)        
     1          79         20215.2         1.00747               1      Successful search (ES-ell)        
     1         103         20212.9         1.00368               1        Successful poll           Train
     2         129         20212.9         1.18007             0.5          Refine grid             Train
     3         156         20208.4         2.10773               1        Successful poll           Train
     4         166         20175.6         2.11069               1      Successful search (ES-wcm)        
     4         175         20153.8         1.90128               1      Successful search (ES-wcm)        
     4         204         20153.2         1.73741             0.5          Refine grid             Train
     5         211         20127.7         1.89824             0.5      Successful search (ES-wcm)        
     5         214         20123.2         1.89334             0.5      Successful search (ES-ell)        
     5         246         20123.2         1.89334            0.25          Refine grid             
     6         255         20123.5         2.49418            0.25      Successful search (ES-ell)        
     6         288         20122.1         2.72265             0.5        Successful poll           
     7         298         20111.2         2.71445             0.5      Successful search (ES-wcm)        
     7         329         20109.1         2.44663               1        Successful poll           
     8         355         20110.6         1.83481               1        Successful poll           
     9         378           20109         2.13925               1        Successful poll           
    10         403           20109         2.13197             0.5          Refine grid             Train
    11         413         20104.5         3.64311             0.5      Successful search (ES-ell)        
    11         423         20094.1         3.66717             0.5      Successful search (ES-ell)        
    11         455         20094.1         3.66717            0.25          Refine grid             Train
    12         461         20092.6         3.87328            0.25      Successful search (ES-wcm)        
    12         463         20092.2         3.57481            0.25      Successful search (ES-wcm)        
    12         497         20092.2         3.57481           0.125          Refine grid             Train
    13         498         20092.5         4.13395           0.125      Successful search (ES-wcm)        
    13         504         20091.4          4.3704           0.125      Successful search (ES-wcm)        
    13         539         20091.4          4.3704          0.0625          Refine grid             Train
    14         540         20092.5         5.04676          0.0625      Successful search (ES-ell)        
    14         546         20085.9         3.84138          0.0625      Successful search (ES-wcm)        
    14         547         20071.8         4.14851          0.0625      Successful search (ES-wcm)        
    14         581         20071.8         4.14851         0.03125          Refine grid             
    15         583         20074.1          2.6717         0.03125      Successful search (ES-wcm)        
    15         588         20072.3          1.6985         0.03125      Successful search (ES-wcm)        
    15         592         20071.8         1.54607         0.03125      Successful search (ES-wcm)        
    15         593         20070.3          3.2593         0.03125      Successful search (ES-wcm)        
    15         634         20070.3          3.2593        0.015625          Refine grid             
    16         637         20073.1         1.85271        0.015625      Successful search (ES-ell)        
    16         639         20073.1         1.64155        0.015625      Successful search (ES-wcm)        
    16         648           20073         1.30347        0.015625      Successful search (ES-wcm)        
    16         649         20072.2         1.97776        0.015625      Successful search (ES-wcm)        
    16         652         20071.8         1.54358        0.015625      Successful search (ES-wcm)        
    16         653         20071.6         1.78131        0.015625      Successful search (ES-wcm)        
    16         656         20071.2         2.06937        0.015625      Successful search (ES-ell)        
    16         658           20070         2.67508        0.015625      Successful search (ES-ell)        
    16         669           20069         2.40528        0.015625      Successful search (ES-wcm)        
    16         709           20069         2.40528       0.0078125          Refine grid             Train
    17         710         20070.7         1.78319       0.0078125      Successful search (ES-wcm)        
    17         715         20069.6         1.38628       0.0078125      Successful search (ES-wcm)        
    17         753         20069.6         1.38628      0.00390625          Refine grid             
    18         754         20070.4        0.884244      0.00390625      Successful search (ES-wcm)        
    18         755         20069.4        0.894351      0.00390625      Successful search (ES-wcm)        
    18         797         20069.4        0.894351      0.00195312          Refine grid             
    19         798         20069.8        0.535054      0.00195312      Successful search (ES-wcm)        
    19         799         20069.6        0.639448      0.00195312      Successful search (ES-wcm)        
    19         801         20069.5        0.713802      0.00195312      Successful search (ES-wcm)        
    19         802         20069.4        0.929937      0.00195312      Successful search (ES-wcm)        
    19         841         20069.4        0.929937     0.000976562          Refine grid             
Optimization terminated: change in the function value less than options['tol_mesh']
Estimated function value at minimum: 20069.926076133655 ± 0.3833649425937534 (mean ± SEM from 100 samples)
BADS minimum at: x_min = [ 1.1316  9.4293 12.1528  2.1218  0.106   0.6463  0.2142 12.2158  0.2325
  0.1008  0.1619], training NLL = 20069.9261
total f-count: 941, time: 42.87 min

 Optimization Run 5/5
Initial params: [1.7736, 6.1378, 9.4952, 4.6734, 2.4534, 0.1882, 0.3835, 27.0117, 0.3013, 0.3496, 0.1049]
bads:TooCloseBounds: For each variable, hard and plausible bounds should not be too close. Moving plausible bounds.
Variables (index) internally transformed to log coordinates: [[0 0]
 [0 3]
 [0 4]]
Beginning optimization of a STOCHASTIC objective function

 Iteration    f-count      E[f(x)]        SD[f(x)]           MeshScale          Method              Actions
     0           1         21360.1             nan               1                                  
     0          33         21304.2             nan               1          Initial mesh            Initial points
     0          34         21063.2          0.9992               1        Successful poll           Train
     1          38         20887.3        0.999108               1      Successful search (ES-wcm)        
     1          40         20824.6        0.999058               1      Successful search (ES-wcm)        
     1          41         20701.8        0.999149               1      Successful search (ES-wcm)        
     1          44         20675.8        0.998918               1      Successful search (ES-wcm)        
     1          46         20461.9        0.999113               1      Successful search (ES-wcm)        
     1          48         20459.4         0.99902               1      Successful search (ES-wcm)        
     1          59         20426.3        0.999785               1      Successful search (ES-wcm)        
     1          80         20359.3        0.999777               1        Successful poll           Train
     2          88         20332.4         1.03515               1      Successful search (ES-wcm)        
     2          98           20303         1.03467               1      Successful search (ES-wcm)        
     2         107           20300         1.05534               1      Successful search (ES-wcm)        
     2         122         20289.2         1.04894               1      Successful search (ES-ell)        
     2         134         20277.2         1.37311               1      Successful search (ES-ell)        
     2         164           20272          1.1342               1        Successful poll           Train
     3         175         20266.6         1.13006               1      Successful search (ES-ell)        
     3         194         20260.5         1.10447               1        Successful poll           Train
     4         202         20246.4         1.13761               1      Successful search (ES-ell)        
     4         231         20243.5         1.13962               1        Successful poll           
     5         242         20243.3         2.75591               1      Incremental search (ES-ell)        
     5         258         20242.8         2.24694             0.5          Refine grid             
     6         287         20236.4         2.82498               1        Successful poll           Train
     7         314         20236.4         3.58788             0.5          Refine grid             Train
     8         322         20234.9         3.30386             0.5      Successful search (ES-ell)        
     8         356         20234.1         1.61454               1        Successful poll           Train
     9         381         20232.9          1.9907               1        Successful poll           Train
    10         392         20229.6         2.66504               1      Successful search (ES-wcm)        
    10         416         20223.4         1.89567               1        Successful poll           
    11         443         20223.4         1.89566             0.5          Refine grid             
    12         473         20225.4         1.46103            0.25          Refine grid             Train
    13         480         20224.3         2.04695            0.25      Successful search (ES-wcm)        
    13         515         20224.3         2.04695           0.125          Refine grid             Train
    14         521         20224.1         1.70708           0.125      Successful search (ES-wcm)        
    14         534         20222.2         1.75491           0.125      Successful search (ES-ell)        
    14         545         20221.8         1.50239           0.125      Successful search (ES-ell)        
    14         580         20221.8         1.50239          0.0625          Refine grid             Train
    15         585         20223.6         1.91843          0.0625      Successful search (ES-ell)        
    15         586         20221.6         2.36503          0.0625      Successful search (ES-wcm)        
    15         589         20221.4         1.65685          0.0625      Successful search (ES-wcm)        
    15         596         20220.8          1.4857          0.0625      Successful search (ES-wcm)        
    15         600         20220.7         1.22922          0.0625      Successful search (ES-wcm)        
    15         603         20220.4         3.74535          0.0625      Successful search (ES-wcm)        
    15         608         20216.9         2.89735          0.0625      Successful search (ES-wcm)        
    15         645         20216.9         2.89735         0.03125          Refine grid             
    16         648         20221.7         3.09164         0.03125      Successful search (ES-ell)        
    16         658         20221.1         2.45148         0.03125      Successful search (ES-wcm)        
    16         660           20219         2.13243         0.03125      Successful search (ES-wcm)        
    16         699           20219         2.13243        0.015625          Refine grid             Train
    17         701         20221.3         1.33911        0.015625      Successful search (ES-wcm)        
    17         702         20220.7         1.83551        0.015625      Successful search (ES-wcm)        
    17         704         20218.4           1.943        0.015625      Successful search (ES-wcm)        
    17         708         20217.7         1.64924        0.015625      Successful search (ES-wcm)        
    17         742         20217.7         1.64924       0.0078125          Refine grid             Train
    18         743         20219.5         1.00603       0.0078125      Successful search (ES-wcm)        
    18         744         20219.2         1.32277       0.0078125      Successful search (ES-wcm)        
    18         749         20218.4         1.37176       0.0078125      Successful search (ES-ell)        
    18         785         20218.4         1.37176      0.00390625          Refine grid             
    19         786         20219.9        0.756298      0.00390625      Successful search (ES-wcm)        
    19         787         20219.9        0.785962      0.00390625      Successful search (ES-wcm)        
    19         788         20219.6        0.923784      0.00390625      Successful search (ES-wcm)        
    19         789         20218.5         1.88429      0.00390625      Successful search (ES-ell)        
    19         791         20217.3         2.59009      0.00390625      Successful search (ES-ell)        
    19         828         20217.3         2.59009      0.00195312          Refine grid             
    20         829         20218.5        0.865944      0.00195312      Successful search (ES-ell)        
    20         830         20218.1        0.990211      0.00195312      Successful search (ES-ell)        
    20         832         20217.7         1.12988      0.00195312      Successful search (ES-ell)        
    20         833         20217.7         1.15589      0.00195312      Successful search (ES-wcm)        
    20         834         20217.3         1.18777      0.00195312      Successful search (ES-wcm)        
    20         872         20217.3         1.18777     0.000976562          Refine grid             Train
Optimization terminated: change in the function value less than options['tol_mesh']
Estimated function value at minimum: 20216.907232937556 ± 0.39324102582794673 (mean ± SEM from 100 samples)
BADS minimum at: x_min = [4.25900e-01 5.68230e+00 8.61970e+00 1.13660e+00 2.28220e+00 6.62100e-01
 2.75900e-01 1.56669e+01 4.87000e-02 1.00000e-04 2.42300e-01], training NLL = 20216.9072
total f-count: 972, time: 44.7 min

 ------- Finish Optimization for Subject 2 ---------- 
Fri Mar 13 09:04:37 2026       
+---------------------------------------------------------------------------------------+
| NVIDIA-SMI 535.113.01             Driver Version: 535.113.01   CUDA Version: 12.2     |
|-----------------------------------------+----------------------+----------------------+
| GPU  Name                 Persistence-M | Bus-Id        Disp.A | Volatile Uncorr. ECC |
| Fan  Temp   Perf          Pwr:Usage/Cap |         Memory-Usage | GPU-Util  Compute M. |
|                                         |                      |               MIG M. |
|=========================================+======================+======================|
|   0  Tesla P100-PCIE-16GB           On  | 00000000:82:00.0 Off |                    0 |
| N/A   34C    P0              30W / 250W |      0MiB / 16384MiB |     12%      Default |
|                                         |                      |                  N/A |
+-----------------------------------------+----------------------+----------------------+
                                                                                         
+---------------------------------------------------------------------------------------+
| Processes:                                                                            |
|  GPU   GI   CI        PID   Type   Process name                            GPU Memory |
|        ID   ID                                                             Usage      |
|=======================================================================================|
|  No running processes found                                                           |
+---------------------------------------------------------------------------------------+
----------------------------------------
Start job epilogue Fri Mar 13 09:04:37 CET 2026
----------------------------------------
Job ID:          51247005
Job Exit Code:   0:0
Username:        wenlou
Group:           mpla
Queue:           gpu
Compute nodes:   dccn-c046
Asked resources: walltime=1-00:00:00,nodes=1,cpus=8,mem=2G
Used resources:  cputime=1-03:52:48,walltime=03:29:06,memory=0
----------------------------------------
End job epilogue Fri Mar 13 09:04:37 CET 2026
----------------------------------------
