----------------------------------------
Start task prologue Fri Mar 13 06:02:13 CET 2026
----------------------------------------
Step ID:         51247006.
Username:        wenlou
Group:           mpla
Asked resources: walltime=1-00:00:00,nodes=1,cpus=8,mem=2G
Queue:           gpu
Compute nodes:   dccn-c047
----------------------------------------
End task prologue Fri Mar 13 06:02:13 CET 2026
----------------------------------------
CUDA version:
nvcc: NVIDIA (R) Cuda compiler driver
Copyright (c) 2005-2024 NVIDIA Corporation
Built on Thu_Mar_28_02:18:24_PDT_2024
Cuda compilation tools, release 12.4, V12.4.131
Build cuda_12.4.r12.4/compiler.34097967_0

[WARNING] Please note the interface change for (de-)activating conda environment:

  - DO NOT use `conda activate` to enter the conda environment as it requires extra step to modify your ~/.bashrc file, which will force you to use this Anaconda version (2024.06).  Therefore keep using `source activate` instead.

  - DO use `conda deactivate` to leave your conda environment as `source deactivate` will be deprecated in future release.

Running model for expriment=sep_ecc_percep, m_id=2, method=bads
device is : cuda
['sep_ecc_percep', '2', '2', 'bads', '5']

 ------- Start Optimization for Subject 2 ---------- 

 Cross Validation fold 0/1

 -- Start Optimization: method BADS --

 Optimization Run 1/5
Initial params: [0.4472, 6.5307, 2.8283, 34.0637, 0.0695, 0.6888, 0.2311, 25.923, 0.4851, 0.5759, 0.2166]
bads:TooCloseBounds: For each variable, hard and plausible bounds should not be too close. Moving plausible bounds.
Variables (index) internally transformed to log coordinates: [[0 0]
 [0 3]
 [0 4]]
Beginning optimization of a STOCHASTIC objective function

 Iteration    f-count      E[f(x)]        SD[f(x)]           MeshScale          Method              Actions
     0           1         22506.1             nan               1                                  
     0          33         21311.4             nan               1          Initial mesh            Initial points
     0          35         21232.5        0.989495               1        Successful poll           Train
     1          37         21165.1        0.989543               1      Successful search (ES-wcm)        
     1          53         21129.3         0.98378               1      Successful search (ES-wcm)        
     1          68         21107.4         1.02746               1      Successful search (ES-wcm)        
     1          94         20590.4         1.00437               1        Successful poll           Train
     2          98         20423.9         1.00435               1      Successful search (ES-wcm)        
     2         115         20407.5         1.52768               1      Successful search (ES-wcm)        
     2         144         20407.5        0.920713             0.5          Refine grid             
     3         172         20333.8         2.08864               1        Successful poll           Train
     4         176         20212.4         2.97109               1      Successful search (ES-ell)        
     4         182         20201.7         2.95812               1      Successful search (ES-ell)        
     4         193         20201.5         2.88287               1      Incremental search (ES-ell)        
     4         210         20197.8         2.51064               1        Successful poll           Train
     5         239         20197.5         2.37843             0.5          Refine grid             Train
     6         249         20206.9         1.74264             0.5      Successful search (ES-ell)        
     6         257         20200.6         3.06599             0.5      Successful search (ES-ell)        
     6         266         20187.9           3.079             0.5      Successful search (ES-ell)        
     6         268         20149.7         3.09663             0.5      Successful search (ES-ell)        
     6         302         20149.7         3.09663            0.25          Refine grid             
     7         304         20137.8         3.09494            0.25      Successful search (ES-ell)        
     7         313           20117         2.86834            0.25      Successful search (ES-ell)        
     7         320         20112.5         2.98673            0.25      Successful search (ES-ell)        
     7         332         20110.2         1.85856            0.25      Successful search (ES-ell)        
     7         334         20100.2         2.43622            0.25      Successful search (ES-ell)        
     7         367         20100.2         2.43622           0.125          Refine grid             Train
     8         375         20093.2         2.86948           0.125      Successful search (ES-wcm)        
     8         376         20091.2         3.12339           0.125      Successful search (ES-wcm)        
     8         411         20091.2         3.12339          0.0625          Refine grid             
     9         416         20092.7           2.393          0.0625      Successful search (ES-wcm)        
     9         455         20092.7           2.393         0.03125          Refine grid             
    10         460         20094.4         2.72656         0.03125      Successful search (ES-wcm)        
    10         499         20094.4         2.72656        0.015625          Refine grid             
    11         501           20095          1.3398        0.015625      Successful search (ES-wcm)        
    11         543           20095          1.3398       0.0078125          Refine grid             Train
    12         544         20094.7         1.17044       0.0078125      Successful search (ES-wcm)        
    12         546         20093.8         1.40761       0.0078125      Successful search (ES-wcm)        
    12         548         20093.4         1.43429       0.0078125      Successful search (ES-wcm)        
    12         587         20093.4         1.43429      0.00390625          Refine grid             Train
    13         588           20095        0.834776      0.00390625      Successful search (ES-wcm)        
    13         589         20094.5        0.980605      0.00390625      Successful search (ES-wcm)        
    13         591         20094.1         1.21279      0.00390625      Successful search (ES-wcm)        
    13         593         20093.7         1.45802      0.00390625      Successful search (ES-wcm)        
    13         602         20093.7         1.03657      0.00390625      Successful search (ES-wcm)        
    13         609         20093.7        0.881689      0.00390625      Successful search (ES-ell)        
    13         613         20093.3        0.947926      0.00390625      Successful search (ES-ell)        
    13         614         20092.6         1.39098      0.00390625      Successful search (ES-ell)        
    13         615         20091.8         1.67178      0.00390625      Successful search (ES-wcm)        
    13         653         20091.8         1.67178      0.00195312          Refine grid             Train
    14         654         20094.3        0.712304      0.00195312      Successful search (ES-wcm)        
    14         655         20094.2        0.820612      0.00195312      Successful search (ES-wcm)        
    14         656         20093.9        0.823529      0.00195312      Successful search (ES-wcm)        
    14         657         20093.5        0.913801      0.00195312      Successful search (ES-wcm)        
    14         658         20092.7        0.900518      0.00195312      Successful search (ES-wcm)        
    14         661         20092.1         1.49889      0.00195312      Successful search (ES-ell)        
    14         665         20091.8         1.23125      0.00195312      Successful search (ES-wcm)        
    14         666         20091.5         1.53666      0.00195312      Successful search (ES-ell)        
    14         676         20091.3           1.121      0.00195312      Successful search (ES-ell)        
    14         679         20091.2         1.17768      0.00195312      Successful search (ES-ell)        
    14         719         20091.2         1.17768     0.000976562          Refine grid             Train
Optimization terminated: change in the function value less than options['tol_mesh']
Estimated function value at minimum: 20095.073749179304 ± 0.37418429311531864 (mean ± SEM from 100 samples)
BADS minimum at: x_min = [ 1.6119  7.5713 11.9452  1.1978  0.1091  0.4506  0.3645 13.6104  0.4488
  0.3435  0.2716], training NLL = 20095.0737
total f-count: 819, time: 37.49 min

 Optimization Run 2/5
Initial params: [0.0149, 3.5253, 6.0156, 7.3003, 0.3944, 0.5942, 0.5962, 18.073, 0.3994, 0.3282, 0.1344]
bads:TooCloseBounds: For each variable, hard and plausible bounds should not be too close. Moving plausible bounds.
Variables (index) internally transformed to log coordinates: [[0 0]
 [0 3]
 [0 4]]
Beginning optimization of a STOCHASTIC objective function

 Iteration    f-count      E[f(x)]        SD[f(x)]           MeshScale          Method              Actions
     0           1         22105.7             nan               1                                  
     0          33         21309.2             nan               1          Initial mesh            Initial points
     0          35         21239.9         1.03119               1        Successful poll           Train
     1          38         21163.8         1.03118               1      Successful search (ES-wcm)        
     1          42           21072         1.03103               1      Successful search (ES-wcm)        
     1          72         20399.3         1.00176               1        Successful poll           Train
     2          76         20347.3         1.00169               1      Successful search (ES-wcm)        
     2          94         20299.6         1.13395               1      Successful search (ES-wcm)        
     2         122         20299.6         1.13395             0.5          Refine grid             
     3         125         20338.5         1.19326             0.5      Successful search (ES-ell)        
     3         132         20325.1        0.930596             0.5      Successful search (ES-ell)        
     3         142         20322.6        0.860357             0.5      Successful search (ES-ell)        
     3         144         20307.9        0.872707             0.5      Successful search (ES-ell)        
     3         153         20284.9          2.4939             0.5      Successful search (ES-ell)        
     3         160         20280.5         2.69364             0.5      Successful search (ES-ell)        
     3         168           20254         2.71782             0.5      Successful search (ES-ell)        
     3         184         20251.2        0.844503             0.5      Successful search (ES-ell)        
     3         216         20224.3        0.959217               1        Successful poll           
     4         220         20221.7        0.959222               1      Successful search (ES-ell)        
     4         251           20187        0.959233               1        Successful poll           Train
     5         255         20157.6         28.9342               1      Successful search (ES-ell)        
     5         288         20157.6         28.9342             0.5          Refine grid             
     6         291           20154         25.6534             0.5      Successful search (ES-ell)        
     6         325           20154         25.6534            0.25          Refine grid             
     7         334         20157.3         8.02392            0.25      Successful search (ES-ell)        
     7         335         20152.2         9.67684            0.25      Successful search (ES-ell)        
     7         336         20146.4         12.0507            0.25      Successful search (ES-ell)        
     7         365         20146.4         12.0507           0.125          Refine grid             Train
     8         373         20124.5         2.86649           0.125      Successful search (ES-ell)        
     8         375         20119.4         3.14852           0.125      Successful search (ES-wcm)        
     8         376         20112.3          3.5647           0.125      Successful search (ES-ell)        
     8         377         20111.6         4.39334           0.125      Successful search (ES-ell)        
     8         378         20089.3         4.39996           0.125      Successful search (ES-ell)        
     8         386         20067.2         4.20587           0.125      Successful search (ES-ell)        
     8         392         20061.9         4.18346           0.125      Successful search (ES-ell)        
     8         395         20053.1         4.02148           0.125      Successful search (ES-ell)        
     8         397         20033.7         4.03884           0.125      Successful search (ES-ell)        
     8         419         20018.9         4.39778            0.25        Successful poll           Train
     9         448         20018.2          2.4609           0.125          Refine grid             Train
    10         455         20029.5         2.04973           0.125      Successful search (ES-ell)        
    10         469         20029.2         1.76564           0.125      Successful search (ES-wcm)        
    10         479         20024.1         3.70829           0.125      Successful search (ES-wcm)        
    10         481         20022.9         3.51721           0.125      Successful search (ES-wcm)        
    10         491         20008.1         3.50237           0.125      Successful search (ES-wcm)        
    10         500         20005.9         3.61581           0.125      Successful search (ES-wcm)        
    10         511         20001.5         3.41609           0.125      Successful search (ES-wcm)        
    10         521         19998.7         3.42066           0.125      Successful search (ES-wcm)        
    10         556         19998.7         3.42066          0.0625          Refine grid             
    11         559         20001.2          3.0317          0.0625      Successful search (ES-ell)        
    11         565         20000.3         2.55697          0.0625      Successful search (ES-ell)        
    11         566         19996.7         2.83539          0.0625      Successful search (ES-ell)        
    11         576           19996         1.65196          0.0625      Successful search (ES-ell)        
    11         585         19995.4         2.08459          0.0625      Successful search (ES-ell)        
    11         587         19994.2         2.55056          0.0625      Successful search (ES-ell)        
    11         598         19993.7         1.95469          0.0625      Successful search (ES-ell)        
    11         608         19993.3         1.51929          0.0625      Successful search (ES-wcm)        
    11         644         19993.3         1.51929         0.03125          Refine grid             Train
    12         677         19993.8         1.22337        0.015625          Refine grid             Train
    13         679         19994.9          2.4328        0.015625      Successful search (ES-ell)        
    13         684         19994.2         1.74355        0.015625      Successful search (ES-ell)        
    13         695         19994.1         1.22233        0.015625      Successful search (ES-ell)        
    13         696         19993.8         1.26227        0.015625      Successful search (ES-ell)        
    13         732         19993.8         1.26227       0.0078125          Refine grid             
    14         734         19995.3         1.47607       0.0078125      Successful search (ES-ell)        
    14         735         19994.7         2.78413       0.0078125      Successful search (ES-ell)        
    14         776         19994.7         2.78413      0.00390625          Refine grid             Train
    15         777         19995.2         1.33171      0.00390625      Successful search (ES-ell)        
    15         789         19995.1        0.875354      0.00390625      Successful search (ES-wcm)        
    15         792           19995        0.934978      0.00390625      Successful search (ES-wcm)        
    15         794         19994.9         1.09606      0.00390625      Successful search (ES-wcm)        
    15         797         19994.5         1.15037      0.00390625      Successful search (ES-ell)        
    15         806         19994.5        0.916602      0.00390625      Successful search (ES-wcm)        
    15         807         19994.5        0.950291      0.00390625      Successful search (ES-ell)        
    15         812         19994.2        0.788038      0.00390625      Successful search (ES-wcm)        
    15         814           19994         1.15872      0.00390625      Successful search (ES-ell)        
    15         818         19993.9         1.09637      0.00390625      Successful search (ES-ell)        
    15         819         19993.7         1.30468      0.00390625      Successful search (ES-ell)        
    15         822         19993.6         1.75698      0.00390625      Successful search (ES-ell)        
    15         835         19993.4        0.980033      0.00390625      Successful search (ES-wcm)        
    15         836         19993.1          1.2561      0.00390625      Successful search (ES-ell)        
    15         847         19992.8        0.981739      0.00390625      Successful search (ES-ell)        
    15         848         19992.5         1.30484      0.00390625      Successful search (ES-ell)        
    15         886         19992.5         1.30484      0.00195312          Refine grid             Train
    16         887         19994.6         1.07014      0.00195312      Successful search (ES-ell)        
    16         930         19994.6         1.07014     0.000976562          Refine grid             Train
Optimization terminated: change in the function value less than options['tol_mesh']
Estimated function value at minimum: 19994.76014050126 ± 0.4539931681472999 (mean ± SEM from 100 samples)
BADS minimum at: x_min = [ 1.2594 12.0155 12.0431  1.245   0.2426  0.5577  0.115  12.6293  0.905
  0.1669  0.2644], training NLL = 19994.7601
total f-count: 1030, time: 47.35 min

 Optimization Run 3/5
Initial params: [0.6568, 6.1383, 6.2062, 30.8818, 1.4284, 0.6596, 0.442, 28.7146, 0.7728, 0.3504, 0.1379]
bads:TooCloseBounds: For each variable, hard and plausible bounds should not be too close. Moving plausible bounds.
Variables (index) internally transformed to log coordinates: [[0 0]
 [0 3]
 [0 4]]
Beginning optimization of a STOCHASTIC objective function

 Iteration    f-count      E[f(x)]        SD[f(x)]           MeshScale          Method              Actions
     0           1         22501.8             nan               1                                  
     0          33         21309.8             nan               1          Initial mesh            Initial points
     0          34         21063.2        0.964789               1        Successful poll           Train
     1          36           20734        0.964789               1      Successful search (ES-wcm)        
     1          39         20569.2        0.964747               1      Successful search (ES-wcm)        
     1          43         20493.5        0.964512               1      Successful search (ES-wcm)        
     1          54         20483.5        0.955288               1      Successful search (ES-wcm)        
     1          61         20466.7         1.01604               1      Successful search (ES-wcm)        
     1          62           20449         1.01623               1      Successful search (ES-ell)        
     1          65         20403.7         1.01594               1      Successful search (ES-ell)        
     1          77         20340.2        0.973558               1      Successful search (ES-ell)        
     1          78         20322.1        0.991529               1      Successful search (ES-ell)        
     1          89         20315.6        0.902036               1      Successful search (ES-ell)        
     1         117         20315.6        0.902036             0.5          Refine grid             Train
     2         128         20319.4          1.1405             0.5      Successful search (ES-wcm)        
     2         159         20319.4          1.1405            0.25          Refine grid             Train
     3         167         20325.5         1.08648            0.25      Successful search (ES-wcm)        
     3         195           20294         2.26484             0.5        Successful poll           Train
     4         223         20217.7         1.14442               1        Successful poll           Train
     5         250         20217.2         1.13959             0.5          Refine grid             Train
     6         260         20208.3         2.77431             0.5      Successful search (ES-ell)        
     6         291         20208.3         2.77431            0.25          Refine grid             
     7         294         20215.8         1.13158            0.25      Successful search (ES-ell)        
     7         302         20212.7        0.904328            0.25      Successful search (ES-ell)        
     7         310         20211.6          1.7776            0.25      Successful search (ES-ell)        
     7         344         20203.6          1.8268             0.5        Successful poll           
     8         374         20203.6          1.8268            0.25          Refine grid             Train
     9         406         20203.6         1.93011           0.125          Refine grid             Train
    10         412         20195.2         3.10021           0.125      Successful search (ES-wcm)        
    10         450         20195.2         3.10021          0.0625          Refine grid             
    11         451         20200.9         3.45252          0.0625      Successful search (ES-wcm)        
    11         455         20198.6         3.33287          0.0625      Successful search (ES-wcm)        
    11         461         20197.3         1.98035          0.0625      Successful search (ES-wcm)        
    11         464         20195.6         2.55437          0.0625      Successful search (ES-wcm)        
    11         505         20195.6         2.55437         0.03125          Refine grid             
    12         506           20196         2.02842         0.03125      Successful search (ES-wcm)        
    12         517         20195.9         3.46828         0.03125      Successful search (ES-ell)        
    12         518         20194.7         4.02234         0.03125      Successful search (ES-wcm)        
    12         522         20194.4         2.53366         0.03125      Successful search (ES-wcm)        
    12         560         20194.4         2.53366        0.015625          Refine grid             
    13         593         20197.4         1.04368       0.0078125          Refine grid             Train
    14         594         20199.5         1.09206       0.0078125      Successful search (ES-wcm)        
    14         595         20199.4         1.53372       0.0078125      Successful search (ES-wcm)        
    14         596           20198         2.17315       0.0078125      Successful search (ES-wcm)        
    14         637           20198         2.17315      0.00390625          Refine grid             
    15         640         20198.1        0.729838      0.00390625      Successful search (ES-wcm)        
    15         641         20197.9        0.912147      0.00390625      Successful search (ES-wcm)        
    15         642         20197.9         1.04816      0.00390625      Successful search (ES-wcm)        
    15         643         20197.5         1.13386      0.00390625      Successful search (ES-ell)        
    15         681         20197.5         1.13386      0.00195312          Refine grid             
    16         714         20198.7        0.705531     0.000976562          Refine grid             Train
Optimization terminated: change in the function value less than options['tol_mesh']
Estimated function value at minimum: 20201.467693968138 ± 0.36668918445756515 (mean ± SEM from 100 samples)
BADS minimum at: x_min = [ 0.512   6.8086 12.0182  1.1888  2.6662  0.4922  0.2154 16.8226  0.8346
  0.0566  0.1669], training NLL = 20201.4677
total f-count: 814, time: 37.24 min

 Optimization Run 4/5
Initial params: [0.422, 2.8599, 8.4872, 33.8565, 2.6559, 0.5711, 0.3971, 21.1091, 0.3941, 0.5981, 0.2382]
bads:TooCloseBounds: For each variable, hard and plausible bounds should not be too close. Moving plausible bounds.
Variables (index) internally transformed to log coordinates: [[0 0]
 [0 3]
 [0 4]]
Beginning optimization of a STOCHASTIC objective function

 Iteration    f-count      E[f(x)]        SD[f(x)]           MeshScale          Method              Actions
     0           1         22555.4             nan               1                                  
     0          33         21315.2             nan               1          Initial mesh            Initial points
     0          35         21238.6         1.06041               1        Successful poll           Train
     1          41         21124.9         1.06015               1      Successful search (ES-wcm)        
     1          52         21078.7           1.057               1      Successful search (ES-wcm)        
     1          57         21069.2         1.00644               1      Successful search (ES-wcm)        
     1          59         21045.9         1.00706               1      Successful search (ES-wcm)        
     1          60         20509.6         1.00706               1      Successful search (ES-ell)        
     1          61         20467.9         1.00703               1      Successful search (ES-ell)        
     1          65         20342.5         1.00702               1      Successful search (ES-ell)        
     1          66         20339.5         1.00703               1      Successful search (ES-ell)        
     1          74         20154.5         1.00682               1      Successful search (ES-wcm)        
     1          88         20143.1         1.08089               1      Successful search (ES-wcm)        
     1          96         20131.1         1.08401               1      Successful search (ES-wcm)        
     1         126         20123.8         1.09568               1        Successful poll           Train
     2         153         20123.8        0.894111             0.5          Refine grid             Train
     3         182         20124.6         2.01682               1        Successful poll           Train
     4         209         20124.9         1.71743             0.5          Refine grid             Train
     5         217         20106.2         3.06763             0.5      Successful search (ES-wcm)        
     5         249         20100.4         2.88206               1        Successful poll           
     6         276         20099.4          2.8688             0.5          Refine grid             
     7         287           20098         2.61489             0.5      Successful search (ES-ell)        
     7         317           20098         2.61489            0.25          Refine grid             Train
     8         325         20098.7          2.2777            0.25      Successful search (ES-ell)        
     8         359         20098.7          2.2777           0.125          Refine grid             Train
     9         390         20115.6         1.21019         0.03125          Refine grid             Train
    10         420         20109.5          5.1681          0.0625        Successful poll           Train
    11         451           20103         1.93142         0.03125          Refine grid             Train
    12         482         20101.2         1.76352        0.015625          Refine grid             Train
    13         483         20094.1         3.75998        0.015625      Successful search (ES-ell)        
    13         496         20092.8         2.75993        0.015625      Successful search (ES-ell)        
    13         537         20092.8         2.75993       0.0078125          Refine grid             
    14         538           20094         1.91395       0.0078125      Successful search (ES-ell)        
    14         540         20093.7         2.70652       0.0078125      Successful search (ES-ell)        
    14         581         20093.7         2.70652      0.00390625          Refine grid             
    15         582         20096.1        0.798737      0.00390625      Successful search (ES-wcm)        
    15         583         20094.5         1.42153      0.00390625      Successful search (ES-ell)        
    15         585         20092.9         1.82239      0.00390625      Successful search (ES-ell)        
    15         587         20092.7         2.01254      0.00390625      Successful search (ES-ell)        
    15         625         20092.7         2.01254      0.00195312          Refine grid             
    16         626         20095.5        0.682808      0.00195312      Successful search (ES-ell)        
    16         627         20094.7        0.842319      0.00195312      Successful search (ES-ell)        
    16         628         20094.6         1.23836      0.00195312      Successful search (ES-ell)        
    16         629         20091.8         1.84857      0.00195312      Successful search (ES-ell)        
    16         669         20091.8         1.84857     0.000976562          Refine grid             Train
Optimization terminated: change in the function value less than options['tol_mesh']
Estimated function value at minimum: 20093.74938880228 ± 0.49607354301624407 (mean ± SEM from 100 samples)
BADS minimum at: x_min = [ 1.2088  7.3981 11.7322  1.4353  0.2163  0.5579  0.2722 11.8536  0.6115
  0.7292  0.2415], training NLL = 20093.7494
total f-count: 769, time: 35.11 min

 Optimization Run 5/5
Initial params: [1.6277, 6.8263, 3.7729, 15.6172, 4.4482, 0.1007, 0.6735, 24.3869, 0.7453, 0.5671, 0.2255]
bads:TooCloseBounds: For each variable, hard and plausible bounds should not be too close. Moving plausible bounds.
Variables (index) internally transformed to log coordinates: [[0 0]
 [0 3]
 [0 4]]
Beginning optimization of a STOCHASTIC objective function

 Iteration    f-count      E[f(x)]        SD[f(x)]           MeshScale          Method              Actions
     0           1         22555.4             nan               1                                  
     0          33         21308.2             nan               1          Initial mesh            Initial points
     0          35           21244        0.982268               1        Successful poll           Train
     1          40         21102.3        0.982138               1      Successful search (ES-wcm)        
     1          52         21101.4        0.977893               1      Incremental search (ES-wcm)        
     1          58         21082.3        0.966482               1        Successful poll           Train
     2          60         20990.9        0.966451               1      Successful search (ES-wcm)        
     2          63         20927.2         0.96644               1      Successful search (ES-wcm)        
     2          66         20888.2        0.966479               1      Successful search (ES-wcm)        
     2          67         20879.1        0.966455               1      Successful search (ES-wcm)        
     2          68         20861.5         0.96646               1      Successful search (ES-wcm)        
     2          78           20859        0.965288               1      Successful search (ES-wcm)        
     2          81         20349.2         1.01825               1      Successful search (ES-wcm)        
     2          82         20268.1         1.01824               1      Successful search (ES-wcm)        
     2          83         20206.5         1.01825               1      Successful search (ES-wcm)        
     2          84         20200.3         1.01822               1      Successful search (ES-wcm)        
     2          86         20160.9         1.01825               1      Successful search (ES-wcm)        
     2          95         20145.2         1.01784               1      Successful search (ES-wcm)        
     2         101         20135.1         1.01022               1      Successful search (ES-ell)        
     2         107         20131.6         1.18806               1      Successful search (ES-wcm)        
     2         138         20126.6         1.08177               1        Successful poll           Train
     3         149         20115.4        0.991207               1      Successful search (ES-wcm)        
     3         158         20086.8        0.992444               1      Successful search (ES-wcm)        
     3         168         20073.8        0.986739               1      Successful search (ES-wcm)        
     3         169         20067.7        0.989644               1      Successful search (ES-wcm)        
     3         180         20058.2         1.05779               1      Successful search (ES-ell)        
     3         192         20045.4         1.03703               1      Successful search (ES-ell)        
     3         218         20045.4         1.03703             0.5          Refine grid             
     4         229         20055.4        0.930437             0.5      Successful search (ES-ell)        
     4         259         20055.4        0.930437            0.25          Refine grid             Train
     5         291         20052.1        0.647956           0.125          Refine grid             Train
     6         300         20051.8        0.660869           0.125      Successful search (ES-wcm)        
     6         301         20046.2        0.752552           0.125      Successful search (ES-wcm)        
     6         309         20045.9         4.06722           0.125      Successful search (ES-wcm)        
     6         311         20043.4         4.00961           0.125      Successful search (ES-wcm)        
     6         318         20042.1         4.64471           0.125      Successful search (ES-wcm)        
     6         323         20037.7         4.29199           0.125      Successful search (ES-wcm)        
     6         329         20037.5         4.54605           0.125      Successful search (ES-wcm)        
     6         335         20035.6         3.36564           0.125      Successful search (ES-wcm)        
     6         363           20034         1.72544            0.25        Successful poll           Train
     7         371         20031.4         3.56983            0.25      Successful search (ES-ell)        
     7         383         20031.3         3.54001            0.25      Incremental search (ES-ell)        
     7         406         20028.8         2.11414             0.5        Successful poll           Train
     8         437         20028.8         2.03215            0.25          Refine grid             Train
     9         447         20029.3         2.44709            0.25      Successful search (ES-ell)        
     9         459         20028.3         2.45462            0.25      Successful search (ES-ell)        
     9         468         20026.5         2.92865            0.25      Successful search (ES-ell)        
     9         502         20026.5         2.92865           0.125          Refine grid             Train
    10         535         20029.1         1.50222          0.0625          Refine grid             Train
    11         538         20025.3         2.00395          0.0625      Successful search (ES-wcm)        
    11         540         20024.7         2.33865          0.0625      Successful search (ES-wcm)        
    11         543         20024.7         2.63833          0.0625      Successful search (ES-wcm)        
    11         544         20021.9         3.03989          0.0625      Successful search (ES-wcm)        
    11         579         20021.9         3.03989         0.03125          Refine grid             Train
    12         581         20024.9         1.68259         0.03125      Successful search (ES-wcm)        
    12         582         20024.9         2.14961         0.03125      Successful search (ES-wcm)        
    12         623         20024.9         2.14961        0.015625          Refine grid             
    13         656         20028.8         1.11238       0.0078125          Refine grid             
    14         657         20028.5         1.11506       0.0078125      Successful search (ES-wcm)        
    14         658         20027.7         1.07135       0.0078125      Successful search (ES-wcm)        
    14         659           20027           1.162       0.0078125      Successful search (ES-wcm)        
    14         660         20026.1         1.42542       0.0078125      Successful search (ES-wcm)        
    14         664         20025.8         1.21186       0.0078125      Successful search (ES-wcm)        
    14         665         20025.7         1.26956       0.0078125      Successful search (ES-wcm)        
    14         700         20025.7         1.26956      0.00390625          Refine grid             Train
    15         701         20026.9         0.86087      0.00390625      Successful search (ES-ell)        
    15         703         20026.6         1.10963      0.00390625      Successful search (ES-ell)        
    15         709         20026.6        0.958991      0.00390625      Successful search (ES-ell)        
    15         711         20026.6        0.932338      0.00390625      Successful search (ES-ell)        
    15         712         20026.3         1.29904      0.00390625      Successful search (ES-ell)        
    15         714         20025.6         1.77481      0.00390625      Successful search (ES-ell)        
    15         755         20025.6         1.77481      0.00195312          Refine grid             Train
    16         756         20025.8        0.672844      0.00195312      Successful search (ES-ell)        
    16         757         20025.7        0.655998      0.00195312      Successful search (ES-wcm)        
    16         758         20025.3        0.667638      0.00195312      Successful search (ES-wcm)        
    16         759         20024.9        0.742089      0.00195312      Successful search (ES-wcm)        
    16         763         20024.8        0.751019      0.00195312      Successful search (ES-wcm)        
    16         765         20024.6        0.783469      0.00195312      Successful search (ES-wcm)        
    16         799         20024.6        0.783469     0.000976562          Refine grid             
Optimization terminated: change in the function value less than options['tol_mesh']
Estimated function value at minimum: 20024.319787823515 ± 0.35535854343699363 (mean ± SEM from 100 samples)
BADS minimum at: x_min = [ 1.113   6.8513  8.8494  1.768   0.1976  0.5205  0.2758 10.7296  0.5478
  0.1982  0.2417], training NLL = 20024.3198
total f-count: 899, time: 41.26 min

 ------- Finish Optimization for Subject 2 ---------- 
Fri Mar 13 09:20:45 2026       
+---------------------------------------------------------------------------------------+
| NVIDIA-SMI 535.113.01             Driver Version: 535.113.01   CUDA Version: 12.2     |
|-----------------------------------------+----------------------+----------------------+
| GPU  Name                 Persistence-M | Bus-Id        Disp.A | Volatile Uncorr. ECC |
| Fan  Temp   Perf          Pwr:Usage/Cap |         Memory-Usage | GPU-Util  Compute M. |
|                                         |                      |               MIG M. |
|=========================================+======================+======================|
|   0  Tesla P100-PCIE-16GB           On  | 00000000:82:00.0 Off |                    0 |
| N/A   32C    P0              31W / 250W |      0MiB / 16384MiB |     12%      Default |
|                                         |                      |                  N/A |
+-----------------------------------------+----------------------+----------------------+
                                                                                         
+---------------------------------------------------------------------------------------+
| Processes:                                                                            |
|  GPU   GI   CI        PID   Type   Process name                            GPU Memory |
|        ID   ID                                                             Usage      |
|=======================================================================================|
|  No running processes found                                                           |
+---------------------------------------------------------------------------------------+
----------------------------------------
Start job epilogue Fri Mar 13 09:20:45 CET 2026
----------------------------------------
Job ID:          51247006
Job Exit Code:   0:0
Username:        wenlou
Group:           mpla
Queue:           gpu
Compute nodes:   dccn-c047
Asked resources: walltime=1-00:00:00,nodes=1,cpus=8,mem=2G
Used resources:  cputime=1-02:28:16,walltime=03:18:32,memory=0
----------------------------------------
End job epilogue Fri Mar 13 09:20:45 CET 2026
----------------------------------------
