device is : cuda
['base', '2', 'all', 'bads', '1']

 ------- Start Optimization for Subject 2 ---------- 

 Cross Validation fold 0/1

 -- Start Optimization: method BADS --

 Optimization Run 1/1
Initial params: [1.9588, 6.6265, 7.4791, 11.4055, 3.6103, 10.845, 0.6962, 0.1264, 0.0013, 0.612, 0.0503]
bads:InitialPointsTooClosePB: The starting points X0 are on or numerically too close to the hard bounds lower_bounds and upper_bounds. Moving the initial points more inside...
bads:TooCloseBounds: For each variable, hard and plausible bounds should not be too close. Moving plausible bounds.
bads:InitialPointsOutsidePB. The starting points X0 are not inside the provided plausible bounds (plausible_lower_bounds and plausible_upper_bounds). Expanding the plausible bounds...
Variables (index) internally transformed to log coordinates: [[ 0  0]
 [ 0  3]
 [ 0  8]
 [ 0  9]
 [ 0 10]]
Beginning optimization of a STOCHASTIC objective function

 Iteration    f-count      E[f(x)]        SD[f(x)]           MeshScale          Method              Actions
     0           1         31487.5             nan               1                                  
     0          27         30270.1             nan               1          Initial mesh            Initial points
     0          39         29881.6        0.999856               1        Successful poll           Train
     1          40         27656.7        0.999841               1      Successful search (ES-wcm)        
     1          43         27447.7        0.999601               1      Successful search (ES-wcm)        
     1          45         27339.5        0.999755               1      Successful search (ES-wcm)        
     1          46         26896.3        0.999794               1      Successful search (ES-wcm)        
     1          55         25936.2         1.01523               1      Successful search (ES-wcm)        
     1          56         25504.7         1.01515               1      Successful search (ES-wcm)        
     1          57         25280.6          1.0152               1      Successful search (ES-wcm)        
     1          58         25120.6         1.01505               1      Successful search (ES-wcm)        
     1          61         24856.2         1.01523               1      Successful search (ES-wcm)        
     1          67           24410         1.01454               1      Successful search (ES-wcm)        
     1          68         24365.9         1.01498               1      Successful search (ES-wcm)        
     1          69         23774.8         1.01512               1      Successful search (ES-wcm)        
     1          75         23765.4         1.02819               1      Successful search (ES-wcm)        
     1          77         23541.6         1.02817               1      Successful search (ES-wcm)        
     1          79         23458.7         1.02819               1      Successful search (ES-wcm)        
     1          81         23439.1         1.02814               1      Successful search (ES-wcm)        
     1          82         23329.1         1.02814               1      Successful search (ES-wcm)        
     1          84         23282.4         1.02791               1      Successful search (ES-wcm)        
     1          85         23139.6         1.02814               1      Successful search (ES-wcm)        
     1          90         23125.4         1.02813               1      Successful search (ES-wcm)        
     1          91         23072.4         1.02787               1      Successful search (ES-wcm)        
     1          98         22988.3          1.0712               1      Successful search (ES-wcm)        
     1         109         22913.4         1.07097               1      Successful search (ES-wcm)        
     1         115         22911.3         1.07091               1      Successful search (ES-wcm)        
     1         121         22873.5         1.16263               1      Successful search (ES-wcm)        
     1         129         22705.6         1.16264               1      Successful search (ES-wcm)        
     1         131         22635.5         1.16265               1      Successful search (ES-wcm)        
     1         165           22539         1.06478               1        Successful poll           Train
     2         166         22499.9         1.11763               1      Successful search (ES-wcm)        
     2         167         22446.7         1.11763               1      Successful search (ES-wcm)        
     2         171         22232.3         1.11763               1      Successful search (ES-wcm)        
     2         172         21519.9         1.11763               1      Successful search (ES-ell)        
     2         175         21356.4         1.11763               1      Successful search (ES-wcm)        
     2         178         21202.4         1.11763               1      Successful search (ES-ell)        
     2         186           21165         1.11741               1      Successful search (ES-ell)        
     2         188         21117.6         1.11763               1      Successful search (ES-wcm)        
     2         194           21097         1.10929               1      Successful search (ES-ell)        
     2         195           21011         1.10931               1      Successful search (ES-ell)        
     2         198         20998.2         1.10927               1      Successful search (ES-ell)        
     2         201         20959.2         1.10931               1      Successful search (ES-ell)        
     2         202         20943.9         1.10932               1      Successful search (ES-ell)        
     2         209           20874         1.10928               1      Successful search (ES-wcm)        
     2         217         20830.5         1.10925               1      Successful search (ES-wcm)        
     2         245         20826.6         1.10933               1        Successful poll           Train
     3         255         20726.3         1.32436               1      Successful search (ES-wcm)        
     3         285         20726.3         1.32436             0.5          Refine grid             
     4         316         20500.8          1.3128               1        Successful poll           
     5         318         20380.3         1.31283               1      Successful search (ES-wcm)        
     5         331         20236.9         1.76836               1      Successful search (ES-wcm)        
     5         333         20139.1         1.76836               1      Successful search (ES-wcm)        
     5         338         20073.7         1.76836               1      Successful search (ES-wcm)        
     5         345         20056.2         1.76835               1      Successful search (ES-wcm)        
     5         349         20044.5         1.76833               1      Successful search (ES-wcm)        
     5         374           20030         1.76834               1        Successful poll           Train
     6         383         19912.3         1.19094               1      Successful search (ES-wcm)        
     6         412         19912.3         1.19094             0.5          Refine grid             Train
     7         441         19912.4         1.17783            0.25          Refine grid             Train
     8         470         19920.1         1.14715           0.125          Refine grid             Train
     9         500         19918.9         1.10584          0.0625          Refine grid             Train
    10         530         19913.2        0.982363         0.03125          Refine grid             Train
    11         540         19989.9         0.48906         0.03125      Successful search (ES-wcm)        
    11         572         19989.9         0.48906        0.015625          Refine grid             Train
    12         573           20029         1.16974        0.015625      Successful search (ES-wcm)        
    12         577         20027.6         1.11461        0.015625      Successful search (ES-ell)        
    12         585         20022.6        0.975097        0.015625      Successful search (ES-wcm)        
    12         586         19996.5         1.10456        0.015625      Successful search (ES-wcm)        
    12         627         19996.5         1.10456       0.0078125          Refine grid             Train
    13         659         20006.1        0.985096        0.015625        Successful poll           Train
    14         664         19980.6        0.965744        0.015625      Successful search (ES-wcm)        
    14         703         19980.6        0.965744       0.0078125          Refine grid             
    15         706         20010.7        0.981056       0.0078125      Successful search (ES-wcm)        
    15         747         20010.7        0.981056      0.00390625          Refine grid             
    16         748         20000.5        0.735068      0.00390625      Successful search (ES-wcm)        
    16         791         20000.5        0.735068      0.00195312          Refine grid             
    17         794         20026.1         0.49122      0.00195312      Successful search (ES-wcm)        
    17         795         20023.9        0.594926      0.00195312      Successful search (ES-wcm)        
    17         835         20023.9        0.594926     0.000976562          Refine grid             
Optimization terminated: change in the function value less than options['tol_mesh']
Estimated function value at minimum: 20072.885401535717 ± 5.029179137756381 (mean ± SEM from 100 samples)
BADS minimum at: x_min = [ 3.40160e+00  1.25415e+01  7.33040e+00  2.70000e-03 -5.54500e-01
  1.28517e+01  4.78300e-01  4.50200e-01  4.40000e-03  1.78880e+00
  2.68600e-01], training NLL = 20072.8854
total f-count: 935, time: 40.04 min

 ------- Finish Optimization for Subject 2 ---------- 

 ------- Start Optimization for Subject 3 ---------- 

 Cross Validation fold 0/1

 -- Start Optimization: method BADS --

 Optimization Run 1/1
Initial params: [0.3404, 5.7183, 4.2159, 5.8787, -3.924, 15.507, 0.4837, 0.1595, 0.1636, 0.9196, 0.3584]
bads:TooCloseBounds: For each variable, hard and plausible bounds should not be too close. Moving plausible bounds.
Variables (index) internally transformed to log coordinates: [[ 0  0]
 [ 0  3]
 [ 0  8]
 [ 0  9]
 [ 0 10]]
Beginning optimization of a STOCHASTIC objective function

 Iteration    f-count      E[f(x)]        SD[f(x)]           MeshScale          Method              Actions
     0           1         30377.7             nan               1                                  
     0          27         29880.6             nan               1          Initial mesh            Initial points
     0          30         28735.8         1.00304               1        Successful poll           Train
     1          32         27341.1         1.00303               1      Successful search (ES-wcm)        
     1          34         26713.9           1.003               1      Successful search (ES-wcm)        
     1          38         26703.3         1.00162               1      Successful search (ES-wcm)        
     1          39         26494.6         1.00237               1      Successful search (ES-wcm)        
     1          40         26434.5         1.00227               1      Successful search (ES-wcm)        
     1          44         25932.4         1.00243               1      Successful search (ES-wcm)        
     1          46         25655.9         1.00197               1      Successful search (ES-wcm)        
     1          47           25413         1.00202               1      Successful search (ES-wcm)        
     1          48         25350.6         1.00247               1      Successful search (ES-wcm)        
     1          49         25249.4         1.00059               1      Successful search (ES-wcm)        
     1          54         24975.2        0.995207               1      Successful search (ES-wcm)        
     1          58         24660.7        0.995172               1      Successful search (ES-wcm)        
     1          59         24510.7        0.995211               1      Successful search (ES-wcm)        
