device is : cuda
['base', '2', 'all', 'bads', '1']

 ------- Start Optimization for Subject 2 ---------- 

 Cross Validation fold 0/1

 -- Start Optimization: method BADS --

 Optimization Run 1/1
Initial params: [1.6286, 6.2794, 7.4763, 14.409, 4.9055, 10.2102, 0.3007, 0.1021, 0.5682, 0.7671, 0.4356]
bads:TooCloseBounds: For each variable, hard and plausible bounds should not be too close. Moving plausible bounds.
Variables (index) internally transformed to log coordinates: [[ 0  0]
 [ 0  3]
 [ 0  8]
 [ 0  9]
 [ 0 10]]
Beginning optimization of a STOCHASTIC objective function

 Iteration    f-count      E[f(x)]        SD[f(x)]           MeshScale          Method              Actions
     0           1           31361             nan               1                                  
     0          27         30273.3             nan               1          Initial mesh            Initial points
     0          40         29889.2          1.0026               1        Successful poll           Train
     1          42         28484.2         1.00256               1      Successful search (ES-wcm)        
     1          43         27877.4         1.00256               1      Successful search (ES-wcm)        
     1          44           27713         1.00237               1      Successful search (ES-wcm)        
     1          46         27451.4          1.0025               1      Successful search (ES-wcm)        
     1          47         27279.5         1.00241               1      Successful search (ES-wcm)        
     1          55         27061.9         0.98451               1      Successful search (ES-wcm)        
     1          56         26272.8        0.984454               1      Successful search (ES-wcm)        
     1          58         25685.8        0.984588               1      Successful search (ES-wcm)        
     1          66         25100.9        0.984533               1      Successful search (ES-wcm)        
     1          69         24884.5        0.983366               1      Successful search (ES-wcm)        
     1          71         24635.9        0.983124               1      Successful search (ES-wcm)        
     1          72         24341.4        0.983499               1      Successful search (ES-wcm)        
     1          73         23842.3        0.984262               1      Successful search (ES-wcm)        
     1          74         22914.1         1.01955               1      Successful search (ES-wcm)        
     1          80         22797.9         1.01952               1      Successful search (ES-wcm)        
     1          88         22745.1         1.01942               1      Successful search (ES-wcm)        
     1          92         22642.4          1.0192               1      Successful search (ES-wcm)        
     1          95         22565.3         1.01439               1      Successful search (ES-wcm)        
     1          97         22514.5         1.05551               1      Successful search (ES-wcm)        
     1         106         22454.2           1.054               1      Successful search (ES-wcm)        
     1         108           22450         1.05549               1      Successful search (ES-ell)        
     1         110         22393.1         1.05548               1      Successful search (ES-wcm)        
     1         111           22120         1.05551               1      Successful search (ES-wcm)        
     1         112         22088.8         1.05552               1      Successful search (ES-wcm)        
     1         114         21944.9         1.05552               1      Successful search (ES-wcm)        
     1         121         21776.5         1.06354               1      Successful search (ES-wcm)        
     1         125         21745.4         1.06344               1      Successful search (ES-ell)        
     1         129         21577.9         1.06355               1      Successful search (ES-wcm)        
     1         133         21405.5         1.06353               1      Successful search (ES-wcm)        
     1         143         21391.3         1.00187               1      Successful search (ES-wcm)        
     1         166         21313.4         1.00196               1        Successful poll           Train
     2         171         21116.1         1.07054               1      Successful search (ES-wcm)        
     2         176         20951.5         1.07054               1      Successful search (ES-wcm)        
     2         177         20881.3         1.07054               1      Successful search (ES-wcm)        
     2         180         20795.7         1.07053               1      Successful search (ES-wcm)        
     2         183         20723.5         1.07054               1      Successful search (ES-wcm)        
     2         185         20389.3         1.07054               1      Successful search (ES-wcm)        
     2         186         20251.9         1.07054               1      Successful search (ES-wcm)        
     2         196         20215.6         1.08989               1      Successful search (ES-wcm)        
     2         198         20160.3         1.08992               1      Successful search (ES-wcm)        
     2         207         20150.7         1.08991               1      Successful search (ES-wcm)        
     2         236         20150.7         1.08991             0.5          Refine grid             Train
     3         237         20078.7         52.6152             0.5      Successful search (ES-wcm)        
     3         239         20031.8         43.1208             0.5      Successful search (ES-ell)        
     3         241         19992.7          41.828             0.5      Successful search (ES-ell)        
     3         243           19936         45.7569             0.5      Successful search (ES-ell)        
     3         244         19927.5         53.9147             0.5      Successful search (ES-ell)        
     3         247         19889.2         45.0063             0.5      Successful search (ES-ell)        
     3         248         19867.6         51.5758             0.5      Successful search (ES-ell)        
     3         250         19845.1          47.644             0.5      Successful search (ES-ell)        
     3         252         19801.9           41.28             0.5      Successful search (ES-ell)        
     3         258         19801.1         24.9441             0.5      Successful search (ES-ell)        
     3         261         19796.6         29.6624             0.5      Successful search (ES-ell)        
     3         262         19790.2         30.6576             0.5      Successful search (ES-ell)        
     3         263         19750.9         46.7903             0.5      Successful search (ES-ell)        
     3         271         19749.2         36.2352             0.5      Successful search (ES-ell)        
     3         273           19749         30.6082             0.5      Incremental search (ES-ell)        
     3         275         19732.5          26.588             0.5      Successful search (ES-ell)        
     3         278         19728.9         28.5672             0.5      Successful search (ES-ell)        
     3         284         19725.5         23.7282             0.5      Successful search (ES-ell)        
     3         293           19722         14.4911             0.5      Successful search (ES-ell)        
     3         295         19713.5         17.0772             0.5      Successful search (ES-ell)        
     3         298         19701.8         16.0565             0.5      Successful search (ES-ell)        
     3         300         19696.5         20.5517             0.5      Successful search (ES-ell)        
     3         306         19692.7         22.2301             0.5      Successful search (ES-ell)        
     3         307           19682         29.6849             0.5      Successful search (ES-ell)        
     3         308         19671.8         37.4785             0.5      Successful search (ES-ell)        
     3         309         19625.1         45.9306             0.5      Successful search (ES-ell)        
     3         310         19556.8         59.6613             0.5      Successful search (ES-wcm)        
     3         313         19536.6         55.9145             0.5      Successful search (ES-ell)        
     3         315         19529.9         54.6882             0.5      Successful search (ES-ell)        
     3         318         19411.2         48.8446             0.5      Successful search (ES-ell)        
     3         319         19386.1         52.5451             0.5      Successful search (ES-ell)        
     3         320         19365.1         59.3299             0.5      Successful search (ES-wcm)        
     3         322         19282.5          56.122             0.5      Successful search (ES-wcm)        
     3         328         19275.7         33.1188             0.5      Successful search (ES-wcm)        
     3         329         19260.1         42.8865             0.5      Successful search (ES-wcm)        
     3         336         19255.1         46.7669             0.5      Successful search (ES-wcm)        
     3         337         19223.4         52.3998             0.5      Successful search (ES-wcm)        
     3         341         19205.4         35.2897             0.5      Successful search (ES-wcm)        
     3         348         19205.3         34.2856             0.5      Incremental search (ES-wcm)        
     3         373         19205.3         34.2856            0.25          Refine grid             
     4         374         19167.3         35.7029            0.25      Successful search (ES-ell)        
     4         413         19167.3         35.7029           0.125          Refine grid             
     5         414         19171.7         17.5935           0.125      Successful search (ES-ell)        
     5         415         19164.4         28.0399           0.125      Successful search (ES-ell)        
     5         416         19164.1         31.2239           0.125      Successful search (ES-wcm)        
     5         454         19164.1         31.2239          0.0625          Refine grid             Train
     6         455         19213.7         8.28654          0.0625      Successful search (ES-wcm)        
     6         456         19205.4         9.29999          0.0625      Successful search (ES-wcm)        
     6         457         19194.8         10.8664          0.0625      Successful search (ES-wcm)        
     6         458           19185         18.5274          0.0625      Successful search (ES-wcm)        
     6         459         19184.3         27.7571          0.0625      Successful search (ES-wcm)        
     6         495         19176.7         32.6226           0.125        Successful poll           
     7         496         19176.3         26.8234           0.125      Successful search (ES-ell)        
     7         536         19176.3         26.8234          0.0625          Refine grid             
     8         537         19207.7         13.0137          0.0625      Successful search (ES-ell)        
     8         538         19196.6         14.7538          0.0625      Successful search (ES-ell)        
     8         540           19196         15.5576          0.0625      Successful search (ES-ell)        
     8         574         19176.4         9.60409           0.125        Successful poll           Train
     9         575         18941.7         16.7975           0.125      Successful search (ES-ell)        
     9         576         18880.8         25.4934           0.125      Successful search (ES-ell)        
     9         614         18880.8         25.4934          0.0625          Refine grid             
    10         643         19216.5         8.03528        0.015625          Refine grid             
    11         644         19185.8         8.50151        0.015625      Successful search (ES-ell)        
    11         645         19175.8         8.94607        0.015625      Successful search (ES-ell)        
    11         646         19164.9         9.99064        0.015625      Successful search (ES-ell)        
    11         647         19153.9         12.0955        0.015625      Successful search (ES-ell)        
    11         648         19134.8         14.5697        0.015625      Successful search (ES-ell)        
    11         649         19113.2          16.821        0.015625      Successful search (ES-ell)        
    11         650         19112.8         21.8318        0.015625      Successful search (ES-ell)        
    11         684         19112.8         21.8318       0.0078125          Refine grid             Train
    12         685           19213         8.09711       0.0078125      Successful search (ES-ell)        
    12         686         19207.4         7.99232       0.0078125      Successful search (ES-ell)        
    12         687         19204.5         7.95972       0.0078125      Successful search (ES-ell)        
    12         688         19200.2          7.9738       0.0078125      Successful search (ES-ell)        
    12         689         19196.7         8.16714       0.0078125      Successful search (ES-ell)        
    12         690         19194.1          9.1784       0.0078125      Successful search (ES-ell)        
    12         692         19192.8          9.5911       0.0078125      Successful search (ES-ell)        
    12         693         19190.8         10.9455       0.0078125      Successful search (ES-ell)        
    12         694         19190.7         13.5296       0.0078125      Successful search (ES-ell)        
    12         725         19190.7         13.5296      0.00390625          Refine grid             
    13         748         19194.6         7.63375       0.0078125        Successful poll           
    14         749         19195.5         6.89731       0.0078125      Successful search (ES-wcm)        
    14         750         19190.6         6.85868       0.0078125      Successful search (ES-wcm)        
    14         751           19184         6.68443       0.0078125      Successful search (ES-wcm)        
    14         752         19176.4         6.68954       0.0078125      Successful search (ES-wcm)        
    14         753         19167.5         6.73386       0.0078125      Successful search (ES-wcm)        
    14         754         19149.5         7.13415       0.0078125      Successful search (ES-wcm)        
    14         755         19123.6         8.18356       0.0078125      Successful search (ES-wcm)        
    14         756         19090.7         9.04517       0.0078125      Successful search (ES-wcm)        
    14         757         19049.2         12.3821       0.0078125      Successful search (ES-wcm)        
    14         758         18987.1         16.1778       0.0078125      Successful search (ES-wcm)        
    14         759         18528.4         22.0707       0.0078125      Successful search (ES-ell)        
    14         789         18528.4         22.0707      0.00390625          Refine grid             Train
    15         790         19213.5         7.28993      0.00390625      Successful search (ES-ell)        
    15         791         19212.8         7.24567      0.00390625      Successful search (ES-wcm)        
    15         792         19212.8         7.10874      0.00390625      Successful search (ES-wcm)        
    15         793         19211.1         7.15261      0.00390625      Successful search (ES-ell)        
    15         794         19210.4          7.3387      0.00390625      Successful search (ES-ell)        
    15         795           19208         7.79854      0.00390625      Successful search (ES-ell)        
    15         796         19202.4         8.20767      0.00390625      Successful search (ES-ell)        
    15         797         19201.6         9.06064      0.00390625      Successful search (ES-ell)        
    15         798         19193.8         10.8308      0.00390625      Successful search (ES-ell)        
    15         830         19193.8         10.8308      0.00195312          Refine grid             
    16         831         19203.6         6.68262      0.00195312      Successful search (ES-ell)        
    16         832         19202.2         6.67335      0.00195312      Successful search (ES-ell)        
    16         833         19201.8         6.68397      0.00195312      Successful search (ES-ell)        
    16         834         19201.5         6.64744      0.00195312      Successful search (ES-ell)        
    16         835           19200         6.80248      0.00195312      Successful search (ES-ell)        
    16         871           19200         6.80248     0.000976562          Refine grid             
Optimization terminated: change in the function value less than options['tol_mesh']
Estimated function value at minimum: 19222.01755805259 ± 5.2160670790204735 (mean ± SEM from 100 samples)
BADS minimum at: x_min = [ 2.1647  6.5662  5.4869  0.     -0.4463  6.567   0.4847  0.6744  0.
  1.9991  0.2727], training NLL = 19222.0176
total f-count: 971, time: 41.85 min

 ------- Finish Optimization for Subject 2 ---------- 

 ------- Start Optimization for Subject 3 ---------- 

 Cross Validation fold 0/1

 -- Start Optimization: method BADS --

 Optimization Run 1/1
Initial params: [0.7751, 3.513, 7.1958, 4.5537, -3.3602, 12.1455, 0.6871, 0.2552, 0.7234, 0.4693, 0.4513]
bads:TooCloseBounds: For each variable, hard and plausible bounds should not be too close. Moving plausible bounds.
Variables (index) internally transformed to log coordinates: [[ 0  0]
 [ 0  3]
 [ 0  8]
 [ 0  9]
 [ 0 10]]
Beginning optimization of a STOCHASTIC objective function

 Iteration    f-count      E[f(x)]        SD[f(x)]           MeshScale          Method              Actions
     0           1         30299.7             nan               1                                  
