device is : cuda
['base', '2', 'all', 'bads', '1']

 ------- Start Optimization for Subject 2 ---------- 

 Cross Validation fold 0/1

 -- Start Optimization: method BADS --

 Optimization Run 1/1
Initial params: [1.3907, 2.1954, 12.2966, 14.3432, -2.0708, 25.8148, 0.6212, 0.2975, 0.1975, 0.2455, 0.0406]
bads:TooCloseBounds: For each variable, hard and plausible bounds should not be too close. Moving plausible bounds.
Variables (index) internally transformed to log coordinates: [[ 0  0]
 [ 0  3]
 [ 0  8]
 [ 0  9]
 [ 0 10]]
Beginning optimization of a STOCHASTIC objective function

 Iteration    f-count      E[f(x)]        SD[f(x)]           MeshScale          Method              Actions
     0           1         31367.1             nan               1                                  
     0          27         30264.8             nan               1          Initial mesh            Initial points
     0          40         29892.4         0.99881               1        Successful poll           Train
     1          41         28591.5        0.998788               1      Successful search (ES-wcm)        
     1          42         28121.8        0.998814               1      Successful search (ES-wcm)        
     1          43         27839.1        0.998773               1      Successful search (ES-wcm)        
     1          44         27500.2         0.99877               1      Successful search (ES-wcm)        
     1          46         27430.8        0.998743               1      Successful search (ES-wcm)        
     1          49         27248.1        0.998693               1      Successful search (ES-wcm)        
     1          54         26558.5        0.986434               1      Successful search (ES-wcm)        
     1          55         26152.2         0.98643               1      Successful search (ES-wcm)        
     1          65         26141.4         0.98237               1      Successful search (ES-wcm)        
     1          72         26094.3        0.869192               1      Successful search (ES-wcm)        
     1          97         26094.3        0.869192             0.5          Refine grid             Train
     2         123         26081.1         1.15953            0.25          Refine grid             Train
     3         150         26077.3         1.29555           0.125          Refine grid             Train
     4         177         26117.2        0.774863          0.0625          Refine grid             Train
     5         178         26104.8         1.01945          0.0625      Successful search (ES-wcm)        
     5         183         26075.8         1.01945          0.0625      Successful search (ES-wcm)        
     5         216         26075.8         1.01945         0.03125          Refine grid             
     6         218         26096.2         1.01898         0.03125      Successful search (ES-wcm)        
     6         219         26081.2         1.01935         0.03125      Successful search (ES-wcm)        
     6         255         26081.2         1.01935        0.015625          Refine grid             Train
     7         258           26134        0.506865        0.015625      Successful search (ES-ell)        
     7         259         26117.5        0.781184        0.015625      Successful search (ES-ell)        
     7         280         26088.6         1.01878         0.03125        Successful poll           
     8         308         26088.6         1.01878        0.015625          Refine grid             Train
     9         313         26137.7        0.396708        0.015625      Successful search (ES-ell)        
     9         333         26137.3        0.996653         0.03125        Successful poll           
    10         335         26127.5        0.972976         0.03125      Successful search (ES-ell)        
    10         337         26081.1        0.992052         0.03125      Successful search (ES-ell)        
    10         341         26079.3        0.913193         0.03125      Successful search (ES-ell)        
    10         373         26079.3        0.913193        0.015625          Refine grid             Train
    11         388         26084.2         0.97818         0.03125        Successful poll           Train
    12         389         26103.9        0.999761         0.03125      Successful search (ES-ell)        
    12         420         26103.2        0.728123          0.0625        Successful poll           
    13         423         26099.4        0.975749          0.0625      Successful search (ES-ell)        
    13         460         26099.4        0.975749         0.03125          Refine grid             Train
    14         463         26129.7        0.642542         0.03125      Successful search (ES-ell)        
    14         465         26108.9        0.881241         0.03125      Successful search (ES-ell)        
    14         467         26094.6        0.933543         0.03125      Successful search (ES-ell)        
    14         473         26092.2        0.911587         0.03125      Successful search (ES-ell)        
    14         509         26070.9         1.13888          0.0625        Successful poll           
    15         539         26070.9         1.13888         0.03125          Refine grid             Train
    16         540         26139.5        0.985501         0.03125      Successful search (ES-wcm)        
    16         542         26114.2         1.01467         0.03125      Successful search (ES-wcm)        
    16         543           26112         1.01934         0.03125      Successful search (ES-wcm)        
    16         546         26105.4         1.01663         0.03125      Successful search (ES-wcm)        
    16         573         26091.5        0.882742          0.0625        Successful poll           
    17         602         26091.5        0.882839         0.03125          Refine grid             Train
    18         604           26130        0.936492         0.03125      Successful search (ES-wcm)        
    18         607         26048.9        0.995387         0.03125      Successful search (ES-wcm)        
    18         643         26048.9        0.995387        0.015625          Refine grid             Train
    19         644         26131.6         6.00106        0.015625      Successful search (ES-wcm)        
    19         645         26123.8         7.89204        0.015625      Successful search (ES-wcm)        
    19         646         26107.5         10.7421        0.015625      Successful search (ES-wcm)        
    19         647         26106.9         12.1773        0.015625      Successful search (ES-wcm)        
    19         683         26106.9         12.1773       0.0078125          Refine grid             Train
    20         684         26128.4         5.77857       0.0078125      Successful search (ES-ell)        
    20         685         26122.7         6.68013       0.0078125      Successful search (ES-ell)        
    20         686         26111.5         8.75007       0.0078125      Successful search (ES-ell)        
    20         687         26107.1         12.7408       0.0078125      Successful search (ES-ell)        
    20         688         26104.6         16.3719       0.0078125      Successful search (ES-ell)        
    20         726         26104.6         16.3719      0.00390625          Refine grid             
    21         727         26134.4         5.39381      0.00390625      Successful search (ES-ell)        
    21         728         26133.7         5.58741      0.00390625      Successful search (ES-ell)        
    21         729         26132.5          6.0542      0.00390625      Successful search (ES-ell)        
    21         766         26132.5          6.0542      0.00195312          Refine grid             
    22         796         26139.3        0.350315     0.000976562          Refine grid             
Optimization terminated: change in the function value less than options['tol_mesh']
Estimated function value at minimum: 26155.82198339591 ± 3.625885554937593 (mean ± SEM from 100 samples)
BADS minimum at: x_min = [ 1.07150e+00  1.23320e+01  1.25879e+01  3.50000e-03 -1.00000e+01
  1.26050e+01  2.09000e-02  3.15300e-01  2.50600e-01  1.99740e+00
  5.24000e-01], training NLL = 26155.822
total f-count: 896, time: 40.01 min

 ------- Finish Optimization for Subject 2 ---------- 

 ------- Start Optimization for Subject 3 ---------- 

 Cross Validation fold 0/1

 -- Start Optimization: method BADS --

 Optimization Run 1/1
Initial params: [0.9095, 7.6142, 11.9532, 0.8969, 1.7248, 22.9048, 0.5052, 0.2251, 0.6773, 0.4868, 0.2809]
bads:TooCloseBounds: For each variable, hard and plausible bounds should not be too close. Moving plausible bounds.
Variables (index) internally transformed to log coordinates: [[ 0  0]
 [ 0  3]
 [ 0  8]
 [ 0  9]
 [ 0 10]]
Beginning optimization of a STOCHASTIC objective function

 Iteration    f-count      E[f(x)]        SD[f(x)]           MeshScale          Method              Actions
     0           1         29689.9             nan               1                                  
     0          27         29689.9             nan               1          Initial mesh            Initial points
     0          28         29263.9         1.00138               1        Successful poll           Train
     1          29         23808.4         1.00138               1      Successful search (ES-wcm)        
     1          31         23587.1         1.00129               1      Successful search (ES-wcm)        
     1          41         23521.6        0.999523               1      Successful search (ES-wcm)        
     1          42         23318.1         1.00004               1      Successful search (ES-ell)        
     1          45         23015.7        0.988223               1      Successful search (ES-wcm)        
     1          48         23003.6        0.961492               1      Successful search (ES-wcm)        
     1          51         22935.4         1.00938               1      Successful search (ES-ell)        
     1          54           22676         1.00931               1      Successful search (ES-wcm)        
     1          57         22312.5         1.00933               1      Successful search (ES-wcm)        
     1          58         21621.9         1.00938               1      Successful search (ES-wcm)        
     1          67         21564.3         1.00929               1      Successful search (ES-wcm)        
     1          69         21527.8         1.00885               1      Successful search (ES-wcm)        
     1          70         21509.5          1.0089               1      Successful search (ES-wcm)        
     1          71         21322.9         1.00885               1      Successful search (ES-wcm)        
     1          72         21214.3         1.00931               1      Successful search (ES-wcm)        
     1          73         21067.8         1.00937               1      Successful search (ES-wcm)        
     1          74           20754         1.00584               1      Successful search (ES-wcm)        
     1          76         20615.1         1.00583               1      Successful search (ES-wcm)        
     1          78         20406.8         1.00585               1      Successful search (ES-wcm)        
     1          89         20391.6         1.00577               1      Successful search (ES-wcm)        
     1          90         20384.8         1.00554               1      Successful search (ES-wcm)        
     1          91         20303.1         1.00566               1      Successful search (ES-wcm)        
     1          92         20253.1         1.00573               1      Successful search (ES-wcm)        
     1          94         20135.5         1.00582               1      Successful search (ES-wcm)        
     1          96         20052.4         1.00578               1      Successful search (ES-wcm)        
     1         108         19942.9         1.00466               1      Successful search (ES-wcm)        
     1         111           19874         1.00463               1      Successful search (ES-wcm)        
     1         118         19660.5         1.00466               1      Successful search (ES-wcm)        
     1         124           19585        0.997177               1      Successful search (ES-wcm)        
     1         127         19543.2        0.997028               1      Successful search (ES-wcm)        
     1         133         19438.9        0.997196               1      Successful search (ES-wcm)        
     1         135         19395.9        0.997145               1      Successful search (ES-wcm)        
     1         145         19363.3         1.03311               1      Successful search (ES-ell)        
     1         147         19286.2         1.03315               1      Successful search (ES-wcm)        
     1         149         19285.4         1.03312               1      Incremental search (ES-wcm)        
     1         154         19099.5         1.03315               1      Successful search (ES-wcm)        
     1         158         19072.1         1.03295               1      Successful search (ES-wcm)        
     1         188         19072.1         1.03295             0.5          Refine grid             
     2         194         19083.4         13.8744             0.5      Successful search (ES-wcm)        
     2         205         19051.3         15.7042             0.5      Successful search (ES-wcm)        
     2         206           19022         15.8607             0.5      Successful search (ES-wcm)        
     2         214         18954.3         15.8717             0.5      Successful search (ES-ell)        
     2         219         18931.2         15.6553             0.5      Successful search (ES-ell)        
     2         221         18899.9         15.5799             0.5      Successful search (ES-ell)        
     2         252         18899.9         15.5799            0.25          Refine grid             Train
     3         253         18945.4         40.6874            0.25      Successful search (ES-ell)        
     3         255         18940.3         41.9613            0.25      Successful search (ES-ell)        
     3         258         18929.1         38.5153            0.25      Successful search (ES-ell)        
     3         259         18843.7         42.4001            0.25      Successful search (ES-ell)        
     3         261         18667.6          47.611            0.25      Successful search (ES-wcm)        
     3         263         18600.4         47.2632            0.25      Successful search (ES-wcm)        
     3         264         18547.9         45.5459            0.25      Successful search (ES-wcm)        
     3         267         18540.6         45.8706            0.25      Successful search (ES-wcm)        
     3         269         18493.1         40.4855            0.25      Successful search (ES-wcm)        
     3         271           18459         40.4557            0.25      Successful search (ES-wcm)        
     3         272           18294         42.4108            0.25      Successful search (ES-wcm)        
     3         275         18196.5         46.8112            0.25      Successful search (ES-ell)        
     3         276         18019.9         47.1525            0.25      Successful search (ES-ell)        
     3         279         18012.3          46.817            0.25      Successful search (ES-ell)        
     3         313         18012.3          46.817           0.125          Refine grid             Train
     4         314         18029.1         13.6713           0.125      Successful search (ES-wcm)        
     4         315         17980.9         20.9629           0.125      Successful search (ES-wcm)        
     4         316         17975.9         27.0263           0.125      Successful search (ES-wcm)        
     4         317         17945.8         31.1324           0.125      Successful search (ES-wcm)        
     4         353         17945.8         31.1324          0.0625          Refine grid             
     5         354         18002.5         11.4967          0.0625      Successful search (ES-wcm)        
     5         393         18002.5         11.4967         0.03125          Refine grid             
     6         394         18009.9         6.75133         0.03125      Successful search (ES-wcm)        
     6         395         18004.6         10.5868         0.03125      Successful search (ES-wcm)        
     6         434         18004.6         10.5868        0.015625          Refine grid             
     7         437         18020.5         5.79399        0.015625      Successful search (ES-ell)        
     7         438         18017.7          5.9518        0.015625      Successful search (ES-ell)        
     7         439         18015.8          6.5896        0.015625      Successful search (ES-ell)        
     7         440           18009         7.66562        0.015625      Successful search (ES-ell)        
     7         441         18005.2         9.96472        0.015625      Successful search (ES-ell)        
     7         442         17996.9         13.3151        0.015625      Successful search (ES-ell)        
     7         443         17975.9         18.7819        0.015625      Successful search (ES-ell)        
     7         476         17975.9         18.7819       0.0078125          Refine grid             Train
     8         477         18023.5         5.70139       0.0078125      Successful search (ES-ell)        
     8         478         18022.3         5.84844       0.0078125      Successful search (ES-ell)        
     8         479         18019.5         6.33889       0.0078125      Successful search (ES-ell)        
     8         480         18018.6         8.16148       0.0078125      Successful search (ES-ell)        
     8         481         18016.4         9.58657       0.0078125      Successful search (ES-ell)        
     8         482           18016          11.999       0.0078125      Successful search (ES-ell)        
     8         519           18016          11.999      0.00390625          Refine grid             
     9         520         18022.3         7.58245      0.00390625      Successful search (ES-ell)        
     9         521         18019.3         7.69525      0.00390625      Successful search (ES-ell)        
     9         522           18017         7.91962      0.00390625      Successful search (ES-ell)        
     9         523         18012.7         9.02286      0.00390625      Successful search (ES-ell)        
     9         524         18011.8         10.4642      0.00390625      Successful search (ES-ell)        
     9         525         17998.6         11.7605      0.00390625      Successful search (ES-ell)        
     9         526         17963.9         14.4887      0.00390625      Successful search (ES-ell)        
     9         527         17958.1         15.2085      0.00390625      Successful search (ES-wcm)        
     9         528         17955.2         16.6087      0.00390625      Successful search (ES-ell)        
     9         560         17955.2         16.6087      0.00195312          Refine grid             
    10         561           18028         7.27031      0.00195312      Successful search (ES-wcm)        
    10         562         18027.7         7.29481      0.00195312      Successful search (ES-wcm)        
    10         563         18025.8         7.36226      0.00195312      Successful search (ES-wcm)        
    10         564         18022.7         7.51492      0.00195312      Successful search (ES-wcm)        
    10         565           18019         7.74808      0.00195312      Successful search (ES-wcm)        
    10         566         18015.9         8.64783      0.00195312      Successful search (ES-wcm)        
    10         567         18011.2         10.1885      0.00195312      Successful search (ES-wcm)        
    10         568         18001.1         14.2186      0.00195312      Successful search (ES-wcm)        
    10         569           17998         15.5747      0.00195312      Successful search (ES-ell)        
    10         570         17996.7         19.2725      0.00195312      Successful search (ES-ell)        
    10         602         17996.7         19.2725     0.000976562          Refine grid             
Optimization terminated: change in the function value less than options['tol_mesh']
Estimated function value at minimum: 17992.544418895548 ± 4.594074769264536 (mean ± SEM from 100 samples)
BADS minimum at: x_min = [3.1912 6.2057 6.3299 1.7439 0.4925 6.333  0.5501 0.6701 0.2143 1.7884
 0.2528], training NLL = 17992.5444
total f-count: 702, time: 34.45 min

 ------- Finish Optimization for Subject 3 ---------- 

 ------- Start Optimization for Subject 5 ---------- 

 Cross Validation fold 0/1

 -- Start Optimization: method BADS --

 Optimization Run 1/1
Initial params: [0.213, 2.5641, 9.2952, 3.4407, -3.5972, 12.1183, 0.4702, 0.1594, 0.1125, 0.2457, 0.4025]
bads:TooCloseBounds: For each variable, hard and plausible bounds should not be too close. Moving plausible bounds.
Variables (index) internally transformed to log coordinates: [[ 0  0]
 [ 0  3]
 [ 0  8]
 [ 0  9]
 [ 0 10]]
Beginning optimization of a STOCHASTIC objective function

 Iteration    f-count      E[f(x)]        SD[f(x)]           MeshScale          Method              Actions
     0           1         31011.3             nan               1                                  
     0          27         29428.5             nan               1          Initial mesh            Initial points
     0          28         29425.9         1.00129               1        Successful poll           Train
     1          30         28994.7         1.00127               1      Successful search (ES-wcm)        
     1          31         28960.3         1.00128               1      Successful search (ES-wcm)        
     1          32         25303.2         1.00128               1      Successful search (ES-wcm)        
     1          33         25174.2         1.00128               1      Successful search (ES-ell)        
     1          35         24521.2         1.00128               1      Successful search (ES-wcm)        
     1          44         24477.4         1.00013               1      Successful search (ES-wcm)        
     1          45         24384.5        0.999709               1      Successful search (ES-wcm)        
     1          46         24346.6        0.998116               1      Successful search (ES-wcm)        
     1          48         24228.1        0.998308               1      Successful search (ES-wcm)        
     1          68         24176.3        0.989153               1        Successful poll           
     2          73         24001.6        0.988857               1      Successful search (ES-wcm)        
     2          79         23979.7        0.986771               1      Successful search (ES-wcm)        
     2          90         23971.4        0.953593               1      Successful search (ES-wcm)        
     2          93         23626.6        0.987325               1      Successful search (ES-wcm)        
     2          94         23540.1        0.987361               1      Successful search (ES-wcm)        
     2         125         23540.1        0.987361             0.5          Refine grid             Train
     3         131           23540         1.04605             0.5      Incremental search (ES-wcm)        
     3         132         23468.3         1.04586             0.5      Successful search (ES-ell)        
     3         161         23468.3         1.04586            0.25          Refine grid             
     4         188         23499.1        0.895317           0.125          Refine grid             
     5         210           23473         1.10605            0.25        Successful poll           
     6         237           23473         1.10605           0.125          Refine grid             
     7         241         23443.6         1.10576           0.125      Successful search (ES-ell)        
     7         276         23443.6         1.10576          0.0625          Refine grid             
     8         305         23540.1         1.10609         0.03125          Refine grid             Train
     9         306         23565.1         1.05428         0.03125      Successful search (ES-ell)        
     9         307         23507.6         1.09055         0.03125      Successful search (ES-wcm)        
     9         336         23442.2          1.0839          0.0625        Successful poll           
    10         364         23442.2          1.0839         0.03125          Refine grid             
    11         365         23569.8         1.05469         0.03125      Successful search (ES-wcm)        
    11         367         23510.6         1.06158         0.03125      Successful search (ES-wcm)        
    11         378         23508.4           1.009         0.03125      Successful search (ES-wcm)        
    11         389         23489.9        0.883237         0.03125      Successful search (ES-wcm)        
    11         425         23489.9        0.883237        0.015625          Refine grid             
    12         426         23575.2         7.62168        0.015625      Successful search (ES-ell)        
    12         427         23574.9         8.78299        0.015625      Successful search (ES-ell)        
    12         429         23572.1          9.9293        0.015625      Successful search (ES-ell)        
    12         437         23571.3         11.8146        0.015625      Successful search (ES-wcm)        
    12         439         23570.5         15.4662        0.015625      Successful search (ES-wcm)        
    12         476         23570.5         15.4662       0.0078125          Refine grid             
    13         477         23574.3         8.27933       0.0078125      Successful search (ES-wcm)        
    13         480         23572.8         8.21198       0.0078125      Successful search (ES-ell)        
    13         481         23570.2         8.64214       0.0078125      Successful search (ES-ell)        
    13         483         23569.8         9.12139       0.0078125      Successful search (ES-ell)        
    13         484         23564.5         10.0513       0.0078125      Successful search (ES-ell)        
    13         485         23560.3         11.7496       0.0078125      Successful search (ES-ell)        
    13         486         23550.4         14.5288       0.0078125      Successful search (ES-ell)        
    13         487         23549.2         18.7698       0.0078125      Successful search (ES-ell)        
    13         496         23546.9           13.31       0.0078125      Successful search (ES-ell)        
    13         498         23543.9         12.6565       0.0078125      Successful search (ES-ell)        
    13         499         23536.2         12.9515       0.0078125      Successful search (ES-ell)        
    13         502         23534.6         12.3933       0.0078125      Successful search (ES-ell)        
    13         503         23532.9         12.9482       0.0078125      Successful search (ES-ell)        
    13         504         23532.1         13.5953       0.0078125      Successful search (ES-ell)        
    13         505         23522.3         15.3284       0.0078125      Successful search (ES-ell)        
    13         539         23507.3         11.9002        0.015625        Successful poll           
    14         540           23513         16.8886        0.015625      Successful search (ES-ell)        
    14         541         23487.8         21.2859        0.015625      Successful search (ES-ell)        
    14         542         23481.1         28.4465        0.015625      Successful search (ES-ell)        
    14         580         23481.1         28.4465       0.0078125          Refine grid             Train
    15         581         23529.3         10.0063       0.0078125      Successful search (ES-ell)        
    15         582         23522.7         13.9141       0.0078125      Successful search (ES-ell)        
    15         583         23511.7         19.3897       0.0078125      Successful search (ES-ell)        
    15         622         23511.7         19.3897      0.00390625          Refine grid             Train
    16         623         23534.8         8.20145      0.00390625      Successful search (ES-ell)        
    16         624         23527.7         9.21972      0.00390625      Successful search (ES-ell)        
    16         625         23522.9          10.922      0.00390625      Successful search (ES-wcm)        
    16         626           23509          14.259      0.00390625      Successful search (ES-wcm)        
    16         627           23508         18.7096      0.00390625      Successful search (ES-wcm)        
    16         664           23508         18.7096      0.00195312          Refine grid             
    17         665         23540.8         6.14332      0.00195312      Successful search (ES-wcm)        
    17         666         23537.7          6.3316      0.00195312      Successful search (ES-wcm)        
    17         667         23536.2          6.7487      0.00195312      Successful search (ES-wcm)        
    17         668         23533.4         7.33948      0.00195312      Successful search (ES-wcm)        
    17         669         23529.3         9.09166      0.00195312      Successful search (ES-ell)        
    17         670         23527.1         10.5511      0.00195312      Successful search (ES-wcm)        
    17         671         23520.5         14.6585      0.00195312      Successful search (ES-wcm)        
    17         672         23510.5         22.6902      0.00195312      Successful search (ES-wcm)        
    17         673         23486.1         26.5573      0.00195312      Successful search (ES-ell)        
    17         705         23486.1         26.5573     0.000976562          Refine grid             
Optimization terminated: change in the function value less than options['tol_mesh']
Estimated function value at minimum: 23526.85641204133 ± 5.320788374079109 (mean ± SEM from 100 samples)
BADS minimum at: x_min = [ 1.10000e-03  1.02929e+01  1.26533e+01  1.71368e+01 -1.00000e+01
  1.28566e+01  4.56200e-01  3.36600e-01  1.85370e+00  2.00000e+00
  6.69800e-01], training NLL = 23526.8564
total f-count: 805, time: 36.78 min

 ------- Finish Optimization for Subject 5 ---------- 

 ------- Start Optimization for Subject 6 ---------- 

 Cross Validation fold 0/1

 -- Start Optimization: method BADS --

 Optimization Run 1/1
Initial params: [1.2167, 5.1003, 8.8414, 19.0718, 2.4066, 28.5994, 0.62, 0.1753, 0.405, 0.3134, 0.6938]
bads:TooCloseBounds: For each variable, hard and plausible bounds should not be too close. Moving plausible bounds.
Variables (index) internally transformed to log coordinates: [[ 0  0]
 [ 0  3]
 [ 0  8]
 [ 0  9]
 [ 0 10]]
Beginning optimization of a STOCHASTIC objective function

 Iteration    f-count      E[f(x)]        SD[f(x)]           MeshScale          Method              Actions
     0           1         28917.9             nan               1                                  
     0          27         27931.6             nan               1          Initial mesh            Initial points
     0          31         26469.2        0.996918               1        Successful poll           Train
     1          32           25851        0.996931               1      Successful search (ES-wcm)        
     1          34         25119.9        0.996929               1      Successful search (ES-wcm)        
     1          36         24799.1        0.996913               1      Successful search (ES-wcm)        
     1          38         24471.2        0.996923               1      Successful search (ES-wcm)        
     1          39         23531.5        0.996928               1      Successful search (ES-ell)        
     1          40         22796.9        0.996927               1      Successful search (ES-ell)        
     1          44         21736.7         0.99692               1      Successful search (ES-ell)        
     1          47         20849.8        0.996861               1      Successful search (ES-ell)        
     1          50           20150        0.996867               1      Successful search (ES-ell)        
     1          52         20133.6        0.993705               1      Successful search (ES-ell)        
     1          55           19987        0.993713               1      Successful search (ES-ell)        
     1          57         19229.5        0.993711               1      Successful search (ES-ell)        
     1          58         19065.2        0.993708               1      Successful search (ES-ell)        
     1          65         18846.6        0.993695               1      Successful search (ES-ell)        
     1          71         18689.1        0.993424               1      Successful search (ES-ell)        
     1          74         18687.5        0.992854               1      Successful search (ES-wcm)        
     1          75         18621.1        0.993138               1      Successful search (ES-ell)        
     1          80         18452.8        0.992979               1      Successful search (ES-ell)        
     1          84         18401.5        0.991576               1      Successful search (ES-ell)        
     1          93         18322.3        0.986171               1      Successful search (ES-ell)        
     1         105         18313.4         1.07014               1      Successful search (ES-ell)        
     1         107         18308.9          1.0674               1      Successful search (ES-ell)        
     1         108         18304.1         1.07846               1      Successful search (ES-ell)        
     1         111           18223         1.08444               1      Successful search (ES-ell)        
     1         122         18204.7         1.14802               1      Successful search (ES-ell)        
     1         128         18153.7         1.14711               1      Successful search (ES-ell)        
     1         129         18132.5         1.14661               1      Successful search (ES-ell)        
     1         136         18100.9         1.14647               1      Successful search (ES-ell)        
     1         150         18090.6         1.06295               1      Successful search (ES-ell)        
     1         178         18090.6         1.06295             0.5          Refine grid             Train
     2         180         18052.4         1.03099             0.5      Successful search (ES-ell)        
     2         182         17902.9           1.031             0.5      Successful search (ES-wcm)        
     2         184         17870.6           1.031             0.5      Successful search (ES-wcm)        
     2         188         17832.4           1.031             0.5      Successful search (ES-wcm)        
     2         190           17810         1.04212             0.5      Successful search (ES-wcm)        
     2         193         17806.2         1.04212             0.5      Successful search (ES-wcm)        
     2         201         17629.5         1.04212             0.5      Successful search (ES-ell)        
     2         210         17610.3         1.04206             0.5      Successful search (ES-wcm)        
     2         211         17561.3         1.04208             0.5      Successful search (ES-wcm)        
     2         239         17546.1         1.07434               1        Successful poll           Train
     3         243         17500.3         1.07435               1      Successful search (ES-wcm)        
     3         244         17488.6         1.07434               1      Successful search (ES-wcm)        
     3         275         17488.6         1.07434             0.5          Refine grid             
     4         284         17465.3         1.14538             0.5      Successful search (ES-wcm)        
     4         313         17465.3         1.14538            0.25          Refine grid             
     5         341           17468        0.905035             0.5        Successful poll           Train
     6         343         17392.4        0.906131             0.5      Successful search (ES-wcm)        
     6         355           17353         0.90613             0.5      Successful search (ES-wcm)        
     6         360         17347.6        0.906129             0.5      Successful search (ES-wcm)        
     6         387         17322.7        0.906114               1        Successful poll           Train
     7         412         17301.2         1.06732               1        Successful poll           Train
     8         417         17344.4         17.7245               1      Successful search (ES-ell)        
     8         448         17344.4         17.7245             0.5          Refine grid             
     9         449         17360.8         27.2232             0.5      Successful search (ES-ell)        
     9         453         17342.3         23.2863             0.5      Successful search (ES-ell)        
     9         455         17337.5         22.3619             0.5      Successful search (ES-ell)        
     9         458         17329.1         21.0343             0.5      Successful search (ES-ell)        
     9         459         17320.7         28.0266             0.5      Successful search (ES-ell)        
     9         468         17307.4         12.2488             0.5      Successful search (ES-ell)        
     9         469         17293.9          13.267             0.5      Successful search (ES-ell)        
     9         470         17280.7         14.8572             0.5      Successful search (ES-ell)        
     9         471         17258.4         33.6595             0.5      Successful search (ES-ell)        
     9         509         17258.4         33.6595            0.25          Refine grid             
    10         510         17279.8         16.2972            0.25      Successful search (ES-wcm)        
    10         548         17279.8         16.2972           0.125          Refine grid             
    11         549         17287.2         7.52915           0.125      Successful search (ES-wcm)        
    11         550         17261.9         11.8124           0.125      Successful search (ES-wcm)        
    11         551         17258.4         22.0228           0.125      Successful search (ES-wcm)        
    11         553         17253.2         12.4673           0.125      Successful search (ES-wcm)        
    11         589         17253.2         12.4673          0.0625          Refine grid             Train
    12         590         17283.2         5.41854          0.0625      Successful search (ES-wcm)        
    12         591         17282.7         6.11516          0.0625      Successful search (ES-wcm)        
    12         592         17278.4         6.81164          0.0625      Successful search (ES-wcm)        
    12         596         17276.1         8.10551          0.0625      Successful search (ES-wcm)        
    12         631         17276.1         8.10551         0.03125          Refine grid             
    13         632         17288.8         5.06233         0.03125      Successful search (ES-wcm)        
    13         633         17287.3         5.16666         0.03125      Successful search (ES-wcm)        
    13         634         17286.5         5.56195         0.03125      Successful search (ES-wcm)        
    13         635         17286.1          6.4936         0.03125      Successful search (ES-wcm)        
    13         636         17281.9         9.05471         0.03125      Successful search (ES-wcm)        
    13         673         17281.9         9.05471        0.015625          Refine grid             
    14         674         17292.3         5.26423        0.015625      Successful search (ES-wcm)        
    14         675         17292.2         5.19625        0.015625      Successful search (ES-ell)        
    14         680         17291.5         5.15452        0.015625      Successful search (ES-ell)        
    14         681         17290.7         5.21054        0.015625      Successful search (ES-ell)        
    14         682         17290.1         5.28962        0.015625      Successful search (ES-ell)        
    14         683         17289.5         5.59053        0.015625      Successful search (ES-ell)        
    14         684         17286.6         5.98289        0.015625      Successful search (ES-ell)        
    14         685         17285.6         6.24922        0.015625      Successful search (ES-ell)        
    14         686         17284.1         6.64385        0.015625      Successful search (ES-ell)        
    14         690           17284         6.51314        0.015625      Successful search (ES-ell)        
    14         692         17268.4         6.52831        0.015625      Successful search (ES-ell)        
    14         693         17266.9         6.65724        0.015625      Successful search (ES-ell)        
    14         694         17260.7         6.90582        0.015625      Successful search (ES-wcm)        
    14         695         17256.5         7.34151        0.015625      Successful search (ES-wcm)        
    14         696         17251.8         7.44201        0.015625      Successful search (ES-wcm)        
    14         697         17246.6         7.65035        0.015625      Successful search (ES-wcm)        
    14         698         17235.3         8.07573        0.015625      Successful search (ES-wcm)        
    14         699         17223.8          8.6788        0.015625      Successful search (ES-wcm)        
    14         700         17216.3         9.37793        0.015625      Successful search (ES-wcm)        
    14         701         17193.7         10.4351        0.015625      Successful search (ES-wcm)        
    14         702           17183         11.8604        0.015625      Successful search (ES-wcm)        
    14         703         17163.9         15.1832        0.015625      Successful search (ES-ell)        
    14         738         17163.9         15.1832       0.0078125          Refine grid             
    15         739         17285.2         6.11477       0.0078125      Successful search (ES-ell)        
    15         780         17285.2         6.11477      0.00390625          Refine grid             Train
    16         781         17286.7          6.0098      0.00390625      Successful search (ES-ell)        
    16         824         17286.7          6.0098      0.00195312          Refine grid             
    17         857         17294.9         4.60604     0.000976562          Refine grid             
Optimization terminated: change in the function value less than options['tol_mesh']
Estimated function value at minimum: 17297.84490207806 ± 4.112116891402733 (mean ± SEM from 100 samples)
BADS minimum at: x_min = [ 3.5968  3.746   4.1458  0.0092 -0.3933  5.7823  0.5494  0.6078  0.0264
  1.2454  0.2235], training NLL = 17297.8449
total f-count: 957, time: 42.83 min

 ------- Finish Optimization for Subject 6 ---------- 

 ------- Start Optimization for Subject 11 ---------- 

 Cross Validation fold 0/1

 -- Start Optimization: method BADS --

 Optimization Run 1/1
Initial params: [0.0776, 4.578, 2.2619, 11.292, -4.4431, 10.4039, 0.5657, 0.1514, 0.0377, 0.7837, 0.7777]
bads:TooCloseBounds: For each variable, hard and plausible bounds should not be too close. Moving plausible bounds.
Variables (index) internally transformed to log coordinates: [[ 0  0]
 [ 0  3]
 [ 0  8]
 [ 0  9]
 [ 0 10]]
Beginning optimization of a STOCHASTIC objective function

 Iteration    f-count      E[f(x)]        SD[f(x)]           MeshScale          Method              Actions
     0           1         30915.2             nan               1                                  
     0          27         29945.4             nan               1          Initial mesh            Initial points
     0          30         28701.5        0.999886               1        Successful poll           Train
     1          31         27647.2         0.99988               1      Successful search (ES-wcm)        
     1          32         24974.9        0.999891               1      Successful search (ES-wcm)        
     1          34         24482.2         0.99988               1      Successful search (ES-ell)        
     1          37         24250.3        0.999818               1      Successful search (ES-ell)        
     1          38         24185.9        0.999655               1      Successful search (ES-ell)        
     1          43         24165.2        0.999796               1      Successful search (ES-ell)        
     1          45           23849        0.999831               1      Successful search (ES-ell)        
     1          47         23623.2        0.999112               1      Successful search (ES-wcm)        
     1          51         22965.3        0.935294               1      Successful search (ES-wcm)        
     1          54         22452.7        0.935282               1      Successful search (ES-wcm)        
     1          58         22432.8        0.935198               1      Successful search (ES-wcm)        
     1          60           22330        0.935128               1      Successful search (ES-wcm)        
     1          64         22076.5        0.935258               1      Successful search (ES-wcm)        
     1          71         22039.4        0.934101               1      Successful search (ES-wcm)        
     1          73         21911.8        0.935043               1      Successful search (ES-wcm)        
     1          80         21844.4         1.02914               1      Successful search (ES-wcm)        
     1          81         21784.9         1.02898               1      Successful search (ES-wcm)        
     1          82         21725.4         1.02922               1      Successful search (ES-wcm)        
     1          83         21474.8         1.02933               1      Successful search (ES-ell)        
     1          86         21318.4         1.02936               1      Successful search (ES-ell)        
     1          90         21250.5         1.02927               1      Successful search (ES-ell)        
     1          92         21238.7         1.02931               1      Successful search (ES-ell)        
     1          93         21207.9         1.02921               1      Successful search (ES-ell)        
     1          95         21090.9         1.02929               1      Successful search (ES-ell)        
     1          96         20894.4         1.02938               1      Successful search (ES-ell)        
     1         103         20838.5         1.02342               1      Successful search (ES-ell)        
     1         105         20730.2         1.02258               1      Successful search (ES-ell)        
     1         133         20730.2         1.02258             0.5          Refine grid             Train
     2         160         20731.2        0.995791            0.25          Refine grid             Train
     3         161         20693.6         1.02226            0.25      Successful search (ES-ell)        
     3         201         20693.6         1.02226           0.125          Refine grid             Train
     4         220         20616.4         1.02226            0.25        Successful poll           Train
     5         223         20552.6         1.19775            0.25      Successful search (ES-ell)        
     5         225         20479.8         1.19775            0.25      Successful search (ES-ell)        
     5         228         20455.7         1.19775            0.25      Successful search (ES-ell)        
     5         236         20440.7         1.19773            0.25      Successful search (ES-ell)        
     5         239         20256.9          1.1977            0.25      Successful search (ES-ell)        
     5         271         20256.9          1.1977           0.125          Refine grid             
     6         303         20257.4         1.14649          0.0625          Refine grid             Train
     7         335         20258.9         1.02332         0.03125          Refine grid             Train
     8         367         20274.2         1.21301        0.015625          Refine grid             Train
     9         371           20380        0.959536        0.015625      Successful search (ES-ell)        
     9         373         20366.4        0.946726        0.015625      Successful search (ES-ell)        
     9         374         20351.3         0.98891        0.015625      Successful search (ES-ell)        
     9         410         20351.3         0.98891       0.0078125          Refine grid             Train
    10         412         20380.2        0.924871       0.0078125      Successful search (ES-ell)        
    10         415         20349.8          0.8161       0.0078125      Successful search (ES-ell)        
    10         417         20349.5        0.826088       0.0078125      Successful search (ES-ell)        
    10         418         20319.1        0.911474       0.0078125      Successful search (ES-ell)        
    10         453         20319.1        0.911474      0.00390625          Refine grid             
    11         454           20398        0.554329      0.00390625      Successful search (ES-ell)        
    11         496           20398        0.554329      0.00195312          Refine grid             
    12         497         20402.5        0.973052      0.00195312      Successful search (ES-ell)        
    12         498         20352.3         1.13582      0.00195312      Successful search (ES-ell)        
    12         539         20352.3         1.13582     0.000976562          Refine grid             
Optimization terminated: change in the function value less than options['tol_mesh']
Estimated function value at minimum: 20442.775617295756 ± 5.533009771248331 (mean ± SEM from 100 samples)
BADS minimum at: x_min = [ 3.2147e+00  7.7595e+00  7.5268e+00  1.0000e-04 -1.0000e+01  9.3816e+00
  4.5420e-01  4.3170e-01  5.1000e-03  1.3471e+00  4.8180e-01], training NLL = 20442.7756
total f-count: 639, time: 27.35 min

 ------- Finish Optimization for Subject 11 ---------- 

 ------- Start Optimization for Subject 15 ---------- 

 Cross Validation fold 0/1

 -- Start Optimization: method BADS --

 Optimization Run 1/1
Initial params: [0.9845, 4.7369, 14.8281, 11.689, -1.2877, 22.7931, 0.4482, 0.216, 0.1938, 0.0875, 0.7324]
bads:TooCloseBounds: For each variable, hard and plausible bounds should not be too close. Moving plausible bounds.
Variables (index) internally transformed to log coordinates: [[ 0  0]
 [ 0  3]
 [ 0  8]
 [ 0  9]
 [ 0 10]]
Beginning optimization of a STOCHASTIC objective function

 Iteration    f-count      E[f(x)]        SD[f(x)]           MeshScale          Method              Actions
     0           1         29444.1             nan               1                                  
     0          27         28449.6             nan               1          Initial mesh            Initial points
     0          28         28164.2        0.999841               1        Successful poll           Train
     1          30         26068.3        0.999823               1      Successful search (ES-wcm)        
     1          31         22374.6         0.99984               1      Successful search (ES-wcm)        
     1          33         21854.7        0.999815               1      Successful search (ES-wcm)        
     1          34         20626.5        0.999788               1      Successful search (ES-wcm)        
     1          36         20326.8         0.99978               1      Successful search (ES-wcm)        
     1          39         20306.9        0.999577               1      Successful search (ES-wcm)        
     1          42           20207        0.998589               1      Successful search (ES-wcm)        
     1          45         20181.7        0.999291               1      Successful search (ES-wcm)        
     1          47         20116.4        0.993904               1      Successful search (ES-wcm)        
     1          48         20075.8         0.99181               1      Successful search (ES-wcm)        
     1          57         20071.6          1.0001               1      Successful search (ES-wcm)        
     1          60         20063.4         0.99707               1      Successful search (ES-wcm)        
     1          61         19945.5         1.00027               1      Successful search (ES-wcm)        
     1          72         19917.3        0.976588               1      Successful search (ES-wcm)        
     1          75         19899.7         1.82636               1      Successful search (ES-wcm)        
     1          83           19848         1.82586               1      Successful search (ES-wcm)        
     1         110         19538.6         1.10152               1        Successful poll           Train
     2         111         17974.2         1.10152               1      Successful search (ES-wcm)        
     2         120         17642.8         1.05675               1      Successful search (ES-wcm)        
     2         129         17603.2         1.05654               1      Successful search (ES-ell)        
     2         160         17603.2         1.05654             0.5          Refine grid             Train
     3         188         17559.9          1.0819               1        Successful poll           Train
     4         216         17559.9         3.55126             0.5          Refine grid             Train
     5         246           17562         3.52953            0.25          Refine grid             Train
     6         256         17589.3           3.036            0.25      Successful search (ES-ell)        
     6         288         17573.9         16.4688             0.5        Successful poll           Train
     7         290         17536.9         23.8858             0.5      Successful search (ES-ell)        
     7         291         17531.2         31.2927             0.5      Successful search (ES-ell)        
     7         329         17531.2         31.2927            0.25          Refine grid             Train
     8         330         17542.7         15.1696            0.25      Successful search (ES-ell)        
     8         332           17540         19.4486            0.25      Successful search (ES-ell)        
     8         371           17540         19.4486           0.125          Refine grid             
     9         372         17560.8         7.63292           0.125      Successful search (ES-ell)        
     9         373         17543.7         10.7186           0.125      Successful search (ES-ell)        
     9         383         17510.7         21.0401           0.125      Successful search (ES-wcm)        
     9         385         17507.2         17.1543           0.125      Successful search (ES-wcm)        
     9         386         17388.1         17.1324           0.125      Successful search (ES-wcm)        
     9         387         17371.5         22.7421           0.125      Successful search (ES-wcm)        
     9         425         17371.5         22.7421          0.0625          Refine grid             
    10         426         17565.5         6.15204          0.0625      Successful search (ES-wcm)        
    10         428         17564.2         6.92472          0.0625      Successful search (ES-ell)        
    10         429         17558.2         9.66337          0.0625      Successful search (ES-ell)        
    10         430         17554.5         13.1985          0.0625      Successful search (ES-wcm)        
    10         436         17543.9         7.05326          0.0625      Successful search (ES-wcm)        
    10         437         17376.6         7.72062          0.0625      Successful search (ES-ell)        
    10         438         17263.6         9.16064          0.0625      Successful search (ES-ell)        
    10         439           17129         11.9891          0.0625      Successful search (ES-ell)        
    10         479           17129         11.9891         0.03125          Refine grid             
    11         480         17494.3         5.47148         0.03125      Successful search (ES-ell)        
    11         481         17482.5         6.12293         0.03125      Successful search (ES-wcm)        
    11         482           17467         7.01744         0.03125      Successful search (ES-wcm)        
    11         483         17448.4         8.13151         0.03125      Successful search (ES-ell)        
    11         484         17435.7         10.8152         0.03125      Successful search (ES-ell)        
    11         522         17435.7         10.8152        0.015625          Refine grid             
    12         523         17568.3         7.91377        0.015625      Successful search (ES-ell)        
    12         524         17567.4           8.013        0.015625      Successful search (ES-ell)        
    12         525         17565.4         8.07669        0.015625      Successful search (ES-ell)        
    12         526         17563.8         8.52805        0.015625      Successful search (ES-ell)        
    12         528         17561.5          7.9748        0.015625      Successful search (ES-ell)        
    12         565         17561.5          7.9748       0.0078125          Refine grid             Train
    13         566         17572.7         5.81797       0.0078125      Successful search (ES-ell)        
    13         567         17572.2         5.84641       0.0078125      Successful search (ES-ell)        
    13         568         17571.1         5.92776       0.0078125      Successful search (ES-ell)        
    13         569         17570.9         6.40937       0.0078125      Successful search (ES-ell)        
    13         570           17568         7.15881       0.0078125      Successful search (ES-ell)        
    13         571         17564.1          8.5035       0.0078125      Successful search (ES-ell)        
    13         572         17563.6         9.73615       0.0078125      Successful search (ES-wcm)        
    13         608         17563.6         9.73615      0.00390625          Refine grid             Train
    14         614           17573         4.59404      0.00390625      Successful search (ES-wcm)        
    14         615         17572.7         4.55562      0.00390625      Successful search (ES-wcm)        
    14         651         17572.7         4.55562      0.00195312          Refine grid             
    15         652         17566.3         7.16325      0.00195312      Successful search (ES-ell)        
    15         653         17563.1         7.16649      0.00195312      Successful search (ES-ell)        
    15         654           17562          7.1908      0.00195312      Successful search (ES-ell)        
    15         655         17560.7         7.22018      0.00195312      Successful search (ES-ell)        
    15         656         17560.4         7.34579      0.00195312      Successful search (ES-ell)        
    15         657         17556.1         8.13256      0.00195312      Successful search (ES-ell)        
    15         658         17553.1          8.7526      0.00195312      Successful search (ES-ell)        
    15         694         17553.1          8.7526     0.000976562          Refine grid             
Optimization terminated: change in the function value less than options['tol_mesh']
Estimated function value at minimum: 17577.062556851328 ± 3.9601803257258545 (mean ± SEM from 100 samples)
BADS minimum at: x_min = [ 3.0442  9.2     7.1762  0.     -7.8334 26.1755  0.3541  0.5378  0.1291
  2.      0.405 ], training NLL = 17577.0626
total f-count: 794, time: 34.13 min

 ------- Finish Optimization for Subject 15 ---------- 

 ------- Start Optimization for Subject 20 ---------- 

 Cross Validation fold 0/1

 -- Start Optimization: method BADS --

 Optimization Run 1/1
Initial params: [1.3386, 6.8323, 2.1162, 8.4329, 2.2704, 9.1521, 0.4346, 0.2859, 0.1447, 0.5884, 0.4128]
bads:TooCloseBounds: For each variable, hard and plausible bounds should not be too close. Moving plausible bounds.
Variables (index) internally transformed to log coordinates: [[ 0  0]
 [ 0  3]
 [ 0  8]
 [ 0  9]
 [ 0 10]]
Beginning optimization of a STOCHASTIC objective function

 Iteration    f-count      E[f(x)]        SD[f(x)]           MeshScale          Method              Actions
     0           1         30645.5             nan               1                                  
     0          27         29505.9             nan               1          Initial mesh            Initial points
     0          34         28667.9        0.998349               1        Successful poll           Train
     1          35         27801.2        0.998347               1      Successful search (ES-wcm)        
     1          36         26679.2        0.998344               1      Successful search (ES-wcm)        
     1          40         26534.3         0.99822               1      Successful search (ES-wcm)        
     1          42         26379.4        0.997419               1      Successful search (ES-wcm)        
     1          47         26369.1          0.9973               1      Successful search (ES-wcm)        
     1          48         26310.1        0.998079               1      Successful search (ES-wcm)        
     1          50         25989.6        0.996719               1      Successful search (ES-wcm)        
     1          51         25954.2        0.961313               1      Successful search (ES-wcm)        
     1          54         25837.9         0.96131               1      Successful search (ES-ell)        
     1          58         25172.7        0.961305               1      Successful search (ES-ell)        
     1          59         25144.6        0.961311               1      Successful search (ES-ell)        
     1          61         24901.1        0.961302               1      Successful search (ES-ell)        
     1          62         24834.7          0.9613               1      Successful search (ES-ell)        
     1          65         24736.1        0.961282               1      Successful search (ES-ell)        
     1          66           24696        0.961283               1      Successful search (ES-ell)        
     1          67         24641.3        0.961275               1      Successful search (ES-ell)        
     1          68         24640.4        0.961223               1      Incremental search (ES-ell)        
     1          74         24621.1         1.02702               1      Successful search (ES-ell)        
     1          77         24500.3          1.0267               1      Successful search (ES-ell)        
     1          78         24497.6         1.02701               1      Successful search (ES-wcm)        
     1          80         24376.4         1.02697               1      Successful search (ES-wcm)        
     1          82         24349.5         1.02707               1      Successful search (ES-wcm)        
     1          84         24305.9         1.02699               1      Successful search (ES-wcm)        
     1          85         24209.4         1.02705               1      Successful search (ES-wcm)        
     1          91         24104.4         1.02702               1      Successful search (ES-wcm)        
     1          92         24104.3         1.02702               1      Incremental search (ES-wcm)        
     1          94         24087.7         1.02704               1      Successful search (ES-wcm)        
     1          98         24061.9         1.01079               1      Successful search (ES-wcm)        
     1          99         23916.7         1.01047               1      Successful search (ES-wcm)        
     1         100         21783.5         1.01095               1      Successful search (ES-ell)        
     1         102         21764.1         1.01093               1      Successful search (ES-ell)        
     1         104         21673.1         1.01091               1      Successful search (ES-ell)        
     1         110         21601.5          1.0106               1      Successful search (ES-wcm)        
     1         111         21582.3         1.01067               1      Successful search (ES-ell)        
     1         112         21498.5         1.01094               1      Successful search (ES-ell)        
     1         114         21396.5         1.01087               1      Successful search (ES-ell)        
     1         117           21229         1.01092               1      Successful search (ES-wcm)        
     1         127         21171.3         0.98318               1      Successful search (ES-ell)        
     1         128           21134        0.983254               1      Successful search (ES-ell)        
     1         130         21074.8        0.983203               1      Successful search (ES-ell)        
     1         132         20624.2        0.983312               1      Successful search (ES-wcm)        
     1         135         20384.4         0.98332               1      Successful search (ES-wcm)        
     1         136         20198.8        0.983335               1      Successful search (ES-wcm)        
     1         138         19925.4        0.983328               1      Successful search (ES-wcm)        
     1         141         19745.9        0.983339               1      Successful search (ES-wcm)        
     1         147         19382.6         1.01085               1      Successful search (ES-wcm)        
     1         150         19325.1          1.0107               1      Successful search (ES-wcm)        
     1         151         19098.9         1.01067               1      Successful search (ES-wcm)        
     1         176         19083.7         1.04051               1        Successful poll           Train
     2         183         19081.1         1.04025               1      Successful search (ES-wcm)        
     2         186         19044.7         1.03784               1      Successful search (ES-wcm)        
     2         208         19003.3         1.81616               1        Successful poll           
     3         211         18848.6         1.93885               1      Successful search (ES-wcm)        
     3         223         18796.6         1.93878               1      Successful search (ES-wcm)        
     3         229         18761.6         1.93772               1      Successful search (ES-ell)        
     3         235         18682.8         1.93822               1      Successful search (ES-ell)        
     3         245         18617.1          2.5232               1      Successful search (ES-ell)        
     3         247         18551.8         2.52323               1      Successful search (ES-ell)        
     3         252         18461.1         2.52207               1      Successful search (ES-ell)        
     3         256         18433.1         2.52314               1      Successful search (ES-ell)        
     3         258         18413.5         2.52328               1      Successful search (ES-ell)        
     3         263         18355.9         2.52224               1      Successful search (ES-ell)        
     3         269         18212.4         2.52144               1      Successful search (ES-ell)        
     3         300         18212.4         2.52144             0.5          Refine grid             Train
     4         305         18311.2         16.3427             0.5      Successful search (ES-ell)        
     4         306         18304.5         25.7629             0.5      Successful search (ES-ell)        
     4         309         18295.4         24.0634             0.5      Successful search (ES-ell)        
     4         339         18295.4         24.0634            0.25          Refine grid             
     5         340         18323.2         32.1384            0.25      Successful search (ES-ell)        
     5         341         18289.3         47.2268            0.25      Successful search (ES-ell)        
     5         342         18200.7         54.1395            0.25      Successful search (ES-ell)        
     5         378         18200.7         54.1395           0.125          Refine grid             
     6         379         18217.6         20.5077           0.125      Successful search (ES-ell)        
     6         417         18217.6         20.5077          0.0625          Refine grid             
     7         418         18221.6         10.7333          0.0625      Successful search (ES-ell)        
     7         419         18164.8          15.886          0.0625      Successful search (ES-ell)        
     7         420         18133.5          23.073          0.0625      Successful search (ES-ell)        
     7         421         18084.8         25.9225          0.0625      Successful search (ES-wcm)        
     7         458         18084.8         25.9225         0.03125          Refine grid             Train
     8         459           18242         7.52934         0.03125      Successful search (ES-wcm)        
     8         460           18214         7.37102         0.03125      Successful search (ES-wcm)        
     8         461         18193.9         8.42779         0.03125      Successful search (ES-wcm)        
     8         462         18172.5         11.5175         0.03125      Successful search (ES-wcm)        
     8         463         18159.7         21.4941         0.03125      Successful search (ES-wcm)        
     8         499         18159.7         21.4941        0.015625          Refine grid             
     9         500         18267.1         7.93143        0.015625      Successful search (ES-wcm)        
     9         501         18248.6         7.80284        0.015625      Successful search (ES-wcm)        
     9         502         18233.6         8.27275        0.015625      Successful search (ES-wcm)        
     9         503         18214.1         8.31448        0.015625      Successful search (ES-wcm)        
     9         504         18197.4          11.314        0.015625      Successful search (ES-ell)        
     9         505         18185.4         20.2531        0.015625      Successful search (ES-ell)        
     9         506         18151.5         27.9796        0.015625      Successful search (ES-ell)        
     9         507           18091          33.872        0.015625      Successful search (ES-ell)        
     9         511           18085         23.3132        0.015625      Successful search (ES-wcm)        
     9         512         18057.6          21.974        0.015625      Successful search (ES-ell)        
     9         513         18023.1         22.0634        0.015625      Successful search (ES-ell)        
     9         552         18023.1         22.0634       0.0078125          Refine grid             
    10         553         18099.5         7.89381       0.0078125      Successful search (ES-ell)        
    10         554         18096.1         8.11231       0.0078125      Successful search (ES-ell)        
    10         555         18094.7         9.79974       0.0078125      Successful search (ES-ell)        
    10         556         18094.5         12.6256       0.0078125      Successful search (ES-ell)        
    10         557         18086.7         16.1889       0.0078125      Successful search (ES-ell)        
    10         558         18085.9         20.5731       0.0078125      Successful search (ES-ell)        
    10         594         18085.9         20.5731      0.00390625          Refine grid             
    11         597         18105.7         7.64714      0.00390625      Successful search (ES-wcm)        
    11         598           18105          7.6782      0.00390625      Successful search (ES-wcm)        
    11         599         18104.1         7.69541      0.00390625      Successful search (ES-ell)        
    11         600         18102.7         7.85069      0.00390625      Successful search (ES-ell)        
    11         601         18100.4          7.9142      0.00390625      Successful search (ES-ell)        
    11         602           18100         8.51684      0.00390625      Successful search (ES-ell)        
    11         603         18097.1         9.59177      0.00390625      Successful search (ES-ell)        
    11         604         18091.2         11.2234      0.00390625      Successful search (ES-ell)        
    11         637         18091.2         11.2234      0.00195312          Refine grid             Train
    12         638         18104.1          7.2545      0.00195312      Successful search (ES-ell)        
    12         639         18103.5         7.24932      0.00195312      Successful search (ES-ell)        
    12         680         18103.5         7.24932     0.000976562          Refine grid             Train
Optimization terminated: change in the function value less than options['tol_mesh']
Estimated function value at minimum: 18113.006232783006 ± 4.8206299670618495 (mean ± SEM from 100 samples)
BADS minimum at: x_min = [5.0000e+00 7.1642e+00 7.7082e+00 9.2420e-01 8.4700e-02 7.7766e+00
 5.3690e-01 4.9630e-01 1.0000e-03 1.1826e+00 2.1920e-01], training NLL = 18113.0062
total f-count: 780, time: 33.44 min

 ------- Finish Optimization for Subject 20 ---------- 

 ------- Start Optimization for Subject 25 ---------- 

 Cross Validation fold 0/1

 -- Start Optimization: method BADS --

 Optimization Run 1/1
Initial params: [0.8905, 8.1506, 11.9703, 17.3925, 3.834, 17.9086, 0.3105, 0.1217, 0.2014, 0.7027, 0.9433]
bads:TooCloseBounds: For each variable, hard and plausible bounds should not be too close. Moving plausible bounds.
Variables (index) internally transformed to log coordinates: [[ 0  0]
 [ 0  3]
 [ 0  8]
 [ 0  9]
 [ 0 10]]
Beginning optimization of a STOCHASTIC objective function

 Iteration    f-count      E[f(x)]        SD[f(x)]           MeshScale          Method              Actions
     0           1         30220.1             nan               1                                  
     0          27           29467             nan               1          Initial mesh            Initial points
     0          28         28985.4         1.00028               1        Successful poll           Train
     1          30         28500.2         1.00027               1      Successful search (ES-ell)        
     1          31         27225.2         1.00028               1      Successful search (ES-ell)        
     1          34         27163.3         1.00027               1      Successful search (ES-ell)        
     1          37         27088.3         1.00023               1      Successful search (ES-ell)        
     1          38         26961.6         1.00023               1      Successful search (ES-ell)        
     1          42         26722.8         1.00024               1      Successful search (ES-ell)        
     1          43         26358.7         1.00006               1      Successful search (ES-ell)        
     1          47         26281.9        0.997438               1      Successful search (ES-wcm)        
     1          48         26080.3         1.00007               1      Successful search (ES-ell)        
     1          52         26027.3         1.01807               1      Successful search (ES-ell)        
     1          53         25210.6         1.01807               1      Successful search (ES-ell)        
     1          57         25036.9         1.01798               1      Successful search (ES-ell)        
     1          58         24905.1         1.01797               1      Successful search (ES-wcm)        
     1          59         24855.6         1.01791               1      Successful search (ES-wcm)        
     1          61         24229.7         1.01804               1      Successful search (ES-wcm)        
     1          65         24110.5         1.01805               1      Successful search (ES-wcm)        
     1          66         23937.2         1.01766               1      Successful search (ES-wcm)        
     1          70           23815         1.01732               1      Successful search (ES-wcm)        
     1          71         23751.4         1.01787               1      Successful search (ES-ell)        
     1          72         23705.5         1.01759               1      Successful search (ES-ell)        
     1          74         23616.3         1.03953               1      Successful search (ES-ell)        
     1          75         23440.4         1.03954               1      Successful search (ES-ell)        
     1          77         23325.5          1.0395               1      Successful search (ES-ell)        
     1          87         23208.8         1.03943               1      Successful search (ES-ell)        
     1          88         22955.4         1.03945               1      Successful search (ES-ell)        
     1          95         22742.7         1.03951               1      Successful search (ES-wcm)        
     1          97         22429.7        0.815186               1      Successful search (ES-wcm)        
     1         103         22346.6        0.815174               1      Successful search (ES-wcm)        
     1         111         22282.5        0.815032               1      Successful search (ES-wcm)        
     1         116         22273.9        0.814698               1      Successful search (ES-wcm)        
     1         145         22273.9        0.814698             0.5          Refine grid             Train
     2         163         22225.9         1.02132               1        Successful poll           Train
     3         169           22175          51.446               1      Successful search (ES-wcm)        
     3         170         22126.3         69.4899               1      Successful search (ES-wcm)        
     3         173           22126         58.4064               1      Incremental search (ES-wcm)        
     3         179         22105.4         66.6778               1      Successful search (ES-wcm)        
     3         182         22039.8         63.9787               1      Successful search (ES-wcm)        
     3         184         21907.6         66.5623               1      Successful search (ES-wcm)        
     3         188         21902.4         71.4009               1      Successful search (ES-wcm)        
     3         192         21898.1          57.479               1      Successful search (ES-wcm)        
     3         195         21807.9         44.8486               1      Successful search (ES-wcm)        
     3         199         21781.6          56.007               1      Successful search (ES-ell)        
     3         201         21776.1         59.5532               1      Successful search (ES-ell)        
     3         209         21761.3         73.9746               1      Successful search (ES-wcm)        
     3         220         21662.8         70.0506               1      Successful search (ES-ell)        
     3         226           21650         36.8237               1      Successful search (ES-ell)        
     3         227         21576.2         48.6995               1      Successful search (ES-ell)        
     3         235         21568.5         51.9511               1      Successful search (ES-wcm)        
     3         237         21488.6         59.9675               1      Successful search (ES-wcm)        
     3         239         21487.1         53.6506               1      Successful search (ES-wcm)        
     3         241           21396         71.8918               1      Successful search (ES-wcm)        
     3         246         21379.7         59.5706               1      Successful search (ES-wcm)        
     3         251         21375.2         36.2763               1      Successful search (ES-ell)        
     3         254         21326.7         48.2901               1      Successful search (ES-wcm)        
     3         257           21287         49.3916               1      Successful search (ES-wcm)        
     3         260         21285.7         46.4842               1      Successful search (ES-wcm)        
     3         261         21255.7         63.8511               1      Successful search (ES-wcm)        
     3         264         21033.1          65.872               1      Successful search (ES-wcm)        
     3         267         20958.7         61.3114               1      Successful search (ES-wcm)        
     3         297         20958.7         61.3114             0.5          Refine grid             
     4         300         20984.9         33.6904             0.5      Successful search (ES-wcm)        
     4         310         20980.7         27.7646             0.5      Successful search (ES-ell)        
     4         311           20966         34.9312             0.5      Successful search (ES-ell)        
     4         314         20964.6         29.8414             0.5      Successful search (ES-ell)        
     4         316         20952.2          30.551             0.5      Successful search (ES-ell)        
     4         347         20952.2          30.551            0.25          Refine grid             
     5         348           20948         16.4535            0.25      Successful search (ES-ell)        
     5         349         20936.4         29.9452            0.25      Successful search (ES-ell)        
     5         388         20936.4         29.9452           0.125          Refine grid             
     6         389         20962.4         12.1558           0.125      Successful search (ES-wcm)        
     6         390         20943.4         21.9433           0.125      Successful search (ES-wcm)        
     6         429         20943.4         21.9433          0.0625          Refine grid             Train
     7         430         20946.7         7.59903          0.0625      Successful search (ES-wcm)        
     7         431         20941.8         8.27536          0.0625      Successful search (ES-ell)        
     7         432         20935.2         8.84124          0.0625      Successful search (ES-ell)        
     7         433         20929.3         12.6311          0.0625      Successful search (ES-wcm)        
     7         470         20929.3         12.6311         0.03125          Refine grid             Train
     8         471         20966.1         5.49932         0.03125      Successful search (ES-ell)        
     8         472         20964.4          6.4547         0.03125      Successful search (ES-ell)        
     8         473         20961.1         8.51305         0.03125      Successful search (ES-ell)        
     8         474         20957.6         12.0428         0.03125      Successful search (ES-ell)        
     8         476         20955.4         14.8702         0.03125      Successful search (ES-ell)        
     8         477         20948.6         18.7743         0.03125      Successful search (ES-ell)        
     8         478         20935.9         23.0397         0.03125      Successful search (ES-ell)        
     8         480           20930         22.2596         0.03125      Successful search (ES-ell)        
     8         481         20913.9         26.5554         0.03125      Successful search (ES-ell)        
     8         482         20906.6          24.181         0.03125      Successful search (ES-ell)        
     8         487         20906.4         16.8642         0.03125      Successful search (ES-ell)        
     8         491           20906         14.2384         0.03125      Successful search (ES-ell)        
     8         523           20906         14.2384        0.015625          Refine grid             
     9         536         20867.2         7.57006         0.03125        Successful poll           
    10         537         20871.2         7.83661         0.03125      Successful search (ES-wcm)        
    10         538         20836.6         8.26654         0.03125      Successful search (ES-wcm)        
    10         539         20813.8         8.99621         0.03125      Successful search (ES-wcm)        
    10         578         20813.8         8.99621        0.015625          Refine grid             
    11         579         20928.1         5.43791        0.015625      Successful search (ES-ell)        
    11         580         20926.2         5.54988        0.015625      Successful search (ES-ell)        
    11         615         20888.7         41.1722         0.03125        Successful poll           
    12         616         20939.4         4.74688         0.03125      Successful search (ES-wcm)        
    12         617         20935.8         5.34775         0.03125      Successful search (ES-ell)        
    12         618         20932.9         7.40874         0.03125      Successful search (ES-ell)        
    12         619         20928.6           10.49         0.03125      Successful search (ES-ell)        
    12         641         20875.1         12.3522          0.0625        Successful poll           Train
    13         642         20937.9         6.76463          0.0625      Successful search (ES-ell)        
    13         643         20935.5         10.3035          0.0625      Successful search (ES-ell)        
    13         644         20934.2          15.699          0.0625      Successful search (ES-ell)        
    13         684         20911.1         37.3927           0.125        Successful poll           
    14         685         20935.9         9.49247           0.125      Successful search (ES-ell)        
    14         696         20934.5         12.6998           0.125      Successful search (ES-wcm)        
    14         726         20921.7         51.5073            0.25        Successful poll           
    15         728         20841.3          27.949            0.25      Successful search (ES-ell)        
    15         767         20841.3          27.949           0.125          Refine grid             Train
    16         798         20936.3         5.10422          0.0625          Refine grid             Train
    17         830         20936.1         5.08535         0.03125          Refine grid             Train
    18         831         20931.1          5.4077         0.03125      Successful search (ES-ell)        
    18         832         20926.3         7.02654         0.03125      Successful search (ES-ell)        
    18         833         20921.4         10.7296         0.03125      Successful search (ES-ell)        
    18         836         20919.6         12.1419         0.03125      Successful search (ES-ell)        
    18         861         20902.6         31.5329          0.0625        Successful poll           Train
    19         892         20921.8         14.4472           0.125        Successful poll           Train
    20         923         20931.7          7.7009            0.25        Successful poll           Train
    21         954         20926.7         29.3502             0.5        Successful poll           Train
    22         973         20933.1         21.7434               1        Successful poll           Train
    23         978         20923.5         24.6605               1      Successful search (ES-wcm)        
    23         983         20849.6         17.8748               1      Successful search (ES-wcm)        
    23         984         20747.4         19.3865               1      Successful search (ES-wcm)        
    23         987         20739.1         24.2018               1      Successful search (ES-wcm)        
    23        1021         20739.1         24.2018             0.5          Refine grid             
    24        1049         20934.5         4.55368            0.25          Refine grid             
    25        1079         20933.1         4.54609           0.125          Refine grid             
    26        1080         20928.3         8.74152           0.125      Successful search (ES-ell)        
    26        1081         20918.8         11.9266           0.125      Successful search (ES-ell)        
    26        1087         20917.4         10.3096           0.125      Successful search (ES-wcm)        
    26        1088         20913.3         15.3277           0.125      Successful search (ES-wcm)        
    26        1095         20913.2         12.5514           0.125      Successful search (ES-wcm)        
    26        1132         20913.2         12.5514          0.0625          Refine grid             
    27        1133         20927.3         5.05258          0.0625      Successful search (ES-ell)        
    27        1138         20925.1         6.30916          0.0625      Successful search (ES-ell)        
    27        1141         20924.1         6.58524          0.0625      Successful search (ES-wcm)        
    27        1143         20921.2         6.79384          0.0625      Successful search (ES-wcm)        
    27        1147         20917.9         7.52573          0.0625      Successful search (ES-ell)        
    27        1151         20917.2         7.76068          0.0625      Successful search (ES-ell)        
    27        1177         20845.8         32.4331           0.125        Successful poll           
    28        1178         20909.9         10.5372           0.125      Successful search (ES-ell)        
    28        1219         20909.9         10.5372          0.0625          Refine grid             
    29        1220           20933         8.22273          0.0625      Successful search (ES-ell)        
    29        1221         20930.9         10.5715          0.0625      Successful search (ES-wcm)        
    29        1222         20923.4         14.6592          0.0625      Successful search (ES-ell)        
    29        1223         20904.6          20.866          0.0625      Successful search (ES-ell)        
    29        1224         20897.5         27.5718          0.0625      Successful search (ES-ell)        
    29        1225         20863.1         30.2054          0.0625      Successful search (ES-ell)        
    29        1250         20857.9         33.8429           0.125        Successful poll           Train
    30        1251         20624.1         38.7445           0.125      Successful search (ES-ell)        
    30        1252         20452.1         39.9021           0.125      Successful search (ES-ell)        
    30        1292         20452.1         39.9021          0.0625          Refine grid             
    31        1293         20649.2         13.8701          0.0625      Successful search (ES-ell)        
    31        1294         20628.2         23.2977          0.0625      Successful search (ES-ell)        
    31        1295         20581.7         31.7606          0.0625      Successful search (ES-ell)        
    31        1335         20581.7         31.7606         0.03125          Refine grid             
    32        1336         20678.1         10.3397         0.03125      Successful search (ES-ell)        
    32        1337         20669.5         13.0984         0.03125      Successful search (ES-wcm)        
    32        1338         20669.2         19.2549         0.03125      Successful search (ES-ell)        
    32        1378         20669.2         19.2549        0.015625          Refine grid             Train
    33        1379         20678.6         9.81274        0.015625      Successful search (ES-wcm)        
    33        1380           20674         10.6333        0.015625      Successful search (ES-wcm)        
    33        1381         20667.5         11.1156        0.015625      Successful search (ES-ell)        
    33        1382         20662.3         11.3633        0.015625      Successful search (ES-wcm)        
    33        1383         20659.9         13.6437        0.015625      Successful search (ES-ell)        
    33        1384         20655.6         19.1001        0.015625      Successful search (ES-ell)        
    33        1420         20655.6         19.1001       0.0078125          Refine grid             Train
    34        1421           20693         7.35738       0.0078125      Successful search (ES-ell)        
    34        1422         20685.8         7.83627       0.0078125      Successful search (ES-ell)        
    34        1423         20678.6         8.36486       0.0078125      Successful search (ES-ell)        
    34        1424         20668.8         9.80462       0.0078125      Successful search (ES-ell)        
    34        1425           20657         11.6551       0.0078125      Successful search (ES-ell)        
    34        1426         20639.2         15.4842       0.0078125      Successful search (ES-wcm)        
    34        1427         20612.4         20.9715       0.0078125      Successful search (ES-wcm)        
    34        1463         20612.4         20.9715      0.00390625          Refine grid             
    35        1495         20659.2          31.257      0.00195312          Refine grid             Train
    36        1527         20696.2         9.24385     0.000976562          Refine grid             Train
Optimization terminated: change in the function value less than options['tol_mesh']
Estimated function value at minimum: 20692.620030980386 ± 4.96394059792603 (mean ± SEM from 100 samples)
BADS minimum at: x_min = [ 2.21110e+00  4.77840e+00  4.41930e+00  5.60000e-03 -9.99800e-01
  4.16415e+01  3.00900e-01  7.94600e-01  0.00000e+00  2.00000e+00
  4.59600e-01], training NLL = 20692.62
total f-count: 1627, time: 70.06 min

 ------- Finish Optimization for Subject 25 ---------- 
