----------------------------------------
Start task prologue Fri Jul 17 12:12:15 CEST 2026
----------------------------------------
Step ID:         54295897.
Username:        wenlou
Group:           mpla
Asked resources: walltime=1-00:00:00,nodes=1,cpus=8,mem=2G
Queue:           gpu
Compute nodes:   dccn-c043
----------------------------------------
End task prologue Fri Jul 17 12:12:15 CEST 2026
----------------------------------------
CUDA version:
nvcc: NVIDIA (R) Cuda compiler driver
Copyright (c) 2005-2024 NVIDIA Corporation
Built on Thu_Mar_28_02:18:24_PDT_2024
Cuda compilation tools, release 12.4, V12.4.131
Build cuda_12.4.r12.4/compiler.34097967_0

[WARNING] Please note the interface change for (de-)activating conda environment:

  - DO NOT use `conda activate` to enter the conda environment as it requires extra step to modify your ~/.bashrc file, which will force you to use this Anaconda version (2024.06).  Therefore keep using `source activate` instead.

  - DO use `conda deactivate` to leave your conda environment as `source deactivate` will be deprecated in future release.

Running model for expriment=with_dn_cons_sig, m_id=2, method=bads
device is : cuda
['with_dn_cons_sig', '2', 'all', 'bads', '2']

 ------- Start Optimization for Subject 2 ---------- 

 Cross Validation fold 0/1

 -- Start Optimization: method BADS --

 Optimization Run 1/2
Initial params: [1.7226, 8.4356, 3.4496, 0.232, 4.0512, 10.3767, 2.2186, 0.6501, 24.8704, 0.6355, 0.2771, 0.2922, 0.4237]
bads:TooCloseBounds: For each variable, hard and plausible bounds should not be too close. Moving plausible bounds.
Variables (index) internally transformed to log coordinates: [[0 0]
 [0 3]
 [0 5]
 [0 6]]
Beginning optimization of a STOCHASTIC objective function

 Iteration    f-count      E[f(x)]        SD[f(x)]           MeshScale          Method              Actions
     0           1         26151.5             nan               1                                  
     0          33         25317.9             nan               1          Initial mesh            Initial points
     0          46         25025.1          1.0395               1        Successful poll           Train
     1          61         25001.8         1.03932               1        Successful poll           Train
     2          62         24641.8        0.737286               1      Successful search (ES-wcm)        
     2          64         24579.1        0.737282               1      Successful search (ES-wcm)        
     2          67         24491.7        0.737253               1      Successful search (ES-wcm)        
     2          71         24312.5        0.736877               1      Successful search (ES-ell)        
     2          72         24220.1         0.73708               1      Successful search (ES-ell)        
     2          79         24157.8        0.735979               1      Successful search (ES-ell)        
     2          81         24054.2        0.733484               1      Successful search (ES-ell)        
     2          82         24050.2        0.736005               1      Successful search (ES-ell)        
     2          85         24023.2        0.733799               1      Successful search (ES-ell)        
     2          87         23994.2        0.732961               1      Successful search (ES-ell)        
     2          90         23976.6        0.832849               1      Successful search (ES-ell)        
     2          93         23903.5        0.832307               1      Successful search (ES-ell)        
     2          97         23886.1        0.827559               1      Successful search (ES-ell)        
     2         106         23849.9        0.821906               1      Successful search (ES-ell)        
     2         110         23837.3        0.765273               1      Successful search (ES-ell)        
     2         111         23807.4         0.79556               1      Successful search (ES-ell)        
     2         148         23807.4         0.79556             0.5          Refine grid             Train
     3         152         23814.3         13.4355             0.5      Successful search (ES-wcm)        
     3         156         23793.1          11.358             0.5      Successful search (ES-wcm)        
     3         160         23783.7         8.95296             0.5      Successful search (ES-wcm)        
     3         161         23774.5         12.3401             0.5      Successful search (ES-wcm)        
     3         164         23759.6         10.7433             0.5      Successful search (ES-wcm)        
     3         167         23745.8         12.5027             0.5      Successful search (ES-wcm)        
     3         168         23736.6         12.8795             0.5      Successful search (ES-wcm)        
     3         170         23678.9         22.6481             0.5      Successful search (ES-ell)        
     3         171         23636.3         25.7926             0.5      Successful search (ES-ell)        
     3         173         23608.4         25.3506             0.5      Successful search (ES-ell)        
     3         178         23539.5         25.4155             0.5      Successful search (ES-wcm)        
     3         181         23538.1         25.1605             0.5      Successful search (ES-wcm)        
     3         182         23537.7         24.5103             0.5      Successful search (ES-wcm)        
     3         189         23533.9         18.8373             0.5      Successful search (ES-wcm)        
     3         190           23481         23.7313             0.5      Successful search (ES-wcm)        
     3         192         23473.8         25.7418             0.5      Successful search (ES-ell)        
     3         194         23465.8         23.8124             0.5      Successful search (ES-ell)        
     3         195           23431         25.0798             0.5      Successful search (ES-ell)        
