----------------------------------------
Start task prologue Wed Aug  5 14:57:53 CEST 2026
----------------------------------------
Step ID:         54584473.
Username:        wenlou
Group:           mpla
Asked resources: walltime=1-00:00:00,nodes=1,cpus=8,mem=2G
Queue:           gpu
Compute nodes:   dccn-c086
----------------------------------------
End task prologue Wed Aug  5 14:57:53 CEST 2026
----------------------------------------
CUDA version:
nvcc: NVIDIA (R) Cuda compiler driver
Copyright (c) 2005-2024 NVIDIA Corporation
Built on Thu_Mar_28_02:18:24_PDT_2024
Cuda compilation tools, release 12.4, V12.4.131
Build cuda_12.4.r12.4/compiler.34097967_0

[WARNING] Please note the interface change for (de-)activating conda environment:

  - DO NOT use `conda activate` to enter the conda environment as it requires extra step to modify your ~/.bashrc file, which will force you to use this Anaconda version (2024.06).  Therefore keep using `source activate` instead.

  - DO use `conda deactivate` to leave your conda environment as `source deactivate` will be deprecated in future release.

Running model for expriment=with_dn, m_id=8, method=bads
device is : cuda
['with_dn', '8', '25', 'bads', '4']

 ------- Start Optimization for Subject 25 ---------- 

 Cross Validation fold 0/1

 -- Start Optimization: method BADS --

 Optimization Run 1/4
Initial params: [1.7873, 8.8162, 13.2401, 37.1771, 42.4597, -28.4325, 2.9078, 0.6676, 15.0592, 15.6387, 0.807, 0.3426, 1.3345]
bads:TooCloseBounds: For each variable, hard and plausible bounds should not be too close. Moving plausible bounds.
Variables (index) internally transformed to log coordinates: [[0 0]
 [0 3]
 [0 4]
 [0 6]]
Beginning optimization of a STOCHASTIC objective function

 Iteration    f-count      E[f(x)]        SD[f(x)]           MeshScale          Method              Actions
     0           1           25262             nan               1                                  
     0          33         24156.9             nan               1          Initial mesh            Initial points
     0          44         23401.6        0.999939               1        Successful poll           Train
     1          49         23318.6        0.998579               1      Successful search (ES-ell)        
     1          52         23296.2        0.996156               1      Successful search (ES-ell)        
     1          76         22823.6        0.988371               1        Successful poll           
     2          81         22705.1        0.933074               1      Successful search (ES-ell)        
     2          88         22688.6         5.05122               1      Successful search (ES-ell)        
     2          89         22684.8         5.46826               1      Successful search (ES-ell)        
     2         115           22651          6.3236               1        Successful poll           Train
     3         116           22668          7.6815               1      Successful search (ES-ell)        
     3         119         22164.9         7.38145               1      Successful search (ES-ell)        
     3         123         22018.9         6.16249               1      Successful search (ES-ell)        
     3         142         21951.9         10.1285               1        Successful poll           Train
     4         143           21904         10.1133               1      Successful search (ES-ell)        
     4         145         21810.7         10.1168               1      Successful search (ES-ell)        
     4         146         21627.1         10.1172               1      Successful search (ES-ell)        
     4         151         21486.9         9.96235               1      Successful search (ES-ell)        
     4         153         21476.7         10.0065               1      Successful search (ES-ell)        
     4         157         21305.2         10.0141               1      Successful search (ES-ell)        
     4         159         21166.5         10.0238               1      Successful search (ES-ell)        
     4         164         21153.6         9.68386               1      Successful search (ES-ell)        
     4         166         21101.1         9.12177               1      Successful search (ES-ell)        
     4         170         21066.8         10.2412               1      Successful search (ES-wcm)        
     4         175         21057.5         9.78587               1      Successful search (ES-wcm)        
     4         185         21049.3          10.163               1      Successful search (ES-wcm)        
     4         187         21048.2         10.2152               1      Successful search (ES-wcm)        
     4         192         21027.1         10.2161               1      Successful search (ES-wcm)        
     4         199         21020.5         10.3973               1      Successful search (ES-wcm)        
     4         204         20961.4            10.3               1      Successful search (ES-wcm)        
     4         205         20944.2          10.479               1      Successful search (ES-wcm)        
     4         207         20553.9          10.489               1      Successful search (ES-wcm)        
     4         209         20522.3         10.4829               1      Successful search (ES-ell)        
     4         213         20356.2         10.4903               1      Successful search (ES-wcm)        
     4         216         20287.3          10.292               1      Successful search (ES-ell)        
     4         219           20287         9.96597               1      Incremental search (ES-ell)        
     4         225         20265.3         9.81045               1      Successful search (ES-ell)        
     4         227         20262.9           9.726               1      Successful search (ES-ell)        
     4         230         20242.2         9.42346               1      Successful search (ES-ell)        
     4         231         20180.9         9.68287               1      Successful search (ES-ell)        
     4         266         20180.9         9.68287             0.5          Refine grid             Train
     5         269         20033.5          19.458             0.5      Successful search (ES-ell)        
     5         315         20033.5          19.458            0.25          Refine grid             Train
     6         316         20126.5         15.3674            0.25      Successful search (ES-ell)        
     6         317         20124.5         19.6913            0.25      Successful search (ES-ell)        
     6         366         20124.5         19.6913           0.125          Refine grid             Train
     7         367         20254.8         14.6747           0.125      Successful search (ES-ell)        
     7         369         20231.3         13.6155           0.125      Successful search (ES-ell)        
     7         371         20220.6         14.9347           0.125      Successful search (ES-ell)        
     7         374         20219.9         12.4416           0.125      Successful search (ES-ell)        
     7         375           20189         13.6478           0.125      Successful search (ES-ell)        
     7         376         20154.8         18.6179           0.125      Successful search (ES-ell)        
     7         380         20148.2         14.9969           0.125      Successful search (ES-ell)        
     7         381         20139.8         18.4838           0.125      Successful search (ES-ell)        
     7         382         20084.5         22.8149           0.125      Successful search (ES-ell)        
     7         431         20084.5         22.8149          0.0625          Refine grid             Train
     8         432         20097.2         7.12097          0.0625      Successful search (ES-ell)        
     8         433         20083.2         12.5959          0.0625      Successful search (ES-ell)        
     8         434         20055.7         15.3138          0.0625      Successful search (ES-ell)        
     8         436         20053.1         15.1989          0.0625      Successful search (ES-ell)        
     8         437         19990.2         22.0401          0.0625      Successful search (ES-wcm)        
     8         438         19858.6         23.8041          0.0625      Successful search (ES-wcm)        
     8         440         19779.5         20.4929          0.0625      Successful search (ES-wcm)        
     8         441         19745.1         22.2122          0.0625      Successful search (ES-wcm)        
     8         442         19708.8         21.4154          0.0625      Successful search (ES-wcm)        
     8         481         19675.2         24.5316           0.125        Successful poll           
     9         482         19669.2         19.9611           0.125      Successful search (ES-wcm)        
     9         483         19644.9         16.1616           0.125      Successful search (ES-wcm)        
     9         484         19599.8         17.7051           0.125      Successful search (ES-wcm)        
     9         486         19595.1         20.3077           0.125      Successful search (ES-ell)        
     9         531         19552.6           16.75            0.25        Successful poll           
    10         532         19505.7         21.3578            0.25      Successful search (ES-ell)        
    10         533         19458.9         23.8433            0.25      Successful search (ES-ell)        
    10         581         19408.9         14.4441             0.5        Successful poll           Train
    11         582         19404.2         24.5589             0.5      Successful search (ES-ell)        
    11         585         19366.4         24.0642             0.5      Successful search (ES-ell)        
    11         589           19329         19.9896             0.5      Successful search (ES-ell)        
    11         593         19321.8         15.7723             0.5      Successful search (ES-ell)        
    11         594         19312.3         18.7119             0.5      Successful search (ES-ell)        
    11         602         19310.2         10.0521             0.5      Successful search (ES-ell)        
    11         604         19308.6          10.363             0.5      Successful search (ES-ell)        
    11         605         19302.9         13.0294             0.5      Successful search (ES-ell)        
    11         606         19300.6         16.0392             0.5      Successful search (ES-ell)        
    11         616         19299.9           11.73             0.5      Successful search (ES-wcm)        
    11         617         19297.1         16.8589             0.5      Successful search (ES-wcm)        
    11         620         19293.3         14.1998             0.5      Successful search (ES-wcm)        
    11         622         19284.1         22.7642             0.5      Successful search (ES-ell)        
    11         629         19270.6         16.6179             0.5      Successful search (ES-ell)        
    11         640         19268.2         21.6955             0.5      Successful search (ES-wcm)        
    11         642           19241         17.6176             0.5      Successful search (ES-ell)        
    11         643         19228.1         19.0691             0.5      Successful search (ES-ell)        
    11         680         19228.1         19.0691            0.25          Refine grid             
    12         684         19246.6         17.6768            0.25      Successful search (ES-wcm)        
    12         688         19242.7         12.7051            0.25      Successful search (ES-wcm)        
    12         728         19242.7         12.7051           0.125          Refine grid             
    13         729           19245         13.0583           0.125      Successful search (ES-ell)        
    13         733           19238          9.5279           0.125      Successful search (ES-ell)        
    13         778           19238          9.5279          0.0625          Refine grid             Train
    14         779         19242.4         8.64192          0.0625      Successful search (ES-wcm)        
    14         781         19234.6         12.3516          0.0625      Successful search (ES-wcm)        
    14         782         19205.6         21.3236          0.0625      Successful search (ES-wcm)        
    14         783         19199.8         19.6629          0.0625      Successful search (ES-ell)        
    14         785         19198.8         19.1203          0.0625      Successful search (ES-ell)        
    14         828         19198.8         19.1203         0.03125          Refine grid             Train
    15         829         19217.4         11.0857         0.03125      Successful search (ES-wcm)        
    15         878         19217.4         11.0857        0.015625          Refine grid             
    16         879         19222.8           4.144        0.015625      Successful search (ES-ell)        
    16         880         19212.2         6.76397        0.015625      Successful search (ES-ell)        
    16         881         19200.1         9.43512        0.015625      Successful search (ES-ell)        
    16         882         19191.9         12.1687        0.015625      Successful search (ES-ell)        
    16         930         19191.9         12.1687       0.0078125          Refine grid             
    17         931         19218.2          3.9236       0.0078125      Successful search (ES-ell)        
    17         932         19215.6         4.30248       0.0078125      Successful search (ES-ell)        
    17         933         19206.8         7.88829       0.0078125      Successful search (ES-wcm)        
    17         934           19201          16.176       0.0078125      Successful search (ES-wcm)        
    17         982           19201          16.176      0.00390625          Refine grid             
    18         983         19216.6         3.60427      0.00390625      Successful search (ES-wcm)        
    18         984         19214.3         3.84165      0.00390625      Successful search (ES-wcm)        
    18         985         19211.3         4.30453      0.00390625      Successful search (ES-wcm)        
    18         986         19210.7           5.384      0.00390625      Successful search (ES-wcm)        
    18         989         19209.5         5.86834      0.00390625      Successful search (ES-wcm)        
    18        1021         19208.8         5.89204       0.0078125        Successful poll           Train
    19        1022         19210.3         6.05236       0.0078125      Successful search (ES-ell)        
    19        1023         19208.2         8.49378       0.0078125      Successful search (ES-ell)        
    19        1024         19205.8         11.6696       0.0078125      Successful search (ES-ell)        
    19        1073         19205.8         11.6696      0.00390625          Refine grid             
    20        1074         19216.1         4.11925      0.00390625      Successful search (ES-ell)        
    20        1075         19215.7         4.74684      0.00390625      Successful search (ES-ell)        
    20        1076         19214.5         6.53396      0.00390625      Successful search (ES-ell)        
    20        1077         19209.1         8.70679      0.00390625      Successful search (ES-ell)        
    20        1078         19202.5         10.3705      0.00390625      Successful search (ES-ell)        
    20        1079         19196.2         11.0511      0.00390625      Successful search (ES-ell)        
    20        1080         19190.7         12.8489      0.00390625      Successful search (ES-ell)        
    20        1081         19182.8         12.9748      0.00390625      Successful search (ES-wcm)        
    20        1082         19182.5         16.0601      0.00390625      Successful search (ES-ell)        
    20        1125         19182.5         16.0601      0.00195312          Refine grid             
    21        1126         19211.7         3.73597      0.00195312      Successful search (ES-ell)        
    21        1127         19209.9         3.86425      0.00195312      Successful search (ES-ell)        
    21        1128         19207.6         4.14507      0.00195312      Successful search (ES-ell)        
    21        1129         19203.9         4.74061      0.00195312      Successful search (ES-ell)        
    21        1130         19200.5         5.95281      0.00195312      Successful search (ES-ell)        
    21        1131         19193.5         6.62871      0.00195312      Successful search (ES-wcm)        
    21        1132         19186.6           8.078      0.00195312      Successful search (ES-wcm)        
    21        1133         19180.4         10.3283      0.00195312      Successful search (ES-wcm)        
    21        1175         19180.4         10.3283     0.000976562          Refine grid             Train
Optimization terminated: change in the function value less than options['tol_mesh']
Estimated function value at minimum: 19194.236598351865 ± 2.665668370991848 (mean ± SEM from 100 samples)
BADS minimum at: x_min = [2.10570e+00 3.99650e+00 3.96970e+00 1.60246e+01 3.11010e+00 1.04825e+01
 1.21000e-02 5.61000e-02 3.98050e+00 2.53748e+01 6.89900e-01 3.70900e-01
 6.67500e-01], training NLL = 19194.2366
total f-count: 1275, time: 58.54 min

 Optimization Run 2/4
Initial params: [0.0095, 3.1191, 11.864, 48.1403, 49.2412, -34.115, 4.11, 0.2865, 21.7823, 17.1185, 0.3984, 0.8834, 0.8573]
bads:TooCloseBounds: For each variable, hard and plausible bounds should not be too close. Moving plausible bounds.
Variables (index) internally transformed to log coordinates: [[0 0]
 [0 3]
 [0 4]
 [0 6]]
Beginning optimization of a STOCHASTIC objective function

 Iteration    f-count      E[f(x)]        SD[f(x)]           MeshScale          Method              Actions
     0           1         24816.5             nan               1                                  
     0          33         24156.9             nan               1          Initial mesh            Initial points
     0          42         23410.1         1.00002               1        Successful poll           Train
     1          49           23388        0.995469               1      Successful search (ES-wcm)        
     1          50         23362.8         0.99874               1      Successful search (ES-ell)        
     1          55           23324        0.950645               1      Successful search (ES-wcm)        
     1          76         23311.5        0.987814               1        Successful poll           
     2          80         23259.6        0.987701               1      Successful search (ES-wcm)        
     2          90         23245.9         11.4776               1      Successful search (ES-wcm)        
     2         100         23234.6         10.8451               1      Successful search (ES-wcm)        
     2         134         23226.3         11.5606               1        Successful poll           Train
     3         135         23209.1         10.3254               1      Successful search (ES-ell)        
     3         179         23209.1         10.3254             0.5          Refine grid             Train
     4         181         23240.2         9.02105             0.5      Successful search (ES-wcm)        
     4         183         23230.3         8.29161             0.5      Successful search (ES-wcm)        
     4         187         23222.1         4.43074             0.5      Successful search (ES-wcm)        
     4         188         23210.9         5.31557             0.5      Successful search (ES-wcm)        
     4         230         23210.9         5.31557            0.25          Refine grid             
     5         232         23219.9         3.82627            0.25      Successful search (ES-wcm)        
     5         233         23212.4         9.76756            0.25      Successful search (ES-wcm)        
     5         244         23211.1         11.2794            0.25      Successful search (ES-wcm)        
----------------------------------------
Start job epilogue Wed Aug  5 16:08:09 CEST 2026
----------------------------------------
Job ID:          54584473
Job Exit Code:   0:0
Username:        wenlou
Group:           mpla
Queue:           gpu
Compute nodes:   dccn-c086
Asked resources: walltime=1-00:00:00,nodes=1,cpus=8,mem=2G
Used resources:  cputime=09:18:08,walltime=01:09:46,memory=3G
----------------------------------------
End job epilogue Wed Aug  5 16:08:09 CEST 2026
----------------------------------------
