----------------------------------------
Start task prologue Sat Mar  7 14:45:53 CET 2026
----------------------------------------
Step ID:         51200652.
Username:        wenlou
Group:           mpla
Asked resources: walltime=1-00:00:00,nodes=1,cpus=8,mem=2G
Queue:           gpu
Compute nodes:   dccn-c083
----------------------------------------
End task prologue Sat Mar  7 14:45:53 CET 2026
----------------------------------------
CUDA version:
nvcc: NVIDIA (R) Cuda compiler driver
Copyright (c) 2005-2024 NVIDIA Corporation
Built on Thu_Mar_28_02:18:24_PDT_2024
Cuda compilation tools, release 12.4, V12.4.131
Build cuda_12.4.r12.4/compiler.34097967_0

[WARNING] Please note the interface change for (de-)activating conda environment:

  - DO NOT use `conda activate` to enter the conda environment as it requires extra step to modify your ~/.bashrc file, which will force you to use this Anaconda version (2024.06).  Therefore keep using `source activate` instead.

  - DO use `conda deactivate` to leave your conda environment as `source deactivate` will be deprecated in future release.

Running model for expriment=percept_only4, m_id=2, method=bads
device is : cuda
['percept_only4', '2', '2', 'bads', '5']

 ------- Start Optimization for Subject 2 ---------- 

 Cross Validation fold 0/1

 -- Start Optimization: method BADS --

 Optimization Run 1/5
Initial params: [1.965, 2.9636, 6.9976, 47.0783, 4.1568, 0.6752, 16.5834, 0.7877, 0.3939, 0.269]
bads:TooCloseBounds: For each variable, hard and plausible bounds should not be too close. Moving plausible bounds.
Variables (index) internally transformed to log coordinates: [[0 0]
 [0 3]
 [0 4]]
Beginning optimization of a STOCHASTIC objective function

 Iteration    f-count      E[f(x)]        SD[f(x)]           MeshScale          Method              Actions
     0           1         22555.4             nan               1                                  
     0          33         20774.7             nan               1          Initial mesh            Initial points
     0          44         20519.2         1.02772               1        Successful poll           Train
     1          66         20416.8         1.01836               1        Successful poll           Train
     2          67         20362.4         1.01846               1      Successful search (ES-wcm)        
     2          68         20270.8         1.01843               1      Successful search (ES-wcm)        
     2          75         20218.7          1.0184               1      Successful search (ES-wcm)        
     2          86         20202.8         2.89995               1      Successful search (ES-wcm)        
     2         108         20184.3         3.55596               1        Successful poll           Train
     3         132         20184.3         2.07248             0.5          Refine grid             Train
     4         138         20179.3         3.31476             0.5      Successful search (ES-wcm)        
     4         148         20155.7         3.18792             0.5      Successful search (ES-wcm)        
     4         177         20149.8         3.16106               1        Successful poll           
     5         201         20149.8         3.16106             0.5          Refine grid             
     6         228           20155         2.25753            0.25          Refine grid             
     7         232         20131.9         3.86438            0.25      Successful search (ES-wcm)        
     7         238         20112.6         3.43443            0.25      Successful search (ES-wcm)        
     7         267         20112.6         3.43443           0.125          Refine grid             
     8         272         20128.1         3.15314           0.125      Successful search (ES-ell)        
     8         285         20127.2         2.99455           0.125      Successful search (ES-ell)        
     8         287         20115.3         3.21626           0.125      Successful search (ES-wcm)        
     8         295         20114.6         2.86349           0.125      Successful search (ES-ell)        
     8         304         20113.4         2.38109           0.125      Successful search (ES-ell)        
     8         307         20112.5         1.95911           0.125      Successful search (ES-ell)        
     8         316           20111         2.79049           0.125      Successful search (ES-wcm)        
     8         323         20110.2         2.03615           0.125      Successful search (ES-wcm)        
     8         325         20110.1         2.32752           0.125      Successful search (ES-wcm)        
     8         333         20109.3         1.40951           0.125      Successful search (ES-wcm)        
     8         337         20108.6         1.52665           0.125      Successful search (ES-wcm)        
     8         344         20108.3         1.69492           0.125      Successful search (ES-wcm)        
     8         377         20108.3         1.69492          0.0625          Refine grid             
     9         379         20109.2         1.34747          0.0625      Successful search (ES-wcm)        
     9         386         20108.7          1.4003          0.0625      Successful search (ES-wcm)        
     9         392         20108.3         1.62748          0.0625      Successful search (ES-wcm)        
     9         403         20107.7         1.00973          0.0625      Successful search (ES-wcm)        
     9         437         20107.7         1.00973         0.03125          Refine grid             Train
    10         441         20106.3         1.96609         0.03125      Successful search (ES-ell)        
    10         443         20102.1         2.90594         0.03125      Successful search (ES-ell)        
    10         446         20101.9         2.94561         0.03125      Successful search (ES-ell)        
    10         452         20101.2         1.65498         0.03125      Successful search (ES-wcm)        
    10         487         20101.2         1.65498        0.015625          Refine grid             Train
    11         488         20102.3         2.40147        0.015625      Successful search (ES-wcm)        
    11         489           20102         3.60628        0.015625      Successful search (ES-wcm)        
    11         493         20100.8         2.28776        0.015625      Successful search (ES-wcm)        
    11         502         20100.5         1.46023        0.015625      Successful search (ES-wcm)        
    11         509         20099.7         2.82279        0.015625      Successful search (ES-ell)        
    11         547         20099.7         2.82279       0.0078125          Refine grid             Train
    12         548         20101.4          1.0362       0.0078125      Successful search (ES-wcm)        
    12         550           20101        0.950816       0.0078125      Successful search (ES-wcm)        
    12         562           20101        0.855066       0.0078125      Successful search (ES-ell)        
    12         597           20101        0.855066      0.00390625          Refine grid             Train
    13         598         20101.4        0.764316      0.00390625      Successful search (ES-wcm)        
    13         637         20101.4        0.764316      0.00195312          Refine grid             
    14         638         20101.3        0.825341      0.00195312      Successful search (ES-ell)        
    14         648         20101.2        0.843356      0.00195312      Successful search (ES-ell)        
    14         649         20100.7          1.1668      0.00195312      Successful search (ES-ell)        
    14         687         20100.7          1.1668     0.000976562          Refine grid             
Optimization terminated: change in the function value less than options['tol_mesh']
Estimated function value at minimum: 20100.75030433091 ± 0.40851458663413964 (mean ± SEM from 100 samples)
BADS minimum at: x_min = [ 1.4462  5.486  10.1299  1.5197  0.7911  0.4176 11.7862  0.6904  0.6045
  0.2287], training NLL = 20100.7503
total f-count: 787, time: 33.81 min

 Optimization Run 2/5
Initial params: [1.8689, 8.8401, 7.04, 40.8286, 1.8122, 0.539, 22.9584, 0.8489, 0.8562, 0.2201]
bads:TooCloseBounds: For each variable, hard and plausible bounds should not be too close. Moving plausible bounds.
Variables (index) internally transformed to log coordinates: [[0 0]
 [0 3]
 [0 4]]
Beginning optimization of a STOCHASTIC objective function

 Iteration    f-count      E[f(x)]        SD[f(x)]           MeshScale          Method              Actions
     0           1         22555.4             nan               1                                  
     0          33         20770.2             nan               1          Initial mesh            Initial points
     0          34         20754.6         1.02676               1        Successful poll           Train
     1          40         20698.1         1.02671               1      Successful search (ES-wcm)        
     1          42         20654.7         1.02656               1      Successful search (ES-wcm)        
     1          44         20597.8         1.02651               1      Successful search (ES-wcm)        
     1          54         20591.3         1.00423               1      Successful search (ES-ell)        
     1          64         20550.9        0.999051               1      Successful search (ES-ell)        
     1          66         20476.3         1.00722               1      Successful search (ES-ell)        
     1          79         20448.2         1.05201               1      Successful search (ES-ell)        
     1          82         20439.8         1.05119               1      Successful search (ES-ell)        
     1          97         20377.4        0.953572               1        Successful poll           Train
     2         107         20368.7        0.952754               1      Successful search (ES-wcm)        
     2         116         20289.8        0.953414               1      Successful search (ES-wcm)        
     2         141         20289.8        0.953414             0.5          Refine grid             Train
     3         170         20290.1         1.04283            0.25          Refine grid             Train
     4         177         20283.3         1.23534            0.25      Successful search (ES-ell)        
     4         210         20283.3         1.23534           0.125          Refine grid             
     5         211         20285.7         1.46853           0.125      Successful search (ES-ell)        
     5         232           20252         5.39729            0.25        Successful poll           Train
     6         233         20203.4         5.39772            0.25      Successful search (ES-wcm)        
     6         234         20166.9         5.39759            0.25      Successful search (ES-wcm)        
     6         236         20123.6         5.39736            0.25      Successful search (ES-wcm)        
     6         250         20106.2          5.0104            0.25      Successful search (ES-ell)        
     6         252         20094.5         5.07562            0.25      Successful search (ES-ell)        
     6         281         20094.5         5.07562           0.125          Refine grid             
     7         286         20085.9         3.28097           0.125      Successful search (ES-ell)        
     7         321         20085.9         3.28097          0.0625          Refine grid             
     8         324         20090.7         2.11787          0.0625      Successful search (ES-ell)        
     8         335         20084.9         4.19425          0.0625      Successful search (ES-ell)        
     8         345         20084.4         3.88318          0.0625      Successful search (ES-ell)        
     8         381         20084.4         3.88318         0.03125          Refine grid             
     9         384         20080.7         2.97656         0.03125      Successful search (ES-wcm)        
     9         389         20079.8          4.3475         0.03125      Successful search (ES-wcm)        
     9         394         20077.5         4.24683         0.03125      Successful search (ES-ell)        
     9         396         20074.2          4.6815         0.03125      Successful search (ES-wcm)        
     9         400         20072.8         4.27921         0.03125      Successful search (ES-wcm)        
     9         406         20065.8         4.16099         0.03125      Successful search (ES-wcm)        
     9         441         20065.8         4.16099        0.015625          Refine grid             Train
    10         445         20068.2         3.78544        0.015625      Successful search (ES-ell)        
    10         456         20068.1         2.38155        0.015625      Successful search (ES-ell)        
    10         491         20068.1         2.38155       0.0078125          Refine grid             Train
    11         493         20067.2         2.02886       0.0078125      Successful search (ES-wcm)        
    11         497         20067.1         1.93353       0.0078125      Successful search (ES-wcm)        
    11         498         20066.3         2.09421       0.0078125      Successful search (ES-wcm)        
    11         531         20066.3         2.09421      0.00390625          Refine grid             
    12         532         20065.9         1.27675      0.00390625      Successful search (ES-wcm)        
    12         571         20065.9         1.27675      0.00195312          Refine grid             
    13         573         20066.7         1.06714      0.00195312      Successful search (ES-wcm)        
    13         574         20066.2         1.41957      0.00195312      Successful search (ES-wcm)        
    13         578         20066.2         1.39326      0.00195312      Successful search (ES-wcm)        
    13         579         20065.8         1.90899      0.00195312      Successful search (ES-wcm)        
    13         611         20065.8         1.90899     0.000976562          Refine grid             
Optimization terminated: change in the function value less than options['tol_mesh']
Estimated function value at minimum: 20067.584240991648 ± 0.4167141820597184 (mean ± SEM from 100 samples)
BADS minimum at: x_min = [ 1.5403  5.8283  7.0233  1.1271  1.0292  0.2693 13.0655  0.8048  0.9484
  0.3641], training NLL = 20067.5842
total f-count: 711, time: 30.32 min

 Optimization Run 3/5
Initial params: [1.4845, 2.2994, 14.8071, 21.4736, 1.303, 0.3149, 19.4536, 0.8752, 0.6789, 0.1422]
bads:TooCloseBounds: For each variable, hard and plausible bounds should not be too close. Moving plausible bounds.
Variables (index) internally transformed to log coordinates: [[0 0]
 [0 3]
 [0 4]]
Beginning optimization of a STOCHASTIC objective function

 Iteration    f-count      E[f(x)]        SD[f(x)]           MeshScale          Method              Actions
     0           1         22555.4             nan               1                                  
     0          33         20759.8             nan               1          Initial mesh            Initial points
     0          34         20749.7        0.979261               1        Successful poll           Train
     1          43         20646.8        0.973695               1      Successful search (ES-wcm)        
     1          67         20585.8         1.03967               1        Successful poll           Train
     2          68         20584.8         1.03963               1      Incremental search (ES-ell)        
     2          70           20556         1.03965               1      Successful search (ES-wcm)        
     2          76         20500.8        0.967166               1      Successful search (ES-wcm)        
     2          87         20498.1        0.966549               1      Successful search (ES-wcm)        
     2          93         20436.7        0.965733               1      Successful search (ES-ell)        
     2         105         20405.4         1.05066               1      Successful search (ES-ell)        
     2         133         20405.4         1.05066             0.5          Refine grid             Train
     3         161         20406.3         1.14689            0.25          Refine grid             Train
     4         162           20463          22.564            0.25      Successful search (ES-ell)        
     4         201           20463          22.564           0.125          Refine grid             Train
     5         231         20465.4          15.865            0.25        Successful poll           Train
     6         234         20442.6         16.9655            0.25      Successful search (ES-ell)        
     6         271         20442.6         16.9655           0.125          Refine grid             
     7         273         20462.9         8.27507           0.125      Successful search (ES-wcm)        
     7         274         20458.5         15.1401           0.125      Successful search (ES-wcm)        
     7         277         20456.3         15.0154           0.125      Successful search (ES-wcm)        
     7         283         20444.5          12.092           0.125      Successful search (ES-wcm)        
     7         285         20402.9         12.1075           0.125      Successful search (ES-wcm)        
     7         294         20398.1         11.6433           0.125      Successful search (ES-wcm)        
     7         299         20390.7         10.7436           0.125      Successful search (ES-wcm)        
     7         302         20363.6         11.9379           0.125      Successful search (ES-ell)        
     7         305         20358.1         11.9917           0.125      Successful search (ES-wcm)        
     7         308         20356.2         11.4597           0.125      Successful search (ES-ell)        
     7         310         20302.4           10.97           0.125      Successful search (ES-ell)        
     7         341         20302.4           10.97          0.0625          Refine grid             Train
     8         344         20295.8         3.82325          0.0625      Successful search (ES-ell)        
     8         345         20278.8         3.96463          0.0625      Successful search (ES-ell)        
     8         381         20278.8         3.96463         0.03125          Refine grid             
     9         386         20279.8         3.03626         0.03125      Successful search (ES-ell)        
     9         421         20279.8         3.03626        0.015625          Refine grid             
    10         451         20281.5         1.22277       0.0078125          Refine grid             Train
    11         481         20280.1         1.50107      0.00195312          Refine grid             Train
    12         482         20278.8         1.71664      0.00195312      Successful search (ES-wcm)        
    12         483         20277.3          2.4012      0.00195312      Successful search (ES-wcm)        
    12         485         20276.6         2.23055      0.00195312      Successful search (ES-wcm)        
    12         487         20274.9         2.21683      0.00195312      Successful search (ES-wcm)        
    12         489         20274.1         2.62886      0.00195312      Successful search (ES-wcm)        
    12         521         20274.1         2.62886     0.000976562          Refine grid             
Optimization terminated: change in the function value less than options['tol_mesh']
Estimated function value at minimum: 20274.266017116715 ± 0.5048113476360185 (mean ± SEM from 100 samples)
BADS minimum at: x_min = [ 1.2985  7.4593  9.752   1.2726  0.9934  0.5015 17.0449  0.7905  0.4028
  0.24  ], training NLL = 20274.266
total f-count: 621, time: 26.56 min

 Optimization Run 4/5
Initial params: [1.6496, 3.2948, 10.3153, 4.9531, 1.4386, 0.3469, 15.0483, 0.7749, 0.6796, 0.2676]
bads:TooCloseBounds: For each variable, hard and plausible bounds should not be too close. Moving plausible bounds.
Variables (index) internally transformed to log coordinates: [[0 0]
 [0 3]
 [0 4]]
Beginning optimization of a STOCHASTIC objective function

 Iteration    f-count      E[f(x)]        SD[f(x)]           MeshScale          Method              Actions
     0           1         22354.9             nan               1                                  
     0          33         20769.5             nan               1          Initial mesh            Initial points
     0          45         20521.8        0.996982               1        Successful poll           Train
     1          48         20498.6        0.996949               1      Successful search (ES-ell)        
     1          61         20389.9        0.998411               1      Successful search (ES-ell)        
     1          91         20389.9        0.998411             0.5          Refine grid             Train
     2         119         20390.2        0.995374            0.25          Refine grid             Train
     3         149         20393.6          1.1739           0.125          Refine grid             Train
     4         156           20379         2.02434           0.125      Successful search (ES-ell)        
     4         189           20379         2.02434          0.0625          Refine grid             Train
     5         194         20390.3         3.00567          0.0625      Successful search (ES-ell)        
     5         209         20387.8          2.1589          0.0625      Successful search (ES-wcm)        
     5         239         20387.8          2.1589         0.03125          Refine grid             Train
     6         243         20387.9         2.51396         0.03125      Successful search (ES-wcm)        
     6         246         20387.8         3.12999         0.03125      Successful search (ES-wcm)        
     6         248         20386.7         2.76433         0.03125      Successful search (ES-wcm)        
     6         249         20384.5         3.69539         0.03125      Successful search (ES-wcm)        
     6         279         20384.5         3.69539        0.015625          Refine grid             
     7         282         20384.4         1.49005        0.015625      Successful search (ES-wcm)        
     7         283         20383.1          3.2195        0.015625      Successful search (ES-wcm)        
     7         287           20383         2.97046        0.015625      Successful search (ES-ell)        
     7         292         20381.7          2.9978        0.015625      Successful search (ES-ell)        
     7         295         20381.6         2.10015        0.015625      Successful search (ES-wcm)        
     7         298         20381.3         1.97341        0.015625      Successful search (ES-wcm)        
     7         306         20380.9         1.21716        0.015625      Successful search (ES-wcm)        
     7         339         20380.9         1.21716       0.0078125          Refine grid             Train
     8         344         20381.3        0.873154       0.0078125      Successful search (ES-ell)        
     8         379         20381.3        0.873154      0.00390625          Refine grid             
     9         381         20381.6        0.810342      0.00390625      Successful search (ES-ell)        
     9         393         20381.5        0.799375      0.00390625      Successful search (ES-wcm)        
     9         429         20381.5        0.799375      0.00195312          Refine grid             
    10         430         20381.1        0.652945      0.00195312      Successful search (ES-ell)        
    10         431           20381         0.88077      0.00195312      Successful search (ES-ell)        
    10         432         20380.7         1.38636      0.00195312      Successful search (ES-ell)        
    10         469         20380.7         1.38636     0.000976562          Refine grid             
Optimization terminated: change in the function value less than options['tol_mesh']
Estimated function value at minimum: 20381.113770580985 ± 0.5348300172107068 (mean ± SEM from 100 samples)
BADS minimum at: x_min = [ 1.4071  6.1377 10.6558  0.9258  1.5949  0.448  26.1681  0.8225  0.74
  0.2567], training NLL = 20381.1138
total f-count: 569, time: 24.18 min

 Optimization Run 5/5
Initial params: [0.9169, 9.6875, 9.7692, 18.2166, 0.0618, 0.5592, 28.9265, 0.2775, 0.8285, 0.2938]
bads:TooCloseBounds: For each variable, hard and plausible bounds should not be too close. Moving plausible bounds.
Variables (index) internally transformed to log coordinates: [[0 0]
 [0 3]
 [0 4]]
Beginning optimization of a STOCHASTIC objective function

 Iteration    f-count      E[f(x)]        SD[f(x)]           MeshScale          Method              Actions
     0           1         22555.4             nan               1                                  
     0          33         20774.8             nan               1          Initial mesh            Initial points
     0          43         20517.7         1.02567               1        Successful poll           Train
     1          49         20438.8         1.02561               1      Successful search (ES-wcm)        
     1          79         20438.8         1.02561             0.5          Refine grid             Train
     2          85         20377.4        0.960109             0.5      Successful search (ES-wcm)        
     2         117         20377.3        0.984216            0.25          Refine grid             
     3         121         20372.7        0.470768            0.25      Successful search (ES-wcm)        
     3         137         20353.1        0.468038            0.25      Successful search (ES-wcm)        
     3         160         20352.5        0.413021             0.5        Successful poll           Train
     4         181           20351         0.54738               1        Successful poll           Train
     5         207         20350.9        0.135835             0.5          Refine grid             Train
     6         235         20351.2        0.329777            0.25          Refine grid             Train
     7         240         20344.2        0.387835            0.25      Successful search (ES-ell)        
     7         250         20340.7        0.387748            0.25      Successful search (ES-ell)        
     7         261         20335.9        0.386497            0.25      Successful search (ES-ell)        
     7         274         20335.4          2.4899            0.25      Successful search (ES-ell)        
     7         285         20333.6         2.08313            0.25      Successful search (ES-ell)        
     7         315         20333.6         2.08313           0.125          Refine grid             Train
     8         322         20330.3          2.2999           0.125      Successful search (ES-ell)        
     8         334         20329.8         1.37732           0.125      Successful search (ES-wcm)        
     8         335         20328.8         1.64217           0.125      Successful search (ES-ell)        
     8         342           20328         1.47171           0.125      Successful search (ES-ell)        
     8         352         20327.5         1.70431           0.125      Successful search (ES-ell)        
     8         353         20323.7         2.91904           0.125      Successful search (ES-ell)        
     8         385         20323.7         2.91904          0.0625          Refine grid             
     9         387         20327.1         3.02485          0.0625      Successful search (ES-wcm)        
     9         394         20324.6          2.3271          0.0625      Successful search (ES-wcm)        
     9         395           20324         2.53583          0.0625      Successful search (ES-wcm)        
     9         400         20323.7         2.87623          0.0625      Successful search (ES-ell)        
     9         401         20319.7         2.90536          0.0625      Successful search (ES-ell)        
     9         406         20319.5          3.6958          0.0625      Successful search (ES-wcm)        
     9         413         20318.2          2.6385          0.0625      Successful search (ES-wcm)        
     9         415         20318.1         2.43795          0.0625      Successful search (ES-wcm)        
     9         445         20318.1         2.43795         0.03125          Refine grid             
    10         449         20319.5         1.64754         0.03125      Successful search (ES-wcm)        
    10         454         20319.5         1.08442         0.03125      Successful search (ES-wcm)        
    10         485         20319.3         1.21521          0.0625        Successful poll           
    11         515         20318.8         1.65947           0.125        Successful poll           Train
    12         525         20317.9         1.60072           0.125      Successful search (ES-ell)        
    12         530         20315.9         3.60367           0.125      Successful search (ES-ell)        
    12         532         20310.3         4.66746           0.125      Successful search (ES-ell)        
    12         565         20310.3         4.66746          0.0625          Refine grid             Train
    13         570         20313.3         2.97065          0.0625      Successful search (ES-ell)        
    13         573         20311.8         2.22005          0.0625      Successful search (ES-ell)        
    13         580         20310.8         2.08343          0.0625      Successful search (ES-ell)        
    13         593         20310.6         1.47904          0.0625      Successful search (ES-ell)        
    13         625         20310.6         1.47904         0.03125          Refine grid             Train
    14         628         20313.4         2.01723         0.03125      Successful search (ES-wcm)        
    14         665         20313.4         2.01723        0.015625          Refine grid             Train
    15         666         20313.1         1.31119        0.015625      Successful search (ES-wcm)        
    15         705         20313.1         1.31119       0.0078125          Refine grid             
    16         707         20312.7         1.04572       0.0078125      Successful search (ES-wcm)        
    16         709         20312.6         1.42684       0.0078125      Successful search (ES-wcm)        
    16         716         20312.4         1.12388       0.0078125      Successful search (ES-wcm)        
    16         718         20312.2         1.61962       0.0078125      Successful search (ES-wcm)        
    16         720         20311.4         1.89059       0.0078125      Successful search (ES-wcm)        
    16         721         20311.3         2.91328       0.0078125      Successful search (ES-wcm)        
    16         728         20311.1         1.41299       0.0078125      Successful search (ES-wcm)        
    16         730           20311         1.32449       0.0078125      Successful search (ES-wcm)        
    16         731         20310.4         1.62334       0.0078125      Successful search (ES-wcm)        
    16         765         20310.4         1.62334      0.00390625          Refine grid             Train
    17         766         20311.1         1.17261      0.00390625      Successful search (ES-wcm)        
    17         805         20309.8         1.36576       0.0078125        Successful poll           
    18         835         20309.8         1.42644      0.00390625          Refine grid             
    19         836         20310.9        0.853589      0.00390625      Successful search (ES-wcm)        
    19         837         20310.6          1.2164      0.00390625      Successful search (ES-wcm)        
    19         839         20309.3         1.49038      0.00390625      Successful search (ES-ell)        
    19         875         20309.3         1.49038      0.00195312          Refine grid             Train
    20         876         20311.3         0.86244      0.00195312      Successful search (ES-ell)        
    20         877           20311         1.12351      0.00195312      Successful search (ES-ell)        
    20         915           20311         1.12351     0.000976562          Refine grid             Train
Optimization terminated: change in the function value less than options['tol_mesh']
Estimated function value at minimum: 20311.719128727746 ± 0.6360997093188041 (mean ± SEM from 100 samples)
BADS minimum at: x_min = [ 1.9765  7.9717  9.1106  1.3373  0.5948  0.3209 26.2397  0.9499  0.5942
  0.2387], training NLL = 20311.7191
total f-count: 1015, time: 42.37 min

 ------- Finish Optimization for Subject 2 ---------- 
Sat Mar  7 17:23:33 2026       
+---------------------------------------------------------------------------------------+
| NVIDIA-SMI 535.113.01             Driver Version: 535.113.01   CUDA Version: 12.2     |
|-----------------------------------------+----------------------+----------------------+
| GPU  Name                 Persistence-M | Bus-Id        Disp.A | Volatile Uncorr. ECC |
| Fan  Temp   Perf          Pwr:Usage/Cap |         Memory-Usage | GPU-Util  Compute M. |
|                                         |                      |               MIG M. |
|=========================================+======================+======================|
|   0  NVIDIA A100-SXM4-40GB          On  | 00000000:81:00.0 Off |                    0 |
| N/A   27C    P0              56W / 400W |      2MiB / 40960MiB |      0%      Default |
|                                         |                      |             Disabled |
+-----------------------------------------+----------------------+----------------------+
                                                                                         
+---------------------------------------------------------------------------------------+
| Processes:                                                                            |
|  GPU   GI   CI        PID   Type   Process name                            GPU Memory |
|        ID   ID                                                             Usage      |
|=======================================================================================|
|  No running processes found                                                           |
+---------------------------------------------------------------------------------------+
----------------------------------------
Start job epilogue Sat Mar  7 17:23:33 CET 2026
----------------------------------------
Job ID:          51200652
Job Exit Code:   0:0
Username:        wenlou
Group:           mpla
Queue:           gpu
Compute nodes:   dccn-c083
Asked resources: walltime=1-00:00:00,nodes=1,cpus=8,mem=2G
Used resources:  cputime=21:01:20,walltime=02:37:40,memory=0
----------------------------------------
End job epilogue Sat Mar  7 17:23:33 CET 2026
----------------------------------------
