----------------------------------------
Start task prologue Fri Mar  6 17:17:05 CET 2026
----------------------------------------
Step ID:         51194360.
Username:        wenlou
Group:           mpla
Asked resources: walltime=1-00:00:00,nodes=1,cpus=8,mem=2G
Queue:           gpu
Compute nodes:   dccn-c078
----------------------------------------
End task prologue Fri Mar  6 17:17:05 CET 2026
----------------------------------------
CUDA version:
nvcc: NVIDIA (R) Cuda compiler driver
Copyright (c) 2005-2024 NVIDIA Corporation
Built on Thu_Mar_28_02:18:24_PDT_2024
Cuda compilation tools, release 12.4, V12.4.131
Build cuda_12.4.r12.4/compiler.34097967_0

[WARNING] Please note the interface change for (de-)activating conda environment:

  - DO NOT use `conda activate` to enter the conda environment as it requires extra step to modify your ~/.bashrc file, which will force you to use this Anaconda version (2024.06).  Therefore keep using `source activate` instead.

  - DO use `conda deactivate` to leave your conda environment as `source deactivate` will be deprecated in future release.

Running model for expriment=percept_only4, m_id=2, method=bads
device is : cpu
['percept_only4', '2', '2', 'bads', '5']

 ------- Start Optimization for Subject 2 ---------- 

 Cross Validation fold 0/1

 -- Start Optimization: method BADS --

 Optimization Run 1/5
Initial params: [1.6502, 3.5074, 8.2919, 2.8814, 3.3188, 0.5986, 29.18, 0.1375, 0.5852, 0.1455]
bads:TooCloseBounds: For each variable, hard and plausible bounds should not be too close. Moving plausible bounds.
Variables (index) internally transformed to log coordinates: [[0 0]
 [0 3]
 [0 4]]
Beginning optimization of a STOCHASTIC objective function

 Iteration    f-count      E[f(x)]        SD[f(x)]           MeshScale          Method              Actions
     0           1         21339.5             nan               1                                  
     0          33         20771.5             nan               1          Initial mesh            Initial points
     0          46         20525.5        0.993255               1        Successful poll           Train
     1          50           20488        0.993225               1      Successful search (ES-wcm)        
     1          65         20448.8         0.99069               1      Successful search (ES-wcm)        
     1          92         20448.8         0.99069             0.5          Refine grid             Train
     2         100         20428.4         1.00593             0.5      Successful search (ES-wcm)        
     2         103           20425         1.00737             0.5      Successful search (ES-wcm)        
     2         106         20399.3         1.00733             0.5      Successful search (ES-ell)        
     2         107         20379.3         1.00735             0.5      Successful search (ES-ell)        
     2         110         20308.9         1.00736             0.5      Successful search (ES-wcm)        
     2         122         20282.9         1.00675             0.5      Successful search (ES-wcm)        
     2         131         20245.8        0.997802             0.5      Successful search (ES-wcm)        
     2         158         20236.2        0.996173               1        Successful poll           
     3         185         20236.1        0.993398             0.5          Refine grid             Train
     4         213         20262.7         8.13229            0.25          Refine grid             Train
     5         222         20263.2         7.86545            0.25      Successful search (ES-wcm)        
     5         252         20263.2         7.86545           0.125          Refine grid             
     6         254         20270.3         10.8748           0.125      Incremental search (ES-ell)        
     6         256         20265.3         13.8316           0.125      Successful search (ES-ell)        
     6         262         20264.5         8.55674           0.125      Successful search (ES-ell)        
     6         268         20263.2         7.50138           0.125      Successful search (ES-ell)        
     6         270         20259.8         7.91021           0.125      Successful search (ES-ell)        
     6         271         20259.2         9.29717           0.125      Successful search (ES-ell)        
     6         278         20259.1          6.8413           0.125      Successful search (ES-ell)        
     6         283           20258         6.46867           0.125      Successful search (ES-wcm)        
     6         291         20243.2         5.60598           0.125      Successful search (ES-wcm)        
     6         296         20241.8         5.77063           0.125      Successful search (ES-wcm)        
     6         301         20231.1          5.3109           0.125      Successful search (ES-wcm)        
     6         304         20206.8         6.33759           0.125      Successful search (ES-wcm)        
     6         334         20201.9         6.56896            0.25        Successful poll           Train
     7         336         20194.5         14.0971            0.25      Successful search (ES-ell)        
     7         339         20190.6         13.9888            0.25      Successful search (ES-ell)        
     7         341         20164.8         13.8842            0.25      Successful search (ES-ell)        
     7         373         20164.8         13.8842           0.125          Refine grid             
     8         376         20164.1         11.0102           0.125      Successful search (ES-ell)        
     8         378           20155         11.8958           0.125      Successful search (ES-ell)        
     8         382         20150.9         10.3234           0.125      Successful search (ES-ell)        
     8         392         20147.7         4.20669           0.125      Successful search (ES-ell)        
     8         393         20141.3         4.96577           0.125      Successful search (ES-ell)        
     8         397         20119.3         5.77808           0.125      Successful search (ES-ell)        
     8         432         20119.3         5.77808          0.0625          Refine grid             
     9         462         20135.1         2.15992         0.03125          Refine grid             
    10         464         20150.8         3.77527         0.03125      Successful search (ES-wcm)        
    10         465         20148.6         6.28282         0.03125      Successful search (ES-wcm)        
    10         502           20135         4.10183          0.0625        Successful poll           Train
    11         505           20123         4.12895          0.0625      Successful search (ES-wcm)        
    11         508         20115.4         4.01879          0.0625      Successful search (ES-wcm)        
    11         518         20112.1         3.97818          0.0625      Successful search (ES-wcm)        
    11         519         20107.4          4.1145          0.0625      Successful search (ES-wcm)        
    11         520         20099.1         4.18175          0.0625      Successful search (ES-wcm)        
    11         529           20096         3.64204          0.0625      Successful search (ES-wcm)        
    11         534           20091          4.1076          0.0625      Successful search (ES-wcm)        
    11         535         20088.9         4.17942          0.0625      Successful search (ES-wcm)        
    11         540         20086.1         3.86898          0.0625      Successful search (ES-wcm)        
    11         541         20074.2         3.89462          0.0625      Successful search (ES-wcm)        
    11         544         20047.9         3.90521          0.0625      Successful search (ES-wcm)        
    11         556         20036.3         3.85546          0.0625      Successful search (ES-wcm)        
    11         557         20028.2         3.86675          0.0625      Successful search (ES-wcm)        
    11         569         20028.2         3.61315          0.0625      Successful search (ES-wcm)        
    11         571           20024         2.73108          0.0625      Successful search (ES-wcm)        
    11         575         20021.1         2.77674          0.0625      Successful search (ES-wcm)        
    11         579           20019         2.79521          0.0625      Successful search (ES-wcm)        
    11         581         20017.3         2.44446          0.0625      Successful search (ES-wcm)        
    11         612         20017.3         2.44446         0.03125          Refine grid             
    12         613         20020.4         3.20501         0.03125      Successful search (ES-wcm)        
    12         619         20019.8         2.39491         0.03125      Successful search (ES-wcm)        
    12         626         20016.2         3.64809         0.03125      Successful search (ES-ell)        
    12         632         20016.1         2.31186         0.03125      Successful search (ES-ell)        
    12         662         20016.1         2.31186        0.015625          Refine grid             
    13         664         20017.2         2.61136        0.015625      Successful search (ES-ell)        
    13         675         20016.4         1.47123        0.015625      Successful search (ES-wcm)        
    13         712         20016.4         1.47123       0.0078125          Refine grid             
    14         716         20018.4         1.50633       0.0078125      Successful search (ES-wcm)        
    14         719           20018         1.29854       0.0078125      Successful search (ES-wcm)        
    14         725         20017.4         1.12116       0.0078125      Successful search (ES-wcm)        
    14         762         20017.4         1.12116      0.00390625          Refine grid             Train
    15         763         20017.7         1.21901      0.00390625      Successful search (ES-ell)        
    15         775         20017.7         1.13276      0.00390625      Successful search (ES-ell)        
    15         778         20017.6         1.28755      0.00390625      Successful search (ES-ell)        
    15         812         20017.6         1.28755      0.00195312          Refine grid             Train
    16         814         20017.8        0.994107      0.00195312      Successful search (ES-ell)        
    16         845         20016.5         3.05227      0.00390625        Successful poll           Train
    17         846         20015.8         1.90996      0.00390625      Successful search (ES-ell)        
    17         885         20015.8         1.90996      0.00195312          Refine grid             
    18         886         20018.1         1.09034      0.00195312      Successful search (ES-ell)        
    18         925         20018.1         1.09034     0.000976562          Refine grid             
Optimization terminated: change in the function value less than options['tol_mesh']
Estimated function value at minimum: 20017.996910029047 ± 0.4753602305882862 (mean ± SEM from 100 samples)
BADS minimum at: x_min = [ 3.8327  9.9569 10.5826  1.2231  0.2658  0.1608 16.6414  0.4746  0.5916
  0.2621], training NLL = 20017.9969
total f-count: 1025, time: 44.96 min

 Optimization Run 2/5
Initial params: [1.3281, 3.6949, 5.5498, 0.7771, 0.0039, 0.238, 20.1361, 0.2112, 0.782, 0.2764]
bads:InitialPointsTooClosePB: The starting points X0 are on or numerically too close to the hard bounds lower_bounds and upper_bounds. Moving the initial points more inside...
bads:TooCloseBounds: For each variable, hard and plausible bounds should not be too close. Moving plausible bounds.
bads:InitialPointsOutsidePB. The starting points X0 are not inside the provided plausible bounds (plausible_lower_bounds and plausible_upper_bounds). Expanding the plausible bounds...
Variables (index) internally transformed to log coordinates: [[0 0]
 [0 3]
 [0 4]]
Beginning optimization of a STOCHASTIC objective function

 Iteration    f-count      E[f(x)]        SD[f(x)]           MeshScale          Method              Actions
     0           1         22294.1             nan               1                                  
     0          33         20767.4             nan               1          Initial mesh            Initial points
     0          43         20513.2         1.00205               1        Successful poll           Train
     1          55         20413.6         1.00204               1        Successful poll           Train
     2          76         20410.2        0.855793               1        Successful poll           Train
     3         102         20410.2        0.855793             0.5          Refine grid             Train
     4         130         20409.3         4.01243               1        Successful poll           Train
     5         156         20409.3         4.01242             0.5          Refine grid             Train
     6         184         20413.1         1.62362           0.125          Refine grid             Train
     7         214         20326.3         5.36938            0.25        Successful poll           Train
     8         232           20322         5.34957             0.5        Successful poll           Train
     9         255           20313         11.5752               1        Successful poll           Train
    10         262         20312.1         11.1225               1      Incremental search (ES-ell)        
    10         264           20285         11.4418               1      Successful search (ES-ell)        
    10         290         20281.8         3.14845               1        Successful poll           Train
    11         293         20277.5         4.43213               1      Successful search (ES-wcm)        
    11         295         20251.4         4.43271               1      Successful search (ES-wcm)        
    11         298         20162.6         4.43321               1      Successful search (ES-wcm)        
    11         299         20137.4         4.43245               1      Successful search (ES-wcm)        
    11         323         20137.4         4.43245             0.5          Refine grid             
    12         346         20141.2         2.62692               1        Successful poll           
    13         356         20139.7         4.92009               1      Successful search (ES-ell)        
    13         360           20135         5.41765               1      Successful search (ES-ell)        
    13         373         20109.5         5.37837               1      Successful search (ES-ell)        
    13         384         20109.4          5.3001               1      Incremental search (ES-ell)        
    13         385         20105.2         5.39679               1      Successful search (ES-ell)        
    13         386         20091.4         5.41752               1      Successful search (ES-ell)        
    13         409         20091.4         5.41752             0.5          Refine grid             
    14         415         20093.6         4.20622             0.5      Successful search (ES-ell)        
    14         444         20093.6         4.20622            0.25          Refine grid             
    15         453         20090.9         3.61599            0.25      Successful search (ES-ell)        
    15         460         20087.9         3.99515            0.25      Successful search (ES-ell)        
    15         491         20087.9         3.99515           0.125          Refine grid             Train
    16         498         20081.3         3.60066           0.125      Successful search (ES-ell)        
    16         531         20081.3         3.60066          0.0625          Refine grid             
    17         532         20087.9         3.85788          0.0625      Successful search (ES-wcm)        
    17         534         20080.4         3.86184          0.0625      Successful search (ES-ell)        
    17         545         20076.9         4.39008          0.0625      Successful search (ES-ell)        
    17         551         20076.2          3.2719          0.0625      Successful search (ES-ell)        
    17         577         20054.7         4.53127           0.125        Successful poll           
    18         584         20045.6         4.19777           0.125      Successful search (ES-ell)        
    18         586         20041.8         4.24604           0.125      Successful search (ES-ell)        
    18         594         20038.6         4.44382           0.125      Successful search (ES-wcm)        
    18         627         20038.6         4.44382          0.0625          Refine grid             
    19         632         20039.2         3.75946          0.0625      Successful search (ES-wcm)        
    19         667         20039.2         3.75946         0.03125          Refine grid             
    20         668         20034.9         4.29503         0.03125      Successful search (ES-ell)        
    20         674         20031.3         3.98382         0.03125      Successful search (ES-ell)        
    20         682           20029         3.11861         0.03125      Successful search (ES-ell)        
    20         717           20029         3.11861        0.015625          Refine grid             
    21         723         20033.1         1.73283        0.015625      Successful search (ES-ell)        
    21         757         20033.1         1.73283       0.0078125          Refine grid             Train
    22         763           20034         1.10239       0.0078125      Successful search (ES-ell)        
    22         764         20033.8         1.41742       0.0078125      Successful search (ES-ell)        
    22         773         20033.2         1.23553       0.0078125      Successful search (ES-wcm)        
    22         807         20033.2         1.23553      0.00390625          Refine grid             Train
    23         808         20033.7         1.73121      0.00390625      Successful search (ES-ell)        
    23         847         20033.7         1.73121      0.00195312          Refine grid             Train
    24         848         20034.1         0.69599      0.00195312      Successful search (ES-wcm)        
    24         849         20033.8         1.05983      0.00195312      Successful search (ES-wcm)        
    24         851         20033.3         1.57004      0.00195312      Successful search (ES-wcm)        
    24         859         20033.1         1.14169      0.00195312      Successful search (ES-wcm)        
    24         862         20032.9        0.940907      0.00195312      Successful search (ES-wcm)        
    24         864         20032.9        0.889364      0.00195312      Successful search (ES-wcm)        
    24         865         20032.9        0.916019      0.00195312      Successful search (ES-wcm)        
    24         866         20032.6        0.875899      0.00195312      Successful search (ES-wcm)        
    24         869         20032.3          1.1525      0.00195312      Successful search (ES-ell)        
    24         879         20032.2         1.00046      0.00195312      Successful search (ES-wcm)        
    24         885         20032.1        0.888873      0.00195312      Successful search (ES-wcm)        
    24         917         20032.1        0.888873     0.000976562          Refine grid             Train
Optimization terminated: change in the function value less than options['tol_mesh']
Estimated function value at minimum: 20032.553601615673 ± 0.37743875742189725 (mean ± SEM from 100 samples)
BADS minimum at: x_min = [ 2.1476  7.9261 10.8478  1.4331  0.5873  0.2771 12.7448  0.9338  0.884
  0.234 ], training NLL = 20032.5536
total f-count: 1017, time: 44.51 min

 Optimization Run 3/5
Initial params: [1.144, 6.335, 2.8475, 49.4918, 4.0453, 0.3625, 18.9726, 0.367, 0.491, 0.1913]
bads:TooCloseBounds: For each variable, hard and plausible bounds should not be too close. Moving plausible bounds.
Variables (index) internally transformed to log coordinates: [[0 0]
 [0 3]
 [0 4]]
Beginning optimization of a STOCHASTIC objective function

 Iteration    f-count      E[f(x)]        SD[f(x)]           MeshScale          Method              Actions
     0           1         22555.4             nan               1                                  
     0          33         20765.4             nan               1          Initial mesh            Initial points
     0          44         20517.5        0.976943               1        Successful poll           Train
     1          66         20408.6         1.00739               1        Successful poll           Train
     2          92         20408.6         1.00735             0.5          Refine grid             Train
     3         120         20408.7        0.539403            0.25          Refine grid             Train
     4         125         20396.1         2.57575            0.25      Successful search (ES-ell)        
     4         160         20396.1         2.57575           0.125          Refine grid             Train
     5         164         20415.1         1.47132           0.125      Successful search (ES-ell)        
     5         167         20398.3         2.29925           0.125      Successful search (ES-wcm)        
     5         181           20318         11.0295            0.25        Successful poll           Train
     6         191         20299.3         10.1646            0.25      Successful search (ES-wcm)        
     6         200         20298.9         8.67148            0.25      Successful search (ES-ell)        
     6         201         20293.6         9.11037            0.25      Successful search (ES-ell)        
     6         231         20293.6         9.11037           0.125          Refine grid             Train
     7         233         20320.7         9.75458           0.125      Successful search (ES-ell)        
     7         235         20318.5          10.243           0.125      Successful search (ES-ell)        
     7         271         20318.5          10.243          0.0625          Refine grid             Train
     8         277         20320.5         4.72694          0.0625      Successful search (ES-ell)        
     8         282         20289.8         6.84537          0.0625      Successful search (ES-ell)        
     8         289         20287.5         4.62659          0.0625      Successful search (ES-ell)        
     8         321         20281.9         1.74413           0.125        Successful poll           Train
     9         351         20281.9         1.74413          0.0625          Refine grid             Train
    10         359           20284         1.73641          0.0625      Successful search (ES-ell)        
    10         369           20284         2.11017          0.0625      Incremental search (ES-ell)        
    10         378         20283.6          1.7272           0.125        Successful poll           
    11         388         20282.2         1.95809           0.125      Incremental search (ES-ell)        
    11         396         20281.4         2.50579            0.25        Successful poll           
    12         426         20281.7         2.32023           0.125          Refine grid             Train
    13         452           20282         1.52172            0.25        Successful poll           Train
    14         462         20281.3         3.42821            0.25      Successful search (ES-wcm)        
    14         491         20281.3         3.42821           0.125          Refine grid             Train
    15         498         20281.5         2.55606           0.125      Successful search (ES-ell)        
    15         531         20281.5         2.55606          0.0625          Refine grid             
    16         561         20281.7         1.21351         0.03125          Refine grid             
    17         564         20280.4         1.48484         0.03125      Successful search (ES-wcm)        
    17         568           20280         1.21654         0.03125      Successful search (ES-wcm)        
    17         569         20279.8          1.3386         0.03125      Successful search (ES-wcm)        
    17         577         20279.2         1.18575         0.03125      Successful search (ES-ell)        
    17         581         20279.1         1.23013         0.03125      Successful search (ES-ell)        
    17         585           20279         1.13259         0.03125      Successful search (ES-wcm)        
    17         586         20278.3         1.46617         0.03125      Successful search (ES-wcm)        
    17         621         20278.3         1.46617        0.015625          Refine grid             
    18         626         20280.7        0.950717        0.015625      Successful search (ES-ell)        
    18         627         20280.4           0.896        0.015625      Successful search (ES-wcm)        
    18         628         20279.9        0.891402        0.015625      Successful search (ES-wcm)        
    18         629         20279.7         1.17956        0.015625      Successful search (ES-wcm)        
    18         630         20279.3           1.349        0.015625      Successful search (ES-wcm)        
    18         632         20278.5         1.64753        0.015625      Successful search (ES-wcm)        
    18         636         20277.9         1.26408        0.015625      Successful search (ES-wcm)        
    18         671         20277.9         1.26408       0.0078125          Refine grid             
    19         672         20280.4         1.06276       0.0078125      Successful search (ES-ell)        
    19         711         20280.4         1.06276      0.00390625          Refine grid             
    20         712         20278.9         1.14106      0.00390625      Successful search (ES-ell)        
    20         714         20278.1        0.888765      0.00390625      Successful search (ES-ell)        
    20         715         20277.5         1.08045      0.00390625      Successful search (ES-ell)        
    20         717         20276.9         1.02362      0.00390625      Successful search (ES-ell)        
    20         751         20276.9         1.02362      0.00195312          Refine grid             Train
    21         752         20279.3        0.988109      0.00195312      Successful search (ES-ell)        
    21         753         20278.6         1.02582      0.00195312      Successful search (ES-ell)        
    21         755         20278.2         1.05371      0.00195312      Successful search (ES-ell)        
    21         791         20278.1         2.11919      0.00390625        Successful poll           
    22         792         20280.3         1.61914      0.00390625      Successful search (ES-ell)        
    22         802         20279.4         1.63413      0.00390625      Successful search (ES-ell)        
    22         804         20278.9         2.08256      0.00390625      Successful search (ES-ell)        
    22         841         20278.9         2.08256      0.00195312          Refine grid             Train
    23         871         20278.2         1.11097     0.000976562          Refine grid             Train
Optimization terminated: change in the function value less than options['tol_mesh']
Estimated function value at minimum: 20281.702470657354 ± 0.403226609828811 (mean ± SEM from 100 samples)
BADS minimum at: x_min = [ 1.8734  8.4324  9.6182  1.3764  0.7321  0.3304 19.2351  0.9034  0.7483
  0.2291], training NLL = 20281.7025
total f-count: 971, time: 42.56 min

 Optimization Run 4/5
Initial params: [0.4313, 5.7809, 12.8039, 37.2325, 2.9878, 0.1658, 22.6383, 0.2553, 0.4127, 0.2385]
bads:TooCloseBounds: For each variable, hard and plausible bounds should not be too close. Moving plausible bounds.
Variables (index) internally transformed to log coordinates: [[0 0]
 [0 3]
 [0 4]]
Beginning optimization of a STOCHASTIC objective function

 Iteration    f-count      E[f(x)]        SD[f(x)]           MeshScale          Method              Actions
     0           1         22555.4             nan               1                                  
     0          33         20766.9             nan               1          Initial mesh            Initial points
     0          44         20508.4          1.0061               1        Successful poll           Train
     1          66         20416.1          1.0124               1        Successful poll           Train
     2          92         20416.1         1.01115             0.5          Refine grid             Train
     3         120         20416.9        0.838467            0.25          Refine grid             Train
     4         139         20402.8          3.9595             0.5        Successful poll           Train
     5         160         20287.6         3.89388               1        Successful poll           Train
     6         185         20287.6         4.72787             0.5          Refine grid             Train
     7         187         20290.5         29.1362             0.5      Successful search (ES-wcm)        
     7         198         20289.7         22.2777             0.5      Successful search (ES-ell)        
     7         200         20262.2         23.2245             0.5      Successful search (ES-ell)        
     7         213         20258.4         17.6163             0.5      Successful search (ES-wcm)        
     7         215         20238.3         20.5757             0.5      Successful search (ES-wcm)        
     7         218         20192.7         27.5059             0.5      Successful search (ES-wcm)        
     7         219         20192.2         30.3744             0.5      Successful search (ES-wcm)        
     7         223         20176.5          27.739             0.5      Successful search (ES-ell)        
     7         224         20155.2         29.0436             0.5      Successful search (ES-ell)        
     7         253         20155.2         29.0436            0.25          Refine grid             
     8         254         20174.2         24.1382            0.25      Successful search (ES-ell)        
     8         289         20174.2         24.1382           0.125          Refine grid             Train
     9         292         20194.5         12.1346           0.125      Successful search (ES-ell)        
     9         327         20194.5         12.1346          0.0625          Refine grid             Train
    10         328         20189.1         11.5879          0.0625      Successful search (ES-ell)        
    10         329         20187.2         19.8259          0.0625      Successful search (ES-wcm)        
    10         367         20187.2         19.8259         0.03125          Refine grid             
    11         368         20190.4         6.59235         0.03125      Successful search (ES-wcm)        
    11         369         20184.7         8.76326         0.03125      Successful search (ES-ell)        
    11         373         20163.4         11.0085         0.03125      Successful search (ES-ell)        
    11         374         20160.4         11.3948         0.03125      Successful search (ES-ell)        
    11         375         20145.1         12.7997         0.03125      Successful search (ES-ell)        
    11         376         20119.8         14.0051         0.03125      Successful search (ES-ell)        
    11         381         20119.8         7.63164         0.03125      Successful search (ES-ell)        
    11         382           20119         8.07201         0.03125      Successful search (ES-ell)        
    11         417           20119         8.07201        0.015625          Refine grid             
    12         418         20130.9         4.03939        0.015625      Successful search (ES-ell)        
    12         419         20125.2         9.92911        0.015625      Successful search (ES-wcm)        
    12         423         20124.6         6.31196        0.015625      Successful search (ES-wcm)        
    12         425           20091         4.69387        0.015625      Successful search (ES-wcm)        
    12         431         20090.2         3.46574        0.015625      Successful search (ES-wcm)        
    12         432         20088.4         3.89465        0.015625      Successful search (ES-wcm)        
    12         435           20085         3.03964        0.015625      Successful search (ES-wcm)        
    12         436         20082.7         3.75996        0.015625      Successful search (ES-wcm)        
    12         467         20082.7         3.75996       0.0078125          Refine grid             
    13         468         20084.5         1.90425       0.0078125      Successful search (ES-wcm)        
    13         470         20084.2         2.89981       0.0078125      Successful search (ES-wcm)        
    13         471           20082          3.6108       0.0078125      Successful search (ES-wcm)        
    13         474         20081.9         2.62332       0.0078125      Successful search (ES-wcm)        
    13         507         20081.9         2.62332      0.00390625          Refine grid             
    14         508         20080.8         2.27149      0.00390625      Successful search (ES-wcm)        
    14         510         20079.5         1.99487      0.00390625      Successful search (ES-wcm)        
    14         511           20078         2.60406      0.00390625      Successful search (ES-wcm)        
    14         547           20078         2.60406      0.00195312          Refine grid             
    15         548         20079.8         1.01939      0.00195312      Successful search (ES-ell)        
    15         587         20079.8         1.01939     0.000976562          Refine grid             Train
Optimization terminated: change in the function value less than options['tol_mesh']
Estimated function value at minimum: 20080.044058329793 ± 0.38567843822790077 (mean ± SEM from 100 samples)
BADS minimum at: x_min = [ 3.7822 11.558   9.8537  1.4535  0.3891  0.1367 13.4987  0.7383  0.3034
  0.2427], training NLL = 20080.0441
total f-count: 687, time: 30.02 min

 Optimization Run 5/5
Initial params: [0.4393, 8.0679, 13.4644, 5.2461, 1.3276, 0.205, 25.9549, 0.7369, 0.1805, 0.1417]
bads:TooCloseBounds: For each variable, hard and plausible bounds should not be too close. Moving plausible bounds.
Variables (index) internally transformed to log coordinates: [[0 0]
 [0 3]
 [0 4]]
Beginning optimization of a STOCHASTIC objective function

 Iteration    f-count      E[f(x)]        SD[f(x)]           MeshScale          Method              Actions
     0           1         21908.3             nan               1                                  
     0          33         20766.1             nan               1          Initial mesh            Initial points
     0          46         20519.1         1.01112               1        Successful poll           Train
     1          68         20418.8         1.05035               1        Successful poll           Train
     2          91         20414.9        0.765881               1        Successful poll           Train
     3         117         20414.1         1.13646             0.5          Refine grid             Train
     4         127         20402.6         1.36951             0.5      Successful search (ES-ell)        
     4         156         20402.6         1.36951            0.25          Refine grid             Train
     5         161         20416.8         3.21442            0.25      Successful search (ES-ell)        
     5         164         20410.8         3.06113            0.25      Successful search (ES-ell)        
     5         165         20406.1         3.15663            0.25      Successful search (ES-ell)        
     5         172         20399.3         2.38049            0.25      Successful search (ES-ell)        
     5         183           20399         3.37209            0.25      Successful search (ES-ell)        
     5         186         20396.5         2.96546            0.25      Successful search (ES-ell)        
     5         193         20395.5          2.9641            0.25      Successful search (ES-ell)        
     5         195         20395.3         3.12225            0.25      Successful search (ES-ell)        
     5         197         20373.8         3.75978            0.25      Successful search (ES-ell)        
     5         215         20373.6          2.4818            0.25      Successful search (ES-ell)        
     5         223         20372.6         3.09841            0.25      Successful search (ES-ell)        
     5         225         20372.6         3.12062            0.25      Incremental search (ES-ell)        
     5         228           20370         3.71728            0.25      Successful search (ES-ell)        
     5         232         20356.2         3.97857            0.25      Successful search (ES-ell)        
     5         242         20352.5         3.94698            0.25      Successful search (ES-ell)        
     5         250         20345.4         3.97975            0.25      Successful search (ES-ell)        
     5         254         20334.8         3.96498            0.25      Successful search (ES-ell)        
     5         259         20300.9         3.98571            0.25      Successful search (ES-wcm)        
     5         260         20259.9         3.98605            0.25      Successful search (ES-wcm)        
     5         272         20256.9         3.97864            0.25      Successful search (ES-wcm)        
     5         275         20253.4         3.96153            0.25      Successful search (ES-ell)        
     5         277         20237.3         3.98582            0.25      Successful search (ES-wcm)        
     5         278         20215.4         3.98604            0.25      Successful search (ES-wcm)        
     5         284         20207.8         2.35724            0.25      Successful search (ES-wcm)        
     5         285         20194.7         2.35719            0.25      Successful search (ES-wcm)        
     5         287         20148.6         2.35794            0.25      Successful search (ES-wcm)        
     5         292         20095.9         2.35698            0.25      Successful search (ES-wcm)        
     5         298           20085         2.35274            0.25      Successful search (ES-wcm)        
     5         306         20083.6         2.28517            0.25      Successful search (ES-wcm)        
     5         315         20079.7         2.21741            0.25      Successful search (ES-wcm)        
     5         334         20048.3           5.467             0.5        Successful poll           Train
     6         360         20048.4           5.467            0.25          Refine grid             Train
     7         388           20051         2.70301           0.125          Refine grid             Train
     8         390         20046.4         5.38468           0.125      Successful search (ES-wcm)        
     8         426         20046.4         5.38468          0.0625          Refine grid             Train
     9         432         20045.8         4.26518          0.0625      Successful search (ES-ell)        
     9         435         20045.1         4.01538          0.0625      Successful search (ES-ell)        
     9         443         20044.3         3.13758          0.0625      Successful search (ES-ell)        
     9         444         20038.4         3.78392          0.0625      Successful search (ES-ell)        
     9         474         20038.4         3.78392         0.03125          Refine grid             Train
    10         477         20042.4         4.24381         0.03125      Successful search (ES-ell)        
    10         479         20038.3         4.53156         0.03125      Successful search (ES-ell)        
    10         488         20031.5         3.91641         0.03125      Successful search (ES-ell)        
    10         522         20031.5         3.91641        0.015625          Refine grid             Train
    11         526         20036.9          2.8659        0.015625      Successful search (ES-ell)        
    11         528         20035.6         3.17466        0.015625      Successful search (ES-ell)        
    11         529         20034.9         4.11889        0.015625      Successful search (ES-ell)        
    11         531         20034.9         4.13342        0.015625      Successful search (ES-ell)        
    11         533         20034.2         4.62246        0.015625      Successful search (ES-ell)        
    11         535         20033.3         4.79578        0.015625      Successful search (ES-ell)        
    11         546           20032         3.01672        0.015625      Successful search (ES-ell)        
    11         557         20031.6         1.99485        0.015625      Successful search (ES-ell)        
    11         590         20031.6         1.99485       0.0078125          Refine grid             
    12         592         20035.3         2.32275       0.0078125      Successful search (ES-ell)        
    12         597           20035         1.67303       0.0078125      Successful search (ES-ell)        
    12         598         20033.5         1.81992       0.0078125      Successful search (ES-ell)        
    12         600         20033.5         2.13756       0.0078125      Successful search (ES-ell)        
    12         603         20032.4         1.98132       0.0078125      Successful search (ES-wcm)        
    12         611         20032.3         2.29726       0.0078125      Successful search (ES-wcm)        
    12         614         20032.1         2.85923       0.0078125      Successful search (ES-ell)        
    12         617         20031.4         2.23235       0.0078125      Successful search (ES-ell)        
    12         618         20030.4         2.92728       0.0078125      Successful search (ES-ell)        
    12         648         20030.4         2.92728      0.00390625          Refine grid             
    13         649         20033.8         1.26373      0.00390625      Successful search (ES-ell)        
    13         650         20033.4         1.55322      0.00390625      Successful search (ES-wcm)        
    13         651         20031.7         1.90515      0.00390625      Successful search (ES-wcm)        
    13         653         20030.9         2.79956      0.00390625      Successful search (ES-wcm)        
    13         686         20030.9         2.79956      0.00195312          Refine grid             Train
    14         687         20034.1          1.0694      0.00195312      Successful search (ES-ell)        
    14         688         20033.5         1.35194      0.00195312      Successful search (ES-ell)        
    14         692         20033.4         1.33279      0.00195312      Successful search (ES-ell)        
    14         693         20033.2         1.53929      0.00195312      Successful search (ES-ell)        
    14         695         20033.2         1.49885      0.00195312      Successful search (ES-ell)        
    14         696         20032.8         2.04621      0.00195312      Successful search (ES-ell)        
    14         697         20032.1         2.24977      0.00195312      Successful search (ES-ell)        
    14         736         20032.1         2.24977     0.000976562          Refine grid             Train
Optimization terminated: change in the function value less than options['tol_mesh']
Estimated function value at minimum: 20034.29096429942 ± 0.4045084262137898 (mean ± SEM from 100 samples)
BADS minimum at: x_min = [ 1.5199  6.3111 10.2514  1.675   0.7198  0.3277 10.3153  0.6151  0.11
  0.2221], training NLL = 20034.291
total f-count: 836, time: 36.53 min

 ------- Finish Optimization for Subject 2 ---------- 
Fri Mar  6 20:36:10 2026       
+---------------------------------------------------------------------------------------+
| NVIDIA-SMI 535.113.01             Driver Version: 535.113.01   CUDA Version: 12.2     |
|-----------------------------------------+----------------------+----------------------+
| GPU  Name                 Persistence-M | Bus-Id        Disp.A | Volatile Uncorr. ECC |
| Fan  Temp   Perf          Pwr:Usage/Cap |         Memory-Usage | GPU-Util  Compute M. |
|                                         |                      |               MIG M. |
|=========================================+======================+======================|
|   0  NVIDIA A100-PCIE-40GB          On  | 00000000:81:00.0 Off |                 ERR! |
|ERR!  ERR! ERR!              ERR! / ERR! |      4MiB / 40960MiB |    ERR!      Default |
|                                         |                      |                 ERR! |
+-----------------------------------------+----------------------+----------------------+
                                                                                         
+---------------------------------------------------------------------------------------+
| Processes:                                                                            |
|  GPU   GI   CI        PID   Type   Process name                            GPU Memory |
|        ID   ID                                                             Usage      |
|=======================================================================================|
|  No running processes found                                                           |
+---------------------------------------------------------------------------------------+
----------------------------------------
Start job epilogue Fri Mar  6 20:36:30 CET 2026
----------------------------------------
Job ID:          51194360
Job Exit Code:   0:0
Username:        wenlou
Group:           mpla
Queue:           gpu
Compute nodes:   dccn-c078
Asked resources: walltime=1-00:00:00,nodes=1,cpus=8,mem=2G
Used resources:  cputime=1-02:35:28,walltime=03:19:26,memory=0
----------------------------------------
End job epilogue Fri Mar  6 20:36:30 CET 2026
----------------------------------------
