device is : cuda
['gamma', '2', 'all', 'bads', '1']

 ------- Start Optimization for Subject 2 ---------- 

 Cross Validation fold 0/1

 -- Start Optimization: method BADS --

 Optimization Run 1/1
Initial params: [0.8557, 6.7865, 13.5327, 13.0488, -4.541, 24.1305, 0.6507, 0.2874, 15.361, 0.3871, 0.2972, 0.3103]
bads:TooCloseBounds: For each variable, hard and plausible bounds should not be too close. Moving plausible bounds.
Variables (index) internally transformed to log coordinates: [[ 0  0]
 [ 0  3]
 [ 0  8]
 [ 0  9]
 [ 0 10]
 [ 0 11]]
Beginning optimization of a STOCHASTIC objective function

 Iteration    f-count      E[f(x)]        SD[f(x)]           MeshScale          Method              Actions
     0           1         30354.8             nan               1                                  
     0          28         28386.4             nan               1          Initial mesh            Initial points
     0          29         26813.9        0.973898               1        Successful poll           Train
     1          31         26172.6        0.973894               1      Successful search (ES-wcm)        
     1          32         25940.9        0.973894               1      Successful search (ES-wcm)        
     1          37           24950        0.973869               1      Successful search (ES-wcm)        
     1          39         24557.1        0.973876               1      Successful search (ES-wcm)        
     1          41         24536.3        0.973883               1      Successful search (ES-wcm)        
     1          44         24492.5        0.973862               1      Successful search (ES-wcm)        
     1          49         24408.9        0.973338               1      Successful search (ES-wcm)        
     1          54         23308.9         1.03418               1      Successful search (ES-wcm)        
     1          55         22682.2         1.03418               1      Successful search (ES-wcm)        
     1          56         21979.6         1.03418               1      Successful search (ES-wcm)        
     1          58         21873.1         1.03418               1      Successful search (ES-wcm)        
     1          59         21418.4         1.03418               1      Successful search (ES-wcm)        
     1          62         21190.3         1.03418               1      Successful search (ES-wcm)        
     1          66         20950.3         1.03418               1      Successful search (ES-wcm)        
     1          68           20659         1.03417               1      Successful search (ES-wcm)        
     1          69         20599.3         1.03417               1      Successful search (ES-wcm)        
     1          74         20593.4         1.03416               1      Successful search (ES-wcm)        
     1          75         20233.9         1.03416               1      Successful search (ES-wcm)        
     1          76         20053.4         1.03417               1      Successful search (ES-ell)        
     1         109         20053.4         1.03417             0.5          Refine grid             Train
     2         144         20053.5        0.939462            0.25          Refine grid             Train
     3         145         20029.1         21.3911            0.25      Successful search (ES-ell)        
     3         146         19921.4         39.5392            0.25      Successful search (ES-ell)        
     3         191         19921.4         39.5392           0.125          Refine grid             Train
     4         192         20019.4         13.1645           0.125      Successful search (ES-ell)        
     4         193           20000         21.0861           0.125      Successful search (ES-ell)        
     4         194         19978.2         30.0714           0.125      Successful search (ES-ell)        
     4         195         19952.4         35.0988           0.125      Successful search (ES-ell)        
     4         239         19952.4         35.0988          0.0625          Refine grid             
     5         240           19985         10.5789          0.0625      Successful search (ES-wcm)        
     5         241         19974.1         13.2085          0.0625      Successful search (ES-wcm)        
     5         242         19945.5          20.622          0.0625      Successful search (ES-ell)        
     5         243         19907.9         29.2192          0.0625      Successful search (ES-ell)        
     5         246         19903.9         26.2529          0.0625      Successful search (ES-ell)        
     5         287         19903.9         26.2529         0.03125          Refine grid             
     6         288         19938.9         8.93524         0.03125      Successful search (ES-ell)        
     6         289         19935.1         10.8408         0.03125      Successful search (ES-ell)        
     6         291         19932.8         11.9136         0.03125      Successful search (ES-wcm)        
     6         292           19930         16.6956         0.03125      Successful search (ES-wcm)        
     6         294         19926.7         19.4116         0.03125      Successful search (ES-wcm)        
     6         295         19916.1         24.8877         0.03125      Successful search (ES-wcm)        
     6         335         19916.1         24.8877        0.015625          Refine grid             
     7         336         19928.8         8.13793        0.015625      Successful search (ES-wcm)        
     7         337         19925.3         8.08973        0.015625      Successful search (ES-wcm)        
     7         338         19921.2         8.64371        0.015625      Successful search (ES-wcm)        
     7         340         19920.9         9.47694        0.015625      Successful search (ES-wcm)        
     7         341         19918.6         11.7161        0.015625      Successful search (ES-ell)        
     7         383         19918.6         11.7161       0.0078125          Refine grid             Train
     8         384         19927.4         6.81195       0.0078125      Successful search (ES-ell)        
     8         385         19927.1         6.94705       0.0078125      Successful search (ES-wcm)        
     8         387         19925.4         6.99228       0.0078125      Successful search (ES-wcm)        
     8         388         19925.4         7.34813       0.0078125      Successful search (ES-wcm)        
     8         389         19921.8         8.02253       0.0078125      Successful search (ES-wcm)        
     8         391         19921.7         8.55447       0.0078125      Successful search (ES-wcm)        
     8         431         19921.7         8.55447      0.00390625          Refine grid             Train
     9         432         19929.4         5.25869      0.00390625      Successful search (ES-ell)        
     9         433         19928.9         5.56346      0.00390625      Successful search (ES-ell)        
     9         435         19928.3         6.10177      0.00390625      Successful search (ES-ell)        
     9         436         19927.9         7.05022      0.00390625      Successful search (ES-ell)        
     9         437         19927.7         8.41925      0.00390625      Successful search (ES-ell)        
     9         479         19927.7         8.41925      0.00195312          Refine grid             
    10         480         19927.7         8.57493      0.00195312      Successful search (ES-ell)        
    10         527         19927.7         8.57493     0.000976562          Refine grid             
Optimization terminated: change in the function value less than options['tol_mesh']
Estimated function value at minimum: 19940.39663389347 ± 6.134739885235204 (mean ± SEM from 100 samples)
BADS minimum at: x_min = [ 2.90890e+00  8.67450e+00  6.30550e+00  6.05800e-01 -6.67000e-02
  2.09537e+01  4.02500e-01  5.87400e-01  1.27380e+00  9.40000e-02
  8.10000e-03  2.81800e-01], training NLL = 19940.3966
total f-count: 627, time: 27.01 min

 ------- Finish Optimization for Subject 2 ---------- 

 ------- Start Optimization for Subject 3 ---------- 

 Cross Validation fold 0/1

 -- Start Optimization: method BADS --

 Optimization Run 1/1
Initial params: [1.5312, 2.7363, 9.2864, 19.5628, 4.0604, 17.0282, 0.4239, 0.1593, 7.2894, 0.9162, 0.2363, 0.3801]
bads:TooCloseBounds: For each variable, hard and plausible bounds should not be too close. Moving plausible bounds.
Variables (index) internally transformed to log coordinates: [[ 0  0]
 [ 0  3]
 [ 0  8]
 [ 0  9]
 [ 0 10]
 [ 0 11]]
Beginning optimization of a STOCHASTIC objective function

 Iteration    f-count      E[f(x)]        SD[f(x)]           MeshScale          Method              Actions
     0           1           30348             nan               1                                  
     0          28         28002.9             nan               1          Initial mesh            Initial points
     0          29         27318.4         1.00369               1        Successful poll           Train
     1          31           27151         1.00369               1      Successful search (ES-wcm)        
     1          32         26577.3         1.00369               1      Successful search (ES-wcm)        
     1          34         26292.3         1.00369               1      Successful search (ES-wcm)        
     1          39         26167.7         1.00365               1      Successful search (ES-wcm)        
     1          40         26091.2         1.00367               1      Successful search (ES-ell)        
     1          42         25987.3         1.00364               1      Successful search (ES-wcm)        
     1          50         25846.9         1.00225               1      Successful search (ES-wcm)        
     1          52         25782.8         1.00127               1      Successful search (ES-wcm)        
     1          79         25194.1        0.990643               1        Successful poll           Train
     2          80         25133.1         1.19477               1      Successful search (ES-wcm)        
     2          81         24570.5         1.19477               1      Successful search (ES-wcm)        
     2          83         23353.5         1.19476               1      Successful search (ES-ell)        
     2          84           23343         1.19477               1      Successful search (ES-ell)        
     2          85         21757.3         1.19475               1      Successful search (ES-ell)        
     2          89         21602.2         1.19475               1      Successful search (ES-ell)        
     2          95           21527         1.19423               1      Successful search (ES-ell)        
     2          97         21491.8          1.1943               1      Successful search (ES-ell)        
     2          98         21351.2         1.19436               1      Successful search (ES-ell)        
     2         100           21304         1.19449               1      Successful search (ES-wcm)        
     2         101         21255.4         1.19428               1      Successful search (ES-ell)        
     2         103         21239.9         1.19448               1      Successful search (ES-ell)        
     2         105         20955.5         1.07714               1      Successful search (ES-ell)        
     2         108         20721.4         1.07713               1      Successful search (ES-ell)        
     2         110         20581.4         1.07713               1      Successful search (ES-ell)        
     2         115         20430.8         1.07681               1      Successful search (ES-ell)        
     2         116         20119.4         1.07714               1      Successful search (ES-ell)        
     2         120         20000.9         1.07711               1      Successful search (ES-ell)        
     2         123         19938.5         1.07707               1      Successful search (ES-wcm)        
     2         126         19887.7         1.07681               1      Successful search (ES-ell)        
     2         132         19636.6         1.09936               1      Successful search (ES-ell)        
     2         133         19425.1         1.09969               1      Successful search (ES-ell)        
     2         136         19335.8         1.09962               1      Successful search (ES-ell)        
     2         138           19189         1.09949               1      Successful search (ES-ell)        
     2         139         19052.5         1.09976               1      Successful search (ES-ell)        
     2         143         19034.9         1.09967               1      Successful search (ES-ell)        
     2         146         18989.7         1.09793               1      Successful search (ES-wcm)        
     2         149         18987.6         1.09892               1      Successful search (ES-ell)        
     2         178         18987.6         1.09892             0.5          Refine grid             
     3         179         18959.6         38.7387             0.5      Successful search (ES-ell)        
     3         180         18948.3         45.8292             0.5      Successful search (ES-wcm)        
     3         184         18891.9         36.1233             0.5      Successful search (ES-wcm)        
     3         186         18884.4         45.2958             0.5      Successful search (ES-wcm)        
     3         188         18831.6         51.1026             0.5      Successful search (ES-wcm)        
     3         190         18800.1         52.0565             0.5      Successful search (ES-wcm)        
     3         192         18665.7         49.8914             0.5      Successful search (ES-ell)        
     3         194           18655         49.0732             0.5      Successful search (ES-ell)        
     3         196         18626.6         50.7589             0.5      Successful search (ES-ell)        
     3         207         18624.1         26.8603             0.5      Successful search (ES-ell)        
     3         209         18589.4         29.5226             0.5      Successful search (ES-ell)        
     3         210         18586.3         35.3292             0.5      Successful search (ES-ell)        
     3         244         18586.3         35.3292            0.25          Refine grid             Train
     4         245         18614.4         31.8801            0.25      Successful search (ES-ell)        
     4         246         18553.8         38.7745            0.25      Successful search (ES-ell)        
     4         248         18542.7         29.8027            0.25      Successful search (ES-ell)        
     4         249         18521.8         39.0556            0.25      Successful search (ES-ell)        
     4         251         18510.6         39.1308            0.25      Successful search (ES-ell)        
     4         252         18438.3         52.8598            0.25      Successful search (ES-ell)        
     4         255         18402.4         56.5082            0.25      Successful search (ES-wcm)        
     4         258         18370.4         45.0589            0.25      Successful search (ES-wcm)        
     4         259           18309         46.6378            0.25      Successful search (ES-wcm)        
     4         261         18266.4         44.0785            0.25      Successful search (ES-wcm)        
     4         299         18266.4         44.0785           0.125          Refine grid             
     5         300         18309.1         14.4858           0.125      Successful search (ES-wcm)        
     5         301           18272         22.0156           0.125      Successful search (ES-wcm)        
     5         302         18255.7         34.9546           0.125      Successful search (ES-wcm)        
     5         314           18254         18.6255           0.125      Successful search (ES-ell)        
     5         354           18254         18.6255          0.0625          Refine grid             
     6         355         18254.1         10.6817          0.0625      Successful search (ES-ell)        
     6         356         18241.8         18.0642          0.0625      Successful search (ES-ell)        
     6         357         18199.9         28.8721          0.0625      Successful search (ES-ell)        
     6         358         18173.2         37.2867          0.0625      Successful search (ES-ell)        
     6         359         18139.4         46.0716          0.0625      Successful search (ES-ell)        
     6         363         18117.5         32.6187          0.0625      Successful search (ES-ell)        
     6         398         18117.5         32.6187         0.03125          Refine grid             
     7         399         18128.9         8.71095         0.03125      Successful search (ES-ell)        
     7         400         18122.2         8.95725         0.03125      Successful search (ES-ell)        
     7         401         18112.8         12.9632         0.03125      Successful search (ES-ell)        
     7         402         18100.6         16.7822         0.03125      Successful search (ES-ell)        
     7         443         18100.6         16.7822        0.015625          Refine grid             Train
     8         444         18117.7         6.25054        0.015625      Successful search (ES-ell)        
     8         445         18115.8         6.73883        0.015625      Successful search (ES-ell)        
     8         446         18111.4         8.23606        0.015625      Successful search (ES-ell)        
     8         447         18108.6         11.0848        0.015625      Successful search (ES-ell)        
     8         448         18103.4         16.1207        0.015625      Successful search (ES-ell)        
     8         449         18101.4         20.7016        0.015625      Successful search (ES-ell)        
     8         488         18101.4         20.7016       0.0078125          Refine grid             Train
     9         489         18119.5         6.29244       0.0078125      Successful search (ES-ell)        
     9         490         18118.7         6.13745       0.0078125      Successful search (ES-wcm)        
     9         492         18118.1         6.27766       0.0078125      Successful search (ES-ell)        
     9         493         18114.8          6.5188       0.0078125      Successful search (ES-ell)        
     9         494         18112.3          7.4372       0.0078125      Successful search (ES-ell)        
     9         495         18110.2         9.66939       0.0078125      Successful search (ES-ell)        
     9         496         18106.2         13.0783       0.0078125      Successful search (ES-wcm)        
     9         498         18101.8         14.4532       0.0078125      Successful search (ES-wcm)        
     9         500           18096         15.3311       0.0078125      Successful search (ES-ell)        
     9         534           18096         15.3311      0.00390625          Refine grid             
    10         536         18109.2         6.86844      0.00390625      Successful search (ES-wcm)        
    10         537         18107.6          6.9626      0.00390625      Successful search (ES-wcm)        
    10         580         18107.6          6.9626      0.00195312          Refine grid             
    11         581         18111.9         4.63843      0.00195312      Successful search (ES-wcm)        
    11         582         18111.4         4.61164      0.00195312      Successful search (ES-wcm)        
    11         583         18110.6         4.61053      0.00195312      Successful search (ES-wcm)        
    11         584         18109.9         4.60798      0.00195312      Successful search (ES-wcm)        
    11         585         18108.5         4.66256      0.00195312      Successful search (ES-wcm)        
    11         586         18105.9         5.75359      0.00195312      Successful search (ES-ell)        
    11         587         18100.5         8.38396      0.00195312      Successful search (ES-ell)        
    11         588         18089.9         11.4976      0.00195312      Successful search (ES-ell)        
    11         589         18080.4         17.0752      0.00195312      Successful search (ES-ell)        
    11         628         18080.4         17.0752     0.000976562          Refine grid             Train
Optimization terminated: change in the function value less than options['tol_mesh']
Estimated function value at minimum: 18119.29289407146 ± 4.422609532013129 (mean ± SEM from 100 samples)
BADS minimum at: x_min = [3.8481e+00 7.6444e+00 7.2201e+00 8.3764e+00 4.4495e+00 7.6524e+00
 5.4310e-01 5.9740e-01 3.8874e+01 2.0000e-04 1.6989e+00 2.5920e-01], training NLL = 18119.2929
total f-count: 728, time: 31.4 min

 ------- Finish Optimization for Subject 3 ---------- 

 ------- Start Optimization for Subject 5 ---------- 

 Cross Validation fold 0/1

 -- Start Optimization: method BADS --

 Optimization Run 1/1
Initial params: [0.6224, 2.9912, 14.0799, 13.3879, 3.0017, 14.0822, 0.5722, 0.1321, 1.4142, 0.4608, 0.9534, 0.8374]
bads:TooCloseBounds: For each variable, hard and plausible bounds should not be too close. Moving plausible bounds.
Variables (index) internally transformed to log coordinates: [[ 0  0]
 [ 0  3]
 [ 0  8]
 [ 0  9]
 [ 0 10]
 [ 0 11]]
Beginning optimization of a STOCHASTIC objective function

 Iteration    f-count      E[f(x)]        SD[f(x)]           MeshScale          Method              Actions
     0           1         30344.8             nan               1                                  
     0          28         26941.8             nan               1          Initial mesh            Initial points
     0          29         25609.4        0.999983               1        Successful poll           Train
     1          33         25086.6        0.999966               1      Successful search (ES-wcm)        
     1          34         24732.9        0.999972               1      Successful search (ES-wcm)        
     1          38         24523.7        0.999901               1      Successful search (ES-wcm)        
     1          39         24438.4        0.999937               1      Successful search (ES-wcm)        
     1          44         24397.5        0.999927               1      Successful search (ES-wcm)        
     1          47           24361        0.999771               1      Successful search (ES-wcm)        
     1          50         24267.5        0.999197               1      Successful search (ES-wcm)        
     1          56         24256.2         1.02357               1      Successful search (ES-ell)        
     1          58         24134.1         1.02358               1      Successful search (ES-wcm)        
     1          60         24111.5         1.02342               1      Successful search (ES-wcm)        
     1          62           23990         1.02357               1      Successful search (ES-wcm)        
     1          63         23801.5         1.02362               1      Successful search (ES-wcm)        
     1          70           23378         1.02327               1      Successful search (ES-wcm)        
     1          83         23337.7         1.13522               1      Successful search (ES-wcm)        
     1          84         23179.1         1.13523               1      Successful search (ES-wcm)        
     1          85         23154.9         1.13523               1      Successful search (ES-wcm)        
     1          88         23009.5         1.13523               1      Successful search (ES-wcm)        
     1          89         22988.3         1.13523               1      Successful search (ES-wcm)        
     1          95         22870.8         1.13521               1      Successful search (ES-wcm)        
     1          99         22835.1         1.13514               1      Successful search (ES-wcm)        
     1         108           22744          1.0399               1      Successful search (ES-wcm)        
     1         110         22667.5         1.03989               1      Successful search (ES-wcm)        
     1         129         22634.7          1.0399               1        Successful poll           Train
     2         134         22582.3         1.04249               1      Successful search (ES-wcm)        
     2         138         22527.5         1.04248               1      Successful search (ES-wcm)        
     2         143         22514.8         1.04256               1      Successful search (ES-wcm)        
     2         146         22440.6         1.04254               1      Successful search (ES-ell)        
     2         150         22408.1         1.04247               1      Successful search (ES-ell)        
     2         151         22396.8         1.04252               1      Successful search (ES-ell)        
     2         155         22386.5         1.05133               1      Successful search (ES-wcm)        
     2         161           22337         1.05124               1      Successful search (ES-ell)        
     2         162         22316.9          1.0513               1      Successful search (ES-ell)        
     2         170         22287.1         1.05127               1      Successful search (ES-wcm)        
     2         172         22212.9         1.05123               1      Successful search (ES-wcm)        
     2         180         22179.8         1.06182               1      Successful search (ES-wcm)        
     2         185         22119.4         1.06176               1      Successful search (ES-wcm)        
     2         186         22116.1         1.06183               1      Successful search (ES-wcm)        
     2         188         22026.9         1.06183               1      Successful search (ES-wcm)        
     2         191         21991.8         1.06183               1      Successful search (ES-wcm)        
     2         195         21960.2         1.06182               1      Successful search (ES-wcm)        
     2         197         21941.1         1.06183               1      Successful search (ES-wcm)        
     2         198         21918.9         1.06182               1      Successful search (ES-wcm)        
     2         199         21809.2         1.06183               1      Successful search (ES-wcm)        
     2         213         21748.3        0.859798               1      Successful search (ES-wcm)        
     2         242         21748.3        0.859798             0.5          Refine grid             Train
     3         273         21748.1        0.941105            0.25          Refine grid             Train
     4         295         21737.6         1.04027             0.5        Successful poll           Train
     5         307         21700.6         1.05981             0.5      Successful search (ES-ell)        
     5         319         21693.5         1.05918             0.5      Successful search (ES-ell)        
     5         350         21576.5         1.04196               1        Successful poll           Train
     6         359         21555.2         1.04194               1      Successful search (ES-ell)        
     6         392           21549         1.00575               1        Successful poll           
     7         398         21530.7         1.00574               1      Successful search (ES-ell)        
     7         433         21530.7         1.00574             0.5          Refine grid             
     8         463         21530.9         1.02079            0.25          Refine grid             
     9         471         21508.7        0.983107            0.25      Successful search (ES-ell)        
     9         508         21508.7        0.983107           0.125          Refine grid             Train
    10         538         21453.6         1.14787            0.25        Successful poll           Train
    11         540         21436.8         1.14787            0.25      Successful search (ES-ell)        
    11         541         21361.4         1.14787            0.25      Successful search (ES-ell)        
    11         544         21182.1         1.14787            0.25      Successful search (ES-ell)        
    11         581         21182.1         1.14787           0.125          Refine grid             Train
    12         613         21182.1        0.495837          0.0625          Refine grid             Train
    13         646         21190.3        0.949606         0.03125          Refine grid             Train
    14         647         21203.5        0.970606         0.03125      Successful search (ES-wcm)        
    14         691         21203.5        0.970606        0.015625          Refine grid             
    15         695         21190.9         1.03375        0.015625      Successful search (ES-wcm)        
    15         736         21190.9         1.03375       0.0078125          Refine grid             Train
    16         770         21203.7         1.03299      0.00390625          Refine grid             Train
    17         772         21207.6        0.969305      0.00390625      Successful search (ES-wcm)        
    17         818         21207.6        0.969305      0.00195312          Refine grid             Train
    18         821         21261.8        0.682828      0.00195312      Successful search (ES-wcm)        
    18         823         21253.9        0.644819      0.00195312      Successful search (ES-wcm)        
    18         824         21234.7        0.745472      0.00195312      Successful search (ES-ell)        
    18         866         21234.7        0.745472     0.000976562          Refine grid             
Optimization terminated: change in the function value less than options['tol_mesh']
Estimated function value at minimum: 21341.698539240537 ± 6.759812629384851 (mean ± SEM from 100 samples)
BADS minimum at: x_min = [ 4.94150e+00  8.93240e+00  9.67910e+00  3.82763e+01 -8.55260e+00
  9.73560e+00  5.03800e-01  5.14400e-01  5.81800e-01  0.00000e+00
  1.40000e-03  7.75600e-01], training NLL = 21341.6985
total f-count: 966, time: 41.43 min

 ------- Finish Optimization for Subject 5 ---------- 

 ------- Start Optimization for Subject 6 ---------- 

 Cross Validation fold 0/1

 -- Start Optimization: method BADS --

 Optimization Run 1/1
Initial params: [1.3419, 4.2666, 14.8202, 13.803, 3.5608, 26.5164, 0.5739, 0.1784, 8.6415, 0.0511, 0.8994, 0.3916]
bads:TooCloseBounds: For each variable, hard and plausible bounds should not be too close. Moving plausible bounds.
Variables (index) internally transformed to log coordinates: [[ 0  0]
 [ 0  3]
 [ 0  8]
 [ 0  9]
 [ 0 10]
 [ 0 11]]
Beginning optimization of a STOCHASTIC objective function

 Iteration    f-count      E[f(x)]        SD[f(x)]           MeshScale          Method              Actions
     0           1           28334             nan               1                                  
     0          28         25159.3             nan               1          Initial mesh            Initial points
     0          29         23993.8          1.0052               1        Successful poll           Train
     1          33         23329.9         1.00519               1      Successful search (ES-wcm)        
     1          36           23232         1.00515               1      Successful search (ES-wcm)        
     1          37         22834.1         1.00517               1      Successful search (ES-wcm)        
     1          40         22647.8         1.00514               1      Successful search (ES-wcm)        
     1          41         22481.1         1.00516               1      Successful search (ES-wcm)        
     1          44         21825.8         1.00515               1      Successful search (ES-wcm)        
     1          47         21414.9         1.00516               1      Successful search (ES-wcm)        
     1          48         21350.1         1.00517               1      Successful search (ES-wcm)        
     1          50         21104.2         1.00517               1      Successful search (ES-wcm)        
     1          52         20625.5         1.00516               1      Successful search (ES-wcm)        
     1          60         20509.6        0.984598               1      Successful search (ES-wcm)        
     1          62         20440.6        0.984554               1      Successful search (ES-wcm)        
     1          95         20440.6        0.984554             0.5          Refine grid             Train
     2          99         20411.8         1.03158             0.5      Successful search (ES-wcm)        
     2         103         20359.9         1.03154             0.5      Successful search (ES-wcm)        
     2         106         20321.8         1.08215             0.5      Successful search (ES-ell)        
     2         107         20314.5         1.08236             0.5      Successful search (ES-ell)        
     2         109         20227.6         1.08292             0.5      Successful search (ES-ell)        
     2         112         20215.1         1.08285             0.5      Successful search (ES-ell)        
     2         116         20162.2          1.0817             0.5      Successful search (ES-ell)        
     2         117         20081.8         1.08241             0.5      Successful search (ES-ell)        
     2         120         19601.5         1.08289             0.5      Successful search (ES-ell)        
     2         121         19171.8         1.08293             0.5      Successful search (ES-ell)        
     2         124         18888.7         1.08293             0.5      Successful search (ES-ell)        
     2         127         18791.8         1.08294             0.5      Successful search (ES-wcm)        
     2         132         18412.7         1.09769             0.5      Successful search (ES-ell)        
     2         136         18361.7         1.09764             0.5      Successful search (ES-ell)        
     2         137           18309         1.09768             0.5      Successful search (ES-ell)        
     2         144         18223.8         1.09767             0.5      Successful search (ES-ell)        
     2         146         18197.3         1.09769             0.5      Successful search (ES-wcm)        
     2         179         17955.8         1.75156               1        Successful poll           Train
     3         187         17933.8        0.802943               1      Successful search (ES-ell)        
     3         196         17931.7        0.802984               1      Successful search (ES-ell)        
     3         197         17927.1        0.802996               1      Successful search (ES-ell)        
     3         199         17860.2        0.802989               1      Successful search (ES-ell)        
     3         209         17846.8         0.80286               1      Successful search (ES-ell)        
     3         211         17803.8        0.802918               1      Successful search (ES-ell)        
     3         212         17757.4        0.802988               1      Successful search (ES-ell)        
     3         243         17757.4        0.802988             0.5          Refine grid             Train
     4         274         17800.1         12.4737            0.25          Refine grid             Train
     5         275           17788           36.39            0.25      Successful search (ES-ell)        
     5         318           17788           36.39           0.125          Refine grid             
     6         319         17775.6         16.9004           0.125      Successful search (ES-ell)        
     6         362         17775.6         16.9004          0.0625          Refine grid             
     7         363         17791.8         7.64369          0.0625      Successful search (ES-wcm)        
     7         364         17771.6         12.3198          0.0625      Successful search (ES-wcm)        
     7         367         17768.7         12.5443          0.0625      Successful search (ES-wcm)        
     7         368         17763.1         16.9493          0.0625      Successful search (ES-wcm)        
     7         395         17753.3         22.4214           0.125        Successful poll           Train
     8         429         17753.6         20.8065          0.0625          Refine grid             Train
     9         430         17783.1         9.31005          0.0625      Successful search (ES-wcm)        
     9         431         17780.5         20.6284          0.0625      Successful search (ES-wcm)        
     9         433         17772.3         14.6793          0.0625      Successful search (ES-wcm)        
     9         458         17718.8         8.56422           0.125        Successful poll           Train
    10         459         17576.8         16.7189           0.125      Successful search (ES-wcm)        
    10         504         17576.8         16.7189          0.0625          Refine grid             
    11         505         17658.7         8.61297          0.0625      Successful search (ES-ell)        
    11         506         17519.6         10.8508          0.0625      Successful search (ES-ell)        
    11         550         17519.6         10.8508         0.03125          Refine grid             
    12         551           17799         7.86616         0.03125      Successful search (ES-ell)        
    12         552         17788.5         8.87529         0.03125      Successful search (ES-wcm)        
    12         553         17773.4         14.1078         0.03125      Successful search (ES-wcm)        
    12         555         17767.8         15.3381         0.03125      Successful search (ES-wcm)        
    12         556         17750.6         27.7745         0.03125      Successful search (ES-wcm)        
    12         557         17718.8         29.3181         0.03125      Successful search (ES-ell)        
    12         597         17718.8         29.3181        0.015625          Refine grid             Train
    13         598           17746         7.44373        0.015625      Successful search (ES-ell)        
    13         599           17740         8.73116        0.015625      Successful search (ES-ell)        
    13         600         17729.6         11.9388        0.015625      Successful search (ES-ell)        
    13         644         17729.6         11.9388       0.0078125          Refine grid             Train
    14         645         17752.8         6.20933       0.0078125      Successful search (ES-wcm)        
    14         646         17748.7         6.98421       0.0078125      Successful search (ES-ell)        
    14         647         17748.4         7.59652       0.0078125      Successful search (ES-wcm)        
    14         648         17745.4         8.57719       0.0078125      Successful search (ES-wcm)        
    14         691         17745.4         8.57719      0.00390625          Refine grid             
    15         692         17749.7          5.7798      0.00390625      Successful search (ES-wcm)        
    15         693         17749.1         6.14051      0.00390625      Successful search (ES-wcm)        
    15         694         17748.9         6.78098      0.00390625      Successful search (ES-wcm)        
    15         695         17748.2         7.23895      0.00390625      Successful search (ES-ell)        
    15         696         17747.5         8.31029      0.00390625      Successful search (ES-ell)        
    15         697         17743.5         8.93906      0.00390625      Successful search (ES-ell)        
    15         698         17743.4         12.0679      0.00390625      Successful search (ES-ell)        
    15         699         17737.4         16.8901      0.00390625      Successful search (ES-ell)        
    15         738         17737.4         16.8901      0.00195312          Refine grid             
    16         739         17755.5          4.9139      0.00195312      Successful search (ES-ell)        
    16         740         17754.6         5.04134      0.00195312      Successful search (ES-ell)        
    16         741         17751.8         5.11943      0.00195312      Successful search (ES-ell)        
    16         742         17748.9         5.33524      0.00195312      Successful search (ES-ell)        
    16         743         17745.7          5.8754      0.00195312      Successful search (ES-ell)        
    16         744         17743.1         6.80774      0.00195312      Successful search (ES-ell)        
    16         745         17737.7         7.82755      0.00195312      Successful search (ES-ell)        
    16         746         17727.2         9.44982      0.00195312      Successful search (ES-ell)        
    16         747         17705.1         16.8021      0.00195312      Successful search (ES-wcm)        
    16         748         17703.1         26.2145      0.00195312      Successful search (ES-wcm)        
    16         785         17703.1         26.2145     0.000976562          Refine grid             Train
Optimization terminated: change in the function value less than options['tol_mesh']
Estimated function value at minimum: 17743.27796593467 ± 3.8980521339565484 (mean ± SEM from 100 samples)
BADS minimum at: x_min = [ 5.0000e+00  5.3548e+00  5.0231e+00  5.4410e-01 -6.2500e-02  6.4562e+00
  5.1760e-01  5.5860e-01  1.2977e+00  2.0000e-04  4.4500e-02  2.2810e-01], training NLL = 17743.278
total f-count: 885, time: 38.14 min

 ------- Finish Optimization for Subject 6 ---------- 

 ------- Start Optimization for Subject 11 ---------- 

 Cross Validation fold 0/1

 -- Start Optimization: method BADS --

 Optimization Run 1/1
Initial params: [0.1201, 5.2437, 6.696, 13.2151, 0.089, 17.1627, 0.5929, 0.1323, 11.8359, 0.0748, 0.9365, 0.0115]
bads:TooCloseBounds: For each variable, hard and plausible bounds should not be too close. Moving plausible bounds.
Variables (index) internally transformed to log coordinates: [[ 0  0]
 [ 0  3]
 [ 0  8]
 [ 0  9]
 [ 0 10]
 [ 0 11]]
Beginning optimization of a STOCHASTIC objective function

 Iteration    f-count      E[f(x)]        SD[f(x)]           MeshScale          Method              Actions
     0           1         30989.2             nan               1                                  
     0          28         26135.4             nan               1          Initial mesh            Initial points
     0          46         25597.6         1.01658               1        Successful poll           Train
     1          48         24876.1         1.01656               1      Successful search (ES-wcm)        
     1          53         24563.7         1.01643               1      Successful search (ES-wcm)        
     1          57         24469.8         1.24546               1      Successful search (ES-wcm)        
     1          66         24436.1         1.23334               1      Successful search (ES-wcm)        
     1          70         24406.8          1.2215               1      Successful search (ES-wcm)        
     1         101           24268         2.53099               1        Successful poll           
     2         105         24115.7         1.10532               1      Successful search (ES-wcm)        
     2         107         24052.9         1.10533               1      Successful search (ES-wcm)        
     2         113         23975.5          1.1051               1      Successful search (ES-wcm)        
     2         115         23964.3         1.10533               1      Successful search (ES-wcm)        
     2         118         23928.7         1.10532               1      Successful search (ES-wcm)        
     2         120         23894.2         1.10532               1      Successful search (ES-wcm)        
     2         124         23816.8         1.10529               1      Successful search (ES-wcm)        
     2         126         23698.9         1.10533               1      Successful search (ES-ell)        
     2         127         23584.2         1.10533               1      Successful search (ES-ell)        
     2         129         23291.7         1.11718               1      Successful search (ES-ell)        
     2         130           23091         1.11718               1      Successful search (ES-ell)        
     2         131           23027         1.11718               1      Successful search (ES-ell)        
     2         136         22976.9         1.11716               1      Successful search (ES-ell)        
     2         137         22838.5         1.11717               1      Successful search (ES-ell)        
     2         138         22745.1         1.11717               1      Successful search (ES-ell)        
     2         140         21765.4         1.11717               1      Successful search (ES-ell)        
     2         141         20549.5         1.11718               1      Successful search (ES-ell)        
     2         148           20321          1.1171               1      Successful search (ES-wcm)        
     2         153         20281.4         1.11629               1      Successful search (ES-wcm)        
     2         158           20275         1.14666               1      Successful search (ES-wcm)        
     2         165         20271.8          1.1441               1      Successful search (ES-wcm)        
     2         182         20211.2         1.27381               1      Successful search (ES-wcm)        
     2         214         20211.2         1.27381             0.5          Refine grid             
     3         219         20241.1         1.13247             0.5      Successful search (ES-wcm)        
     3         259         20241.1         1.13247            0.25          Refine grid             
     4         260         20139.6         41.9697            0.25      Successful search (ES-wcm)        
     4         261         20055.1         47.1968            0.25      Successful search (ES-wcm)        
     4         263         19925.5         44.5273            0.25      Successful search (ES-wcm)        
     4         264         19765.1         47.6584            0.25      Successful search (ES-wcm)        
     4         265         19727.9         50.1417            0.25      Successful search (ES-wcm)        
     4         266         19645.8         51.4802            0.25      Successful search (ES-wcm)        
     4         269         19621.7         50.5357            0.25      Successful search (ES-wcm)        
     4         270         19570.6         50.3461            0.25      Successful search (ES-wcm)        
     4         271         19390.2         51.5957            0.25      Successful search (ES-wcm)        
     4         302         19255.4         49.2579             0.5        Successful poll           
     5         303         19064.1          49.743             0.5      Successful search (ES-wcm)        
     5         317         19001.2         52.1765             0.5      Successful search (ES-wcm)        
     5         320         18968.7         46.4038             0.5      Successful search (ES-wcm)        
     5         321         18938.4         45.8647             0.5      Successful search (ES-wcm)        
     5         322         18861.1         47.3797             0.5      Successful search (ES-ell)        
     5         325         18852.8         43.3927             0.5      Successful search (ES-ell)        
     5         327         18831.7         50.9868             0.5      Successful search (ES-wcm)        
     5         368         18831.7         50.9868            0.25          Refine grid             
     6         370         18851.7         27.6994            0.25      Successful search (ES-wcm)        
     6         371         18750.1         38.5212            0.25      Successful search (ES-wcm)        
     6         373         18704.9          42.427            0.25      Successful search (ES-wcm)        
     6         374           18692         47.9787            0.25      Successful search (ES-wcm)        
     6         375         18614.2         49.3582            0.25      Successful search (ES-wcm)        
     6         376         18602.7         51.1827            0.25      Successful search (ES-wcm)        
     6         380         18578.4         45.1394            0.25      Successful search (ES-wcm)        
     6         382           18517         39.8559            0.25      Successful search (ES-wcm)        
     6         383           18498         43.8419            0.25      Successful search (ES-wcm)        
     6         385         18495.1         42.9723            0.25      Successful search (ES-wcm)        
     6         387         18488.8         37.0371            0.25      Successful search (ES-wcm)        
     6         392         18483.5         19.8922            0.25      Successful search (ES-wcm)        
     6         393         18483.2         31.8572            0.25      Successful search (ES-wcm)        
     6         397         18471.4         20.0767            0.25      Successful search (ES-wcm)        
     6         398         18450.3         28.4278            0.25      Successful search (ES-wcm)        
     6         404         18449.5         15.2753            0.25      Successful search (ES-wcm)        
     6         408         18442.9          16.018            0.25      Successful search (ES-wcm)        
     6         417         18442.1         26.3401            0.25      Successful search (ES-wcm)        
     6         420         18438.6         31.2064            0.25      Successful search (ES-wcm)        
     6         422         18428.5         27.3995            0.25      Successful search (ES-ell)        
     6         425         18407.5         24.1388            0.25      Successful search (ES-ell)        
     6         426         18396.1         31.6921            0.25      Successful search (ES-ell)        
     6         427         18362.4         35.7179            0.25      Successful search (ES-ell)        
     6         460         18362.4         35.7179           0.125          Refine grid             Train
     7         461         18364.4         14.8673           0.125      Successful search (ES-wcm)        
     7         462         18313.5         38.3792           0.125      Successful search (ES-wcm)        
