device is : cuda
['gamma', '2', 'all', 'bads', '1']

 ------- Start Optimization for Subject 2 ---------- 

 Cross Validation fold 0/1

 -- Start Optimization: method BADS --

 Optimization Run 1/1
Initial params: [1.598, 7.5367, 6.0802, 17.4709, 1.9712, 16.6047, 0.3618, 0.2877, 14.7622, 0.8286, 0.7127, 0.6541]
bads:TooCloseBounds: For each variable, hard and plausible bounds should not be too close. Moving plausible bounds.
Variables (index) internally transformed to log coordinates: [[ 0  0]
 [ 0  3]
 [ 0  8]
 [ 0  9]
 [ 0 10]
 [ 0 11]]
Beginning optimization of a STOCHASTIC objective function

 Iteration    f-count      E[f(x)]        SD[f(x)]           MeshScale          Method              Actions
     0           1         28972.7             nan               1                                  
     0          28         28972.7             nan               1          Initial mesh            Initial points
     0          29         26538.8               1               1        Successful poll           Train
     1          30         26520.4        0.999997               1      Successful search (ES-wcm)        
     1          33         24856.3        0.999989               1      Successful search (ES-wcm)        
     1          34         24764.3        0.999978               1      Successful search (ES-wcm)        
     1          38         24548.4         0.99996               1      Successful search (ES-wcm)        
     1          39         23737.1        0.999926               1      Successful search (ES-wcm)        
     1          40         23457.5        0.999961               1      Successful search (ES-wcm)        
     1          43         20813.8        0.999976               1      Successful search (ES-ell)        
     1          48         20744.1        0.999806               1      Successful search (ES-ell)        
     1          76         20579.3         1.03377               1        Successful poll           
     2          81         20415.9         1.04118               1      Successful search (ES-ell)        
     2          83         20280.3         1.04121               1      Successful search (ES-ell)        
     2          91           20117         1.04105               1      Successful search (ES-ell)        
     2         100           20067         1.00366               1      Successful search (ES-ell)        
     2         104         19989.3         1.19064               1      Successful search (ES-ell)        
     2         122         19960.4         1.17934               1      Successful search (ES-ell)        
     2         123         19957.3         1.18775               1      Successful search (ES-ell)        
     2         148         19773.8         1.19019               1        Successful poll           
     3         153         19392.2         1.19019               1      Successful search (ES-ell)        
     3         188         19392.2         1.19019             0.5          Refine grid             Train
     4         195           19392        0.838098             0.5      Incremental search (ES-ell)        
     4         196         19354.8        0.838119             0.5      Successful search (ES-ell)        
     4         202         19287.4        0.838129             0.5      Successful search (ES-ell)        
     4         208         19263.6         0.83811             0.5      Successful search (ES-ell)        
     4         219         19226.8        0.838067             0.5      Successful search (ES-ell)        
     4         254         19226.8        0.838067            0.25          Refine grid             Train
     5         260         19176.6        0.991816            0.25      Successful search (ES-ell)        
     5         298         19176.6        0.991816           0.125          Refine grid             Train
     6         331         19179.8        0.983932          0.0625          Refine grid             Train
     7         365         19227.5        0.988795        0.015625          Refine grid             Train
     8         366         19235.1         1.18875        0.015625      Successful search (ES-ell)        
     8         412         19235.1         1.18875       0.0078125          Refine grid             
     9         414         19267.6         1.14525       0.0078125      Successful search (ES-ell)        
     9         416         19262.7          1.1876       0.0078125      Successful search (ES-wcm)        
     9         459         19262.7          1.1876      0.00390625          Refine grid             
    10         460         19317.9         1.12391      0.00390625      Successful search (ES-ell)        
    10         461         19303.4         1.09332      0.00390625      Successful search (ES-ell)        
    10         462         19265.6          1.1742      0.00390625      Successful search (ES-ell)        
    10         466         19252.4         1.12354      0.00390625      Successful search (ES-ell)        
    10         506         19252.4         1.12354      0.00195312          Refine grid             
    11         541         19324.1        0.568324     0.000976562          Refine grid             
Optimization terminated: change in the function value less than options['tol_mesh']
Estimated function value at minimum: 19362.69329439328 ± 4.690406262128528 (mean ± SEM from 100 samples)
BADS minimum at: x_min = [ 2.0035  7.9797  7.1539  6.7729  3.4818  8.2394  0.484   0.5418 28.5718
  0.0716  1.9933  0.2993], training NLL = 19362.6933
total f-count: 641, time: 28.8 min

 ------- Finish Optimization for Subject 2 ---------- 

 ------- Start Optimization for Subject 3 ---------- 

 Cross Validation fold 0/1
