device is : cuda
['gamma', '2', 'all', 'bads', '1']

 ------- Start Optimization for Subject 2 ---------- 

 Cross Validation fold 0/1

 -- Start Optimization: method BADS --

 Optimization Run 1/1
Initial params: [0.2178, 6.6009, 5.8297, 6.0192, -3.7483, 13.5684, 0.3203, 0.2002, 5.4416, 0.111, 0.1994, 0.6468]
bads:TooCloseBounds: For each variable, hard and plausible bounds should not be too close. Moving plausible bounds.
Variables (index) internally transformed to log coordinates: [[ 0  0]
 [ 0  3]
 [ 0  8]
 [ 0  9]
 [ 0 10]
 [ 0 11]]
Beginning optimization of a STOCHASTIC objective function

 Iteration    f-count      E[f(x)]        SD[f(x)]           MeshScale          Method              Actions
     0           1         31383.1             nan               1                                  
     0          28         28413.7             nan               1          Initial mesh            Initial points
     0          37         26640.4        0.987715               1        Successful poll           Train
     1          38         25869.4        0.987716               1      Successful search (ES-wcm)        
     1          39         23749.5        0.987715               1      Successful search (ES-wcm)        
     1          43         23190.7        0.987712               1      Successful search (ES-wcm)        
     1          44         23030.4        0.987687               1      Successful search (ES-wcm)        
     1          45         22648.5        0.987677               1      Successful search (ES-wcm)        
     1          54         21713.9         1.00135               1      Successful search (ES-wcm)        
     1          55         21310.8         1.00135               1      Successful search (ES-wcm)        
     1          56         21269.7         1.00135               1      Successful search (ES-wcm)        
     1          57         21182.3         1.00135               1      Successful search (ES-wcm)        
     1          63           21045         1.00135               1      Successful search (ES-wcm)        
     1          65         20761.6         1.00134               1      Successful search (ES-wcm)        
     1          72         20653.4         1.00075               1      Successful search (ES-wcm)        
     1          76         20557.7          1.0008               1      Successful search (ES-wcm)        
     1          77         20542.6         1.00125               1      Successful search (ES-wcm)        
     1          80           20368          1.0333               1      Successful search (ES-wcm)        
     1          82         20225.7         1.03325               1      Successful search (ES-wcm)        
     1          83         20202.9          1.0333               1      Successful search (ES-wcm)        
     1          85         20189.3         1.03331               1      Successful search (ES-wcm)        
     1          88         20101.3         1.03327               1      Successful search (ES-wcm)        
     1          91         19988.5          1.0333               1      Successful search (ES-wcm)        
     1          92         19644.2          1.0333               1      Successful search (ES-wcm)        
     1          95         19480.3         1.03328               1      Successful search (ES-wcm)        
     1         127         19480.3         1.03328             0.5          Refine grid             
     2         128         19424.3          1.0222             0.5      Successful search (ES-wcm)        
     2         131         19354.5         1.06592             0.5      Successful search (ES-wcm)        
     2         133         19302.3         1.06593             0.5      Successful search (ES-wcm)        
     2         171         19302.3         1.06593            0.25          Refine grid             Train
     3         204         19303.9         1.19256           0.125          Refine grid             Train
     4         205         19317.1         13.9581           0.125      Successful search (ES-wcm)        
     4         206           19282         36.0102           0.125      Successful search (ES-wcm)        
     4         208         19238.5         38.5622           0.125      Successful search (ES-wcm)        
     4         210         19209.3          27.409           0.125      Successful search (ES-wcm)        
     4         213         19209.2         28.2057           0.125      Successful search (ES-wcm)        
     4         214         19186.2         34.4407           0.125      Successful search (ES-wcm)        
     4         250         19186.2         34.4407          0.0625          Refine grid             Train
     5         251         19205.4         10.8891          0.0625      Successful search (ES-wcm)        
     5         252         19191.6         12.5197          0.0625      Successful search (ES-wcm)        
     5         253         19190.2         21.4842          0.0625      Successful search (ES-wcm)        
     5         255         19183.3         18.0996          0.0625      Successful search (ES-wcm)        
     5         296         19178.9         12.0557           0.125        Successful poll           
     6         297         19168.3           26.46           0.125      Successful search (ES-wcm)        
     6         301         19165.6         17.2745           0.125      Successful search (ES-wcm)        
     6         342         19165.6         17.2745          0.0625          Refine grid             
     7         343         19170.8         7.93177          0.0625      Successful search (ES-wcm)        
     7         388         19170.8         7.93177         0.03125          Refine grid             
     8         389         19180.3         6.55792         0.03125      Successful search (ES-ell)        
     8         390         19176.9         7.04467         0.03125      Successful search (ES-ell)        
     8         391         19169.5         8.13965         0.03125      Successful search (ES-ell)        
     8         392           19166         13.0927         0.03125      Successful search (ES-ell)        
     8         434           19166         13.0927        0.015625          Refine grid             Train
     9         435         19180.6         5.87395        0.015625      Successful search (ES-wcm)        
     9         436           19177         6.23483        0.015625      Successful search (ES-wcm)        
     9         437         19169.1          7.5625        0.015625      Successful search (ES-wcm)        
     9         439         19162.8         10.7123        0.015625      Successful search (ES-wcm)        
     9         480         19162.8         10.7123       0.0078125          Refine grid             
    10         514           19181         9.47417      0.00390625          Refine grid             
    11         515         19187.4         4.83345      0.00390625      Successful search (ES-wcm)        
    11         516         19186.8         5.04468      0.00390625      Successful search (ES-wcm)        
    11         517         19184.3         4.88409      0.00390625      Successful search (ES-wcm)        
    11         518         19178.6         6.50409      0.00390625      Successful search (ES-ell)        
    11         519         19177.1         9.58644      0.00390625      Successful search (ES-ell)        
    11         520         19164.8         14.5075      0.00390625      Successful search (ES-ell)        
    11         521         19143.6         20.9041      0.00390625      Successful search (ES-ell)        
    11         523           19138         21.4428      0.00390625      Successful search (ES-ell)        
    11         562           19138         21.4428      0.00195312          Refine grid             Train
    12         563         19175.9         6.98155      0.00195312      Successful search (ES-wcm)        
    12         564         19175.5         7.16011      0.00195312      Successful search (ES-wcm)        
    12         565         19174.3         7.33849      0.00195312      Successful search (ES-wcm)        
    12         566         19171.2         7.73482      0.00195312      Successful search (ES-wcm)        
    12         567         19170.4            8.48      0.00195312      Successful search (ES-wcm)        
    12         568         19168.7         9.43894      0.00195312      Successful search (ES-wcm)        
    12         570         19168.2         9.80692      0.00195312      Successful search (ES-wcm)        
    12         610         19168.2         9.80692     0.000976562          Refine grid             Train
Optimization terminated: change in the function value less than options['tol_mesh']
Estimated function value at minimum: 19189.443580235584 ± 4.6619613143267635 (mean ± SEM from 100 samples)
BADS minimum at: x_min = [ 2.4163  7.1428  5.3965  0.4585 -0.1996  7.1601  0.5598  0.7186  1.1721
  0.0338  0.      0.2824], training NLL = 19189.4436
total f-count: 710, time: 30.61 min

 ------- Finish Optimization for Subject 2 ---------- 

 ------- Start Optimization for Subject 3 ---------- 

 Cross Validation fold 0/1

 -- Start Optimization: method BADS --

 Optimization Run 1/1
Initial params: [0.3539, 2.4072, 8.5854, 17.4499, -1.3153, 10.9214, 0.5513, 0.2373, 17.6788, 0.3077, 0.4522, 0.0625]
bads:TooCloseBounds: For each variable, hard and plausible bounds should not be too close. Moving plausible bounds.
Variables (index) internally transformed to log coordinates: [[ 0  0]
 [ 0  3]
 [ 0  8]
 [ 0  9]
 [ 0 10]
 [ 0 11]]
Beginning optimization of a STOCHASTIC objective function

 Iteration    f-count      E[f(x)]        SD[f(x)]           MeshScale          Method              Actions
     0           1         30673.9             nan               1                                  
     0          28         27984.1             nan               1          Initial mesh            Initial points
     0          29           27286         1.00288               1        Successful poll           Train
     1          31         26767.7         1.00288               1      Successful search (ES-wcm)        
     1          32         26520.7         1.00288               1      Successful search (ES-wcm)        
     1          35         26138.4         1.00288               1      Successful search (ES-wcm)        
     1          36         24819.3         1.00288               1      Successful search (ES-wcm)        
     1          37         24716.9         1.00288               1      Successful search (ES-wcm)        
     1          39         23879.8         1.00288               1      Successful search (ES-ell)        
     1          40         23258.6         1.00288               1      Successful search (ES-ell)        
     1          43         23104.9         1.00288               1      Successful search (ES-ell)        
     1          45         22524.2         1.00287               1      Successful search (ES-ell)        
     1          48         22065.6         1.00286               1      Successful search (ES-ell)        
     1          49         21817.8         1.00282               1      Successful search (ES-ell)        
     1          50         21801.8         1.00286               1      Successful search (ES-ell)        
     1          51         21642.6         1.00287               1      Successful search (ES-ell)        
     1          54         21303.6          1.0199               1      Successful search (ES-ell)        
     1          58         21303.3         1.01987               1      Incremental search (ES-ell)        
     1          60         21134.6          1.0199               1      Successful search (ES-ell)        
     1          65         21036.2         1.01962               1      Successful search (ES-ell)        
     1          66         21003.4         1.01988               1      Successful search (ES-ell)        
     1          75         20997.7         1.01595               1      Successful search (ES-ell)        
     1          79         20937.2        0.952425               1      Successful search (ES-ell)        
     1          80         20734.2        0.952401               1      Successful search (ES-ell)        
     1          91         20234.9        0.952138               1      Successful search (ES-ell)        
     1          98         20145.7        0.937639               1      Successful search (ES-ell)        
     1         101         20112.4        0.890648               1      Successful search (ES-ell)        
     1         106         20013.3         1.11778               1      Successful search (ES-ell)        
     1         117         19971.9         1.11757               1      Successful search (ES-ell)        
     1         118         19851.4         1.11781               1      Successful search (ES-wcm)        
     1         129           19795         1.11461               1      Successful search (ES-wcm)        
     1         135         19763.4         1.11427               1      Successful search (ES-wcm)        
     1         137         19700.6         1.11423               1      Successful search (ES-wcm)        
     1         142         19621.5          1.1146               1      Successful search (ES-wcm)        
     1         160         19591.6         1.10296               1      Successful search (ES-wcm)        
     1         192         19591.6         1.10296             0.5          Refine grid             Train
     2         209         19477.1         1.27333               1        Successful poll           Train
     3         214           19461         1.13035               1      Successful search (ES-wcm)        
     3         252         19418.2         1.13035               1        Successful poll           
     4         256         19322.6           1.123               1      Successful search (ES-wcm)        
     4         264         19318.8         1.12298               1      Successful search (ES-wcm)        
     4         268           19306           1.123               1      Successful search (ES-wcm)        
     4         271         19261.9           1.123               1      Successful search (ES-wcm)        
     4         279         19199.2           1.123               1      Successful search (ES-wcm)        
     4         283         19150.8           1.123               1      Successful search (ES-wcm)        
     4         287         19125.6           1.123               1      Successful search (ES-wcm)        
     4         288         19109.7           1.123               1      Successful search (ES-wcm)        
     4         289         19076.3           1.123               1      Successful search (ES-wcm)        
     4         296         19003.9         1.11218               1      Successful search (ES-wcm)        
     4         298         18988.7         1.11218               1      Successful search (ES-wcm)        
     4         299         18908.3         1.11219               1      Successful search (ES-wcm)        
     4         300         18698.4         1.11219               1      Successful search (ES-wcm)        
     4         303         18602.9         1.11218               1      Successful search (ES-wcm)        
     4         304         18564.7         1.11218               1      Successful search (ES-wcm)        
     4         309         18537.6         1.11218               1      Successful search (ES-wcm)        
     4         311         18494.8         1.11216               1      Successful search (ES-ell)        
     4         319         18488.7         1.11207               1      Successful search (ES-ell)        
     4         323         18485.3         1.11165               1      Successful search (ES-ell)        
     4         331         18481.9         1.11172               1      Successful search (ES-ell)        
     4         332         18446.6         1.11207               1      Successful search (ES-ell)        
     4         335         18407.5         1.11218               1      Successful search (ES-wcm)        
     4         339         18388.3         1.11217               1      Successful search (ES-wcm)        
     4         376         18388.3         1.11217             0.5          Refine grid             
     5         377         18326.1         1.19627             0.5      Successful search (ES-wcm)        
     5         382         18252.1         1.19626             0.5      Successful search (ES-wcm)        
     5         420         18252.1         1.19626            0.25          Refine grid             Train
     6         453         18301.1         1.10458           0.125          Refine grid             Train
     7         454         18297.7         13.4844           0.125      Successful search (ES-wcm)        
     7         456         18272.3         21.7181           0.125      Successful search (ES-wcm)        
     7         458         18246.6         20.3423           0.125      Successful search (ES-wcm)        
     7         459         18236.9         24.1733           0.125      Successful search (ES-wcm)        
     7         460         18207.7         22.6552           0.125      Successful search (ES-wcm)        
     7         498         18207.7         22.6552          0.0625          Refine grid             Train
     8         499         18309.2         8.28882          0.0625      Successful search (ES-wcm)        
     8         500         18299.5         10.8852          0.0625      Successful search (ES-wcm)        
     8         501         18295.4         21.8492          0.0625      Successful search (ES-wcm)        
     8         543         18295.4         21.8492         0.03125          Refine grid             
     9         544         18315.3         6.87025         0.03125      Successful search (ES-ell)        
     9         545         18307.3         7.47034         0.03125      Successful search (ES-ell)        
     9         546         18297.8         9.51907         0.03125      Successful search (ES-ell)        
     9         547         18288.6         11.2669         0.03125      Successful search (ES-ell)        
     9         548           18273         15.3607         0.03125      Successful search (ES-ell)        
     9         549           18258         20.2129         0.03125      Successful search (ES-ell)        
     9         550           18256         28.3346         0.03125      Successful search (ES-ell)        
     9         589           18256         28.3346        0.015625          Refine grid             
    10         590         18291.8         6.84221        0.015625      Successful search (ES-ell)        
    10         591         18288.6         7.42111        0.015625      Successful search (ES-ell)        
    10         592         18286.4         7.76455        0.015625      Successful search (ES-wcm)        
    10         593         18280.5         9.41881        0.015625      Successful search (ES-ell)        
    10         594         18276.3          11.567        0.015625      Successful search (ES-ell)        
    10         595         18275.7         16.0141        0.015625      Successful search (ES-ell)        
    10         596         18270.6         21.0018        0.015625      Successful search (ES-ell)        
    10         597         18259.6         26.4643        0.015625      Successful search (ES-ell)        
    10         611         18256.6         10.4201        0.015625      Successful search (ES-ell)        
    10         614         18255.6         9.75192        0.015625      Successful search (ES-ell)        
    10         615         18248.6         9.85765        0.015625      Successful search (ES-ell)        
    10         616         18236.6         10.5596        0.015625      Successful search (ES-ell)        
    10         617         18229.6         11.8443        0.015625      Successful search (ES-ell)        
    10         659         18229.6         11.8443       0.0078125          Refine grid             
    11         660         18272.3         6.33184       0.0078125      Successful search (ES-ell)        
    11         661           18268         6.40268       0.0078125      Successful search (ES-ell)        
    11         662         18264.1         6.20535       0.0078125      Successful search (ES-ell)        
    11         663         18262.3         6.69657       0.0078125      Successful search (ES-ell)        
    11         664           18258         7.68129       0.0078125      Successful search (ES-ell)        
    11         665         18255.7         8.76954       0.0078125      Successful search (ES-ell)        
    11         666         18247.5          10.427       0.0078125      Successful search (ES-ell)        
    11         667         18239.3         15.4917       0.0078125      Successful search (ES-ell)        
    11         668         18228.6          21.875       0.0078125      Successful search (ES-ell)        
    11         707         18228.6          21.875      0.00390625          Refine grid             
    12         710         18258.9         6.67185      0.00390625      Successful search (ES-ell)        
    12         711         18258.1         6.63297      0.00390625      Successful search (ES-ell)        
    12         713         18257.9         6.57295      0.00390625      Successful search (ES-wcm)        
    12         714         18257.3         6.59772      0.00390625      Successful search (ES-wcm)        
    12         715         18255.5         6.70364      0.00390625      Successful search (ES-wcm)        
    12         716         18253.8         6.82899      0.00390625      Successful search (ES-wcm)        
    12         717           18253         7.04903      0.00390625      Successful search (ES-wcm)        
    12         718         18249.5          7.3665      0.00390625      Successful search (ES-wcm)        
    12         719         18248.9         7.98305      0.00390625      Successful search (ES-wcm)        
    12         720         18248.3         7.99567      0.00390625      Successful search (ES-wcm)        
    12         722         18247.8          7.9035      0.00390625      Successful search (ES-wcm)        
    12         767         18247.8          7.9035      0.00195312          Refine grid             
    13         769         18264.8         5.38519      0.00195312      Successful search (ES-wcm)        
    13         815         18264.8         5.38519     0.000976562          Refine grid             Train
Optimization terminated: change in the function value less than options['tol_mesh']
Estimated function value at minimum: 18260.33085573219 ± 5.125164442722862 (mean ± SEM from 100 samples)
BADS minimum at: x_min = [ 4.4201  6.966   6.8807  0.0974 -0.6915  7.1454  0.5528  0.6718  0.9881
  0.0405  0.1478  0.2786], training NLL = 18260.3309
total f-count: 915, time: 60.0 min

 ------- Finish Optimization for Subject 3 ---------- 

 ------- Start Optimization for Subject 5 ---------- 

 Cross Validation fold 0/1

 -- Start Optimization: method BADS --

 Optimization Run 1/1
Initial params: [1.7338, 9.4473, 13.6509, 6.4105, 4.6041, 19.9044, 0.5701, 0.2126, 17.5321, 0.2701, 0.7985, 0.2139]
bads:TooCloseBounds: For each variable, hard and plausible bounds should not be too close. Moving plausible bounds.
Variables (index) internally transformed to log coordinates: [[ 0  0]
 [ 0  3]
 [ 0  8]
 [ 0  9]
 [ 0 10]
 [ 0 11]]
Beginning optimization of a STOCHASTIC objective function

 Iteration    f-count      E[f(x)]        SD[f(x)]           MeshScale          Method              Actions
     0           1         28623.7             nan               1                                  
     0          28         26981.1             nan               1          Initial mesh            Initial points
     0          29         25650.2        0.999986               1        Successful poll           Train
     1          32         25153.6        0.999976               1      Successful search (ES-wcm)        
     1          33         24741.4        0.999985               1      Successful search (ES-wcm)        
     1          35         23935.5        0.999984               1      Successful search (ES-wcm)        
     1          39         23217.4         0.99997               1      Successful search (ES-ell)        
     1          44         21923.6         0.99998               1      Successful search (ES-ell)        
     1          46         21577.6        0.999948               1      Successful search (ES-ell)        
     1          49         20638.1        0.999925               1      Successful search (ES-ell)        
     1          79         20340.9         1.00115               1        Successful poll           Train
     2          85           20316         1.05093               1      Successful search (ES-ell)        
     2          86         20239.7         1.05094               1      Successful search (ES-ell)        
     2          88         20174.4         1.05094               1      Successful search (ES-ell)        
     2          90         20057.8         1.05094               1      Successful search (ES-ell)        
     2          91         19991.4         1.05095               1      Successful search (ES-ell)        
     2          93         19766.4         1.05096               1      Successful search (ES-ell)        
     2         104         19450.1         1.13843               1      Successful search (ES-ell)        
     2         111         19428.6         1.13825               1      Successful search (ES-ell)        
     2         115         19391.5         1.13842               1      Successful search (ES-wcm)        
     2         118         19266.6         1.13842               1      Successful search (ES-wcm)        
     2         120         19220.1         1.13843               1      Successful search (ES-wcm)        
     2         121         19024.8         1.13843               1      Successful search (ES-wcm)        
     2         135         18970.4          1.2469               1      Successful search (ES-wcm)        
     2         137         18963.7         1.24689               1      Successful search (ES-wcm)        
     2         145         18912.8         1.24668               1      Successful search (ES-wcm)        
     2         179         18912.8         1.24668             0.5          Refine grid             Train
     3         188         18893.5         1.20407             0.5      Successful search (ES-wcm)        
     3         221         18893.5         1.20407            0.25          Refine grid             
     4         253         18876.1         1.15616             0.5        Successful poll           Train
     5         284         18876.1         1.15616            0.25          Refine grid             Train
     6         286         18909.2         1.68395            0.25      Successful search (ES-ell)        
     6         299         18874.6         1.68389            0.25      Successful search (ES-ell)        
     6         311         18860.6         1.68393            0.25      Successful search (ES-ell)        
     6         354         18860.6         1.68393           0.125          Refine grid             
     7         359         18914.4         1.68093           0.125      Successful search (ES-ell)        
     7         360           18874         1.68105           0.125      Successful search (ES-ell)        
     7         364         18844.9          1.6753           0.125      Successful search (ES-ell)        
     7         384           18804            11.5            0.25        Successful poll           
     8         385         18782.4         23.7387            0.25      Successful search (ES-wcm)        
     8         430         18782.4         23.7387           0.125          Refine grid             
     9         431           18873         1.68396           0.125      Successful search (ES-wcm)        
     9         459         18816.9         9.15145            0.25        Successful poll           
    10         462         18762.3         13.1434            0.25      Successful search (ES-wcm)        
    10         505         18762.3         13.1434           0.125          Refine grid             Train
    11         540         18917.9        0.972438          0.0625          Refine grid             Train
    12         575         18893.8        0.913289         0.03125          Refine grid             Train
    13         610         18893.8         1.07338        0.015625          Refine grid             Train
    14         645         18893.7         1.12584       0.0078125          Refine grid             Train
    15         680         18935.7        0.996343      0.00390625          Refine grid             Train
    16         681         18964.1          7.6485      0.00390625      Successful search (ES-wcm)        
    16         682         18960.1         7.21322      0.00390625      Successful search (ES-wcm)        
    16         683         18955.3         6.86014      0.00390625      Successful search (ES-wcm)        
    16         684         18949.2         6.44016      0.00390625      Successful search (ES-wcm)        
    16         685         18943.8         6.35609      0.00390625      Successful search (ES-wcm)        
    16         686         18933.9         6.51222      0.00390625      Successful search (ES-wcm)        
    16         687         18919.4         8.58705      0.00390625      Successful search (ES-ell)        
    16         688         18898.2         13.2224      0.00390625      Successful search (ES-ell)        
    16         689         18876.9         21.2496      0.00390625      Successful search (ES-ell)        
    16         727         18876.9         21.2496      0.00195312          Refine grid             Train
    17         728         18892.7         7.56727      0.00195312      Successful search (ES-ell)        
    17         729         18878.5         7.52538      0.00195312      Successful search (ES-ell)        
    17         730         18861.3         7.50544      0.00195312      Successful search (ES-ell)        
    17         731         18836.6         7.50457      0.00195312      Successful search (ES-ell)        
    17         732           18830         7.81299      0.00195312      Successful search (ES-wcm)        
    17         733         18821.6         8.75353      0.00195312      Successful search (ES-wcm)        
    17         734           18807         10.4832      0.00195312      Successful search (ES-wcm)        
    17         735         18766.5         13.0959      0.00195312      Successful search (ES-wcm)        
    17         736         18759.5         20.4485      0.00195312      Successful search (ES-wcm)        
    17         774         18759.5         20.4485     0.000976562          Refine grid             Train
Optimization terminated: change in the function value less than options['tol_mesh']
Estimated function value at minimum: 18921.128758176696 ± 4.936362093809866 (mean ± SEM from 100 samples)
BADS minimum at: x_min = [5.0000e+00 6.0951e+00 5.8959e+00 8.2990e-01 8.4000e-01 8.1979e+00
 4.9830e-01 6.3530e-01 1.0436e+00 1.6050e-01 2.0000e-04 3.2840e-01], training NLL = 18921.1288
total f-count: 874, time: 56.02 min

 ------- Finish Optimization for Subject 5 ---------- 

 ------- Start Optimization for Subject 6 ---------- 

 Cross Validation fold 0/1

 -- Start Optimization: method BADS --

 Optimization Run 1/1
Initial params: [0.3543, 5.1805, 6.5375, 1.5696, 0.8689, 13.5537, 0.3922, 0.2473, 13.3793, 0.6438, 0.5403, 0.8713]
bads:TooCloseBounds: For each variable, hard and plausible bounds should not be too close. Moving plausible bounds.
Variables (index) internally transformed to log coordinates: [[ 0  0]
 [ 0  3]
 [ 0  8]
 [ 0  9]
 [ 0 10]
 [ 0 11]]
Beginning optimization of a STOCHASTIC objective function

 Iteration    f-count      E[f(x)]        SD[f(x)]           MeshScale          Method              Actions
     0           1         26946.8             nan               1                                  
     0          28         25157.2             nan               1          Initial mesh            Initial points
     0          29         24120.3        0.999996               1        Successful poll           Train
     1          32         23434.2        0.999993               1      Successful search (ES-wcm)        
     1          33         23004.8        0.999995               1      Successful search (ES-wcm)        
     1          35         22928.9        0.999993               1      Successful search (ES-wcm)        
     1          40         22910.7        0.999961               1      Successful search (ES-wcm)        
     1          41         22795.4         0.99999               1      Successful search (ES-ell)        
     1          43         22526.8        0.999992               1      Successful search (ES-ell)        
     1          44         21766.7        0.999994               1      Successful search (ES-ell)        
     1          45         21443.6        0.999994               1      Successful search (ES-ell)        
     1          52         21189.2        0.999952               1      Successful search (ES-ell)        
     1          53         20920.6        0.999969               1      Successful search (ES-ell)        
     1          59         20503.3        0.999511               1      Successful search (ES-ell)        
     1          64         20443.8        0.997963               1      Successful search (ES-ell)        
     1          67         19914.9         0.99959               1      Successful search (ES-ell)        
     1          73           19839        0.999087               1      Successful search (ES-ell)        
     1          77         19773.6        0.997051               1      Successful search (ES-ell)        
     1          80         19610.7         1.10932               1      Successful search (ES-wcm)        
     1          82           19464         1.10935               1      Successful search (ES-wcm)        
     1          89         19442.1         1.10673               1      Successful search (ES-wcm)        
     1          91         19275.3         1.10946               1      Successful search (ES-ell)        
     1          96         19191.7         1.10887               1      Successful search (ES-ell)        
     1          98         19062.2         1.10886               1      Successful search (ES-ell)        
     1         102         18914.4          1.1095               1      Successful search (ES-ell)        
     1         106         18836.8          1.0579               1      Successful search (ES-ell)        
     1         116           18720         1.05748               1      Successful search (ES-ell)        
     1         119         18677.5         1.05676               1      Successful search (ES-ell)        
     1         120         18630.3         1.05776               1      Successful search (ES-wcm)        
     1         123         18628.2          1.0571               1      Successful search (ES-wcm)        
     1         125           18625          1.0574               1      Successful search (ES-ell)        
     1         126         18614.1         1.05728               1      Successful search (ES-wcm)        
     1         132         18610.4         1.41804               1      Successful search (ES-wcm)        
     1         133         18538.8          1.4168               1      Successful search (ES-wcm)        
     1         136         18535.8         1.41593               1      Successful search (ES-wcm)        
     1         141         18408.2         1.41717               1      Successful search (ES-wcm)        
     1         178         18408.2         1.41717             0.5          Refine grid             
     2         189         18412.1         1.01202             0.5      Successful search (ES-ell)        
     2         222         18412.1         1.01202            0.25          Refine grid             
     3         224         18466.5         1.07652            0.25      Successful search (ES-ell)        
     3         229         18427.6         1.06408            0.25      Successful search (ES-ell)        
     3         231         18376.1         1.06816            0.25      Successful search (ES-ell)        
     3         266         18376.1         1.06816           0.125          Refine grid             
     4         276         18376.2         0.75196           0.125      Successful search (ES-ell)        
     4         286         18370.7        0.752291           0.125      Successful search (ES-ell)        
     4         287         18364.9        0.758642           0.125      Successful search (ES-ell)        
     4         293         18364.1        0.764299           0.125      Successful search (ES-wcm)        
     4         305         18281.9         1.42204           0.125      Successful search (ES-wcm)        
     4         347         18281.9         1.42204          0.0625          Refine grid             Train
     5         380         18286.7        0.764316         0.03125          Refine grid             Train
     6         382           18359        0.764074         0.03125      Successful search (ES-wcm)        
     6         400         18343.7        0.701362         0.03125      Successful search (ES-wcm)        
     6         437         18343.7        0.701362        0.015625          Refine grid             Train
     7         439         18381.9         0.76125        0.015625      Successful search (ES-wcm)        
     7         483         18381.9         0.76125       0.0078125          Refine grid             
     8         518         18400.9        0.572437      0.00390625          Refine grid             
     9         519         18457.5         8.83705      0.00390625      Successful search (ES-wcm)        
     9         520         18456.7         9.22079      0.00390625      Successful search (ES-wcm)        
     9         523         18455.2         9.16972      0.00390625      Successful search (ES-ell)        
     9         524         18453.7         9.88292      0.00390625      Successful search (ES-ell)        
     9         525         18452.6         11.0793      0.00390625      Successful search (ES-ell)        
     9         526         18448.4         12.4618      0.00390625      Successful search (ES-ell)        
     9         527         18448.3         14.1707      0.00390625      Successful search (ES-ell)        
     9         528         18445.8         16.9637      0.00390625      Successful search (ES-ell)        
     9         530         18444.6          21.248      0.00390625      Successful search (ES-wcm)        
     9         564         18444.6          21.248      0.00195312          Refine grid             Train
    10         565         18465.1         4.47782      0.00195312      Successful search (ES-wcm)        
    10         566         18463.3         4.81341      0.00195312      Successful search (ES-wcm)        
    10         567         18458.9         5.14157      0.00195312      Successful search (ES-wcm)        
    10         568         18458.8         6.09828      0.00195312      Successful search (ES-ell)        
    10         569         18449.6         7.71352      0.00195312      Successful search (ES-wcm)        
    10         570         18441.7         10.1167      0.00195312      Successful search (ES-ell)        
    10         571         18439.6         14.1528      0.00195312      Successful search (ES-ell)        
    10         572         18427.5         20.0698      0.00195312      Successful search (ES-ell)        
    10         573         18426.8         26.5329      0.00195312      Successful search (ES-ell)        
    10         574         18400.8         30.1469      0.00195312      Successful search (ES-ell)        
    10         612         18400.8         30.1469     0.000976562          Refine grid             
Optimization terminated: change in the function value less than options['tol_mesh']
Estimated function value at minimum: 18468.895526243046 ± 5.142258681299481 (mean ± SEM from 100 samples)
BADS minimum at: x_min = [4.9461e+00 7.7105e+00 8.2268e+00 1.6630e+00 6.1420e-01 8.3750e+00
 5.0370e-01 4.1910e-01 6.0480e-01 3.4000e-03 0.0000e+00 2.2390e-01], training NLL = 18468.8955
total f-count: 712, time: 30.4 min

 ------- Finish Optimization for Subject 6 ---------- 

 ------- Start Optimization for Subject 11 ---------- 

 Cross Validation fold 0/1

 -- Start Optimization: method BADS --

 Optimization Run 1/1
Initial params: [0.2924, 5.3998, 13.9359, 19.9648, -0.5728, 20.0091, 0.3224, 0.1406, 0.2238, 0.7712, 0.3298, 0.5297]
bads:TooCloseBounds: For each variable, hard and plausible bounds should not be too close. Moving plausible bounds.
Variables (index) internally transformed to log coordinates: [[ 0  0]
 [ 0  3]
 [ 0  8]
 [ 0  9]
 [ 0 10]
 [ 0 11]]
Beginning optimization of a STOCHASTIC objective function

 Iteration    f-count      E[f(x)]        SD[f(x)]           MeshScale          Method              Actions
     0           1         27774.4             nan               1                                  
     0          28         26215.3             nan               1          Initial mesh            Initial points
     0          29         26135.3         1.00904               1        Successful poll           Train
     1          32         25867.6         1.00904               1      Successful search (ES-ell)        
     1          34         25160.5         1.00904               1      Successful search (ES-ell)        
     1          36         24538.3         1.00904               1      Successful search (ES-ell)        
     1          37         24283.9         1.00904               1      Successful search (ES-ell)        
     1          40         24034.2         1.00904               1      Successful search (ES-ell)        
     1          50         23984.1         1.00742               1      Successful search (ES-ell)        
     1          53         23921.3         1.00043               1      Successful search (ES-ell)        
     1          61         23900.4          1.0027               1      Successful search (ES-ell)        
     1          66         23841.7         1.00398               1      Successful search (ES-ell)        
     1          69         23608.6         1.00397               1      Successful search (ES-ell)        
     1          73         23394.7         1.00393               1      Successful search (ES-ell)        
     1          77         23384.7         1.00364               1      Successful search (ES-ell)        
     1          79         23343.3          1.0041               1      Successful search (ES-ell)        
     1          80         22576.9         1.00411               1      Successful search (ES-ell)        
     1          87         22551.3         1.00408               1      Successful search (ES-wcm)        
     1          88         22495.8         1.00405               1      Successful search (ES-ell)        
     1          90         22484.3          1.0041               1      Successful search (ES-ell)        
     1          91         22373.7          1.0041               1      Successful search (ES-ell)        
     1          95           22164          1.0041               1      Successful search (ES-ell)        
     1          98         21280.1          1.0041               1      Successful search (ES-wcm)        
     1         100         21217.4         1.00409               1      Successful search (ES-wcm)        
     1         104         20921.3         1.02025               1      Successful search (ES-ell)        
     1         113         20899.7         1.01042               1      Successful search (ES-wcm)        
     1         117         20818.6         1.01919               1      Successful search (ES-wcm)        
     1         122         20775.5         1.01864               1      Successful search (ES-wcm)        
     1         123         20700.1         1.01989               1      Successful search (ES-wcm)        
     1         125         20664.1         1.01738               1      Successful search (ES-wcm)        
     1         129         20286.5        0.904792               1      Successful search (ES-wcm)        
     1         130         19916.3        0.904851               1      Successful search (ES-wcm)        
     1         132         19850.7        0.904848               1      Successful search (ES-wcm)        
     1         136           19781        0.904824               1      Successful search (ES-wcm)        
     1         139         19707.7        0.904809               1      Successful search (ES-wcm)        
     1         148         19634.9        0.903528               1      Successful search (ES-wcm)        
     1         181         19634.9        0.903528             0.5          Refine grid             Train
     2         183           19649          32.837             0.5      Successful search (ES-ell)        
     2         186         19586.6         29.4013             0.5      Successful search (ES-ell)        
     2         227         19586.6         29.4013            0.25          Refine grid             
     3         228         19600.8         37.2474            0.25      Successful search (ES-wcm)        
     3         229         19564.8         38.4959            0.25      Successful search (ES-wcm)        
     3         235         19523.6         34.7786            0.25      Successful search (ES-wcm)        
     3         237         19420.5         35.2609            0.25      Successful search (ES-wcm)        
     3         274         19420.5         35.2609           0.125          Refine grid             
     4         275         19468.4         15.4238           0.125      Successful search (ES-wcm)        
     4         276         19388.3         25.5454           0.125      Successful search (ES-wcm)        
     4         277         19343.8         42.4303           0.125      Successful search (ES-wcm)        
     4         280         19330.7         35.7593           0.125      Successful search (ES-wcm)        
     4         283         19309.5         30.4879           0.125      Successful search (ES-wcm)        
     4         284         19301.4         40.4619           0.125      Successful search (ES-wcm)        
     4         286         19293.8         31.2489           0.125      Successful search (ES-wcm)        
     4         287         19284.1         30.1227           0.125      Successful search (ES-wcm)        
     4         333         19284.1         30.1227          0.0625          Refine grid             
     5         334         19351.2         13.4355          0.0625      Successful search (ES-wcm)        
     5         346         19346.8         9.70868          0.0625      Successful search (ES-wcm)        
     5         347         19329.8         12.5759          0.0625      Successful search (ES-wcm)        
     5         348         19272.5         16.3556          0.0625      Successful search (ES-wcm)        
     5         349           19243         30.7603          0.0625      Successful search (ES-wcm)        
     5         351         19232.3         30.8984          0.0625      Successful search (ES-wcm)        
     5         352         19213.9         39.3397          0.0625      Successful search (ES-wcm)        
     5         355         19213.6         35.5963          0.0625      Successful search (ES-wcm)        
     5         357         19164.6         32.4034          0.0625      Successful search (ES-wcm)        
     5         361         19163.8         19.9982          0.0625      Successful search (ES-ell)        
     5         362         19129.3         21.9201          0.0625      Successful search (ES-ell)        
     5         363         19083.5         27.7544          0.0625      Successful search (ES-ell)        
     5         364         19045.6         35.6961          0.0625      Successful search (ES-ell)        
     5         367         19044.3         28.6774          0.0625      Successful search (ES-ell)        
     5         405         19044.3         28.6774         0.03125          Refine grid             
     6         406         19077.8         12.5877         0.03125      Successful search (ES-wcm)        
     6         407           19038         17.6795         0.03125      Successful search (ES-ell)        
     6         408         18997.3         25.9047         0.03125      Successful search (ES-ell)        
     6         409         18948.7         35.2044         0.03125      Successful search (ES-ell)        
     6         410         18923.7         42.4633         0.03125      Successful search (ES-ell)        
     6         411         18915.9          41.893         0.03125      Successful search (ES-ell)        
     6         413         18878.6         44.6658         0.03125      Successful search (ES-ell)        
     6         418         18877.8           25.13         0.03125      Successful search (ES-ell)        
     6         421         18875.1         20.7076         0.03125      Successful search (ES-ell)        
     6         430           18874         14.9959         0.03125      Successful search (ES-ell)        
     6         431         18865.8         22.5232         0.03125      Successful search (ES-ell)        
     6         432         18848.6         27.2012         0.03125      Successful search (ES-ell)        
     6         433           18848         32.3354         0.03125      Successful search (ES-ell)        
     6         435         18839.3         30.4024         0.03125      Successful search (ES-ell)        
     6         477         18839.3         30.4024        0.015625          Refine grid             
     7         478           18871         7.54041        0.015625      Successful search (ES-ell)        
     7         479         18864.6         8.63292        0.015625      Successful search (ES-ell)        
     7         480         18852.8         11.9387        0.015625      Successful search (ES-ell)        
     7         481         18831.7          18.302        0.015625      Successful search (ES-ell)        
     7         482         18815.3         22.6271        0.015625      Successful search (ES-wcm)        
     7         525         18815.3         22.6271       0.0078125          Refine grid             
     8         526         18874.2         7.09894       0.0078125      Successful search (ES-wcm)        
     8         527         18871.4         7.20884       0.0078125      Successful search (ES-wcm)        
     8         528         18871.2         7.89068       0.0078125      Successful search (ES-wcm)        
     8         529         18868.5          8.1435       0.0078125      Successful search (ES-wcm)        
     8         530         18867.1         9.38207       0.0078125      Successful search (ES-wcm)        
     8         573         18867.1         9.38207      0.00390625          Refine grid             
     9         609         18878.8         6.70439      0.00195312          Refine grid             Train
    10         610         18891.4         5.04482      0.00195312      Successful search (ES-wcm)        
    10         611         18889.9         5.06173      0.00195312      Successful search (ES-ell)        
    10         612         18888.9         5.17411      0.00195312      Successful search (ES-ell)        
    10         613         18886.8          5.9827      0.00195312      Successful search (ES-ell)        
    10         614         18884.2          7.8171      0.00195312      Successful search (ES-ell)        
    10         615         18880.2         10.1648      0.00195312      Successful search (ES-ell)        
    10         616           18880         15.0746      0.00195312      Successful search (ES-ell)        
    10         617         18860.7         21.0615      0.00195312      Successful search (ES-ell)        
    10         657         18860.7         21.0615     0.000976562          Refine grid             
Optimization terminated: change in the function value less than options['tol_mesh']
Estimated function value at minimum: 18868.138045692194 ± 5.053509344371433 (mean ± SEM from 100 samples)
BADS minimum at: x_min = [ 3.333   6.6628  5.0595  1.835   1.1699 45.1363  0.235   0.5169  1.9617
  0.0642  0.3845  0.2225], training NLL = 18868.138
total f-count: 757, time: 32.49 min

 ------- Finish Optimization for Subject 11 ---------- 

 ------- Start Optimization for Subject 15 ---------- 

 Cross Validation fold 0/1

 -- Start Optimization: method BADS --

 Optimization Run 1/1
Initial params: [1.776, 4.1058, 8.1659, 16.4158, 3.9269, 11.5393, 0.3114, 0.1324, 18.81, 0.0168, 0.019, 0.712]
bads:TooCloseBounds: For each variable, hard and plausible bounds should not be too close. Moving plausible bounds.
Variables (index) internally transformed to log coordinates: [[ 0  0]
 [ 0  3]
 [ 0  8]
 [ 0  9]
 [ 0 10]
 [ 0 11]]
Beginning optimization of a STOCHASTIC objective function

 Iteration    f-count      E[f(x)]        SD[f(x)]           MeshScale          Method              Actions
     0           1         30153.3             nan               1                                  
     0          28           26015             nan               1          Initial mesh            Initial points
     0          29         25992.8        0.980643               1        Successful poll           Train
     1          31         25195.7        0.980639               1      Successful search (ES-wcm)        
     1          32         24889.5        0.980642               1      Successful search (ES-ell)        
     1          34         24860.6        0.980642               1      Successful search (ES-ell)        
     1          35         23072.6        0.980641               1      Successful search (ES-wcm)        
     1          36         21688.8        0.980641               1      Successful search (ES-ell)        
     1          37         20028.1        0.980642               1      Successful search (ES-wcm)        
     1          43         19555.6         0.98064               1      Successful search (ES-ell)        
     1          46         19545.7        0.980635               1      Successful search (ES-ell)        
     1          49         18564.5        0.980631               1      Successful search (ES-ell)        
     1          51           18377        0.980539               1      Successful search (ES-wcm)        
     1          60           18306        0.982326               1      Successful search (ES-ell)        
     1          63         18251.3        0.937233               1      Successful search (ES-ell)        
     1          65         18231.1          0.9673               1      Successful search (ES-ell)        
     1          75           18204        0.832198               1      Successful search (ES-ell)        
     1          79         18135.9         9.03898               1      Successful search (ES-ell)        
     1          80         18131.1         9.03835               1      Successful search (ES-ell)        
     1          82         18054.9          9.0406               1      Successful search (ES-wcm)        
     1          84         17909.6         9.03718               1      Successful search (ES-wcm)        
     1          87           17766          9.0392               1      Successful search (ES-wcm)        
     1          89         17669.8         9.04094               1      Successful search (ES-wcm)        
     1          94         17630.4          9.0204               1      Successful search (ES-wcm)        
     1          95         17543.1         9.03635               1      Successful search (ES-wcm)        
     1         104         17447.6         28.1967               1      Successful search (ES-wcm)        
     1         105         17405.7         35.1494               1      Successful search (ES-wcm)        
     1         106         17319.9         35.1578               1      Successful search (ES-wcm)        
     1         110         17318.3         33.4259               1      Successful search (ES-wcm)        
     1         114         17275.9           35.32               1      Successful search (ES-ell)        
     1         117         17250.6         32.0102               1      Successful search (ES-ell)        
     1         118         17163.9         34.2816               1      Successful search (ES-ell)        
     1         122         17153.3         25.6805               1      Successful search (ES-ell)        
     1         123           17121         29.6119               1      Successful search (ES-ell)        
     1         124         17110.4         30.9344               1      Successful search (ES-ell)        
     1         126         17046.5         29.6645               1      Successful search (ES-ell)        
     1         129         17013.6         30.7166               1      Successful search (ES-ell)        
     1         130         17005.6         33.7732               1      Successful search (ES-ell)        
     1         131         16979.8         35.8456               1      Successful search (ES-ell)        
     1         164         16979.8         35.8456             0.5          Refine grid             Train
     2         165         17027.6         19.2668             0.5      Successful search (ES-wcm)        
     2         166         16959.4         30.7393             0.5      Successful search (ES-wcm)        
     2         167         16932.4         32.4202             0.5      Successful search (ES-wcm)        
     2         168         16843.6         44.1592             0.5      Successful search (ES-wcm)        
     2         206         16843.6         44.1592            0.25          Refine grid             
     3         207         16868.3         11.0121            0.25      Successful search (ES-wcm)        
     3         208         16837.7          17.074            0.25      Successful search (ES-wcm)        
     3         209         16801.6         27.8825            0.25      Successful search (ES-wcm)        
     3         248         16801.6         27.8825           0.125          Refine grid             Train
     4         249         16845.2         8.46243           0.125      Successful search (ES-ell)        
     4         250           16840          21.752           0.125      Successful search (ES-wcm)        
     4         252         16826.6         14.6136           0.125      Successful search (ES-wcm)        
     4         253         16816.9         20.0218           0.125      Successful search (ES-wcm)        
     4         254           16798         27.8159           0.125      Successful search (ES-wcm)        
     4         258         16785.8         19.1046           0.125      Successful search (ES-wcm)        
     4         260         16783.5         20.7767           0.125      Successful search (ES-wcm)        
     4         262         16774.8         15.8489           0.125      Successful search (ES-wcm)        
     4         304         16774.8         15.8489          0.0625          Refine grid             Train
     5         305         16792.5         6.80405          0.0625      Successful search (ES-ell)        
     5         306         16787.7         8.93071          0.0625      Successful search (ES-ell)        
     5         317         16787.3          6.8447          0.0625      Successful search (ES-wcm)        
     5         318         16783.1         7.74815          0.0625      Successful search (ES-wcm)        
     5         319           16779         10.4775          0.0625      Successful search (ES-ell)        
     5         320           16777         13.9692          0.0625      Successful search (ES-ell)        
     5         321           16772         27.0873          0.0625      Successful search (ES-wcm)        
     5         362           16772         27.0873         0.03125          Refine grid             Train
     6         363           16798         5.38672         0.03125      Successful search (ES-wcm)        
     6         364           16796         5.37269         0.03125      Successful search (ES-wcm)        
     6         365         16793.9         5.16171         0.03125      Successful search (ES-wcm)        
     6         366         16791.7         5.37095         0.03125      Successful search (ES-wcm)        
     6         367         16791.5         7.41379         0.03125      Successful search (ES-ell)        
     6         368         16788.2         11.6006         0.03125      Successful search (ES-wcm)        
     6         369         16775.7          19.609         0.03125      Successful search (ES-wcm)        
     6         407         16775.7          19.609        0.015625          Refine grid             
     7         408         16784.9         5.81427        0.015625      Successful search (ES-wcm)        
     7         409           16783         6.03506        0.015625      Successful search (ES-wcm)        
     7         410         16781.7         6.35659        0.015625      Successful search (ES-wcm)        
     7         411         16781.6         7.13033        0.015625      Successful search (ES-wcm)        
     7         453           16780         4.85339         0.03125        Successful poll           
     8         454           16777         4.12988         0.03125      Successful search (ES-wcm)        
     8         455         16776.6         4.56637         0.03125      Successful search (ES-wcm)        
     8         456         16773.4         4.87955         0.03125      Successful search (ES-wcm)        
     8         457         16772.6         6.01084         0.03125      Successful search (ES-wcm)        
     8         498         16772.6         6.01084        0.015625          Refine grid             Train
     9         499         16783.6         4.06777        0.015625      Successful search (ES-wcm)        
     9         500         16782.8         4.14861        0.015625      Successful search (ES-wcm)        
     9         501           16781         4.32996        0.015625      Successful search (ES-wcm)        
     9         502         16778.2         4.72592        0.015625      Successful search (ES-wcm)        
     9         503           16777         5.66272        0.015625      Successful search (ES-wcm)        
     9         504         16774.3          7.4762        0.015625      Successful search (ES-wcm)        
     9         505         16762.6         10.1765        0.015625      Successful search (ES-ell)        
     9         506         16759.9         15.5585        0.015625      Successful search (ES-ell)        
     9         507         16737.7         21.3411        0.015625      Successful search (ES-ell)        
     9         508         16737.5         30.7418        0.015625      Successful search (ES-wcm)        
     9         546         16737.5         30.7418       0.0078125          Refine grid             Train
    10         547         16782.5         3.86026       0.0078125      Successful search (ES-wcm)        
    10         548         16781.4         3.89756       0.0078125      Successful search (ES-wcm)        
    10         549         16780.7         3.99999       0.0078125      Successful search (ES-wcm)        
    10         550         16779.5         4.15169       0.0078125      Successful search (ES-wcm)        
    10         551         16778.9         4.60941       0.0078125      Successful search (ES-wcm)        
    10         552         16776.4         5.14028       0.0078125      Successful search (ES-wcm)        
    10         553         16773.5         5.77186       0.0078125      Successful search (ES-ell)        
    10         554         16770.8         6.43139       0.0078125      Successful search (ES-wcm)        
    10         556         16766.1          7.7861       0.0078125      Successful search (ES-ell)        
    10         591         16766.1          7.7861      0.00390625          Refine grid             
    11         624         16777.4         5.48158      0.00195312          Refine grid             Train
    12         626           16783         4.33003      0.00195312      Successful search (ES-ell)        
    12         627         16782.8         4.30039      0.00195312      Successful search (ES-ell)        
    12         628         16781.7         4.28104      0.00195312      Successful search (ES-ell)        
    12         629         16780.6         4.29616      0.00195312      Successful search (ES-ell)        
    12         630         16779.5         4.28998      0.00195312      Successful search (ES-ell)        
    12         631         16779.2         4.34623      0.00195312      Successful search (ES-ell)        
    12         632         16778.5         4.54496      0.00195312      Successful search (ES-ell)        
    12         633         16777.4         5.15242      0.00195312      Successful search (ES-ell)        
    12         634         16776.3         6.15812      0.00195312      Successful search (ES-ell)        
    12         635         16774.9         8.09592      0.00195312      Successful search (ES-ell)        
    12         636         16772.5         11.0047      0.00195312      Successful search (ES-ell)        
    12         639         16770.8         9.96186      0.00195312      Successful search (ES-wcm)        
    12         640         16770.2         9.72037      0.00195312      Successful search (ES-wcm)        
    12         684         16770.2         9.72037     0.000976562          Refine grid             Train
Optimization terminated: change in the function value less than options['tol_mesh']
Estimated function value at minimum: 16779.400562430827 ± 3.56115964881647 (mean ± SEM from 100 samples)
BADS minimum at: x_min = [ 3.7893 11.3062  9.6858  0.     -7.5495 11.5324  0.5231  0.6032  0.4007
  0.0479  0.      0.4707], training NLL = 16779.4006
total f-count: 784, time: 33.62 min

 ------- Finish Optimization for Subject 15 ---------- 

 ------- Start Optimization for Subject 20 ---------- 

 Cross Validation fold 0/1

 -- Start Optimization: method BADS --

 Optimization Run 1/1
Initial params: [0.4683, 9.9335, 9.9369, 10.3834, -2.8071, 18.6005, 0.6093, 0.2469, 11.2057, 0.9857, 0.6403, 0.4215]
bads:TooCloseBounds: For each variable, hard and plausible bounds should not be too close. Moving plausible bounds.
Variables (index) internally transformed to log coordinates: [[ 0  0]
 [ 0  3]
 [ 0  8]
 [ 0  9]
 [ 0 10]
 [ 0 11]]
Beginning optimization of a STOCHASTIC objective function

 Iteration    f-count      E[f(x)]        SD[f(x)]           MeshScale          Method              Actions
     0           1         28510.1             nan               1                                  
     0          28         27715.4             nan               1          Initial mesh            Initial points
     0          29         26270.5        0.987426               1        Successful poll           Train
     1          34         25618.9        0.987396               1      Successful search (ES-wcm)        
     1          36         25367.8         0.98734               1      Successful search (ES-wcm)        
     1          37         25244.6        0.987363               1      Successful search (ES-wcm)        
     1          39         25243.4        0.987385               1      Successful search (ES-wcm)        
     1          40         24458.4        0.987421               1      Successful search (ES-ell)        
     1          42         22744.9        0.987424               1      Successful search (ES-ell)        
     1          43         22462.8        0.987425               1      Successful search (ES-ell)        
     1          47         21825.4        0.987423               1      Successful search (ES-ell)        
     1          51           20994        0.987347               1      Successful search (ES-ell)        
     1          56         20735.4         1.04509               1      Successful search (ES-ell)        
     1          59         20178.4         1.04508               1      Successful search (ES-ell)        
     1          68         20030.2         1.04506               1      Successful search (ES-ell)        
     1          72         19685.7         1.04496               1      Successful search (ES-ell)        
     1          75         19596.7          1.0448               1      Successful search (ES-ell)        
     1          76         19545.9         1.04489               1      Successful search (ES-ell)        
     1          79         19350.6        0.952049               1      Successful search (ES-ell)        
     1          80         19119.9        0.952057               1      Successful search (ES-wcm)        
     1          85         19081.6        0.951921               1      Successful search (ES-wcm)        
     1          87         19022.2         0.95202               1      Successful search (ES-ell)        
     1          93         18790.8        0.951982               1      Successful search (ES-wcm)        
     1         104         18623.4        0.981929               1      Successful search (ES-wcm)        
     1         107         18349.2        0.981924               1      Successful search (ES-ell)        
     1         109         18280.7        0.981914               1      Successful search (ES-ell)        
     1         118         18252.7        0.981785               1      Successful search (ES-ell)        
     1         119         18202.6        0.981887               1      Successful search (ES-ell)        
     1         122         18182.9        0.981787               1      Successful search (ES-ell)        
     1         135           18137         1.01171               1      Successful search (ES-ell)        
     1         167           18137         1.01171             0.5          Refine grid             Train
     2         168         18174.1         32.7787             0.5      Successful search (ES-ell)        
     2         172         18152.4         18.9583             0.5      Successful search (ES-ell)        
     2         175         18152.4         18.8018             0.5      Incremental search (ES-ell)        
     2         176         18143.9         29.9208             0.5      Successful search (ES-ell)        
     2         211         18143.9         29.9208            0.25          Refine grid             
     3         212           18153         18.7073            0.25      Successful search (ES-wcm)        
     3         219         18152.9         13.9995            0.25      Successful search (ES-wcm)        
     3         220         18152.7         16.1087            0.25      Successful search (ES-wcm)        
     3         222         18152.7         15.3631            0.25      Incremental search (ES-wcm)        
     3         255         18152.7         15.3631           0.125          Refine grid             Train
     4         256         18167.8         9.04696           0.125      Successful search (ES-ell)        
     4         257         18159.3         11.1033           0.125      Successful search (ES-wcm)        
     4         260         18151.8         15.4808           0.125      Successful search (ES-wcm)        
     4         299         18151.8         15.4808          0.0625          Refine grid             
     5         300         18152.7         8.14519          0.0625      Successful search (ES-ell)        
     5         301         18147.4         9.64872          0.0625      Successful search (ES-ell)        
     5         302         18146.3         13.8456          0.0625      Successful search (ES-wcm)        
     5         310         18143.2          10.465          0.0625      Successful search (ES-ell)        
     5         343         18143.2          10.465         0.03125          Refine grid             
     6         344         18154.3          6.5403         0.03125      Successful search (ES-wcm)        
     6         346         18154.2         6.82836         0.03125      Successful search (ES-wcm)        
     6         347         18151.4         7.34899         0.03125      Successful search (ES-ell)        
     6         349         18148.5         7.91786         0.03125      Successful search (ES-ell)        
     6         350         18147.4         9.45934         0.03125      Successful search (ES-wcm)        
     6         352         18145.6         10.9002         0.03125      Successful search (ES-wcm)        
     6         353         18144.3         13.9381         0.03125      Successful search (ES-wcm)        
     6         354         18142.2         19.7652         0.03125      Successful search (ES-wcm)        
     6         369         18063.9         11.1598          0.0625        Successful poll           
     7         401         18064.6         10.9285         0.03125          Refine grid             
     8         423         18138.2         10.1242          0.0625        Successful poll           Train
     9         424         18146.1         6.93326          0.0625      Successful search (ES-wcm)        
     9         467         18146.1         6.93326         0.03125          Refine grid             
    10         468         18150.9         9.48813         0.03125      Successful search (ES-ell)        
    10         469         18146.3         14.6219         0.03125      Successful search (ES-ell)        
    10         471         18132.3         17.7673         0.03125      Successful search (ES-ell)        
    10         511         18132.3         17.7673        0.015625          Refine grid             
    11         512         18155.2         8.24848        0.015625      Successful search (ES-ell)        
    11         513         18152.7         10.3348        0.015625      Successful search (ES-ell)        
    11         514         18150.5         11.6576        0.015625      Successful search (ES-wcm)        
    11         545         18141.5         19.7513         0.03125        Successful poll           Train
    12         578         18159.3         21.5794        0.015625          Refine grid             Train
    13         579         18160.1         8.44939        0.015625      Successful search (ES-wcm)        
    13         581         18159.2         8.75274        0.015625      Successful search (ES-wcm)        
    13         592         18158.8          8.0907        0.015625      Successful search (ES-wcm)        
    13         594         18156.3         8.05392        0.015625      Successful search (ES-ell)        
    13         595         18152.1         8.75293        0.015625      Successful search (ES-ell)        
    13         634         18152.1         8.75293       0.0078125          Refine grid             
    14         635         18161.7          5.8835       0.0078125      Successful search (ES-wcm)        
    14         637         18161.2         5.99348       0.0078125      Successful search (ES-wcm)        
    14         640         18160.8         5.98596       0.0078125      Successful search (ES-wcm)        
    14         667         18152.7         10.2457        0.015625        Successful poll           Train
    15         673         18160.7         8.91651        0.015625      Successful search (ES-ell)        
    15         674         18157.6         9.02164        0.015625      Successful search (ES-ell)        
    15         675         18152.1         9.17832        0.015625      Successful search (ES-ell)        
    15         682           18152         8.51332        0.015625      Successful search (ES-ell)        
    15         683         18149.2         9.55875        0.015625      Successful search (ES-ell)        
    15         686         18148.5         9.52733        0.015625      Successful search (ES-ell)        
    15         723         18148.5         9.52733       0.0078125          Refine grid             
    16         724         18160.4         6.10162       0.0078125      Successful search (ES-ell)        
    16         725         18158.5         6.69612       0.0078125      Successful search (ES-ell)        
    16         727         18158.4         7.25826       0.0078125      Successful search (ES-ell)        
    16         729         18157.9         9.33902       0.0078125      Successful search (ES-ell)        
    16         739         18157.1         8.64701       0.0078125      Successful search (ES-ell)        
    16         740         18156.9         9.59923       0.0078125      Successful search (ES-wcm)        
    16         741         18152.2          11.053       0.0078125      Successful search (ES-wcm)        
    16         742         18147.4         13.3964       0.0078125      Successful search (ES-wcm)        
    16         743         18145.3         17.3622       0.0078125      Successful search (ES-wcm)        
    16         780         18145.3         17.3622      0.00390625          Refine grid             
    17         781         18158.8         5.60307      0.00390625      Successful search (ES-wcm)        
    17         783         18157.3         5.98196      0.00390625      Successful search (ES-ell)        
    17         784         18155.4         6.50956      0.00390625      Successful search (ES-ell)        
    17         786         18154.3         7.17223      0.00390625      Successful search (ES-ell)        
    17         788         18151.7         8.08703      0.00390625      Successful search (ES-wcm)        
    17         826         18151.7         8.08703      0.00195312          Refine grid             
    18         827         18155.3         6.05512      0.00195312      Successful search (ES-ell)        
    18         828         18152.6         6.19789      0.00195312      Successful search (ES-ell)        
    18         829         18150.1         6.49892      0.00195312      Successful search (ES-ell)        
    18         830         18149.7          7.0978      0.00195312      Successful search (ES-ell)        
    18         831         18145.1           8.051      0.00195312      Successful search (ES-ell)        
    18         832         18143.4         9.96313      0.00195312      Successful search (ES-ell)        
    18         873         18143.4         9.96313     0.000976562          Refine grid             Train
Optimization terminated: change in the function value less than options['tol_mesh']
Estimated function value at minimum: 18159.38284758349 ± 4.777706576478887 (mean ± SEM from 100 samples)
BADS minimum at: x_min = [ 4.9986e+00  7.4937e+00  7.5325e+00  3.6700e-02 -4.4910e-01  7.5645e+00
  5.3560e-01  5.5470e-01  1.3317e+00  7.8000e-03  8.0000e-04  2.1630e-01], training NLL = 18159.3828
total f-count: 973, time: 41.87 min

 ------- Finish Optimization for Subject 20 ---------- 

 ------- Start Optimization for Subject 25 ---------- 

 Cross Validation fold 0/1

 -- Start Optimization: method BADS --

 Optimization Run 1/1
Initial params: [0.676, 7.6161, 14.9725, 15.2286, 3.2938, 28.1877, 0.3622, 0.271, 19.7612, 0.3044, 0.1266, 0.7527]
bads:TooCloseBounds: For each variable, hard and plausible bounds should not be too close. Moving plausible bounds.
Variables (index) internally transformed to log coordinates: [[ 0  0]
 [ 0  3]
 [ 0  8]
 [ 0  9]
 [ 0 10]
 [ 0 11]]
Beginning optimization of a STOCHASTIC objective function

 Iteration    f-count      E[f(x)]        SD[f(x)]           MeshScale          Method              Actions
     0           1         27776.8             nan               1                                  
     0          28         27776.8             nan               1          Initial mesh            Initial points
     0          36         26446.9         1.00381               1        Successful poll           Train
     1          37         26431.2         1.00381               1      Successful search (ES-wcm)        
     1          38         25841.5         1.00381               1      Successful search (ES-ell)        
     1          41         24144.1         1.00381               1      Successful search (ES-ell)        
     1          42         23871.6          1.0038               1      Successful search (ES-ell)        
     1          47         23708.9         1.00378               1      Successful search (ES-ell)        
     1          49         23212.1         1.00378               1      Successful search (ES-ell)        
     1          53         23098.5         1.00367               1      Successful search (ES-wcm)        
     1          54         22932.4        0.975802               1      Successful search (ES-ell)        
     1          55         22709.9        0.975803               1      Successful search (ES-ell)        
     1          57         22269.4        0.975802               1      Successful search (ES-ell)        
     1          63         22043.7        0.975523               1      Successful search (ES-ell)        
     1         100         22043.7        0.975523             0.5          Refine grid             
     2         103         22089.1         1.00495             0.5      Successful search (ES-ell)        
     2         104         22016.5        0.991348             0.5      Successful search (ES-ell)        
     2         105         21990.1        0.991359             0.5      Successful search (ES-wcm)        
     2         108         21920.9        0.991359             0.5      Successful search (ES-wcm)        
     2         118         21910.5        0.991357             0.5      Successful search (ES-wcm)        
     2         121         21897.6        0.991355             0.5      Successful search (ES-wcm)        
     2         130         21854.3         1.02476             0.5      Successful search (ES-wcm)        
     2         135         21828.3         1.02458             0.5      Successful search (ES-wcm)        
     2         144         21809.5         1.02443             0.5      Successful search (ES-wcm)        
     2         146         21758.6         1.02431             0.5      Successful search (ES-wcm)        
     2         153         21716.2         1.02461             0.5      Successful search (ES-ell)        
     2         189         21716.2         1.02461            0.25          Refine grid             Train
     3         190           21756          24.517            0.25      Successful search (ES-wcm)        
     3         193         21746.1         20.8558            0.25      Successful search (ES-wcm)        
     3         195         21719.5         24.5211            0.25      Successful search (ES-wcm)        
     3         196         21701.2         39.3992            0.25      Successful search (ES-wcm)        
     3         197         21701.2         35.2866            0.25      Incremental search (ES-wcm)        
     3         198         21659.9         49.8619            0.25      Successful search (ES-ell)        
     3         200         21590.9         56.3283            0.25      Successful search (ES-wcm)        
     3         201         21466.3         56.3479            0.25      Successful search (ES-wcm)        
     3         203         21203.4          50.445            0.25      Successful search (ES-wcm)        
     3         240         21183.5         53.2464             0.5        Successful poll           Train
     4         269         21219.3         54.2621            0.25          Refine grid             Train
     5         270           21246          25.383            0.25      Successful search (ES-wcm)        
     5         271         21227.3         46.9015            0.25      Successful search (ES-wcm)        
     5         279         21221.4         22.1821            0.25      Successful search (ES-wcm)        
     5         280           21203         27.4952            0.25      Successful search (ES-wcm)        
     5         282         21167.8         29.3869            0.25      Successful search (ES-wcm)        
     5         283         21112.2         47.3175            0.25      Successful search (ES-wcm)        
     5         286         21099.2         33.7927            0.25      Successful search (ES-ell)        
     5         287         21092.8         38.1812            0.25      Successful search (ES-ell)        
     5         290         21091.8         36.5613            0.25      Successful search (ES-wcm)        
     5         292         21075.2          32.218            0.25      Successful search (ES-wcm)        
     5         295         21062.3         25.0136            0.25      Successful search (ES-wcm)        
     5         298         21058.5         20.3748            0.25      Successful search (ES-wcm)        
     5         300         21057.5         26.1207            0.25      Successful search (ES-wcm)        
     5         337         21057.5         26.1207           0.125          Refine grid             
     6         338         21059.1         13.6158           0.125      Successful search (ES-wcm)        
     6         339         21049.4         20.7822           0.125      Successful search (ES-wcm)        
     6         342           21042         19.6394           0.125      Successful search (ES-wcm)        
     6         345         21040.8         19.3223           0.125      Successful search (ES-wcm)        
     6         352         21039.7         15.2171           0.125      Successful search (ES-ell)        
     6         355         21038.5         14.2383           0.125      Successful search (ES-wcm)        
     6         356         21035.4         17.7994           0.125      Successful search (ES-wcm)        
     6         357         21012.3         30.6765           0.125      Successful search (ES-wcm)        
     6         362         20990.1         21.4426           0.125      Successful search (ES-ell)        
     6         363         20971.6         28.9345           0.125      Successful search (ES-ell)        
     6         364         20865.8          35.754           0.125      Successful search (ES-ell)        
     6         365           20827         43.4016           0.125      Successful search (ES-ell)        
     6         366         20680.6         45.9809           0.125      Successful search (ES-ell)        
     6         405         20680.6         45.9809          0.0625          Refine grid             
     7         406         20759.4         10.6879          0.0625      Successful search (ES-ell)        
     7         407         20733.8         12.7506          0.0625      Successful search (ES-ell)        
     7         408         20705.2         17.6067          0.0625      Successful search (ES-ell)        
     7         409         20669.1         25.5506          0.0625      Successful search (ES-ell)        
     7         410         20656.6         39.0362          0.0625      Successful search (ES-wcm)        
     7         437           20583         36.7925           0.125        Successful poll           
     8         438         20522.5         34.8061           0.125      Successful search (ES-wcm)        
     8         450         20521.1         17.4838           0.125      Successful search (ES-wcm)        
     8         451         20515.5         27.6437           0.125      Successful search (ES-ell)        
     8         452         20478.4         38.3342           0.125      Successful search (ES-ell)        
     8         454         20476.2         29.6045           0.125      Successful search (ES-ell)        
     8         455         20469.1         43.1147           0.125      Successful search (ES-ell)        
     8         456         20390.8         43.7149           0.125      Successful search (ES-ell)        
     8         458         20278.7         42.6361           0.125      Successful search (ES-ell)        
     8         484         20222.7          49.994            0.25        Successful poll           Train
     9         485         20091.4         44.8579            0.25      Successful search (ES-ell)        
     9         486         19905.5          57.019            0.25      Successful search (ES-wcm)        
     9         487         19862.6          54.107            0.25      Successful search (ES-wcm)        
     9         528         19862.6          54.107           0.125          Refine grid             
    10         529         19838.9         12.8522           0.125      Successful search (ES-wcm)        
    10         530         19747.6         17.3411           0.125      Successful search (ES-ell)        
    10         531         19709.1          28.055           0.125      Successful search (ES-ell)        
    10         572         19709.1          28.055          0.0625          Refine grid             
    11         573           19726         12.0456          0.0625      Successful search (ES-ell)        
    11         574         19718.9         15.7944          0.0625      Successful search (ES-wcm)        
    11         575         19687.6         20.3696          0.0625      Successful search (ES-wcm)        
    11         577         19686.1         26.2352          0.0625      Successful search (ES-wcm)        
    11         616         19686.1         26.2352         0.03125          Refine grid             Train
    12         617         19704.5         8.58722         0.03125      Successful search (ES-wcm)        
    12         618         19701.1         9.47686         0.03125      Successful search (ES-wcm)        
    12         619         19695.6         13.3391         0.03125      Successful search (ES-wcm)        
    12         660         19695.6         13.3391        0.015625          Refine grid             
    13         661         19718.2         8.41972        0.015625      Successful search (ES-wcm)        
    13         662         19714.4         10.0156        0.015625      Successful search (ES-wcm)        
    13         673         19710.6         8.40615        0.015625      Successful search (ES-wcm)        
    13         716         19710.6         8.40615       0.0078125          Refine grid             
    14         717         19709.5         6.23152       0.0078125      Successful search (ES-wcm)        
    14         718         19707.9         6.85806       0.0078125      Successful search (ES-wcm)        
    14         719         19706.3         7.16794       0.0078125      Successful search (ES-wcm)        
    14         720         19705.5         8.72941       0.0078125      Successful search (ES-wcm)        
    14         721         19703.7         10.7047       0.0078125      Successful search (ES-wcm)        
    14         723         19702.4         13.1582       0.0078125      Successful search (ES-wcm)        
    14         726         19700.3         13.1163       0.0078125      Successful search (ES-ell)        
    14         727         19687.2         16.3403       0.0078125      Successful search (ES-ell)        
    14         760         19687.2         16.3403      0.00390625          Refine grid             
    15         765         19707.5         8.20843      0.00390625      Successful search (ES-ell)        
    15         769         19706.7         7.89617      0.00390625      Successful search (ES-ell)        
    15         770         19706.5         7.86793      0.00390625      Successful search (ES-wcm)        
    15         771         19706.3          7.8918      0.00390625      Successful search (ES-wcm)        
    15         779         19705.9         7.41233      0.00390625      Successful search (ES-wcm)        
    15         780         19705.8          7.3818      0.00390625      Successful search (ES-wcm)        
    15         783         19704.7         7.22498      0.00390625      Successful search (ES-wcm)        
    15         817         19703.3         6.48157       0.0078125        Successful poll           
    16         818         19701.3         5.83123       0.0078125      Successful search (ES-wcm)        
    16         819         19699.1         6.24922       0.0078125      Successful search (ES-wcm)        
    16         821         19697.7         7.40296       0.0078125      Successful search (ES-wcm)        
    16         822         19695.1         8.36475       0.0078125      Successful search (ES-ell)        
    16         823           19694         11.2015       0.0078125      Successful search (ES-ell)        
    16         824         19686.6         16.4996       0.0078125      Successful search (ES-ell)        
    16         862         19686.6         16.4996      0.00390625          Refine grid             Train
    17         863         19699.2         5.43493      0.00390625      Successful search (ES-ell)        
    17         864         19696.7         5.88933      0.00390625      Successful search (ES-ell)        
    17         865         19696.1         7.30243      0.00390625      Successful search (ES-ell)        
    17         866         19694.6         8.76085      0.00390625      Successful search (ES-wcm)        
    17         867         19687.9         11.3432      0.00390625      Successful search (ES-wcm)        
    17         908         19687.9         11.3432      0.00195312          Refine grid             
    18         909         19699.2         8.65316      0.00195312      Successful search (ES-wcm)        
    18         910           19699         9.05881      0.00195312      Successful search (ES-wcm)        
    18         911         19698.1         9.14444      0.00195312      Successful search (ES-wcm)        
    18         912         19691.3         9.60536      0.00195312      Successful search (ES-ell)        
    18         913         19685.2         11.3635      0.00195312      Successful search (ES-ell)        
    18         914         19678.7         13.3438      0.00195312      Successful search (ES-wcm)        
    18         915         19674.4         16.7982      0.00195312      Successful search (ES-wcm)        
    18         955         19674.4         16.7982     0.000976562          Refine grid             
Optimization terminated: change in the function value less than options['tol_mesh']
Estimated function value at minimum: 19696.53217827842 ± 5.507143707046973 (mean ± SEM from 100 samples)
BADS minimum at: x_min = [ 2.8993  7.662   7.6144  1.0136 -0.8091  7.6625  0.5316  0.6946  3.0283
  0.0128  1.9965  0.4417], training NLL = 19696.5322
total f-count: 1055, time: 45.12 min

 ------- Finish Optimization for Subject 25 ---------- 
