device is : cuda
['gamma', '2', 'all', 'bads', '1']

 ------- Start Optimization for Subject 2 ---------- 

 Cross Validation fold 0/1

 -- Start Optimization: method BADS --

 Optimization Run 1/1
Initial params: [0.9094, 3.18, 2.8539, 5.3389, -0.8407, 8.1601, 0.3468, 0.1375, 17.4305, 0.8966, 0.4344, 0.2509]
bads:TooCloseBounds: For each variable, hard and plausible bounds should not be too close. Moving plausible bounds.
Variables (index) internally transformed to log coordinates: [[ 0  0]
 [ 0  3]
 [ 0  8]
 [ 0  9]
 [ 0 10]
 [ 0 11]]
Beginning optimization of a STOCHASTIC objective function

 Iteration    f-count      E[f(x)]        SD[f(x)]           MeshScale          Method              Actions
     0           1         31480.2             nan               1                                  
     0          28           30160             nan               1          Initial mesh            Initial points
     0          29         27938.8        0.995553               1        Successful poll           Train
     1          30           26612        0.995554               1      Successful search (ES-wcm)        
     1          31         26276.3        0.995543               1      Successful search (ES-ell)        
     1          33         25722.9        0.995539               1      Successful search (ES-ell)        
     1          34         25321.7        0.995541               1      Successful search (ES-ell)        
     1          36         24605.9        0.995537               1      Successful search (ES-ell)        
     1          38         24239.2        0.995554               1      Successful search (ES-ell)        
     1          42         22297.2        0.995549               1      Successful search (ES-ell)        
     1          43         21309.4        0.995537               1      Successful search (ES-ell)        
     1          44         20537.2        0.995499               1      Successful search (ES-ell)        
     1          85         20537.2        0.995499             0.5          Refine grid             Train
     2          87         20472.3         1.02481             0.5      Successful search (ES-wcm)        
     2          95           20424         1.02451             0.5      Successful search (ES-ell)        
     2         101         20364.3         1.02476             0.5      Successful search (ES-ell)        
     2         107         20353.7         1.01406             0.5      Successful search (ES-ell)        
     2         116         20333.4         1.01341             0.5      Successful search (ES-ell)        
     2         155         20333.4         1.01341            0.25          Refine grid             Train
     3         189         20334.3         1.20992           0.125          Refine grid             Train
     4         190         20413.5         15.2896           0.125      Successful search (ES-ell)        
     4         191         20352.7         23.2692           0.125      Successful search (ES-ell)        
     4         192         20305.4         34.8294           0.125      Successful search (ES-ell)        
     4         193         20283.4         44.9861           0.125      Successful search (ES-ell)        
     4         194         20211.3         51.6264           0.125      Successful search (ES-ell)        
     4         199         20208.9         37.2284           0.125      Successful search (ES-ell)        
     4         200         20206.3         47.2162           0.125      Successful search (ES-ell)        
     4         201         20147.5         49.2292           0.125      Successful search (ES-ell)        
     4         202         20109.9         43.2998           0.125      Successful search (ES-ell)        
     4         203           20087         44.5237           0.125      Successful search (ES-ell)        
     4         206         20080.9         36.0436           0.125      Successful search (ES-ell)        
     4         207         20075.7         42.6087           0.125      Successful search (ES-ell)        
     4         208         19997.7         56.4824           0.125      Successful search (ES-wcm)        
     4         211         19968.1         39.5092           0.125      Successful search (ES-wcm)        
     4         240           19966         52.9059            0.25        Successful poll           Train
     5         241         19911.6         41.1825            0.25      Successful search (ES-ell)        
     5         287         19911.6         41.1825           0.125          Refine grid             
     6         288         19978.4         25.8195           0.125      Successful search (ES-ell)        
     6         289         19958.5         27.9855           0.125      Successful search (ES-ell)        
     6         335         19958.5         27.9855          0.0625          Refine grid             
     7         336         19986.6         10.2064          0.0625      Successful search (ES-ell)        
     7         337           19968         13.6241          0.0625      Successful search (ES-ell)        
     7         338         19944.4         18.3356          0.0625      Successful search (ES-ell)        
     7         339         19936.5         26.0082          0.0625      Successful search (ES-ell)        
     7         340         19889.5         34.2239          0.0625      Successful search (ES-ell)        
     7         383         19889.5         34.2239         0.03125          Refine grid             Train
     8         384         19929.2         7.37466         0.03125      Successful search (ES-wcm)        
     8         386         19928.6         8.32396         0.03125      Successful search (ES-ell)        
     8         387         19927.1         11.5833         0.03125      Successful search (ES-ell)        
     8         431         19927.1         11.5833        0.015625          Refine grid             Train
     9         432         19944.9         6.97105        0.015625      Successful search (ES-ell)        
     9         433         19937.6         8.34702        0.015625      Successful search (ES-ell)        
     9         434         19927.4         10.7018        0.015625      Successful search (ES-ell)        
     9         435         19906.5         13.4154        0.015625      Successful search (ES-ell)        
     9         436         19888.1         17.1411        0.015625      Successful search (ES-ell)        
     9         437         19873.3         21.2482        0.015625      Successful search (ES-wcm)        
     9         479         19873.3         21.2482       0.0078125          Refine grid             
    10         480         19956.1         5.09959       0.0078125      Successful search (ES-wcm)        
    10         481         19953.5         5.29198       0.0078125      Successful search (ES-wcm)        
    10         482         19952.3         5.49508       0.0078125      Successful search (ES-wcm)        
    10         483         19950.6         5.79285       0.0078125      Successful search (ES-wcm)        
    10         484           19949         6.79002       0.0078125      Successful search (ES-wcm)        
    10         485         19933.6         7.01236       0.0078125      Successful search (ES-wcm)        
    10         488         19931.4          7.2861       0.0078125      Successful search (ES-wcm)        
    10         489         19920.5         8.63612       0.0078125      Successful search (ES-wcm)        
    10         490         19915.6         9.99318       0.0078125      Successful search (ES-wcm)        
    10         491         19841.1         13.5717       0.0078125      Successful search (ES-ell)        
    10         527         19841.1         13.5717      0.00390625          Refine grid             
    11         528         19911.8         7.14914      0.00390625      Successful search (ES-ell)        
    11         529         19911.1         7.14382      0.00390625      Successful search (ES-ell)        
    11         535         19910.8          6.7796      0.00390625      Successful search (ES-ell)        
    11         544         19910.5         6.32343      0.00390625      Successful search (ES-wcm)        
    11         545         19907.3         7.14889      0.00390625      Successful search (ES-wcm)        
    11         546           19907         7.11703      0.00390625      Successful search (ES-wcm)        
    11         547         19906.9         7.08777      0.00390625      Successful search (ES-wcm)        
    11         587         19906.9         7.08777      0.00195312          Refine grid             
    12         588         19908.1         5.50795      0.00195312      Successful search (ES-ell)        
    12         590         19907.8         5.51915      0.00195312      Successful search (ES-ell)        
    12         591         19907.5         5.61942      0.00195312      Successful search (ES-ell)        
    12         592         19906.4         5.92827      0.00195312      Successful search (ES-ell)        
    12         593         19905.1         6.64466      0.00195312      Successful search (ES-ell)        
    12         595           19904         7.29614      0.00195312      Successful search (ES-ell)        
    12         596         19900.8          8.7027      0.00195312      Successful search (ES-ell)        
    12         599         19899.4         9.43724      0.00195312      Successful search (ES-ell)        
    12         635         19899.4         9.43724     0.000976562          Refine grid             
Optimization terminated: change in the function value less than options['tol_mesh']
Estimated function value at minimum: 19902.684481403576 ± 5.528522459635456 (mean ± SEM from 100 samples)
BADS minimum at: x_min = [3.14280e+00 8.13770e+00 6.18220e+00 5.46630e+00 3.08540e+00 3.01482e+01
 3.50000e-01 5.87300e-01 1.37250e+00 1.80000e-03 0.00000e+00 2.51500e-01], training NLL = 19902.6845
total f-count: 735, time: 32.15 min

 ------- Finish Optimization for Subject 2 ---------- 

 ------- Start Optimization for Subject 3 ---------- 

 Cross Validation fold 0/1
