device is : cuda
['gamma', '2', 'all', 'bads', '1']

 ------- Start Optimization for Subject 2 ---------- 

 Cross Validation fold 0/1

 -- Start Optimization: method BADS --

 Optimization Run 1/1
Initial params: [1.5495, 9.8029, 5.2659, 18.7427, -3.9336, 16.1928, 0.5136, 0.1907, 7.8215, 0.8075, 0.0714, 0.5866]
bads:TooCloseBounds: For each variable, hard and plausible bounds should not be too close. Moving plausible bounds.
Variables (index) internally transformed to log coordinates: [[ 0  0]
 [ 0  3]
 [ 0  8]
 [ 0  9]
 [ 0 10]
 [ 0 11]]
Beginning optimization of a STOCHASTIC objective function

 Iteration    f-count      E[f(x)]        SD[f(x)]           MeshScale          Method              Actions
     0           1           31398             nan               1                                  
     0          28         30086.9             nan               1          Initial mesh            Initial points
     0          29         27877.6         1.00317               1        Successful poll           Train
     1          30         25583.1         1.00318               1      Successful search (ES-wcm)        
     1          31         25121.4         1.00317               1      Successful search (ES-wcm)        
     1          36         24936.7         1.00314               1      Successful search (ES-ell)        
     1          40         24689.1         1.00305               1      Successful search (ES-wcm)        
     1          41         24459.2         1.00246               1      Successful search (ES-wcm)        
     1          45         24141.7         1.00304               1      Successful search (ES-wcm)        
     1          46         23958.7         1.00299               1      Successful search (ES-wcm)        
     1          55         23951.2         1.03518               1      Successful search (ES-wcm)        
     1          58         23708.8         1.03514               1      Successful search (ES-wcm)        
     1          60         23563.5         1.03517               1      Successful search (ES-wcm)        
     1          61         23403.7         1.03513               1      Successful search (ES-wcm)        
     1          62         20400.1         1.03519               1      Successful search (ES-ell)        
     1          72         20288.5         1.03443               1      Successful search (ES-ell)        
     1          73         20287.8         1.03346               1      Incremental search (ES-ell)        
     1          76         20165.6         1.03243               1      Successful search (ES-ell)        
     1          81         20164.1         1.00523               1      Successful search (ES-ell)        
     1          87         20015.4         1.00443               1      Successful search (ES-ell)        
     1         121         20015.4         1.00443             0.5          Refine grid             Train
     2         154         20015.7        0.994881            0.25          Refine grid             Train
     3         155         20099.6         17.8383            0.25      Successful search (ES-ell)        
     3         156         20045.8         32.5737            0.25      Successful search (ES-ell)        
     3         157         19864.4         41.4794            0.25      Successful search (ES-ell)        
     3         168           19825         30.8615            0.25      Successful search (ES-wcm)        
     3         170         19815.1         32.5555            0.25      Successful search (ES-wcm)        
     3         171         19668.5         42.8638            0.25      Successful search (ES-wcm)        
     3         172           19509         41.9658            0.25      Successful search (ES-wcm)        
     3         174         19479.5         38.3764            0.25      Successful search (ES-wcm)        
     3         210         19429.5         49.4882             0.5        Successful poll           
     4         212         19421.1          45.974             0.5      Incremental search (ES-wcm)        
     4         215         19394.9         32.0506             0.5      Successful search (ES-wcm)        
     4         216         19321.3         42.3115             0.5      Successful search (ES-wcm)        
     4         221         19320.8         26.7187             0.5      Successful search (ES-wcm)        
     4         253         19320.8         26.7187            0.25          Refine grid             Train
     5         254         19305.6         23.2842            0.25      Successful search (ES-wcm)        
     5         296         19305.6         23.2842           0.125          Refine grid             
     6         297         19315.5         19.2044           0.125      Successful search (ES-wcm)        
     6         309         19309.7         14.3226           0.125      Successful search (ES-wcm)        
     6         353         19309.7         14.3226          0.0625          Refine grid             
     7         354         19315.4          7.3127          0.0625      Successful search (ES-wcm)        
     7         355         19307.6         16.0694          0.0625      Successful search (ES-wcm)        
     7         357         19287.8         13.6256          0.0625      Successful search (ES-ell)        
     7         375         19286.6         7.41939          0.0625      Successful search (ES-wcm)        
     7         376           19286         7.55364          0.0625      Successful search (ES-wcm)        
     7         411           19286         7.55364         0.03125          Refine grid             
     8         412         19285.3         6.11243         0.03125      Successful search (ES-ell)        
     8         413         19281.6         8.00465         0.03125      Successful search (ES-ell)        
     8         414         19272.4          10.272         0.03125      Successful search (ES-ell)        
     8         424           19232         8.29333         0.03125      Successful search (ES-ell)        
     8         425         19152.8         10.1989         0.03125      Successful search (ES-ell)        
     8         426         19062.1         13.2944         0.03125      Successful search (ES-ell)        
     8         427         18988.9         17.9061         0.03125      Successful search (ES-ell)        
     8         470         18988.9         17.9061        0.015625          Refine grid             
     9         471         19293.6         5.75764        0.015625      Successful search (ES-ell)        
     9         472         19290.9          6.2872        0.015625      Successful search (ES-ell)        
     9         473         19288.7          7.9905        0.015625      Successful search (ES-ell)        
     9         474         19282.5         10.5439        0.015625      Successful search (ES-ell)        
     9         475         19272.2         13.8514        0.015625      Successful search (ES-ell)        
     9         516           19271         7.97809         0.03125        Successful poll           
    10         517         19296.5         5.87853         0.03125      Successful search (ES-wcm)        
    10         518           19290         9.45911         0.03125      Successful search (ES-wcm)        
    10         521           19287           11.97         0.03125      Successful search (ES-wcm)        
    10         522         19285.2         13.3077         0.03125      Successful search (ES-ell)        
    10         523         19273.6         16.2588         0.03125      Successful search (ES-ell)        
    10         524         19268.4          19.739         0.03125      Successful search (ES-ell)        
    10         561         19268.4          19.739        0.015625          Refine grid             Train
    11         562           19293         6.07029        0.015625      Successful search (ES-ell)        
    11         563         19287.8         6.97852        0.015625      Successful search (ES-ell)        
    11         564         19284.6         9.05597        0.015625      Successful search (ES-ell)        
    11         607         19284.6         9.05597       0.0078125          Refine grid             Train
    12         608         19296.4         5.16678       0.0078125      Successful search (ES-wcm)        
    12         609           19294         5.54557       0.0078125      Successful search (ES-wcm)        
    12         610         19292.2         6.25512       0.0078125      Successful search (ES-wcm)        
    12         611         19286.4         7.31688       0.0078125      Successful search (ES-ell)        
    12         612         19281.4         9.53302       0.0078125      Successful search (ES-ell)        
    12         613         19277.6         13.1781       0.0078125      Successful search (ES-ell)        
    12         614           19267         19.0775       0.0078125      Successful search (ES-ell)        
    12         615         19262.6         23.2776       0.0078125      Successful search (ES-ell)        
    12         654         19262.6         23.2776      0.00390625          Refine grid             
    13         690         19295.3         5.11014      0.00195312          Refine grid             Train
    14         726         19298.4          7.3477     0.000976562          Refine grid             Train
Optimization terminated: change in the function value less than options['tol_mesh']
Estimated function value at minimum: 19297.314545800247 ± 4.277309260753101 (mean ± SEM from 100 samples)
BADS minimum at: x_min = [ 2.7569  8.7097  6.6976  0.6156 -0.0347  8.7923  0.5131  0.6288  1.0777
  0.023   0.      0.2594], training NLL = 19297.3145
total f-count: 826, time: 37.03 min

 ------- Finish Optimization for Subject 2 ---------- 

 ------- Start Optimization for Subject 3 ---------- 

 Cross Validation fold 0/1
