----------------------------------------
Start task prologue Fri Oct  3 22:06:25 CEST 2025
----------------------------------------
Step ID:         49164432.
Username:        wenlou
Group:           mpla
Asked resources: walltime=1-00:00:00,nodes=1,cpus=4,mem=2G
Queue:           gpu
Compute nodes:   dccn-c053
----------------------------------------
End task prologue Fri Oct  3 22:06:25 CEST 2025
----------------------------------------
CUDA version:
nvcc: NVIDIA (R) Cuda compiler driver
Copyright (c) 2005-2024 NVIDIA Corporation
Built on Thu_Mar_28_02:18:24_PDT_2024
Cuda compilation tools, release 12.4, V12.4.131
Build cuda_12.4.r12.4/compiler.34097967_0

[WARNING] Please note the interface change for (de-)activating conda environment:

  - DO NOT use `conda activate` to enter the conda environment as it requires extra step to modify your ~/.bashrc file, which will force you to use this Anaconda version (2024.06).  Therefore keep using `source activate` instead.

  - DO use `conda deactivate` to leave your conda environment as `source deactivate` will be deprecated in future release.

Running model for expriment=eccent, m_id=1, method=bads
device is : cuda
['eccent', '1', '3,5,6,11,15,20,25', 'bads', '2']

 ------- Start Optimization for Subject 3 ---------- 

 Cross Validation fold 0/1

 -- Start Optimization: method BADS --

 Optimization Run 1/2
Initial params: [0.2805, 8.2262, 13.948, 2.3038, -4.3743, 0.0424, 25.2965, 0.6683, 0.1081, 0.3802, 0.4782, 0.5667]
bads:TooCloseBounds: For each variable, hard and plausible bounds should not be too close. Moving plausible bounds.
Variables (index) internally transformed to log coordinates: [[ 0  0]
 [ 0  3]
 [ 0  5]
 [ 0  9]
 [ 0 10]
 [ 0 11]]
Beginning optimization of a STOCHASTIC objective function

 Iteration    f-count      E[f(x)]        SD[f(x)]           MeshScale          Method              Actions
     0           1         27976.4             nan               1                                  
     0          27         27494.9             nan               1          Initial mesh            Initial points
     0          35         25515.5         1.04973               1        Successful poll           Train
     1          36         24436.5         1.04974               1      Successful search (ES-wcm)        
     1          38         23284.2         1.04974               1      Successful search (ES-ell)        
     1          43         23262.8         1.04971               1      Successful search (ES-ell)        
     1          46         23001.2         1.04964               1      Successful search (ES-ell)        
     1          52         22987.4         1.04957               1      Successful search (ES-wcm)        
     1          54         22936.7         1.00047               1      Successful search (ES-ell)        
     1          55         22788.5         1.00069               1      Successful search (ES-ell)        
----------------------------------------
Start job epilogue Fri Oct  3 23:08:10 CEST 2025
----------------------------------------
Job ID:          49164432
Job Exit Code:   0:0
Username:        wenlou
Group:           mpla
Queue:           gpu
Compute nodes:   dccn-c053
Asked resources: walltime=1-00:00:00,nodes=1,cpus=4,mem=2G
Used resources:  cputime=04:04:56,walltime=01:01:14,memory=1G
----------------------------------------
End job epilogue Fri Oct  3 23:08:10 CEST 2025
----------------------------------------
