----------------------------------------
Start task prologue Sun Sep 14 00:18:45 CEST 2025
----------------------------------------
Step ID:         48945127.
Username:        wenlou
Group:           mpla
Asked resources: walltime=1-12:00:00,nodes=1,cpus=4,mem=32G
Queue:           gpu
Compute nodes:   dccn-c083
----------------------------------------
End task prologue Sun Sep 14 00:18:45 CEST 2025
----------------------------------------

[WARNING] Please note the interface change for (de-)activating conda environment:

  - DO NOT use `conda activate` to enter the conda environment as it requires extra step to modify your ~/.bashrc file, which will force you to use this Anaconda version (2024.06).  Therefore keep using `source activate` instead.

  - DO use `conda deactivate` to leave your conda environment as `source deactivate` will be deprecated in future release.

----------------------------------------
Start job epilogue Mon Sep 15 12:18:59 CEST 2025
----------------------------------------
Job ID:          48945127
Job Exit Code:   0:0
Username:        wenlou
Group:           mpla
Queue:           gpu
Compute nodes:   dccn-c083
Asked resources: walltime=1-12:00:00,nodes=1,cpus=4,mem=32G
Used resources:  cputime=6-00:00:48,walltime=1-12:00:12,memory=11G
----------------------------------------
End job epilogue Mon Sep 15 12:18:59 CEST 2025
----------------------------------------
