device is : cuda
['base', '3', 'all', 'bads', '1']

 ------- Start Optimization for Subject 2 ---------- 

 Cross Validation fold 0/1

 -- Start Optimization: method BADS --

 Optimization Run 1/1
Initial params: [0.8347, 5.9459, 7.224, 4.7272, 2.0438, 10.7523, 0.4688, 0.1437, 0.1034, 0.7792, 0.1923]
bads:TooCloseBounds: For each variable, hard and plausible bounds should not be too close. Moving plausible bounds.
Variables (index) internally transformed to log coordinates: [[ 0  0]
 [ 0  3]
 [ 0  8]
 [ 0  9]
 [ 0 10]]
Beginning optimization of a STOCHASTIC objective function

 Iteration    f-count      E[f(x)]        SD[f(x)]           MeshScale          Method              Actions
     0           1         29435.6             nan               1                                  
     0          27         29435.6             nan               1          Initial mesh            Initial points
     0          32           27548        0.998838               1        Successful poll           Train
     1          33         24152.6         0.99884               1      Successful search (ES-wcm)        
     1          36         22494.5         0.99882               1      Successful search (ES-ell)        
     1          39         21992.3        0.998768               1      Successful search (ES-wcm)        
     1          40         21361.4        0.998814               1      Successful search (ES-wcm)        
     1          41         21176.9        0.998828               1      Successful search (ES-wcm)        
     1          47         21080.5        0.998783               1      Successful search (ES-wcm)        
     1          49         21014.5        0.998794               1      Successful search (ES-ell)        
     1          51         20832.6        0.991991               1      Successful search (ES-wcm)        
     1          55         20492.5        0.991992               1      Successful search (ES-wcm)        
     1          59         20372.2         0.99199               1      Successful search (ES-wcm)        
     1          64         19926.5        0.991988               1      Successful search (ES-wcm)        
     1          68         19878.4        0.991968               1      Successful search (ES-wcm)        
     1          71         19798.1        0.991972               1      Successful search (ES-wcm)        
     1          82         19720.6        0.998319               1      Successful search (ES-wcm)        
     1          85         19667.7         0.99822               1      Successful search (ES-wcm)        
     1          92         19613.8        0.998377               1      Successful search (ES-ell)        
     1          94         19578.1        0.998361               1      Successful search (ES-wcm)        
     1          98         19455.5        0.992028               1      Successful search (ES-wcm)        
     1         103         19292.4        0.992036               1      Successful search (ES-wcm)        
     1         106         19284.7         0.99204               1      Successful search (ES-wcm)        
     1         107         19178.6        0.992008               1      Successful search (ES-ell)        
     1         115         19154.4        0.991958               1      Successful search (ES-ell)        
     1         146         19154.4        0.991958             0.5          Refine grid             Train
     2         157         19104.8        0.978768             0.5      Successful search (ES-ell)        
     2         184         19104.8        0.978768            0.25          Refine grid             
     3         191         19107.7         1.04988            0.25      Successful search (ES-ell)        
     3         225         19107.7         1.04988           0.125          Refine grid             Train
     4         255         19108.1         1.10593          0.0625          Refine grid             Train
     5         287         19118.8        0.979141         0.03125          Refine grid             Train
     6         319         19131.5        0.989446        0.015625          Refine grid             Train
     7         320         19183.8        0.647247        0.015625      Successful search (ES-wcm)        
     7         363         19183.8        0.647247       0.0078125          Refine grid             Train
     8         367         19194.3         1.02027       0.0078125      Successful search (ES-wcm)        
     8         368         19159.3         1.03064       0.0078125      Successful search (ES-wcm)        
     8         378         19122.8         0.92956       0.0078125      Successful search (ES-wcm)        
     8         387         19073.6          1.0123       0.0078125      Successful search (ES-wcm)        
     8         429         19073.6          1.0123      0.00390625          Refine grid             Train
     9         430         19218.6        0.254223      0.00390625      Successful search (ES-wcm)        
     9         452           19213        0.263822       0.0078125        Successful poll           
    10         453         19170.5        0.560531       0.0078125      Successful search (ES-wcm)        
    10         455         19148.2        0.687223       0.0078125      Successful search (ES-wcm)        
    10         496         19148.2        0.687223      0.00390625          Refine grid             
    11         497         19193.8        0.457076      0.00390625      Successful search (ES-wcm)        
    11         540         19193.8        0.457076      0.00195312          Refine grid             
    12         541         19216.9        0.200152      0.00195312      Successful search (ES-ell)        
    12         584         19216.9        0.200152     0.000976562          Refine grid             
Optimization terminated: change in the function value less than options['tol_mesh']
Estimated function value at minimum: 19234.438444385018 ± 5.349397370376967 (mean ± SEM from 100 samples)
BADS minimum at: x_min = [ 2.3981  8.6406  7.9858  0.5239 -0.0635  9.8584  0.4627  0.3998  1.6549
  1.8126  0.2655], training NLL = 19234.4384
total f-count: 684, time: 30.05 min

 ------- Finish Optimization for Subject 2 ---------- 

 ------- Start Optimization for Subject 3 ---------- 

 Cross Validation fold 0/1

 -- Start Optimization: method BADS --

 Optimization Run 1/1
Initial params: [0.0017, 9.0081, 6.3171, 11.2685, 0.5078, 16.5224, 0.4933, 0.2475, 0.4994, 0.5425, 0.2567]
bads:InitialPointsTooClosePB: The starting points X0 are on or numerically too close to the hard bounds lower_bounds and upper_bounds. Moving the initial points more inside...
bads:TooCloseBounds: For each variable, hard and plausible bounds should not be too close. Moving plausible bounds.
bads:InitialPointsOutsidePB. The starting points X0 are not inside the provided plausible bounds (plausible_lower_bounds and plausible_upper_bounds). Expanding the plausible bounds...
Variables (index) internally transformed to log coordinates: [[ 0  0]
 [ 0  3]
 [ 0  8]
 [ 0  9]
 [ 0 10]]
Beginning optimization of a STOCHASTIC objective function

 Iteration    f-count      E[f(x)]        SD[f(x)]           MeshScale          Method              Actions
     0           1         29622.8             nan               1                                  
     0          27         29345.2             nan               1          Initial mesh            Initial points
     0          30         28423.1         1.00002               1        Successful poll           Train
     1          31         28390.9         1.00002               1      Successful search (ES-wcm)        
     1          34         25367.7        0.999989               1      Successful search (ES-wcm)        
     1          39         25318.2        0.998971               1      Successful search (ES-wcm)        
     1          40         25119.9        0.999638               1      Successful search (ES-wcm)        
     1          44         24533.8        0.999858               1      Successful search (ES-ell)        
     1          48         24435.8        0.998087               1      Successful search (ES-ell)        
     1          51         24311.6          1.0569               1      Successful search (ES-ell)        
     1          61         24222.2         1.05401               1      Successful search (ES-ell)        
     1          69         24190.1         1.05536               1      Successful search (ES-ell)        
     1          74         24178.6        0.997882               1      Successful search (ES-wcm)        
     1          76         23087.9        0.997928               1      Successful search (ES-ell)        
     1          81         23081.4        0.997918               1      Successful search (ES-ell)        
     1          85         23015.1        0.997856               1      Successful search (ES-ell)        
     1          87         22991.4        0.997919               1      Successful search (ES-ell)        
     1          88           22342        0.997926               1      Successful search (ES-ell)        
     1          89         20562.3        0.997926               1      Successful search (ES-wcm)        
     1          91         20451.5        0.997927               1      Successful search (ES-wcm)        
     1          93         20370.2        0.997915               1      Successful search (ES-wcm)        
     1          95           20208        0.997923               1      Successful search (ES-wcm)        
     1          98         19967.9         1.00826               1      Successful search (ES-wcm)        
     1         102         19802.2         1.00825               1      Successful search (ES-ell)        
     1         104         19514.9         1.00825               1      Successful search (ES-wcm)        
     1         111         19390.3         1.00824               1      Successful search (ES-wcm)        
     1         115         19269.5         1.00817               1      Successful search (ES-wcm)        
     1         144         19269.5         1.00817             0.5          Refine grid             Train
     2         147         19274.1         55.5959             0.5      Successful search (ES-wcm)        
     2         150           19256         57.8495             0.5      Successful search (ES-wcm)        
     2         151         19140.8         63.5477             0.5      Successful search (ES-wcm)        
     2         152         19126.8         74.2023             0.5      Successful search (ES-wcm)        
     2         153           19120         85.4406             0.5      Successful search (ES-wcm)        
     2         158         19117.4         60.9201             0.5      Successful search (ES-wcm)        
     2         159           19015         80.7644             0.5      Successful search (ES-wcm)        
     2         163         18873.7         74.7107             0.5      Successful search (ES-ell)        
     2         170         18819.2         47.1769             0.5      Successful search (ES-ell)        
     2         172         18702.6         54.7091             0.5      Successful search (ES-wcm)        
     2         175         18692.8          45.065             0.5      Successful search (ES-wcm)        
     2         180         18656.6         48.5634             0.5      Successful search (ES-wcm)        
     2         181           18575         57.7814             0.5      Successful search (ES-wcm)        
     2         215         18481.8         62.7656               1        Successful poll           
     3         241         18471.2          62.442             0.5          Refine grid             
     4         242         18578.2         55.7962             0.5      Successful search (ES-wcm)        
     4         248         18576.2         36.1842             0.5      Successful search (ES-ell)        
     4         250         18561.3         33.0242             0.5      Successful search (ES-wcm)        
     4         252         18557.8         37.4363             0.5      Successful search (ES-wcm)        
     4         255         18511.9         46.2531             0.5      Successful search (ES-ell)        
     4         257         18488.7         55.2785             0.5      Successful search (ES-ell)        
     4         260         18486.6         47.9534             0.5      Successful search (ES-ell)        
     4         265         18348.7         66.0062             0.5      Successful search (ES-wcm)        
     4         302         18348.7         66.0062            0.25          Refine grid             Train
     5         303         18371.3         28.6633            0.25      Successful search (ES-wcm)        
     5         307         18366.7          25.719            0.25      Successful search (ES-wcm)        
     5         341         18366.7          25.719           0.125          Refine grid             
     6         342         18400.6         32.7385           0.125      Successful search (ES-ell)        
     6         343         18397.2         45.1118           0.125      Successful search (ES-ell)        
     6         344         18317.5          55.699           0.125      Successful search (ES-ell)        
     6         347         18267.8         53.0271           0.125      Successful search (ES-ell)        
     6         351         18257.3         40.0329           0.125      Successful search (ES-wcm)        
     6         352         18223.9         48.4587           0.125      Successful search (ES-wcm)        
     6         356         18222.5         33.6932           0.125      Successful search (ES-ell)        
     6         357         18189.2         43.8972           0.125      Successful search (ES-ell)        
     6         359         18168.2          43.908           0.125      Successful search (ES-ell)        
     6         392         18168.2          43.908          0.0625          Refine grid             
     7         393         18186.7         22.8513          0.0625      Successful search (ES-ell)        
     7         395         18185.8          28.032          0.0625      Successful search (ES-ell)        
     7         396         18136.5         40.2151          0.0625      Successful search (ES-ell)        
     7         398         18085.3         51.8327          0.0625      Successful search (ES-wcm)        
     7         399         18069.2         52.7307          0.0625      Successful search (ES-ell)        
     7         402         18048.8         51.1347          0.0625      Successful search (ES-ell)        
     7         434           18044         42.3185           0.125        Successful poll           
     8         436         18029.7         29.3973           0.125      Successful search (ES-ell)        
     8         447         18022.3         41.6695           0.125      Successful search (ES-wcm)        
     8         448         17970.9         49.4498           0.125      Successful search (ES-wcm)        
     8         485         17970.9         49.4498          0.0625          Refine grid             Train
     9         486         18039.2         9.49741          0.0625      Successful search (ES-wcm)        
     9         487         18027.5          13.063          0.0625      Successful search (ES-wcm)        
     9         489         18020.8         17.4921          0.0625      Successful search (ES-ell)        
     9         491         18020.2         19.8558          0.0625      Successful search (ES-ell)        
     9         493         18005.5          21.194          0.0625      Successful search (ES-ell)        
     9         494         17982.6         26.6693          0.0625      Successful search (ES-ell)        
     9         527         17982.6         26.6693         0.03125          Refine grid             Train
    10         528         18055.5         9.54424         0.03125      Successful search (ES-ell)        
    10         529           18050         14.3874         0.03125      Successful search (ES-ell)        
    10         530         18043.9         22.9491         0.03125      Successful search (ES-ell)        
    10         571         18043.9         22.9491        0.015625          Refine grid             
    11         572         18051.9         8.16577        0.015625      Successful search (ES-wcm)        
    11         573         18041.6          7.6619        0.015625      Successful search (ES-wcm)        
    11         574         18028.3         8.47306        0.015625      Successful search (ES-wcm)        
    11         575         18018.1         8.72021        0.015625      Successful search (ES-wcm)        
    11         576           18011         9.71986        0.015625      Successful search (ES-wcm)        
    11         577         18004.2         12.8591        0.015625      Successful search (ES-wcm)        
    11         578         17994.1         22.3856        0.015625      Successful search (ES-wcm)        
    11         614         17994.1         22.3856       0.0078125          Refine grid             
    12         615         18002.5         7.27161       0.0078125      Successful search (ES-ell)        
    12         616         17999.2         7.74474       0.0078125      Successful search (ES-ell)        
    12         617         17994.5         9.14028       0.0078125      Successful search (ES-ell)        
    12         618         17994.2         12.0261       0.0078125      Successful search (ES-ell)        
    12         620         17992.8         12.4809       0.0078125      Successful search (ES-wcm)        
    12         658         17992.8         12.4809      0.00390625          Refine grid             Train
    13         659         18002.1          6.8669      0.00390625      Successful search (ES-wcm)        
    13         660         18001.8         7.29704      0.00390625      Successful search (ES-wcm)        
    13         678         18001.5           6.144      0.00390625      Successful search (ES-wcm)        
    13         679         18001.2         6.11698      0.00390625      Successful search (ES-wcm)        
    13         681           18001         6.43241      0.00390625      Successful search (ES-ell)        
    13         682         17999.2         6.83866      0.00390625      Successful search (ES-ell)        
    13         683         17995.5         7.65395      0.00390625      Successful search (ES-ell)        
    13         684         17992.8          8.9562      0.00390625      Successful search (ES-ell)        
    13         685         17987.4         11.7351      0.00390625      Successful search (ES-wcm)        
    13         686         17986.3         16.5204      0.00390625      Successful search (ES-wcm)        
    13         690         17984.8         13.8066      0.00390625      Successful search (ES-wcm)        
    13         691         17981.8         16.2796      0.00390625      Successful search (ES-wcm)        
    13         692         17978.8         16.0877      0.00390625      Successful search (ES-wcm)        
    13         735         17978.8         16.0877      0.00195312          Refine grid             
    14         736         17998.9         5.92175      0.00195312      Successful search (ES-ell)        
    14         737         17998.7         6.06724      0.00195312      Successful search (ES-ell)        
    14         738         17996.8          6.6256      0.00195312      Successful search (ES-ell)        
    14         740         17995.3         6.48396      0.00195312      Successful search (ES-wcm)        
    14         741         17994.6         7.42693      0.00195312      Successful search (ES-ell)        
    14         742         17990.8         8.73795      0.00195312      Successful search (ES-ell)        
    14         744           17990         8.49553      0.00195312      Successful search (ES-wcm)        
    14         745         17988.5         9.04482      0.00195312      Successful search (ES-wcm)        
    14         746         17988.2         13.5147      0.00195312      Successful search (ES-ell)        
    14         749         17983.9         10.6222      0.00195312      Successful search (ES-ell)        
    14         790         17983.9         10.6222     0.000976562          Refine grid             
Optimization terminated: change in the function value less than options['tol_mesh']
Estimated function value at minimum: 18000.99190989194 ± 4.477230531439259 (mean ± SEM from 100 samples)
BADS minimum at: x_min = [ 3.4555e+00  6.4595e+00  7.4466e+00  1.0000e-04 -5.9500e-01  7.7754e+00
  5.5100e-01  4.7430e-01  4.3160e-01  1.5027e+00  2.5710e-01], training NLL = 18000.9919
total f-count: 890, time: 39.27 min

 ------- Finish Optimization for Subject 3 ---------- 

 ------- Start Optimization for Subject 5 ---------- 

 Cross Validation fold 0/1

 -- Start Optimization: method BADS --

 Optimization Run 1/1
Initial params: [0.892, 7.0946, 4.2723, 11.4907, -4.133, 8.6861, 0.6832, 0.1752, 0.1322, 0.1409, 0.5618]
bads:TooCloseBounds: For each variable, hard and plausible bounds should not be too close. Moving plausible bounds.
Variables (index) internally transformed to log coordinates: [[ 0  0]
 [ 0  3]
 [ 0  8]
 [ 0  9]
 [ 0 10]]
Beginning optimization of a STOCHASTIC objective function

 Iteration    f-count      E[f(x)]        SD[f(x)]           MeshScale          Method              Actions
     0           1           30837             nan               1                                  
     0          27         29052.1             nan               1          Initial mesh            Initial points
     0          32         28282.4         1.01356               1        Successful poll           Train
     1          33         27372.5         1.01356               1      Successful search (ES-wcm)        
     1          39         27149.6         1.01274               1      Successful search (ES-wcm)        
     1          42         27033.8         1.00909               1      Successful search (ES-wcm)        
     1          43         26986.6         1.01113               1      Successful search (ES-wcm)        
     1          45         26922.4          1.0134               1      Successful search (ES-ell)        
     1          47           26656         1.01331               1      Successful search (ES-wcm)        
     1          51           26519        0.917406               1      Successful search (ES-wcm)        
     1          52         25824.4        0.917399               1      Successful search (ES-wcm)        
     1          54         25743.7         0.91732               1      Successful search (ES-wcm)        
     1          55         25666.5        0.917372               1      Successful search (ES-wcm)        
     1          56         25494.1        0.917395               1      Successful search (ES-wcm)        
     1          57         25437.2        0.917397               1      Successful search (ES-wcm)        
     1          58         25093.8        0.917398               1      Successful search (ES-wcm)        
     1          59         23726.7        0.917406               1      Successful search (ES-ell)        
     1          60         22387.4        0.917399               1      Successful search (ES-ell)        
     1          66         22157.9          0.9174               1      Successful search (ES-ell)        
     1          67         22033.8        0.917399               1      Successful search (ES-ell)        
     1          71         21919.4        0.917361               1      Successful search (ES-ell)        
     1          77         21880.5        0.987067               1      Successful search (ES-ell)        
     1          78         21849.9        0.987057               1      Successful search (ES-ell)        
     1          80         21764.6        0.987062               1      Successful search (ES-ell)        
     1          83         21659.9        0.987059               1      Successful search (ES-ell)        
     1          85         21331.1        0.987067               1      Successful search (ES-ell)        
     1          86         21327.7        0.987074               1      Successful search (ES-wcm)        
     1          92         21194.3        0.986834               1      Successful search (ES-ell)        
     1          97         21186.7         1.00752               1      Successful search (ES-ell)        
     1         100         21166.3         1.00892               1      Successful search (ES-ell)        
     1         101         20981.9         1.00904               1      Successful search (ES-ell)        
     1         102         20611.1         1.00905               1      Successful search (ES-ell)        
     1         107         20605.1         1.00866               1      Successful search (ES-ell)        
     1         108         20395.7         1.00874               1      Successful search (ES-ell)        
     1         111         20242.6         1.00745               1      Successful search (ES-ell)        
     1         114         20205.4          1.0079               1      Successful search (ES-ell)        
     1         117         20138.2         1.00834               1      Successful search (ES-ell)        
     1         119         20115.5         1.00845               1      Successful search (ES-ell)        
     1         131           20042          1.0057               1      Successful search (ES-ell)        
     1         157           20042          1.0057             0.5          Refine grid             Train
     2         184         20036.6         1.00393            0.25          Refine grid             Train
     3         213         20051.3         0.85147           0.125          Refine grid             Train
     4         219         20097.4        0.878068           0.125      Successful search (ES-ell)        
     4         230         20096.5        0.839723           0.125      Successful search (ES-ell)        
     4         234         20092.6         0.73703           0.125      Successful search (ES-ell)        
     4         235         20065.1        0.918414           0.125      Successful search (ES-wcm)        
     4         237         20065.1        0.929529           0.125      Incremental search (ES-wcm)        
     4         247         19941.5         42.8322            0.25        Successful poll           
     5         249         19879.7         39.7569            0.25      Successful search (ES-wcm)        
     5         252         19867.3         28.0246            0.25      Successful search (ES-ell)        
     5         259         19837.7          25.262            0.25      Successful search (ES-ell)        
     5         260         19799.3         41.8968            0.25      Successful search (ES-ell)        
     5         295         19715.3         44.8734             0.5        Successful poll           
     6         297         19679.9         47.3779             0.5      Successful search (ES-wcm)        
     6         299         19615.2         40.5929             0.5      Successful search (ES-wcm)        
     6         302         19614.3         39.7585             0.5      Successful search (ES-wcm)        
     6         304           19608         41.0936             0.5      Successful search (ES-wcm)        
     6         309         19573.3         41.0952             0.5      Successful search (ES-wcm)        
     6         311         19511.8         38.2606             0.5      Successful search (ES-ell)        
     6         316         19490.3         24.2902             0.5      Successful search (ES-ell)        
     6         321         19482.6         27.9274             0.5      Successful search (ES-ell)        
     6         322           19469         46.2405             0.5      Successful search (ES-wcm)        
     6         324         19407.5          42.783             0.5      Successful search (ES-wcm)        
     6         325         19365.6         44.7603             0.5      Successful search (ES-wcm)        
     6         327         19358.6         44.1392             0.5      Successful search (ES-wcm)        
     6         328         19342.5         46.0116             0.5      Successful search (ES-wcm)        
     6         329         19318.7         44.6995             0.5      Successful search (ES-wcm)        
     6         333         19265.1         39.7226             0.5      Successful search (ES-wcm)        
     6         334           19219         44.7322             0.5      Successful search (ES-wcm)        
     6         337         19163.3         39.6059             0.5      Successful search (ES-wcm)        
     6         338         19158.2         43.5041             0.5      Successful search (ES-wcm)        
     6         340         19073.2         42.3444             0.5      Successful search (ES-wcm)        
     6         350         19069.3         18.4884             0.5      Successful search (ES-ell)        
     6         351         19065.7         37.0176             0.5      Successful search (ES-wcm)        
     6         363         19058.6         29.7661             0.5      Successful search (ES-wcm)        
     6         400         19058.6         29.7661            0.25          Refine grid             
     7         401         19063.7          21.613            0.25      Successful search (ES-wcm)        
     7         404         19049.8         20.2998            0.25      Successful search (ES-wcm)        
     7         442         19049.8         20.2998           0.125          Refine grid             
     8         444         19045.5         14.0638           0.125      Successful search (ES-wcm)        
     8         484         19045.5         14.0638          0.0625          Refine grid             Train
     9         485         19060.3         7.63881          0.0625      Successful search (ES-ell)        
     9         486         19047.6         17.9213          0.0625      Successful search (ES-wcm)        
     9         527         19047.6         17.9213         0.03125          Refine grid             Train
    10         528         19065.1         6.36313         0.03125      Successful search (ES-ell)        
    10         529         19056.7         7.87982         0.03125      Successful search (ES-ell)        
    10         530         19042.8         10.8329         0.03125      Successful search (ES-ell)        
    10         531         19036.7          15.545         0.03125      Successful search (ES-ell)        
    10         532         19024.9         20.4872         0.03125      Successful search (ES-ell)        
    10         570         19024.9         20.4872        0.015625          Refine grid             
    11         571         19070.1         5.52146        0.015625      Successful search (ES-wcm)        
    11         572         19066.6          5.7313        0.015625      Successful search (ES-wcm)        
    11         573         19063.1         5.86765        0.015625      Successful search (ES-wcm)        
    11         574         19061.5         6.37708        0.015625      Successful search (ES-wcm)        
    11         575         19058.5          7.8204        0.015625      Successful search (ES-wcm)        
    11         578         19056.7         8.86972        0.015625      Successful search (ES-wcm)        
    11         596         19031.2         7.95261         0.03125        Successful poll           
    12         597           19008         9.46497         0.03125      Successful search (ES-wcm)        
    12         598         19000.4         10.7622         0.03125      Successful search (ES-wcm)        
    12         599         18979.8         11.2683         0.03125      Successful search (ES-wcm)        
    12         600         18915.3         14.0274         0.03125      Successful search (ES-wcm)        
    12         639         18915.3         14.0274        0.015625          Refine grid             Train
    13         640         19071.8         6.80362        0.015625      Successful search (ES-wcm)        
    13         643         19071.7          6.9806        0.015625      Successful search (ES-wcm)        
    13         644         19069.1          7.3348        0.015625      Successful search (ES-ell)        
    13         645         19067.3         8.00815        0.015625      Successful search (ES-ell)        
    13         646         19063.6         9.07358        0.015625      Successful search (ES-ell)        
    13         683         19063.1         8.61929         0.03125        Successful poll           
    14         684         19067.8         7.46611         0.03125      Successful search (ES-wcm)        
    14         685         19064.8         8.19035         0.03125      Successful search (ES-wcm)        
    14         686         19064.2         9.42111         0.03125      Successful search (ES-wcm)        
    14         688         19062.4         11.7121         0.03125      Successful search (ES-ell)        
    14         690         19060.6         14.8991         0.03125      Successful search (ES-wcm)        
    14         692         19059.6          14.161         0.03125      Successful search (ES-wcm)        
    14         693         18977.2         10.7932         0.03125      Successful search (ES-ell)        
    14         726         18977.2         10.7932        0.015625          Refine grid             
    15         727         19072.8         9.94879        0.015625      Successful search (ES-ell)        
    15         728         19068.9         10.5742        0.015625      Successful search (ES-ell)        
    15         729         19068.4         11.3997        0.015625      Successful search (ES-ell)        
    15         770         19068.4         11.3997       0.0078125          Refine grid             Train
    16         771         19074.7         6.91836       0.0078125      Successful search (ES-wcm)        
    16         772           19073         6.64565       0.0078125      Successful search (ES-wcm)        
    16         773         19070.7         6.38495       0.0078125      Successful search (ES-wcm)        
    16         774         19067.9         6.60341       0.0078125      Successful search (ES-wcm)        
    16         776         19065.6         6.63257       0.0078125      Successful search (ES-wcm)        
    16         777         19061.8         8.81898       0.0078125      Successful search (ES-ell)        
    16         779         19055.4         9.92453       0.0078125      Successful search (ES-wcm)        
    16         814         19055.4         9.92453      0.00390625          Refine grid             Train
    17         847         19071.2         8.91883      0.00195312          Refine grid             Train
    18         880         19070.6         9.95091     0.000976562          Refine grid             Train
Optimization terminated: change in the function value less than options['tol_mesh']
Estimated function value at minimum: 19073.520377158216 ± 4.128348409662311 (mean ± SEM from 100 samples)
BADS minimum at: x_min = [3.3192e+00 4.3090e+00 4.9780e+00 3.0000e-04 3.5520e-01 1.0217e+01
 4.2420e-01 5.2690e-01 0.0000e+00 1.9071e+00 3.7310e-01], training NLL = 19073.5204
total f-count: 980, time: 43.3 min

 ------- Finish Optimization for Subject 5 ---------- 

 ------- Start Optimization for Subject 6 ---------- 

 Cross Validation fold 0/1

 -- Start Optimization: method BADS --

 Optimization Run 1/1
Initial params: [1.827, 2.7386, 11.1917, 17.6983, -0.7144, 25.4368, 0.3598, 0.2012, 0.962, 0.2977, 0.2891]
bads:TooCloseBounds: For each variable, hard and plausible bounds should not be too close. Moving plausible bounds.
Variables (index) internally transformed to log coordinates: [[ 0  0]
 [ 0  3]
 [ 0  8]
 [ 0  9]
 [ 0 10]]
Beginning optimization of a STOCHASTIC objective function

 Iteration    f-count      E[f(x)]        SD[f(x)]           MeshScale          Method              Actions
     0           1         28494.1             nan               1                                  
     0          27         28012.2             nan               1          Initial mesh            Initial points
     0          29         25657.4          1.0265               1        Successful poll           Train
     1          30         25245.7         1.02651               1      Successful search (ES-wcm)        
     1          32         25236.1          1.0265               1      Successful search (ES-wcm)        
     1          33           23197          1.0265               1      Successful search (ES-wcm)        
     1          36         20495.2          1.0265               1      Successful search (ES-wcm)        
     1          39         20121.3         1.02647               1      Successful search (ES-wcm)        
     1          40         19946.4         1.02643               1      Successful search (ES-wcm)        
     1          43         19711.5         1.02645               1      Successful search (ES-ell)        
     1          46         19392.7         1.02635               1      Successful search (ES-ell)        
     1          49         19179.9          1.0259               1      Successful search (ES-ell)        
     1          50         19111.2         1.02624               1      Successful search (ES-ell)        
     1          56           18934         1.02896               1      Successful search (ES-ell)        
     1          59         18888.7         1.02883               1      Successful search (ES-ell)        
     1          74         18810.6         1.06844               1        Successful poll           Train
     2          79         18708.2         1.06842               1      Successful search (ES-ell)        
     2          80         18686.2         1.06843               1      Successful search (ES-ell)        
     2          85         18586.2         1.06824               1      Successful search (ES-ell)        
     2          91         18531.2         1.06826               1      Successful search (ES-ell)        
     2          93         18527.3         1.06817               1      Successful search (ES-ell)        
     2          94         18472.9         1.06844               1      Successful search (ES-wcm)        
     2          99         18363.6         1.05647               1      Successful search (ES-wcm)        
     2         103         18260.6         1.05647               1      Successful search (ES-ell)        
     2         104         18116.7         1.05647               1      Successful search (ES-ell)        
     2         111         17993.5         1.05647               1      Successful search (ES-ell)        
     2         112         17954.6         1.05647               1      Successful search (ES-wcm)        
     2         122         17750.7          1.0739               1      Successful search (ES-ell)        
     2         124         17724.2          1.0739               1      Successful search (ES-ell)        
     2         128         17690.5         1.07388               1      Successful search (ES-ell)        
     2         129         17672.4          1.0739               1      Successful search (ES-ell)        
     2         137         17660.8         1.07384               1      Successful search (ES-ell)        
     2         138         17620.4         1.07381               1      Successful search (ES-ell)        
     2         140         17506.8         1.07382               1      Successful search (ES-ell)        
     2         148         17498.6         1.07703               1      Successful search (ES-ell)        
     2         156         17488.9          1.0774               1      Successful search (ES-ell)        
     2         159         17485.9         1.07745               1      Successful search (ES-wcm)        
     2         169         17410.4         1.10525               1      Successful search (ES-wcm)        
     2         170           17311         1.10529               1      Successful search (ES-ell)        
     2         197           17311         1.10529             0.5          Refine grid             Train
     3         201         17385.5         22.9516             0.5      Successful search (ES-wcm)        
     3         204         17366.2         23.4831             0.5      Successful search (ES-wcm)        
     3         235           17364         24.8091               1        Successful poll           
     4         241         17309.8         31.3046               1      Successful search (ES-ell)        
     4         270         17309.8         31.3046             0.5          Refine grid             
     5         273           17334         28.1638             0.5      Successful search (ES-wcm)        
     5         275         17328.1         32.7425             0.5      Successful search (ES-wcm)        
     5         278         17295.9         25.1078             0.5      Successful search (ES-wcm)        
     5         279         17288.6         42.4863             0.5      Successful search (ES-wcm)        
     5         301         17284.1         32.1541               1        Successful poll           Train
     6         305         17297.3         26.1318               1      Successful search (ES-ell)        
     6         335         17297.3         26.1318             0.5          Refine grid             
     7         337         17304.3         10.8292             0.5      Successful search (ES-wcm)        
     7         339         17292.7         16.3869             0.5      Successful search (ES-wcm)        
     7         341           17289         25.3106             0.5      Successful search (ES-ell)        
     7         345         17287.8         18.1164             0.5      Successful search (ES-ell)        
     7         358         17114.1         22.8052               1        Successful poll           Train
     8         382         17120.5         22.8825             0.5          Refine grid             Train
     9         385         17210.3         15.5825             0.5      Successful search (ES-ell)        
     9         394           17190         21.0881             0.5      Successful search (ES-ell)        
     9         431           17190         21.0881            0.25          Refine grid             
    10         432         17262.1         19.6854            0.25      Successful search (ES-ell)        
    10         435         17252.6         11.4775            0.25      Successful search (ES-wcm)        
    10         471         17252.6         11.4775           0.125          Refine grid             
    11         472         17312.8         11.7555           0.125      Successful search (ES-wcm)        
    11         473         17308.1         16.7416           0.125      Successful search (ES-wcm)        
    11         474         17301.4         26.2084           0.125      Successful search (ES-wcm)        
    11         476         17286.7         29.7564           0.125      Successful search (ES-wcm)        
    11         478           17261         26.0623           0.125      Successful search (ES-wcm)        
    11         481         17258.4          21.215           0.125      Successful search (ES-wcm)        
    11         483         17251.2         27.2458           0.125      Successful search (ES-ell)        
    11         484         17230.5          39.112           0.125      Successful search (ES-ell)        
    11         498         17169.7         10.1941           0.125      Successful search (ES-ell)        
    11         499         17067.9          11.838           0.125      Successful search (ES-ell)        
    11         500         16944.3         16.6565           0.125      Successful search (ES-ell)        
    11         533         16944.3         16.6565          0.0625          Refine grid             
    12         534           17279         6.78536          0.0625      Successful search (ES-ell)        
    12         535         17259.5         8.37664          0.0625      Successful search (ES-ell)        
    12         536         17236.5         13.9378          0.0625      Successful search (ES-ell)        
    12         537         17230.3         22.6077          0.0625      Successful search (ES-wcm)        
    12         539         17206.7         21.5499          0.0625      Successful search (ES-ell)        
    12         540         17204.2         29.4382          0.0625      Successful search (ES-ell)        
    12         541         17174.5         31.2961          0.0625      Successful search (ES-ell)        
    12         575         17174.5         31.2961         0.03125          Refine grid             
    13         576           17239         9.16239         0.03125      Successful search (ES-ell)        
    13         577         17218.1         15.3617         0.03125      Successful search (ES-ell)        
    13         578           17195         18.0903         0.03125      Successful search (ES-ell)        
    13         579         17182.7         22.8568         0.03125      Successful search (ES-ell)        
    13         580         17178.5         30.8765         0.03125      Successful search (ES-wcm)        
    13         582         17167.7         27.9309         0.03125      Successful search (ES-ell)        
    13         583         17133.3          31.193         0.03125      Successful search (ES-ell)        
    13         619         17133.3          31.193        0.015625          Refine grid             Train
    14         620           17159         6.85637        0.015625      Successful search (ES-ell)        
    14         621         17153.9         8.73326        0.015625      Successful search (ES-ell)        
    14         622         17143.9         12.3239        0.015625      Successful search (ES-ell)        
    14         623         17131.4         12.1838        0.015625      Successful search (ES-wcm)        
    14         625         17124.3         13.7934        0.015625      Successful search (ES-ell)        
    14         627         17122.5         13.5503        0.015625      Successful search (ES-ell)        
    14         661         17122.5         13.5503       0.0078125          Refine grid             Train
    15         662         17140.6         5.89339       0.0078125      Successful search (ES-ell)        
    15         663           17140          6.0262       0.0078125      Successful search (ES-ell)        
    15         664         17139.2         6.57368       0.0078125      Successful search (ES-wcm)        
    15         668         17138.6         6.34569       0.0078125      Successful search (ES-ell)        
    15         703         17138.2         6.64595        0.015625        Successful poll           
    16         717           17138         11.6037         0.03125        Successful poll           Train
    17         748         17131.7         12.3032        0.015625          Refine grid             Train
    18         749         17141.6         6.28127        0.015625      Successful search (ES-wcm)        
    18         750         17141.3         10.2274        0.015625      Successful search (ES-wcm)        
    18         790         17141.3         10.2274       0.0078125          Refine grid             Train
    19         791         17143.8         4.92386       0.0078125      Successful search (ES-ell)        
    19         792         17143.4          6.1274       0.0078125      Successful search (ES-ell)        
    19         793           17138         6.98851       0.0078125      Successful search (ES-wcm)        
    19         794         17133.1         9.80511       0.0078125      Successful search (ES-wcm)        
    19         833         17133.1         9.80511      0.00390625          Refine grid             Train
    20         834         17142.6         4.44679      0.00390625      Successful search (ES-wcm)        
    20         835         17141.4         4.85304      0.00390625      Successful search (ES-wcm)        
    20         836         17139.3         5.76672      0.00390625      Successful search (ES-wcm)        
    20         837         17135.3         7.05944      0.00390625      Successful search (ES-ell)        
    20         839         17134.5          8.7167      0.00390625      Successful search (ES-ell)        
    20         877         17134.5          8.7167      0.00195312          Refine grid             
    21         910         17146.9         4.86685     0.000976562          Refine grid             
Optimization terminated: change in the function value less than options['tol_mesh']
Estimated function value at minimum: 17155.348384330664 ± 4.450232783457107 (mean ± SEM from 100 samples)
BADS minimum at: x_min = [ 2.1489  2.1505  3.1734  0.     -0.3583  4.9511  0.5423  0.5587  0.1975
  1.351   0.2217], training NLL = 17155.3484
total f-count: 1010, time: 44.6 min

 ------- Finish Optimization for Subject 6 ---------- 

 ------- Start Optimization for Subject 11 ---------- 

 Cross Validation fold 0/1

 -- Start Optimization: method BADS --

 Optimization Run 1/1
Initial params: [1.6068, 3.2253, 4.0691, 19.0201, 0.2708, 9.8293, 0.6763, 0.2132, 0.9726, 0.4431, 0.9638]
bads:TooCloseBounds: For each variable, hard and plausible bounds should not be too close. Moving plausible bounds.
Variables (index) internally transformed to log coordinates: [[ 0  0]
 [ 0  3]
 [ 0  8]
 [ 0  9]
 [ 0 10]]
Beginning optimization of a STOCHASTIC objective function

 Iteration    f-count      E[f(x)]        SD[f(x)]           MeshScale          Method              Actions
     0           1           28679             nan               1                                  
     0          27         28500.9             nan               1          Initial mesh            Initial points
     0          28         27518.2         1.00008               1        Successful poll           Train
     1          29         27210.7         1.00008               1      Successful search (ES-wcm)        
     1          31         24209.5         1.00007               1      Successful search (ES-wcm)        
     1          35         23081.8         1.00005               1      Successful search (ES-wcm)        
     1          36         22762.2        0.999826               1      Successful search (ES-wcm)        
     1          38         22683.2        0.999745               1      Successful search (ES-wcm)        
     1          40         22484.1        0.999901               1      Successful search (ES-wcm)        
     1          41         22144.3         1.00002               1      Successful search (ES-wcm)        
     1          45         21774.1        0.999056               1      Successful search (ES-wcm)        
     1          46         21587.4        0.999444               1      Successful search (ES-wcm)        
     1          49         21233.1        0.999669               1      Successful search (ES-wcm)        
     1          50         20900.2        0.999777               1      Successful search (ES-wcm)        
     1          54         20028.7         1.01942               1      Successful search (ES-wcm)        
     1          60         19951.8         1.01889               1      Successful search (ES-wcm)        
     1          61         19696.3         1.01919               1      Successful search (ES-wcm)        
     1          66         19368.9         1.01935               1      Successful search (ES-wcm)        
     1          68         19171.1         1.01934               1      Successful search (ES-wcm)        
     1          70           19143         1.01927               1      Successful search (ES-wcm)        
     1          72         19084.1         1.01915               1      Successful search (ES-wcm)        
     1          74         18889.6         1.10118               1      Successful search (ES-ell)        
     1          75         18836.6         1.10118               1      Successful search (ES-ell)        
     1          77         18674.6         1.10116               1      Successful search (ES-ell)        
     1          86         18247.2         1.10116               1      Successful search (ES-ell)        
     1          91           18138         1.10113               1      Successful search (ES-ell)        
     1          94         18115.5         1.10092               1      Successful search (ES-ell)        
     1          99         18070.3         1.06959               1      Successful search (ES-ell)        
     1         103         18055.1         1.06946               1      Successful search (ES-ell)        
     1         110           17982         1.06861               1      Successful search (ES-ell)        
     1         114           17919         1.05956               1      Successful search (ES-ell)        
     1         116         17899.8          1.0615               1      Successful search (ES-ell)        
     1         124         17820.5         1.02579               1      Successful search (ES-ell)        
     1         152         17820.5         1.02579             0.5          Refine grid             Train
     2         181         17820.8          1.1189            0.25          Refine grid             Train
     3         213         17822.2          2.3868           0.125          Refine grid             Train
     4         236           17862         18.2154            0.25        Successful poll           Train
     5         240         17835.5         28.6941            0.25      Successful search (ES-wcm)        
     5         279         17835.5         28.6941           0.125          Refine grid             Train
     6         281         17888.4         18.6533           0.125      Successful search (ES-ell)        
     6         285         17888.2         16.9913           0.125      Successful search (ES-ell)        
     6         286         17881.1         19.3084           0.125      Successful search (ES-ell)        
     6         287           17878          27.167           0.125      Successful search (ES-ell)        
     6         289         17874.2         18.4044           0.125      Successful search (ES-wcm)        
     6         293         17867.2         12.7957           0.125      Successful search (ES-wcm)        
     6         300         17867.2         10.6398           0.125      Successful search (ES-ell)        
     6         301         17866.1         10.8367           0.125      Successful search (ES-ell)        
     6         303         17863.3         17.1444           0.125      Successful search (ES-ell)        
     6         343         17840.5         15.1288            0.25        Successful poll           Train
     7         346         17565.1         18.5684            0.25      Successful search (ES-ell)        
     7         347         17392.8         26.6646            0.25      Successful search (ES-ell)        
     7         386         17392.8         26.6646           0.125          Refine grid             Train
     8         419           17897         11.3004         0.03125          Refine grid             Train
     9         420         17888.2         13.4648         0.03125      Successful search (ES-ell)        
     9         421         17887.5         20.0775         0.03125      Successful search (ES-ell)        
     9         424         17886.5         16.4679         0.03125      Successful search (ES-ell)        
     9         434         17885.7         9.65814         0.03125      Successful search (ES-wcm)        
     9         435         17878.1         9.51065         0.03125      Successful search (ES-ell)        
     9         436         17871.9         11.6141         0.03125      Successful search (ES-ell)        
     9         437         17854.4         13.9872         0.03125      Successful search (ES-ell)        
     9         438         17843.1           20.73         0.03125      Successful search (ES-ell)        
     9         439         17808.3         41.6979         0.03125      Successful search (ES-wcm)        
     9         474         17808.3         41.6979        0.015625          Refine grid             
    10         475         17815.6         8.12704        0.015625      Successful search (ES-wcm)        
    10         476         17814.8         9.18727        0.015625      Successful search (ES-wcm)        
    10         477         17813.4         11.6285        0.015625      Successful search (ES-wcm)        
    10         489         17813.1         9.17086        0.015625      Successful search (ES-ell)        
    10         490         17809.8         9.75797        0.015625      Successful search (ES-ell)        
    10         491         17808.4         11.0282        0.015625      Successful search (ES-wcm)        
    10         495         17806.3         10.2792        0.015625      Successful search (ES-wcm)        
    10         499           17783         8.09376        0.015625      Successful search (ES-ell)        
    10         500         17758.7          8.4254        0.015625      Successful search (ES-ell)        
    10         501           17729         8.94393        0.015625      Successful search (ES-ell)        
    10         502         17691.8          10.941        0.015625      Successful search (ES-ell)        
    10         503           17673         13.9992        0.015625      Successful search (ES-ell)        
    10         540           17673         13.9992       0.0078125          Refine grid             
    11         541         17814.9         8.18348       0.0078125      Successful search (ES-ell)        
    11         542         17808.8         8.76657       0.0078125      Successful search (ES-wcm)        
    11         543         17807.6          10.976       0.0078125      Successful search (ES-wcm)        
    11         583         17797.6          7.5095        0.015625        Successful poll           
    12         584         17781.7         7.76025        0.015625      Successful search (ES-wcm)        
    12         585         17779.4          10.704        0.015625      Successful search (ES-wcm)        
    12         586         17774.5         16.2162        0.015625      Successful search (ES-wcm)        
    12         588         17757.1         14.0068        0.015625      Successful search (ES-ell)        
    12         589         17725.8         15.9578        0.015625      Successful search (ES-ell)        
    12         590         17709.9         21.3856        0.015625      Successful search (ES-ell)        
    12         627         17709.9         21.3856       0.0078125          Refine grid             Train
    13         628         17803.8         6.43132       0.0078125      Successful search (ES-ell)        
    13         629         17793.5          7.5607       0.0078125      Successful search (ES-ell)        
    13         630         17778.8         10.2948       0.0078125      Successful search (ES-ell)        
    13         631         17756.8         13.5302       0.0078125      Successful search (ES-ell)        
    13         671         17756.8         13.5302      0.00390625          Refine grid             Train
    14         672         17814.2         6.49886      0.00390625      Successful search (ES-ell)        
    14         673         17809.7         7.28017      0.00390625      Successful search (ES-ell)        
    14         674         17809.1         11.1442      0.00390625      Successful search (ES-ell)        
    14         677           17809         14.7823      0.00390625      Successful search (ES-ell)        
    14         678         17800.8         18.8299      0.00390625      Successful search (ES-ell)        
    14         715         17800.8         18.8299      0.00195312          Refine grid             
    15         716         17806.6          8.2677      0.00195312      Successful search (ES-ell)        
    15         720         17805.8         7.74722      0.00195312      Successful search (ES-wcm)        
    15         721         17803.3         7.86138      0.00195312      Successful search (ES-ell)        
    15         759         17803.3         7.86138     0.000976562          Refine grid             
Optimization terminated: change in the function value less than options['tol_mesh']
Estimated function value at minimum: 17800.45214141213 ± 4.20477660881993 (mean ± SEM from 100 samples)
BADS minimum at: x_min = [ 2.106   6.541   5.957   0.5392  0.2152 10.4662  0.4224  0.3882  0.322
  1.1736  0.2583], training NLL = 17800.4521
total f-count: 859, time: 37.96 min

 ------- Finish Optimization for Subject 11 ---------- 

 ------- Start Optimization for Subject 15 ---------- 

 Cross Validation fold 0/1

 -- Start Optimization: method BADS --

 Optimization Run 1/1
Initial params: [0.4883, 7.7724, 4.6304, 3.5962, 1.5858, 12.4036, 0.5561, 0.162, 0.7821, 0.9722, 0.0926]
bads:TooCloseBounds: For each variable, hard and plausible bounds should not be too close. Moving plausible bounds.
Variables (index) internally transformed to log coordinates: [[ 0  0]
 [ 0  3]
 [ 0  8]
 [ 0  9]
 [ 0 10]]
Beginning optimization of a STOCHASTIC objective function

 Iteration    f-count      E[f(x)]        SD[f(x)]           MeshScale          Method              Actions
     0           1         27772.7             nan               1                                  
     0          27         27370.2             nan               1          Initial mesh            Initial points
     0          28           26689         1.00463               1        Successful poll           Train
     1          31         26243.2         1.00461               1      Successful search (ES-wcm)        
     1          32         25971.2         1.00462               1      Successful search (ES-wcm)        
     1          39         25760.3         1.00419               1      Successful search (ES-wcm)        
     1          45         25564.4         1.00332               1      Successful search (ES-wcm)        
     1          49         25361.6        0.993529               1      Successful search (ES-wcm)        
     1          50         25016.2         1.00001               1      Successful search (ES-wcm)        
     1          51         24420.6         0.98961               1      Successful search (ES-wcm)        
     1          52         23823.6        0.989611               1      Successful search (ES-wcm)        
     1          53         21002.5        0.989611               1      Successful search (ES-ell)        
     1          55         18274.9        0.989609               1      Successful search (ES-ell)        
     1          56         17578.5         0.98961               1      Successful search (ES-ell)        
     1          67         17392.8        0.989459               1      Successful search (ES-ell)        
     1          70         17366.7        0.988858               1      Successful search (ES-ell)        
     1          75         17315.6        0.955487               1      Successful search (ES-ell)        
     1          76           17156        0.955468               1      Successful search (ES-ell)        
     1          78         17130.1        0.955479               1      Successful search (ES-ell)        
     1          81           17017        0.955328               1      Successful search (ES-ell)        
     1          88         16980.7        0.954105               1      Successful search (ES-ell)        
     1          96         16910.5        0.954697               1      Successful search (ES-ell)        
     1         102         16892.4          1.0576               1      Successful search (ES-ell)        
     1         105         16801.4         1.05768               1      Successful search (ES-wcm)        
     1         109         16798.9         1.05771               1      Successful search (ES-wcm)        
     1         116         16765.4         1.05219               1      Successful search (ES-wcm)        
     1         123         16718.6         1.17586               1      Successful search (ES-wcm)        
     1         125         16694.7         1.17568               1      Successful search (ES-wcm)        
     1         156         16694.7         1.17568             0.5          Refine grid             Train
     2         157         16669.4          2.5472             0.5      Successful search (ES-ell)        
     2         197         16669.4          2.5472            0.25          Refine grid             Train
     3         201         16699.9         2.34473            0.25      Successful search (ES-ell)        
     3         203           16668         2.24083            0.25      Successful search (ES-ell)        
     3         238           16668         2.24083           0.125          Refine grid             
     4         240         16688.7         1.51482           0.125      Successful search (ES-ell)        
     4         241         16673.7         2.36659           0.125      Successful search (ES-ell)        
     4         242         16663.8         2.49685           0.125      Successful search (ES-ell)        
     4         281         16663.8         2.49685          0.0625          Refine grid             
     5         282         16698.6         8.42854          0.0625      Successful search (ES-ell)        
     5         283         16683.2         10.4324          0.0625      Successful search (ES-ell)        
     5         284         16658.8         23.1062          0.0625      Successful search (ES-wcm)        
     5         286         16649.7         28.4593          0.0625      Successful search (ES-wcm)        
     5         324         16649.7         28.4593         0.03125          Refine grid             Train
     6         325         16702.2         7.41575         0.03125      Successful search (ES-wcm)        
     6         326         16691.1         9.33331         0.03125      Successful search (ES-wcm)        
     6         327         16678.1         16.9126         0.03125      Successful search (ES-wcm)        
     6         328           16647         18.0523         0.03125      Successful search (ES-ell)        
     6         367           16647         18.0523        0.015625          Refine grid             Train
     7         368         16626.2         6.04923        0.015625      Successful search (ES-ell)        
     7         369         16575.3          6.4832        0.015625      Successful search (ES-ell)        
     7         370         16505.5         7.20475        0.015625      Successful search (ES-ell)        
     7         371         16432.2         8.56539        0.015625      Successful search (ES-ell)        
     7         372         16354.2         10.6123        0.015625      Successful search (ES-ell)        
     7         373         16254.6         14.0266        0.015625      Successful search (ES-ell)        
     7         374         16228.4         18.8798        0.015625      Successful search (ES-ell)        
     7         410         16228.4         18.8798       0.0078125          Refine grid             
     8         411         16666.7         6.18805       0.0078125      Successful search (ES-ell)        
     8         412         16665.5         6.44026       0.0078125      Successful search (ES-ell)        
     8         413           16661         6.87503       0.0078125      Successful search (ES-ell)        
     8         414         16647.2         7.54486       0.0078125      Successful search (ES-ell)        
     8         415         16637.6         8.80779       0.0078125      Successful search (ES-ell)        
     8         416         16627.9           10.88       0.0078125      Successful search (ES-ell)        
     8         453         16627.9           10.88      0.00390625          Refine grid             
     9         454         16680.4         5.32251      0.00390625      Successful search (ES-ell)        
     9         455         16676.7         5.61048      0.00390625      Successful search (ES-ell)        
     9         456         16671.6         6.07883      0.00390625      Successful search (ES-ell)        
     9         457         16664.8         6.73903      0.00390625      Successful search (ES-ell)        
     9         458           16657         7.93045      0.00390625      Successful search (ES-ell)        
     9         459         16643.3         9.40678      0.00390625      Successful search (ES-ell)        
     9         460         16629.5          12.442      0.00390625      Successful search (ES-ell)        
     9         496         16629.5          12.442      0.00195312          Refine grid             
    10         497         16694.1         4.61179      0.00195312      Successful search (ES-ell)        
    10         498         16691.4         4.77884      0.00195312      Successful search (ES-ell)        
    10         499         16687.8         5.05251      0.00195312      Successful search (ES-ell)        
    10         500         16686.2          5.4644      0.00195312      Successful search (ES-ell)        
    10         501           16680         6.18254      0.00195312      Successful search (ES-ell)        
    10         502         16671.5         7.30307      0.00195312      Successful search (ES-ell)        
    10         503         16662.6         8.85116      0.00195312      Successful search (ES-ell)        
    10         504         16647.7         10.9628      0.00195312      Successful search (ES-ell)        
    10         505         16625.8         14.0033      0.00195312      Successful search (ES-ell)        
    10         506         16618.8         17.9428      0.00195312      Successful search (ES-ell)        
    10         539         16618.8         17.9428     0.000976562          Refine grid             Train
Optimization terminated: change in the function value less than options['tol_mesh']
Estimated function value at minimum: 16661.501972391052 ± 3.609199114496979 (mean ± SEM from 100 samples)
BADS minimum at: x_min = [ 2.44520e+00  8.59620e+00  8.10630e+00  1.00000e-04 -2.47580e+00
  2.03958e+01  3.89500e-01  4.53500e-01  4.16600e-01  1.99870e+00
  3.65100e-01], training NLL = 16661.502
total f-count: 639, time: 28.45 min

 ------- Finish Optimization for Subject 15 ---------- 

 ------- Start Optimization for Subject 20 ---------- 

 Cross Validation fold 0/1

 -- Start Optimization: method BADS --

 Optimization Run 1/1
Initial params: [0.9879, 9.71, 9.3103, 3.199, 2.0611, 29.8137, 0.5087, 0.1855, 0.6819, 0.5275, 0.9099]
bads:TooCloseBounds: For each variable, hard and plausible bounds should not be too close. Moving plausible bounds.
Variables (index) internally transformed to log coordinates: [[ 0  0]
 [ 0  3]
 [ 0  8]
 [ 0  9]
 [ 0 10]]
Beginning optimization of a STOCHASTIC objective function

 Iteration    f-count      E[f(x)]        SD[f(x)]           MeshScale          Method              Actions
     0           1         28430.6             nan               1                                  
     0          27         28430.6             nan               1          Initial mesh            Initial points
     0          29         26408.2        0.999937               1        Successful poll           Train
     1          30         23855.6        0.999939               1      Successful search (ES-wcm)        
     1          32         23800.6          0.9999               1      Successful search (ES-wcm)        
     1          34         21902.1        0.999903               1      Successful search (ES-wcm)        
     1          36         21100.3        0.999886               1      Successful search (ES-wcm)        
     1          46           20759        0.997585               1      Successful search (ES-wcm)        
     1          47         20615.7         0.99733               1      Successful search (ES-wcm)        
     1          48         20204.6        0.999187               1      Successful search (ES-wcm)        
     1          51         19865.5         1.06339               1      Successful search (ES-wcm)        
     1          57         19635.7         1.06334               1      Successful search (ES-wcm)        
     1          58         19595.3         1.06338               1      Successful search (ES-ell)        
     1          59         19301.9         1.06338               1      Successful search (ES-wcm)        
     1          62         19272.2         1.06338               1      Successful search (ES-wcm)        
     1          68         19183.1         1.06329               1      Successful search (ES-wcm)        
     1          70           19179         1.06336               1      Successful search (ES-wcm)        
     1          74           19055        0.741464               1      Successful search (ES-wcm)        
     1          78         18845.3        0.741448               1      Successful search (ES-ell)        
     1          93         18777.7        0.740435               1      Successful search (ES-wcm)        
     1          94           18707        0.739314               1      Successful search (ES-wcm)        
     1          99         18538.5          1.1604               1      Successful search (ES-wcm)        
     1         134         18538.5          1.1604             0.5          Refine grid             Train
     2         164         18538.8         1.10602            0.25          Refine grid             Train
     3         166         18540.7         1.22552            0.25      Successful search (ES-wcm)        
     3         170         18536.5         1.22549            0.25      Successful search (ES-wcm)        
     3         175         18505.4         1.22535            0.25      Successful search (ES-wcm)        
     3         206         18505.4         1.22535           0.125          Refine grid             Train
     4         212         18495.2        0.843542           0.125      Successful search (ES-wcm)        
     4         249         18495.2        0.843542          0.0625          Refine grid             Train
     5         281         18504.7         2.19894         0.03125          Refine grid             Train
     6         314         18506.2        0.839566       0.0078125          Refine grid             Train
     7         347         18540.1          1.2201      0.00390625          Refine grid             Train
     8         380         18579.4        0.986107      0.00195312          Refine grid             Train
     9         381         18614.8          4.8562      0.00195312      Successful search (ES-ell)        
     9         382         18610.5         4.96953      0.00195312      Successful search (ES-ell)        
     9         383         18604.3         5.18734      0.00195312      Successful search (ES-ell)        
     9         384         18595.3          5.7345      0.00195312      Successful search (ES-ell)        
     9         385         18583.9         6.77989      0.00195312      Successful search (ES-ell)        
     9         386         18567.5         8.68316      0.00195312      Successful search (ES-ell)        
     9         387           18547         13.2832      0.00195312      Successful search (ES-wcm)        
     9         388         18497.3         24.8939      0.00195312      Successful search (ES-wcm)        
     9         389         18489.5         43.4342      0.00195312      Successful search (ES-wcm)        
     9         424         18489.5         43.4342     0.000976562          Refine grid             Train
Optimization terminated: change in the function value less than options['tol_mesh']
Estimated function value at minimum: 18591.829894908376 ± 5.704394922410516 (mean ± SEM from 100 samples)
BADS minimum at: x_min = [ 4.0645  6.9564  7.3225  0.999   0.1362 31.5389  0.3354  0.3363  0.5315
  1.1516  0.2193], training NLL = 18591.8299
total f-count: 524, time: 23.07 min

 ------- Finish Optimization for Subject 20 ---------- 

 ------- Start Optimization for Subject 25 ---------- 

 Cross Validation fold 0/1

 -- Start Optimization: method BADS --

 Optimization Run 1/1
Initial params: [1.9478, 5.6862, 11.2724, 13.7779, -3.4081, 24.4818, 0.3277, 0.2093, 0.2205, 0.7104, 0.396]
bads:TooCloseBounds: For each variable, hard and plausible bounds should not be too close. Moving plausible bounds.
Variables (index) internally transformed to log coordinates: [[ 0  0]
 [ 0  3]
 [ 0  8]
 [ 0  9]
 [ 0 10]]
Beginning optimization of a STOCHASTIC objective function

 Iteration    f-count      E[f(x)]        SD[f(x)]           MeshScale          Method              Actions
     0           1         28345.2             nan               1                                  
     0          27         28345.2             nan               1          Initial mesh            Initial points
     0          29         28198.8        0.965416               1        Successful poll           Train
     1          30         28159.7        0.965418               1      Successful search (ES-wcm)        
     1          33         26768.2        0.965404               1      Successful search (ES-wcm)        
     1          34         24513.1        0.965415               1      Successful search (ES-wcm)        
     1          36         23283.3        0.965404               1      Successful search (ES-wcm)        
     1          37         22856.8        0.965365               1      Successful search (ES-wcm)        
     1          41         22391.3        0.965394               1      Successful search (ES-ell)        
     1          44         22092.1        0.965293               1      Successful search (ES-ell)        
     1          47         21829.4         0.96444               1      Successful search (ES-ell)        
     1          80         21829.4         0.96444             0.5          Refine grid             Train
     2          81           21771        0.905599             0.5      Successful search (ES-ell)        
     2          82         21666.1         0.90562             0.5      Successful search (ES-ell)        
     2          83           21627        0.905622             0.5      Successful search (ES-ell)        
     2         100         21573.1        0.952026             0.5      Successful search (ES-wcm)        
     2         106         21517.8        0.952867             0.5      Successful search (ES-wcm)        
     2         140         21457.1         0.88906               1        Successful poll           
     3         151         21424.2        0.997451               1      Successful search (ES-wcm)        
     3         152         21341.4        0.997455               1      Successful search (ES-wcm)        
     3         163         21327.9        0.997455               1      Successful search (ES-wcm)        
     3         171           21324        0.998773               1      Successful search (ES-wcm)        
     3         189         21247.3        0.998773               1        Successful poll           Train
     4         197         21239.9         1.06563               1      Successful search (ES-wcm)        
     4         202         21235.8         1.06563               1      Successful search (ES-wcm)        
     4         219         21195.9         1.13357               1      Successful search (ES-wcm)        
     4         220         21153.6         1.13356               1      Successful search (ES-ell)        
     4         251         21153.6         1.13356             0.5          Refine grid             
     5         281         21153.7         1.13297            0.25          Refine grid             
     6         312         21159.9        0.998749           0.125          Refine grid             Train
     7         313         21198.1         1.06562           0.125      Successful search (ES-ell)        
     7         333         21146.3        0.935456           0.125      Successful search (ES-ell)        
     7         336         21139.8        0.926013           0.125      Successful search (ES-ell)        
     7         337         21087.2         0.92604           0.125      Successful search (ES-wcm)        
     7         350         21070.3        0.926028           0.125      Successful search (ES-wcm)        
     7         362         21069.2        0.925995           0.125      Successful search (ES-wcm)        
     7         369         21042.4        0.926033           0.125      Successful search (ES-wcm)        
     7         373         21037.6        0.926002           0.125      Successful search (ES-ell)        
     7         408         21023.1        0.907588            0.25        Successful poll           
     8         415         20988.3        0.907238            0.25      Successful search (ES-ell)        
     8         427         20987.1         0.90765            0.25      Successful search (ES-wcm)        
     8         461         20987.1         0.90765           0.125          Refine grid             Train
     9         492           20969         1.25912            0.25        Successful poll           Train
    10         496         20930.3         1.25916            0.25      Successful search (ES-wcm)        
    10         534         20902.4         1.38113             0.5        Successful poll           Train
    11         563         20902.4         1.38112            0.25          Refine grid             Train
    12         593         20900.6         18.4168             0.5        Successful poll           Train
    13         622         20902.4          1.0617           0.125          Refine grid             Train
    14         653         20969.1         1.25907          0.0625          Refine grid             Train
    15         684         20969.1         1.25905         0.03125          Refine grid             Train
    16         716         20988.3         1.25364        0.015625          Refine grid             Train
    17         748         21024.1        0.905697       0.0078125          Refine grid             Train
    18         749         21131.5         8.97238       0.0078125      Successful search (ES-ell)        
    18         750         21128.7         8.89367       0.0078125      Successful search (ES-ell)        
    18         751         21124.6         9.05346       0.0078125      Successful search (ES-ell)        
    18         752         21117.2         9.49339       0.0078125      Successful search (ES-ell)        
    18         753         21107.6         10.5858       0.0078125      Successful search (ES-ell)        
    18         754         21097.6         11.8135       0.0078125      Successful search (ES-ell)        
    18         755         21096.4         14.9633       0.0078125      Successful search (ES-ell)        
    18         756         21086.8         15.8995       0.0078125      Successful search (ES-ell)        
    18         792         21086.8         15.8995      0.00390625          Refine grid             Train
    19         793         21082.3         9.19237      0.00390625      Successful search (ES-wcm)        
    19         794           21078         9.17409      0.00390625      Successful search (ES-wcm)        
    19         795         21075.7         9.20994      0.00390625      Successful search (ES-wcm)        
    19         796         21071.8         9.72124      0.00390625      Successful search (ES-wcm)        
    19         797         21068.3         9.77349      0.00390625      Successful search (ES-wcm)        
    19         798           21067         11.8734      0.00390625      Successful search (ES-wcm)        
    19         799         21059.4         17.1644      0.00390625      Successful search (ES-wcm)        
    19         836         21059.4         17.1644      0.00195312          Refine grid             
    20         837           21114         7.70628      0.00195312      Successful search (ES-wcm)        
    20         838         21109.4         7.76032      0.00195312      Successful search (ES-wcm)        
    20         839         21105.7         7.83215      0.00195312      Successful search (ES-wcm)        
    20         840         21100.2         7.93335      0.00195312      Successful search (ES-wcm)        
    20         841         21095.7         7.89077      0.00195312      Successful search (ES-ell)        
    20         842         21088.1         8.01031      0.00195312      Successful search (ES-ell)        
    20         843           21078         8.20976      0.00195312      Successful search (ES-ell)        
    20         844           21064          8.9566      0.00195312      Successful search (ES-ell)        
    20         845         21058.5         10.5082      0.00195312      Successful search (ES-ell)        
    20         846         21047.4         14.2145      0.00195312      Successful search (ES-ell)        
    20         847         21036.7         19.4206      0.00195312      Successful search (ES-ell)        
    20         880         21036.7         19.4206     0.000976562          Refine grid             
Optimization terminated: change in the function value less than options['tol_mesh']
Estimated function value at minimum: 21104.18452680485 ± 6.023885136177429 (mean ± SEM from 100 samples)
BADS minimum at: x_min = [ 4.4202  9.5378  8.5207  0.2767 -0.8978 32.933   0.3454  0.4018  0.9812
  1.9178  0.4421], training NLL = 21104.1845
total f-count: 980, time: 43.31 min

 ------- Finish Optimization for Subject 25 ---------- 
