----------------------------------------
Start task prologue Sun Jun 14 17:30:40 CEST 2026
----------------------------------------
Step ID:         53647867.
Username:        wenlou
Group:           mpla
Asked resources: walltime=1-00:00:00,nodes=1,cpus=8,mem=2G
Queue:           gpu
Compute nodes:   dccn-c047
----------------------------------------
End task prologue Sun Jun 14 17:30:40 CEST 2026
----------------------------------------
CUDA version:
nvcc: NVIDIA (R) Cuda compiler driver
Copyright (c) 2005-2024 NVIDIA Corporation
Built on Thu_Mar_28_02:18:24_PDT_2024
Cuda compilation tools, release 12.4, V12.4.131
Build cuda_12.4.r12.4/compiler.34097967_0

[WARNING] Please note the interface change for (de-)activating conda environment:

  - DO NOT use `conda activate` to enter the conda environment as it requires extra step to modify your ~/.bashrc file, which will force you to use this Anaconda version (2024.06).  Therefore keep using `source activate` instead.

  - DO use `conda deactivate` to leave your conda environment as `source deactivate` will be deprecated in future release.

Running model for expriment=new_bins_no_motor1, m_id=2, method=bads
device is : cuda
['new_bins_no_motor1', '2', 'all', 'bads', '2']

 ------- Start Optimization for Subject 2 ---------- 

 Cross Validation fold 0/1

 -- Start Optimization: method BADS --

 Optimization Run 1/2
Initial params: [1.1973, 8.2726, 6.6535, 7.3437, 1.3438, 9.2582, 0.5798, 0.4636, 15.0339, 0.7238, 0.3647, 0.1203]
bads:TooCloseBounds: For each variable, hard and plausible bounds should not be too close. Moving plausible bounds.
Variables (index) internally transformed to log coordinates: [[0 0]
 [0 3]
 [0 5]
 [0 6]]
Beginning optimization of a STOCHASTIC objective function

 Iteration    f-count      E[f(x)]        SD[f(x)]           MeshScale          Method              Actions
     0           1         27613.9             nan               1                                  
     0          33           25061             nan               1          Initial mesh            Initial points
     0          49         24902.9        0.999963               1        Successful poll           Train
     1          54         24273.2        0.999747               1      Successful search (ES-wcm)        
     1          58         24217.9        0.998801               1      Successful search (ES-ell)        
     1          60         24208.1          1.0039               1      Successful search (ES-wcm)        
     1          65         24160.9         1.00392               1      Successful search (ES-wcm)        
     1          66         24090.4         1.00395               1      Successful search (ES-wcm)        
     1          70         24058.3         1.00384               1      Successful search (ES-wcm)        
     1          71         23944.6         1.00377               1      Successful search (ES-wcm)        
     1          81         23937.5        0.987455               1      Successful search (ES-wcm)        
     1          83         23920.6        0.997821               1      Successful search (ES-wcm)        
     1          89         23795.7        0.940811               1      Successful search (ES-ell)        
     1          92         23741.1        0.940426               1      Successful search (ES-ell)        
     1         128         23676.9         1.07101               1        Successful poll           Train
     2         136         23649.2          1.4121               1      Successful search (ES-ell)        
     2         140         23601.3         1.41088               1      Successful search (ES-ell)        
     2         170         23601.3         1.41088             0.5          Refine grid             Train
     3         180         23575.3         1.11798             0.5      Successful search (ES-ell)        
     3         215         23575.3         1.11798            0.25          Refine grid             
     4         222           23602         1.12938            0.25      Successful search (ES-ell)        
     4         224         23596.8         1.13128            0.25      Successful search (ES-ell)        
     4         262         23596.8         1.13128           0.125          Refine grid             
     5         264         23584.5         1.13957           0.125      Successful search (ES-ell)        
     5         310         23584.5         1.13957          0.0625          Refine grid             
     6         346         23629.4        0.744411         0.03125          Refine grid             
     7         347         23603.3         1.16037         0.03125      Successful search (ES-wcm)        
     7         394         23603.3         1.16037        0.015625          Refine grid             
     8         395         23611.4        0.927933        0.015625      Successful search (ES-wcm)        
     8         396         23602.6         1.12219        0.015625      Successful search (ES-wcm)        
     8         442         23602.6         1.12219       0.0078125          Refine grid             
     9         443         23628.4        0.530207       0.0078125      Successful search (ES-ell)        
     9         444           23624        0.754057       0.0078125      Successful search (ES-ell)        
     9         445         23604.8         0.91212       0.0078125      Successful search (ES-ell)        
     9         490         23604.8         0.91212      0.00390625          Refine grid             Train
    10         491         23623.3        0.436472      0.00390625      Successful search (ES-wcm)        
    10         516         23603.2        0.938942       0.0078125        Successful poll           
    11         538         23580.1         1.16685        0.015625        Successful poll           Train
    12         539         23626.6         5.66077        0.015625      Successful search (ES-wcm)        
    12         540         23626.1         7.05011        0.015625      Successful search (ES-wcm)        
    12         541         23619.7          11.273        0.015625      Successful search (ES-wcm)        
    12         542         23596.7         17.6194        0.015625      Successful search (ES-wcm)        
    12         543         23583.5         22.7027        0.015625      Successful search (ES-wcm)        
    12         544         23546.2         21.8543        0.015625      Successful search (ES-ell)        
    12         545         23528.5         20.3279        0.015625      Successful search (ES-wcm)        
    12         548           23508         17.5885        0.015625      Successful search (ES-ell)        
    12         586           23508         17.5885       0.0078125          Refine grid             
    13         587         23550.7         5.23302       0.0078125      Successful search (ES-ell)        
    13         588         23543.9         5.95749       0.0078125      Successful search (ES-ell)        
    13         589         23536.2         7.63747       0.0078125      Successful search (ES-ell)        
    13         590         23526.7         9.89849       0.0078125      Successful search (ES-ell)        
    13         591         23514.3         13.2308       0.0078125      Successful search (ES-ell)        
    13         592         23494.3         16.5685       0.0078125      Successful search (ES-ell)        
    13         634         23494.3         16.5685      0.00390625          Refine grid             
    14         635           23528         4.90193      0.00390625      Successful search (ES-wcm)        
    14         636           23522         5.21698      0.00390625      Successful search (ES-wcm)        
    14         637         23511.9         6.11281      0.00390625      Successful search (ES-wcm)        
    14         638           23502         7.81635      0.00390625      Successful search (ES-wcm)        
    14         639         23496.9         8.82773      0.00390625      Successful search (ES-wcm)        
    14         640         23493.3         9.16012      0.00390625      Successful search (ES-wcm)        
    14         641         23491.3         10.2691      0.00390625      Successful search (ES-wcm)        
    14         644         23489.3         9.29185      0.00390625      Successful search (ES-ell)        
    14         645         23462.1         10.6322      0.00390625      Successful search (ES-ell)        
    14         646         23437.3         13.8481      0.00390625      Successful search (ES-ell)        
    14         680         23437.3         13.8481      0.00195312          Refine grid             Train
    15         681         23529.9           5.716      0.00195312      Successful search (ES-ell)        
    15         683         23529.2         5.58845      0.00195312      Successful search (ES-ell)        
    15         684         23527.4         5.56407      0.00195312      Successful search (ES-ell)        
    15         685         23526.4         5.56798      0.00195312      Successful search (ES-ell)        
    15         686         23524.5         5.68352      0.00195312      Successful search (ES-ell)        
    15         687           23523         6.04184      0.00195312      Successful search (ES-ell)        
    15         688         23522.9         6.65949      0.00195312      Successful search (ES-ell)        
    15         689         23516.6         7.55086      0.00195312      Successful search (ES-ell)        
    15         690         23512.9         9.36101      0.00195312      Successful search (ES-ell)        
    15         691         23510.8         10.4644      0.00195312      Successful search (ES-wcm)        
    15         728         23510.8         10.4644     0.000976562          Refine grid             Train
Optimization terminated: change in the function value less than options['tol_mesh']
Estimated function value at minimum: 23525.035395809486 ± 3.527461283498062 (mean ± SEM from 100 samples)
BADS minimum at: x_min = [ 1.149   7.8127  8.0718  0.6462 -0.6861  1.4739  0.6225  0.3276  8.3037
  0.9183  0.5009  0.3268], training NLL = 23525.0354
total f-count: 828, time: 39.96 min

 Optimization Run 2/2
Initial params: [0.1276, 7.8226, 14.727, 15.3488, -1.7191, 19.28, 2.873, 0.425, 26.255, 0.5676, 0.631, 0.1547]
bads:TooCloseBounds: For each variable, hard and plausible bounds should not be too close. Moving plausible bounds.
Variables (index) internally transformed to log coordinates: [[0 0]
 [0 3]
 [0 5]
 [0 6]]
Beginning optimization of a STOCHASTIC objective function

 Iteration    f-count      E[f(x)]        SD[f(x)]           MeshScale          Method              Actions
     0           1         27063.1             nan               1                                  
     0          33         25056.7             nan               1          Initial mesh            Initial points
     0          49         24892.8        0.999972               1        Successful poll           Train
     1          52         24637.6        0.999954               1      Successful search (ES-wcm)        
     1          54         24468.4        0.999868               1      Successful search (ES-wcm)        
     1          56         24339.3        0.999907               1      Successful search (ES-ell)        
     1          59         24290.9        0.949119               1      Successful search (ES-ell)        
     1          64         24274.4        0.949122               1      Successful search (ES-ell)        
     1          68         24264.3        0.948428               1      Successful search (ES-ell)        
     1          72         24168.2        0.945425               1      Successful search (ES-ell)        
     1         102         24146.5         1.04186               1        Successful poll           
     2         109         24140.9         1.05289               1      Successful search (ES-ell)        
     2         117         24093.2         1.05329               1      Successful search (ES-ell)        
     2         124         24038.1         1.05225               1      Successful search (ES-ell)        
     2         138         24021.3         1.01042               1      Successful search (ES-ell)        
     2         169         24021.3         1.01042             0.5          Refine grid             Train
     3         173         24020.9         1.06081             0.5      Successful search (ES-ell)        
     3         177           24012         1.05962             0.5      Successful search (ES-ell)        
     3         179         24007.1         1.05814             0.5      Successful search (ES-ell)        
     3         185         24001.9         1.19839             0.5      Successful search (ES-ell)        
     3         186         23941.2         1.19839             0.5      Successful search (ES-ell)        
     3         203         23938.9          1.1585             0.5      Successful search (ES-ell)        
     3         211         23886.4         1.19224             0.5      Successful search (ES-ell)        
     3         249         23886.4         1.19224            0.25          Refine grid             
     4         255         23988.2         1.37472            0.25      Successful search (ES-ell)        
     4         259         23965.1         1.33846            0.25      Successful search (ES-ell)        
     4         260         23921.9         1.35942            0.25      Successful search (ES-ell)        
     4         261         23893.8         1.37296            0.25      Successful search (ES-ell)        
     4         294         23893.8         1.37296           0.125          Refine grid             Train
     5         295           23864         8.54692           0.125      Successful search (ES-ell)        
     5         296         23779.6         14.7595           0.125      Successful search (ES-ell)        
     5         339         23779.6         14.7595          0.0625          Refine grid             Train
     6         340         23885.2         9.83735          0.0625      Successful search (ES-ell)        
     6         341         23819.1         15.5095          0.0625      Successful search (ES-ell)        
     6         342         23802.1         21.4356          0.0625      Successful search (ES-ell)        
     6         385         23802.1         21.4356         0.03125          Refine grid             
     7         386         23982.7         6.93029         0.03125      Successful search (ES-ell)        
     7         387         23971.9         8.63984         0.03125      Successful search (ES-ell)        
     7         388           23954         11.3961         0.03125      Successful search (ES-ell)        
     7         389         23946.5         15.3364         0.03125      Successful search (ES-ell)        
     7         410         23856.9         36.7065          0.0625        Successful poll           
     8         411         23863.8         26.4041          0.0625      Successful search (ES-ell)        
     8         425         23861.6         10.3066          0.0625      Successful search (ES-wcm)        
     8         426         23861.1         11.0984          0.0625      Successful search (ES-wcm)        
     8         427         23860.8         12.3991          0.0625      Successful search (ES-wcm)        
     8         431         23858.2         11.1017          0.0625      Successful search (ES-wcm)        
     8         461         23850.2         25.9268           0.125        Successful poll           Train
     9         462         23836.8         21.2172           0.125      Successful search (ES-ell)        
     9         463         23822.9         22.0984           0.125      Successful search (ES-ell)        
     9         506         23822.9         22.0984          0.0625          Refine grid             
    10         507         23853.7         8.41479          0.0625      Successful search (ES-ell)        
    10         508         23853.5          14.643          0.0625      Successful search (ES-ell)        
    10         509         23840.1         21.2786          0.0625      Successful search (ES-ell)        
    10         522         23839.2          8.7488          0.0625      Successful search (ES-wcm)        
    10         523         23838.4         9.25355          0.0625      Successful search (ES-wcm)        
    10         524           23835         9.96374          0.0625      Successful search (ES-wcm)        
    10         564           23835         9.96374         0.03125          Refine grid             
    11         565         23846.2         5.63125         0.03125      Successful search (ES-ell)        
    11         566         23842.9         7.57806         0.03125      Successful search (ES-ell)        
    11         610         23842.9         7.57806        0.015625          Refine grid             
    12         611         23849.2         4.39648        0.015625      Successful search (ES-wcm)        
    12         612         23848.8          4.6601        0.015625      Successful search (ES-wcm)        
    12         613         23847.4         5.25657        0.015625      Successful search (ES-wcm)        
    12         615         23845.8         6.00588        0.015625      Successful search (ES-wcm)        
    12         656         23845.8         6.00588       0.0078125          Refine grid             Train
    13         690         23837.4         21.5921        0.015625        Successful poll           Train
    14         691         23851.3          6.4728        0.015625      Successful search (ES-ell)        
    14         692         23849.7         6.78986        0.015625      Successful search (ES-ell)        
    14         715         23823.9          10.083         0.03125        Successful poll           
    15         716         23851.7         6.07655         0.03125      Successful search (ES-ell)        
    15         761         23833.7         25.0368          0.0625        Successful poll           
    16         762         23849.5           14.46          0.0625      Successful search (ES-ell)        
    16         764         23847.3         14.5357          0.0625      Successful search (ES-ell)        
    16         767         23844.3         16.5077          0.0625      Successful search (ES-wcm)        
    16         807         23839.8         34.5881           0.125        Successful poll           
    17         808         23841.3         13.9289           0.125      Successful search (ES-ell)        
    17         852         23841.3         13.9289          0.0625          Refine grid             
    18         853         23845.5         6.54665          0.0625      Successful search (ES-ell)        
    18         854         23844.6         12.4762          0.0625      Successful search (ES-ell)        
    18         866         23842.6         7.76859          0.0625      Successful search (ES-ell)        
    18         910         23836.1         11.6601           0.125        Successful poll           Train
    19         911         23835.3         21.8544           0.125      Successful search (ES-ell)        
    19         949         23820.9         32.7666            0.25        Successful poll           Train
    20         983         23837.5         20.7012             0.5        Successful poll           Train
    21         985         23843.4         28.8939             0.5      Successful search (ES-ell)        
    21        1027         23843.4         28.8939            0.25          Refine grid             
    22        1061         23844.5         9.82859           0.125          Refine grid             Train
    23        1095         23847.9         5.77613          0.0625          Refine grid             Train
    24        1096         23847.7         12.0108          0.0625      Successful search (ES-ell)        
    24        1097         23841.3         19.5711          0.0625      Successful search (ES-wcm)        
    24        1131         23801.2         22.6474           0.125        Successful poll           
    25        1165         23853.4         5.30089          0.0625          Refine grid             
    26        1199         23841.3         22.8143         0.03125          Refine grid             
    27        1235         23847.3         17.3417        0.015625          Refine grid             
    28        1271           23857         3.38727       0.0078125          Refine grid             Train
    29        1272         23854.3         3.32363       0.0078125      Successful search (ES-wcm)        
    29        1273         23851.1         3.96025       0.0078125      Successful search (ES-wcm)        
    29        1274         23848.7         5.43194       0.0078125      Successful search (ES-wcm)        
    29        1275         23848.6         8.52743       0.0078125      Successful search (ES-wcm)        
    29        1278         23846.7          8.4382       0.0078125      Successful search (ES-ell)        
    29        1283         23845.6         7.04663       0.0078125      Successful search (ES-wcm)        
    29        1284         23842.9         8.07247       0.0078125      Successful search (ES-wcm)        
    29        1285         23839.8         8.48537       0.0078125      Successful search (ES-ell)        
    29        1322         23837.5         10.3427        0.015625        Successful poll           Train
    30        1323         23846.6         8.54811        0.015625      Successful search (ES-wcm)        
    30        1368         23846.6         8.54811       0.0078125          Refine grid             
    31        1383         23847.1         19.3467        0.015625        Successful poll           Train
    32        1417         23849.7           3.529       0.0078125          Refine grid             Train
    33        1418         23847.6         3.91394       0.0078125      Successful search (ES-wcm)        
    33        1423         23847.2         3.84535       0.0078125      Successful search (ES-wcm)        
    33        1428         23846.9         3.71349       0.0078125      Successful search (ES-ell)        
    33        1436         23846.6         3.53471       0.0078125      Successful search (ES-wcm)        
    33        1439         23846.6         3.47496       0.0078125      Successful search (ES-wcm)        
    33        1444         23844.6          3.2263       0.0078125      Successful search (ES-wcm)        
    33        1448         23844.6         3.20418       0.0078125      Successful search (ES-ell)        
    33        1450         23843.4         3.22025       0.0078125      Successful search (ES-ell)        
    33        1452           23843         3.20043       0.0078125      Successful search (ES-ell)        
    33        1454         23842.3         3.51614       0.0078125      Successful search (ES-ell)        
    33        1461         23842.1         3.36113       0.0078125      Successful search (ES-wcm)        
    33        1462           23842          3.5568       0.0078125      Successful search (ES-wcm)        
    33        1465         23841.7         3.59966       0.0078125      Successful search (ES-ell)        
    33        1466         23839.2         4.30088       0.0078125      Successful search (ES-ell)        
    33        1467         23837.2         5.18972       0.0078125      Successful search (ES-ell)        
    33        1468         23834.7         6.45094       0.0078125      Successful search (ES-ell)        
    33        1511         23834.7         6.45094      0.00390625          Refine grid             Train
    34        1545         23840.8         11.5405       0.0078125        Successful poll           Train
    35        1546         23844.2         3.54143       0.0078125      Successful search (ES-wcm)        
    35        1547           23836         4.87808       0.0078125      Successful search (ES-wcm)        
    35        1548         23831.9         7.55995       0.0078125      Successful search (ES-wcm)        
    35        1550         23821.2         10.6367       0.0078125      Successful search (ES-wcm)        
    35        1551         23818.3         15.0296       0.0078125      Successful search (ES-wcm)        
    35        1591         23818.3         15.0296      0.00390625          Refine grid             
    36        1592         23833.1         5.52876      0.00390625      Successful search (ES-wcm)        
    36        1593         23832.7         6.08102      0.00390625      Successful search (ES-wcm)        
    36        1594         23829.6         6.36775      0.00390625      Successful search (ES-ell)        
    36        1595         23824.4         7.70149      0.00390625      Successful search (ES-ell)        
    36        1597           23822         8.71539      0.00390625      Successful search (ES-ell)        
    36        1598         23821.7         11.7149      0.00390625      Successful search (ES-ell)        
    36        1599         23820.4         12.6659      0.00390625      Successful search (ES-ell)        
    36        1637         23820.4         12.6659      0.00195312          Refine grid             Train
    37        1638         23833.7          4.9278      0.00195312      Successful search (ES-ell)        
    37        1639         23833.3         5.05796      0.00195312      Successful search (ES-ell)        
    37        1640           23831         5.45388      0.00195312      Successful search (ES-ell)        
    37        1641         23829.3         6.56006      0.00195312      Successful search (ES-ell)        
    37        1642           23826         8.29671      0.00195312      Successful search (ES-ell)        
    37        1643           23822         10.1864      0.00195312      Successful search (ES-ell)        
    37        1683           23822         10.1864     0.000976562          Refine grid             
Optimization terminated: change in the function value less than options['tol_mesh']
Estimated function value at minimum: 23838.46866601187 ± 3.8533071341648566 (mean ± SEM from 100 samples)
BADS minimum at: x_min = [ 1.9941  9.3448 11.1283  1.1503 -0.0887  1.2088  0.0244  0.2716 11.1366
  0.8697  0.2681  0.3354], training NLL = 23838.4687
total f-count: 1783, time: 84.56 min

 ------- Finish Optimization for Subject 2 ---------- 

 ------- Start Optimization for Subject 3 ---------- 

 Cross Validation fold 0/1

 -- Start Optimization: method BADS --

 Optimization Run 1/2
Initial params: [1.6015, 4.4612, 10.5753, 13.7849, 0.0796, 27.4979, 4.3493, 0.4271, 25.0188, 0.5731, 0.1739, 0.1231]
bads:TooCloseBounds: For each variable, hard and plausible bounds should not be too close. Moving plausible bounds.
Variables (index) internally transformed to log coordinates: [[0 0]
 [0 3]
 [0 5]
 [0 6]]
Beginning optimization of a STOCHASTIC objective function

 Iteration    f-count      E[f(x)]        SD[f(x)]           MeshScale          Method              Actions
     0           1         27260.7             nan               1                                  
     0          33         24510.5             nan               1          Initial mesh            Initial points
     0          44         23562.7        0.999943               1        Successful poll           Train
     1          48         23313.7        0.999877               1      Successful search (ES-wcm)        
     1          49         23246.6        0.999802               1      Successful search (ES-wcm)        
     1          63         23189.9         0.98783               1      Successful search (ES-wcm)        
     1          64           23092         0.98787               1      Successful search (ES-wcm)        
     1          66         23047.9        0.987892               1      Successful search (ES-wcm)        
     1          71         22981.7        0.987862               1      Successful search (ES-wcm)        
     1          76         22940.8        0.987594               1      Successful search (ES-wcm)        
     1          77         22918.7        0.987575               1      Successful search (ES-wcm)        
     1          79         22899.8        0.987186               1      Successful search (ES-wcm)        
     1          80         22847.9        0.987244               1      Successful search (ES-wcm)        
     1          81         22812.2        0.987798               1      Successful search (ES-wcm)        
     1          87         22811.6        0.993101               1      Incremental search (ES-wcm)        
     1          96         22810.5         0.99306               1      Successful search (ES-wcm)        
     1         111         22773.8         1.05358               1      Successful search (ES-wcm)        
     1         114         22712.8          1.0532               1      Successful search (ES-wcm)        
     1         118         22662.8         1.05415               1      Successful search (ES-ell)        
     1         120         22625.1         1.05417               1      Successful search (ES-wcm)        
     1         126         22615.6         1.05411               1      Successful search (ES-wcm)        
     1         155         22522.1         1.03363               1        Successful poll           
     2         161         22519.1         23.7801               1      Successful search (ES-ell)        
     2         162         22514.6         24.1743               1      Successful search (ES-ell)        
     2         196         22514.6         24.1743             0.5          Refine grid             Train
     3         197         22563.5         27.0079             0.5      Successful search (ES-ell)        
     3         198         22544.4          29.311             0.5      Successful search (ES-ell)        
     3         199         22534.2         30.8548             0.5      Successful search (ES-ell)        
     3         203         22493.7         29.4536             0.5      Successful search (ES-ell)        
     3         206         22478.9         26.9675             0.5      Successful search (ES-ell)        
     3         209           22449         30.3917             0.5      Successful search (ES-ell)        
     3         213         22430.5         23.7248             0.5      Successful search (ES-ell)        
     3         215         22418.1         25.0685             0.5      Successful search (ES-ell)        
     3         216         22362.1         27.7612             0.5      Successful search (ES-ell)        
     3         253         22362.1         27.7612            0.25          Refine grid             Train
     4         255         22378.1         11.3285            0.25      Successful search (ES-wcm)        
     4         256         22368.1         13.4259            0.25      Successful search (ES-ell)        
     4         299         22368.1         13.4259           0.125          Refine grid             
     5         300         22378.4         7.61298           0.125      Successful search (ES-ell)        
     5         301         22365.3          8.7862           0.125      Successful search (ES-ell)        
     5         302         22357.8         14.9014           0.125      Successful search (ES-ell)        
     5         305         22355.5         11.7233           0.125      Successful search (ES-ell)        
     5         344         22355.5         11.7233          0.0625          Refine grid             
     6         345         22364.8         5.48611          0.0625      Successful search (ES-ell)        
     6         346           22361         5.89636          0.0625      Successful search (ES-ell)        
     6         347         22360.5         7.69785          0.0625      Successful search (ES-ell)        
     6         390         22325.7         7.61793           0.125        Successful poll           
     7         392         22318.1          10.751           0.125      Successful search (ES-wcm)        
     7         435         22318.1          10.751          0.0625          Refine grid             Train
     8         468           22369         5.13333        0.015625          Refine grid             Train
     9         481           22368         30.5052         0.03125        Successful poll           Train
    10         482         22363.7         25.5281         0.03125      Successful search (ES-wcm)        
    10         484         22357.1         16.2538         0.03125      Successful search (ES-wcm)        
    10         485         22345.3         17.0511         0.03125      Successful search (ES-wcm)        
    10         486         22339.7         16.3146         0.03125      Successful search (ES-wcm)        
    10         524         22324.9         10.4563          0.0625        Successful poll           
    11         525           22330         10.1639          0.0625      Successful search (ES-ell)        
    11         526           22323         13.0516          0.0625      Successful search (ES-ell)        
    11         570           22323         13.0516         0.03125          Refine grid             Train
    12         571         22348.9         10.3244         0.03125      Successful search (ES-ell)        
    12         572         22348.1         10.6719         0.03125      Successful search (ES-ell)        
    12         573         22346.9         12.0698         0.03125      Successful search (ES-ell)        
    12         578         22346.4         9.79155         0.03125      Successful search (ES-wcm)        
    12         579         22346.1         11.0458         0.03125      Successful search (ES-wcm)        
    12         615         22346.1         11.0458        0.015625          Refine grid             Train
    13         616         22353.6         8.39082        0.015625      Successful search (ES-wcm)        
    13         620         22352.6         7.55013        0.015625      Successful search (ES-ell)        
    13         621         22351.6         7.68475        0.015625      Successful search (ES-wcm)        
    13         622           22350         8.71385        0.015625      Successful search (ES-wcm)        
    13         623         22343.5         11.5592        0.015625      Successful search (ES-wcm)        
    13         661         22343.5         11.5592       0.0078125          Refine grid             
    14         662           22349         5.16464       0.0078125      Successful search (ES-wcm)        
    14         674           22348         3.61458       0.0078125      Successful search (ES-wcm)        
    14         675         22344.7         4.09375       0.0078125      Successful search (ES-wcm)        
    14         676         22341.5          4.9343       0.0078125      Successful search (ES-wcm)        
    14         677         22335.5         6.57656       0.0078125      Successful search (ES-wcm)        
    14         678         22329.6         9.57348       0.0078125      Successful search (ES-ell)        
    14         720         22329.6         9.57348      0.00390625          Refine grid             
    15         721         22351.8         4.96386      0.00390625      Successful search (ES-ell)        
    15         722         22350.6         5.01849      0.00390625      Successful search (ES-ell)        
    15         723         22348.5          5.1435      0.00390625      Successful search (ES-ell)        
    15         724         22347.4         5.47739      0.00390625      Successful search (ES-ell)        
    15         725         22346.8         6.14888      0.00390625      Successful search (ES-ell)        
    15         726         22340.5         7.45808      0.00390625      Successful search (ES-ell)        
    15         728           22338         8.87643      0.00390625      Successful search (ES-ell)        
    15         730         22326.1         11.8452      0.00390625      Successful search (ES-wcm)        
    15         768         22326.1         11.8452      0.00195312          Refine grid             
    16         769         22352.2         4.48812      0.00195312      Successful search (ES-wcm)        
    16         770         22351.3           4.552      0.00195312      Successful search (ES-ell)        
    16         771         22350.9         4.64676      0.00195312      Successful search (ES-ell)        
    16         772         22350.1         4.67338      0.00195312      Successful search (ES-ell)        
    16         773         22349.4          5.0263      0.00195312      Successful search (ES-ell)        
    16         774         22348.4         5.44245      0.00195312      Successful search (ES-ell)        
    16         775         22344.8         5.98998      0.00195312      Successful search (ES-ell)        
    16         776           22340         7.47624      0.00195312      Successful search (ES-ell)        
    16         814           22340         7.47624     0.000976562          Refine grid             Train
Optimization terminated: change in the function value less than options['tol_mesh']
Estimated function value at minimum: 22348.665157691838 ± 3.3529613841730472 (mean ± SEM from 100 samples)
BADS minimum at: x_min = [ 2.2383  8.1431  4.4654  0.     -1.0982  2.745   0.0881  0.2005  8.1486
  0.1917  0.6139  0.2995], training NLL = 22348.6652
total f-count: 914, time: 44.52 min

 Optimization Run 2/2
Initial params: [1.0216, 3.9554, 11.506, 3.8638, 2.8792, 5.2858, 0.3092, 0.4817, 22.7672, 0.5213, 0.6577, 0.2772]
bads:TooCloseBounds: For each variable, hard and plausible bounds should not be too close. Moving plausible bounds.
Variables (index) internally transformed to log coordinates: [[0 0]
 [0 3]
 [0 5]
 [0 6]]
Beginning optimization of a STOCHASTIC objective function

 Iteration    f-count      E[f(x)]        SD[f(x)]           MeshScale          Method              Actions
     0           1         26884.3             nan               1                                  
     0          33         24519.4             nan               1          Initial mesh            Initial points
     0          35         23546.8        0.999969               1        Successful poll           Train
     1          41           23298        0.999642               1      Successful search (ES-wcm)        
     1          75         22906.6         1.01972               1        Successful poll           Train
     2          77         22781.4         1.01972               1      Successful search (ES-wcm)        
     2          83         22761.1          1.0197               1      Successful search (ES-wcm)        
     2          85         22740.4         1.04029               1      Successful search (ES-wcm)        
     2         118         22740.4         1.04029             0.5          Refine grid             Train
     3         119         22727.7         1.12592             0.5      Successful search (ES-wcm)        
     3         122         22628.3         1.12593             0.5      Successful search (ES-wcm)        
     3         159         22582.8         1.03344               1        Successful poll           Train
     4         163         22634.2         30.6365               1      Successful search (ES-wcm)        
     4         164         22626.1          34.635               1      Successful search (ES-wcm)        
     4         166         22541.4         35.0325               1      Successful search (ES-wcm)        
     4         174           22537         30.9141               1      Successful search (ES-ell)        
     4         176         22531.7         28.6476               1      Successful search (ES-ell)        
     4         178         22529.9         30.5941               1      Successful search (ES-ell)        
     4         179         22511.7         30.5822               1      Successful search (ES-ell)        
     4         181         22446.7         28.1437               1      Successful search (ES-ell)        
     4         211         22446.7         28.1437             0.5          Refine grid             
     5         212           22485         16.1867             0.5      Successful search (ES-ell)        
     5         214         22468.9         17.2179             0.5      Successful search (ES-ell)        
     5         215         22446.4         23.6015             0.5      Successful search (ES-ell)        
     5         255         22446.4         23.6015            0.25          Refine grid             Train
     6         258           22471         7.64415            0.25      Successful search (ES-ell)        
     6         300           22471         7.64415           0.125          Refine grid             
     7         301         22475.4         5.77925           0.125      Successful search (ES-ell)        
     7         302         22469.7         6.86911           0.125      Successful search (ES-ell)        
     7         307         22469.3          7.2814           0.125      Successful search (ES-wcm)        
     7         308           22467         9.08154           0.125      Successful search (ES-wcm)        
     7         346           22467         9.08154          0.0625          Refine grid             
     8         347         22476.7         5.65818          0.0625      Successful search (ES-wcm)        
     8         348         22475.2         8.82287          0.0625      Successful search (ES-wcm)        
     8         392         22475.2         8.82287         0.03125          Refine grid             
     9         393           22481         4.46167         0.03125      Successful search (ES-wcm)        
     9         394         22478.1         5.44043         0.03125      Successful search (ES-wcm)        
     9         395         22473.5         7.91733         0.03125      Successful search (ES-wcm)        
     9         396           22473         13.0447         0.03125      Successful search (ES-wcm)        
     9         397         22470.4          13.722         0.03125      Successful search (ES-ell)        
     9         398         22461.7         14.8401         0.03125      Successful search (ES-ell)        
     9         440         22461.7         14.8401        0.015625          Refine grid             Train
    10         441           22480         5.14277        0.015625      Successful search (ES-ell)        
    10         442         22478.2         5.67046        0.015625      Successful search (ES-wcm)        
    10         443         22476.1         6.83171        0.015625      Successful search (ES-wcm)        
    10         488         22476.1         6.83171       0.0078125          Refine grid             
    11         524         22482.1         4.93953      0.00390625          Refine grid             
    12         525           22483         3.43082      0.00390625      Successful search (ES-wcm)        
    12         526         22482.2         3.48881      0.00390625      Successful search (ES-wcm)        
    12         527         22481.3         3.55995      0.00390625      Successful search (ES-wcm)        
    12         528         22480.7         3.81651      0.00390625      Successful search (ES-wcm)        
    12         529         22479.1         4.26132      0.00390625      Successful search (ES-ell)        
    12         530         22478.8          4.9483      0.00390625      Successful search (ES-ell)        
    12         531         22477.5         6.00181      0.00390625      Successful search (ES-ell)        
    12         532         22473.2         7.77196      0.00390625      Successful search (ES-ell)        
    12         533         22471.2         10.0457      0.00390625      Successful search (ES-ell)        
    12         534         22467.6         12.9377      0.00390625      Successful search (ES-ell)        
    12         535         22456.8         16.5086      0.00390625      Successful search (ES-ell)        
    12         572         22456.8         16.5086      0.00195312          Refine grid             Train
    13         573         22471.8         5.15775      0.00195312      Successful search (ES-wcm)        
    13         612         22470.9         3.60574      0.00390625        Successful poll           Train
    14         613           22478         3.62084      0.00390625      Successful search (ES-ell)        
    14         614         22475.8         3.67857      0.00390625      Successful search (ES-ell)        
    14         615         22472.9         3.99013      0.00390625      Successful search (ES-ell)        
    14         616         22465.9         4.58152      0.00390625      Successful search (ES-ell)        
    14         617         22461.5         5.48884      0.00390625      Successful search (ES-ell)        
    14         618         22450.4          6.9734      0.00390625      Successful search (ES-ell)        
    14         619           22438         9.67755      0.00390625      Successful search (ES-ell)        
    14         660           22438         9.67755      0.00195312          Refine grid             
    15         661         22479.4         3.85782      0.00195312      Successful search (ES-ell)        
    15         662         22478.8         3.90677      0.00195312      Successful search (ES-ell)        
    15         663         22477.8         4.02766      0.00195312      Successful search (ES-ell)        
    15         664           22476         4.26997      0.00195312      Successful search (ES-ell)        
    15         665         22473.5         4.66774      0.00195312      Successful search (ES-ell)        
    15         666         22473.1          6.1037      0.00195312      Successful search (ES-ell)        
    15         667         22470.6         8.21416      0.00195312      Successful search (ES-ell)        
    15         668         22468.1         9.78255      0.00195312      Successful search (ES-ell)        
    15         669         22467.4         12.6627      0.00195312      Successful search (ES-ell)        
    15         708         22467.4         12.6627     0.000976562          Refine grid             
Optimization terminated: change in the function value less than options['tol_mesh']
Estimated function value at minimum: 22482.10435102017 ± 3.3638256976197654 (mean ± SEM from 100 samples)
BADS minimum at: x_min = [ 3.06630e+00  1.93894e+01  4.42380e+00  5.22000e-02 -9.18900e-01
  3.04630e+00  7.70000e-03  1.34000e-01  2.09948e+01  3.40300e-01
  2.99900e-01  2.50000e-01], training NLL = 22482.1044
total f-count: 808, time: 38.0 min

 ------- Finish Optimization for Subject 3 ---------- 

 ------- Start Optimization for Subject 5 ---------- 

 Cross Validation fold 0/1

 -- Start Optimization: method BADS --

 Optimization Run 1/2
Initial params: [1.8922, 7.7595, 4.0428, 0.1685, -4.3428, 3.7196, 3.6915, 0.335, 25.1323, 0.4901, 0.1647, 0.1184]
bads:TooCloseBounds: For each variable, hard and plausible bounds should not be too close. Moving plausible bounds.
Variables (index) internally transformed to log coordinates: [[0 0]
 [0 3]
 [0 5]
 [0 6]]
Beginning optimization of a STOCHASTIC objective function

 Iteration    f-count      E[f(x)]        SD[f(x)]           MeshScale          Method              Actions
     0           1         24232.3             nan               1                                  
     0          33         24232.3             nan               1          Initial mesh            Initial points
     0          45         23803.9        0.999979               1        Successful poll           Train
     1          53         23692.9         0.99616               1      Successful search (ES-wcm)        
     1          56         23681.6        0.995441               1      Successful search (ES-wcm)        
     1          57         23643.7        0.991306               1      Successful search (ES-wcm)        
     1          59         23615.5        0.994312               1      Successful search (ES-ell)        
     1          66         23576.6        0.991816               1      Successful search (ES-ell)        
     1          69         23569.6        0.975322               1      Successful search (ES-ell)        
     1          75         23558.6        0.947595               1      Successful search (ES-ell)        
     1          77         23532.4        0.960695               1      Successful search (ES-ell)        
     1          82         23296.1        0.993917               1      Successful search (ES-ell)        
     1          84         23036.3         1.01185               1      Successful search (ES-ell)        
     1          89         22898.4         1.01179               1      Successful search (ES-ell)        
     1          90         22754.7         1.01182               1      Successful search (ES-ell)        
     1          91         22670.6         1.01183               1      Successful search (ES-ell)        
     1          95         22601.2         1.01179               1      Successful search (ES-ell)        
     1         100         22587.6         1.01138               1      Successful search (ES-ell)        
     1         106         22571.9         1.01163               1      Successful search (ES-ell)        
     1         143         22571.9         1.01163             0.5          Refine grid             Train
     2         144         22567.4         26.8784             0.5      Successful search (ES-ell)        
     2         186         22567.4         26.8784            0.25          Refine grid             Train
     3         187         22582.8         25.3122            0.25      Successful search (ES-wcm)        
     3         189         22562.5         22.0295            0.25      Successful search (ES-wcm)        
     3         195         22554.9         15.6246            0.25      Successful search (ES-ell)        
     3         196         22538.4         17.7068            0.25      Successful search (ES-ell)        
     3         232         22538.4         17.7068           0.125          Refine grid             
     4         233           22550         8.70909           0.125      Successful search (ES-ell)        
     4         234         22543.3         15.5313           0.125      Successful search (ES-ell)        
     4         246         22539.3         10.0174           0.125      Successful search (ES-ell)        
     4         247           22535         18.9798           0.125      Successful search (ES-ell)        
     4         290         22533.4         17.0479            0.25        Successful poll           
     5         324         22535.9         16.1799           0.125          Refine grid             Train
     6         325         22552.4         8.10287           0.125      Successful search (ES-wcm)        
     6         327         22552.1         14.8559           0.125      Successful search (ES-wcm)        
     6         370         22552.1         14.8559          0.0625          Refine grid             Train
     7         371         22558.6         6.95623          0.0625      Successful search (ES-wcm)        
     7         372         22543.4         10.4048          0.0625      Successful search (ES-wcm)        
     7         374         22540.4         10.2755          0.0625      Successful search (ES-wcm)        
     7         375         22532.4         9.15343          0.0625      Successful search (ES-wcm)        
     7         376         22517.5         14.1177          0.0625      Successful search (ES-wcm)        
     7         416         22517.5         14.1177         0.03125          Refine grid             
     8         417         22544.2         5.42947         0.03125      Successful search (ES-wcm)        
     8         418         22531.3         6.27249         0.03125      Successful search (ES-wcm)        
     8         419         22530.6         7.64632         0.03125      Successful search (ES-wcm)        
     8         462         22530.6         7.64632        0.015625          Refine grid             
     9         463           22555         5.03739        0.015625      Successful search (ES-wcm)        
     9         464         22549.4         5.25604        0.015625      Successful search (ES-wcm)        
     9         465         22542.2         6.77687        0.015625      Successful search (ES-wcm)        
     9         466         22540.1         10.4521        0.015625      Successful search (ES-wcm)        
     9         468         22539.5         13.3608        0.015625      Successful search (ES-wcm)        
     9         470         22529.8         14.9097        0.015625      Successful search (ES-wcm)        
     9         472         22525.8         14.2917        0.015625      Successful search (ES-wcm)        
     9         473         22518.2         14.7152        0.015625      Successful search (ES-ell)        
     9         475         22507.4         12.8919        0.015625      Successful search (ES-ell)        
     9         476         22506.9         12.9757        0.015625      Successful search (ES-ell)        
     9         477         22506.3         13.5583        0.015625      Successful search (ES-ell)        
     9         478         22504.9         14.7971        0.015625      Successful search (ES-ell)        
     9         521         22504.9         14.7971       0.0078125          Refine grid             
    10         522         22539.7          4.9752       0.0078125      Successful search (ES-ell)        
    10         523         22533.4         5.04395       0.0078125      Successful search (ES-ell)        
    10         524         22526.9         5.23735       0.0078125      Successful search (ES-ell)        
    10         525         22517.4         5.84254       0.0078125      Successful search (ES-ell)        
    10         526           22514         6.42173       0.0078125      Successful search (ES-wcm)        
    10         527         22510.6         7.85718       0.0078125      Successful search (ES-wcm)        
    10         569         22510.6         7.85718      0.00390625          Refine grid             Train
    11         570         22553.3          5.0239      0.00390625      Successful search (ES-wcm)        
    11         571         22550.7         5.15615      0.00390625      Successful search (ES-wcm)        
    11         572           22546         5.49498      0.00390625      Successful search (ES-wcm)        
    11         573         22540.6         5.91373      0.00390625      Successful search (ES-wcm)        
    11         574         22534.4          6.2844      0.00390625      Successful search (ES-wcm)        
    11         575           22531         6.59454      0.00390625      Successful search (ES-wcm)        
    11         576         22527.2         6.85292      0.00390625      Successful search (ES-wcm)        
    11         577         22517.8         8.98139      0.00390625      Successful search (ES-ell)        
    11         617         22517.8         8.98139      0.00195312          Refine grid             Train
    12         618         22540.4         4.34171      0.00195312      Successful search (ES-wcm)        
    12         619           22537         4.34079      0.00195312      Successful search (ES-wcm)        
    12         620         22527.7         4.39633      0.00195312      Successful search (ES-wcm)        
    12         621         22525.8         4.39664      0.00195312      Successful search (ES-ell)        
    12         622         22521.5         4.40819      0.00195312      Successful search (ES-ell)        
    12         623         22518.8         4.42985      0.00195312      Successful search (ES-ell)        
    12         624         22512.7         4.60075      0.00195312      Successful search (ES-ell)        
    12         625         22503.1         4.87206      0.00195312      Successful search (ES-ell)        
    12         626         22489.8         5.67872      0.00195312      Successful search (ES-ell)        
    12         627         22473.8         6.80039      0.00195312      Successful search (ES-ell)        
    12         629         22468.4         7.81794      0.00195312      Successful search (ES-ell)        
    12         664         22468.4         7.81794     0.000976562          Refine grid             
Optimization terminated: change in the function value less than options['tol_mesh']
Estimated function value at minimum: 22523.34816927622 ± 3.3897862553332487 (mean ± SEM from 100 samples)
BADS minimum at: x_min = [ 1.6265  4.1357  4.345   0.0332 -0.0649  2.885   4.5175  0.0119  8.0096
  0.536   0.9953  0.0944], training NLL = 22523.3482
total f-count: 764, time: 36.21 min

 Optimization Run 2/2
Initial params: [1.1816, 2.3202, 12.1364, 12.6831, 3.0197, 34.7526, 0.8122, 0.2793, 29.959, 0.7834, 0.2337, 0.1555]
bads:TooCloseBounds: For each variable, hard and plausible bounds should not be too close. Moving plausible bounds.
Variables (index) internally transformed to log coordinates: [[0 0]
 [0 3]
 [0 5]
 [0 6]]
Beginning optimization of a STOCHASTIC objective function

 Iteration    f-count      E[f(x)]        SD[f(x)]           MeshScale          Method              Actions
     0           1         27525.4             nan               1                                  
     0          33         25358.2             nan               1          Initial mesh            Initial points
     0          34         25218.3        0.999984               1        Successful poll           Train
     1          35         24959.5        0.999988               1      Successful search (ES-wcm)        
     1          39         23862.3        0.999965               1      Successful search (ES-ell)        
     1          45         23666.2        0.997981               1      Successful search (ES-ell)        
     1          46         23481.3        0.999194               1      Successful search (ES-ell)        
     1          74         23093.2         1.05884               1        Successful poll           Train
     2          78         23023.8         1.05883               1      Successful search (ES-ell)        
     2          82         22908.2         1.05878               1      Successful search (ES-ell)        
     2          84         22824.2         1.01997               1      Successful search (ES-ell)        
     2          90         22782.1         1.02005               1      Successful search (ES-ell)        
     2          91         22698.5         1.02014               1      Successful search (ES-ell)        
     2          96           22687          1.0181               1      Successful search (ES-ell)        
     2         105         22650.3         1.01648               1      Successful search (ES-ell)        
     2         116           22584         1.05651               1      Successful search (ES-ell)        
     2         132         22570.6        0.969976               1      Successful search (ES-ell)        
     2         161         22570.6        0.969976             0.5          Refine grid             Train
     3         192         22569.7          1.2899            0.25          Refine grid             Train
     4         196         22619.1         8.93156            0.25      Successful search (ES-ell)        
     4         199         22613.3         13.7592            0.25      Successful search (ES-wcm)        
     4         202         22609.7          11.224            0.25      Successful search (ES-wcm)        
     4         207           22609         12.7378            0.25      Successful search (ES-wcm)        
     4         210         22605.6         15.4061            0.25      Successful search (ES-wcm)        
     4         245         22581.8         21.4076             0.5        Successful poll           Train
     5         249         22544.3         31.8276             0.5      Successful search (ES-wcm)        
     5         288         22544.3         31.8276            0.25          Refine grid             
     6         291         22562.7         16.9892            0.25      Successful search (ES-wcm)        
     6         302         22559.5         20.5908            0.25      Successful search (ES-wcm)        
     6         304           22546         31.9497            0.25      Successful search (ES-wcm)        
     6         313         22487.8         19.1105            0.25      Successful search (ES-wcm)        
     6         357         22487.8         19.1105           0.125          Refine grid             
     7         358         22513.3          13.008           0.125      Successful search (ES-ell)        
     7         359         22490.4         21.4698           0.125      Successful search (ES-ell)        
     7         361         22490.1         21.4282           0.125      Successful search (ES-ell)        
     7         367         22451.2         16.1527           0.125      Successful search (ES-ell)        
     7         369           22379          16.884           0.125      Successful search (ES-ell)        
     7         404           22379          16.884          0.0625          Refine grid             
     8         405         22533.2         7.91718          0.0625      Successful search (ES-wcm)        
     8         406         22531.3         12.1981          0.0625      Successful search (ES-wcm)        
     8         407         22484.1         12.3849          0.0625      Successful search (ES-wcm)        
     8         408         22444.2         21.2361          0.0625      Successful search (ES-wcm)        
     8         410           22439         16.9237          0.0625      Successful search (ES-wcm)        
     8         452           22439         16.9237         0.03125          Refine grid             Train
     9         453         22524.5         7.18672         0.03125      Successful search (ES-wcm)        
     9         454         22499.1         9.27698         0.03125      Successful search (ES-ell)        
     9         455           22476         13.6295         0.03125      Successful search (ES-ell)        
     9         456         22450.5         19.0128         0.03125      Successful search (ES-ell)        
     9         457         22443.8         23.2481         0.03125      Successful search (ES-ell)        
     9         458         22443.6         25.8451         0.03125      Successful search (ES-ell)        
     9         500         22443.6         25.8451        0.015625          Refine grid             Train
    10         501         22479.2         5.62998        0.015625      Successful search (ES-ell)        
    10         502         22472.3         6.61335        0.015625      Successful search (ES-ell)        
    10         503         22464.2         8.68555        0.015625      Successful search (ES-ell)        
    10         504           22456         11.2771        0.015625      Successful search (ES-wcm)        
    10         548           22456         11.2771       0.0078125          Refine grid             
    11         549         22484.4         4.73606       0.0078125      Successful search (ES-wcm)        
    11         550         22484.3         5.35511       0.0078125      Successful search (ES-wcm)        
    11         551         22482.8         5.84405       0.0078125      Successful search (ES-wcm)        
    11         552         22482.2         6.81383       0.0078125      Successful search (ES-wcm)        
    11         553         22480.9         9.63373       0.0078125      Successful search (ES-wcm)        
    11         556         22480.5         9.68925       0.0078125      Successful search (ES-wcm)        
    11         559         22480.1         8.94871       0.0078125      Successful search (ES-wcm)        
    11         572         22479.7         6.60823       0.0078125      Successful search (ES-wcm)        
    11         578           22479         6.01592       0.0078125      Successful search (ES-wcm)        
    11         579         22478.5         6.01423       0.0078125      Successful search (ES-wcm)        
    11         611         22477.5         5.15081        0.015625        Successful poll           Train
    12         647         22474.5         4.35458         0.03125        Successful poll           Train
    13         648         22470.5         9.63145         0.03125      Successful search (ES-ell)        
    13         695         22463.1         8.83711          0.0625        Successful poll           Train
    14         696         22429.2         12.7827          0.0625      Successful search (ES-ell)        
    14         743         22429.2         12.7827         0.03125          Refine grid             Train
    15         744         22472.5         8.49135         0.03125      Successful search (ES-ell)        
    15         745         22469.5         13.8058         0.03125      Successful search (ES-ell)        
    15         791         22464.5         17.2954          0.0625        Successful poll           
    16         792         22475.5         12.5976          0.0625      Successful search (ES-ell)        
    16         804         22464.9         12.7922          0.0625      Successful search (ES-ell)        
    16         851         22464.9         12.7922         0.03125          Refine grid             
    17         852         22472.4         16.3806         0.03125      Successful search (ES-ell)        
    17         899         22472.4         16.3806        0.015625          Refine grid             
    18         900         22473.4          6.0898        0.015625      Successful search (ES-wcm)        
    18         901         22459.5         12.9028        0.015625      Successful search (ES-wcm)        
    18         947         22459.5         12.9028       0.0078125          Refine grid             
    19         948         22475.3         5.13074       0.0078125      Successful search (ES-wcm)        
    19         949         22472.6         6.89785       0.0078125      Successful search (ES-wcm)        
    19         950         22472.6         9.92712       0.0078125      Successful search (ES-wcm)        
    19         952         22467.9          9.1826       0.0078125      Successful search (ES-ell)        
    19         953         22459.2           10.81       0.0078125      Successful search (ES-ell)        
    19         995         22459.2           10.81      0.00390625          Refine grid             Train
    20         997         22477.8         4.81721      0.00390625      Successful search (ES-ell)        
    20        1001         22477.2         4.60544      0.00390625      Successful search (ES-ell)        
    20        1003         22476.5         4.53156      0.00390625      Successful search (ES-ell)        
    20        1004         22476.4         4.82656      0.00390625      Successful search (ES-wcm)        
    20        1043         22476.4         4.82656      0.00195312          Refine grid             Train
    21        1079         22478.8         4.06252     0.000976562          Refine grid             Train
Optimization terminated: change in the function value less than options['tol_mesh']
Estimated function value at minimum: 22485.107243951705 ± 2.9699200166995245 (mean ± SEM from 100 samples)
BADS minimum at: x_min = [0.2806 0.86   4.1011 4.0225 3.1403 0.8742 5.5147 0.7329 8.0755 0.3914
 0.5807 0.1718], training NLL = 22485.1072
total f-count: 1179, time: 56.07 min

 ------- Finish Optimization for Subject 5 ---------- 

 ------- Start Optimization for Subject 6 ---------- 

 Cross Validation fold 0/1

 -- Start Optimization: method BADS --

 Optimization Run 1/2
Initial params: [0.392, 5.9156, 7.9611, 6.4442, 1.0087, 28.6091, 3.4447, 0.5035, 22.8178, 0.2127, 0.7221, 0.273]
bads:TooCloseBounds: For each variable, hard and plausible bounds should not be too close. Moving plausible bounds.
Variables (index) internally transformed to log coordinates: [[0 0]
 [0 3]
 [0 5]
 [0 6]]
Beginning optimization of a STOCHASTIC objective function

 Iteration    f-count      E[f(x)]        SD[f(x)]           MeshScale          Method              Actions
     0           1         27147.8             nan               1                                  
     0          33         24390.5             nan               1          Initial mesh            Initial points
     0          51         23751.5         1.00474               1        Successful poll           Train
     1          59         23719.9         1.00465               1      Successful search (ES-wcm)        
     1          64         23494.6         1.00467               1      Successful search (ES-ell)        
     1          70         23493.5          1.0042               1      Successful search (ES-ell)        
     1          73         23453.5         1.00291               1      Successful search (ES-ell)        
     1          75           23422         1.00215               1      Successful search (ES-ell)        
     1          78         23211.2         1.00416               1      Successful search (ES-ell)        
     1          83         23108.4         1.00175               1      Successful search (ES-ell)        
     1         109         22789.4         1.12308               1        Successful poll           Train
     2         110         22781.8         1.12308               1      Successful search (ES-ell)        
     2         113         22754.6         1.12307               1      Successful search (ES-ell)        
     2         118         22723.2         1.12307               1      Successful search (ES-wcm)        
     2         120         22715.2         1.12307               1      Successful search (ES-wcm)        
     2         123         22652.5         1.12307               1      Successful search (ES-wcm)        
     2         125         22641.6         1.12307               1      Successful search (ES-ell)        
     2         126         22626.2         1.12308               1      Successful search (ES-wcm)        
     2         127         22562.6         1.12308               1      Successful search (ES-wcm)        
     2         128         22467.2         1.12308               1      Successful search (ES-wcm)        
     2         129         22428.5         1.12308               1      Successful search (ES-ell)        
     2         131         22395.9         1.12308               1      Successful search (ES-ell)        
     2         135         21924.4         1.09191               1      Successful search (ES-ell)        
     2         138         21842.7          1.0919               1      Successful search (ES-ell)        
     2         139         21809.6          1.0919               1      Successful search (ES-ell)        
     2         147         21777.7          1.0919               1      Successful search (ES-ell)        
     2         148         21715.3          1.0919               1      Successful search (ES-ell)        
     2         152         21655.4         1.09188               1      Successful search (ES-ell)        
     2         153         21648.6         1.09188               1      Successful search (ES-ell)        
     2         155         21634.8         1.09189               1      Successful search (ES-ell)        
     2         157         21447.7         1.09189               1      Successful search (ES-ell)        
     2         177         21446.2         1.17462               1        Successful poll           
     3         188         21446.1         1.39868               1      Incremental search (ES-ell)        
     3         206         21446.1         1.39868             0.5          Refine grid             
     4         213         21445.2         1.40202             0.5      Successful search (ES-ell)        
     4         218         21431.2         1.38242             0.5      Successful search (ES-ell)        
     4         224         21379.3         1.40157             0.5      Successful search (ES-ell)        
     4         262         21379.3         1.40157            0.25          Refine grid             Train
     5         270         21414.9         1.25506            0.25      Successful search (ES-ell)        
     5         281         21400.3         1.24306            0.25      Successful search (ES-ell)        
     5         282         21386.8         1.25575            0.25      Successful search (ES-ell)        
     5         294         21380.9         1.23851            0.25      Successful search (ES-ell)        
     5         328         21357.8         1.26024             0.5        Successful poll           Train
     6         330         21368.3         1.26025             0.5      Successful search (ES-ell)        
     6         342         21349.1         1.26015             0.5      Successful search (ES-ell)        
     6         383         21349.1         1.26015            0.25          Refine grid             Train
     7         388         21374.4         1.25775            0.25      Successful search (ES-ell)        
     7         397         21350.5         1.26005            0.25      Successful search (ES-ell)        
     7         440         21350.5         1.26005           0.125          Refine grid             Train
     8         448         21323.9         1.11017           0.125      Successful search (ES-ell)        
     8         486         21323.9         1.11017          0.0625          Refine grid             Train
     9         520         21354.2         1.09956         0.03125          Refine grid             Train
    10         554         21350.4        0.926374        0.015625          Refine grid             Train
    11         583         21340.3          1.1076         0.03125        Successful poll           Train
    12         590         21376.2         1.14298         0.03125      Successful search (ES-ell)        
    12         598         21361.5         1.18744         0.03125      Successful search (ES-ell)        
    12         599           21357          1.2494         0.03125      Successful search (ES-wcm)        
    12         630           21340         1.26011          0.0625        Successful poll           
    13         634         21325.7          1.2598          0.0625      Successful search (ES-wcm)        
    13         636           21284         1.25593          0.0625      Successful search (ES-wcm)        
    13         676           21284         1.25593         0.03125          Refine grid             
    14         678         21329.8         1.20702         0.03125      Successful search (ES-ell)        
    14         722         21329.8         1.20702        0.015625          Refine grid             Train
    15         743         21353.6         1.11595         0.03125        Successful poll           Train
    16         777         21353.4         1.11595        0.015625          Refine grid             Train
    17         813         21379.9         1.11779       0.0078125          Refine grid             Train
    18         814         21401.1         5.28647       0.0078125      Successful search (ES-ell)        
    18         840         21388.1         29.2198        0.015625        Successful poll           Train
    19         841         21398.5         9.43609        0.015625      Successful search (ES-wcm)        
    19         842         21397.7         10.3325        0.015625      Successful search (ES-ell)        
    19         843           21395         11.4084        0.015625      Successful search (ES-ell)        
    19         844         21387.6         13.7999        0.015625      Successful search (ES-wcm)        
    19         886         21387.6         13.7999       0.0078125          Refine grid             
    20         901         21400.5         18.8165        0.015625        Successful poll           Train
    21         935         21405.9         6.54006       0.0078125          Refine grid             Train
    22         969         21403.4         6.22338      0.00390625          Refine grid             Train
    23         970         21406.1         3.92486      0.00390625      Successful search (ES-ell)        
    23         971         21404.9           4.653      0.00390625      Successful search (ES-ell)        
    23         972         21402.8         6.46444      0.00390625      Successful search (ES-wcm)        
    23         973         21399.7         10.0472      0.00390625      Successful search (ES-wcm)        
    23         974         21392.3         12.7095      0.00390625      Successful search (ES-wcm)        
    23         975         21385.9         14.3109      0.00390625      Successful search (ES-wcm)        
    23        1015         21385.9         14.3109      0.00195312          Refine grid             
bads:es_search: Something went wrong with the acquisition function, random search is performed
bads:es_search: Something went wrong with the acquisition function, random search is performed
Sun Jun 14 23:18:48 2026       
+---------------------------------------------------------------------------------------+
| NVIDIA-SMI 535.113.01             Driver Version: 535.113.01   CUDA Version: 12.2     |
|-----------------------------------------+----------------------+----------------------+
| GPU  Name                 Persistence-M | Bus-Id        Disp.A | Volatile Uncorr. ECC |
| Fan  Temp   Perf          Pwr:Usage/Cap |         Memory-Usage | GPU-Util  Compute M. |
|                                         |                      |               MIG M. |
|=========================================+======================+======================|
|   0  Tesla P100-PCIE-16GB           On  | 00000000:82:00.0 Off |                    0 |
| N/A   34C    P0              31W / 250W |      0MiB / 16384MiB |     12%      Default |
|                                         |                      |                  N/A |
+-----------------------------------------+----------------------+----------------------+
                                                                                         
+---------------------------------------------------------------------------------------+
| Processes:                                                                            |
|  GPU   GI   CI        PID   Type   Process name                            GPU Memory |
|        ID   ID                                                             Usage      |
|=======================================================================================|
|  No running processes found                                                           |
+---------------------------------------------------------------------------------------+
----------------------------------------
Start job epilogue Sun Jun 14 23:18:48 CEST 2026
----------------------------------------
Job ID:          53647867
Job Exit Code:   0:0
Username:        wenlou
Group:           mpla
Queue:           gpu
Compute nodes:   dccn-c047
Asked resources: walltime=1-00:00:00,nodes=1,cpus=8,mem=2G
Used resources:  cputime=1-22:25:04,walltime=05:48:08,memory=0
----------------------------------------
End job epilogue Sun Jun 14 23:18:48 CEST 2026
----------------------------------------
