device is : cuda
['base_clamp', '2', 'all', 'bads', '1']

 ------- Start Optimization for Subject 2 ---------- 

 Cross Validation fold 0/1

 -- Start Optimization: method BADS --

 Optimization Run 1/1
Initial params: [0.1091, 3.3704, 10.4053, 2.4198, 3.7728, 11.6069, 0.46, 0.2517, 0.1626, 0.9242, 0.7223]
bads:TooCloseBounds: For each variable, hard and plausible bounds should not be too close. Moving plausible bounds.
Variables (index) internally transformed to log coordinates: [[ 0  0]
 [ 0  3]
 [ 0  8]
 [ 0  9]
 [ 0 10]]
Beginning optimization of a STOCHASTIC objective function

 Iteration    f-count      E[f(x)]        SD[f(x)]           MeshScale          Method              Actions
     0           1         29516.6             nan               1                                  
     0          27         29516.6             nan               1          Initial mesh            Initial points
     0          28         28159.4        0.999941               1        Successful poll           Train
     1          29         27226.3        0.999936               1      Successful search (ES-wcm)        
     1          33         26976.6        0.999785               1      Successful search (ES-wcm)        
     1          34         26552.9         0.99991               1      Successful search (ES-wcm)        
     1          35         24243.8        0.999938               1      Successful search (ES-ell)        
     1          36         24166.4        0.999904               1      Successful search (ES-ell)        
     1          42         23957.2        0.999838               1      Successful search (ES-ell)        
     1          43         23144.2        0.999737               1      Successful search (ES-ell)        
     1          45         22981.8        0.999327               1      Successful search (ES-ell)        
     1          48         22847.3        0.999177               1      Successful search (ES-ell)        
     1          49         22846.5        0.999354               1      Incremental search (ES-ell)        
     1          50         22649.6        0.999819               1      Successful search (ES-wcm)        
     1          51         21828.5         1.00523               1      Successful search (ES-ell)        
     1          55         21506.2         1.00522               1      Successful search (ES-ell)        
     1          60         21499.8         1.00495               1      Successful search (ES-ell)        
     1          61         21391.1         1.00519               1      Successful search (ES-wcm)        
     1          64         20935.2         1.00506               1      Successful search (ES-ell)        
     1          69           20753         1.00332               1      Successful search (ES-ell)        
     1          71         20748.9         1.00349               1      Successful search (ES-ell)        
     1          74         20444.2         1.03376               1      Successful search (ES-ell)        
     1          78         20286.9         1.03375               1      Successful search (ES-ell)        
     1          80         20131.4         1.03375               1      Successful search (ES-ell)        
     1          83         20085.9         1.03373               1      Successful search (ES-ell)        
     1          89         19813.5         1.03353               1      Successful search (ES-ell)        
     1          96         19766.8         1.03362               1      Successful search (ES-ell)        
     1         101         19732.3         1.11458               1      Successful search (ES-ell)        
     1         103         19546.1         1.11458               1      Successful search (ES-ell)        
     1         109         19403.9         1.11459               1      Successful search (ES-ell)        
     1         114         19363.6         1.11455               1      Successful search (ES-ell)        
     1         121         19297.5         1.04511               1      Successful search (ES-ell)        
     1         134         19255.7          1.0449               1      Successful search (ES-ell)        
     1         137         19251.5          1.0449               1      Successful search (ES-ell)        
     1         138         19243.7         1.04491               1      Successful search (ES-ell)        
     1         144         19179.2         1.01944               1      Successful search (ES-ell)        
     1         155         19122.7         1.01931               1      Successful search (ES-ell)        
     1         167         19105.2        0.949556               1      Successful search (ES-ell)        
     1         176         19090.7        0.949677               1      Successful search (ES-ell)        
     1         191         19087.5         1.48827               1      Successful search (ES-ell)        
     1         204         19082.7         1.45756               1      Successful search (ES-ell)        
     1         212         19076.6          1.4765               1      Successful search (ES-ell)        
     1         240         19076.6          1.4765             0.5          Refine grid             Train
     2         247         19024.4         0.94193             0.5      Successful search (ES-ell)        
     2         279         19024.4         0.94193            0.25          Refine grid             Train
     3         308           19027         1.52836           0.125          Refine grid             Train
     4         338           19048         1.76694          0.0625          Refine grid             Train
     5         354         19046.6        0.941013           0.125        Successful poll           Train
     6         384         19046.6        0.941013          0.0625          Refine grid             Train
     7         415         19085.8        0.880427         0.03125          Refine grid             Train
     8         416         19106.6         7.13906         0.03125      Successful search (ES-wcm)        
     8         417         19085.8         11.8974         0.03125      Successful search (ES-wcm)        
     8         418         19079.3         23.0134         0.03125      Successful search (ES-wcm)        
     8         419         19063.8         40.4467         0.03125      Successful search (ES-wcm)        
     8         442         19057.8         17.6631          0.0625        Successful poll           Train
     9         443           19027         22.0988          0.0625      Successful search (ES-ell)        
     9         483           19027         22.0988         0.03125          Refine grid             
    10         484         19033.7         9.17399         0.03125      Successful search (ES-ell)        
    10         486         19019.1         11.7707         0.03125      Successful search (ES-ell)        
    10         487         19012.1         16.0607         0.03125      Successful search (ES-ell)        
    10         488         19008.5         22.8039         0.03125      Successful search (ES-ell)        
    10         489         19002.8         29.7532         0.03125      Successful search (ES-ell)        
    10         493         18996.5         18.8632         0.03125      Successful search (ES-ell)        
    10         495         18994.6         19.3816         0.03125      Successful search (ES-ell)        
    10         496         18984.3         25.7719         0.03125      Successful search (ES-wcm)        
    10         535         18984.3         25.7719        0.015625          Refine grid             
    11         536         19012.5         8.09147        0.015625      Successful search (ES-ell)        
    11         537         19009.2         8.59981        0.015625      Successful search (ES-ell)        
    11         538         19003.1         10.4189        0.015625      Successful search (ES-ell)        
    11         539         18991.7         13.3615        0.015625      Successful search (ES-wcm)        
    11         540         18970.7         18.5728        0.015625      Successful search (ES-wcm)        
    11         577         18970.7         18.5728       0.0078125          Refine grid             
    12         578         19006.2         7.70999       0.0078125      Successful search (ES-ell)        
    12         579           19005         8.13687       0.0078125      Successful search (ES-ell)        
    12         580         19003.4          11.486       0.0078125      Successful search (ES-ell)        
    12         581         18991.7          16.089       0.0078125      Successful search (ES-ell)        
    12         582         18986.4         21.9291       0.0078125      Successful search (ES-ell)        
    12         619         18986.4         21.9291      0.00390625          Refine grid             Train
    13         620         19009.8         7.62445      0.00390625      Successful search (ES-ell)        
    13         621         19008.8         8.09147      0.00390625      Successful search (ES-ell)        
    13         622         19007.6         8.54388      0.00390625      Successful search (ES-ell)        
    13         623           19002         9.67073      0.00390625      Successful search (ES-ell)        
    13         626         19001.8         10.0039      0.00390625      Successful search (ES-ell)        
    13         627         18999.8         10.7481      0.00390625      Successful search (ES-ell)        
    13         628         18997.8         12.4215      0.00390625      Successful search (ES-ell)        
    13         660         18997.8         12.4215      0.00195312          Refine grid             
    14         690         19016.6         6.32153     0.000488281          Refine grid             
Optimization terminated: change in the function value less than options['tol_mesh']
Estimated function value at minimum: 19012.143819313973 ± 4.406805393559994 (mean ± SEM from 100 samples)
BADS minimum at: x_min = [2.353  7.2463 6.3471 4.5454 2.3918 7.3297 0.5098 0.6165 0.3419 2.
 0.2448], training NLL = 19012.1438
total f-count: 790, time: 34.22 min

 ------- Finish Optimization for Subject 2 ---------- 

 ------- Start Optimization for Subject 3 ---------- 

 Cross Validation fold 0/1

 -- Start Optimization: method BADS --

 Optimization Run 1/1
Initial params: [1.9053, 3.6973, 14.8236, 19.8043, 3.6074, 16.845, 0.5096, 0.2617, 0.5236, 0.8165, 0.7552]
bads:TooCloseBounds: For each variable, hard and plausible bounds should not be too close. Moving plausible bounds.
Variables (index) internally transformed to log coordinates: [[ 0  0]
 [ 0  3]
 [ 0  8]
 [ 0  9]
 [ 0 10]]
Beginning optimization of a STOCHASTIC objective function

 Iteration    f-count      E[f(x)]        SD[f(x)]           MeshScale          Method              Actions
     0           1         28114.6             nan               1                                  
     0          27         28114.6             nan               1          Initial mesh            Initial points
     0          29         27385.2         1.00384               1        Successful poll           Train
     1          35         27294.5         1.00337               1      Successful search (ES-wcm)        
     1          36         26882.3         1.00372               1      Successful search (ES-ell)        
     1          39         26871.8         1.00254               1      Successful search (ES-wcm)        
     1          47         26825.6         0.99216               1      Successful search (ES-ell)        
     1          48         26791.8        0.962955               1      Successful search (ES-ell)        
     1          50         26775.4        0.998268               1      Successful search (ES-ell)        
     1          51         26725.3         1.00719               1      Successful search (ES-wcm)        
     1          56         26593.4         1.00785               1      Successful search (ES-ell)        
     1          57           26488         1.00796               1      Successful search (ES-ell)        
     1          58         26354.4          1.0076               1      Successful search (ES-ell)        
     1          59         26333.5         1.00864               1      Successful search (ES-ell)        
     1          80         23654.1          16.472               1        Successful poll           Train
     2          81         23567.1         16.3907               1      Successful search (ES-ell)        
     2          84         22696.2         16.2498               1      Successful search (ES-ell)        
     2          85         22627.7         16.3371               1      Successful search (ES-wcm)        
     2          92         22587.2         10.6052               1      Successful search (ES-ell)        
     2          98         22468.6         18.2719               1      Successful search (ES-ell)        
     2          99         22235.4         22.2257               1      Successful search (ES-wcm)        
     2         102         22113.3         20.4704               1      Successful search (ES-wcm)        
     2         107         22068.8         15.5095               1      Successful search (ES-wcm)        
     2         110         21990.9         17.1606               1      Successful search (ES-wcm)        
     2         111         21916.2         18.8223               1      Successful search (ES-wcm)        
     2         112         21911.9         21.6552               1      Successful search (ES-wcm)        
     2         115         21893.1         18.3951               1      Successful search (ES-wcm)        
     2         119         21858.4         13.7565               1      Successful search (ES-wcm)        
     2         129           21825          26.403               1      Successful search (ES-ell)        
     2         130         21801.8         23.5475               1      Successful search (ES-wcm)        
     2         138         21787.9         18.2801               1      Successful search (ES-ell)        
     2         166         21752.3         55.1266               1        Successful poll           Train
     3         171         21757.7         23.2533               1      Incremental search (ES-wcm)        
     3         172         21632.7          55.911               1      Successful search (ES-wcm)        
     3         174         21492.9          52.843               1      Successful search (ES-wcm)        
     3         176         21371.4          49.577               1      Successful search (ES-wcm)        
     3         203         21371.4          49.577             0.5          Refine grid             Train
     4         204         21409.6         31.1264             0.5      Successful search (ES-wcm)        
     4         205         21265.6         48.5257             0.5      Successful search (ES-wcm)        
     4         206         21013.9         60.0651             0.5      Successful search (ES-wcm)        
     4         207         20880.1         64.2106             0.5      Successful search (ES-wcm)        
     4         208         20659.5         68.0456             0.5      Successful search (ES-wcm)        
     4         209         20390.8         72.0374             0.5      Successful search (ES-wcm)        
     4         213         20342.9          62.537             0.5      Successful search (ES-wcm)        
     4         216           20327         45.3461             0.5      Successful search (ES-wcm)        
     4         217         20276.8         44.9453             0.5      Successful search (ES-wcm)        
     4         218         20180.3         45.1832             0.5      Successful search (ES-wcm)        
     4         223         20173.3          38.683             0.5      Successful search (ES-wcm)        
     4         224         20121.7         45.8518             0.5      Successful search (ES-wcm)        
     4         226         20086.2         51.4439             0.5      Successful search (ES-wcm)        
     4         227         19964.2         61.9173             0.5      Successful search (ES-wcm)        
     4         228         19879.8         71.1601             0.5      Successful search (ES-wcm)        
     4         229           19799         65.4734             0.5      Successful search (ES-wcm)        
     4         233         19777.4          51.909             0.5      Successful search (ES-wcm)        
     4         234         19691.2         51.6019             0.5      Successful search (ES-wcm)        
     4         236         19680.8         55.6589             0.5      Successful search (ES-wcm)        
     4         260         19604.7         69.6823               1        Successful poll           
     5         262         19361.6         67.5892               1      Successful search (ES-wcm)        
     5         265         19346.8         60.1458               1      Successful search (ES-wcm)        
     5         268         19312.6         51.7329               1      Successful search (ES-wcm)        
     5         294         19312.6         51.7329             0.5          Refine grid             
     6         296         19347.5         33.0466             0.5      Successful search (ES-wcm)        
     6         298         19308.6         37.5518             0.5      Successful search (ES-wcm)        
     6         329         19308.6         37.5518            0.25          Refine grid             
     7         330         19269.2         27.9763            0.25      Successful search (ES-ell)        
     7         366         19269.2         27.9763           0.125          Refine grid             Train
     8         367         19340.5         12.9707           0.125      Successful search (ES-ell)        
     8         368           19323         20.7208           0.125      Successful search (ES-ell)        
     8         370         19276.8         26.3571           0.125      Successful search (ES-wcm)        
     8         372         19269.8         39.7178           0.125      Successful search (ES-wcm)        
     8         374         19224.6         38.3457           0.125      Successful search (ES-wcm)        
     8         377         19211.5         31.0434           0.125      Successful search (ES-wcm)        
     8         402         19211.5         31.0434          0.0625          Refine grid             
     9         403         19234.6         13.9095          0.0625      Successful search (ES-wcm)        
     9         404         19219.9          14.901          0.0625      Successful search (ES-wcm)        
     9         405         19203.9         17.8925          0.0625      Successful search (ES-wcm)        
     9         407         19196.8         21.3462          0.0625      Successful search (ES-ell)        
     9         408         19195.1         26.6717          0.0625      Successful search (ES-ell)        
     9         409         19188.6         37.8578          0.0625      Successful search (ES-ell)        
     9         441         19188.6         37.8578         0.03125          Refine grid             
    10         442         19217.5         9.18516         0.03125      Successful search (ES-ell)        
    10         443         19216.6          9.5246         0.03125      Successful search (ES-ell)        
    10         444         19211.9         9.34328         0.03125      Successful search (ES-ell)        
    10         445         19206.9         10.1291         0.03125      Successful search (ES-ell)        
    10         446         19205.2         13.4736         0.03125      Successful search (ES-ell)        
    10         447         19202.2         16.6496         0.03125      Successful search (ES-ell)        
    10         448         19187.5         20.3576         0.03125      Successful search (ES-ell)        
    10         449         19186.9         25.4235         0.03125      Successful search (ES-ell)        
    10         450         19150.8         31.5608         0.03125      Successful search (ES-ell)        
    10         480         19150.8         31.5608        0.015625          Refine grid             Train
    11         481         19191.6         8.36945        0.015625      Successful search (ES-ell)        
    11         482           19187         8.47202        0.015625      Successful search (ES-ell)        
    11         483         19182.9         8.54421        0.015625      Successful search (ES-ell)        
    11         484         19178.3         9.28403        0.015625      Successful search (ES-ell)        
    11         485         19174.7         10.1885        0.015625      Successful search (ES-wcm)        
    11         486         19171.6         12.2023        0.015625      Successful search (ES-wcm)        
    11         487         19167.9         14.6968        0.015625      Successful search (ES-wcm)        
    11         519         19167.9         14.6968       0.0078125          Refine grid             
    12         520         19182.1         7.26589       0.0078125      Successful search (ES-wcm)        
    12         521           19180         7.24263       0.0078125      Successful search (ES-wcm)        
    12         522         19177.5         7.02214       0.0078125      Successful search (ES-wcm)        
    12         523         19176.1         6.79776       0.0078125      Successful search (ES-wcm)        
    12         524         19174.9         6.76916       0.0078125      Successful search (ES-wcm)        
    12         525         19173.3         6.66773       0.0078125      Successful search (ES-wcm)        
    12         559         19170.2          7.4037        0.015625        Successful poll           
    13         561         19170.9         7.37054        0.015625      Successful search (ES-ell)        
    13         562         19169.8         7.73752        0.015625      Successful search (ES-ell)        
    13         563         19168.5         9.20082        0.015625      Successful search (ES-ell)        
    13         600         19168.5         9.20082       0.0078125          Refine grid             Train
    14         601         19171.3         5.65763       0.0078125      Successful search (ES-ell)        
    14         602         19169.4          5.8542       0.0078125      Successful search (ES-ell)        
    14         603         19167.1         6.40516       0.0078125      Successful search (ES-ell)        
    14         604         19163.7         7.32231       0.0078125      Successful search (ES-ell)        
    14         605         19158.6         9.43392       0.0078125      Successful search (ES-ell)        
    14         606           19156         12.6017       0.0078125      Successful search (ES-ell)        
    14         607         19155.3          16.964       0.0078125      Successful search (ES-ell)        
    14         641         19155.3          16.964      0.00390625          Refine grid             
    15         642         19176.6         5.63287      0.00390625      Successful search (ES-ell)        
    15         643         19174.9         5.73722      0.00390625      Successful search (ES-ell)        
    15         653         19174.8          5.9962      0.00390625      Successful search (ES-ell)        
    15         654         19173.9         6.20602      0.00390625      Successful search (ES-wcm)        
    15         655         19172.6         6.39621      0.00390625      Successful search (ES-wcm)        
    15         656         19168.3         7.13796      0.00390625      Successful search (ES-ell)        
    15         657         19163.2         9.00859      0.00390625      Successful search (ES-ell)        
    15         694         19163.2         9.00859      0.00195312          Refine grid             
    16         695         19178.4         6.00333      0.00195312      Successful search (ES-ell)        
    16         696         19178.2         6.09013      0.00195312      Successful search (ES-wcm)        
    16         711         19177.9         5.57121      0.00195312      Successful search (ES-wcm)        
    16         715         19177.3         5.44875      0.00195312      Successful search (ES-wcm)        
    16         718         19177.2         5.46181      0.00195312      Successful search (ES-wcm)        
    16         719         19175.5         5.57758      0.00195312      Successful search (ES-wcm)        
    16         728         19171.1         6.75194      0.00195312      Successful search (ES-wcm)        
    16         729         19170.8         7.43913      0.00195312      Successful search (ES-wcm)        
    16         730         19169.9         8.13524      0.00195312      Successful search (ES-wcm)        
    16         731           19167         8.80628      0.00195312      Successful search (ES-wcm)        
    16         732         19162.9         10.8219      0.00195312      Successful search (ES-wcm)        
    16         733         19147.5         15.1028      0.00195312      Successful search (ES-wcm)        
    16         768         19147.5         15.1028     0.000976562          Refine grid             
Optimization terminated: change in the function value less than options['tol_mesh']
Estimated function value at minimum: 19184.20780179975 ± 5.415112391462421 (mean ± SEM from 100 samples)
BADS minimum at: x_min = [ 4.0034  6.9648  6.956  46.1918  0.1977  6.9678  0.5252  0.6245  0.
  1.6592  0.4991], training NLL = 19184.2078
total f-count: 868, time: 37.52 min

 ------- Finish Optimization for Subject 3 ---------- 

 ------- Start Optimization for Subject 5 ---------- 

 Cross Validation fold 0/1

 -- Start Optimization: method BADS --

 Optimization Run 1/1
Initial params: [1.969, 4.8955, 10.0537, 15.9787, -4.4189, 18.3247, 0.5226, 0.105, 0.1852, 0.6441, 0.1241]
bads:TooCloseBounds: For each variable, hard and plausible bounds should not be too close. Moving plausible bounds.
Variables (index) internally transformed to log coordinates: [[ 0  0]
 [ 0  3]
 [ 0  8]
 [ 0  9]
 [ 0 10]]
Beginning optimization of a STOCHASTIC objective function

 Iteration    f-count      E[f(x)]        SD[f(x)]           MeshScale          Method              Actions
     0           1         31025.7             nan               1                                  
     0          27           29442             nan               1          Initial mesh            Initial points
     0          30         28067.3         1.02303               1        Successful poll           Train
     1          31         27308.8         1.02304               1      Successful search (ES-wcm)        
     1          32           26931         1.02303               1      Successful search (ES-wcm)        
     1          34         25873.4         1.02301               1      Successful search (ES-wcm)        
     1          35         25750.7         1.02302               1      Successful search (ES-wcm)        
     1          36         25506.1         1.02302               1      Successful search (ES-wcm)        
     1          40         25312.1         1.02294               1      Successful search (ES-wcm)        
     1          47         25103.9         1.01461               1      Successful search (ES-wcm)        
     1          50         25038.4          1.0154               1      Successful search (ES-wcm)        
     1          53         24902.7         1.05422               1      Successful search (ES-wcm)        
     1          54         24786.6         1.05422               1      Successful search (ES-wcm)        
     1          55         24707.2         1.05422               1      Successful search (ES-wcm)        
     1          56         24676.3         1.05422               1      Successful search (ES-wcm)        
     1          60         24630.7         1.05421               1      Successful search (ES-wcm)        
     1          62         24514.5         1.05414               1      Successful search (ES-wcm)        
     1          66         24460.1         1.05411               1      Successful search (ES-wcm)        
     1          73         24417.8          1.0327               1      Successful search (ES-wcm)        
     1          97         24417.8          1.0327             0.5          Refine grid             Train
     2         121         24417.7         1.31426            0.25          Refine grid             Train
     3         147         24417.3        0.798671           0.125          Refine grid             Train
     4         153         24417.6         3.01409           0.125      Successful search (ES-wcm)        
     4         162         24409.4         3.01803           0.125      Successful search (ES-wcm)        
     4         197         24409.4         3.01803          0.0625          Refine grid             Train
     5         198         24388.5          3.0188          0.0625      Successful search (ES-wcm)        
     5         237         24388.5          3.0188         0.03125          Refine grid             
     6         266         24435.6         2.55744       0.0078125          Refine grid             
     7         298         24435.8         2.55638      0.00390625          Refine grid             
     8         330         24439.1         2.42902      0.00195312          Refine grid             
     9         331         24475.5        0.378658      0.00195312      Successful search (ES-wcm)        
     9         332           24464        0.366745      0.00195312      Successful search (ES-wcm)        
     9         333         24458.1        0.386537      0.00195312      Successful search (ES-wcm)        
     9         373         24458.1        0.386537     0.000976562          Refine grid             
Optimization terminated: change in the function value less than options['tol_mesh']
Estimated function value at minimum: 24487.40872213935 ± 4.3127433236810875 (mean ± SEM from 100 samples)
BADS minimum at: x_min = [ 1.50000e-03  1.70327e+01  1.71922e+01  1.73254e+01 -9.87790e+00
  1.73303e+01  1.66600e-01  2.32400e-01  1.16410e+00  1.99550e+00
  7.54900e-01], training NLL = 24487.4087
total f-count: 473, time: 20.27 min

 ------- Finish Optimization for Subject 5 ---------- 

 ------- Start Optimization for Subject 6 ---------- 

 Cross Validation fold 0/1

 -- Start Optimization: method BADS --

 Optimization Run 1/1
Initial params: [0.3604, 9.2285, 6.6901, 6.7309, -1.9103, 27.8385, 0.3245, 0.1197, 0.5683, 0.6829, 0.1452]
bads:TooCloseBounds: For each variable, hard and plausible bounds should not be too close. Moving plausible bounds.
Variables (index) internally transformed to log coordinates: [[ 0  0]
 [ 0  3]
 [ 0  8]
 [ 0  9]
 [ 0 10]]
Beginning optimization of a STOCHASTIC objective function

 Iteration    f-count      E[f(x)]        SD[f(x)]           MeshScale          Method              Actions
     0           1         29494.5             nan               1                                  
     0          27         27918.1             nan               1          Initial mesh            Initial points
     0          29         26490.2         1.02086               1        Successful poll           Train
     1          30         25918.8         1.02087               1      Successful search (ES-wcm)        
     1          34         25867.2         1.02084               1      Successful search (ES-wcm)        
     1          35           25241         1.02086               1      Successful search (ES-wcm)        
     1          37         24892.3         1.02086               1      Successful search (ES-ell)        
     1          38         24054.5         1.02085               1      Successful search (ES-ell)        
     1          40         23436.7         1.02086               1      Successful search (ES-ell)        
     1          43         22391.7         1.02085               1      Successful search (ES-ell)        
     1          45         22167.8          1.0208               1      Successful search (ES-ell)        
     1          46         22072.3         1.02083               1      Successful search (ES-wcm)        
     1          47         21854.7         1.02081               1      Successful search (ES-ell)        
     1          49           21275         1.02085               1      Successful search (ES-ell)        
     1          54         21169.6         1.03871               1      Successful search (ES-ell)        
     1          56         20972.3         1.03874               1      Successful search (ES-ell)        
     1          57         19439.6         1.03875               1      Successful search (ES-ell)        
     1          60         19207.4         1.03872               1      Successful search (ES-ell)        
     1          66         19075.4         1.03814               1      Successful search (ES-ell)        
     1          68         19017.3         1.03787               1      Successful search (ES-ell)        
     1          70         18872.2         1.03717               1      Successful search (ES-ell)        
     1          75         18573.1        0.982825               1      Successful search (ES-wcm)        
     1          80         18531.7        0.982744               1      Successful search (ES-wcm)        
     1          87         18303.8        0.982816               1      Successful search (ES-wcm)        
     1          94         18282.6        0.982607               1      Successful search (ES-wcm)        
     1          95         18174.5         0.98264               1      Successful search (ES-wcm)        
     1         105         18142.2        0.987284               1      Successful search (ES-wcm)        
     1         113         18061.9        0.988129               1      Successful search (ES-wcm)        
     1         127         18060.9         1.02646               1      Successful search (ES-wcm)        
     1         134         17991.2         1.02807               1      Successful search (ES-wcm)        
     1         139         17883.7          1.0277               1      Successful search (ES-wcm)        
     1         164         17883.7          1.0277             0.5          Refine grid             
     2         191           17887         1.09112            0.25          Refine grid             Train
     3         219         17832.8         1.07607             0.5        Successful poll           Train
     4         220         17804.6         1.07611             0.5      Successful search (ES-ell)        
     4         226         17798.2         1.07607             0.5      Successful search (ES-ell)        
     4         229         17795.2         1.07608             0.5      Successful search (ES-ell)        
     4         236         17762.2        0.791401             0.5      Successful search (ES-ell)        
     4         239         17759.2        0.791399             0.5      Successful search (ES-ell)        
     4         265         17746.8        0.972251               1        Successful poll           Train
     5         271         17673.4        0.972251               1      Successful search (ES-ell)        
     5         301         17673.4        0.972251             0.5          Refine grid             Train
     6         328         17673.4         1.01712            0.25          Refine grid             Train
     7         335         17668.7         1.06419            0.25      Successful search (ES-ell)        
     7         367         17649.6         1.06423             0.5        Successful poll           
     8         373         17639.6        0.967874             0.5      Successful search (ES-ell)        
     8         387         17628.2        0.967659             0.5      Successful search (ES-ell)        
     8         396         17579.4        0.967806             0.5      Successful search (ES-ell)        
     8         427         17579.4        0.967806            0.25          Refine grid             Train
     9         455         17649.6        0.967846           0.125          Refine grid             Train
    10         456         17661.8         14.5159           0.125      Successful search (ES-ell)        
    10         496         17661.8         14.5159          0.0625          Refine grid             
    11         524         17656.5        0.898345           0.125        Successful poll           
    12         527         17591.5        0.898366           0.125      Successful search (ES-wcm)        
    12         541           17581        0.898177           0.125      Successful search (ES-ell)        
    12         575           17581        0.898177          0.0625          Refine grid             
    13         576         17609.4        0.898326          0.0625      Successful search (ES-ell)        
    13         617         17609.4        0.898326         0.03125          Refine grid             
    14         620         17611.6        0.897224         0.03125      Successful search (ES-wcm)        
    14         642         17601.4         6.18943          0.0625        Successful poll           
    15         644         17505.3         11.9769          0.0625      Successful search (ES-wcm)        
    15         684         17505.3         11.9769         0.03125          Refine grid             
    16         717         17656.4        0.898036        0.015625          Refine grid             
    17         718         17657.6         9.96225        0.015625      Successful search (ES-wcm)        
    17         719         17651.7         14.1107        0.015625      Successful search (ES-wcm)        
    17         721         17645.1         16.9501        0.015625      Successful search (ES-wcm)        
    17         723         17632.4         19.7329        0.015625      Successful search (ES-wcm)        
    17         725         17602.4         15.9437        0.015625      Successful search (ES-ell)        
    17         726         17552.9         19.8623        0.015625      Successful search (ES-ell)        
    17         761         17552.9         19.8623       0.0078125          Refine grid             Train
    18         762         17645.6         7.02893       0.0078125      Successful search (ES-ell)        
    18         763         17640.2         7.43363       0.0078125      Successful search (ES-wcm)        
    18         764           17640         9.52711       0.0078125      Successful search (ES-wcm)        
    18         765         17631.5         10.9351       0.0078125      Successful search (ES-wcm)        
    18         773         17629.6         9.26436       0.0078125      Successful search (ES-wcm)        
    18         774         17628.8         10.3041       0.0078125      Successful search (ES-wcm)        
    18         775         17627.4         10.8381       0.0078125      Successful search (ES-wcm)        
    18         776         17612.6          13.065       0.0078125      Successful search (ES-wcm)        
    18         778         17608.4         18.5132       0.0078125      Successful search (ES-wcm)        
    18         816         17608.4         18.5132      0.00390625          Refine grid             Train
    19         817         17648.6         6.49229      0.00390625      Successful search (ES-wcm)        
    19         818         17643.8         6.67146      0.00390625      Successful search (ES-wcm)        
    19         819         17636.1         7.90197      0.00390625      Successful search (ES-wcm)        
    19         820         17628.1         8.14572      0.00390625      Successful search (ES-ell)        
    19         821         17618.7         9.65898      0.00390625      Successful search (ES-ell)        
    19         822         17606.5         12.4379      0.00390625      Successful search (ES-ell)        
    19         823         17585.1         16.5174      0.00390625      Successful search (ES-ell)        
    19         860         17585.1         16.5174      0.00195312          Refine grid             Train
    20         868         17632.9         6.09218      0.00195312      Successful search (ES-ell)        
    20         869         17632.6         6.04163      0.00195312      Successful search (ES-ell)        
    20         870         17631.8         5.98712      0.00195312      Successful search (ES-ell)        
    20         871         17631.7          5.9508      0.00195312      Successful search (ES-ell)        
    20         872         17628.4         5.98537      0.00195312      Successful search (ES-ell)        
    20         873         17625.8         6.10147      0.00195312      Successful search (ES-ell)        
    20         874         17622.3         6.26195      0.00195312      Successful search (ES-ell)        
    20         875         17618.6         6.61968      0.00195312      Successful search (ES-ell)        
    20         876         17614.9         7.31972      0.00195312      Successful search (ES-ell)        
    20         877         17603.3          8.3813      0.00195312      Successful search (ES-ell)        
    20         878         17592.1         10.1676      0.00195312      Successful search (ES-ell)        
    20         879         17562.3         13.2099      0.00195312      Successful search (ES-wcm)        
    20         915         17562.3         13.2099     0.000976562          Refine grid             Train
Optimization terminated: change in the function value less than options['tol_mesh']
Estimated function value at minimum: 17638.295221131088 ± 4.482486743845866 (mean ± SEM from 100 samples)
BADS minimum at: x_min = [ 4.0561  4.918   5.2247  0.2238 -0.2426  5.9477  0.5012  0.4999  0.0277
  1.4556  0.238 ], training NLL = 17638.2952
total f-count: 1015, time: 43.82 min

 ------- Finish Optimization for Subject 6 ---------- 

 ------- Start Optimization for Subject 11 ---------- 

 Cross Validation fold 0/1

 -- Start Optimization: method BADS --

 Optimization Run 1/1
Initial params: [0.8495, 3.8347, 4.4529, 18.5253, -4.5235, 24.4581, 0.3779, 0.1887, 0.5296, 0.0678, 0.2808]
bads:TooCloseBounds: For each variable, hard and plausible bounds should not be too close. Moving plausible bounds.
Variables (index) internally transformed to log coordinates: [[ 0  0]
 [ 0  3]
 [ 0  8]
 [ 0  9]
 [ 0 10]]
Beginning optimization of a STOCHASTIC objective function

 Iteration    f-count      E[f(x)]        SD[f(x)]           MeshScale          Method              Actions
     0           1         31232.6             nan               1                                  
     0          27         29915.6             nan               1          Initial mesh            Initial points
     0          30         28674.3        0.999795               1        Successful poll           Train
     1          31           27238        0.999797               1      Successful search (ES-wcm)        
     1          32         25188.8        0.999802               1      Successful search (ES-wcm)        
     1          35         25141.5         0.99969               1      Successful search (ES-wcm)        
     1          37         24725.9        0.999684               1      Successful search (ES-wcm)        
     1          39         24527.2        0.999735               1      Successful search (ES-wcm)        
     1          40         23842.3        0.999746               1      Successful search (ES-wcm)        
     1          44         23809.4        0.999314               1      Successful search (ES-wcm)        
     1          63         23789.6        0.922887               1      Successful search (ES-wcm)        
     1          80         22711.5         26.7076               1        Successful poll           Train
     2          83         22036.6         28.3547               1      Successful search (ES-wcm)        
     2          92         21798.9         28.1062               1      Successful search (ES-wcm)        
     2         101         21798.3          1.2204               1      Incremental search (ES-wcm)        
     2         102           21592         1.22048               1      Successful search (ES-wcm)        
     2         105         21279.5         1.22051               1      Successful search (ES-wcm)        
     2         106         21242.9         1.22052               1      Successful search (ES-wcm)        
     2         108         21066.6         1.22051               1      Successful search (ES-ell)        
     2         112         20802.6          1.2205               1      Successful search (ES-wcm)        
     2         113         20352.6         1.22052               1      Successful search (ES-wcm)        
     2         140         20352.6         1.22052             0.5          Refine grid             
     3         142         20405.1         1.08851             0.5      Successful search (ES-ell)        
     3         147         20317.2        0.874914             0.5      Successful search (ES-ell)        
     3         149         20273.3        0.874919             0.5      Successful search (ES-ell)        
     3         150         20267.3        0.874935             0.5      Successful search (ES-ell)        
     3         166         20204.6        0.874872               1        Successful poll           Train
     4         168         19990.9        0.660063               1      Successful search (ES-ell)        
     4         174         19984.4        0.660057               1      Successful search (ES-ell)        
     4         177         19931.3        0.660052               1      Successful search (ES-ell)        
     4         178         19927.7        0.660063               1      Successful search (ES-ell)        
     4         179         19751.7        0.660063               1      Successful search (ES-wcm)        
     4         183         19733.6        0.660063               1      Successful search (ES-wcm)        
     4         184         19497.3        0.660063               1      Successful search (ES-wcm)        
     4         189           19481        0.823168               1      Successful search (ES-wcm)        
     4         191         19145.5        0.823168               1      Successful search (ES-wcm)        
     4         199         19093.9        0.823149               1      Successful search (ES-wcm)        
     4         204           19075        0.823162               1      Successful search (ES-wcm)        
     4         218         19010.9        0.823097               1      Successful search (ES-wcm)        
     4         221         18964.5        0.822998               1      Successful search (ES-ell)        
     4         247         18964.5        0.822998             0.5          Refine grid             Train
     5         275         18965.9         1.42343            0.25          Refine grid             Train
     6         298         18963.5         1.00543             0.5        Successful poll           Train
     7         308         18941.5         1.24434             0.5      Successful search (ES-wcm)        
     7         320         18918.2         1.24433             0.5      Successful search (ES-wcm)        
     7         347         18892.2         1.16749               1        Successful poll           Train
     8         353         18836.7          1.1675               1      Successful search (ES-wcm)        
     8         355         18830.1          1.1675               1      Successful search (ES-wcm)        
     8         357         18786.8          1.1675               1      Successful search (ES-wcm)        
     8         362         18760.5          1.1675               1      Successful search (ES-wcm)        
     8         365         18694.5          1.1675               1      Successful search (ES-wcm)        
     8         372         18686.1          1.1675               1      Successful search (ES-wcm)        
     8         375         18663.5          1.1675               1      Successful search (ES-wcm)        
     8         379         18663.4          1.1675               1      Incremental search (ES-wcm)        
     8         381           18630          1.1675               1      Successful search (ES-wcm)        
     8         410         18607.2         1.08837               1        Successful poll           Train
     9         436         18607.2         1.14545             0.5          Refine grid             Train
    10         439         18625.4          29.039             0.5      Successful search (ES-wcm)        
    10         440           18605         39.9333             0.5      Successful search (ES-wcm)        
    10         443         18595.5         33.0792             0.5      Successful search (ES-wcm)        
    10         447         18582.6         27.3036             0.5      Successful search (ES-ell)        
    10         449         18575.5         45.8658             0.5      Successful search (ES-ell)        
    10         454         18548.1         30.6391             0.5      Successful search (ES-ell)        
    10         458         18546.4         22.4783             0.5      Successful search (ES-ell)        
    10         486         18546.4         22.4783            0.25          Refine grid             
    11         489         18553.9         20.6949            0.25      Successful search (ES-ell)        
    11         525         18553.9         20.6949           0.125          Refine grid             
    12         526         18535.3         13.1868           0.125      Successful search (ES-wcm)        
    12         527         18530.9         26.5422           0.125      Successful search (ES-ell)        
    12         537         18529.2         18.7115           0.125      Successful search (ES-ell)        
    12         538         18478.9         29.8713           0.125      Successful search (ES-ell)        
    12         577         18478.9         29.8713          0.0625          Refine grid             
    13         578         18509.6         13.8909          0.0625      Successful search (ES-ell)        
    13         618         18509.6         13.8909         0.03125          Refine grid             Train
    14         619         18510.3         8.41738         0.03125      Successful search (ES-ell)        
    14         620         18506.8         10.3563         0.03125      Successful search (ES-ell)        
    14         660         18506.8         10.3563        0.015625          Refine grid             Train
    15         661         18500.8         6.05852        0.015625      Successful search (ES-wcm)        
    15         662         18495.8         6.82544        0.015625      Successful search (ES-wcm)        
    15         663         18484.3         7.85438        0.015625      Successful search (ES-wcm)        
    15         664         18479.3         10.7036        0.015625      Successful search (ES-wcm)        
    15         666         18426.6         11.2897        0.015625      Successful search (ES-ell)        
    15         667           18390         14.0535        0.015625      Successful search (ES-ell)        
    15         701           18390         14.0535       0.0078125          Refine grid             
    16         702         18513.2         5.81092       0.0078125      Successful search (ES-ell)        
    16         703         18507.8         6.40388       0.0078125      Successful search (ES-ell)        
    16         704         18505.7         7.35614       0.0078125      Successful search (ES-ell)        
    16         708         18505.3         7.66384       0.0078125      Successful search (ES-ell)        
    16         711         18505.1          7.6085       0.0078125      Successful search (ES-wcm)        
    16         714         18504.9         6.98782       0.0078125      Successful search (ES-wcm)        
    16         715         18503.5         7.16909       0.0078125      Successful search (ES-wcm)        
    16         716         18500.7         7.77197       0.0078125      Successful search (ES-wcm)        
    16         717         18498.8         8.99756       0.0078125      Successful search (ES-wcm)        
    16         718         18489.6         9.42704       0.0078125      Successful search (ES-ell)        
    16         719         18475.9         10.5828       0.0078125      Successful search (ES-ell)        
    16         720         18458.8         12.8748       0.0078125      Successful search (ES-ell)        
    16         721         18445.1         17.2418       0.0078125      Successful search (ES-ell)        
    16         756         18445.1         17.2418      0.00390625          Refine grid             
    17         757         18516.3         5.57898      0.00390625      Successful search (ES-ell)        
    17         758         18512.5         5.77365      0.00390625      Successful search (ES-ell)        
    17         759         18508.8          6.0008      0.00390625      Successful search (ES-ell)        
    17         760         18503.7         6.76789      0.00390625      Successful search (ES-ell)        
    17         761         18497.6         7.73414      0.00390625      Successful search (ES-ell)        
    17         762         18485.7         9.59869      0.00390625      Successful search (ES-ell)        
    17         763         18475.3         11.8808      0.00390625      Successful search (ES-ell)        
    17         764         18454.7         15.0108      0.00390625      Successful search (ES-ell)        
    17         765         18440.9         18.3803      0.00390625      Successful search (ES-ell)        
    17         798         18440.9         18.3803      0.00195312          Refine grid             
    18         799         18518.1          5.5198      0.00195312      Successful search (ES-ell)        
    18         800         18514.3         5.31301      0.00195312      Successful search (ES-ell)        
    18         801         18509.4         5.21549      0.00195312      Successful search (ES-ell)        
    18         802         18504.2         5.41706      0.00195312      Successful search (ES-ell)        
    18         803         18501.9         5.78705      0.00195312      Successful search (ES-ell)        
    18         805           18501         6.00224      0.00195312      Successful search (ES-ell)        
    18         808         18500.1         6.33206      0.00195312      Successful search (ES-ell)        
    18         825         18499.5         6.15752      0.00390625        Successful poll           Train
    19         826         18507.6         8.03124      0.00390625      Successful search (ES-ell)        
    19         867         18504.9         9.23886       0.0078125        Successful poll           
    20         868         18507.6         10.3602       0.0078125      Successful search (ES-wcm)        
    20         869           18503         11.9596       0.0078125      Successful search (ES-wcm)        
    20         909         18502.5         13.4611        0.015625        Successful poll           
    21         913         18503.4         14.4765        0.015625      Successful search (ES-wcm)        
    21         914         18497.4         16.5915        0.015625      Successful search (ES-wcm)        
    21         951         18497.4         16.5915       0.0078125          Refine grid             Train
    22         952         18513.2         4.85173       0.0078125      Successful search (ES-wcm)        
    22         955         18508.9         5.29474       0.0078125      Successful search (ES-wcm)        
    22         957         18507.1         5.99386       0.0078125      Successful search (ES-wcm)        
    22         960         18503.6         6.38123       0.0078125      Successful search (ES-wcm)        
    22         964         18499.7         7.20092       0.0078125      Successful search (ES-wcm)        
    22         966         18499.4          8.3408       0.0078125      Successful search (ES-wcm)        
    22         967         18499.3          9.8505       0.0078125      Successful search (ES-wcm)        
    22         969         18493.3         11.6437       0.0078125      Successful search (ES-wcm)        
    22         970         18488.2         15.4103       0.0078125      Successful search (ES-wcm)        
    22         971         18483.1         15.6241       0.0078125      Successful search (ES-ell)        
    22         972         18480.3         16.3343       0.0078125      Successful search (ES-ell)        
    22         973         18473.4         17.3263       0.0078125      Successful search (ES-ell)        
    22         975           18472         16.2716       0.0078125      Successful search (ES-wcm)        
    22        1015           18472         16.2716      0.00390625          Refine grid             
    23        1016         18491.3         6.68173      0.00390625      Successful search (ES-wcm)        
    23        1017         18486.8         6.62088      0.00390625      Successful search (ES-wcm)        
    23        1018         18482.9         6.65904      0.00390625      Successful search (ES-wcm)        
    23        1019           18478           6.935      0.00390625      Successful search (ES-wcm)        
    23        1020         18475.5         7.82587      0.00390625      Successful search (ES-wcm)        
    23        1021         18470.1         8.68078      0.00390625      Successful search (ES-wcm)        
    23        1022         18457.2         11.1269      0.00390625      Successful search (ES-wcm)        
    23        1023         18446.7           14.98      0.00390625      Successful search (ES-wcm)        
    23        1056         18446.7           14.98      0.00195312          Refine grid             Train
    24        1058         18502.6         7.45215      0.00195312      Successful search (ES-wcm)        
    24        1059         18500.8         7.25313      0.00195312      Successful search (ES-ell)        
    24        1060         18499.7         7.07071      0.00195312      Successful search (ES-ell)        
    24        1061         18497.6         6.90308      0.00195312      Successful search (ES-ell)        
    24        1062         18494.9         7.04696      0.00195312      Successful search (ES-ell)        
    24        1063         18493.7         7.22314      0.00195312      Successful search (ES-ell)        
    24        1064         18491.1         8.14148      0.00195312      Successful search (ES-ell)        
    24        1065         18489.4         8.41175      0.00195312      Successful search (ES-wcm)        
    24        1066         18488.1         8.81757      0.00195312      Successful search (ES-wcm)        
    24        1067         18484.4         10.1887      0.00195312      Successful search (ES-wcm)        
    24        1069         18482.1         9.88475      0.00195312      Successful search (ES-ell)        
    24        1109         18482.1         9.88475     0.000976562          Refine grid             Train
Optimization terminated: change in the function value less than options['tol_mesh']
Estimated function value at minimum: 18498.84942144906 ± 4.516440730293641 (mean ± SEM from 100 samples)
BADS minimum at: x_min = [3.2812e+00 8.7722e+00 8.3894e+00 1.0240e-01 1.6800e-02 8.7724e+00
 4.7980e-01 4.0790e-01 4.2000e-03 1.3098e+00 2.6820e-01], training NLL = 18498.8494
total f-count: 1209, time: 52.19 min

 ------- Finish Optimization for Subject 11 ---------- 

 ------- Start Optimization for Subject 15 ---------- 

 Cross Validation fold 0/1

 -- Start Optimization: method BADS --

 Optimization Run 1/1
Initial params: [0.9452, 4.3549, 11.1223, 7.6984, 2.0429, 17.1998, 0.3156, 0.2605, 0.8862, 0.6673, 0.7636]
bads:TooCloseBounds: For each variable, hard and plausible bounds should not be too close. Moving plausible bounds.
Variables (index) internally transformed to log coordinates: [[ 0  0]
 [ 0  3]
 [ 0  8]
 [ 0  9]
 [ 0 10]]
Beginning optimization of a STOCHASTIC objective function

 Iteration    f-count      E[f(x)]        SD[f(x)]           MeshScale          Method              Actions
     0           1         27605.3             nan               1                                  
     0          27         27605.3             nan               1          Initial mesh            Initial points
     0          28         26892.6           1.008               1        Successful poll           Train
     1          29           25100           1.008               1      Successful search (ES-wcm)        
     1          32         25057.1         1.00798               1      Successful search (ES-wcm)        
     1          35         24835.9         1.00793               1      Successful search (ES-wcm)        
     1          38         24835.6         1.00755               1      Incremental search (ES-wcm)        
     1          40         24811.7          1.0074               1      Successful search (ES-wcm)        
     1          43         24782.6         1.00762               1      Successful search (ES-ell)        
     1          44         24717.8         1.00702               1      Successful search (ES-wcm)        
     1          51         24682.1         1.07441               1      Successful search (ES-wcm)        
     1          52           24627         1.07547               1      Successful search (ES-wcm)        
     1          54         24430.3         1.07553               1      Successful search (ES-wcm)        
     1          57         24268.3         1.07554               1      Successful search (ES-wcm)        
     1          63         24226.8         1.07527               1      Successful search (ES-wcm)        
     1          74         24226.3         7.40241               1      Incremental search (ES-wcm)        
     1          96         24225.4         13.7309             0.5          Refine grid             
     2          98         24241.9         9.99793             0.5      Successful search (ES-ell)        
     2         100         24226.5         10.5593             0.5      Successful search (ES-wcm)        
     2         104         24222.9          7.0372             0.5      Successful search (ES-wcm)        
     2         105         24212.6          8.3848             0.5      Successful search (ES-wcm)        
     2         109         24208.4         9.85246             0.5      Successful search (ES-wcm)        
     2         122         24207.8         4.82851             0.5      Successful search (ES-wcm)        
     2         123         24205.6         10.8205             0.5      Successful search (ES-wcm)        
     2         125         24202.1         10.6336             0.5      Successful search (ES-wcm)        
     2         126         24200.1         12.7507             0.5      Successful search (ES-wcm)        
     2         130         24196.7         9.65395             0.5      Successful search (ES-ell)        
     2         134         24192.1         7.25164             0.5      Successful search (ES-wcm)        
     2         137         24189.4         7.06218             0.5      Successful search (ES-wcm)        
     2         139         24188.6         8.74329             0.5      Successful search (ES-wcm)        
     2         143         24186.8         7.46385             0.5      Successful search (ES-wcm)        
     2         145         24183.6          9.7416             0.5      Successful search (ES-wcm)        
     2         146         24176.1         17.8722             0.5      Successful search (ES-wcm)        
     2         149         24162.5         11.5238             0.5      Successful search (ES-wcm)        
     2         150         24142.6          15.307             0.5      Successful search (ES-wcm)        
     2         152           24117          12.975             0.5      Successful search (ES-wcm)        
     2         189           24117          12.975            0.25          Refine grid             Train
     3         190         24126.1         9.21157            0.25      Successful search (ES-wcm)        
     3         192         24121.2         8.06275            0.25      Successful search (ES-wcm)        
     3         193         24113.2         8.50853            0.25      Successful search (ES-wcm)        
     3         195         24108.3         7.22264            0.25      Successful search (ES-wcm)        
     3         196         24106.3         9.12104            0.25      Successful search (ES-wcm)        
     3         227         24106.3         9.12104           0.125          Refine grid             
     4         228           24112         4.32579           0.125      Successful search (ES-wcm)        
     4         229         24111.4         4.39643           0.125      Successful search (ES-wcm)        
     4         230         24110.2          5.8465           0.125      Successful search (ES-wcm)        
     4         265         24110.2          5.8465          0.0625          Refine grid             
     5         266           24113         2.97539          0.0625      Successful search (ES-wcm)        
     5         267         24112.7         3.20307          0.0625      Successful search (ES-wcm)        
     5         304         24112.7         3.20307         0.03125          Refine grid             Train
     6         305         24113.2          2.1729         0.03125      Successful search (ES-ell)        
     6         306           24113         2.20707         0.03125      Successful search (ES-wcm)        
     6         307         24112.2         2.30755         0.03125      Successful search (ES-wcm)        
     6         308         24111.8         2.77782         0.03125      Successful search (ES-wcm)        
     6         309         24111.7         3.65116         0.03125      Successful search (ES-wcm)        
     6         310         24109.8          3.9563         0.03125      Successful search (ES-wcm)        
     6         311         24106.4         5.72527         0.03125      Successful search (ES-ell)        
     6         343         24106.4         5.72527        0.015625          Refine grid             
     7         357         24111.6          2.4904         0.03125        Successful poll           Train
     8         385         24111.7         2.47393        0.015625          Refine grid             Train
     9         386         24113.5         2.13315        0.015625      Successful search (ES-ell)        
     9         387         24113.1         2.31905        0.015625      Successful search (ES-ell)        
     9         388           24113         2.46016        0.015625      Successful search (ES-wcm)        
     9         389         24112.2         2.64352        0.015625      Successful search (ES-wcm)        
     9         394         24112.1         2.63734        0.015625      Successful search (ES-wcm)        
     9         413           24109         3.94156         0.03125        Successful poll           Train
    10         414         24107.4         4.18604         0.03125      Successful search (ES-ell)        
