device is : cuda
['base_clamp', '2', 'all', 'bads', '1']

 ------- Start Optimization for Subject 2 ---------- 

 Cross Validation fold 0/1

 -- Start Optimization: method BADS --

 Optimization Run 1/1
Initial params: [1.8015, 8.5826, 11.3216, 1.5182, 0.1828, 12.6978, 0.513, 0.2219, 0.7375, 0.5267, 0.9141]
bads:TooCloseBounds: For each variable, hard and plausible bounds should not be too close. Moving plausible bounds.
Variables (index) internally transformed to log coordinates: [[ 0  0]
 [ 0  3]
 [ 0  8]
 [ 0  9]
 [ 0 10]]
Beginning optimization of a STOCHASTIC objective function

 Iteration    f-count      E[f(x)]        SD[f(x)]           MeshScale          Method              Actions
     0           1         29957.4             nan               1                                  
     0          27         29957.4             nan               1          Initial mesh            Initial points
     0          28         27725.8           1.002               1        Successful poll           Train
     1          29         25238.9           1.002               1      Successful search (ES-wcm)        
     1          33         24655.8         1.00193               1      Successful search (ES-wcm)        
     1          34         24605.5         1.00198               1      Successful search (ES-ell)        
     1          35         24446.2         1.00194               1      Successful search (ES-wcm)        
     1          36         24412.2         1.00192               1      Successful search (ES-wcm)        
     1          37         24212.8         1.00187               1      Successful search (ES-wcm)        
     1          41         22876.4         1.00189               1      Successful search (ES-wcm)        
     1          42         21957.7           1.002               1      Successful search (ES-wcm)        
     1          46         21452.6         1.00172               1      Successful search (ES-wcm)        
     1          47         21412.4         1.00192               1      Successful search (ES-wcm)        
     1          52           21279           1.022               1      Successful search (ES-wcm)        
     1          54         21131.9         1.02199               1      Successful search (ES-wcm)        
     1          64         21125.3         1.02149               1      Successful search (ES-ell)        
     1          67         21038.2         1.02165               1      Successful search (ES-wcm)        
     1          71         21028.7         1.02003               1      Successful search (ES-wcm)        
     1          72         20929.9         1.02078               1      Successful search (ES-wcm)        
     1          78         20824.8         1.07891               1      Successful search (ES-wcm)        
     1          79         20815.9         1.07942               1      Successful search (ES-wcm)        
     1          84         20808.5         1.07979               1      Successful search (ES-wcm)        
     1          89         20683.3         1.07942               1      Successful search (ES-wcm)        
     1         118         20683.3         1.07942             0.5          Refine grid             
     2         129         20681.6         1.09517             0.5      Successful search (ES-wcm)        
     2         154         20681.6         1.09517            0.25          Refine grid             Train
     3         159         20668.6         0.98412            0.25      Successful search (ES-wcm)        
     3         193         20668.6         0.98412           0.125          Refine grid             Train
     4         217           20627         1.04438            0.25        Successful poll           Train
     5         245           20627         1.04438           0.125          Refine grid             Train
     6         275         20694.4         0.91667          0.0625          Refine grid             Train
     7         277         20671.2        0.975551          0.0625      Successful search (ES-wcm)        
     7         317         20671.2        0.975551         0.03125          Refine grid             
     8         349         20695.8        0.914524        0.015625          Refine grid             
     9         381         20739.6        0.627522       0.0078125          Refine grid             
    10         414         20768.2          9.3338      0.00390625          Refine grid             Train
    11         415         20778.6        0.544841      0.00390625      Successful search (ES-wcm)        
    11         416         20777.4        0.622106      0.00390625      Successful search (ES-wcm)        
    11         417         20755.7        0.539953      0.00390625      Successful search (ES-ell)        
    11         439         20729.5        0.826872       0.0078125        Successful poll           
    12         440         20708.5        0.699553       0.0078125      Successful search (ES-ell)        
    12         482         20708.5        0.699553      0.00390625          Refine grid             Train
    13         483         20774.6        0.264892      0.00390625      Successful search (ES-ell)        
    13         484         20773.1        0.304606      0.00390625      Successful search (ES-ell)        
    13         485         20766.3        0.428162      0.00390625      Successful search (ES-ell)        
    13         486         20756.7        0.502852      0.00390625      Successful search (ES-ell)        
    13         526         20756.7        0.502852      0.00195312          Refine grid             
    14         527         20784.5         6.20565      0.00195312      Successful search (ES-ell)        
    14         533         20784.2         6.07589      0.00195312      Successful search (ES-ell)        
    14         570         20781.4          5.5764      0.00390625        Successful poll           
    15         571         20780.6         5.85464      0.00390625      Successful search (ES-ell)        
    15         572         20779.7          6.6019      0.00390625      Successful search (ES-ell)        
    15         573         20778.4         8.13091      0.00390625      Successful search (ES-ell)        
    15         574         20774.5         10.5943      0.00390625      Successful search (ES-ell)        
    15         575         20755.1         18.7352      0.00390625      Successful search (ES-wcm)        
    15         576         20722.6         30.7005      0.00390625      Successful search (ES-wcm)        
    15         577         20720.7         29.7047      0.00390625      Successful search (ES-ell)        
    15         613         20720.7         29.7047      0.00195312          Refine grid             Train
    16         614         20732.7         9.45073      0.00195312      Successful search (ES-ell)        
    16         616         20731.4         9.29386      0.00195312      Successful search (ES-ell)        
    16         620         20730.6         9.02558      0.00195312      Successful search (ES-wcm)        
    16         621         20729.4         8.96803      0.00195312      Successful search (ES-ell)        
    16         656         20729.4         8.96803     0.000976562          Refine grid             Train
Optimization terminated: change in the function value less than options['tol_mesh']
Estimated function value at minimum: 20746.235438749005 ± 5.578869701189438 (mean ± SEM from 100 samples)
BADS minimum at: x_min = [ 2.6384e+00  8.4399e+00  5.8736e+00  1.9000e-03 -9.0686e+00  8.6511e+00
  5.1390e-01  6.0360e-01  6.7310e-01  2.0000e+00  4.6110e-01], training NLL = 20746.2354
total f-count: 756, time: 32.26 min

 ------- Finish Optimization for Subject 2 ---------- 

 ------- Start Optimization for Subject 3 ---------- 

 Cross Validation fold 0/1

 -- Start Optimization: method BADS --

 Optimization Run 1/1
Initial params: [0.692, 8.3183, 5.336, 2.4851, -1.5825, 22.5552, 0.4386, 0.1629, 0.2187, 0.4383, 0.0956]
bads:TooCloseBounds: For each variable, hard and plausible bounds should not be too close. Moving plausible bounds.
Variables (index) internally transformed to log coordinates: [[ 0  0]
 [ 0  3]
 [ 0  8]
 [ 0  9]
 [ 0 10]]
Beginning optimization of a STOCHASTIC objective function

 Iteration    f-count      E[f(x)]        SD[f(x)]           MeshScale          Method              Actions
     0           1         30707.1             nan               1                                  
     0          27         29895.6             nan               1          Initial mesh            Initial points
     0          31         28758.5         1.00356               1        Successful poll           Train
     1          32         28250.3         1.00353               1      Successful search (ES-wcm)        
     1          33         28147.5         1.00356               1      Successful search (ES-wcm)        
     1          34         27186.8         1.00356               1      Successful search (ES-wcm)        
     1          37         27102.7         1.00349               1      Successful search (ES-wcm)        
     1          38         26954.9         1.00352               1      Successful search (ES-wcm)        
     1          42         26471.6         1.00343               1      Successful search (ES-wcm)        
     1          45         26464.8         1.00075               1      Successful search (ES-wcm)        
     1          46         26416.6         1.00181               1      Successful search (ES-wcm)        
     1          49         26193.3         1.00149               1      Successful search (ES-wcm)        
     1          55         25560.7          0.9979               1      Successful search (ES-wcm)        
     1          57         25155.3        0.997867               1      Successful search (ES-wcm)        
     1          61         25028.3        0.997742               1      Successful search (ES-wcm)        
     1          62         24909.5        0.997775               1      Successful search (ES-wcm)        
     1          64         24847.2        0.997824               1      Successful search (ES-wcm)        
     1          65         24652.9        0.997563               1      Successful search (ES-wcm)        
     1          66         24522.6        0.997907               1      Successful search (ES-wcm)        
     1          75         24359.9         1.00263               1      Successful search (ES-wcm)        
     1          76         24068.5         1.00274               1      Successful search (ES-wcm)        
     1          77         23957.8         1.00278               1      Successful search (ES-wcm)        
     1          80         23889.3         1.00278               1      Successful search (ES-wcm)        
     1          89         23632.7         1.00265               1      Successful search (ES-wcm)        
     1          93         23540.7         1.00234               1      Successful search (ES-wcm)        
     1          99         23526.6        0.967958               1      Successful search (ES-wcm)        
     1         103         23475.1        0.967669               1      Successful search (ES-wcm)        
     1         113         23446.7        0.967011               1      Successful search (ES-ell)        
     1         114         23367.6        0.967599               1      Successful search (ES-ell)        
     1         143         23146.1        0.928264               1        Successful poll           Train
     2         147         23053.4         1.04862               1      Successful search (ES-ell)        
     2         153         23046.4         1.04704               1      Successful search (ES-ell)        
     2         162         23014.6         1.04683               1      Successful search (ES-ell)        
     2         171         22995.8         1.14827               1      Successful search (ES-ell)        
     2         182         22990.1         1.14825               1      Successful search (ES-ell)        
     2         184         22980.6         1.14827               1      Successful search (ES-ell)        
     2         186           22980         1.14829               1      Incremental search (ES-ell)        
     2         193         22962.4         1.13952               1      Successful search (ES-ell)        
     2         210         22912.2         1.13958               1        Successful poll           
     3         238         22912.2         1.13958             0.5          Refine grid             Train
     4         239         22938.7         42.2649             0.5      Successful search (ES-ell)        
     4         240         22764.8         53.1177             0.5      Successful search (ES-ell)        
     4         244         22755.4         46.6361             0.5      Successful search (ES-wcm)        
     4         280         22755.4         46.6361            0.25          Refine grid             
     5         281         22726.5         23.7224            0.25      Successful search (ES-wcm)        
     5         282         22696.5         48.5743            0.25      Successful search (ES-wcm)        
     5         284         22577.1         39.0547            0.25      Successful search (ES-wcm)        
     5         285           22513         51.5897            0.25      Successful search (ES-wcm)        
     5         290         22502.9         31.6566            0.25      Successful search (ES-wcm)        
     5         292         22498.6          37.627            0.25      Successful search (ES-wcm)        
     5         333         22461.5         53.6242             0.5        Successful poll           
     6         335         22449.3         51.5588             0.5      Successful search (ES-ell)        
     6         337         22427.4         52.4458             0.5      Successful search (ES-ell)        
     6         341         22320.1         47.1761             0.5      Successful search (ES-ell)        
     6         342         22245.3         49.6274             0.5      Successful search (ES-ell)        
     6         344         22111.6         47.4884             0.5      Successful search (ES-ell)        
     6         345         22003.3          52.628             0.5      Successful search (ES-ell)        
     6         350         21953.6         44.4156             0.5      Successful search (ES-ell)        
     6         351         21947.1         49.3148             0.5      Successful search (ES-ell)        
     6         354         21901.8         42.0865             0.5      Successful search (ES-wcm)        
     6         355         21884.9         49.4124             0.5      Successful search (ES-wcm)        
     6         383         21867.9         31.7597               1        Successful poll           
     7         385         21653.9         53.1767               1      Successful search (ES-ell)        
     7         386           19202         54.8928               1      Successful search (ES-wcm)        
     7         389         19194.8         53.9134               1      Successful search (ES-wcm)        
     7         391         19103.8         53.7015               1      Successful search (ES-wcm)        
     7         392         19063.2          53.432               1      Successful search (ES-wcm)        
     7         395         19034.2         50.9914               1      Successful search (ES-wcm)        
     7         400         19008.7         37.0858               1      Successful search (ES-wcm)        
     7         402         18831.2         48.6152               1      Successful search (ES-ell)        
     7         405         18761.5         41.2213               1      Successful search (ES-wcm)        
     7         407         18482.1         45.8048               1      Successful search (ES-wcm)        
     7         408         18426.2         49.4343               1      Successful search (ES-wcm)        
     7         414         18391.7          43.195               1      Successful search (ES-wcm)        
     7         416         18314.2         35.5802               1      Successful search (ES-wcm)        
     7         418         18279.5         45.8597               1      Successful search (ES-wcm)        
     7         420         18257.7         41.6384               1      Successful search (ES-wcm)        
     7         421         18146.5         47.1844               1      Successful search (ES-wcm)        
     7         428         18131.1         49.4487               1      Successful search (ES-ell)        
     7         430         18036.9         47.1707               1      Successful search (ES-wcm)        
     7         461         18036.9         47.1707             0.5          Refine grid             Train
     8         462         18078.5         30.7645             0.5      Successful search (ES-wcm)        
     8         466         18073.4          33.829             0.5      Successful search (ES-ell)        
     8         475         18064.3         22.3443             0.5      Successful search (ES-ell)        
     8         480         18061.6         15.1312             0.5      Successful search (ES-wcm)        
     8         483         18054.4         14.3501             0.5      Successful search (ES-wcm)        
     8         487         18043.9          17.288             0.5      Successful search (ES-wcm)        
     8         493         18042.2         12.0575             0.5      Successful search (ES-wcm)        
     8         494         18041.2         13.5197             0.5      Successful search (ES-wcm)        
     8         499         18040.4         10.6241             0.5      Successful search (ES-wcm)        
     8         503         18040.1          10.518             0.5      Incremental search (ES-wcm)        
     8         515         18038.2         9.56539             0.5      Successful search (ES-wcm)        
     8         516         18037.1         11.5097             0.5      Successful search (ES-ell)        
     8         520         18032.4         16.5373             0.5      Successful search (ES-ell)        
     8         535         18028.9         11.0264             0.5      Successful search (ES-wcm)        
     8         536         18025.8          19.128             0.5      Successful search (ES-wcm)        
     8         542         18008.5           19.06             0.5      Successful search (ES-ell)        
     8         551         18006.4         24.3426             0.5      Successful search (ES-ell)        
     8         584         18005.3         9.68209               1        Successful poll           
     9         585         17994.5         26.8453               1      Successful search (ES-ell)        
     9         590         17979.9         17.7826               1      Successful search (ES-ell)        
     9         593         17978.1         14.0152               1      Successful search (ES-ell)        
     9         594         17973.6          14.893               1      Successful search (ES-ell)        
     9         617         17973.6          14.893             0.5          Refine grid             
    10         618         17966.9         13.4389             0.5      Successful search (ES-ell)        
    10         655         17966.9         13.4389            0.25          Refine grid             
    11         656         18001.4         15.0923            0.25      Successful search (ES-ell)        
    11         680         17899.8         18.0328             0.5        Successful poll           Train
    12         681           17991          15.262             0.5      Successful search (ES-ell)        
    12         718           17991          15.262            0.25          Refine grid             Train
    13         719           18018         15.8979            0.25      Successful search (ES-ell)        
    13         720         18016.9         22.7139            0.25      Successful search (ES-ell)        
    13         722         18009.9         20.2863            0.25      Successful search (ES-ell)        
    13         729         17744.1          12.264            0.25      Successful search (ES-ell)        
    13         730           17717         14.3487            0.25      Successful search (ES-ell)        
    13         731         17593.6         14.9422            0.25      Successful search (ES-ell)        
    13         768         17593.6         14.9422           0.125          Refine grid             
    14         769         18000.7         7.18762           0.125      Successful search (ES-ell)        
    14         771         17986.7         9.60353           0.125      Successful search (ES-wcm)        
    14         796         17923.6         9.26682            0.25        Successful poll           
    15         797         18016.4         11.5962            0.25      Successful search (ES-ell)        
    15         800           18012         11.7933            0.25      Successful search (ES-ell)        
    15         804         18010.9         8.85544            0.25      Successful search (ES-ell)        
    15         807         18010.8         8.80884            0.25      Incremental search (ES-wcm)        
    15         811         18009.9         7.84972            0.25      Successful search (ES-ell)        
    15         812         18007.6           9.359            0.25      Successful search (ES-ell)        
    15         824         17972.6         5.71053            0.25      Successful search (ES-ell)        
    15         825         17881.6         6.25838            0.25      Successful search (ES-wcm)        
    15         826         17790.2         8.48277            0.25      Successful search (ES-wcm)        
    15         828           17786          9.6507            0.25      Successful search (ES-ell)        
    15         856           17786          9.6507           0.125          Refine grid             
    16         857         18016.5         11.0621           0.125      Successful search (ES-wcm)        
    16         858         18009.2         18.4046           0.125      Successful search (ES-wcm)        
    16         860         17993.3         13.2697           0.125      Successful search (ES-wcm)        
    16         864         17992.4         13.7322           0.125      Successful search (ES-wcm)        
    16         865         17992.2         12.0144           0.125      Successful search (ES-wcm)        
    16         868         17989.1         10.4823           0.125      Successful search (ES-ell)        
    16         869         17986.8         11.4603           0.125      Successful search (ES-ell)        
    16         881         17873.9         8.00199           0.125      Successful search (ES-ell)        
    16         882         17830.3         9.35045           0.125      Successful search (ES-ell)        
    16         883         17806.7         12.5326           0.125      Successful search (ES-ell)        
    16         916         17806.7         12.5326          0.0625          Refine grid             
    17         917         18022.6         7.38699          0.0625      Successful search (ES-wcm)        
    17         918         18001.6          7.1324          0.0625      Successful search (ES-wcm)        
    17         919         17999.8         9.04383          0.0625      Successful search (ES-wcm)        
    17         921         17994.6         11.8755          0.0625      Successful search (ES-wcm)        
    17         923         17987.7         11.0003          0.0625      Successful search (ES-wcm)        
    17         937         17980.7         6.15894          0.0625      Successful search (ES-wcm)        
    17         938         17978.4         6.14096          0.0625      Successful search (ES-wcm)        
    17         940         17952.7         6.76597          0.0625      Successful search (ES-wcm)        
    17         941         17827.4         7.90947          0.0625      Successful search (ES-ell)        
    17         942         17736.2         9.79244          0.0625      Successful search (ES-ell)        
    17         943         17685.4         11.8295          0.0625      Successful search (ES-ell)        
    17         978         17685.4         11.8295         0.03125          Refine grid             
    18         979         18028.9         9.67626         0.03125      Successful search (ES-ell)        
    18         980           18010         10.6357         0.03125      Successful search (ES-ell)        
    18         981         18006.3         11.0076         0.03125      Successful search (ES-ell)        
    18         983         18006.2          8.8829         0.03125      Successful search (ES-wcm)        
    18         985         18005.7         9.31114         0.03125      Successful search (ES-ell)        
    18         987         18004.9         8.37887         0.03125      Successful search (ES-wcm)        
    18        1017         18004.9         8.37887        0.015625          Refine grid             
    19        1018         18037.3         6.70998        0.015625      Successful search (ES-wcm)        
    19        1019         18032.5         6.77333        0.015625      Successful search (ES-wcm)        
    19        1020         18024.8         6.93633        0.015625      Successful search (ES-wcm)        
    19        1021         18018.7         7.36478        0.015625      Successful search (ES-wcm)        
    19        1022         18015.2          8.8078        0.015625      Successful search (ES-wcm)        
    19        1024         18000.2         10.1751        0.015625      Successful search (ES-wcm)        
    19        1025           17991         10.8614        0.015625      Successful search (ES-wcm)        
    19        1026         17955.9         12.6703        0.015625      Successful search (ES-wcm)        
    19        1028         17930.8          12.912        0.015625      Successful search (ES-ell)        
    19        1056         17930.8          12.912       0.0078125          Refine grid             Train
    20        1057         18043.8         7.40602       0.0078125      Successful search (ES-wcm)        
    20        1058         18039.4         7.24175       0.0078125      Successful search (ES-wcm)        
    20        1059         18032.7         6.93521       0.0078125      Successful search (ES-wcm)        
    20        1060         18028.3         6.20582       0.0078125      Successful search (ES-wcm)        
    20        1061         18019.3         6.59928       0.0078125      Successful search (ES-wcm)        
    20        1062         18006.9          6.2564       0.0078125      Successful search (ES-wcm)        
    20        1063         17998.3         7.64181       0.0078125      Successful search (ES-wcm)        
    20        1064         17970.8         10.5421       0.0078125      Successful search (ES-wcm)        
    20        1098         17970.8         10.5421      0.00390625          Refine grid             
    21        1099         18013.2         5.44916      0.00390625      Successful search (ES-wcm)        
    21        1100         18012.3         5.34182      0.00390625      Successful search (ES-wcm)        
    21        1101         18011.6         5.26698      0.00390625      Successful search (ES-wcm)        
    21        1102         18009.5         5.13294      0.00390625      Successful search (ES-wcm)        
    21        1103         18005.7          5.1104      0.00390625      Successful search (ES-wcm)        
    21        1140         18005.7          5.1104      0.00195312          Refine grid             
    22        1141           18012         4.63537      0.00195312      Successful search (ES-wcm)        
    22        1142         18011.4         4.58505      0.00195312      Successful search (ES-wcm)        
    22        1143         18010.8         4.55323      0.00195312      Successful search (ES-wcm)        
    22        1144           18009         4.53182      0.00195312      Successful search (ES-wcm)        
    22        1145         18007.6         4.54768      0.00195312      Successful search (ES-wcm)        
    22        1146         18006.1         4.68714      0.00195312      Successful search (ES-wcm)        
    22        1147           18004         4.82732      0.00195312      Successful search (ES-wcm)        
    22        1148         18001.1           5.204      0.00195312      Successful search (ES-wcm)        
    22        1149           18001         5.91483      0.00195312      Successful search (ES-wcm)        
    22        1150         17998.5         6.74445      0.00195312      Successful search (ES-wcm)        
    22        1151         17987.5         10.4556      0.00195312      Successful search (ES-wcm)        
    22        1182         17987.5         10.4556     0.000976562          Refine grid             
Optimization terminated: change in the function value less than options['tol_mesh']
Estimated function value at minimum: 18013.300346550637 ± 4.551025488531997 (mean ± SEM from 100 samples)
BADS minimum at: x_min = [ 2.9723  5.9733  5.9418  0.     -0.5601  5.9743  0.5894  0.7239  0.0512
  1.8145  0.2719], training NLL = 18013.3003
total f-count: 1282, time: 55.21 min

 ------- Finish Optimization for Subject 3 ---------- 

 ------- Start Optimization for Subject 5 ---------- 

 Cross Validation fold 0/1

 -- Start Optimization: method BADS --

 Optimization Run 1/1
Initial params: [1.49, 3.2825, 2.3381, 9.0058, -0.51, 20.1971, 0.4021, 0.2719, 0.0629, 0.3474, 0.522]
bads:TooCloseBounds: For each variable, hard and plausible bounds should not be too close. Moving plausible bounds.
Variables (index) internally transformed to log coordinates: [[ 0  0]
 [ 0  3]
 [ 0  8]
 [ 0  9]
 [ 0 10]]
Beginning optimization of a STOCHASTIC objective function

 Iteration    f-count      E[f(x)]        SD[f(x)]           MeshScale          Method              Actions
     0           1         31145.3             nan               1                                  
     0          27           29447             nan               1          Initial mesh            Initial points
     0          30         28148.4         1.02365               1        Successful poll           Train
     1          31         26831.2         1.02365               1      Successful search (ES-ell)        
     1          33         26745.4         1.02365               1      Successful search (ES-ell)        
     1          38         26406.4         1.02354               1      Successful search (ES-ell)        
     1          39         25919.2         1.02357               1      Successful search (ES-ell)        
     1          40         25409.2         1.02357               1      Successful search (ES-ell)        
     1          42         24719.5         1.02304               1      Successful search (ES-wcm)        
     1          45         24598.9         1.02326               1      Successful search (ES-wcm)        
     1          48         24571.7         1.02272               1      Successful search (ES-wcm)        
     1          52         24515.2        0.997472               1      Successful search (ES-wcm)        
     1          58           24485        0.997414               1      Successful search (ES-ell)        
     1          59         24448.7        0.997966               1      Successful search (ES-wcm)        
     1          61         24435.4        0.997953               1      Successful search (ES-wcm)        
     1          62           24390        0.997882               1      Successful search (ES-wcm)        
     1          63         24325.8         0.99795               1      Successful search (ES-wcm)        
     1          71         24289.5        0.988064               1      Successful search (ES-wcm)        
     1          79         24286.3         1.18996               1      Successful search (ES-wcm)        
     1          83         24281.5         1.18801               1      Successful search (ES-wcm)        
     1          84         24243.9         1.19012               1      Successful search (ES-wcm)        
     1          88           24218          1.1902               1      Successful search (ES-wcm)        
     1          90         24215.5         1.19019               1      Successful search (ES-wcm)        
     1          95         24172.1            1.19               1      Successful search (ES-ell)        
     1          96           24150         1.19012               1      Successful search (ES-wcm)        
     1          97         23662.2         28.5834               1      Successful search (ES-ell)        
     1          99         22957.1         28.1244               1      Successful search (ES-ell)        
     1         102           21505          27.426               1      Successful search (ES-ell)        
     1         109         21502.5         25.9519               1      Successful search (ES-ell)        
     1         144         21502.5         25.9519             0.5          Refine grid             Train
     2         148         21495.7         1.10777             0.5      Successful search (ES-ell)        
     2         153         21346.8         1.06851             0.5      Successful search (ES-ell)        
     2         181         21333.6         1.30539               1        Successful poll           Train
     3         185         21118.6         1.30539               1      Successful search (ES-ell)        
     3         187         21117.6         1.30539               1      Successful search (ES-ell)        
     3         191         21044.9         1.73057               1      Successful search (ES-ell)        
     3         192         20965.5         1.73058               1      Successful search (ES-ell)        
     3         199         20870.6         1.73058               1      Successful search (ES-wcm)        
     3         227         20427.5         1.73057               1        Successful poll           
     4         232         19857.4         1.73057               1      Successful search (ES-wcm)        
     4         239         19835.1         1.73056               1      Successful search (ES-wcm)        
     4         243         19726.1         1.73057               1      Successful search (ES-wcm)        
     4         246         19722.4         1.30968               1      Successful search (ES-ell)        
     4         247         19713.7         1.30968               1      Successful search (ES-wcm)        
     4         251         19705.9         1.30968               1      Successful search (ES-wcm)        
     4         253         19667.2         1.30968               1      Successful search (ES-wcm)        
     4         257         19543.5         1.30968               1      Successful search (ES-wcm)        
     4         267         19431.8         1.30967               1      Successful search (ES-wcm)        
     4         297         19431.8         1.30967             0.5          Refine grid             
     5         324         19432.2         1.30778            0.25          Refine grid             
     6         352         19437.4         1.29233           0.125          Refine grid             Train
     7         370         19196.9         1.32414            0.25        Successful poll           Train
     8         398         19196.9        0.893579           0.125          Refine grid             Train
     9         399         19165.9         35.9164           0.125      Successful search (ES-wcm)        
     9         439         19165.9         35.9164          0.0625          Refine grid             
    10         440         19207.1         13.9302          0.0625      Successful search (ES-wcm)        
    10         442         19206.5         17.3537          0.0625      Successful search (ES-wcm)        
    10         443         19187.5         24.9909          0.0625      Successful search (ES-wcm)        
    10         444         19129.4         37.4567          0.0625      Successful search (ES-wcm)        
    10         445         19109.1         35.1724          0.0625      Successful search (ES-wcm)        
    10         449         19106.6         26.8482          0.0625      Successful search (ES-ell)        
    10         456         19106.6         15.2967          0.0625      Successful search (ES-wcm)        
    10         457         19103.9            16.3          0.0625      Successful search (ES-wcm)        
    10         490         19103.9            16.3         0.03125          Refine grid             
    11         491         19108.9         9.07451         0.03125      Successful search (ES-wcm)        
    11         492         19099.7         11.1859         0.03125      Successful search (ES-ell)        
    11         493         19098.2         18.5649         0.03125      Successful search (ES-ell)        
    11         531         19098.2         18.5649        0.015625          Refine grid             
    12         532         19120.3         8.82274        0.015625      Successful search (ES-wcm)        
    12         533         19116.4         10.4781        0.015625      Successful search (ES-wcm)        
    12         534         19108.3         10.9221        0.015625      Successful search (ES-wcm)        
    12         535         19102.9         12.4795        0.015625      Successful search (ES-wcm)        
    12         536         19099.2         17.2007        0.015625      Successful search (ES-wcm)        
    12         571         19099.2         17.2007       0.0078125          Refine grid             Train
    13         572         19108.4         8.72177       0.0078125      Successful search (ES-ell)        
    13         573         19100.8         10.3801       0.0078125      Successful search (ES-ell)        
    13         574         19092.8         13.1015       0.0078125      Successful search (ES-ell)        
    13         612         19092.8         13.1015      0.00390625          Refine grid             
    14         613         19101.7         7.57565      0.00390625      Successful search (ES-wcm)        
    14         615         19101.3         7.67023      0.00390625      Successful search (ES-wcm)        
    14         616           19101         8.02552      0.00390625      Successful search (ES-wcm)        
    14         617         19099.7         9.49041      0.00390625      Successful search (ES-ell)        
    14         618           19097         11.5995      0.00390625      Successful search (ES-ell)        
    14         619         19096.7         13.1714      0.00390625      Successful search (ES-wcm)        
    14         620         19087.1         13.6297      0.00390625      Successful search (ES-wcm)        
    14         653         19087.1         13.6297      0.00195312          Refine grid             
    15         654         19106.5         7.09163      0.00195312      Successful search (ES-wcm)        
    15         655         19105.9          7.2364      0.00195312      Successful search (ES-wcm)        
    15         656         19104.1         7.36354      0.00195312      Successful search (ES-wcm)        
    15         657         19101.5          7.7732      0.00195312      Successful search (ES-ell)        
    15         658         19097.6         8.70984      0.00195312      Successful search (ES-ell)        
    15         659         19090.7         9.94186      0.00195312      Successful search (ES-ell)        
    15         660         19081.7         12.4432      0.00195312      Successful search (ES-ell)        
    15         661         19078.1         17.1018      0.00195312      Successful search (ES-ell)        
    15         696         19078.1         17.1018     0.000976562          Refine grid             Train
Optimization terminated: change in the function value less than options['tol_mesh']
Estimated function value at minimum: 19100.798060255882 ± 4.843405551913102 (mean ± SEM from 100 samples)
BADS minimum at: x_min = [4.9843 8.8666 7.7812 0.1327 0.5    8.9087 0.4634 0.5045 0.098  1.9941
 0.3331], training NLL = 19100.7981
total f-count: 796, time: 33.87 min

 ------- Finish Optimization for Subject 5 ---------- 

 ------- Start Optimization for Subject 6 ---------- 

 Cross Validation fold 0/1

 -- Start Optimization: method BADS --

 Optimization Run 1/1
Initial params: [1.32, 6.965, 11.1539, 1.396, 4.8337, 21.5824, 0.5788, 0.116, 0.3612, 0.6751, 0.9231]
bads:TooCloseBounds: For each variable, hard and plausible bounds should not be too close. Moving plausible bounds.
Variables (index) internally transformed to log coordinates: [[ 0  0]
 [ 0  3]
 [ 0  8]
 [ 0  9]
 [ 0 10]]
Beginning optimization of a STOCHASTIC objective function

 Iteration    f-count      E[f(x)]        SD[f(x)]           MeshScale          Method              Actions
     0           1         29103.8             nan               1                                  
     0          27         27945.7             nan               1          Initial mesh            Initial points
     0          28         27918.6               1               1        Successful poll           Train
     1          29         27190.9         1.00001               1      Successful search (ES-wcm)        
     1          33           25804        0.999994               1      Successful search (ES-wcm)        
     1          34         24397.7               1               1      Successful search (ES-wcm)        
     1          36         24339.2        0.999985               1      Successful search (ES-wcm)        
     1          39         24256.8        0.999919               1      Successful search (ES-wcm)        
     1          42         24101.7        0.999928               1      Successful search (ES-wcm)        
     1          43         22968.5        0.999883               1      Successful search (ES-wcm)        
     1          44         20463.4        0.999982               1      Successful search (ES-wcm)        
     1          49         19969.3        0.999911               1      Successful search (ES-wcm)        
     1          57         19909.6        0.970733               1      Successful search (ES-wcm)        
     1          58         19487.9        0.970754               1      Successful search (ES-wcm)        
     1          60         19198.3        0.971027               1      Successful search (ES-wcm)        
     1          68         18977.5        0.970813               1      Successful search (ES-wcm)        
     1          69         18925.3         0.97101               1      Successful search (ES-wcm)        
     1          72         18764.2        0.970097               1      Successful search (ES-wcm)        
     1          76         18618.8         1.04324               1      Successful search (ES-wcm)        
     1          78         18455.1         1.04325               1      Successful search (ES-wcm)        
     1          81         18445.6         1.04323               1      Successful search (ES-wcm)        
     1          87         18262.5         1.04323               1      Successful search (ES-wcm)        
     1          88         18157.1         1.04324               1      Successful search (ES-wcm)        
     1          93         17920.8         1.04324               1      Successful search (ES-wcm)        
     1          94           17908         1.04324               1      Successful search (ES-wcm)        
     1          96           17888         1.04325               1      Successful search (ES-wcm)        
     1          97         17809.9         1.02805               1      Successful search (ES-wcm)        
     1         101           17757         1.02805               1      Successful search (ES-wcm)        
     1         103         17664.8         1.02805               1      Successful search (ES-ell)        
     1         129         17664.8         1.02805             0.5          Refine grid             Train
     2         130         17609.5         1.15158             0.5      Successful search (ES-ell)        
     2         135         17577.1         1.15155             0.5      Successful search (ES-wcm)        
     2         150         17576.7        0.476585             0.5      Successful search (ES-wcm)        
     2         151         17551.9        0.476597             0.5      Successful search (ES-ell)        
     2         178         17551.9        0.476597            0.25          Refine grid             Train
     3         187         17544.1        0.952156            0.25      Successful search (ES-ell)        
     3         190         17486.6         32.4505            0.25      Successful search (ES-ell)        
     3         228         17486.6         32.4505           0.125          Refine grid             
     4         229         17502.4          17.028           0.125      Successful search (ES-ell)        
     4         232         17490.3         14.0587           0.125      Successful search (ES-ell)        
     4         233         17467.5         19.2777           0.125      Successful search (ES-ell)        
     4         235         17462.4         19.1514           0.125      Successful search (ES-ell)        
     4         236         17454.3          26.412           0.125      Successful search (ES-ell)        
     4         269         17454.3          26.412          0.0625          Refine grid             
     5         270           17437          11.436          0.0625      Successful search (ES-ell)        
     5         271         17427.9         15.1642          0.0625      Successful search (ES-ell)        
     5         272         17417.5          23.889          0.0625      Successful search (ES-wcm)        
     5         274         17415.7         22.7782          0.0625      Successful search (ES-wcm)        
     5         275         17408.8         27.7904          0.0625      Successful search (ES-wcm)        
     5         278         17408.6         23.9069          0.0625      Successful search (ES-wcm)        
     5         280         17384.6         20.4225          0.0625      Successful search (ES-wcm)        
     5         301           17381         21.3905           0.125        Successful poll           Train
     6         303         17374.8         18.9131           0.125      Successful search (ES-wcm)        
     6         305         17356.1         16.8648           0.125      Successful search (ES-ell)        
     6         306         17343.5         23.5085           0.125      Successful search (ES-ell)        
     6         313           17343         20.0299           0.125      Successful search (ES-ell)        
     6         314           17328         31.0438           0.125      Successful search (ES-ell)        
     6         353           17328         31.0438          0.0625          Refine grid             
     7         354         17334.1         11.6752          0.0625      Successful search (ES-ell)        
     7         355         17313.4         16.8847          0.0625      Successful search (ES-ell)        
     7         356         17290.6         23.1807          0.0625      Successful search (ES-ell)        
     7         395         17290.6         23.1807         0.03125          Refine grid             
     8         396         17315.4         6.14995         0.03125      Successful search (ES-ell)        
     8         397           17312         7.13579         0.03125      Successful search (ES-ell)        
     8         398         17308.4         9.24835         0.03125      Successful search (ES-ell)        
     8         399         17301.5         12.1552         0.03125      Successful search (ES-ell)        
     8         437         17301.5         12.1552        0.015625          Refine grid             
     9         438         17321.8         6.10342        0.015625      Successful search (ES-ell)        
     9         439         17319.4         6.52753        0.015625      Successful search (ES-wcm)        
     9         440         17316.6         7.16317        0.015625      Successful search (ES-wcm)        
     9         441         17309.3         8.84726        0.015625      Successful search (ES-wcm)        
     9         442         17307.5         12.2581        0.015625      Successful search (ES-wcm)        
     9         443         17299.2         14.5211        0.015625      Successful search (ES-ell)        
     9         444         17297.4         19.4087        0.015625      Successful search (ES-ell)        
     9         479         17297.4         19.4087       0.0078125          Refine grid             Train
    10         480         17318.2         6.21638       0.0078125      Successful search (ES-ell)        
    10         481           17314         6.93379       0.0078125      Successful search (ES-ell)        
    10         522           17314         6.93379      0.00390625          Refine grid             
    11         523         17317.7         5.99492      0.00390625      Successful search (ES-wcm)        
    11         524         17317.4          5.9439      0.00390625      Successful search (ES-wcm)        
    11         564         17312.9         6.15426       0.0078125        Successful poll           
    12         565           17322         4.64714       0.0078125      Successful search (ES-ell)        
    12         566           17319         4.86102       0.0078125      Successful search (ES-ell)        
    12         567         17313.3         5.52035       0.0078125      Successful search (ES-ell)        
    12         568         17307.3         7.28766       0.0078125      Successful search (ES-ell)        
    12         569         17304.1         10.9945       0.0078125      Successful search (ES-ell)        
    12         570         17296.1            14.1       0.0078125      Successful search (ES-ell)        
    12         571         17290.8         18.0491       0.0078125      Successful search (ES-ell)        
    12         606         17290.8         18.0491      0.00390625          Refine grid             
    13         607         17323.6         5.29531      0.00390625      Successful search (ES-ell)        
    13         608           17320         5.86795      0.00390625      Successful search (ES-ell)        
    13         609         17318.6         6.84921      0.00390625      Successful search (ES-ell)        
    13         610         17313.6         8.58672      0.00390625      Successful search (ES-ell)        
    13         611         17310.4         11.3592      0.00390625      Successful search (ES-ell)        
    13         612         17300.3          14.854      0.00390625      Successful search (ES-ell)        
    13         613         17288.1         18.9187      0.00390625      Successful search (ES-ell)        
    13         649         17288.1         18.9187      0.00195312          Refine grid             Train
    14         682         17323.7           5.161     0.000976562          Refine grid             Train
Optimization terminated: change in the function value less than options['tol_mesh']
Estimated function value at minimum: 17327.525822349005 ± 4.545906778007215 (mean ± SEM from 100 samples)
BADS minimum at: x_min = [ 3.7819e+00  3.7826e+00  4.2836e+00  5.0000e-04 -3.4130e-01  5.5906e+00
  4.9690e-01  5.9130e-01  1.3000e-03  1.2679e+00  2.3560e-01], training NLL = 17327.5258
total f-count: 782, time: 33.31 min

 ------- Finish Optimization for Subject 6 ---------- 

 ------- Start Optimization for Subject 11 ---------- 

 Cross Validation fold 0/1

 -- Start Optimization: method BADS --

 Optimization Run 1/1
Initial params: [0.9013, 7.0507, 8.0018, 6.2162, 3.7901, 29.345, 0.5981, 0.1029, 0.1269, 0.2751, 0.2379]
bads:TooCloseBounds: For each variable, hard and plausible bounds should not be too close. Moving plausible bounds.
Variables (index) internally transformed to log coordinates: [[ 0  0]
 [ 0  3]
 [ 0  8]
 [ 0  9]
 [ 0 10]]
Beginning optimization of a STOCHASTIC objective function

 Iteration    f-count      E[f(x)]        SD[f(x)]           MeshScale          Method              Actions
     0           1         31137.6             nan               1                                  
     0          27         29947.7             nan               1          Initial mesh            Initial points
     0          30         28648.7        0.999844               1        Successful poll           Train
     1          31         26647.4        0.999852               1      Successful search (ES-wcm)        
     1          32         25624.6        0.999834               1      Successful search (ES-wcm)        
     1          34         25222.7        0.999776               1      Successful search (ES-wcm)        
     1          36         24962.6        0.999802               1      Successful search (ES-wcm)        
     1          40         24578.3        0.999677               1      Successful search (ES-wcm)        
     1          43         24431.9        0.999482               1      Successful search (ES-wcm)        
     1          50         24431.8        0.978425               1      Incremental search (ES-wcm)        
     1          54         24341.3         1.01181               1      Successful search (ES-wcm)        
     1          59         23636.7         1.01185               1      Successful search (ES-wcm)        
     1          60         22912.2         1.01185               1      Successful search (ES-wcm)        
     1          61         22752.9         1.01186               1      Successful search (ES-wcm)        
     1          65         22324.3         1.01186               1      Successful search (ES-wcm)        
     1          71         22323.2         1.01169               1      Successful search (ES-wcm)        
     1          76         22219.6         0.99785               1      Successful search (ES-wcm)        
     1          80         22064.3        0.997841               1      Successful search (ES-wcm)        
     1          81         22063.5        0.997851               1      Incremental search (ES-wcm)        
     1          89         21916.3        0.997836               1      Successful search (ES-ell)        
     1          92         21786.2        0.997806               1      Successful search (ES-ell)        
     1          93         21674.5        0.997834               1      Successful search (ES-ell)        
     1          95         21674.1        0.997838               1      Incremental search (ES-ell)        
     1          97         21553.5         1.00361               1      Successful search (ES-ell)        
     1         103         21304.7         1.00354               1      Successful search (ES-ell)        
     1         106         21234.5         1.00337               1      Successful search (ES-ell)        
     1         107         21083.3         1.00347               1      Successful search (ES-ell)        
     1         134         21075.1         1.11197               1        Successful poll           Train
     2         141         21036.2         1.11196               1      Successful search (ES-wcm)        
     2         142         20920.4           1.112               1      Successful search (ES-wcm)        
     2         144         20836.5          1.1023               1      Successful search (ES-wcm)        
     2         145           20784          1.1023               1      Successful search (ES-wcm)        
     2         148         20747.1          1.1023               1      Successful search (ES-wcm)        
     2         149         20742.7          1.1023               1      Successful search (ES-wcm)        
     2         152         20545.1          1.1023               1      Successful search (ES-wcm)        
     2         157         20348.9          1.1023               1      Successful search (ES-wcm)        
     2         165         20259.4         1.10226               1      Successful search (ES-wcm)        
     2         171         20194.6         1.10751               1      Successful search (ES-wcm)        
     2         176         20187.2         1.10748               1      Successful search (ES-wcm)        
     2         183         20098.9         1.10751               1      Successful search (ES-wcm)        
     2         186         19936.6         1.10752               1      Successful search (ES-wcm)        
     2         198         19842.7         1.12695               1      Successful search (ES-wcm)        
     2         199         19749.5         1.12695               1      Successful search (ES-wcm)        
     2         209           19748         1.12687               1      Successful search (ES-wcm)        
     2         211         19622.7         1.12696               1      Successful search (ES-wcm)        
     2         213         19589.4         1.12696               1      Successful search (ES-wcm)        
     2         219         19531.6         1.12695               1      Successful search (ES-wcm)        
     2         220           19509         1.12693               1      Successful search (ES-wcm)        
     2         226         19476.6         1.12696               1      Successful search (ES-wcm)        
     2         228         19432.4         1.12695               1      Successful search (ES-wcm)        
     2         230         19392.2         1.12692               1      Successful search (ES-wcm)        
     2         263         19392.2         1.12692             0.5          Refine grid             Train
     3         294         19393.3          1.4639            0.25          Refine grid             Train
     4         295         19387.9         29.1125            0.25      Successful search (ES-wcm)        
     4         296         19311.7         40.9358            0.25      Successful search (ES-wcm)        
     4         336         19311.7         40.9358           0.125          Refine grid             Train
     5         337         19364.3         10.9844           0.125      Successful search (ES-wcm)        
     5         338         19312.5         24.7361           0.125      Successful search (ES-wcm)        
     5         339         19307.2         49.4221           0.125      Successful search (ES-wcm)        
     5         340         19274.5         54.3566           0.125      Successful search (ES-ell)        
     5         342         19139.3         50.4899           0.125      Successful search (ES-wcm)        
     5         344         19125.8         43.8717           0.125      Successful search (ES-wcm)        
     5         346         19064.7         53.1366           0.125      Successful search (ES-wcm)        
     5         349         19052.1         38.2313           0.125      Successful search (ES-wcm)        
     5         350         19031.2         38.1007           0.125      Successful search (ES-wcm)        
     5         390         19031.2         38.1007          0.0625          Refine grid             Train
     6         391         19083.2         12.2537          0.0625      Successful search (ES-wcm)        
     6         402         19057.6         14.0089          0.0625      Successful search (ES-ell)        
     6         403         19020.8         26.1917          0.0625      Successful search (ES-ell)        
     6         404         18986.8         36.4421          0.0625      Successful search (ES-ell)        
     6         406         18960.3         33.5289          0.0625      Successful search (ES-ell)        
     6         409         18937.6           26.86          0.0625      Successful search (ES-ell)        
     6         411         18928.2         26.4865          0.0625      Successful search (ES-ell)        
     6         445         18928.2         26.4865         0.03125          Refine grid             
     7         447         18932.9         8.84977         0.03125      Successful search (ES-ell)        
     7         448         18926.7         9.89963         0.03125      Successful search (ES-ell)        
     7         449         18924.6         14.5074         0.03125      Successful search (ES-ell)        
     7         451         18921.6         17.6711         0.03125      Successful search (ES-ell)        
     7         452           18911         23.8498         0.03125      Successful search (ES-ell)        
     7         454         18897.2         23.8426         0.03125      Successful search (ES-ell)        
     7         457         18892.8          18.966         0.03125      Successful search (ES-ell)        
     7         500         18892.8          18.966        0.015625          Refine grid             
     8         501           18907         7.19779        0.015625      Successful search (ES-ell)        
     8         502         18905.1         7.64958        0.015625      Successful search (ES-ell)        
     8         503         18902.1         9.24898        0.015625      Successful search (ES-ell)        
     8         504         18893.1         12.4094        0.015625      Successful search (ES-ell)        
     8         505         18865.5         16.4014        0.015625      Successful search (ES-ell)        
     8         506         18850.5         22.2656        0.015625      Successful search (ES-ell)        
     8         544         18850.5         22.2656       0.0078125          Refine grid             
     9         545         18907.3         6.29178       0.0078125      Successful search (ES-wcm)        
     9         546         18905.5         6.32012       0.0078125      Successful search (ES-wcm)        
     9         547         18903.5         6.36203       0.0078125      Successful search (ES-wcm)        
     9         548         18902.5         6.67161       0.0078125      Successful search (ES-wcm)        
     9         550           18902         7.08161       0.0078125      Successful search (ES-wcm)        
     9         553         18901.2         7.91696       0.0078125      Successful search (ES-ell)        
     9         554         18895.1         10.5859       0.0078125      Successful search (ES-ell)        
     9         555         18891.5          15.435       0.0078125      Successful search (ES-ell)        
     9         556         18891.1         15.7391       0.0078125      Successful search (ES-ell)        
     9         568         18890.5         9.75181       0.0078125      Successful search (ES-ell)        
     9         569         18886.1           10.46       0.0078125      Successful search (ES-ell)        
     9         570         18879.9         11.9679       0.0078125      Successful search (ES-ell)        
     9         571           18870         14.5091       0.0078125      Successful search (ES-ell)        
     9         572           18857         17.3491       0.0078125      Successful search (ES-ell)        
     9         573         18839.8         21.2487       0.0078125      Successful search (ES-ell)        
     9         574           18824         25.9593       0.0078125      Successful search (ES-ell)        
     9         610           18824         25.9593      0.00390625          Refine grid             
    10         611         18878.4         7.39887      0.00390625      Successful search (ES-ell)        
    10         654         18878.4         7.39887      0.00195312          Refine grid             
    11         658         18890.7         5.19224      0.00195312      Successful search (ES-ell)        
    11         659         18889.6         5.19913      0.00195312      Successful search (ES-ell)        
    11         660           18889         5.22811      0.00195312      Successful search (ES-ell)        
    11         661         18888.9         5.37866      0.00195312      Successful search (ES-ell)        
    11         662         18888.1         5.71498      0.00195312      Successful search (ES-ell)        
    11         663           18886         6.19369      0.00195312      Successful search (ES-ell)        
    11         664           18884         7.35875      0.00195312      Successful search (ES-ell)        
    11         670         18881.6         7.61243      0.00195312      Successful search (ES-ell)        
    11         709         18881.6         7.61243     0.000976562          Refine grid             
Optimization terminated: change in the function value less than options['tol_mesh']
Estimated function value at minimum: 18896.76897494283 ± 4.977824378800541 (mean ± SEM from 100 samples)
BADS minimum at: x_min = [ 3.30450e+00  7.21520e+00  6.18870e+00  1.43000e-02 -3.06000e-02
  2.06849e+01  3.23000e-01  4.38100e-01  3.26400e-01  1.48380e+00
  2.72000e-01], training NLL = 18896.769
total f-count: 809, time: 34.75 min

 ------- Finish Optimization for Subject 11 ---------- 

 ------- Start Optimization for Subject 15 ---------- 

 Cross Validation fold 0/1

 -- Start Optimization: method BADS --

 Optimization Run 1/1
Initial params: [1.7662, 3.5875, 3.9511, 8.0518, -3.2159, 9.6764, 0.5274, 0.1932, 0.1509, 0.5026, 0.4885]
bads:TooCloseBounds: For each variable, hard and plausible bounds should not be too close. Moving plausible bounds.
Variables (index) internally transformed to log coordinates: [[ 0  0]
 [ 0  3]
 [ 0  8]
 [ 0  9]
 [ 0 10]]
Beginning optimization of a STOCHASTIC objective function

 Iteration    f-count      E[f(x)]        SD[f(x)]           MeshScale          Method              Actions
     0           1         29583.4             nan               1                                  
     0          27         28453.3             nan               1          Initial mesh            Initial points
     0          39         28162.4        0.999933               1        Successful poll           Train
     1          40         22858.7         0.99993               1      Successful search (ES-wcm)        
     1          41         19390.8        0.999931               1      Successful search (ES-wcm)        
     1          42         18947.1        0.999902               1      Successful search (ES-wcm)        
     1          52         18462.5         1.01671               1      Successful search (ES-wcm)        
     1          53         18451.1         1.01675               1      Successful search (ES-wcm)        
     1          54           17799         1.01677               1      Successful search (ES-ell)        
     1          57         17774.4         1.01677               1      Successful search (ES-wcm)        
     1          61         17714.6         1.01651               1      Successful search (ES-ell)        
     1          66           17678         1.01494               1      Successful search (ES-ell)        
     1          68         17551.3         1.01613               1      Successful search (ES-wcm)        
     1          72         17526.7        0.980602               1      Successful search (ES-wcm)        
     1          75         17440.4        0.503432               1      Successful search (ES-wcm)        
     1          83         17391.2        0.503182               1      Successful search (ES-wcm)        
     1         110         17391.2        0.503182             0.5          Refine grid             Train
     2         111         17816.7         0.57646             0.5      Successful search (ES-wcm)        
     2         119         17743.8        0.575286             0.5      Successful search (ES-ell)        
     2         123         17646.2        0.960867             0.5      Successful search (ES-wcm)        
     2         125         17516.2        0.960866             0.5      Successful search (ES-wcm)        
     2         127         17412.2        0.960862             0.5      Successful search (ES-ell)        
     2         128         17376.5        0.960858             0.5      Successful search (ES-ell)        
     2         130         17322.1        0.960867             0.5      Successful search (ES-wcm)        
     2         132         17283.2        0.960867             0.5      Successful search (ES-wcm)        
     2         136         17189.2        0.960865             0.5      Successful search (ES-wcm)        
     2         169         17189.2        0.960865            0.25          Refine grid             Train
     3         170         17221.8         20.5546            0.25      Successful search (ES-wcm)        
     3         171         17197.5         30.7794            0.25      Successful search (ES-wcm)        
     3         182         17195.6         14.7967            0.25      Successful search (ES-wcm)        
     3         183         17161.2          25.437            0.25      Successful search (ES-wcm)        
     3         185           17153         30.1699            0.25      Successful search (ES-wcm)        
     3         187         17146.1         25.9347            0.25      Successful search (ES-wcm)        
     3         189         17128.9         21.9011            0.25      Successful search (ES-wcm)        
     3         194         17125.1         15.9376            0.25      Successful search (ES-wcm)        
     3         196         17112.8          17.889            0.25      Successful search (ES-wcm)        
     3         197         17105.7         24.5108            0.25      Successful search (ES-wcm)        
     3         198         17097.5         30.1818            0.25      Successful search (ES-wcm)        
     3         231         17097.5         30.1818           0.125          Refine grid             
     4         232           17088         11.5718           0.125      Successful search (ES-wcm)        
     4         233           17080         18.0545           0.125      Successful search (ES-wcm)        
     4         270         17078.6         12.1817            0.25        Successful poll           
     5         271         17059.9         16.2908            0.25      Successful search (ES-ell)        
     5         310         17059.9         16.2908           0.125          Refine grid             Train
     6         311         17065.8         12.1589           0.125      Successful search (ES-wcm)        
     6         351         17065.8         12.1589          0.0625          Refine grid             
     7         352         17068.5         6.50086          0.0625      Successful search (ES-ell)        
     7         358         17067.1         5.69479          0.0625      Successful search (ES-ell)        
     7         359           17063         5.85684          0.0625      Successful search (ES-ell)        
     7         360         17059.1           6.279          0.0625      Successful search (ES-ell)        
     7         361         17050.1         7.30755          0.0625      Successful search (ES-ell)        
     7         362         17045.2         9.32766          0.0625      Successful search (ES-ell)        
     7         363         17041.7         10.6314          0.0625      Successful search (ES-ell)        
     7         364           17038         14.7082          0.0625      Successful search (ES-wcm)        
